=== INTEGRATION-X V001 compile 2026-09-27T03:19:02Z ===
ASCEND_HOME_PATH=/usr/local/Ascend/ascend-toolkit/8.5.0.alpha002
SOC: Ascend910B3 arch dav-2201
SOURCE_SHA=52f3a329703e5ea17dda12ea275911b9354ce25d6e50fd60ed981fe075a0da12
--- cmake configure ---
CMake Warning at /usr/local/Ascend/ascend-toolkit/8.5.0.alpha002/aarch64-linux/tikcpp/ascendc_kernel_cmake/ASC_CMake/CMakeDetermineASCCompiler.cmake:7 (message):
  ASCEND_CANN_PACKAGE_PATH is not set.  Set to env variable ASCEND_HOME_PATH.
Call Stack (most recent call first):
  CMakeLists.txt:11 (project)


-- CMAKE_ASC_COMPILER: /usr/local/Ascend/ascend-toolkit/latest/toolkit/tools/ccec_compiler/bin/bisheng
CMake Warning at /usr/local/Ascend/ascend-toolkit/8.5.0.alpha002/aarch64-linux/tikcpp/ascendc_kernel_cmake/ASC_CMake/CMakeDetermineASCCompiler.cmake:47 (message):
  CMAKE_BUILD_TYPE is not set.  Set to default value Release.
Call Stack (most recent call first):
  CMakeLists.txt:11 (project)


CMake Warning at /usr/local/Ascend/ascend-toolkit/8.5.0.alpha002/aarch64-linux/tikcpp/ascendc_kernel_cmake/ASC_CMake/CMakeDetermineASCCompiler.cmake:57 (message):
  CMAKE_INSTALL_PREFIX is not set.  Set to default value
  /home/data4t2/lelinfeng/phase4-workspaces/INTEGRATION-X/out.
Call Stack (most recent call first):
  CMakeLists.txt:11 (project)


-- SOC_VERSION: Ascend910B3
-- CMAKE_BUILD_TYPE: Release
-- CMAKE_INSTALL_PREFIX: /home/data4t2/lelinfeng/phase4-workspaces/INTEGRATION-X/out
-- ASCEND_CANN_PACKAGE_PATH: /usr/local/Ascend/ascend-toolkit/8.5.0.alpha002
-- CMAKE_ASC_LLD_LINKER: /usr/local/Ascend/ascend-toolkit/8.5.0.alpha002/tools/ccec_compiler/bin/ld.lld
-- The CXX compiler identification is GNU 11.4.0
-- Detecting CXX compiler ABI info
-- Detecting CXX compiler ABI info - done
-- Check for working CXX compiler: /usr/bin/c++ - skipped
-- Detecting CXX compile features
-- Detecting CXX compile features - done
-- Configuring done
-- Generating done
CMake Warning:
  Manually-specified variables were not used by the project:

    ASC_DIR
    CMAKE_C_FLAGS


-- Build files have been written to: /home/data4t2/lelinfeng/phase4-workspaces/INTEGRATION-X/build
CMAKE_RC=0
--- compile submission object ---
[100%] Building ASC object CMakeFiles/ix_v001_submission.dir/submission_shim.asc.o
[100%] Built target ix_v001_submission
OBJ_RC=0
--- link target ix_full_link ---
[ 50%] Building ASC object CMakeFiles/ix_full_link.dir/main.asc.o
[100%] Linking ASC executable ix_full_link
[100%] Built target ix_full_link
LINK_RC=0
EXECUTABLE_SHA=63ac10082a04451716ac7977951730624675410c9d1ac67e28848dbc25943e30
EXECUTABLE_BYTES=469808
--- build correctness probes ---
[ 50%] Building ASC object CMakeFiles/ix_parent_probe.dir/runner_parent.asc.o
In file included from /home/data4t2/lelinfeng/phase4-workspaces/INTEGRATION-X/runner_parent.asc:2:
/home/data4t2/lelinfeng/phase4-workspaces/INTEGRATION-X/runner_main.inc:162:21: warning: 'cce_global' attribute ignored when parsing type [-Wignored-attributes]
        run_kernel((GM_ADDR)deviceX, infoX, (GM_ADDR)deviceR, infoR,
                    ^~~~~~~
/usr/local/Ascend/ascend-toolkit/8.5.0.alpha002/compiler/tikcpp/tikcfw/impl/utils/kernel_utils_macros.h:18:17: note: expanded from macro 'GM_ADDR'
#define GM_ADDR __gm__ uint8_t*
                ^~~~~~
/usr/local/Ascend/ascend-toolkit/8.5.0.alpha002/aarch64-linux/ccec_compiler/lib/clang/15.0.5/include/__clang_cce_defines.h:47:31: note: expanded from macro '__gm__'
#define __gm__ __attribute__((cce_global))
                              ^~~~~~~~~~
In file included from /home/data4t2/lelinfeng/phase4-workspaces/INTEGRATION-X/runner_parent.asc:2:
/home/data4t2/lelinfeng/phase4-workspaces/INTEGRATION-X/runner_main.inc:162:46: warning: 'cce_global' attribute ignored when parsing type [-Wignored-attributes]
        run_kernel((GM_ADDR)deviceX, infoX, (GM_ADDR)deviceR, infoR,
                                             ^~~~~~~
/usr/local/Ascend/ascend-toolkit/8.5.0.alpha002/compiler/tikcpp/tikcfw/impl/utils/kernel_utils_macros.h:18:17: note: expanded from macro 'GM_ADDR'
#define GM_ADDR __gm__ uint8_t*
                ^~~~~~
/usr/local/Ascend/ascend-toolkit/8.5.0.alpha002/aarch64-linux/ccec_compiler/lib/clang/15.0.5/include/__clang_cce_defines.h:47:31: note: expanded from macro '__gm__'
#define __gm__ __attribute__((cce_global))
                              ^~~~~~~~~~
In file included from /home/data4t2/lelinfeng/phase4-workspaces/INTEGRATION-X/runner_parent.asc:2:
/home/data4t2/lelinfeng/phase4-workspaces/INTEGRATION-X/runner_main.inc:163:21: warning: 'cce_global' attribute ignored when parsing type [-Wignored-attributes]
                   (GM_ADDR)deviceG, infoG, (GM_ADDR)deviceB, infoB,
                    ^~~~~~~
/usr/local/Ascend/ascend-toolkit/8.5.0.alpha002/compiler/tikcpp/tikcfw/impl/utils/kernel_utils_macros.h:18:17: note: expanded from macro 'GM_ADDR'
#define GM_ADDR __gm__ uint8_t*
                ^~~~~~
/usr/local/Ascend/ascend-toolkit/8.5.0.alpha002/aarch64-linux/ccec_compiler/lib/clang/15.0.5/include/__clang_cce_defines.h:47:31: note: expanded from macro '__gm__'
#define __gm__ __attribute__((cce_global))
                              ^~~~~~~~~~
In file included from /home/data4t2/lelinfeng/phase4-workspaces/INTEGRATION-X/runner_parent.asc:2:
/home/data4t2/lelinfeng/phase4-workspaces/INTEGRATION-X/runner_main.inc:163:46: warning: 'cce_global' attribute ignored when parsing type [-Wignored-attributes]
                   (GM_ADDR)deviceG, infoG, (GM_ADDR)deviceB, infoB,
                                             ^~~~~~~
/usr/local/Ascend/ascend-toolkit/8.5.0.alpha002/compiler/tikcpp/tikcfw/impl/utils/kernel_utils_macros.h:18:17: note: expanded from macro 'GM_ADDR'
#define GM_ADDR __gm__ uint8_t*
                ^~~~~~
/usr/local/Ascend/ascend-toolkit/8.5.0.alpha002/aarch64-linux/ccec_compiler/lib/clang/15.0.5/include/__clang_cce_defines.h:47:31: note: expanded from macro '__gm__'
#define __gm__ __attribute__((cce_global))
                              ^~~~~~~~~~
In file included from /home/data4t2/lelinfeng/phase4-workspaces/INTEGRATION-X/runner_parent.asc:2:
/home/data4t2/lelinfeng/phase4-workspaces/INTEGRATION-X/runner_main.inc:164:21: warning: 'cce_global' attribute ignored when parsing type [-Wignored-attributes]
                   (GM_ADDR)deviceOut, infoO, availableCoreNum, stream, kEpsilon);
                    ^~~~~~~
/usr/local/Ascend/ascend-toolkit/8.5.0.alpha002/compiler/tikcpp/tikcfw/impl/utils/kernel_utils_macros.h:18:17: note: expanded from macro 'GM_ADDR'
#define GM_ADDR __gm__ uint8_t*
                ^~~~~~
/usr/local/Ascend/ascend-toolkit/8.5.0.alpha002/aarch64-linux/ccec_compiler/lib/clang/15.0.5/include/__clang_cce_defines.h:47:31: note: expanded from macro '__gm__'
#define __gm__ __attribute__((cce_global))
                              ^~~~~~~~~~
5 warnings generated.
In file included from /home/data4t2/lelinfeng/phase4-workspaces/INTEGRATION-X/runner_parent.asc:2:
/home/data4t2/lelinfeng/phase4-workspaces/INTEGRATION-X/runner_main.inc:162:21: warning: 'cce_global' attribute ignored when parsing type [-Wignored-attributes]
/usr/local/Ascend/ascend-toolkit/8.5.0.alpha002/compiler/tikcpp/tikcfw/impl/utils/kernel_utils_macros.h:18:17: note: expanded from macro 'GM_ADDR'
/usr/local/Ascend/ascend-toolkit/8.5.0.alpha002/aarch64-linux/ccec_compiler/lib/clang/15.0.5/include/__clang_cce_defines.h:47:31: note: expanded from macro '__gm__'
In file included from /home/data4t2/lelinfeng/phase4-workspaces/INTEGRATION-X/runner_parent.asc:2:
/home/data4t2/lelinfeng/phase4-workspaces/INTEGRATION-X/runner_main.inc:162:46: warning: 'cce_global' attribute ignored when parsing type [-Wignored-attributes]
/usr/local/Ascend/ascend-toolkit/8.5.0.alpha002/compiler/tikcpp/tikcfw/impl/utils/kernel_utils_macros.h:18:17: note: expanded from macro 'GM_ADDR'
/usr/local/Ascend/ascend-toolkit/8.5.0.alpha002/aarch64-linux/ccec_compiler/lib/clang/15.0.5/include/__clang_cce_defines.h:47:31: note: expanded from macro '__gm__'
In file included from /home/data4t2/lelinfeng/phase4-workspaces/INTEGRATION-X/runner_parent.asc:2:
/home/data4t2/lelinfeng/phase4-workspaces/INTEGRATION-X/runner_main.inc:163:21: warning: 'cce_global' attribute ignored when parsing type [-Wignored-attributes]
/usr/local/Ascend/ascend-toolkit/8.5.0.alpha002/compiler/tikcpp/tikcfw/impl/utils/kernel_utils_macros.h:18:17: note: expanded from macro 'GM_ADDR'
/usr/local/Ascend/ascend-toolkit/8.5.0.alpha002/aarch64-linux/ccec_compiler/lib/clang/15.0.5/include/__clang_cce_defines.h:47:31: note: expanded from macro '__gm__'
In file included from /home/data4t2/lelinfeng/phase4-workspaces/INTEGRATION-X/runner_parent.asc:2:
/home/data4t2/lelinfeng/phase4-workspaces/INTEGRATION-X/runner_main.inc:163:46: warning: 'cce_global' attribute ignored when parsing type [-Wignored-attributes]
/usr/local/Ascend/ascend-toolkit/8.5.0.alpha002/compiler/tikcpp/tikcfw/impl/utils/kernel_utils_macros.h:18:17: note: expanded from macro 'GM_ADDR'
/usr/local/Ascend/ascend-toolkit/8.5.0.alpha002/aarch64-linux/ccec_compiler/lib/clang/15.0.5/include/__clang_cce_defines.h:47:31: note: expanded from macro '__gm__'
In file included from /home/data4t2/lelinfeng/phase4-workspaces/INTEGRATION-X/runner_parent.asc:2:
/home/data4t2/lelinfeng/phase4-workspaces/INTEGRATION-X/runner_main.inc:164:21: warning: 'cce_global' attribute ignored when parsing type [-Wignored-attributes]
/usr/local/Ascend/ascend-toolkit/8.5.0.alpha002/compiler/tikcpp/tikcfw/impl/utils/kernel_utils_macros.h:18:17: note: expanded from macro 'GM_ADDR'
/usr/local/Ascend/ascend-toolkit/8.5.0.alpha002/aarch64-linux/ccec_compiler/lib/clang/15.0.5/include/__clang_cce_defines.h:47:31: note: expanded from macro '__gm__'
5 warnings generated.
Warning: please refer to the above warning message. 
Warning: please refer to the above warning message. 
Warning: please refer to the above warning message. 
Warning: please refer to the above warning message. 
Warning: please refer to the above warning message. 
Warning: please refer to the above warning message. 
Warning: please refer to the above warning message. 
Warning: please refer to the above warning message. 
Warning: please refer to the above warning message. 
Warning: please refer to the above warning message. 
Warning: please refer to the above warning message. 
Warning: please refer to the above warning message. 
Warning: please refer to the above warning message. 
Warning: please refer to the above warning message. 
Warning: please refer to the above warning message. 
[100%] Linking ASC executable ix_parent_probe
[100%] Built target ix_parent_probe
[ 50%] Building ASC object CMakeFiles/ix_candidate_probe.dir/runner_candidate.asc.o
In file included from /home/data4t2/lelinfeng/phase4-workspaces/INTEGRATION-X/runner_candidate.asc:2:
/home/data4t2/lelinfeng/phase4-workspaces/INTEGRATION-X/runner_main.inc:162:21: warning: 'cce_global' attribute ignored when parsing type [-Wignored-attributes]
        run_kernel((GM_ADDR)deviceX, infoX, (GM_ADDR)deviceR, infoR,
                    ^~~~~~~
/usr/local/Ascend/ascend-toolkit/8.5.0.alpha002/compiler/tikcpp/tikcfw/impl/utils/kernel_utils_macros.h:18:17: note: expanded from macro 'GM_ADDR'
#define GM_ADDR __gm__ uint8_t*
                ^~~~~~
/usr/local/Ascend/ascend-toolkit/8.5.0.alpha002/aarch64-linux/ccec_compiler/lib/clang/15.0.5/include/__clang_cce_defines.h:47:31: note: expanded from macro '__gm__'
#define __gm__ __attribute__((cce_global))
                              ^~~~~~~~~~
In file included from /home/data4t2/lelinfeng/phase4-workspaces/INTEGRATION-X/runner_candidate.asc:2:
/home/data4t2/lelinfeng/phase4-workspaces/INTEGRATION-X/runner_main.inc:162:46: warning: 'cce_global' attribute ignored when parsing type [-Wignored-attributes]
        run_kernel((GM_ADDR)deviceX, infoX, (GM_ADDR)deviceR, infoR,
                                             ^~~~~~~
/usr/local/Ascend/ascend-toolkit/8.5.0.alpha002/compiler/tikcpp/tikcfw/impl/utils/kernel_utils_macros.h:18:17: note: expanded from macro 'GM_ADDR'
#define GM_ADDR __gm__ uint8_t*
                ^~~~~~
/usr/local/Ascend/ascend-toolkit/8.5.0.alpha002/aarch64-linux/ccec_compiler/lib/clang/15.0.5/include/__clang_cce_defines.h:47:31: note: expanded from macro '__gm__'
#define __gm__ __attribute__((cce_global))
                              ^~~~~~~~~~
In file included from /home/data4t2/lelinfeng/phase4-workspaces/INTEGRATION-X/runner_candidate.asc:2:
/home/data4t2/lelinfeng/phase4-workspaces/INTEGRATION-X/runner_main.inc:163:21: warning: 'cce_global' attribute ignored when parsing type [-Wignored-attributes]
                   (GM_ADDR)deviceG, infoG, (GM_ADDR)deviceB, infoB,
                    ^~~~~~~
/usr/local/Ascend/ascend-toolkit/8.5.0.alpha002/compiler/tikcpp/tikcfw/impl/utils/kernel_utils_macros.h:18:17: note: expanded from macro 'GM_ADDR'
#define GM_ADDR __gm__ uint8_t*
                ^~~~~~
/usr/local/Ascend/ascend-toolkit/8.5.0.alpha002/aarch64-linux/ccec_compiler/lib/clang/15.0.5/include/__clang_cce_defines.h:47:31: note: expanded from macro '__gm__'
#define __gm__ __attribute__((cce_global))
                              ^~~~~~~~~~
In file included from /home/data4t2/lelinfeng/phase4-workspaces/INTEGRATION-X/runner_candidate.asc:2:
/home/data4t2/lelinfeng/phase4-workspaces/INTEGRATION-X/runner_main.inc:163:46: warning: 'cce_global' attribute ignored when parsing type [-Wignored-attributes]
                   (GM_ADDR)deviceG, infoG, (GM_ADDR)deviceB, infoB,
                                             ^~~~~~~
/usr/local/Ascend/ascend-toolkit/8.5.0.alpha002/compiler/tikcpp/tikcfw/impl/utils/kernel_utils_macros.h:18:17: note: expanded from macro 'GM_ADDR'
#define GM_ADDR __gm__ uint8_t*
                ^~~~~~
/usr/local/Ascend/ascend-toolkit/8.5.0.alpha002/aarch64-linux/ccec_compiler/lib/clang/15.0.5/include/__clang_cce_defines.h:47:31: note: expanded from macro '__gm__'
#define __gm__ __attribute__((cce_global))
                              ^~~~~~~~~~
In file included from /home/data4t2/lelinfeng/phase4-workspaces/INTEGRATION-X/runner_candidate.asc:2:
/home/data4t2/lelinfeng/phase4-workspaces/INTEGRATION-X/runner_main.inc:164:21: warning: 'cce_global' attribute ignored when parsing type [-Wignored-attributes]
                   (GM_ADDR)deviceOut, infoO, availableCoreNum, stream, kEpsilon);
                    ^~~~~~~
/usr/local/Ascend/ascend-toolkit/8.5.0.alpha002/compiler/tikcpp/tikcfw/impl/utils/kernel_utils_macros.h:18:17: note: expanded from macro 'GM_ADDR'
#define GM_ADDR __gm__ uint8_t*
                ^~~~~~
/usr/local/Ascend/ascend-toolkit/8.5.0.alpha002/aarch64-linux/ccec_compiler/lib/clang/15.0.5/include/__clang_cce_defines.h:47:31: note: expanded from macro '__gm__'
#define __gm__ __attribute__((cce_global))
                              ^~~~~~~~~~
5 warnings generated.
In file included from /home/data4t2/lelinfeng/phase4-workspaces/INTEGRATION-X/runner_candidate.asc:2:
/home/data4t2/lelinfeng/phase4-workspaces/INTEGRATION-X/runner_main.inc:162:21: warning: 'cce_global' attribute ignored when parsing type [-Wignored-attributes]
/usr/local/Ascend/ascend-toolkit/8.5.0.alpha002/compiler/tikcpp/tikcfw/impl/utils/kernel_utils_macros.h:18:17: note: expanded from macro 'GM_ADDR'
/usr/local/Ascend/ascend-toolkit/8.5.0.alpha002/aarch64-linux/ccec_compiler/lib/clang/15.0.5/include/__clang_cce_defines.h:47:31: note: expanded from macro '__gm__'
In file included from /home/data4t2/lelinfeng/phase4-workspaces/INTEGRATION-X/runner_candidate.asc:2:
/home/data4t2/lelinfeng/phase4-workspaces/INTEGRATION-X/runner_main.inc:162:46: warning: 'cce_global' attribute ignored when parsing type [-Wignored-attributes]
/usr/local/Ascend/ascend-toolkit/8.5.0.alpha002/compiler/tikcpp/tikcfw/impl/utils/kernel_utils_macros.h:18:17: note: expanded from macro 'GM_ADDR'
/usr/local/Ascend/ascend-toolkit/8.5.0.alpha002/aarch64-linux/ccec_compiler/lib/clang/15.0.5/include/__clang_cce_defines.h:47:31: note: expanded from macro '__gm__'
In file included from /home/data4t2/lelinfeng/phase4-workspaces/INTEGRATION-X/runner_candidate.asc:2:
/home/data4t2/lelinfeng/phase4-workspaces/INTEGRATION-X/runner_main.inc:163:21: warning: 'cce_global' attribute ignored when parsing type [-Wignored-attributes]
/usr/local/Ascend/ascend-toolkit/8.5.0.alpha002/compiler/tikcpp/tikcfw/impl/utils/kernel_utils_macros.h:18:17: note: expanded from macro 'GM_ADDR'
/usr/local/Ascend/ascend-toolkit/8.5.0.alpha002/aarch64-linux/ccec_compiler/lib/clang/15.0.5/include/__clang_cce_defines.h:47:31: note: expanded from macro '__gm__'
In file included from /home/data4t2/lelinfeng/phase4-workspaces/INTEGRATION-X/runner_candidate.asc:2:
/home/data4t2/lelinfeng/phase4-workspaces/INTEGRATION-X/runner_main.inc:163:46: warning: 'cce_global' attribute ignored when parsing type [-Wignored-attributes]
/usr/local/Ascend/ascend-toolkit/8.5.0.alpha002/compiler/tikcpp/tikcfw/impl/utils/kernel_utils_macros.h:18:17: note: expanded from macro 'GM_ADDR'
/usr/local/Ascend/ascend-toolkit/8.5.0.alpha002/aarch64-linux/ccec_compiler/lib/clang/15.0.5/include/__clang_cce_defines.h:47:31: note: expanded from macro '__gm__'
In file included from /home/data4t2/lelinfeng/phase4-workspaces/INTEGRATION-X/runner_candidate.asc:2:
/home/data4t2/lelinfeng/phase4-workspaces/INTEGRATION-X/runner_main.inc:164:21: warning: 'cce_global' attribute ignored when parsing type [-Wignored-attributes]
/usr/local/Ascend/ascend-toolkit/8.5.0.alpha002/compiler/tikcpp/tikcfw/impl/utils/kernel_utils_macros.h:18:17: note: expanded from macro 'GM_ADDR'
/usr/local/Ascend/ascend-toolkit/8.5.0.alpha002/aarch64-linux/ccec_compiler/lib/clang/15.0.5/include/__clang_cce_defines.h:47:31: note: expanded from macro '__gm__'
5 warnings generated.
Warning: please refer to the above warning message. 
Warning: please refer to the above warning message. 
Warning: please refer to the above warning message. 
Warning: please refer to the above warning message. 
Warning: please refer to the above warning message. 
Warning: please refer to the above warning message. 
Warning: please refer to the above warning message. 
Warning: please refer to the above warning message. 
Warning: please refer to the above warning message. 
Warning: please refer to the above warning message. 
Warning: please refer to the above warning message. 
Warning: please refer to the above warning message. 
Warning: please refer to the above warning message. 
Warning: please refer to the above warning message. 
Warning: please refer to the above warning message. 
[100%] Linking ASC executable ix_candidate_probe
[100%] Built target ix_candidate_probe
PROBE_RC=0
PROBE_SHA_ix_parent_probe=3f4137c05fd3093c8944b059d4c8e6d58b0586e29855119745f4ddd519a6a003
PROBE_SHA_ix_candidate_probe=d77eeaa8e808e6f8882039e5b142a4350ff0c8c11973813fcd464dd24ae3735e
=== COMPILE_DONE CMAKE_RC=0 BUILD_RC=0 ===
