2026-09-19T06:58:45+00:00
hwnput3
Filesystem      Size  Used Avail Use% Mounted on
/dev/nvme1n1p1  3.5T  3.2T   82G  98% /home/data4t2
4.0K	/home/data4t2/lelinfeng/cann/README.md
20K	/home/data4t2/lelinfeng/cann/scripts
48K	/home/data4t2/lelinfeng/cann/AGENTS.md
64K	/home/data4t2/lelinfeng/cann/缓存
72K	/home/data4t2/lelinfeng/cann/文档
196K	/home/data4t2/lelinfeng/cann/管理
300K	/home/data4t2/lelinfeng/cann/源码
396K	/home/data4t2/lelinfeng/cann/提交
724K	/home/data4t2/lelinfeng/cann/临时
3.0M	/home/data4t2/lelinfeng/cann/调研
47M	/home/data4t2/lelinfeng/cann/fast
127M	/home/data4t2/lelinfeng/cann/实验
/home/data4t2/lelinfeng/cann_game/.toolchains/cann-9.0/cann-9.0.0/bin/bisheng
2026-04-25T15:46:25+08:00 clang version 15.0.5 (clang-5c68a1cb1231 flang-5c68a1cb1231)
Target: aarch64-unknown-linux-gnu
Thread model: posix
InstalledDir: /home/data4t2/lelinfeng/cann_game/.toolchains/cann-9.0/cann-9.0.0/bin
	NPU ID                         : 5
	Chip Count                     : 1

	DDR Capacity(MB)               : 0
	DDR Usage Rate(%)              : 0
	DDR Hugepages Total(page)      : 0
	DDR Hugepages Usage Rate(%)    : 0
	HBM Capacity(MB)               : 65536
	HBM Usage Rate(%)              : 91
	Aicore Usage Rate(%)           : 0
	Aivector Usage Rate(%)         : 0
	Aicpu Usage Rate(%)            : 0
	Ctrlcpu Usage Rate(%)          : 6
	DDR Bandwidth Usage Rate(%)    : 0
	HBM Bandwidth Usage Rate(%)    : 0
	Chip ID                        : 0

