V051_LOCAL_START_UTC=2026-10-07T20:33:53.070789260Z
HOST=hwnput3
DEVICE=4
PARENT=R31B-V011
DTYPE=FP32
SHAPES=128x5256
PAIRS=6
PAIR_ORDER=odd:PARENT/CANDIDATE,even:CANDIDATE/PARENT
WARMUP=45
SAMPLES_PER_BLOCK=31
BLOCKS=2
BATCH_N=64
GAP_SEC=0
PARTIAL_CORRECTNESS=YES
LOCAL_SCORE_COMPARABLE_TO_OFFICIAL=NO
RUN_BEGIN_UTC=2026-10-07T20:33:53.076187102Z
RUN_BEGIN shape=128x5256 pair=1 order=parent_candidate side=parent binary=本地实验/R-W4-4/V051/partial-ranking/stage/build-v051/clx_ref_parent_probe
RUN_END rc=0 shape=128x5256 pair=1 side=parent prefix=本地实验/R-W4-4/V051/partial-ranking/local-pair01-parent-r128-w5256-fp32
RUN_BEGIN_UTC=2026-10-07T20:33:59.833319721Z
RUN_BEGIN shape=128x5256 pair=1 order=parent_candidate side=candidate binary=本地实验/R-W4-4/V051/partial-ranking/stage/build-v051/clx_ref_candidate_probe
RUN_END rc=0 shape=128x5256 pair=1 side=candidate prefix=本地实验/R-W4-4/V051/partial-ranking/local-pair01-candidate-r128-w5256-fp32
RUN_BEGIN_UTC=2026-10-07T20:34:06.771489189Z
RUN_BEGIN shape=128x5256 pair=2 order=candidate_parent side=candidate binary=本地实验/R-W4-4/V051/partial-ranking/stage/build-v051/clx_ref_candidate_probe
RUN_END rc=0 shape=128x5256 pair=2 side=candidate prefix=本地实验/R-W4-4/V051/partial-ranking/local-pair02-candidate-r128-w5256-fp32
RUN_BEGIN_UTC=2026-10-07T20:34:13.744036527Z
RUN_BEGIN shape=128x5256 pair=2 order=candidate_parent side=parent binary=本地实验/R-W4-4/V051/partial-ranking/stage/build-v051/clx_ref_parent_probe
RUN_END rc=0 shape=128x5256 pair=2 side=parent prefix=本地实验/R-W4-4/V051/partial-ranking/local-pair02-parent-r128-w5256-fp32
RUN_BEGIN_UTC=2026-10-07T20:34:20.308948397Z
RUN_BEGIN shape=128x5256 pair=3 order=parent_candidate side=parent binary=本地实验/R-W4-4/V051/partial-ranking/stage/build-v051/clx_ref_parent_probe
RUN_END rc=0 shape=128x5256 pair=3 side=parent prefix=本地实验/R-W4-4/V051/partial-ranking/local-pair03-parent-r128-w5256-fp32
RUN_BEGIN_UTC=2026-10-07T20:34:27.038928625Z
RUN_BEGIN shape=128x5256 pair=3 order=parent_candidate side=candidate binary=本地实验/R-W4-4/V051/partial-ranking/stage/build-v051/clx_ref_candidate_probe
RUN_END rc=0 shape=128x5256 pair=3 side=candidate prefix=本地实验/R-W4-4/V051/partial-ranking/local-pair03-candidate-r128-w5256-fp32
RUN_BEGIN_UTC=2026-10-07T20:34:33.788905995Z
RUN_BEGIN shape=128x5256 pair=4 order=candidate_parent side=candidate binary=本地实验/R-W4-4/V051/partial-ranking/stage/build-v051/clx_ref_candidate_probe
RUN_END rc=0 shape=128x5256 pair=4 side=candidate prefix=本地实验/R-W4-4/V051/partial-ranking/local-pair04-candidate-r128-w5256-fp32
RUN_BEGIN_UTC=2026-10-07T20:34:40.547852634Z
RUN_BEGIN shape=128x5256 pair=4 order=candidate_parent side=parent binary=本地实验/R-W4-4/V051/partial-ranking/stage/build-v051/clx_ref_parent_probe
RUN_END rc=0 shape=128x5256 pair=4 side=parent prefix=本地实验/R-W4-4/V051/partial-ranking/local-pair04-parent-r128-w5256-fp32
RUN_BEGIN_UTC=2026-10-07T20:34:48.295645361Z
RUN_BEGIN shape=128x5256 pair=5 order=parent_candidate side=parent binary=本地实验/R-W4-4/V051/partial-ranking/stage/build-v051/clx_ref_parent_probe
RUN_END rc=0 shape=128x5256 pair=5 side=parent prefix=本地实验/R-W4-4/V051/partial-ranking/local-pair05-parent-r128-w5256-fp32
RUN_BEGIN_UTC=2026-10-07T20:34:55.245320139Z
RUN_BEGIN shape=128x5256 pair=5 order=parent_candidate side=candidate binary=本地实验/R-W4-4/V051/partial-ranking/stage/build-v051/clx_ref_candidate_probe
RUN_END rc=0 shape=128x5256 pair=5 side=candidate prefix=本地实验/R-W4-4/V051/partial-ranking/local-pair05-candidate-r128-w5256-fp32
RUN_BEGIN_UTC=2026-10-07T20:35:01.603875860Z
RUN_BEGIN shape=128x5256 pair=6 order=candidate_parent side=candidate binary=本地实验/R-W4-4/V051/partial-ranking/stage/build-v051/clx_ref_candidate_probe
RUN_END rc=0 shape=128x5256 pair=6 side=candidate prefix=本地实验/R-W4-4/V051/partial-ranking/local-pair06-candidate-r128-w5256-fp32
RUN_BEGIN_UTC=2026-10-07T20:35:09.534705954Z
RUN_BEGIN shape=128x5256 pair=6 order=candidate_parent side=parent binary=本地实验/R-W4-4/V051/partial-ranking/stage/build-v051/clx_ref_parent_probe
RUN_END rc=0 shape=128x5256 pair=6 side=parent prefix=本地实验/R-W4-4/V051/partial-ranking/local-pair06-parent-r128-w5256-fp32
V051_LOCAL_END_UTC=2026-10-07T20:35:17.229025581Z
