ROUTE=MULTIROW-PANEL-RMS-CHAMPION-X
PARENT_SOURCE_SHA256=a8c19a1972207acc67e3fb0cd393cc70b0a4b183d1eaf5610edf80c2879b15e3
CANDIDATE_SOURCE_SHA256=498fca2e97d4f10b76e090ce050d45a35d27f72caadfef4c92080b0a3b8d20fa
-- CMAKE_ASC_COMPILER: /usr/local/Ascend/ascend-toolkit/8.5.0.alpha002/compiler/ccec_compiler/bin/bisheng
CMake Warning at /usr/local/Ascend/ascend-toolkit/8.5.0.alpha002/aarch64-linux/tikcpp/ascendc_kernel_cmake/ASC_CMake/CMakeDetermineASCCompiler.cmake:57 (message):
  CMAKE_INSTALL_PREFIX is not set.  Set to default value
  /home/data4t2/lelinfeng/cann/server_runs/MULTIROW-PANEL-RMS-CHAMPION-X/V002/support/out.
Call Stack (most recent call first):
  CMakeLists.txt:3 (project)


-- CMAKE_BUILD_TYPE: Release
-- CMAKE_INSTALL_PREFIX: /home/data4t2/lelinfeng/cann/server_runs/MULTIROW-PANEL-RMS-CHAMPION-X/V002/support/out
-- ASCEND_CANN_PACKAGE_PATH: /usr/local/Ascend/ascend-toolkit/8.5.0.alpha002
-- CMAKE_ASC_LLD_LINKER: /usr/local/Ascend/ascend-toolkit/8.5.0.alpha002/tools/ccec_compiler/bin/ld.lld
-- The CXX compiler identification is GNU 11.4.0
-- Detecting CXX compiler ABI info
-- Detecting CXX compiler ABI info - done
-- Check for working CXX compiler: /usr/bin/c++ - skipped
-- Detecting CXX compile features
-- Detecting CXX compile features - done
-- Configuring done
-- Generating done
-- Build files have been written to: /home/data4t2/lelinfeng/cann/server_runs/MULTIROW-PANEL-RMS-CHAMPION-X/V002/support/build
[ 16%] Building ASC object CMakeFiles/multirow_panel_rms_parent.dir/parent_kernel.asc.o
[ 33%] Building ASC object CMakeFiles/multirow_panel_rms_candidate.dir/candidate_kernel.asc.o
[ 50%] Linking ASC shared library libmultirow_panel_rms_candidate.so
[ 66%] Linking ASC shared library libmultirow_panel_rms_parent.so
[ 66%] Built target multirow_panel_rms_candidate
[ 66%] Built target multirow_panel_rms_parent
[ 83%] Building CXX object CMakeFiles/multirow_panel_rms_runner.dir/runner_main.cpp.o
[100%] Linking CXX executable multirow_panel_rms_runner
[100%] Built target multirow_panel_rms_runner

ARTIFACT=/home/data4t2/lelinfeng/cann/server_runs/MULTIROW-PANEL-RMS-CHAMPION-X/V002/support/build/multirow_panel_rms_runner
93903a3304f8a7c5f307f5faddbe3791c1d17f2ed7285db0eae2cbe4314ac10f  /home/data4t2/lelinfeng/cann/server_runs/MULTIROW-PANEL-RMS-CHAMPION-X/V002/support/build/multirow_panel_rms_runner
	linux-vdso.so.1 (0x0000ffff8c4fa000)
	libmultirow_panel_rms_parent.so => /home/data4t2/lelinfeng/cann/server_runs/MULTIROW-PANEL-RMS-CHAMPION-X/V002/support/build/libmultirow_panel_rms_parent.so (0x0000ffff8c400000)
	libmultirow_panel_rms_candidate.so => /home/data4t2/lelinfeng/cann/server_runs/MULTIROW-PANEL-RMS-CHAMPION-X/V002/support/build/libmultirow_panel_rms_candidate.so (0x0000ffff8c360000)
	libascendcl.so => /usr/local/Ascend/ascend-toolkit/8.5.0.alpha002/aarch64-linux/lib64/libascendcl.so (0x0000ffff8c140000)
	libstdc++.so.6 => /lib/aarch64-linux-gnu/libstdc++.so.6 (0x0000ffff8bf10000)
	libm.so.6 => /lib/aarch64-linux-gnu/libm.so.6 (0x0000ffff8be70000)
	libgcc_s.so.1 => /lib/aarch64-linux-gnu/libgcc_s.so.1 (0x0000ffff8be40000)
	libc.so.6 => /lib/aarch64-linux-gnu/libc.so.6 (0x0000ffff8bc90000)
	/lib/ld-linux-aarch64.so.1 (0x0000ffff8c4c1000)
	libruntime.so => /usr/local/Ascend/ascend-toolkit/8.5.0.alpha002/aarch64-linux/lib64/libruntime.so (0x0000ffff8bbc0000)
	liberror_manager.so => /usr/local/Ascend/ascend-toolkit/8.5.0.alpha002/aarch64-linux/lib64/liberror_manager.so (0x0000ffff8bb40000)
	libprofapi.so => /usr/local/Ascend/ascend-toolkit/8.5.0.alpha002/aarch64-linux/lib64/libprofapi.so (0x0000ffff8bb00000)
	libascendalog.so => /usr/local/Ascend/ascend-toolkit/8.5.0.alpha002/aarch64-linux/lib64/libascendalog.so (0x0000ffff8bab0000)
	libmmpa.so => /usr/local/Ascend/ascend-toolkit/8.5.0.alpha002/aarch64-linux/lib64/libmmpa.so (0x0000ffff8ba80000)
	libascend_dump.so => /usr/local/Ascend/ascend-toolkit/8.5.0.alpha002/aarch64-linux/lib64/libascend_dump.so (0x0000ffff8b940000)
	libc_sec.so => /usr/local/Ascend/ascend-toolkit/8.5.0.alpha002/aarch64-linux/lib64/libc_sec.so (0x0000ffff8b900000)
	libmsprofiler.so => /usr/local/Ascend/ascend-toolkit/8.5.0.alpha002/aarch64-linux/lib64/libmsprofiler.so (0x0000ffff8b550000)
	libgert.so => /usr/local/Ascend/ascend-toolkit/8.5.0.alpha002/aarch64-linux/lib64/libgert.so (0x0000ffff8acf0000)
	libascendcl_impl.so => /usr/local/Ascend/ascend-toolkit/8.5.0.alpha002/aarch64-linux/lib64/libascendcl_impl.so (0x0000ffff8ac30000)
	librt.so.1 => /lib/aarch64-linux-gnu/librt.so.1 (0x0000ffff8ac10000)
	libdl.so.2 => /lib/aarch64-linux-gnu/libdl.so.2 (0x0000ffff8abf0000)
	libge_executor.so => /usr/local/Ascend/ascend-toolkit/8.5.0.alpha002/aarch64-linux/lib64/libge_executor.so (0x0000ffff8aae0000)
	libgraph.so => /usr/local/Ascend/ascend-toolkit/8.5.0.alpha002/aarch64-linux/lib64/libgraph.so (0x0000ffff8a8c0000)
	libascend_watchdog.so => /usr/local/Ascend/ascend-toolkit/8.5.0.alpha002/aarch64-linux/lib64/libascend_watchdog.so (0x0000ffff8a890000)
	libascend_protobuf.so.3.13.0.0 => /usr/local/Ascend/ascend-toolkit/8.5.0.alpha002/aarch64-linux/lib64/libascend_protobuf.so.3.13.0.0 (0x0000ffff8a360000)
	libpthread.so.0 => /lib/aarch64-linux-gnu/libpthread.so.0 (0x0000ffff8a340000)
	libruntime_common.so => /usr/local/Ascend/ascend-toolkit/8.5.0.alpha002/aarch64-linux/lib64/libruntime_common.so (0x0000ffff8a2e0000)
	libascend_hal.so => /usr/local/Ascend/driver/lib64/driver/libascend_hal.so (0x0000ffff89e70000)
	libunified_dlog.so => /usr/local/Ascend/ascend-toolkit/8.5.0.alpha002/aarch64-linux/lib64/libunified_dlog.so (0x0000ffff89e20000)
	libgraph_base.so => /usr/local/Ascend/ascend-toolkit/8.5.0.alpha002/aarch64-linux/lib64/libgraph_base.so (0x0000ffff89660000)
	libhybrid_executor.so => /usr/local/Ascend/ascend-toolkit/8.5.0.alpha002/aarch64-linux/lib64/libhybrid_executor.so (0x0000ffff89200000)
	libdavinci_executor.so => /usr/local/Ascend/ascend-toolkit/8.5.0.alpha002/aarch64-linux/lib64/libdavinci_executor.so (0x0000ffff88d20000)
	libge_common.so => /usr/local/Ascend/ascend-toolkit/8.5.0.alpha002/aarch64-linux/lib64/libge_common.so (0x0000ffff88be0000)
	libge_common_base.so => /usr/local/Ascend/ascend-toolkit/8.5.0.alpha002/aarch64-linux/lib64/libge_common_base.so (0x0000ffff88630000)
	libexe_graph.so => /usr/local/Ascend/ascend-toolkit/8.5.0.alpha002/aarch64-linux/lib64/libexe_graph.so (0x0000ffff885d0000)
	liblowering.so => /usr/local/Ascend/ascend-toolkit/8.5.0.alpha002/aarch64-linux/lib64/liblowering.so (0x0000ffff884e0000)
	libregister.so => /usr/local/Ascend/ascend-toolkit/8.5.0.alpha002/aarch64-linux/lib64/libregister.so (0x0000ffff87830000)
	libopp_registry.so => /usr/local/Ascend/ascend-toolkit/8.5.0.alpha002/aarch64-linux/lib64/libopp_registry.so (0x0000ffff877a0000)
	libplatform.so => /usr/local/Ascend/ascend-toolkit/8.5.0.alpha002/aarch64-linux/lib64/libplatform.so (0x0000ffff87640000)
	libmetadef.so => /usr/local/Ascend/ascend-toolkit/8.5.0.alpha002/aarch64-linux/lib64/libmetadef.so (0x0000ffff87500000)
	libascend_trace.so => /usr/local/Ascend/ascend-toolkit/8.5.0.alpha002/aarch64-linux/lib64/libascend_trace.so (0x0000ffff86ac0000)

ARTIFACT=/home/data4t2/lelinfeng/cann/server_runs/MULTIROW-PANEL-RMS-CHAMPION-X/V002/support/build/libmultirow_panel_rms_parent.so
a2613727260a17a76c4d0cb322c2cd81d213631f075b1fb2745e1ad024389cea  /home/data4t2/lelinfeng/cann/server_runs/MULTIROW-PANEL-RMS-CHAMPION-X/V002/support/build/libmultirow_panel_rms_parent.so
	linux-vdso.so.1 (0x0000ffff8da0a000)
	libgcc_s.so.1 => /lib/aarch64-linux-gnu/libgcc_s.so.1 (0x0000ffff8d900000)
	libc.so.6 => /lib/aarch64-linux-gnu/libc.so.6 (0x0000ffff8d750000)
	/lib/ld-linux-aarch64.so.1 (0x0000ffff8d9d1000)
	libascendcl.so => /usr/local/Ascend/ascend-toolkit/8.5.0.alpha002/aarch64-linux/lib64/libascendcl.so (0x0000ffff8d530000)
	libruntime.so => /usr/local/Ascend/ascend-toolkit/8.5.0.alpha002/aarch64-linux/lib64/libruntime.so (0x0000ffff8d460000)
	liberror_manager.so => /usr/local/Ascend/ascend-toolkit/8.5.0.alpha002/aarch64-linux/lib64/liberror_manager.so (0x0000ffff8d3e0000)
	libprofapi.so => /usr/local/Ascend/ascend-toolkit/8.5.0.alpha002/aarch64-linux/lib64/libprofapi.so (0x0000ffff8d3a0000)
	libascendalog.so => /usr/local/Ascend/ascend-toolkit/8.5.0.alpha002/aarch64-linux/lib64/libascendalog.so (0x0000ffff8d350000)
	libmmpa.so => /usr/local/Ascend/ascend-toolkit/8.5.0.alpha002/aarch64-linux/lib64/libmmpa.so (0x0000ffff8d320000)
	libascend_dump.so => /usr/local/Ascend/ascend-toolkit/8.5.0.alpha002/aarch64-linux/lib64/libascend_dump.so (0x0000ffff8d1e0000)
	libc_sec.so => /usr/local/Ascend/ascend-toolkit/8.5.0.alpha002/aarch64-linux/lib64/libc_sec.so (0x0000ffff8d1a0000)
	libstdc++.so.6 => /lib/aarch64-linux-gnu/libstdc++.so.6 (0x0000ffff8cf70000)
	libmsprofiler.so => /usr/local/Ascend/ascend-toolkit/8.5.0.alpha002/aarch64-linux/lib64/libmsprofiler.so (0x0000ffff8cbc0000)
	libgert.so => /usr/local/Ascend/ascend-toolkit/8.5.0.alpha002/aarch64-linux/lib64/libgert.so (0x0000ffff8c360000)
	libascendcl_impl.so => /usr/local/Ascend/ascend-toolkit/8.5.0.alpha002/aarch64-linux/lib64/libascendcl_impl.so (0x0000ffff8c2a0000)
	librt.so.1 => /lib/aarch64-linux-gnu/librt.so.1 (0x0000ffff8c280000)
	libdl.so.2 => /lib/aarch64-linux-gnu/libdl.so.2 (0x0000ffff8c260000)
	libge_executor.so => /usr/local/Ascend/ascend-toolkit/8.5.0.alpha002/aarch64-linux/lib64/libge_executor.so (0x0000ffff8c150000)
	libgraph.so => /usr/local/Ascend/ascend-toolkit/8.5.0.alpha002/aarch64-linux/lib64/libgraph.so (0x0000ffff8bf30000)
	libascend_watchdog.so => /usr/local/Ascend/ascend-toolkit/8.5.0.alpha002/aarch64-linux/lib64/libascend_watchdog.so (0x0000ffff8bf00000)
	libascend_protobuf.so.3.13.0.0 => /usr/local/Ascend/ascend-toolkit/8.5.0.alpha002/aarch64-linux/lib64/libascend_protobuf.so.3.13.0.0 (0x0000ffff8b9d0000)
	libpthread.so.0 => /lib/aarch64-linux-gnu/libpthread.so.0 (0x0000ffff8b9b0000)
	libruntime_common.so => /usr/local/Ascend/ascend-toolkit/8.5.0.alpha002/aarch64-linux/lib64/libruntime_common.so (0x0000ffff8b950000)
	libascend_hal.so => /usr/local/Ascend/driver/lib64/driver/libascend_hal.so (0x0000ffff8b4e0000)
	libunified_dlog.so => /usr/local/Ascend/ascend-toolkit/8.5.0.alpha002/aarch64-linux/lib64/libunified_dlog.so (0x0000ffff8b490000)
	libm.so.6 => /lib/aarch64-linux-gnu/libm.so.6 (0x0000ffff8b3f0000)
	libgraph_base.so => /usr/local/Ascend/ascend-toolkit/8.5.0.alpha002/aarch64-linux/lib64/libgraph_base.so (0x0000ffff8ac30000)
	libhybrid_executor.so => /usr/local/Ascend/ascend-toolkit/8.5.0.alpha002/aarch64-linux/lib64/libhybrid_executor.so (0x0000ffff8a7d0000)
	libdavinci_executor.so => /usr/local/Ascend/ascend-toolkit/8.5.0.alpha002/aarch64-linux/lib64/libdavinci_executor.so (0x0000ffff8a2f0000)
	libge_common.so => /usr/local/Ascend/ascend-toolkit/8.5.0.alpha002/aarch64-linux/lib64/libge_common.so (0x0000ffff8a1b0000)
	libge_common_base.so => /usr/local/Ascend/ascend-toolkit/8.5.0.alpha002/aarch64-linux/lib64/libge_common_base.so (0x0000ffff89c00000)
	libexe_graph.so => /usr/local/Ascend/ascend-toolkit/8.5.0.alpha002/aarch64-linux/lib64/libexe_graph.so (0x0000ffff89ba0000)
	liblowering.so => /usr/local/Ascend/ascend-toolkit/8.5.0.alpha002/aarch64-linux/lib64/liblowering.so (0x0000ffff89ab0000)
	libregister.so => /usr/local/Ascend/ascend-toolkit/8.5.0.alpha002/aarch64-linux/lib64/libregister.so (0x0000ffff88e00000)
	libopp_registry.so => /usr/local/Ascend/ascend-toolkit/8.5.0.alpha002/aarch64-linux/lib64/libopp_registry.so (0x0000ffff88d70000)
	libplatform.so => /usr/local/Ascend/ascend-toolkit/8.5.0.alpha002/aarch64-linux/lib64/libplatform.so (0x0000ffff88c10000)
	libmetadef.so => /usr/local/Ascend/ascend-toolkit/8.5.0.alpha002/aarch64-linux/lib64/libmetadef.so (0x0000ffff88ad0000)
	libascend_trace.so => /usr/local/Ascend/ascend-toolkit/8.5.0.alpha002/aarch64-linux/lib64/libascend_trace.so (0x0000ffff88090000)

ARTIFACT=/home/data4t2/lelinfeng/cann/server_runs/MULTIROW-PANEL-RMS-CHAMPION-X/V002/support/build/libmultirow_panel_rms_candidate.so
b64261b768c75792918cbfea79caf607d8dec7690d3ee7ad00dd61ed63ce1557  /home/data4t2/lelinfeng/cann/server_runs/MULTIROW-PANEL-RMS-CHAMPION-X/V002/support/build/libmultirow_panel_rms_candidate.so
	linux-vdso.so.1 (0x0000ffff9ca94000)
	libgcc_s.so.1 => /lib/aarch64-linux-gnu/libgcc_s.so.1 (0x0000ffff9c990000)
	libc.so.6 => /lib/aarch64-linux-gnu/libc.so.6 (0x0000ffff9c7e0000)
	/lib/ld-linux-aarch64.so.1 (0x0000ffff9ca5b000)
	libascendcl.so => /usr/local/Ascend/ascend-toolkit/8.5.0.alpha002/aarch64-linux/lib64/libascendcl.so (0x0000ffff9c5c0000)
	libruntime.so => /usr/local/Ascend/ascend-toolkit/8.5.0.alpha002/aarch64-linux/lib64/libruntime.so (0x0000ffff9c4f0000)
	liberror_manager.so => /usr/local/Ascend/ascend-toolkit/8.5.0.alpha002/aarch64-linux/lib64/liberror_manager.so (0x0000ffff9c470000)
	libprofapi.so => /usr/local/Ascend/ascend-toolkit/8.5.0.alpha002/aarch64-linux/lib64/libprofapi.so (0x0000ffff9c430000)
	libascendalog.so => /usr/local/Ascend/ascend-toolkit/8.5.0.alpha002/aarch64-linux/lib64/libascendalog.so (0x0000ffff9c3e0000)
	libmmpa.so => /usr/local/Ascend/ascend-toolkit/8.5.0.alpha002/aarch64-linux/lib64/libmmpa.so (0x0000ffff9c3b0000)
	libascend_dump.so => /usr/local/Ascend/ascend-toolkit/8.5.0.alpha002/aarch64-linux/lib64/libascend_dump.so (0x0000ffff9c270000)
	libc_sec.so => /usr/local/Ascend/ascend-toolkit/8.5.0.alpha002/aarch64-linux/lib64/libc_sec.so (0x0000ffff9c230000)
	libstdc++.so.6 => /lib/aarch64-linux-gnu/libstdc++.so.6 (0x0000ffff9c000000)
	libmsprofiler.so => /usr/local/Ascend/ascend-toolkit/8.5.0.alpha002/aarch64-linux/lib64/libmsprofiler.so (0x0000ffff9bc50000)
	libgert.so => /usr/local/Ascend/ascend-toolkit/8.5.0.alpha002/aarch64-linux/lib64/libgert.so (0x0000ffff9b3f0000)
	libascendcl_impl.so => /usr/local/Ascend/ascend-toolkit/8.5.0.alpha002/aarch64-linux/lib64/libascendcl_impl.so (0x0000ffff9b330000)
	librt.so.1 => /lib/aarch64-linux-gnu/librt.so.1 (0x0000ffff9b310000)
	libdl.so.2 => /lib/aarch64-linux-gnu/libdl.so.2 (0x0000ffff9b2f0000)
	libge_executor.so => /usr/local/Ascend/ascend-toolkit/8.5.0.alpha002/aarch64-linux/lib64/libge_executor.so (0x0000ffff9b1e0000)
	libgraph.so => /usr/local/Ascend/ascend-toolkit/8.5.0.alpha002/aarch64-linux/lib64/libgraph.so (0x0000ffff9afc0000)
	libascend_watchdog.so => /usr/local/Ascend/ascend-toolkit/8.5.0.alpha002/aarch64-linux/lib64/libascend_watchdog.so (0x0000ffff9af90000)
	libascend_protobuf.so.3.13.0.0 => /usr/local/Ascend/ascend-toolkit/8.5.0.alpha002/aarch64-linux/lib64/libascend_protobuf.so.3.13.0.0 (0x0000ffff9aa60000)
	libpthread.so.0 => /lib/aarch64-linux-gnu/libpthread.so.0 (0x0000ffff9aa40000)
	libruntime_common.so => /usr/local/Ascend/ascend-toolkit/8.5.0.alpha002/aarch64-linux/lib64/libruntime_common.so (0x0000ffff9a9e0000)
	libascend_hal.so => /usr/local/Ascend/driver/lib64/driver/libascend_hal.so (0x0000ffff9a570000)
	libunified_dlog.so => /usr/local/Ascend/ascend-toolkit/8.5.0.alpha002/aarch64-linux/lib64/libunified_dlog.so (0x0000ffff9a520000)
	libm.so.6 => /lib/aarch64-linux-gnu/libm.so.6 (0x0000ffff9a480000)
	libgraph_base.so => /usr/local/Ascend/ascend-toolkit/8.5.0.alpha002/aarch64-linux/lib64/libgraph_base.so (0x0000ffff99cc0000)
	libhybrid_executor.so => /usr/local/Ascend/ascend-toolkit/8.5.0.alpha002/aarch64-linux/lib64/libhybrid_executor.so (0x0000ffff99860000)
	libdavinci_executor.so => /usr/local/Ascend/ascend-toolkit/8.5.0.alpha002/aarch64-linux/lib64/libdavinci_executor.so (0x0000ffff99380000)
	libge_common.so => /usr/local/Ascend/ascend-toolkit/8.5.0.alpha002/aarch64-linux/lib64/libge_common.so (0x0000ffff99240000)
	libge_common_base.so => /usr/local/Ascend/ascend-toolkit/8.5.0.alpha002/aarch64-linux/lib64/libge_common_base.so (0x0000ffff98c90000)
	libexe_graph.so => /usr/local/Ascend/ascend-toolkit/8.5.0.alpha002/aarch64-linux/lib64/libexe_graph.so (0x0000ffff98c30000)
	liblowering.so => /usr/local/Ascend/ascend-toolkit/8.5.0.alpha002/aarch64-linux/lib64/liblowering.so (0x0000ffff98b40000)
	libregister.so => /usr/local/Ascend/ascend-toolkit/8.5.0.alpha002/aarch64-linux/lib64/libregister.so (0x0000ffff97e90000)
	libopp_registry.so => /usr/local/Ascend/ascend-toolkit/8.5.0.alpha002/aarch64-linux/lib64/libopp_registry.so (0x0000ffff97e00000)
	libplatform.so => /usr/local/Ascend/ascend-toolkit/8.5.0.alpha002/aarch64-linux/lib64/libplatform.so (0x0000ffff97ca0000)
	libmetadef.so => /usr/local/Ascend/ascend-toolkit/8.5.0.alpha002/aarch64-linux/lib64/libmetadef.so (0x0000ffff97b60000)
	libascend_trace.so => /usr/local/Ascend/ascend-toolkit/8.5.0.alpha002/aarch64-linux/lib64/libascend_trace.so (0x0000ffff97120000)
