CONFIGURE_RC=0
BUILD_RC=0
BUILD_LOG=/home/data4t2/lelinfeng/phase4-review-repro/ADAPTIVE-CORE-OWNERSHIP-CHAMPION-X/V017/logs/server3-compile-20261006T155807Z.log
-- CMAKE_ASC_COMPILER: /usr/local/Ascend/ascend-toolkit/8.5.0.alpha002/compiler/ccec_compiler/bin/bisheng
CMake Warning at /usr/local/Ascend/ascend-toolkit/8.5.0.alpha002/aarch64-linux/tikcpp/ascendc_kernel_cmake/ASC_CMake/CMakeDetermineASCCompiler.cmake:57 (message):
  CMAKE_INSTALL_PREFIX is not set.  Set to default value
  /home/data4t2/lelinfeng/phase4-review-repro/ADAPTIVE-CORE-OWNERSHIP-CHAMPION-X/V017/out.
Call Stack (most recent call first):
  CMakeLists.txt:9 (project)


-- SOC_VERSION: Ascend910B3
-- CMAKE_BUILD_TYPE: Release
-- CMAKE_INSTALL_PREFIX: /home/data4t2/lelinfeng/phase4-review-repro/ADAPTIVE-CORE-OWNERSHIP-CHAMPION-X/V017/out
-- ASCEND_CANN_PACKAGE_PATH: /usr/local/Ascend/ascend-toolkit/8.5.0.alpha002
-- CMAKE_ASC_LLD_LINKER: /usr/local/Ascend/ascend-toolkit/8.5.0.alpha002/tools/ccec_compiler/bin/ld.lld
-- The CXX compiler identification is GNU 11.4.0
-- Detecting CXX compiler ABI info
-- Detecting CXX compiler ABI info - done
-- Check for working CXX compiler: /usr/bin/c++ - skipped
-- Detecting CXX compile features
-- Detecting CXX compile features - done
-- Configuring done
-- Generating done
-- Build files have been written to: /home/data4t2/lelinfeng/phase4-review-repro/ADAPTIVE-CORE-OWNERSHIP-CHAMPION-X/V017/build-server3-v017
[ 50%] Building ASC object CMakeFiles/adaptive_parent.dir/support/parent_entry.asc.o
[100%] Linking ASC shared library libadaptive_parent.so
[100%] Built target adaptive_parent
[ 50%] Building ASC object CMakeFiles/adaptive_candidate.dir/support/candidate_entry.asc.o
[100%] Linking ASC shared library libadaptive_candidate.so
[100%] Built target adaptive_candidate
Consolidate compiler generated dependencies of target adaptive_parent
[ 16%] Building ASC object CMakeFiles/adaptive_parent.dir/support/parent_entry.asc.o
[ 33%] Linking ASC shared library libadaptive_parent.so
[ 33%] Built target adaptive_parent
Consolidate compiler generated dependencies of target adaptive_candidate
[ 50%] Building ASC object CMakeFiles/adaptive_candidate.dir/support/candidate_entry.asc.o
[ 66%] Linking ASC shared library libadaptive_candidate.so
[ 66%] Built target adaptive_candidate
[ 83%] Building CXX object CMakeFiles/adaptive_probe.dir/support/probe.cpp.o
[100%] Linking CXX executable adaptive_probe
[100%] Built target adaptive_probe
