ROUTE=SYNC-BARRIER-ELISION-X
REVISION=V019
DIRECT_PARENT=R31B-V011
HOST=hwnput3
DEVICE=3
CANDIDATE_SOURCE_SHA256=c7785014791d09697219ffb6c691a84619df7a0ea98356b9d99c10cf12ab8a93
PARENT_SOURCE_SHA256=a8c19a1972207acc67e3fb0cd393cc70b0a4b183d1eaf5610edf80c2879b15e3
COMPILE=PASS
CORRECTNESS_START=2026-10-07T13:35:38Z
+------------------------------------------------------------------------------------------------+
| npu-smi 25.0.rc1.1               Version: 25.0.rc1.1                                           |
+---------------------------+---------------+----------------------------------------------------+
| NPU   Name                | Health        | Power(W)    Temp(C)           Hugepages-Usage(page)|
| Chip                      | Bus-Id        | AICore(%)   Memory-Usage(MB)  HBM-Usage(MB)        |
+===========================+===============+====================================================+
| 0     910B3               | OK            | 142.7       43                0    / 0             |
| 0                         | 0000:C1:00.0  | 33          0    / 0          60222/ 65536         |
+===========================+===============+====================================================+
| 1     910B3               | OK            | 140.5       42                0    / 0             |
| 0                         | 0000:C2:00.0  | 32          0    / 0          60275/ 65536         |
+===========================+===============+====================================================+
| 2     910B3               | OK            | 137.6       45                0    / 0             |
| 0                         | 0000:81:00.0  | 32          0    / 0          60214/ 65536         |
+===========================+===============+====================================================+
| 3     910B3               | OK            | 142.3       43                0    / 0             |
| 0                         | 0000:82:00.0  | 33          0    / 0          60219/ 65536         |
+===========================+===============+====================================================+
| 4     910B3               | OK            | 92.8        40                0    / 0             |
| 0                         | 0000:01:00.0  | 0           0    / 0          59245/ 65536         |
+===========================+===============+====================================================+
| 5     910B3               | OK            | 165.6       55                0    / 0             |
| 0                         | 0000:02:00.0  | 40          0    / 0          60223/ 65536         |
+===========================+===============+====================================================+
| 6     910B3               | OK            | 160.2       52                0    / 0             |
| 0                         | 0000:41:00.0  | 31          0    / 0          60222/ 65536         |
+===========================+===============+====================================================+
| 7     910B3               | OK            | 161.2       47                0    / 0             |
| 0                         | 0000:42:00.0  | 20          0    / 0          26633/ 65536         |
+===========================+===============+====================================================+
+---------------------------+---------------+----------------------------------------------------+
| NPU     Chip              | Process id    | Process name             | Process memory(MB)      |
+===========================+===============+====================================================+
| 0       0                 | 89395         | VLLMWorker_TP            | 56702                   |
+===========================+===============+====================================================+
| 1       0                 | 91055         | VLLMWorker_TP            | 56702                   |
+===========================+===============+====================================================+
| 2       0                 | 92813         | VLLMWorker_TP            | 56703                   |
+===========================+===============+====================================================+
| 3       0                 | 94498         | VLLMWorker_TP            | 56703                   |
+===========================+===============+====================================================+
| 4       0                 | 1904220       | clx_ref_parent_          | 104                     |
| 4       0                 | 2999855       | VLLMEngineCor            | 55666                   |
+===========================+===============+====================================================+
| 5       0                 | 89602         | VLLMWorker_TP            | 56700                   |
+===========================+===============+====================================================+
| 6       0                 | 91228         | VLLMWorker_TP            | 56701                   |
+===========================+===============+====================================================+
| 7       0                 | 439848        | python3                  | 21260                   |
| 7       0                 | 1820862       | python                   | 1894                    |
+===========================+===============+====================================================+
[ 50%] Building ASC object CMakeFiles/sync_barrier_elision_correctness.dir/support/correctness_runner.asc.o
[100%] Linking ASC executable sync_barrier_elision_correctness
[100%] Built target sync_barrier_elision_correctness
CORRECTNESS_RUNNER_BUILD_RC=0
CORRECTNESS device=3 dtype=fp16 rows=8 width=128 parent_candidate_bit_mismatch=0 result=PASS
CORRECTNESS device=3 dtype=fp16 rows=8 width=256 parent_candidate_bit_mismatch=2048 result=FAIL
CORRECTNESS_RUN_RC=3
+------------------------------------------------------------------------------------------------+
| npu-smi 25.0.rc1.1               Version: 25.0.rc1.1                                           |
+---------------------------+---------------+----------------------------------------------------+
| NPU   Name                | Health        | Power(W)    Temp(C)           Hugepages-Usage(page)|
| Chip                      | Bus-Id        | AICore(%)   Memory-Usage(MB)  HBM-Usage(MB)        |
+===========================+===============+====================================================+
| 0     910B3               | OK            | 102.2       39                0    / 0             |
| 0                         | 0000:C1:00.0  | 0           0    / 0          60223/ 65536         |
+===========================+===============+====================================================+
| 1     910B3               | OK            | 99.4        39                0    / 0             |
| 0                         | 0000:C2:00.0  | 0           0    / 0          60275/ 65536         |
+===========================+===============+====================================================+
| 2     910B3               | OK            | 99.2        40                0    / 0             |
| 0                         | 0000:81:00.0  | 0           0    / 0          60215/ 65536         |
+===========================+===============+====================================================+
| 3     910B3               | OK            | 101.1       40                0    / 0             |
| 0                         | 0000:82:00.0  | 0           0    / 0          60221/ 65536         |
+===========================+===============+====================================================+
| 4     910B3               | OK            | 92.0        41                0    / 0             |
| 0                         | 0000:01:00.0  | 0           0    / 0          59193/ 65536         |
+===========================+===============+====================================================+
| 5     910B3               | OK            | 172.1       56                0    / 0             |
| 0                         | 0000:02:00.0  | 44          0    / 0          60223/ 65536         |
+===========================+===============+====================================================+
| 6     910B3               | OK            | 174.6       54                0    / 0             |
| 0                         | 0000:41:00.0  | 43          0    / 0          60221/ 65536         |
+===========================+===============+====================================================+
| 7     910B3               | OK            | 131.3       48                0    / 0             |
| 0                         | 0000:42:00.0  | 9           0    / 0          26633/ 65536         |
+===========================+===============+====================================================+
+---------------------------+---------------+----------------------------------------------------+
| NPU     Chip              | Process id    | Process name             | Process memory(MB)      |
+===========================+===============+====================================================+
| 0       0                 | 89395         | VLLMWorker_TP            | 56702                   |
+===========================+===============+====================================================+
| 1       0                 | 91055         | VLLMWorker_TP            | 56702                   |
+===========================+===============+====================================================+
| 2       0                 | 92813         | VLLMWorker_TP            | 56703                   |
+===========================+===============+====================================================+
| 3       0                 | 94498         | VLLMWorker_TP            | 56703                   |
+===========================+===============+====================================================+
| 4       0                 | 2999855       | VLLMEngineCor            | 55666                   |
+===========================+===============+====================================================+
| 5       0                 | 89602         | VLLMWorker_TP            | 56700                   |
+===========================+===============+====================================================+
| 6       0                 | 91228         | VLLMWorker_TP            | 56701                   |
+===========================+===============+====================================================+
| 7       0                 | 439848        | python3                  | 21260                   |
| 7       0                 | 1820862       | python                   | 1894                    |
+===========================+===============+====================================================+
 13:36:12 up 242 days,  1:12, 34 users,  load average: 48.08, 54.92, 57.32
CORRECTNESS_END=2026-10-07T13:36:12Z
RESULT_RC=3
