ROUTE=SYNC-BARRIER-ELISION-X
REVISION=V006
PARENT=R31B-V011
DEVICE=3
SHAPE=8x2048
DTYPE=fp16
HOST=hwnput3
UTC_LOCAL_START=2026-10-07T05:38:18Z
EXECUTABLE_SHA256=3411cd65ff7898c05310c96cc81e5835072180b1a1b08a0af46229123b85df14  /home/data4t2/lelinfeng/server_runs/SYNC-BARRIER-ELISION-X/V006/compile-local-20261007T053516Z/build/sync_barrier_elision_correctness

--- run 1 preflight UTC=2026-10-07T05:38:18Z uptime/loadavg ---
 05:38:18 up 241 days, 17:14, 36 users,  load average: 37.96, 33.27, 39.38
+------------------------------------------------------------------------------------------------+
| npu-smi 25.0.rc1.1               Version: 25.0.rc1.1                                           |
+---------------------------+---------------+----------------------------------------------------+
| NPU   Name                | Health        | Power(W)    Temp(C)           Hugepages-Usage(page)|
| Chip                      | Bus-Id        | AICore(%)   Memory-Usage(MB)  HBM-Usage(MB)        |
+===========================+===============+====================================================+
| 0     910B3               | OK            | 91.2        29                0    / 0             |
| 0                         | 0000:C1:00.0  | 0           0    / 0          60222/ 65536         |
+===========================+===============+====================================================+
| 1     910B3               | OK            | 88.2        29                0    / 0             |
| 0                         | 0000:C2:00.0  | 0           0    / 0          60275/ 65536         |
+===========================+===============+====================================================+
| 2     910B3               | OK            | 86.2        30                0    / 0             |
| 0                         | 0000:81:00.0  | 0           0    / 0          60215/ 65536         |
+===========================+===============+====================================================+
| 3     910B3               | OK            | 90.5        29                0    / 0             |
| 0                         | 0000:82:00.0  | 0           0    / 0          60219/ 65536         |
+===========================+===============+====================================================+
| 4     910B3               | OK            | 88.8        34                0    / 0             |
| 0                         | 0000:01:00.0  | 0           0    / 0          59192/ 65536         |
+===========================+===============+====================================================+
| 5     910B3               | OK            | 90.9        31                0    / 0             |
| 0                         | 0000:02:00.0  | 0           0    / 0          60223/ 65536         |
+===========================+===============+====================================================+
| 6     910B3               | OK            | 92.9        34                0    / 0             |
| 0                         | 0000:41:00.0  | 0           0    / 0          60222/ 65536         |
+===========================+===============+====================================================+
| 7     910B3               | OK            | 137.8       37                0    / 0             |
| 0                         | 0000:42:00.0  | 0           0    / 0          24790/ 65536         |
+===========================+===============+====================================================+
+---------------------------+---------------+----------------------------------------------------+
| NPU     Chip              | Process id    | Process name             | Process memory(MB)      |
+===========================+===============+====================================================+
| 0       0                 | 89395         | VLLMWorker_TP            | 56702                   |
+===========================+===============+====================================================+
| 1       0                 | 91055         | VLLMWorker_TP            | 56702                   |
+===========================+===============+====================================================+
| 2       0                 | 92813         | VLLMWorker_TP            | 56703                   |
+===========================+===============+====================================================+
| 3       0                 | 94498         | VLLMWorker_TP            | 56703                   |
+===========================+===============+====================================================+
| 4       0                 | 2999855       | VLLMEngineCor            | 55666                   |
+===========================+===============+====================================================+
| 5       0                 | 89602         | VLLMWorker_TP            | 56700                   |
+===========================+===============+====================================================+
| 6       0                 | 91228         | VLLMWorker_TP            | 56701                   |
+===========================+===============+====================================================+
| 7       0                 | 439848        | python3                  | 21260                   |
+===========================+===============+====================================================+
--- run 1 command ---
/home/data4t2/lelinfeng/server_runs/SYNC-BARRIER-ELISION-X/V006/compile-local-20261007T053516Z/build/sync_barrier_elision_correctness 3 --local
LOCAL_SAMPLE case=fp16-8x2048 pair=01 order=P,C parent_device_us=4.8400 candidate_device_us=169.7200 parent_wall_us=381.6140 candidate_wall_us=264.1130 paired_delta_us=164.8800
LOCAL_SAMPLE case=fp16-8x2048 pair=02 order=C,P parent_device_us=5.4800 candidate_device_us=6.3200 parent_wall_us=279.1230 candidate_wall_us=296.9830 paired_delta_us=0.8400
LOCAL_SAMPLE case=fp16-8x2048 pair=03 order=P,C parent_device_us=7.7800 candidate_device_us=5.1200 parent_wall_us=326.0340 candidate_wall_us=92.6310 paired_delta_us=-2.6600
LOCAL_SAMPLE case=fp16-8x2048 pair=04 order=C,P parent_device_us=5.1400 candidate_device_us=8.3000 parent_wall_us=306.2930 candidate_wall_us=195.9630 paired_delta_us=3.1600
LOCAL_SAMPLE case=fp16-8x2048 pair=05 order=P,C parent_device_us=4.1000 candidate_device_us=4.6400 parent_wall_us=225.9930 candidate_wall_us=97.5110 paired_delta_us=0.5400
LOCAL_SAMPLE case=fp16-8x2048 pair=06 order=C,P parent_device_us=7.1200 candidate_device_us=5.6400 parent_wall_us=335.0940 candidate_wall_us=240.2430 paired_delta_us=-1.4800
LOCAL_SAMPLE case=fp16-8x2048 pair=07 order=P,C parent_device_us=7.1400 candidate_device_us=4.9000 parent_wall_us=341.2840 candidate_wall_us=224.4420 paired_delta_us=-2.2400
LOCAL_SAMPLE case=fp16-8x2048 pair=08 order=C,P parent_device_us=7.5400 candidate_device_us=11.9200 parent_wall_us=224.4230 candidate_wall_us=122.4110 paired_delta_us=4.3800
LOCAL_SAMPLE case=fp16-8x2048 pair=09 order=P,C parent_device_us=3.9600 candidate_device_us=4.4600 parent_wall_us=292.3330 candidate_wall_us=177.4720 paired_delta_us=0.5000
LOCAL_SAMPLE case=fp16-8x2048 pair=10 order=C,P parent_device_us=11.4600 candidate_device_us=4.3800 parent_wall_us=209.8220 candidate_wall_us=254.2330 paired_delta_us=-7.0800
LOCAL_SAMPLE case=fp16-8x2048 pair=11 order=P,C parent_device_us=7.6400 candidate_device_us=8.1000 parent_wall_us=199.2920 candidate_wall_us=264.9030 paired_delta_us=0.4600
LOCAL_SAMPLE case=fp16-8x2048 pair=12 order=C,P parent_device_us=4.6600 candidate_device_us=3.8400 parent_wall_us=183.1520 candidate_wall_us=237.6130 paired_delta_us=-0.8200
LOCAL_SAMPLE case=fp16-8x2048 pair=13 order=P,C parent_device_us=5.2800 candidate_device_us=4.7000 parent_wall_us=202.8620 candidate_wall_us=88.1510 paired_delta_us=-0.5800
LOCAL_SAMPLE case=fp16-8x2048 pair=14 order=C,P parent_device_us=5.2800 candidate_device_us=4.1400 parent_wall_us=212.0330 candidate_wall_us=140.3010 paired_delta_us=-1.1400
LOCAL_SAMPLE case=fp16-8x2048 pair=15 order=P,C parent_device_us=4.5800 candidate_device_us=4.9400 parent_wall_us=170.3020 candidate_wall_us=197.9820 paired_delta_us=0.3600
LOCAL_SAMPLE case=fp16-8x2048 pair=16 order=C,P parent_device_us=4.4800 candidate_device_us=4.3000 parent_wall_us=245.7630 candidate_wall_us=192.5920 paired_delta_us=-0.1800
LOCAL_SAMPLE case=fp16-8x2048 pair=17 order=P,C parent_device_us=84.8600 candidate_device_us=4.4400 parent_wall_us=153.3020 candidate_wall_us=87.5910 paired_delta_us=-80.4200
LOCAL_SAMPLE case=fp16-8x2048 pair=18 order=C,P parent_device_us=4.4200 candidate_device_us=4.0400 parent_wall_us=96.0010 candidate_wall_us=143.3320 paired_delta_us=-0.3800
LOCAL_SAMPLE case=fp16-8x2048 pair=19 order=P,C parent_device_us=4.2400 candidate_device_us=7.8400 parent_wall_us=69.0710 candidate_wall_us=147.6420 paired_delta_us=3.6000
LOCAL_SAMPLE case=fp16-8x2048 pair=20 order=C,P parent_device_us=4.9400 candidate_device_us=3.8400 parent_wall_us=95.2010 candidate_wall_us=74.6710 paired_delta_us=-1.1000
LOCAL_SAMPLE case=fp16-8x2048 pair=21 order=P,C parent_device_us=4.4400 candidate_device_us=4.8800 parent_wall_us=93.4210 candidate_wall_us=222.9230 paired_delta_us=0.4400
LOCAL_SAMPLE case=fp16-8x2048 pair=22 order=C,P parent_device_us=4.9000 candidate_device_us=4.8400 parent_wall_us=145.6410 candidate_wall_us=86.9810 paired_delta_us=-0.0600
LOCAL_SAMPLE case=fp16-8x2048 pair=23 order=P,C parent_device_us=4.8200 candidate_device_us=4.6800 parent_wall_us=178.2820 candidate_wall_us=94.7510 paired_delta_us=-0.1400
LOCAL_SAMPLE case=fp16-8x2048 pair=24 order=C,P parent_device_us=5.0400 candidate_device_us=4.0200 parent_wall_us=246.6630 candidate_wall_us=68.0610 paired_delta_us=-1.0200
LOCAL_SAMPLE case=fp16-8x2048 pair=25 order=P,C parent_device_us=6.1000 candidate_device_us=4.9600 parent_wall_us=96.9810 candidate_wall_us=79.1310 paired_delta_us=-1.1400
LOCAL_SAMPLE case=fp16-8x2048 pair=26 order=C,P parent_device_us=4.5200 candidate_device_us=141.5600 parent_wall_us=224.7230 candidate_wall_us=194.2820 paired_delta_us=137.0400
LOCAL_SAMPLE case=fp16-8x2048 pair=27 order=P,C parent_device_us=4.2600 candidate_device_us=28.3200 parent_wall_us=112.9110 candidate_wall_us=68.3310 paired_delta_us=24.0600
LOCAL_SAMPLE case=fp16-8x2048 pair=28 order=C,P parent_device_us=48.1600 candidate_device_us=4.7000 parent_wall_us=114.4510 candidate_wall_us=229.9130 paired_delta_us=-43.4600
LOCAL_SAMPLE case=fp16-8x2048 pair=29 order=P,C parent_device_us=4.4000 candidate_device_us=12.5200 parent_wall_us=83.6210 candidate_wall_us=72.5110 paired_delta_us=8.1200
LOCAL_SAMPLE case=fp16-8x2048 pair=30 order=C,P parent_device_us=4.8400 candidate_device_us=29.6800 parent_wall_us=77.6200 candidate_wall_us=93.6110 paired_delta_us=24.8400
LOCAL_SAMPLE case=fp16-8x2048 pair=31 order=P,C parent_device_us=5.5600 candidate_device_us=5.2000 parent_wall_us=87.5810 candidate_wall_us=127.7610 paired_delta_us=-0.3600
LOCAL_STATS case=fp16-8x2048 metric=device_us binary=PARENT_R31B_V011 n=31 median=4.9400 mean=9.4187 stdev=16.0353 cv=1.70250 min=3.9600 max=84.8600 mad=0.5400 p10=4.2600 p90=7.7800
LOCAL_STATS case=fp16-8x2048 metric=device_us binary=CANDIDATE_V006 n=31 median=4.9000 mean=16.8045 stdev=37.7522 cv=2.24655 min=3.8400 max=169.7200 mad=0.7400 p10=4.0400 p90=28.3200
LOCAL_STATS case=fp16-8x2048 metric=wall_us binary=PARENT_R31B_V011 n=31 median=199.2920 mean=193.8996 stdev=89.8449 cv=0.46336 min=69.0710 max=381.6140 mad=84.8410 p10=87.5810 p90=326.0340
LOCAL_STATS case=fp16-8x2048 metric=wall_us binary=CANDIDATE_V006 n=31 median=143.3320 mean=157.3883 stdev=71.7556 cv=0.45591 min=68.0610 max=296.9830 mad=55.7410 p10=74.6710 p90=254.2330
LOCAL_STATS case=fp16-8x2048 metric=paired_delta_us binary=CANDIDATE_MINUS_PARENT n=31 median=-0.1400 mean=7.3858 stdev=42.4291 cv=5.74468 min=-80.4200 max=164.8800 mad=1.0000 p10=-2.6600 p90=24.0600
LOCAL_RESULT route=SYNC-BARRIER-ELISION-X revision=V006 device=3 shape=8x2048 dtype=fp16 samples=31 parent_median_us=4.9400 candidate_median_us=4.9000 local_delta_us=-0.1400 local_score_percent=2.834011 candidate_minus_parent_percent=-2.834011
CORRECTNESS_SUMMARY result=PASS cases=5
LOCAL_RUN_1_RC=0
--- run 1 postflight UTC=2026-10-07T05:38:26Z uptime/loadavg ---
 05:38:26 up 241 days, 17:14, 36 users,  load average: 36.84, 33.12, 39.30
+------------------------------------------------------------------------------------------------+
| npu-smi 25.0.rc1.1               Version: 25.0.rc1.1                                           |
+---------------------------+---------------+----------------------------------------------------+
| NPU   Name                | Health        | Power(W)    Temp(C)           Hugepages-Usage(page)|
| Chip                      | Bus-Id        | AICore(%)   Memory-Usage(MB)  HBM-Usage(MB)        |
+===========================+===============+====================================================+
| 0     910B3               | OK            | 91.3        29                0    / 0             |
| 0                         | 0000:C1:00.0  | 0           0    / 0          60222/ 65536         |
+===========================+===============+====================================================+
| 1     910B3               | OK            | 88.2        29                0    / 0             |
| 0                         | 0000:C2:00.0  | 0           0    / 0          60274/ 65536         |
+===========================+===============+====================================================+
| 2     910B3               | OK            | 86.3        30                0    / 0             |
| 0                         | 0000:81:00.0  | 0           0    / 0          60214/ 65536         |
+===========================+===============+====================================================+
| 3     910B3               | OK            | 90.4        30                0    / 0             |
| 0                         | 0000:82:00.0  | 0           0    / 0          60221/ 65536         |
+===========================+===============+====================================================+
| 4     910B3               | OK            | 88.8        34                0    / 0             |
| 0                         | 0000:01:00.0  | 0           0    / 0          59192/ 65536         |
+===========================+===============+====================================================+
| 5     910B3               | OK            | 90.9        31                0    / 0             |
| 0                         | 0000:02:00.0  | 0           0    / 0          60222/ 65536         |
+===========================+===============+====================================================+
| 6     910B3               | OK            | 93.5        34                0    / 0             |
| 0                         | 0000:41:00.0  | 0           0    / 0          60222/ 65536         |
+===========================+===============+====================================================+
| 7     910B3               | OK            | 115.0       36                0    / 0             |
| 0                         | 0000:42:00.0  | 0           0    / 0          24790/ 65536         |
+===========================+===============+====================================================+
+---------------------------+---------------+----------------------------------------------------+
| NPU     Chip              | Process id    | Process name             | Process memory(MB)      |
+===========================+===============+====================================================+
| 0       0                 | 89395         | VLLMWorker_TP            | 56702                   |
+===========================+===============+====================================================+
| 1       0                 | 91055         | VLLMWorker_TP            | 56702                   |
+===========================+===============+====================================================+
| 2       0                 | 92813         | VLLMWorker_TP            | 56703                   |
+===========================+===============+====================================================+
| 3       0                 | 94498         | VLLMWorker_TP            | 56703                   |
+===========================+===============+====================================================+
| 4       0                 | 2999855       | VLLMEngineCor            | 55666                   |
+===========================+===============+====================================================+
| 5       0                 | 89602         | VLLMWorker_TP            | 56700                   |
+===========================+===============+====================================================+
| 6       0                 | 91228         | VLLMWorker_TP            | 56701                   |
+===========================+===============+====================================================+
| 7       0                 | 439848        | python3                  | 21260                   |
+===========================+===============+====================================================+

--- run 2 preflight UTC=2026-10-07T05:38:27Z uptime/loadavg ---
 05:38:27 up 241 days, 17:14, 36 users,  load average: 35.41, 32.88, 39.19
+------------------------------------------------------------------------------------------------+
| npu-smi 25.0.rc1.1               Version: 25.0.rc1.1                                           |
+---------------------------+---------------+----------------------------------------------------+
| NPU   Name                | Health        | Power(W)    Temp(C)           Hugepages-Usage(page)|
| Chip                      | Bus-Id        | AICore(%)   Memory-Usage(MB)  HBM-Usage(MB)        |
+===========================+===============+====================================================+
| 0     910B3               | OK            | 91.3        29                0    / 0             |
| 0                         | 0000:C1:00.0  | 0           0    / 0          60222/ 65536         |
+===========================+===============+====================================================+
| 1     910B3               | OK            | 88.0        29                0    / 0             |
| 0                         | 0000:C2:00.0  | 0           0    / 0          60275/ 65536         |
+===========================+===============+====================================================+
| 2     910B3               | OK            | 86.0        31                0    / 0             |
| 0                         | 0000:81:00.0  | 0           0    / 0          60214/ 65536         |
+===========================+===============+====================================================+
| 3     910B3               | OK            | 90.3        30                0    / 0             |
| 0                         | 0000:82:00.0  | 0           0    / 0          60221/ 65536         |
+===========================+===============+====================================================+
| 4     910B3               | OK            | 89.0        34                0    / 0             |
| 0                         | 0000:01:00.0  | 0           0    / 0          59192/ 65536         |
+===========================+===============+====================================================+
| 5     910B3               | OK            | 91.0        31                0    / 0             |
| 0                         | 0000:02:00.0  | 0           0    / 0          60223/ 65536         |
+===========================+===============+====================================================+
| 6     910B3               | OK            | 93.2        34                0    / 0             |
| 0                         | 0000:41:00.0  | 0           0    / 0          60222/ 65536         |
+===========================+===============+====================================================+
| 7     910B3               | OK            | 114.6       37                0    / 0             |
| 0                         | 0000:42:00.0  | 3           0    / 0          24790/ 65536         |
+===========================+===============+====================================================+
+---------------------------+---------------+----------------------------------------------------+
| NPU     Chip              | Process id    | Process name             | Process memory(MB)      |
+===========================+===============+====================================================+
| 0       0                 | 89395         | VLLMWorker_TP            | 56702                   |
+===========================+===============+====================================================+
| 1       0                 | 91055         | VLLMWorker_TP            | 56702                   |
+===========================+===============+====================================================+
| 2       0                 | 92813         | VLLMWorker_TP            | 56703                   |
+===========================+===============+====================================================+
| 3       0                 | 94498         | VLLMWorker_TP            | 56703                   |
+===========================+===============+====================================================+
| 4       0                 | 2999855       | VLLMEngineCor            | 55666                   |
+===========================+===============+====================================================+
| 5       0                 | 89602         | VLLMWorker_TP            | 56700                   |
+===========================+===============+====================================================+
| 6       0                 | 91228         | VLLMWorker_TP            | 56701                   |
+===========================+===============+====================================================+
| 7       0                 | 439848        | python3                  | 21260                   |
+===========================+===============+====================================================+
--- run 2 command ---
/home/data4t2/lelinfeng/server_runs/SYNC-BARRIER-ELISION-X/V006/compile-local-20261007T053516Z/build/sync_barrier_elision_correctness 3 --local
LOCAL_SAMPLE case=fp16-8x2048 pair=01 order=P,C parent_device_us=66.6600 candidate_device_us=77.6000 parent_wall_us=173.3220 candidate_wall_us=171.0220 paired_delta_us=10.9400
LOCAL_SAMPLE case=fp16-8x2048 pair=02 order=C,P parent_device_us=4.4000 candidate_device_us=4.6000 parent_wall_us=163.4320 candidate_wall_us=187.4620 paired_delta_us=0.2000
LOCAL_SAMPLE case=fp16-8x2048 pair=03 order=P,C parent_device_us=9.9800 candidate_device_us=4.7000 parent_wall_us=105.9410 candidate_wall_us=101.0510 paired_delta_us=-5.2800
LOCAL_SAMPLE case=fp16-8x2048 pair=04 order=C,P parent_device_us=4.8600 candidate_device_us=4.0000 parent_wall_us=167.5120 candidate_wall_us=98.7920 paired_delta_us=-0.8600
LOCAL_SAMPLE case=fp16-8x2048 pair=05 order=P,C parent_device_us=120.3200 candidate_device_us=5.6400 parent_wall_us=183.6520 candidate_wall_us=171.4720 paired_delta_us=-114.6800
LOCAL_SAMPLE case=fp16-8x2048 pair=06 order=C,P parent_device_us=4.8800 candidate_device_us=4.0200 parent_wall_us=192.0020 candidate_wall_us=175.8320 paired_delta_us=-0.8600
LOCAL_SAMPLE case=fp16-8x2048 pair=07 order=P,C parent_device_us=9.3600 candidate_device_us=159.2600 parent_wall_us=110.6410 candidate_wall_us=227.5120 paired_delta_us=149.9000
LOCAL_SAMPLE case=fp16-8x2048 pair=08 order=C,P parent_device_us=8.7200 candidate_device_us=214.7200 parent_wall_us=301.9530 candidate_wall_us=292.9330 paired_delta_us=206.0000
LOCAL_SAMPLE case=fp16-8x2048 pair=09 order=P,C parent_device_us=6.8600 candidate_device_us=6.5200 parent_wall_us=276.7230 candidate_wall_us=300.0630 paired_delta_us=-0.3400
LOCAL_SAMPLE case=fp16-8x2048 pair=10 order=C,P parent_device_us=189.0200 candidate_device_us=213.6000 parent_wall_us=269.0130 candidate_wall_us=289.9330 paired_delta_us=24.5800
LOCAL_SAMPLE case=fp16-8x2048 pair=11 order=P,C parent_device_us=5.0200 candidate_device_us=7.1800 parent_wall_us=105.3010 candidate_wall_us=184.4420 paired_delta_us=2.1600
LOCAL_SAMPLE case=fp16-8x2048 pair=12 order=C,P parent_device_us=8.6800 candidate_device_us=8.4000 parent_wall_us=285.5630 candidate_wall_us=280.0930 paired_delta_us=-0.2800
LOCAL_SAMPLE case=fp16-8x2048 pair=13 order=P,C parent_device_us=7.1200 candidate_device_us=6.9400 parent_wall_us=287.2240 candidate_wall_us=290.2530 paired_delta_us=-0.1800
LOCAL_SAMPLE case=fp16-8x2048 pair=14 order=C,P parent_device_us=8.6400 candidate_device_us=8.2400 parent_wall_us=288.1940 candidate_wall_us=279.7130 paired_delta_us=-0.4000
LOCAL_SAMPLE case=fp16-8x2048 pair=15 order=P,C parent_device_us=7.7800 candidate_device_us=7.0800 parent_wall_us=289.8830 candidate_wall_us=292.3430 paired_delta_us=-0.7000
LOCAL_SAMPLE case=fp16-8x2048 pair=16 order=C,P parent_device_us=8.4000 candidate_device_us=8.1600 parent_wall_us=289.8630 candidate_wall_us=282.9230 paired_delta_us=-0.2400
LOCAL_SAMPLE case=fp16-8x2048 pair=17 order=P,C parent_device_us=8.6800 candidate_device_us=4.8400 parent_wall_us=300.0240 candidate_wall_us=104.1510 paired_delta_us=-3.8400
LOCAL_SAMPLE case=fp16-8x2048 pair=18 order=C,P parent_device_us=183.9000 candidate_device_us=8.0800 parent_wall_us=252.3230 candidate_wall_us=171.8720 paired_delta_us=-175.8200
LOCAL_SAMPLE case=fp16-8x2048 pair=19 order=P,C parent_device_us=214.4000 candidate_device_us=5.1400 parent_wall_us=291.7240 candidate_wall_us=106.3010 paired_delta_us=-209.2600
LOCAL_SAMPLE case=fp16-8x2048 pair=20 order=C,P parent_device_us=110.6600 candidate_device_us=5.5400 parent_wall_us=184.0720 candidate_wall_us=202.3720 paired_delta_us=-105.1200
LOCAL_SAMPLE case=fp16-8x2048 pair=21 order=P,C parent_device_us=5.1200 candidate_device_us=5.2600 parent_wall_us=185.2820 candidate_wall_us=333.0040 paired_delta_us=0.1400
LOCAL_SAMPLE case=fp16-8x2048 pair=22 order=C,P parent_device_us=4.7400 candidate_device_us=5.1400 parent_wall_us=326.9930 candidate_wall_us=233.6030 paired_delta_us=0.4000
LOCAL_SAMPLE case=fp16-8x2048 pair=23 order=P,C parent_device_us=4.3000 candidate_device_us=4.7800 parent_wall_us=225.3720 candidate_wall_us=329.7440 paired_delta_us=0.4800
LOCAL_SAMPLE case=fp16-8x2048 pair=24 order=C,P parent_device_us=5.2000 candidate_device_us=4.5800 parent_wall_us=329.6930 candidate_wall_us=228.2430 paired_delta_us=-0.6200
LOCAL_SAMPLE case=fp16-8x2048 pair=25 order=P,C parent_device_us=4.8000 candidate_device_us=5.2600 parent_wall_us=288.2130 candidate_wall_us=277.2840 paired_delta_us=0.4600
LOCAL_SAMPLE case=fp16-8x2048 pair=26 order=C,P parent_device_us=5.2000 candidate_device_us=5.0600 parent_wall_us=104.7710 candidate_wall_us=159.7820 paired_delta_us=-0.1400
LOCAL_SAMPLE case=fp16-8x2048 pair=27 order=P,C parent_device_us=191.3600 candidate_device_us=5.2600 parent_wall_us=256.8530 candidate_wall_us=341.9340 paired_delta_us=-186.1000
LOCAL_SAMPLE case=fp16-8x2048 pair=28 order=C,P parent_device_us=16.6600 candidate_device_us=5.2000 parent_wall_us=96.8720 candidate_wall_us=108.4010 paired_delta_us=-11.4600
LOCAL_SAMPLE case=fp16-8x2048 pair=29 order=P,C parent_device_us=82.7400 candidate_device_us=4.5800 parent_wall_us=158.8920 candidate_wall_us=119.4910 paired_delta_us=-78.1600
LOCAL_SAMPLE case=fp16-8x2048 pair=30 order=C,P parent_device_us=105.6800 candidate_device_us=7.1200 parent_wall_us=176.4320 candidate_wall_us=179.9720 paired_delta_us=-98.5600
LOCAL_SAMPLE case=fp16-8x2048 pair=31 order=P,C parent_device_us=5.5600 candidate_device_us=4.8200 parent_wall_us=101.7320 candidate_wall_us=185.6420 paired_delta_us=-0.7400
LOCAL_STATS case=fp16-8x2048 metric=device_us binary=PARENT_R31B_V011 n=31 median=8.6400 mean=45.7968 stdev=67.7147 cv=1.47859 min=4.3000 max=214.4000 mad=3.7600 p10=4.8000 p90=183.9000
LOCAL_STATS case=fp16-8x2048 metric=device_us binary=CANDIDATE_V006 n=31 median=5.2600 mean=26.4942 stdev=58.3970 cv=2.20414 min=4.0000 max=214.7200 mad=0.6800 p10=4.5800 p90=77.6000
LOCAL_STATS case=fp16-8x2048 metric=wall_us binary=PARENT_R31B_V011 n=31 median=225.3720 mean=218.3699 stdev=76.7065 cv=0.35127 min=96.8720 max=329.6930 mad=62.8220 p10=105.3010 p90=300.0240
LOCAL_STATS case=fp16-8x2048 metric=wall_us binary=CANDIDATE_V006 n=31 median=202.3720 mean=216.3753 stdev=76.7244 cv=0.35459 min=98.7920 max=341.9340 mad=77.7210 p10=106.3010 p90=300.0630
LOCAL_STATS case=fp16-8x2048 metric=paired_delta_us binary=CANDIDATE_MINUS_PARENT n=31 median=-0.4000 mean=-19.3026 stdev=82.3858 cv=-4.26812 min=-209.2600 max=206.0000 mad=0.8800 p10=-114.6800 p90=10.9400
LOCAL_RESULT route=SYNC-BARRIER-ELISION-X revision=V006 device=3 shape=8x2048 dtype=fp16 samples=31 parent_median_us=8.6400 candidate_median_us=5.2600 local_delta_us=-0.4000 local_score_percent=4.629622 candidate_minus_parent_percent=-4.629622
CORRECTNESS_SUMMARY result=PASS cases=5
LOCAL_RUN_2_RC=0
--- run 2 postflight UTC=2026-10-07T05:38:35Z uptime/loadavg ---
 05:38:35 up 241 days, 17:14, 36 users,  load average: 33.94, 32.62, 39.07
+------------------------------------------------------------------------------------------------+
| npu-smi 25.0.rc1.1               Version: 25.0.rc1.1                                           |
+---------------------------+---------------+----------------------------------------------------+
| NPU   Name                | Health        | Power(W)    Temp(C)           Hugepages-Usage(page)|
| Chip                      | Bus-Id        | AICore(%)   Memory-Usage(MB)  HBM-Usage(MB)        |
+===========================+===============+====================================================+
| 0     910B3               | OK            | 91.5        29                0    / 0             |
| 0                         | 0000:C1:00.0  | 0           0    / 0          60222/ 65536         |
+===========================+===============+====================================================+
| 1     910B3               | OK            | 88.4        29                0    / 0             |
| 0                         | 0000:C2:00.0  | 0           0    / 0          60274/ 65536         |
+===========================+===============+====================================================+
| 2     910B3               | OK            | 86.4        31                0    / 0             |
| 0                         | 0000:81:00.0  | 0           0    / 0          60214/ 65536         |
+===========================+===============+====================================================+
| 3     910B3               | OK            | 90.5        30                0    / 0             |
| 0                         | 0000:82:00.0  | 0           0    / 0          60221/ 65536         |
+===========================+===============+====================================================+
| 4     910B3               | OK            | 88.8        33                0    / 0             |
| 0                         | 0000:01:00.0  | 0           0    / 0          59192/ 65536         |
+===========================+===============+====================================================+
| 5     910B3               | OK            | 91.0        32                0    / 0             |
| 0                         | 0000:02:00.0  | 0           0    / 0          60223/ 65536         |
+===========================+===============+====================================================+
| 6     910B3               | OK            | 92.4        34                0    / 0             |
| 0                         | 0000:41:00.0  | 0           0    / 0          60222/ 65536         |
+===========================+===============+====================================================+
| 7     910B3               | OK            | 142.7       37                0    / 0             |
| 0                         | 0000:42:00.0  | 20          0    / 0          24790/ 65536         |
+===========================+===============+====================================================+
+---------------------------+---------------+----------------------------------------------------+
| NPU     Chip              | Process id    | Process name             | Process memory(MB)      |
+===========================+===============+====================================================+
| 0       0                 | 89395         | VLLMWorker_TP            | 56702                   |
+===========================+===============+====================================================+
| 1       0                 | 91055         | VLLMWorker_TP            | 56702                   |
+===========================+===============+====================================================+
| 2       0                 | 92813         | VLLMWorker_TP            | 56703                   |
+===========================+===============+====================================================+
| 3       0                 | 94498         | VLLMWorker_TP            | 56703                   |
+===========================+===============+====================================================+
| 4       0                 | 2999855       | VLLMEngineCor            | 55666                   |
+===========================+===============+====================================================+
| 5       0                 | 89602         | VLLMWorker_TP            | 56700                   |
+===========================+===============+====================================================+
| 6       0                 | 91228         | VLLMWorker_TP            | 56701                   |
+===========================+===============+====================================================+
| 7       0                 | 439848        | python3                  | 21260                   |
+===========================+===============+====================================================+
UTC_LOCAL_END=2026-10-07T05:38:37Z
