# MIX-A-V001 compile on cann-server3 (2026-09-22)
# Target: Ascend910B3 / dav-2201 / CANN 8.5.0.alpha002 / bisheng
# Path: /home/data4t2/lelinfeng/phase4-workspaces/MIX-A
#
# CONFIGURE     RC=0  (configure-v001-server3.log)
# DEVICE        RC=0  (compile-v001-device-server3.log)
#   MIX-A-V001-device.cpp.o 130184 B
# SUBMISSION    RC=0  (compile-v001-submission-server3.log)
#   compile_adapter.cpp.o 130184 B
# FULL LINK     RC=0  ld.lld -m aicorelinux -Ttext=0 ... -static
#   MIX-A-V001-device.alink 130576 B
#   MIX-A-V001-submission.alink 130568 B
#   file: ELF 64-bit LSB executable, aicore, statically linked, not stripped
#   symbols: add_rms_norm_bias_custom<float|half|bfloat16_t> present
#
# Host+device bisheng -x asc executable link remains broken on cann-server3
# (known from R31A-V005). Aicore device/submission compile + full link are the
# required stages and all passed.
#
# ONLINE_READY source: MIX-A-V001-submission.asc
