ROUTE=MODE-DISPATCH-CUTOFF-X
REVISION=V096
DEVICE=2
LOCAL_START_TIMESTAMP=2026-10-08T18:01:06.790092076Z
PRE_SNAPSHOT_UTC=2026-10-08T18:01:07.953014126Z WIDTH=1008 PAIR=1 RC=0 FILE=本地实验/R-W4-4/V096/partial-ranking/local-pair01-r128-w1008-retry1-pre-npu-smi.txt
START_UTC=2026-10-08T18:01:07.957531812Z VARIANT=parent WIDTH=1008 PAIR=1 CMD=本地实验/R-W4-4/V096/partial-ranking/stage/build-v096/clx_ref_parent_probe 2 128 1008 0 本地实验/R-W4-4/V096/partial-ranking/local-pair01-parent-r128-w1008-fp32-retry1 45 31 2 0 64
END_UTC=2026-10-08T18:01:14.908482177Z VARIANT=parent WIDTH=1008 PAIR=1 RC=0
REF_HARNESS device=2 shape=128x1008 dtype=0 warmup=45 samples=31 blocks=2 bad=0
START_UTC=2026-10-08T18:01:14.916018144Z VARIANT=candidate WIDTH=1008 PAIR=1 CMD=本地实验/R-W4-4/V096/partial-ranking/stage/build-v096/clx_ref_candidate_probe 2 128 1008 0 本地实验/R-W4-4/V096/partial-ranking/local-pair01-candidate-r128-w1008-fp32-retry1 45 31 2 0 64
END_UTC=2026-10-08T18:01:21.614657061Z VARIANT=candidate WIDTH=1008 PAIR=1 RC=0
REF_HARNESS device=2 shape=128x1008 dtype=0 warmup=45 samples=31 blocks=2 bad=0
POST_SNAPSHOT_UTC=2026-10-08T18:01:22.809421831Z WIDTH=1008 PAIR=1 RC=0 FILE=本地实验/R-W4-4/V096/partial-ranking/local-pair01-r128-w1008-retry1-post-npu-smi.txt
PRE_SNAPSHOT_UTC=2026-10-08T18:01:24.071330895Z WIDTH=1008 PAIR=2 RC=0 FILE=本地实验/R-W4-4/V096/partial-ranking/local-pair02-r128-w1008-retry1-pre-npu-smi.txt
START_UTC=2026-10-08T18:01:24.075421366Z VARIANT=candidate WIDTH=1008 PAIR=2 CMD=本地实验/R-W4-4/V096/partial-ranking/stage/build-v096/clx_ref_candidate_probe 2 128 1008 0 本地实验/R-W4-4/V096/partial-ranking/local-pair02-candidate-r128-w1008-fp32-retry1 45 31 2 0 64
END_UTC=2026-10-08T18:01:30.807017740Z VARIANT=candidate WIDTH=1008 PAIR=2 RC=0
REF_HARNESS device=2 shape=128x1008 dtype=0 warmup=45 samples=31 blocks=2 bad=0
START_UTC=2026-10-08T18:01:30.812775418Z VARIANT=parent WIDTH=1008 PAIR=2 CMD=本地实验/R-W4-4/V096/partial-ranking/stage/build-v096/clx_ref_parent_probe 2 128 1008 0 本地实验/R-W4-4/V096/partial-ranking/local-pair02-parent-r128-w1008-fp32-retry1 45 31 2 0 64
END_UTC=2026-10-08T18:01:37.346549520Z VARIANT=parent WIDTH=1008 PAIR=2 RC=0
REF_HARNESS device=2 shape=128x1008 dtype=0 warmup=45 samples=31 blocks=2 bad=0
POST_SNAPSHOT_UTC=2026-10-08T18:01:38.513786917Z WIDTH=1008 PAIR=2 RC=0 FILE=本地实验/R-W4-4/V096/partial-ranking/local-pair02-r128-w1008-retry1-post-npu-smi.txt
PRE_SNAPSHOT_UTC=2026-10-08T18:01:39.697621034Z WIDTH=1008 PAIR=3 RC=0 FILE=本地实验/R-W4-4/V096/partial-ranking/local-pair03-r128-w1008-retry1-pre-npu-smi.txt
START_UTC=2026-10-08T18:01:39.701687965Z VARIANT=parent WIDTH=1008 PAIR=3 CMD=本地实验/R-W4-4/V096/partial-ranking/stage/build-v096/clx_ref_parent_probe 2 128 1008 0 本地实验/R-W4-4/V096/partial-ranking/local-pair03-parent-r128-w1008-fp32-retry1 45 31 2 0 64
END_UTC=2026-10-08T18:01:46.640288957Z VARIANT=parent WIDTH=1008 PAIR=3 RC=0
REF_HARNESS device=2 shape=128x1008 dtype=0 warmup=45 samples=31 blocks=2 bad=0
START_UTC=2026-10-08T18:01:46.659533410Z VARIANT=candidate WIDTH=1008 PAIR=3 CMD=本地实验/R-W4-4/V096/partial-ranking/stage/build-v096/clx_ref_candidate_probe 2 128 1008 0 本地实验/R-W4-4/V096/partial-ranking/local-pair03-candidate-r128-w1008-fp32-retry1 45 31 2 0 64
END_UTC=2026-10-08T18:01:53.388981515Z VARIANT=candidate WIDTH=1008 PAIR=3 RC=0
REF_HARNESS device=2 shape=128x1008 dtype=0 warmup=45 samples=31 blocks=2 bad=0
POST_SNAPSHOT_UTC=2026-10-08T18:01:54.604990355Z WIDTH=1008 PAIR=3 RC=0 FILE=本地实验/R-W4-4/V096/partial-ranking/local-pair03-r128-w1008-retry1-post-npu-smi.txt
PRE_SNAPSHOT_UTC=2026-10-08T18:01:55.775746837Z WIDTH=1008 PAIR=4 RC=0 FILE=本地实验/R-W4-4/V096/partial-ranking/local-pair04-r128-w1008-retry1-pre-npu-smi.txt
START_UTC=2026-10-08T18:01:55.780039960Z VARIANT=candidate WIDTH=1008 PAIR=4 CMD=本地实验/R-W4-4/V096/partial-ranking/stage/build-v096/clx_ref_candidate_probe 2 128 1008 0 本地实验/R-W4-4/V096/partial-ranking/local-pair04-candidate-r128-w1008-fp32-retry1 45 31 2 0 64
END_UTC=2026-10-08T18:02:02.133486970Z VARIANT=candidate WIDTH=1008 PAIR=4 RC=0
REF_HARNESS device=2 shape=128x1008 dtype=0 warmup=45 samples=31 blocks=2 bad=0
START_UTC=2026-10-08T18:02:02.148907333Z VARIANT=parent WIDTH=1008 PAIR=4 CMD=本地实验/R-W4-4/V096/partial-ranking/stage/build-v096/clx_ref_parent_probe 2 128 1008 0 本地实验/R-W4-4/V096/partial-ranking/local-pair04-parent-r128-w1008-fp32-retry1 45 31 2 0 64
END_UTC=2026-10-08T18:02:08.715554026Z VARIANT=parent WIDTH=1008 PAIR=4 RC=0
REF_HARNESS device=2 shape=128x1008 dtype=0 warmup=45 samples=31 blocks=2 bad=0
POST_SNAPSHOT_UTC=2026-10-08T18:02:10.003881385Z WIDTH=1008 PAIR=4 RC=0 FILE=本地实验/R-W4-4/V096/partial-ranking/local-pair04-r128-w1008-retry1-post-npu-smi.txt
PRE_SNAPSHOT_UTC=2026-10-08T18:02:11.156929343Z WIDTH=1008 PAIR=5 RC=0 FILE=本地实验/R-W4-4/V096/partial-ranking/local-pair05-r128-w1008-retry1-pre-npu-smi.txt
START_UTC=2026-10-08T18:02:11.170381957Z VARIANT=parent WIDTH=1008 PAIR=5 CMD=本地实验/R-W4-4/V096/partial-ranking/stage/build-v096/clx_ref_parent_probe 2 128 1008 0 本地实验/R-W4-4/V096/partial-ranking/local-pair05-parent-r128-w1008-fp32-retry1 45 31 2 0 64
END_UTC=2026-10-08T18:02:17.959158487Z VARIANT=parent WIDTH=1008 PAIR=5 RC=0
REF_HARNESS device=2 shape=128x1008 dtype=0 warmup=45 samples=31 blocks=2 bad=0
START_UTC=2026-10-08T18:02:17.977953113Z VARIANT=candidate WIDTH=1008 PAIR=5 CMD=本地实验/R-W4-4/V096/partial-ranking/stage/build-v096/clx_ref_candidate_probe 2 128 1008 0 本地实验/R-W4-4/V096/partial-ranking/local-pair05-candidate-r128-w1008-fp32-retry1 45 31 2 0 64
END_UTC=2026-10-08T18:02:24.144487547Z VARIANT=candidate WIDTH=1008 PAIR=5 RC=0
REF_HARNESS device=2 shape=128x1008 dtype=0 warmup=45 samples=31 blocks=2 bad=0
POST_SNAPSHOT_UTC=2026-10-08T18:02:25.368661759Z WIDTH=1008 PAIR=5 RC=0 FILE=本地实验/R-W4-4/V096/partial-ranking/local-pair05-r128-w1008-retry1-post-npu-smi.txt
PRE_SNAPSHOT_UTC=2026-10-08T18:02:26.540298946Z WIDTH=1008 PAIR=6 RC=0 FILE=本地实验/R-W4-4/V096/partial-ranking/local-pair06-r128-w1008-retry1-pre-npu-smi.txt
START_UTC=2026-10-08T18:02:26.545197865Z VARIANT=candidate WIDTH=1008 PAIR=6 CMD=本地实验/R-W4-4/V096/partial-ranking/stage/build-v096/clx_ref_candidate_probe 2 128 1008 0 本地实验/R-W4-4/V096/partial-ranking/local-pair06-candidate-r128-w1008-fp32-retry1 45 31 2 0 64
END_UTC=2026-10-08T18:02:33.085463028Z VARIANT=candidate WIDTH=1008 PAIR=6 RC=0
REF_HARNESS device=2 shape=128x1008 dtype=0 warmup=45 samples=31 blocks=2 bad=0
START_UTC=2026-10-08T18:02:33.092781810Z VARIANT=parent WIDTH=1008 PAIR=6 CMD=本地实验/R-W4-4/V096/partial-ranking/stage/build-v096/clx_ref_parent_probe 2 128 1008 0 本地实验/R-W4-4/V096/partial-ranking/local-pair06-parent-r128-w1008-fp32-retry1 45 31 2 0 64
END_UTC=2026-10-08T18:02:39.833725806Z VARIANT=parent WIDTH=1008 PAIR=6 RC=0
REF_HARNESS device=2 shape=128x1008 dtype=0 warmup=45 samples=31 blocks=2 bad=0
POST_SNAPSHOT_UTC=2026-10-08T18:02:41.024984938Z WIDTH=1008 PAIR=6 RC=0 FILE=本地实验/R-W4-4/V096/partial-ranking/local-pair06-r128-w1008-retry1-post-npu-smi.txt
PRE_SNAPSHOT_UTC=2026-10-08T18:02:42.290805553Z WIDTH=1012 PAIR=1 RC=0 FILE=本地实验/R-W4-4/V096/partial-ranking/local-pair01-r128-w1012-retry1-pre-npu-smi.txt
START_UTC=2026-10-08T18:02:42.295340418Z VARIANT=parent WIDTH=1012 PAIR=1 CMD=本地实验/R-W4-4/V096/partial-ranking/stage/build-v096/clx_ref_parent_probe 2 128 1012 0 本地实验/R-W4-4/V096/partial-ranking/local-pair01-parent-r128-w1012-fp32-retry1 45 31 2 0 64
END_UTC=2026-10-08T18:02:49.824914041Z VARIANT=parent WIDTH=1012 PAIR=1 RC=0
REF_HARNESS device=2 shape=128x1012 dtype=0 warmup=45 samples=31 blocks=2 bad=0
START_UTC=2026-10-08T18:02:49.830406595Z VARIANT=candidate WIDTH=1012 PAIR=1 CMD=本地实验/R-W4-4/V096/partial-ranking/stage/build-v096/clx_ref_candidate_probe 2 128 1012 0 本地实验/R-W4-4/V096/partial-ranking/local-pair01-candidate-r128-w1012-fp32-retry1 45 31 2 0 64
END_UTC=2026-10-08T18:02:56.695456782Z VARIANT=candidate WIDTH=1012 PAIR=1 RC=0
REF_HARNESS device=2 shape=128x1012 dtype=0 warmup=45 samples=31 blocks=2 bad=0
POST_SNAPSHOT_UTC=2026-10-08T18:02:57.950938360Z WIDTH=1012 PAIR=1 RC=0 FILE=本地实验/R-W4-4/V096/partial-ranking/local-pair01-r128-w1012-retry1-post-npu-smi.txt
PRE_SNAPSHOT_UTC=2026-10-08T18:02:59.145257756Z WIDTH=1012 PAIR=2 RC=0 FILE=本地实验/R-W4-4/V096/partial-ranking/local-pair02-r128-w1012-retry1-pre-npu-smi.txt
START_UTC=2026-10-08T18:02:59.149025962Z VARIANT=candidate WIDTH=1012 PAIR=2 CMD=本地实验/R-W4-4/V096/partial-ranking/stage/build-v096/clx_ref_candidate_probe 2 128 1012 0 本地实验/R-W4-4/V096/partial-ranking/local-pair02-candidate-r128-w1012-fp32-retry1 45 31 2 0 64
END_UTC=2026-10-08T18:03:05.944047773Z VARIANT=candidate WIDTH=1012 PAIR=2 RC=0
REF_HARNESS device=2 shape=128x1012 dtype=0 warmup=45 samples=31 blocks=2 bad=0
START_UTC=2026-10-08T18:03:05.950336904Z VARIANT=parent WIDTH=1012 PAIR=2 CMD=本地实验/R-W4-4/V096/partial-ranking/stage/build-v096/clx_ref_parent_probe 2 128 1012 0 本地实验/R-W4-4/V096/partial-ranking/local-pair02-parent-r128-w1012-fp32-retry1 45 31 2 0 64
END_UTC=2026-10-08T18:03:12.910418066Z VARIANT=parent WIDTH=1012 PAIR=2 RC=0
REF_HARNESS device=2 shape=128x1012 dtype=0 warmup=45 samples=31 blocks=2 bad=0
POST_SNAPSHOT_UTC=2026-10-08T18:03:14.126169711Z WIDTH=1012 PAIR=2 RC=0 FILE=本地实验/R-W4-4/V096/partial-ranking/local-pair02-r128-w1012-retry1-post-npu-smi.txt
PRE_SNAPSHOT_UTC=2026-10-08T18:03:15.312581126Z WIDTH=1012 PAIR=3 RC=0 FILE=本地实验/R-W4-4/V096/partial-ranking/local-pair03-r128-w1012-retry1-pre-npu-smi.txt
START_UTC=2026-10-08T18:03:15.316199171Z VARIANT=parent WIDTH=1012 PAIR=3 CMD=本地实验/R-W4-4/V096/partial-ranking/stage/build-v096/clx_ref_parent_probe 2 128 1012 0 本地实验/R-W4-4/V096/partial-ranking/local-pair03-parent-r128-w1012-fp32-retry1 45 31 2 0 64
END_UTC=2026-10-08T18:03:23.223963987Z VARIANT=parent WIDTH=1012 PAIR=3 RC=0
REF_HARNESS device=2 shape=128x1012 dtype=0 warmup=45 samples=31 blocks=2 bad=0
START_UTC=2026-10-08T18:03:23.232082185Z VARIANT=candidate WIDTH=1012 PAIR=3 CMD=本地实验/R-W4-4/V096/partial-ranking/stage/build-v096/clx_ref_candidate_probe 2 128 1012 0 本地实验/R-W4-4/V096/partial-ranking/local-pair03-candidate-r128-w1012-fp32-retry1 45 31 2 0 64
END_UTC=2026-10-08T18:03:30.153246065Z VARIANT=candidate WIDTH=1012 PAIR=3 RC=0
REF_HARNESS device=2 shape=128x1012 dtype=0 warmup=45 samples=31 blocks=2 bad=0
POST_SNAPSHOT_UTC=2026-10-08T18:03:31.376938669Z WIDTH=1012 PAIR=3 RC=0 FILE=本地实验/R-W4-4/V096/partial-ranking/local-pair03-r128-w1012-retry1-post-npu-smi.txt
PRE_SNAPSHOT_UTC=2026-10-08T18:03:32.577240093Z WIDTH=1012 PAIR=4 RC=0 FILE=本地实验/R-W4-4/V096/partial-ranking/local-pair04-r128-w1012-retry1-pre-npu-smi.txt
START_UTC=2026-10-08T18:03:32.581821737Z VARIANT=candidate WIDTH=1012 PAIR=4 CMD=本地实验/R-W4-4/V096/partial-ranking/stage/build-v096/clx_ref_candidate_probe 2 128 1012 0 本地实验/R-W4-4/V096/partial-ranking/local-pair04-candidate-r128-w1012-fp32-retry1 45 31 2 0 64
END_UTC=2026-10-08T18:03:40.296887258Z VARIANT=candidate WIDTH=1012 PAIR=4 RC=0
REF_HARNESS device=2 shape=128x1012 dtype=0 warmup=45 samples=31 blocks=2 bad=0
START_UTC=2026-10-08T18:03:40.323100389Z VARIANT=parent WIDTH=1012 PAIR=4 CMD=本地实验/R-W4-4/V096/partial-ranking/stage/build-v096/clx_ref_parent_probe 2 128 1012 0 本地实验/R-W4-4/V096/partial-ranking/local-pair04-parent-r128-w1012-fp32-retry1 45 31 2 0 64
END_UTC=2026-10-08T18:03:47.897055220Z VARIANT=parent WIDTH=1012 PAIR=4 RC=0
REF_HARNESS device=2 shape=128x1012 dtype=0 warmup=45 samples=31 blocks=2 bad=0
POST_SNAPSHOT_UTC=2026-10-08T18:03:49.067654110Z WIDTH=1012 PAIR=4 RC=0 FILE=本地实验/R-W4-4/V096/partial-ranking/local-pair04-r128-w1012-retry1-post-npu-smi.txt
PRE_SNAPSHOT_UTC=2026-10-08T18:03:50.361120437Z WIDTH=1012 PAIR=5 RC=0 FILE=本地实验/R-W4-4/V096/partial-ranking/local-pair05-r128-w1012-retry1-pre-npu-smi.txt
START_UTC=2026-10-08T18:03:50.364622670Z VARIANT=parent WIDTH=1012 PAIR=5 CMD=本地实验/R-W4-4/V096/partial-ranking/stage/build-v096/clx_ref_parent_probe 2 128 1012 0 本地实验/R-W4-4/V096/partial-ranking/local-pair05-parent-r128-w1012-fp32-retry1 45 31 2 0 64
END_UTC=2026-10-08T18:03:58.487332956Z VARIANT=parent WIDTH=1012 PAIR=5 RC=0
REF_HARNESS device=2 shape=128x1012 dtype=0 warmup=45 samples=31 blocks=2 bad=0
START_UTC=2026-10-08T18:03:58.494243042Z VARIANT=candidate WIDTH=1012 PAIR=5 CMD=本地实验/R-W4-4/V096/partial-ranking/stage/build-v096/clx_ref_candidate_probe 2 128 1012 0 本地实验/R-W4-4/V096/partial-ranking/local-pair05-candidate-r128-w1012-fp32-retry1 45 31 2 0 64
END_UTC=2026-10-08T18:04:05.827584101Z VARIANT=candidate WIDTH=1012 PAIR=5 RC=0
REF_HARNESS device=2 shape=128x1012 dtype=0 warmup=45 samples=31 blocks=2 bad=0
POST_SNAPSHOT_UTC=2026-10-08T18:04:07.013624375Z WIDTH=1012 PAIR=5 RC=0 FILE=本地实验/R-W4-4/V096/partial-ranking/local-pair05-r128-w1012-retry1-post-npu-smi.txt
PRE_SNAPSHOT_UTC=2026-10-08T18:04:08.236347162Z WIDTH=1012 PAIR=6 RC=0 FILE=本地实验/R-W4-4/V096/partial-ranking/local-pair06-r128-w1012-retry1-pre-npu-smi.txt
START_UTC=2026-10-08T18:04:08.241569451Z VARIANT=candidate WIDTH=1012 PAIR=6 CMD=本地实验/R-W4-4/V096/partial-ranking/stage/build-v096/clx_ref_candidate_probe 2 128 1012 0 本地实验/R-W4-4/V096/partial-ranking/local-pair06-candidate-r128-w1012-fp32-retry1 45 31 2 0 64
END_UTC=2026-10-08T18:04:15.751109114Z VARIANT=candidate WIDTH=1012 PAIR=6 RC=0
REF_HARNESS device=2 shape=128x1012 dtype=0 warmup=45 samples=31 blocks=2 bad=0
START_UTC=2026-10-08T18:04:15.769179645Z VARIANT=parent WIDTH=1012 PAIR=6 CMD=本地实验/R-W4-4/V096/partial-ranking/stage/build-v096/clx_ref_parent_probe 2 128 1012 0 本地实验/R-W4-4/V096/partial-ranking/local-pair06-parent-r128-w1012-fp32-retry1 45 31 2 0 64
END_UTC=2026-10-08T18:04:22.094056004Z VARIANT=parent WIDTH=1012 PAIR=6 RC=0
REF_HARNESS device=2 shape=128x1012 dtype=0 warmup=45 samples=31 blocks=2 bad=0
POST_SNAPSHOT_UTC=2026-10-08T18:04:23.273521721Z WIDTH=1012 PAIR=6 RC=0 FILE=本地实验/R-W4-4/V096/partial-ranking/local-pair06-r128-w1012-retry1-post-npu-smi.txt
PRE_SNAPSHOT_UTC=2026-10-08T18:04:24.461271002Z WIDTH=1016 PAIR=1 RC=0 FILE=本地实验/R-W4-4/V096/partial-ranking/local-pair01-r128-w1016-retry1-pre-npu-smi.txt
START_UTC=2026-10-08T18:04:24.486260338Z VARIANT=parent WIDTH=1016 PAIR=1 CMD=本地实验/R-W4-4/V096/partial-ranking/stage/build-v096/clx_ref_parent_probe 2 128 1016 0 本地实验/R-W4-4/V096/partial-ranking/local-pair01-parent-r128-w1016-fp32-retry1 45 31 2 0 64
END_UTC=2026-10-08T18:04:31.044293810Z VARIANT=parent WIDTH=1016 PAIR=1 RC=0
REF_HARNESS device=2 shape=128x1016 dtype=0 warmup=45 samples=31 blocks=2 bad=0
START_UTC=2026-10-08T18:04:31.062117458Z VARIANT=candidate WIDTH=1016 PAIR=1 CMD=本地实验/R-W4-4/V096/partial-ranking/stage/build-v096/clx_ref_candidate_probe 2 128 1016 0 本地实验/R-W4-4/V096/partial-ranking/local-pair01-candidate-r128-w1016-fp32-retry1 45 31 2 0 64
END_UTC=2026-10-08T18:04:37.422503975Z VARIANT=candidate WIDTH=1016 PAIR=1 RC=0
REF_HARNESS device=2 shape=128x1016 dtype=0 warmup=45 samples=31 blocks=2 bad=0
POST_SNAPSHOT_UTC=2026-10-08T18:04:38.589690248Z WIDTH=1016 PAIR=1 RC=0 FILE=本地实验/R-W4-4/V096/partial-ranking/local-pair01-r128-w1016-retry1-post-npu-smi.txt
PRE_SNAPSHOT_UTC=2026-10-08T18:04:39.853363373Z WIDTH=1016 PAIR=2 RC=0 FILE=本地实验/R-W4-4/V096/partial-ranking/local-pair02-r128-w1016-retry1-pre-npu-smi.txt
START_UTC=2026-10-08T18:04:39.857030307Z VARIANT=candidate WIDTH=1016 PAIR=2 CMD=本地实验/R-W4-4/V096/partial-ranking/stage/build-v096/clx_ref_candidate_probe 2 128 1016 0 本地实验/R-W4-4/V096/partial-ranking/local-pair02-candidate-r128-w1016-fp32-retry1 45 31 2 0 64
END_UTC=2026-10-08T18:04:46.768774366Z VARIANT=candidate WIDTH=1016 PAIR=2 RC=0
REF_HARNESS device=2 shape=128x1016 dtype=0 warmup=45 samples=31 blocks=2 bad=0
START_UTC=2026-10-08T18:04:46.775289707Z VARIANT=parent WIDTH=1016 PAIR=2 CMD=本地实验/R-W4-4/V096/partial-ranking/stage/build-v096/clx_ref_parent_probe 2 128 1016 0 本地实验/R-W4-4/V096/partial-ranking/local-pair02-parent-r128-w1016-fp32-retry1 45 31 2 0 64
END_UTC=2026-10-08T18:04:53.307064609Z VARIANT=parent WIDTH=1016 PAIR=2 RC=0
REF_HARNESS device=2 shape=128x1016 dtype=0 warmup=45 samples=31 blocks=2 bad=0
POST_SNAPSHOT_UTC=2026-10-08T18:04:54.599978378Z WIDTH=1016 PAIR=2 RC=0 FILE=本地实验/R-W4-4/V096/partial-ranking/local-pair02-r128-w1016-retry1-post-npu-smi.txt
PRE_SNAPSHOT_UTC=2026-10-08T18:04:55.769982515Z WIDTH=1016 PAIR=3 RC=0 FILE=本地实验/R-W4-4/V096/partial-ranking/local-pair03-r128-w1016-retry1-pre-npu-smi.txt
START_UTC=2026-10-08T18:04:55.773611409Z VARIANT=parent WIDTH=1016 PAIR=3 CMD=本地实验/R-W4-4/V096/partial-ranking/stage/build-v096/clx_ref_parent_probe 2 128 1016 0 本地实验/R-W4-4/V096/partial-ranking/local-pair03-parent-r128-w1016-fp32-retry1 45 31 2 0 64
END_UTC=2026-10-08T18:05:02.709464481Z VARIANT=parent WIDTH=1016 PAIR=3 RC=0
REF_HARNESS device=2 shape=128x1016 dtype=0 warmup=45 samples=31 blocks=2 bad=0
START_UTC=2026-10-08T18:05:02.714735570Z VARIANT=candidate WIDTH=1016 PAIR=3 CMD=本地实验/R-W4-4/V096/partial-ranking/stage/build-v096/clx_ref_candidate_probe 2 128 1016 0 本地实验/R-W4-4/V096/partial-ranking/local-pair03-candidate-r128-w1016-fp32-retry1 45 31 2 0 64
END_UTC=2026-10-08T18:05:09.463993233Z VARIANT=candidate WIDTH=1016 PAIR=3 RC=0
REF_HARNESS device=2 shape=128x1016 dtype=0 warmup=45 samples=31 blocks=2 bad=0
POST_SNAPSHOT_UTC=2026-10-08T18:05:10.702532164Z WIDTH=1016 PAIR=3 RC=0 FILE=本地实验/R-W4-4/V096/partial-ranking/local-pair03-r128-w1016-retry1-post-npu-smi.txt
PRE_SNAPSHOT_UTC=2026-10-08T18:05:11.887451673Z WIDTH=1016 PAIR=4 RC=0 FILE=本地实验/R-W4-4/V096/partial-ranking/local-pair04-r128-w1016-retry1-pre-npu-smi.txt
START_UTC=2026-10-08T18:05:11.893699261Z VARIANT=candidate WIDTH=1016 PAIR=4 CMD=本地实验/R-W4-4/V096/partial-ranking/stage/build-v096/clx_ref_candidate_probe 2 128 1016 0 本地实验/R-W4-4/V096/partial-ranking/local-pair04-candidate-r128-w1016-fp32-retry1 45 31 2 0 64
END_UTC=2026-10-08T18:05:18.642614625Z VARIANT=candidate WIDTH=1016 PAIR=4 RC=0
REF_HARNESS device=2 shape=128x1016 dtype=0 warmup=45 samples=31 blocks=2 bad=0
START_UTC=2026-10-08T18:05:18.648287788Z VARIANT=parent WIDTH=1016 PAIR=4 CMD=本地实验/R-W4-4/V096/partial-ranking/stage/build-v096/clx_ref_parent_probe 2 128 1016 0 本地实验/R-W4-4/V096/partial-ranking/local-pair04-parent-r128-w1016-fp32-retry1 45 31 2 0 64
END_UTC=2026-10-08T18:05:25.589549876Z VARIANT=parent WIDTH=1016 PAIR=4 RC=0
REF_HARNESS device=2 shape=128x1016 dtype=0 warmup=45 samples=31 blocks=2 bad=0
POST_SNAPSHOT_UTC=2026-10-08T18:05:26.801313851Z WIDTH=1016 PAIR=4 RC=0 FILE=本地实验/R-W4-4/V096/partial-ranking/local-pair04-r128-w1016-retry1-post-npu-smi.txt
PRE_SNAPSHOT_UTC=2026-10-08T18:05:28.014207202Z WIDTH=1016 PAIR=5 RC=0 FILE=本地实验/R-W4-4/V096/partial-ranking/local-pair05-r128-w1016-retry1-pre-npu-smi.txt
START_UTC=2026-10-08T18:05:28.019649652Z VARIANT=parent WIDTH=1016 PAIR=5 CMD=本地实验/R-W4-4/V096/partial-ranking/stage/build-v096/clx_ref_parent_probe 2 128 1016 0 本地实验/R-W4-4/V096/partial-ranking/local-pair05-parent-r128-w1016-fp32-retry1 45 31 2 0 64
END_UTC=2026-10-08T18:05:34.756537358Z VARIANT=parent WIDTH=1016 PAIR=5 RC=0
REF_HARNESS device=2 shape=128x1016 dtype=0 warmup=45 samples=31 blocks=2 bad=0
START_UTC=2026-10-08T18:05:34.762234971Z VARIANT=candidate WIDTH=1016 PAIR=5 CMD=本地实验/R-W4-4/V096/partial-ranking/stage/build-v096/clx_ref_candidate_probe 2 128 1016 0 本地实验/R-W4-4/V096/partial-ranking/local-pair05-candidate-r128-w1016-fp32-retry1 45 31 2 0 64
END_UTC=2026-10-08T18:05:41.486858485Z VARIANT=candidate WIDTH=1016 PAIR=5 RC=0
REF_HARNESS device=2 shape=128x1016 dtype=0 warmup=45 samples=31 blocks=2 bad=0
POST_SNAPSHOT_UTC=2026-10-08T18:05:42.682096633Z WIDTH=1016 PAIR=5 RC=0 FILE=本地实验/R-W4-4/V096/partial-ranking/local-pair05-r128-w1016-retry1-post-npu-smi.txt
PRE_SNAPSHOT_UTC=2026-10-08T18:05:43.848520342Z WIDTH=1016 PAIR=6 RC=0 FILE=本地实验/R-W4-4/V096/partial-ranking/local-pair06-r128-w1016-retry1-pre-npu-smi.txt
START_UTC=2026-10-08T18:05:43.857117331Z VARIANT=candidate WIDTH=1016 PAIR=6 CMD=本地实验/R-W4-4/V096/partial-ranking/stage/build-v096/clx_ref_candidate_probe 2 128 1016 0 本地实验/R-W4-4/V096/partial-ranking/local-pair06-candidate-r128-w1016-fp32-retry1 45 31 2 0 64
END_UTC=2026-10-08T18:05:50.595107567Z VARIANT=candidate WIDTH=1016 PAIR=6 RC=0
REF_HARNESS device=2 shape=128x1016 dtype=0 warmup=45 samples=31 blocks=2 bad=0
START_UTC=2026-10-08T18:05:50.602207492Z VARIANT=parent WIDTH=1016 PAIR=6 CMD=本地实验/R-W4-4/V096/partial-ranking/stage/build-v096/clx_ref_parent_probe 2 128 1016 0 本地实验/R-W4-4/V096/partial-ranking/local-pair06-parent-r128-w1016-fp32-retry1 45 31 2 0 64
END_UTC=2026-10-08T18:05:57.340225012Z VARIANT=parent WIDTH=1016 PAIR=6 RC=0
REF_HARNESS device=2 shape=128x1016 dtype=0 warmup=45 samples=31 blocks=2 bad=0
POST_SNAPSHOT_UTC=2026-10-08T18:05:58.502197803Z WIDTH=1016 PAIR=6 RC=0 FILE=本地实验/R-W4-4/V096/partial-ranking/local-pair06-r128-w1016-retry1-post-npu-smi.txt
LOCAL_CAPTURE_END_UTC=2026-10-08T18:05:58.508030667Z
LOCAL_INVOCATION_FAILURES=0
