=== COEFF-LOCALITY-X V001 compile 2026-09-27T01:46:54Z ===
ASCEND_HOME_PATH=/usr/local/Ascend/ascend-toolkit/8.5.0.alpha002
SOC: Ascend910B3 arch dav-2201
SOURCE_SHA=6e47a9a0ad50db5eef81f73911f846edd29f38d3d2222aaea868b10f4a8e59b4
--- cmake configure ---
-- Configuring done
-- Generating done
-- Build files have been written to: /home/data4t2/lelinfeng/phase4-workspaces/COEFF-LOCALITY-X/build
CMAKE_RC=0
--- compile submission object ---
Consolidate compiler generated dependencies of target clx_v001_submission
[100%] Building ASC object CMakeFiles/clx_v001_submission.dir/submission_shim.asc.o
[100%] Built target clx_v001_submission
OBJ_RC=0
--- link target clx_full_link ---
[ 50%] Building ASC object CMakeFiles/clx_full_link.dir/main.asc.o
[100%] Linking ASC executable clx_full_link
[100%] Built target clx_full_link
LINK_RC=0
EXECUTABLE_SHA=4190be840907c3caf24abffc6df1f670543e07b3f171a43ed955c7af6ad05371
EXECUTABLE_BYTES=470864
--- build correctness probes ---
[ 50%] Building ASC object CMakeFiles/clx_parent_probe.dir/runner_parent.asc.o
In file included from /home/data4t2/lelinfeng/phase4-workspaces/COEFF-LOCALITY-X/runner_parent.asc:2:
/home/data4t2/lelinfeng/phase4-workspaces/COEFF-LOCALITY-X/runner_main.inc:162:21: warning: 'cce_global' attribute ignored when parsing type [-Wignored-attributes]
        run_kernel((GM_ADDR)deviceX, infoX, (GM_ADDR)deviceR, infoR,
                    ^~~~~~~
/usr/local/Ascend/ascend-toolkit/8.5.0.alpha002/compiler/tikcpp/tikcfw/impl/utils/kernel_utils_macros.h:18:17: note: expanded from macro 'GM_ADDR'
#define GM_ADDR __gm__ uint8_t*
                ^~~~~~
/usr/local/Ascend/ascend-toolkit/8.5.0.alpha002/aarch64-linux/ccec_compiler/lib/clang/15.0.5/include/__clang_cce_defines.h:47:31: note: expanded from macro '__gm__'
#define __gm__ __attribute__((cce_global))
                              ^~~~~~~~~~
In file included from /home/data4t2/lelinfeng/phase4-workspaces/COEFF-LOCALITY-X/runner_parent.asc:2:
/home/data4t2/lelinfeng/phase4-workspaces/COEFF-LOCALITY-X/runner_main.inc:162:46: warning: 'cce_global' attribute ignored when parsing type [-Wignored-attributes]
        run_kernel((GM_ADDR)deviceX, infoX, (GM_ADDR)deviceR, infoR,
                                             ^~~~~~~
/usr/local/Ascend/ascend-toolkit/8.5.0.alpha002/compiler/tikcpp/tikcfw/impl/utils/kernel_utils_macros.h:18:17: note: expanded from macro 'GM_ADDR'
#define GM_ADDR __gm__ uint8_t*
                ^~~~~~
/usr/local/Ascend/ascend-toolkit/8.5.0.alpha002/aarch64-linux/ccec_compiler/lib/clang/15.0.5/include/__clang_cce_defines.h:47:31: note: expanded from macro '__gm__'
#define __gm__ __attribute__((cce_global))
                              ^~~~~~~~~~
In file included from /home/data4t2/lelinfeng/phase4-workspaces/COEFF-LOCALITY-X/runner_parent.asc:2:
/home/data4t2/lelinfeng/phase4-workspaces/COEFF-LOCALITY-X/runner_main.inc:163:21: warning: 'cce_global' attribute ignored when parsing type [-Wignored-attributes]
                   (GM_ADDR)deviceG, infoG, (GM_ADDR)deviceB, infoB,
                    ^~~~~~~
/usr/local/Ascend/ascend-toolkit/8.5.0.alpha002/compiler/tikcpp/tikcfw/impl/utils/kernel_utils_macros.h:18:17: note: expanded from macro 'GM_ADDR'
#define GM_ADDR __gm__ uint8_t*
                ^~~~~~
/usr/local/Ascend/ascend-toolkit/8.5.0.alpha002/aarch64-linux/ccec_compiler/lib/clang/15.0.5/include/__clang_cce_defines.h:47:31: note: expanded from macro '__gm__'
#define __gm__ __attribute__((cce_global))
                              ^~~~~~~~~~
In file included from /home/data4t2/lelinfeng/phase4-workspaces/COEFF-LOCALITY-X/runner_parent.asc:2:
/home/data4t2/lelinfeng/phase4-workspaces/COEFF-LOCALITY-X/runner_main.inc:163:46: warning: 'cce_global' attribute ignored when parsing type [-Wignored-attributes]
                   (GM_ADDR)deviceG, infoG, (GM_ADDR)deviceB, infoB,
                                             ^~~~~~~
/usr/local/Ascend/ascend-toolkit/8.5.0.alpha002/compiler/tikcpp/tikcfw/impl/utils/kernel_utils_macros.h:18:17: note: expanded from macro 'GM_ADDR'
#define GM_ADDR __gm__ uint8_t*
                ^~~~~~
/usr/local/Ascend/ascend-toolkit/8.5.0.alpha002/aarch64-linux/ccec_compiler/lib/clang/15.0.5/include/__clang_cce_defines.h:47:31: note: expanded from macro '__gm__'
#define __gm__ __attribute__((cce_global))
                              ^~~~~~~~~~
In file included from /home/data4t2/lelinfeng/phase4-workspaces/COEFF-LOCALITY-X/runner_parent.asc:2:
/home/data4t2/lelinfeng/phase4-workspaces/COEFF-LOCALITY-X/runner_main.inc:164:21: warning: 'cce_global' attribute ignored when parsing type [-Wignored-attributes]
                   (GM_ADDR)deviceOut, infoO, availableCoreNum, stream, kEpsilon);
                    ^~~~~~~
/usr/local/Ascend/ascend-toolkit/8.5.0.alpha002/compiler/tikcpp/tikcfw/impl/utils/kernel_utils_macros.h:18:17: note: expanded from macro 'GM_ADDR'
#define GM_ADDR __gm__ uint8_t*
                ^~~~~~
/usr/local/Ascend/ascend-toolkit/8.5.0.alpha002/aarch64-linux/ccec_compiler/lib/clang/15.0.5/include/__clang_cce_defines.h:47:31: note: expanded from macro '__gm__'
#define __gm__ __attribute__((cce_global))
                              ^~~~~~~~~~
5 warnings generated.
In file included from /home/data4t2/lelinfeng/phase4-workspaces/COEFF-LOCALITY-X/runner_parent.asc:2:
/home/data4t2/lelinfeng/phase4-workspaces/COEFF-LOCALITY-X/runner_main.inc:162:21: warning: 'cce_global' attribute ignored when parsing type [-Wignored-attributes]
/usr/local/Ascend/ascend-toolkit/8.5.0.alpha002/compiler/tikcpp/tikcfw/impl/utils/kernel_utils_macros.h:18:17: note: expanded from macro 'GM_ADDR'
/usr/local/Ascend/ascend-toolkit/8.5.0.alpha002/aarch64-linux/ccec_compiler/lib/clang/15.0.5/include/__clang_cce_defines.h:47:31: note: expanded from macro '__gm__'
In file included from /home/data4t2/lelinfeng/phase4-workspaces/COEFF-LOCALITY-X/runner_parent.asc:2:
/home/data4t2/lelinfeng/phase4-workspaces/COEFF-LOCALITY-X/runner_main.inc:162:46: warning: 'cce_global' attribute ignored when parsing type [-Wignored-attributes]
/usr/local/Ascend/ascend-toolkit/8.5.0.alpha002/compiler/tikcpp/tikcfw/impl/utils/kernel_utils_macros.h:18:17: note: expanded from macro 'GM_ADDR'
/usr/local/Ascend/ascend-toolkit/8.5.0.alpha002/aarch64-linux/ccec_compiler/lib/clang/15.0.5/include/__clang_cce_defines.h:47:31: note: expanded from macro '__gm__'
In file included from /home/data4t2/lelinfeng/phase4-workspaces/COEFF-LOCALITY-X/runner_parent.asc:2:
/home/data4t2/lelinfeng/phase4-workspaces/COEFF-LOCALITY-X/runner_main.inc:163:21: warning: 'cce_global' attribute ignored when parsing type [-Wignored-attributes]
/usr/local/Ascend/ascend-toolkit/8.5.0.alpha002/compiler/tikcpp/tikcfw/impl/utils/kernel_utils_macros.h:18:17: note: expanded from macro 'GM_ADDR'
/usr/local/Ascend/ascend-toolkit/8.5.0.alpha002/aarch64-linux/ccec_compiler/lib/clang/15.0.5/include/__clang_cce_defines.h:47:31: note: expanded from macro '__gm__'
In file included from /home/data4t2/lelinfeng/phase4-workspaces/COEFF-LOCALITY-X/runner_parent.asc:2:
/home/data4t2/lelinfeng/phase4-workspaces/COEFF-LOCALITY-X/runner_main.inc:163:46: warning: 'cce_global' attribute ignored when parsing type [-Wignored-attributes]
/usr/local/Ascend/ascend-toolkit/8.5.0.alpha002/compiler/tikcpp/tikcfw/impl/utils/kernel_utils_macros.h:18:17: note: expanded from macro 'GM_ADDR'
/usr/local/Ascend/ascend-toolkit/8.5.0.alpha002/aarch64-linux/ccec_compiler/lib/clang/15.0.5/include/__clang_cce_defines.h:47:31: note: expanded from macro '__gm__'
In file included from /home/data4t2/lelinfeng/phase4-workspaces/COEFF-LOCALITY-X/runner_parent.asc:2:
/home/data4t2/lelinfeng/phase4-workspaces/COEFF-LOCALITY-X/runner_main.inc:164:21: warning: 'cce_global' attribute ignored when parsing type [-Wignored-attributes]
/usr/local/Ascend/ascend-toolkit/8.5.0.alpha002/compiler/tikcpp/tikcfw/impl/utils/kernel_utils_macros.h:18:17: note: expanded from macro 'GM_ADDR'
/usr/local/Ascend/ascend-toolkit/8.5.0.alpha002/aarch64-linux/ccec_compiler/lib/clang/15.0.5/include/__clang_cce_defines.h:47:31: note: expanded from macro '__gm__'
5 warnings generated.
Warning: please refer to the above warning message. 
Warning: please refer to the above warning message. 
Warning: please refer to the above warning message. 
Warning: please refer to the above warning message. 
Warning: please refer to the above warning message. 
Warning: please refer to the above warning message. 
Warning: please refer to the above warning message. 
Warning: please refer to the above warning message. 
Warning: please refer to the above warning message. 
Warning: please refer to the above warning message. 
Warning: please refer to the above warning message. 
Warning: please refer to the above warning message. 
Warning: please refer to the above warning message. 
Warning: please refer to the above warning message. 
Warning: please refer to the above warning message. 
[100%] Linking ASC executable clx_parent_probe
[100%] Built target clx_parent_probe
[ 50%] Building ASC object CMakeFiles/clx_candidate_probe.dir/runner_candidate.asc.o
In file included from /home/data4t2/lelinfeng/phase4-workspaces/COEFF-LOCALITY-X/runner_candidate.asc:2:
/home/data4t2/lelinfeng/phase4-workspaces/COEFF-LOCALITY-X/runner_main.inc:162:21: warning: 'cce_global' attribute ignored when parsing type [-Wignored-attributes]
        run_kernel((GM_ADDR)deviceX, infoX, (GM_ADDR)deviceR, infoR,
                    ^~~~~~~
/usr/local/Ascend/ascend-toolkit/8.5.0.alpha002/compiler/tikcpp/tikcfw/impl/utils/kernel_utils_macros.h:18:17: note: expanded from macro 'GM_ADDR'
#define GM_ADDR __gm__ uint8_t*
                ^~~~~~
/usr/local/Ascend/ascend-toolkit/8.5.0.alpha002/aarch64-linux/ccec_compiler/lib/clang/15.0.5/include/__clang_cce_defines.h:47:31: note: expanded from macro '__gm__'
#define __gm__ __attribute__((cce_global))
                              ^~~~~~~~~~
In file included from /home/data4t2/lelinfeng/phase4-workspaces/COEFF-LOCALITY-X/runner_candidate.asc:2:
/home/data4t2/lelinfeng/phase4-workspaces/COEFF-LOCALITY-X/runner_main.inc:162:46: warning: 'cce_global' attribute ignored when parsing type [-Wignored-attributes]
        run_kernel((GM_ADDR)deviceX, infoX, (GM_ADDR)deviceR, infoR,
                                             ^~~~~~~
/usr/local/Ascend/ascend-toolkit/8.5.0.alpha002/compiler/tikcpp/tikcfw/impl/utils/kernel_utils_macros.h:18:17: note: expanded from macro 'GM_ADDR'
#define GM_ADDR __gm__ uint8_t*
                ^~~~~~
/usr/local/Ascend/ascend-toolkit/8.5.0.alpha002/aarch64-linux/ccec_compiler/lib/clang/15.0.5/include/__clang_cce_defines.h:47:31: note: expanded from macro '__gm__'
#define __gm__ __attribute__((cce_global))
                              ^~~~~~~~~~
In file included from /home/data4t2/lelinfeng/phase4-workspaces/COEFF-LOCALITY-X/runner_candidate.asc:2:
/home/data4t2/lelinfeng/phase4-workspaces/COEFF-LOCALITY-X/runner_main.inc:163:21: warning: 'cce_global' attribute ignored when parsing type [-Wignored-attributes]
                   (GM_ADDR)deviceG, infoG, (GM_ADDR)deviceB, infoB,
                    ^~~~~~~
/usr/local/Ascend/ascend-toolkit/8.5.0.alpha002/compiler/tikcpp/tikcfw/impl/utils/kernel_utils_macros.h:18:17: note: expanded from macro 'GM_ADDR'
#define GM_ADDR __gm__ uint8_t*
                ^~~~~~
/usr/local/Ascend/ascend-toolkit/8.5.0.alpha002/aarch64-linux/ccec_compiler/lib/clang/15.0.5/include/__clang_cce_defines.h:47:31: note: expanded from macro '__gm__'
#define __gm__ __attribute__((cce_global))
                              ^~~~~~~~~~
In file included from /home/data4t2/lelinfeng/phase4-workspaces/COEFF-LOCALITY-X/runner_candidate.asc:2:
/home/data4t2/lelinfeng/phase4-workspaces/COEFF-LOCALITY-X/runner_main.inc:163:46: warning: 'cce_global' attribute ignored when parsing type [-Wignored-attributes]
                   (GM_ADDR)deviceG, infoG, (GM_ADDR)deviceB, infoB,
                                             ^~~~~~~
/usr/local/Ascend/ascend-toolkit/8.5.0.alpha002/compiler/tikcpp/tikcfw/impl/utils/kernel_utils_macros.h:18:17: note: expanded from macro 'GM_ADDR'
#define GM_ADDR __gm__ uint8_t*
                ^~~~~~
/usr/local/Ascend/ascend-toolkit/8.5.0.alpha002/aarch64-linux/ccec_compiler/lib/clang/15.0.5/include/__clang_cce_defines.h:47:31: note: expanded from macro '__gm__'
#define __gm__ __attribute__((cce_global))
                              ^~~~~~~~~~
In file included from /home/data4t2/lelinfeng/phase4-workspaces/COEFF-LOCALITY-X/runner_candidate.asc:2:
/home/data4t2/lelinfeng/phase4-workspaces/COEFF-LOCALITY-X/runner_main.inc:164:21: warning: 'cce_global' attribute ignored when parsing type [-Wignored-attributes]
                   (GM_ADDR)deviceOut, infoO, availableCoreNum, stream, kEpsilon);
                    ^~~~~~~
/usr/local/Ascend/ascend-toolkit/8.5.0.alpha002/compiler/tikcpp/tikcfw/impl/utils/kernel_utils_macros.h:18:17: note: expanded from macro 'GM_ADDR'
#define GM_ADDR __gm__ uint8_t*
                ^~~~~~
/usr/local/Ascend/ascend-toolkit/8.5.0.alpha002/aarch64-linux/ccec_compiler/lib/clang/15.0.5/include/__clang_cce_defines.h:47:31: note: expanded from macro '__gm__'
#define __gm__ __attribute__((cce_global))
                              ^~~~~~~~~~
5 warnings generated.
In file included from /home/data4t2/lelinfeng/phase4-workspaces/COEFF-LOCALITY-X/runner_candidate.asc:2:
/home/data4t2/lelinfeng/phase4-workspaces/COEFF-LOCALITY-X/runner_main.inc:162:21: warning: 'cce_global' attribute ignored when parsing type [-Wignored-attributes]
/usr/local/Ascend/ascend-toolkit/8.5.0.alpha002/compiler/tikcpp/tikcfw/impl/utils/kernel_utils_macros.h:18:17: note: expanded from macro 'GM_ADDR'
/usr/local/Ascend/ascend-toolkit/8.5.0.alpha002/aarch64-linux/ccec_compiler/lib/clang/15.0.5/include/__clang_cce_defines.h:47:31: note: expanded from macro '__gm__'
In file included from /home/data4t2/lelinfeng/phase4-workspaces/COEFF-LOCALITY-X/runner_candidate.asc:2:
/home/data4t2/lelinfeng/phase4-workspaces/COEFF-LOCALITY-X/runner_main.inc:162:46: warning: 'cce_global' attribute ignored when parsing type [-Wignored-attributes]
/usr/local/Ascend/ascend-toolkit/8.5.0.alpha002/compiler/tikcpp/tikcfw/impl/utils/kernel_utils_macros.h:18:17: note: expanded from macro 'GM_ADDR'
/usr/local/Ascend/ascend-toolkit/8.5.0.alpha002/aarch64-linux/ccec_compiler/lib/clang/15.0.5/include/__clang_cce_defines.h:47:31: note: expanded from macro '__gm__'
In file included from /home/data4t2/lelinfeng/phase4-workspaces/COEFF-LOCALITY-X/runner_candidate.asc:2:
/home/data4t2/lelinfeng/phase4-workspaces/COEFF-LOCALITY-X/runner_main.inc:163:21: warning: 'cce_global' attribute ignored when parsing type [-Wignored-attributes]
/usr/local/Ascend/ascend-toolkit/8.5.0.alpha002/compiler/tikcpp/tikcfw/impl/utils/kernel_utils_macros.h:18:17: note: expanded from macro 'GM_ADDR'
/usr/local/Ascend/ascend-toolkit/8.5.0.alpha002/aarch64-linux/ccec_compiler/lib/clang/15.0.5/include/__clang_cce_defines.h:47:31: note: expanded from macro '__gm__'
In file included from /home/data4t2/lelinfeng/phase4-workspaces/COEFF-LOCALITY-X/runner_candidate.asc:2:
/home/data4t2/lelinfeng/phase4-workspaces/COEFF-LOCALITY-X/runner_main.inc:163:46: warning: 'cce_global' attribute ignored when parsing type [-Wignored-attributes]
/usr/local/Ascend/ascend-toolkit/8.5.0.alpha002/compiler/tikcpp/tikcfw/impl/utils/kernel_utils_macros.h:18:17: note: expanded from macro 'GM_ADDR'
/usr/local/Ascend/ascend-toolkit/8.5.0.alpha002/aarch64-linux/ccec_compiler/lib/clang/15.0.5/include/__clang_cce_defines.h:47:31: note: expanded from macro '__gm__'
In file included from /home/data4t2/lelinfeng/phase4-workspaces/COEFF-LOCALITY-X/runner_candidate.asc:2:
/home/data4t2/lelinfeng/phase4-workspaces/COEFF-LOCALITY-X/runner_main.inc:164:21: warning: 'cce_global' attribute ignored when parsing type [-Wignored-attributes]
/usr/local/Ascend/ascend-toolkit/8.5.0.alpha002/compiler/tikcpp/tikcfw/impl/utils/kernel_utils_macros.h:18:17: note: expanded from macro 'GM_ADDR'
/usr/local/Ascend/ascend-toolkit/8.5.0.alpha002/aarch64-linux/ccec_compiler/lib/clang/15.0.5/include/__clang_cce_defines.h:47:31: note: expanded from macro '__gm__'
5 warnings generated.
Warning: please refer to the above warning message. 
Warning: please refer to the above warning message. 
Warning: please refer to the above warning message. 
Warning: please refer to the above warning message. 
Warning: please refer to the above warning message. 
Warning: please refer to the above warning message. 
Warning: please refer to the above warning message. 
Warning: please refer to the above warning message. 
Warning: please refer to the above warning message. 
Warning: please refer to the above warning message. 
Warning: please refer to the above warning message. 
Warning: please refer to the above warning message. 
Warning: please refer to the above warning message. 
Warning: please refer to the above warning message. 
Warning: please refer to the above warning message. 
[100%] Linking ASC executable clx_candidate_probe
[100%] Built target clx_candidate_probe
PROBE_RC=0
PROBE_SHA_clx_parent_probe=6169d2c3b6566f15e15df19d343479817e411084bedab01e577280fc155518cf
PROBE_SHA_clx_candidate_probe=8fc0ca70fdeece95bb1c91444a579ec723698a395fdd23703e3d52bf0bd84cde
=== COMPILE_DONE CMAKE_RC=0 BUILD_RC=0 ===
