ROUTE=TINY-MINIMAL-KERNEL-CHAMPION-X
REVISION=V009
DIRECT_PARENT=R31B-V011
PARENT_SOURCE_SHA=a8c19a1972207acc67e3fb0cd393cc70b0a4b183d1eaf5610edf80c2879b15e3
CANDIDATE_SOURCE_SHA=8f00bf5981802c424302c2bbe8e2de5f60b94ff5e04ced8ab984e6fa9ed9f443
REMOTE_HOST=cann-server3
REMOTE_ROOT=/home/data4t2/lelinfeng/cann/server_runs/TINY-MINIMAL-KERNEL-CHAMPION-X/V009/20261005T090309Z-11438
REMOTE_PARENT_SOURCE_SHA=a8c19a1972207acc67e3fb0cd393cc70b0a4b183d1eaf5610edf80c2879b15e3
REMOTE_CANDIDATE_SOURCE_SHA=8f00bf5981802c424302c2bbe8e2de5f60b94ff5e04ced8ab984e6fa9ed9f443
REMOTE_HOST=hwnput3
grep: /usr/local/Ascend/ascend-toolkit/8.5.0.alpha002/version.info: No such file or directory
CANN_VERSION=
-- CMAKE_ASC_COMPILER: /usr/local/Ascend/ascend-toolkit/8.5.0.alpha002/compiler/ccec_compiler/bin/bisheng
-- CMAKE_BUILD_TYPE: Release
-- CMAKE_INSTALL_PREFIX: /home/data4t2/lelinfeng/cann/server_runs/TINY-MINIMAL-KERNEL-CHAMPION-X/V009/20261005T090309Z-11438/src/out
-- ASCEND_CANN_PACKAGE_PATH: /usr/local/Ascend/ascend-toolkit/8.5.0.alpha002
-- CMAKE_ASC_LLD_LINKER: /usr/local/Ascend/ascend-toolkit/8.5.0.alpha002/tools/ccec_compiler/bin/ld.lld
CMake Warning at /usr/local/Ascend/ascend-toolkit/8.5.0.alpha002/aarch64-linux/tikcpp/ascendc_kernel_cmake/ASC_CMake/CMakeDetermineASCCompiler.cmake:57 (message):
  CMAKE_INSTALL_PREFIX is not set.  Set to default value
  /home/data4t2/lelinfeng/cann/server_runs/TINY-MINIMAL-KERNEL-CHAMPION-X/V009/20261005T090309Z-11438/src/out.
Call Stack (most recent call first):
  CMakeLists.txt:9 (project)


-- The CXX compiler identification is GNU 11.4.0
-- Detecting CXX compiler ABI info
-- Detecting CXX compiler ABI info - done
-- Check for working CXX compiler: /usr/bin/c++ - skipped
-- Detecting CXX compile features
-- Detecting CXX compile features - done
-- Configuring done
-- Generating done
CMake Warning at CMakeLists.txt:24 (add_executable):
  Cannot generate a safe runtime search path for target tiny_runner_v009
  because files in some directories may conflict with libraries in implicit
  directories:

    runtime library [libstdc++.so.6] in /usr/lib/aarch64-linux-gnu may be hidden by files in:
      /usr/local/Ascend/ascend-toolkit/8.5.0.alpha002/toolkit/toolchain/hcc/aarch64-target-linux-gnu/lib64

  Some of these libraries may not be found correctly.


-- Build files have been written to: /home/data4t2/lelinfeng/cann/server_runs/TINY-MINIMAL-KERNEL-CHAMPION-X/V009/20261005T090309Z-11438/build
[ 50%] Building ASC object CMakeFiles/tiny_runner_v009.dir/tiny_runner_v009.asc.o
[100%] Linking ASC executable tiny_runner_v009
[100%] Built target tiny_runner_v009
RUNNER_SHA=65ea63cb228127fbdfb447fcd3f8200c0c9e1242cf54965e087adc04d3d7784d
COMPILE_RESULT=PASS
