{
  "status": "MEASUREMENT_BLOCKED",
  "counts": {
    "all_kernel_calls": 1052,
    "reference_calls": 8,
    "warmup_calls": 540,
    "timed_calls": 504,
    "paired_samples": 252,
    "all_task_rows": 2313,
    "all_op_task_pairs_match": true,
    "all_timed_calls_have_event_brackets": true
  },
  "cases": {
    "16384": {
      "event": {
        "P": 25.3999995,
        "C": 24.58,
        "P_mad_ratio": 0.13031498288021617,
        "C_mad_ratio": 0.17534578925956057,
        "drift": 0.07437021191523385,
        "floor_us": 11.590001500000001,
        "original_center_limits": false
      },
      "kernel_task": {
        "P": 8.8,
        "C": 8.78,
        "P_mad_ratio": 0.006818181818181672,
        "C_mad_ratio": 0.006833712984054525,
        "drift": 0.002272727272727426,
        "floor_us": 0.1399999999999988,
        "original_center_limits": true
      }
    },
    "32768": {
      "event": {
        "P": 26.799999999999997,
        "C": 27.650000499999997,
        "P_mad_ratio": 0.148134328358209,
        "C_mad_ratio": 0.11500903951159067,
        "drift": 0.10476187196929929,
        "floor_us": 12.559998499999999,
        "original_center_limits": false
      },
      "kernel_task": {
        "P": 15.62,
        "C": 15.62,
        "P_mad_ratio": 0.002688860435339354,
        "C_mad_ratio": 0.0038412291933417877,
        "drift": 0.001280409731114043,
        "floor_us": 0.1979999999999995,
        "original_center_limits": true
      }
    }
  }
}
