HOST=hwnput3
START=2026-09-26T13:43:59Z
LD_LIBRARY_PATH=/usr/local/Ascend/ascend-toolkit/8.5.0.alpha002/aarch64-linux/lib64:/usr/local/Ascend/ascend-toolkit/8.5.0.alpha002/lib64:/usr/local/Ascend/driver/lib64/driver:/usr/local/Ascend/driver/lib64/common
=== PRE
+------------------------------------------------------------------------------------------------+
| npu-smi 25.0.rc1.1               Version: 25.0.rc1.1                                           |
+---------------------------+---------------+----------------------------------------------------+
| NPU   Name                | Health        | Power(W)    Temp(C)           Hugepages-Usage(page)|
| Chip                      | Bus-Id        | AICore(%)   Memory-Usage(MB)  HBM-Usage(MB)        |
+===========================+===============+====================================================+
| 0     910B3               | OK            | 160.6       47                0    / 0             |
| 0                         | 0000:C1:00.0  | 37          0    / 0          59975/ 65536         |
+===========================+===============+====================================================+
| 1     910B3               | OK            | 150.0       45                0    / 0             |
| 0                         | 0000:C2:00.0  | 37          0    / 0          60026/ 65536         |
+===========================+===============+====================================================+
| 2     910B3               | OK            | 148.2       48                0    / 0             |
| 0                         | 0000:81:00.0  | 37          0    / 0          59969/ 65536         |
+===========================+===============+====================================================+
| 3     910B3               | OK            | 159.9       47                0    / 0             |
| 0                         | 0000:82:00.0  | 36          0    / 0          59971/ 65536         |
+===========================+===============+====================================================+
| 4     910B3               | OK            | 92.3        44                0    / 0             |
| 0                         | 0000:01:00.0  | 0           0    / 0          59185/ 65536         |
+===========================+===============+====================================================+
| 5     910B3               | OK            | 96.0        42                0    / 0             |
| 0                         | 0000:02:00.0  | 0           0    / 0          59876/ 65536         |
+===========================+===============+====================================================+
| 6     910B3               | OK            | 98.6        45                0    / 0             |
| 0                         | 0000:41:00.0  | 0           0    / 0          59875/ 65536         |
+===========================+===============+====================================================+
| 7     910B3               | OK            | 100.0       45                0    / 0             |
| 0                         | 0000:42:00.0  | 0           0    / 0          3431 / 65536         |
+===========================+===============+====================================================+
+---------------------------+---------------+----------------------------------------------------+
| NPU     Chip              | Process id    | Process name             | Process memory(MB)      |
+===========================+===============+====================================================+
| 0       0                 | 89395         | VLLMWorker_TP            | 56454                   |
+===========================+===============+====================================================+
| 1       0                 | 91055         | VLLMWorker_TP            | 56454                   |
+===========================+===============+====================================================+
| 2       0                 | 92813         | VLLMWorker_TP            | 56455                   |
+===========================+===============+====================================================+
| 3       0                 | 94498         | VLLMWorker_TP            | 56455                   |
+===========================+===============+====================================================+
| 4       0                 | 2999855       | VLLMEngineCor            | 55664                   |
+===========================+===============+====================================================+
| 5       0                 | 89602         | VLLMWorker_TP            | 56354                   |
+===========================+===============+====================================================+
| 6       0                 | 91228         | VLLMWorker_TP            | 56355                   |
+===========================+===============+====================================================+
| No running processes found in NPU 7                                                            |
+===========================+===============+====================================================+
RUN side=parent dtype=fp32 width=2048 output=/tmp/WIDE-X-FRESH4-V001-d0dd0e972ac48b07/WIDE-X-FRESH4/V001/support/build/correctness-only-d7-20260926T134500Z/parent-fp32-2048.tsv
CORRECTNESS_ONLY side=parent rows=2 width=2048 dtype=fp32 max_abs_error=0 mismatches=0 nonfinite=0
RC side=parent dtype=fp32 width=2048 rc=0
RUN side=parent dtype=fp32 width=16384 output=/tmp/WIDE-X-FRESH4-V001-d0dd0e972ac48b07/WIDE-X-FRESH4/V001/support/build/correctness-only-d7-20260926T134500Z/parent-fp32-16384.tsv
CORRECTNESS_ONLY side=parent rows=2 width=16384 dtype=fp32 max_abs_error=2.38418579e-07 mismatches=0 nonfinite=0
RC side=parent dtype=fp32 width=16384 rc=0
RUN side=parent dtype=fp32 width=32768 output=/tmp/WIDE-X-FRESH4-V001-d0dd0e972ac48b07/WIDE-X-FRESH4/V001/support/build/correctness-only-d7-20260926T134500Z/parent-fp32-32768.tsv
CORRECTNESS_ONLY side=parent rows=2 width=32768 dtype=fp32 max_abs_error=0 mismatches=0 nonfinite=0
RC side=parent dtype=fp32 width=32768 rc=0
RUN side=parent dtype=fp16 width=2048 output=/tmp/WIDE-X-FRESH4-V001-d0dd0e972ac48b07/WIDE-X-FRESH4/V001/support/build/correctness-only-d7-20260926T134500Z/parent-fp16-2048.tsv
CORRECTNESS_ONLY side=parent rows=2 width=2048 dtype=fp16 max_abs_error=0 mismatches=0 nonfinite=0
RC side=parent dtype=fp16 width=2048 rc=0
RUN side=parent dtype=fp16 width=16384 output=/tmp/WIDE-X-FRESH4-V001-d0dd0e972ac48b07/WIDE-X-FRESH4/V001/support/build/correctness-only-d7-20260926T134500Z/parent-fp16-16384.tsv
CORRECTNESS_ONLY side=parent rows=2 width=16384 dtype=fp16 max_abs_error=0.0009765625 mismatches=0 nonfinite=0
RC side=parent dtype=fp16 width=16384 rc=0
RUN side=parent dtype=fp16 width=32768 output=/tmp/WIDE-X-FRESH4-V001-d0dd0e972ac48b07/WIDE-X-FRESH4/V001/support/build/correctness-only-d7-20260926T134500Z/parent-fp16-32768.tsv
CORRECTNESS_ONLY side=parent rows=2 width=32768 dtype=fp16 max_abs_error=0 mismatches=0 nonfinite=0
RC side=parent dtype=fp16 width=32768 rc=0
RUN side=parent dtype=bf16 width=2048 output=/tmp/WIDE-X-FRESH4-V001-d0dd0e972ac48b07/WIDE-X-FRESH4/V001/support/build/correctness-only-d7-20260926T134500Z/parent-bf16-2048.tsv
CORRECTNESS_ONLY side=parent rows=2 width=2048 dtype=bf16 max_abs_error=0 mismatches=0 nonfinite=0
RC side=parent dtype=bf16 width=2048 rc=0
RUN side=parent dtype=bf16 width=16384 output=/tmp/WIDE-X-FRESH4-V001-d0dd0e972ac48b07/WIDE-X-FRESH4/V001/support/build/correctness-only-d7-20260926T134500Z/parent-bf16-16384.tsv
CORRECTNESS_ONLY side=parent rows=2 width=16384 dtype=bf16 max_abs_error=0 mismatches=0 nonfinite=0
RC side=parent dtype=bf16 width=16384 rc=0
RUN side=parent dtype=bf16 width=32768 output=/tmp/WIDE-X-FRESH4-V001-d0dd0e972ac48b07/WIDE-X-FRESH4/V001/support/build/correctness-only-d7-20260926T134500Z/parent-bf16-32768.tsv
CORRECTNESS_ONLY side=parent rows=2 width=32768 dtype=bf16 max_abs_error=0 mismatches=0 nonfinite=0
RC side=parent dtype=bf16 width=32768 rc=0
RUN side=candidate dtype=fp32 width=2048 output=/tmp/WIDE-X-FRESH4-V001-d0dd0e972ac48b07/WIDE-X-FRESH4/V001/support/build/correctness-only-d7-20260926T134500Z/candidate-fp32-2048.tsv
CORRECTNESS_ONLY side=candidate rows=2 width=2048 dtype=fp32 max_abs_error=0 mismatches=0 nonfinite=0
RC side=candidate dtype=fp32 width=2048 rc=0
RUN side=candidate dtype=fp32 width=16384 output=/tmp/WIDE-X-FRESH4-V001-d0dd0e972ac48b07/WIDE-X-FRESH4/V001/support/build/correctness-only-d7-20260926T134500Z/candidate-fp32-16384.tsv
CORRECTNESS_ONLY side=candidate rows=2 width=16384 dtype=fp32 max_abs_error=2.38418579e-07 mismatches=0 nonfinite=0
RC side=candidate dtype=fp32 width=16384 rc=0
RUN side=candidate dtype=fp32 width=32768 output=/tmp/WIDE-X-FRESH4-V001-d0dd0e972ac48b07/WIDE-X-FRESH4/V001/support/build/correctness-only-d7-20260926T134500Z/candidate-fp32-32768.tsv
CORRECTNESS_ONLY side=candidate rows=2 width=32768 dtype=fp32 max_abs_error=0 mismatches=0 nonfinite=0
RC side=candidate dtype=fp32 width=32768 rc=0
RUN side=candidate dtype=fp16 width=2048 output=/tmp/WIDE-X-FRESH4-V001-d0dd0e972ac48b07/WIDE-X-FRESH4/V001/support/build/correctness-only-d7-20260926T134500Z/candidate-fp16-2048.tsv
CORRECTNESS_ONLY side=candidate rows=2 width=2048 dtype=fp16 max_abs_error=0 mismatches=0 nonfinite=0
RC side=candidate dtype=fp16 width=2048 rc=0
RUN side=candidate dtype=fp16 width=16384 output=/tmp/WIDE-X-FRESH4-V001-d0dd0e972ac48b07/WIDE-X-FRESH4/V001/support/build/correctness-only-d7-20260926T134500Z/candidate-fp16-16384.tsv
CORRECTNESS_ONLY side=candidate rows=2 width=16384 dtype=fp16 max_abs_error=0.0009765625 mismatches=0 nonfinite=0
RC side=candidate dtype=fp16 width=16384 rc=0
RUN side=candidate dtype=fp16 width=32768 output=/tmp/WIDE-X-FRESH4-V001-d0dd0e972ac48b07/WIDE-X-FRESH4/V001/support/build/correctness-only-d7-20260926T134500Z/candidate-fp16-32768.tsv
CORRECTNESS_ONLY side=candidate rows=2 width=32768 dtype=fp16 max_abs_error=0.00048828125 mismatches=0 nonfinite=0
RC side=candidate dtype=fp16 width=32768 rc=0
RUN side=candidate dtype=bf16 width=2048 output=/tmp/WIDE-X-FRESH4-V001-d0dd0e972ac48b07/WIDE-X-FRESH4/V001/support/build/correctness-only-d7-20260926T134500Z/candidate-bf16-2048.tsv
CORRECTNESS_ONLY side=candidate rows=2 width=2048 dtype=bf16 max_abs_error=0 mismatches=0 nonfinite=0
RC side=candidate dtype=bf16 width=2048 rc=0
RUN side=candidate dtype=bf16 width=16384 output=/tmp/WIDE-X-FRESH4-V001-d0dd0e972ac48b07/WIDE-X-FRESH4/V001/support/build/correctness-only-d7-20260926T134500Z/candidate-bf16-16384.tsv
CORRECTNESS_ONLY side=candidate rows=2 width=16384 dtype=bf16 max_abs_error=0 mismatches=0 nonfinite=0
RC side=candidate dtype=bf16 width=16384 rc=0
RUN side=candidate dtype=bf16 width=32768 output=/tmp/WIDE-X-FRESH4-V001-d0dd0e972ac48b07/WIDE-X-FRESH4/V001/support/build/correctness-only-d7-20260926T134500Z/candidate-bf16-32768.tsv
CORRECTNESS_ONLY side=candidate rows=2 width=32768 dtype=bf16 max_abs_error=0 mismatches=0 nonfinite=0
RC side=candidate dtype=bf16 width=32768 rc=0
=== POST
+------------------------------------------------------------------------------------------------+
| npu-smi 25.0.rc1.1               Version: 25.0.rc1.1                                           |
+---------------------------+---------------+----------------------------------------------------+
| NPU   Name                | Health        | Power(W)    Temp(C)           Hugepages-Usage(page)|
| Chip                      | Bus-Id        | AICore(%)   Memory-Usage(MB)  HBM-Usage(MB)        |
+===========================+===============+====================================================+
| 0     910B3               | OK            | 158.0       46                0    / 0             |
| 0                         | 0000:C1:00.0  | 36          0    / 0          59975/ 65536         |
+===========================+===============+====================================================+
| 1     910B3               | OK            | 148.9       44                0    / 0             |
| 0                         | 0000:C2:00.0  | 37          0    / 0          60026/ 65536         |
+===========================+===============+====================================================+
| 2     910B3               | OK            | 150.8       47                0    / 0             |
| 0                         | 0000:81:00.0  | 36          0    / 0          59969/ 65536         |
+===========================+===============+====================================================+
| 3     910B3               | OK            | 154.7       46                0    / 0             |
| 0                         | 0000:82:00.0  | 36          0    / 0          59971/ 65536         |
+===========================+===============+====================================================+
| 4     910B3               | OK            | 92.5        44                0    / 0             |
| 0                         | 0000:01:00.0  | 0           0    / 0          59186/ 65536         |
+===========================+===============+====================================================+
| 5     910B3               | OK            | 94.4        40                0    / 0             |
| 0                         | 0000:02:00.0  | 0           0    / 0          59876/ 65536         |
+===========================+===============+====================================================+
| 6     910B3               | OK            | 97.9        44                0    / 0             |
| 0                         | 0000:41:00.0  | 0           0    / 0          59875/ 65536         |
+===========================+===============+====================================================+
| 7     910B3               | OK            | 99.2        44                0    / 0             |
| 0                         | 0000:42:00.0  | 0           0    / 0          3436 / 65536         |
+===========================+===============+====================================================+
+---------------------------+---------------+----------------------------------------------------+
| NPU     Chip              | Process id    | Process name             | Process memory(MB)      |
+===========================+===============+====================================================+
| 0       0                 | 89395         | VLLMWorker_TP            | 56454                   |
+===========================+===============+====================================================+
| 1       0                 | 91055         | VLLMWorker_TP            | 56454                   |
+===========================+===============+====================================================+
| 2       0                 | 92813         | VLLMWorker_TP            | 56455                   |
+===========================+===============+====================================================+
| 3       0                 | 94498         | VLLMWorker_TP            | 56455                   |
+===========================+===============+====================================================+
| 4       0                 | 2999855       | VLLMEngineCor            | 55664                   |
+===========================+===============+====================================================+
| 5       0                 | 89602         | VLLMWorker_TP            | 56354                   |
+===========================+===============+====================================================+
| 6       0                 | 91228         | VLLMWorker_TP            | 56355                   |
+===========================+===============+====================================================+
| No running processes found in NPU 7                                                            |
+===========================+===============+====================================================+
END=2026-09-26T13:44:42Z
=== OUTPUT_SHA
1ffb5c4cc9c38bfb6bde93420a3d23d59307956f040733606c0765bc93429d9c  /tmp/WIDE-X-FRESH4-V001-d0dd0e972ac48b07/WIDE-X-FRESH4/V001/support/build/correctness-only-d7-20260926T134500Z/candidate-bf16-16384.tsv
c0cfca8f15147c4707211976efd3133ddcb2b97a8e4638400d55c753ae6384f4  /tmp/WIDE-X-FRESH4-V001-d0dd0e972ac48b07/WIDE-X-FRESH4/V001/support/build/correctness-only-d7-20260926T134500Z/candidate-bf16-2048.tsv
b080f2056eab06879ef7adc505bf582cfd027e46f56ece0ebd0ea0c8278905f9  /tmp/WIDE-X-FRESH4-V001-d0dd0e972ac48b07/WIDE-X-FRESH4/V001/support/build/correctness-only-d7-20260926T134500Z/candidate-bf16-32768.tsv
34fb24f2e7ed99145e1fb82243a632eeabbb0df16b37bf9b59ebf190c4f6193f  /tmp/WIDE-X-FRESH4-V001-d0dd0e972ac48b07/WIDE-X-FRESH4/V001/support/build/correctness-only-d7-20260926T134500Z/candidate-fp16-16384.tsv
019ffb80dea8d397f910868fcae8e97303c9d46035646656eea13382efc80288  /tmp/WIDE-X-FRESH4-V001-d0dd0e972ac48b07/WIDE-X-FRESH4/V001/support/build/correctness-only-d7-20260926T134500Z/candidate-fp16-2048.tsv
bd8a55ce9cfd5b72ceb615b5e9453eeaa5b7ea24ca5b41d9b1711cc2549d95af  /tmp/WIDE-X-FRESH4-V001-d0dd0e972ac48b07/WIDE-X-FRESH4/V001/support/build/correctness-only-d7-20260926T134500Z/candidate-fp16-32768.tsv
be68e1d76be51c91fcaaa3acf72df335b1c32ecda70d1334e76d963229d03e6b  /tmp/WIDE-X-FRESH4-V001-d0dd0e972ac48b07/WIDE-X-FRESH4/V001/support/build/correctness-only-d7-20260926T134500Z/candidate-fp32-16384.tsv
fae7f244ff7ee26e280872663177efaa259e5dbf5244b6f5927e15933e670e85  /tmp/WIDE-X-FRESH4-V001-d0dd0e972ac48b07/WIDE-X-FRESH4/V001/support/build/correctness-only-d7-20260926T134500Z/candidate-fp32-2048.tsv
197fbef39348ae763ac14e9bc7f0ddb340095a6374e0ab1e24b22a9a60ac3a7a  /tmp/WIDE-X-FRESH4-V001-d0dd0e972ac48b07/WIDE-X-FRESH4/V001/support/build/correctness-only-d7-20260926T134500Z/candidate-fp32-32768.tsv
9b019b61d9d6a4c40a235c9c74773e591bcaa9a8e3f0c415988f62dd963e06fb  /tmp/WIDE-X-FRESH4-V001-d0dd0e972ac48b07/WIDE-X-FRESH4/V001/support/build/correctness-only-d7-20260926T134500Z/parent-bf16-16384.tsv
41249bae49a3327f3237aff385f13271d78cc6072350bffa17e3fa2d7cf40cbd  /tmp/WIDE-X-FRESH4-V001-d0dd0e972ac48b07/WIDE-X-FRESH4/V001/support/build/correctness-only-d7-20260926T134500Z/parent-bf16-2048.tsv
af6146c319bcbd89063f4c09ddccf8d908372b756fd401d5738b199a5425f69c  /tmp/WIDE-X-FRESH4-V001-d0dd0e972ac48b07/WIDE-X-FRESH4/V001/support/build/correctness-only-d7-20260926T134500Z/parent-bf16-32768.tsv
e1babdf5bbe13b823c8de280b9884a245a6309fd329e8453aaa38b5cbd09d216  /tmp/WIDE-X-FRESH4-V001-d0dd0e972ac48b07/WIDE-X-FRESH4/V001/support/build/correctness-only-d7-20260926T134500Z/parent-fp16-16384.tsv
f424e78370e880a78d8f84f64a2e2eec36ef05034906018ef170d29199da4537  /tmp/WIDE-X-FRESH4-V001-d0dd0e972ac48b07/WIDE-X-FRESH4/V001/support/build/correctness-only-d7-20260926T134500Z/parent-fp16-2048.tsv
6bf7da98ed00294efbd08c3232ba5a93e34eba4e2b1a30d5061d2b96b6061f68  /tmp/WIDE-X-FRESH4-V001-d0dd0e972ac48b07/WIDE-X-FRESH4/V001/support/build/correctness-only-d7-20260926T134500Z/parent-fp16-32768.tsv
6b065e3731eb4683631fc1694b48ec9d8e9717a1f7149a9a21ad091aa261c58b  /tmp/WIDE-X-FRESH4-V001-d0dd0e972ac48b07/WIDE-X-FRESH4/V001/support/build/correctness-only-d7-20260926T134500Z/parent-fp32-16384.tsv
b1b78ccf76381074cf4f60302df0acdbdb1a0795692d5ff71e2c5616c518f0b0  /tmp/WIDE-X-FRESH4-V001-d0dd0e972ac48b07/WIDE-X-FRESH4/V001/support/build/correctness-only-d7-20260926T134500Z/parent-fp32-2048.tsv
165102b23c6db4f48acec18649bb6f743c13821d8b39eea3df0d7267d8d538b0  /tmp/WIDE-X-FRESH4-V001-d0dd0e972ac48b07/WIDE-X-FRESH4/V001/support/build/correctness-only-d7-20260926T134500Z/parent-fp32-32768.tsv
