PROFILE rows=80 width=8192 DEVICE_ID=0 FREE_HBM_MB=62259 warmup=10 launch_count=1
2026-10-08 03:39:46 [INFO]  Op profiling analysis start.
2026-10-08 03:39:46 [INFO]  Running device task: DeviceProf
[INFO] <ProfData> Start profiling on device 0, kernel: _Z24add_rms_norm_bias_customIfEvPhS0_S0_S0_S0_mmjff
[INFO] <WarmUp> Warm Up enabled. times:10
PARENT_RUN_OK rows=80 width=8192 dtype=fp32 device=0 vector_cores=40 bytes=2621440
2026-10-08 03:39:53 [INFO]  Profiling running finished. All task success.
2026-10-08 03:39:53 [INFO]  Start analyze kernel on device: device0, kernel: _Z24add_rms_norm_bias_customIfEvPhS0_S0_S0_S0_mmjff, name is: 0
2026-10-08 03:39:53 [INFO]  Save profiling data with metric [PipeUtilization] success.
2026-10-08 03:39:53 [INFO]  Save profiling data with metric [Memory] success.
2026-10-08 03:39:55 [INFO]  Performance Summary Report:

	1) MTE2 bandwidth utilization lower than 80% when active.
	2) MTE3 bandwidth utilization lower than 80% when active.

2026-10-08 03:39:55 [INFO]  Operator Basic Information:

	Op Name: add_rms_norm_bias_custom
	Op Type: vector
	Task Duration(us): 9.440188
	Block Dim: 40
	Mix Block Dim: 
	Device Id: 0
	Pid: 2529074
	Current Freq: 1800
	Rated Freq: 1800

2026-10-08 03:39:55 [INFO]  Profiling results saved in /home/data4t2/lelinfeng/server_runs/W4-R14/param-mte2-fingerprint-20261008/parent-probe/profile_80x8192_fp32/OPPROF_20261008033946_VUARQVJLOLDYSTOM
2026-10-08 03:39:55 [INFO]  Profiling data parse finished.
2026-10-08 03:39:55 [INFO]  Op profiling finish. Welcome to next use.
PROFILE rows=120 width=6144 DEVICE_ID=0 FREE_HBM_MB=62259 warmup=10 launch_count=1
2026-10-08 03:39:57 [INFO]  Op profiling analysis start.
2026-10-08 03:39:57 [INFO]  Running device task: DeviceProf
[INFO] <ProfData> Start profiling on device 0, kernel: _Z24add_rms_norm_bias_customIfEvPhS0_S0_S0_S0_mmjff
[INFO] <WarmUp> Warm Up enabled. times:10
PARENT_RUN_OK rows=120 width=6144 dtype=fp32 device=0 vector_cores=40 bytes=2949120
2026-10-08 03:40:05 [INFO]  Profiling running finished. All task success.
2026-10-08 03:40:05 [INFO]  Start analyze kernel on device: device0, kernel: _Z24add_rms_norm_bias_customIfEvPhS0_S0_S0_S0_mmjff, name is: 0
2026-10-08 03:40:05 [INFO]  Save profiling data with metric [PipeUtilization] success.
2026-10-08 03:40:05 [INFO]  Save profiling data with metric [Memory] success.
2026-10-08 03:40:07 [INFO]  Performance Summary Report:

	1) MTE2 bandwidth utilization lower than 80% when active.
	2) MTE3 bandwidth utilization lower than 80% when active.

2026-10-08 03:40:07 [INFO]  Operator Basic Information:

	Op Name: add_rms_norm_bias_custom
	Op Type: vector
	Task Duration(us): 10.060202
	Block Dim: 40
	Mix Block Dim: 
	Device Id: 0
	Pid: 2530210
	Current Freq: 1800
	Rated Freq: 1800

2026-10-08 03:40:07 [INFO]  Profiling results saved in /home/data4t2/lelinfeng/server_runs/W4-R14/param-mte2-fingerprint-20261008/parent-probe/profile_120x6144_fp32/OPPROF_20261008033957_SZDNAYSSOWIAOWZZ
2026-10-08 03:40:07 [INFO]  Profiling data parse finished.
2026-10-08 03:40:07 [INFO]  Op profiling finish. Welcome to next use.
