ROUTE=MULTIROW-PANEL-RMS-CHAMPION-X
PARENT_SOURCE_SHA256=593440120c3a3249e39f0f547fe280ce467dc650f927533124b839b6b31e170d
CANDIDATE_SOURCE_SHA256=c03a9c1a6af7243b2ef6f27a48f5ff7d9235f37c8066f9fa9ffc60637c27311d
-- CMAKE_ASC_COMPILER: /usr/local/Ascend/ascend-toolkit/8.5.0.alpha002/compiler/ccec_compiler/bin/bisheng
CMake Warning at /usr/local/Ascend/ascend-toolkit/8.5.0.alpha002/aarch64-linux/tikcpp/ascendc_kernel_cmake/ASC_CMake/CMakeDetermineASCCompiler.cmake:57 (message):
  CMAKE_INSTALL_PREFIX is not set.  Set to default value
  /home/data4t2/lelinfeng/cann/server_runs/MULTIROW-PANEL-RMS-CHAMPION-X/V022/support/out.
Call Stack (most recent call first):
  CMakeLists.txt:3 (project)


-- CMAKE_BUILD_TYPE: Release
-- CMAKE_INSTALL_PREFIX: /home/data4t2/lelinfeng/cann/server_runs/MULTIROW-PANEL-RMS-CHAMPION-X/V022/support/out
-- ASCEND_CANN_PACKAGE_PATH: /usr/local/Ascend/ascend-toolkit/8.5.0.alpha002
-- CMAKE_ASC_LLD_LINKER: /usr/local/Ascend/ascend-toolkit/8.5.0.alpha002/tools/ccec_compiler/bin/ld.lld
-- The CXX compiler identification is GNU 11.4.0
-- Detecting CXX compiler ABI info
-- Detecting CXX compiler ABI info - done
-- Check for working CXX compiler: /usr/bin/c++ - skipped
-- Detecting CXX compile features
-- Detecting CXX compile features - done
-- Configuring done
-- Generating done
-- Build files have been written to: /home/data4t2/lelinfeng/cann/server_runs/MULTIROW-PANEL-RMS-CHAMPION-X/V022/support/build
[ 33%] Building ASC object CMakeFiles/multirow_panel_rms_parent.dir/parent_kernel.asc.o
[ 33%] Building ASC object CMakeFiles/multirow_panel_rms_candidate.dir/candidate_kernel.asc.o
[ 50%] Linking ASC shared library libmultirow_panel_rms_candidate.so
[ 50%] Built target multirow_panel_rms_candidate
[ 66%] Linking ASC shared library libmultirow_panel_rms_parent.so
[ 66%] Built target multirow_panel_rms_parent
[ 83%] Building CXX object CMakeFiles/multirow_panel_rms_runner.dir/runner_main.cpp.o
[100%] Linking CXX executable multirow_panel_rms_runner
[100%] Built target multirow_panel_rms_runner

ARTIFACT=/home/data4t2/lelinfeng/cann/server_runs/MULTIROW-PANEL-RMS-CHAMPION-X/V022/support/build/multirow_panel_rms_runner
7226991b6b51ab45312cea50b6598d23e65469f3dc15d2c6088a2ef70a6cf0e8  /home/data4t2/lelinfeng/cann/server_runs/MULTIROW-PANEL-RMS-CHAMPION-X/V022/support/build/multirow_panel_rms_runner
	linux-vdso.so.1 (0x0000ffffa18a2000)
	libmultirow_panel_rms_parent.so => /home/data4t2/lelinfeng/cann/server_runs/MULTIROW-PANEL-RMS-CHAMPION-X/V022/support/build/libmultirow_panel_rms_parent.so (0x0000ffffa17a0000)
	libmultirow_panel_rms_candidate.so => /home/data4t2/lelinfeng/cann/server_runs/MULTIROW-PANEL-RMS-CHAMPION-X/V022/support/build/libmultirow_panel_rms_candidate.so (0x0000ffffa1700000)
	libascendcl.so => /usr/local/Ascend/ascend-toolkit/8.5.0.alpha002/aarch64-linux/lib64/libascendcl.so (0x0000ffffa14e0000)
	libstdc++.so.6 => /lib/aarch64-linux-gnu/libstdc++.so.6 (0x0000ffffa12b0000)
	libm.so.6 => /lib/aarch64-linux-gnu/libm.so.6 (0x0000ffffa1210000)
	libgcc_s.so.1 => /lib/aarch64-linux-gnu/libgcc_s.so.1 (0x0000ffffa11e0000)
	libc.so.6 => /lib/aarch64-linux-gnu/libc.so.6 (0x0000ffffa1030000)
	/lib/ld-linux-aarch64.so.1 (0x0000ffffa1869000)
	libruntime.so => /usr/local/Ascend/ascend-toolkit/8.5.0.alpha002/aarch64-linux/lib64/libruntime.so (0x0000ffffa0f60000)
	liberror_manager.so => /usr/local/Ascend/ascend-toolkit/8.5.0.alpha002/aarch64-linux/lib64/liberror_manager.so (0x0000ffffa0ee0000)
	libprofapi.so => /usr/local/Ascend/ascend-toolkit/8.5.0.alpha002/aarch64-linux/lib64/libprofapi.so (0x0000ffffa0ea0000)
	libascendalog.so => /usr/local/Ascend/ascend-toolkit/8.5.0.alpha002/aarch64-linux/lib64/libascendalog.so (0x0000ffffa0e50000)
	libmmpa.so => /usr/local/Ascend/ascend-toolkit/8.5.0.alpha002/aarch64-linux/lib64/libmmpa.so (0x0000ffffa0e20000)
	libascend_dump.so => /usr/local/Ascend/ascend-toolkit/8.5.0.alpha002/aarch64-linux/lib64/libascend_dump.so (0x0000ffffa0ce0000)
	libc_sec.so => /usr/local/Ascend/ascend-toolkit/8.5.0.alpha002/aarch64-linux/lib64/libc_sec.so (0x0000ffffa0ca0000)
	libmsprofiler.so => /usr/local/Ascend/ascend-toolkit/8.5.0.alpha002/aarch64-linux/lib64/libmsprofiler.so (0x0000ffffa08f0000)
	libgert.so => /usr/local/Ascend/ascend-toolkit/8.5.0.alpha002/aarch64-linux/lib64/libgert.so (0x0000ffffa0090000)
	libascendcl_impl.so => /usr/local/Ascend/ascend-toolkit/8.5.0.alpha002/aarch64-linux/lib64/libascendcl_impl.so (0x0000ffff9ffd0000)
	librt.so.1 => /lib/aarch64-linux-gnu/librt.so.1 (0x0000ffff9ffb0000)
	libdl.so.2 => /lib/aarch64-linux-gnu/libdl.so.2 (0x0000ffff9ff90000)
	libge_executor.so => /usr/local/Ascend/ascend-toolkit/8.5.0.alpha002/aarch64-linux/lib64/libge_executor.so (0x0000ffff9fe80000)
	libgraph.so => /usr/local/Ascend/ascend-toolkit/8.5.0.alpha002/aarch64-linux/lib64/libgraph.so (0x0000ffff9fc60000)
	libascend_watchdog.so => /usr/local/Ascend/ascend-toolkit/8.5.0.alpha002/aarch64-linux/lib64/libascend_watchdog.so (0x0000ffff9fc30000)
	libascend_protobuf.so.3.13.0.0 => /usr/local/Ascend/ascend-toolkit/8.5.0.alpha002/aarch64-linux/lib64/libascend_protobuf.so.3.13.0.0 (0x0000ffff9f700000)
	libpthread.so.0 => /lib/aarch64-linux-gnu/libpthread.so.0 (0x0000ffff9f6e0000)
	libruntime_common.so => /usr/local/Ascend/ascend-toolkit/8.5.0.alpha002/aarch64-linux/lib64/libruntime_common.so (0x0000ffff9f680000)
	libascend_hal.so => /usr/local/Ascend/driver/lib64/driver/libascend_hal.so (0x0000ffff9f210000)
	libunified_dlog.so => /usr/local/Ascend/ascend-toolkit/8.5.0.alpha002/aarch64-linux/lib64/libunified_dlog.so (0x0000ffff9f1c0000)
	libgraph_base.so => /usr/local/Ascend/ascend-toolkit/8.5.0.alpha002/aarch64-linux/lib64/libgraph_base.so (0x0000ffff9ea00000)
	libhybrid_executor.so => /usr/local/Ascend/ascend-toolkit/8.5.0.alpha002/aarch64-linux/lib64/libhybrid_executor.so (0x0000ffff9e5a0000)
	libdavinci_executor.so => /usr/local/Ascend/ascend-toolkit/8.5.0.alpha002/aarch64-linux/lib64/libdavinci_executor.so (0x0000ffff9e0c0000)
	libge_common.so => /usr/local/Ascend/ascend-toolkit/8.5.0.alpha002/aarch64-linux/lib64/libge_common.so (0x0000ffff9df80000)
	libge_common_base.so => /usr/local/Ascend/ascend-toolkit/8.5.0.alpha002/aarch64-linux/lib64/libge_common_base.so (0x0000ffff9d9d0000)
	libexe_graph.so => /usr/local/Ascend/ascend-toolkit/8.5.0.alpha002/aarch64-linux/lib64/libexe_graph.so (0x0000ffff9d970000)
	liblowering.so => /usr/local/Ascend/ascend-toolkit/8.5.0.alpha002/aarch64-linux/lib64/liblowering.so (0x0000ffff9d880000)
	libregister.so => /usr/local/Ascend/ascend-toolkit/8.5.0.alpha002/aarch64-linux/lib64/libregister.so (0x0000ffff9cbd0000)
	libopp_registry.so => /usr/local/Ascend/ascend-toolkit/8.5.0.alpha002/aarch64-linux/lib64/libopp_registry.so (0x0000ffff9cb40000)
	libplatform.so => /usr/local/Ascend/ascend-toolkit/8.5.0.alpha002/aarch64-linux/lib64/libplatform.so (0x0000ffff9c9e0000)
	libmetadef.so => /usr/local/Ascend/ascend-toolkit/8.5.0.alpha002/aarch64-linux/lib64/libmetadef.so (0x0000ffff9c8a0000)
	libascend_trace.so => /usr/local/Ascend/ascend-toolkit/8.5.0.alpha002/aarch64-linux/lib64/libascend_trace.so (0x0000ffff9be60000)

ARTIFACT=/home/data4t2/lelinfeng/cann/server_runs/MULTIROW-PANEL-RMS-CHAMPION-X/V022/support/build/libmultirow_panel_rms_parent.so
0118128ac495a7f69f8760c10b4aa297934a1e0d066d0e818c73eb3c774c0084  /home/data4t2/lelinfeng/cann/server_runs/MULTIROW-PANEL-RMS-CHAMPION-X/V022/support/build/libmultirow_panel_rms_parent.so
	linux-vdso.so.1 (0x0000ffff86167000)
	libgcc_s.so.1 => /lib/aarch64-linux-gnu/libgcc_s.so.1 (0x0000ffff86060000)
	libc.so.6 => /lib/aarch64-linux-gnu/libc.so.6 (0x0000ffff85eb0000)
	/lib/ld-linux-aarch64.so.1 (0x0000ffff8612e000)
	libascendcl.so => /usr/local/Ascend/ascend-toolkit/8.5.0.alpha002/aarch64-linux/lib64/libascendcl.so (0x0000ffff85c90000)
	libruntime.so => /usr/local/Ascend/ascend-toolkit/8.5.0.alpha002/aarch64-linux/lib64/libruntime.so (0x0000ffff85bc0000)
	liberror_manager.so => /usr/local/Ascend/ascend-toolkit/8.5.0.alpha002/aarch64-linux/lib64/liberror_manager.so (0x0000ffff85b40000)
	libprofapi.so => /usr/local/Ascend/ascend-toolkit/8.5.0.alpha002/aarch64-linux/lib64/libprofapi.so (0x0000ffff85b00000)
	libascendalog.so => /usr/local/Ascend/ascend-toolkit/8.5.0.alpha002/aarch64-linux/lib64/libascendalog.so (0x0000ffff85ab0000)
	libmmpa.so => /usr/local/Ascend/ascend-toolkit/8.5.0.alpha002/aarch64-linux/lib64/libmmpa.so (0x0000ffff85a80000)
	libascend_dump.so => /usr/local/Ascend/ascend-toolkit/8.5.0.alpha002/aarch64-linux/lib64/libascend_dump.so (0x0000ffff85940000)
	libc_sec.so => /usr/local/Ascend/ascend-toolkit/8.5.0.alpha002/aarch64-linux/lib64/libc_sec.so (0x0000ffff85900000)
	libstdc++.so.6 => /lib/aarch64-linux-gnu/libstdc++.so.6 (0x0000ffff856d0000)
	libmsprofiler.so => /usr/local/Ascend/ascend-toolkit/8.5.0.alpha002/aarch64-linux/lib64/libmsprofiler.so (0x0000ffff85320000)
	libgert.so => /usr/local/Ascend/ascend-toolkit/8.5.0.alpha002/aarch64-linux/lib64/libgert.so (0x0000ffff84ac0000)
	libascendcl_impl.so => /usr/local/Ascend/ascend-toolkit/8.5.0.alpha002/aarch64-linux/lib64/libascendcl_impl.so (0x0000ffff84a00000)
	librt.so.1 => /lib/aarch64-linux-gnu/librt.so.1 (0x0000ffff849e0000)
	libdl.so.2 => /lib/aarch64-linux-gnu/libdl.so.2 (0x0000ffff849c0000)
	libge_executor.so => /usr/local/Ascend/ascend-toolkit/8.5.0.alpha002/aarch64-linux/lib64/libge_executor.so (0x0000ffff848b0000)
	libgraph.so => /usr/local/Ascend/ascend-toolkit/8.5.0.alpha002/aarch64-linux/lib64/libgraph.so (0x0000ffff84690000)
	libascend_watchdog.so => /usr/local/Ascend/ascend-toolkit/8.5.0.alpha002/aarch64-linux/lib64/libascend_watchdog.so (0x0000ffff84660000)
	libascend_protobuf.so.3.13.0.0 => /usr/local/Ascend/ascend-toolkit/8.5.0.alpha002/aarch64-linux/lib64/libascend_protobuf.so.3.13.0.0 (0x0000ffff84130000)
	libpthread.so.0 => /lib/aarch64-linux-gnu/libpthread.so.0 (0x0000ffff84110000)
	libruntime_common.so => /usr/local/Ascend/ascend-toolkit/8.5.0.alpha002/aarch64-linux/lib64/libruntime_common.so (0x0000ffff840b0000)
	libascend_hal.so => /usr/local/Ascend/driver/lib64/driver/libascend_hal.so (0x0000ffff83c40000)
	libunified_dlog.so => /usr/local/Ascend/ascend-toolkit/8.5.0.alpha002/aarch64-linux/lib64/libunified_dlog.so (0x0000ffff83bf0000)
	libm.so.6 => /lib/aarch64-linux-gnu/libm.so.6 (0x0000ffff83b50000)
	libgraph_base.so => /usr/local/Ascend/ascend-toolkit/8.5.0.alpha002/aarch64-linux/lib64/libgraph_base.so (0x0000ffff83390000)
	libhybrid_executor.so => /usr/local/Ascend/ascend-toolkit/8.5.0.alpha002/aarch64-linux/lib64/libhybrid_executor.so (0x0000ffff82f30000)
	libdavinci_executor.so => /usr/local/Ascend/ascend-toolkit/8.5.0.alpha002/aarch64-linux/lib64/libdavinci_executor.so (0x0000ffff82a50000)
	libge_common.so => /usr/local/Ascend/ascend-toolkit/8.5.0.alpha002/aarch64-linux/lib64/libge_common.so (0x0000ffff82910000)
	libge_common_base.so => /usr/local/Ascend/ascend-toolkit/8.5.0.alpha002/aarch64-linux/lib64/libge_common_base.so (0x0000ffff82360000)
	libexe_graph.so => /usr/local/Ascend/ascend-toolkit/8.5.0.alpha002/aarch64-linux/lib64/libexe_graph.so (0x0000ffff82300000)
	liblowering.so => /usr/local/Ascend/ascend-toolkit/8.5.0.alpha002/aarch64-linux/lib64/liblowering.so (0x0000ffff82210000)
	libregister.so => /usr/local/Ascend/ascend-toolkit/8.5.0.alpha002/aarch64-linux/lib64/libregister.so (0x0000ffff81560000)
	libopp_registry.so => /usr/local/Ascend/ascend-toolkit/8.5.0.alpha002/aarch64-linux/lib64/libopp_registry.so (0x0000ffff814d0000)
	libplatform.so => /usr/local/Ascend/ascend-toolkit/8.5.0.alpha002/aarch64-linux/lib64/libplatform.so (0x0000ffff81370000)
	libmetadef.so => /usr/local/Ascend/ascend-toolkit/8.5.0.alpha002/aarch64-linux/lib64/libmetadef.so (0x0000ffff81230000)
	libascend_trace.so => /usr/local/Ascend/ascend-toolkit/8.5.0.alpha002/aarch64-linux/lib64/libascend_trace.so (0x0000ffff807f0000)

ARTIFACT=/home/data4t2/lelinfeng/cann/server_runs/MULTIROW-PANEL-RMS-CHAMPION-X/V022/support/build/libmultirow_panel_rms_candidate.so
154aea37189984c52257df43a42fe9b8ea85725a44cb477e191dc0e752ab4e68  /home/data4t2/lelinfeng/cann/server_runs/MULTIROW-PANEL-RMS-CHAMPION-X/V022/support/build/libmultirow_panel_rms_candidate.so
	linux-vdso.so.1 (0x0000ffff855a2000)
	libgcc_s.so.1 => /lib/aarch64-linux-gnu/libgcc_s.so.1 (0x0000ffff85490000)
	libc.so.6 => /lib/aarch64-linux-gnu/libc.so.6 (0x0000ffff852e0000)
	/lib/ld-linux-aarch64.so.1 (0x0000ffff85569000)
	libascendcl.so => /usr/local/Ascend/ascend-toolkit/8.5.0.alpha002/aarch64-linux/lib64/libascendcl.so (0x0000ffff850c0000)
	libruntime.so => /usr/local/Ascend/ascend-toolkit/8.5.0.alpha002/aarch64-linux/lib64/libruntime.so (0x0000ffff84ff0000)
	liberror_manager.so => /usr/local/Ascend/ascend-toolkit/8.5.0.alpha002/aarch64-linux/lib64/liberror_manager.so (0x0000ffff84f70000)
	libprofapi.so => /usr/local/Ascend/ascend-toolkit/8.5.0.alpha002/aarch64-linux/lib64/libprofapi.so (0x0000ffff84f30000)
	libascendalog.so => /usr/local/Ascend/ascend-toolkit/8.5.0.alpha002/aarch64-linux/lib64/libascendalog.so (0x0000ffff84ee0000)
	libmmpa.so => /usr/local/Ascend/ascend-toolkit/8.5.0.alpha002/aarch64-linux/lib64/libmmpa.so (0x0000ffff84eb0000)
	libascend_dump.so => /usr/local/Ascend/ascend-toolkit/8.5.0.alpha002/aarch64-linux/lib64/libascend_dump.so (0x0000ffff84d70000)
	libc_sec.so => /usr/local/Ascend/ascend-toolkit/8.5.0.alpha002/aarch64-linux/lib64/libc_sec.so (0x0000ffff84d30000)
	libstdc++.so.6 => /lib/aarch64-linux-gnu/libstdc++.so.6 (0x0000ffff84b00000)
	libmsprofiler.so => /usr/local/Ascend/ascend-toolkit/8.5.0.alpha002/aarch64-linux/lib64/libmsprofiler.so (0x0000ffff84750000)
	libgert.so => /usr/local/Ascend/ascend-toolkit/8.5.0.alpha002/aarch64-linux/lib64/libgert.so (0x0000ffff83ef0000)
	libascendcl_impl.so => /usr/local/Ascend/ascend-toolkit/8.5.0.alpha002/aarch64-linux/lib64/libascendcl_impl.so (0x0000ffff83e30000)
	librt.so.1 => /lib/aarch64-linux-gnu/librt.so.1 (0x0000ffff83e10000)
	libdl.so.2 => /lib/aarch64-linux-gnu/libdl.so.2 (0x0000ffff83df0000)
	libge_executor.so => /usr/local/Ascend/ascend-toolkit/8.5.0.alpha002/aarch64-linux/lib64/libge_executor.so (0x0000ffff83ce0000)
	libgraph.so => /usr/local/Ascend/ascend-toolkit/8.5.0.alpha002/aarch64-linux/lib64/libgraph.so (0x0000ffff83ac0000)
	libascend_watchdog.so => /usr/local/Ascend/ascend-toolkit/8.5.0.alpha002/aarch64-linux/lib64/libascend_watchdog.so (0x0000ffff83a90000)
	libascend_protobuf.so.3.13.0.0 => /usr/local/Ascend/ascend-toolkit/8.5.0.alpha002/aarch64-linux/lib64/libascend_protobuf.so.3.13.0.0 (0x0000ffff83560000)
	libpthread.so.0 => /lib/aarch64-linux-gnu/libpthread.so.0 (0x0000ffff83540000)
	libruntime_common.so => /usr/local/Ascend/ascend-toolkit/8.5.0.alpha002/aarch64-linux/lib64/libruntime_common.so (0x0000ffff834e0000)
	libascend_hal.so => /usr/local/Ascend/driver/lib64/driver/libascend_hal.so (0x0000ffff83070000)
	libunified_dlog.so => /usr/local/Ascend/ascend-toolkit/8.5.0.alpha002/aarch64-linux/lib64/libunified_dlog.so (0x0000ffff83020000)
	libm.so.6 => /lib/aarch64-linux-gnu/libm.so.6 (0x0000ffff82f80000)
	libgraph_base.so => /usr/local/Ascend/ascend-toolkit/8.5.0.alpha002/aarch64-linux/lib64/libgraph_base.so (0x0000ffff827c0000)
	libhybrid_executor.so => /usr/local/Ascend/ascend-toolkit/8.5.0.alpha002/aarch64-linux/lib64/libhybrid_executor.so (0x0000ffff82360000)
	libdavinci_executor.so => /usr/local/Ascend/ascend-toolkit/8.5.0.alpha002/aarch64-linux/lib64/libdavinci_executor.so (0x0000ffff81e80000)
	libge_common.so => /usr/local/Ascend/ascend-toolkit/8.5.0.alpha002/aarch64-linux/lib64/libge_common.so (0x0000ffff81d40000)
	libge_common_base.so => /usr/local/Ascend/ascend-toolkit/8.5.0.alpha002/aarch64-linux/lib64/libge_common_base.so (0x0000ffff81790000)
	libexe_graph.so => /usr/local/Ascend/ascend-toolkit/8.5.0.alpha002/aarch64-linux/lib64/libexe_graph.so (0x0000ffff81730000)
	liblowering.so => /usr/local/Ascend/ascend-toolkit/8.5.0.alpha002/aarch64-linux/lib64/liblowering.so (0x0000ffff81640000)
	libregister.so => /usr/local/Ascend/ascend-toolkit/8.5.0.alpha002/aarch64-linux/lib64/libregister.so (0x0000ffff80990000)
	libopp_registry.so => /usr/local/Ascend/ascend-toolkit/8.5.0.alpha002/aarch64-linux/lib64/libopp_registry.so (0x0000ffff80900000)
	libplatform.so => /usr/local/Ascend/ascend-toolkit/8.5.0.alpha002/aarch64-linux/lib64/libplatform.so (0x0000ffff807a0000)
	libmetadef.so => /usr/local/Ascend/ascend-toolkit/8.5.0.alpha002/aarch64-linux/lib64/libmetadef.so (0x0000ffff80660000)
	libascend_trace.so => /usr/local/Ascend/ascend-toolkit/8.5.0.alpha002/aarch64-linux/lib64/libascend_trace.so (0x0000ffff7fc20000)
