[ERROR] RUNTIME(2614778,sync_barrier_elision_correctness):2026-10-07-15:00:13.593.449 [stars_engine.cc:1489]2614778 ProcLogicCqReport:Task run failed, device_id=3, stream_id=2, task_id=4, sqe_type=0(ffts), errType=0x4(task timeout), sqSwStatus=0
[ERROR] RUNTIME(2614778,sync_barrier_elision_correctness):2026-10-07-15:00:13.624.239 [device_error_core_proc.cc:332]2614778 ProcessStarsCoreErrorInfo:report error module_type=5, module_name=EZ9999
[ERROR] RUNTIME(2614778,sync_barrier_elision_correctness):2026-10-07-15:00:13.624.296 [device_error_core_proc.cc:332]2614778 ProcessStarsCoreErrorInfo:The error from device(chipId:3, dieId:0), serial number is 6, there is an exception of aivec error, core id is 39, error code = 0, dump info: pc start: 0x12460000d288, current: 0x12460000ff8c, vec error info: 0xd906742ee1, mte error info: 0xf0b1100886, ifu error info: 0x4816f8ae00900, ccu error info: 0x96605c346460003a, cube error info: 0, biu error info: 0, aic error mask: 0x6500020bd00028c, para base: 0x12c100000000.
[ERROR] RUNTIME(2614778,sync_barrier_elision_correctness):2026-10-07-15:00:13.624.407 [device_error_core_proc.cc:352]2614778 ProcessStarsCoreErrorInfo:report error module_type=5, module_name=EZ9999
[ERROR] RUNTIME(2614778,sync_barrier_elision_correctness):2026-10-07-15:00:13.624.414 [device_error_core_proc.cc:352]2614778 ProcessStarsCoreErrorInfo:The extend info: errcode:(0, 0, 0) errorStr: timeout or trap error. fixp_error0 info: 0x1100886, fixp_error1 info: 0xf0, fsmId:0, tslot:7, thread:0, ctxid:0, blk:3, sublk:0, subErrType:4.
[ERROR] RUNTIME(2614778,sync_barrier_elision_correctness):2026-10-07-15:00:13.624.432 [device_error_core_proc.cc:332]2614778 ProcessStarsCoreErrorInfo:report error module_type=5, module_name=EZ9999
[ERROR] RUNTIME(2614778,sync_barrier_elision_correctness):2026-10-07-15:00:13.624.440 [device_error_core_proc.cc:332]2614778 ProcessStarsCoreErrorInfo:The error from device(chipId:3, dieId:0), serial number is 6, there is an exception of aivec error, core id is 40, error code = 0, dump info: pc start: 0x12460000d288, current: 0x12460000ff8c, vec error info: 0x430010385c, mte error info: 0xadfc81e052, ifu error info: 0x49d130320000, ccu error info: 0x5cf21485e02592b, cube error info: 0, biu error info: 0, aic error mask: 0x6500020bd00028c, para base: 0x12c100000000.
[ERROR] RUNTIME(2614778,sync_barrier_elision_correctness):2026-10-07-15:00:13.624.456 [device_error_core_proc.cc:352]2614778 ProcessStarsCoreErrorInfo:report error module_type=5, module_name=EZ9999
[ERROR] RUNTIME(2614778,sync_barrier_elision_correctness):2026-10-07-15:00:13.624.461 [device_error_core_proc.cc:352]2614778 ProcessStarsCoreErrorInfo:The extend info: errcode:(0, 0, 0) errorStr: timeout or trap error. fixp_error0 info: 0xc81e052, fixp_error1 info: 0xad, fsmId:0, tslot:7, thread:0, ctxid:0, blk:4, sublk:0, subErrType:4.
[ERROR] RUNTIME(2614778,sync_barrier_elision_correctness):2026-10-07-15:00:13.624.475 [device_error_core_proc.cc:332]2614778 ProcessStarsCoreErrorInfo:report error module_type=5, module_name=EZ9999
[ERROR] RUNTIME(2614778,sync_barrier_elision_correctness):2026-10-07-15:00:13.624.481 [device_error_core_proc.cc:332]2614778 ProcessStarsCoreErrorInfo:The error from device(chipId:3, dieId:0), serial number is 6, there is an exception of aivec error, core id is 41, error code = 0, dump info: pc start: 0x12460000d288, current: 0x12460000ff8c, vec error info: 0x500154080e, mte error info: 0x83b0210437, ifu error info: 0x5eb6016cc9c00, ccu error info: 0x19322a6840021824, cube error info: 0, biu error info: 0, aic error mask: 0x6500020bd00028c, para base: 0x12c100000000.
[ERROR] RUNTIME(2614778,sync_barrier_elision_correctness):2026-10-07-15:00:13.624.497 [device_error_core_proc.cc:352]2614778 ProcessStarsCoreErrorInfo:report error module_type=5, module_name=EZ9999
[ERROR] RUNTIME(2614778,sync_barrier_elision_correctness):2026-10-07-15:00:13.624.502 [device_error_core_proc.cc:352]2614778 ProcessStarsCoreErrorInfo:The extend info: errcode:(0, 0, 0) errorStr: timeout or trap error. fixp_error0 info: 0x210437, fixp_error1 info: 0x83, fsmId:0, tslot:7, thread:0, ctxid:0, blk:5, sublk:0, subErrType:4.
[ERROR] RUNTIME(2614778,sync_barrier_elision_correctness):2026-10-07-15:00:13.624.527 [device_error_core_proc.cc:332]2614778 ProcessStarsCoreErrorInfo:report error module_type=5, module_name=EZ9999
[ERROR] RUNTIME(2614778,sync_barrier_elision_correctness):2026-10-07-15:00:13.624.533 [device_error_core_proc.cc:332]2614778 ProcessStarsCoreErrorInfo:The error from device(chipId:3, dieId:0), serial number is 6, there is an exception of aivec error, core id is 36, error code = 0, dump info: pc start: 0x12460000d288, current: 0x12460000ff8c, vec error info: 0x510759c4ba, mte error info: 0x1c92033050, ifu error info: 0x2e54a7b83840, ccu error info: 0x8002002101e080, cube error info: 0, biu error info: 0, aic error mask: 0x6500020bd00028c, para base: 0x12c100000000.
[ERROR] RUNTIME(2614778,sync_barrier_elision_correctness):2026-10-07-15:00:13.624.546 [device_error_core_proc.cc:352]2614778 ProcessStarsCoreErrorInfo:report error module_type=5, module_name=EZ9999
[ERROR] RUNTIME(2614778,sync_barrier_elision_correctness):2026-10-07-15:00:13.624.551 [device_error_core_proc.cc:352]2614778 ProcessStarsCoreErrorInfo:The extend info: errcode:(0, 0, 0) errorStr: timeout or trap error. fixp_error0 info: 0x2033050, fixp_error1 info: 0x1c, fsmId:1, tslot:7, thread:0, ctxid:0, blk:0, sublk:0, subErrType:4.
[ERROR] RUNTIME(2614778,sync_barrier_elision_correctness):2026-10-07-15:00:13.624.564 [device_error_core_proc.cc:332]2614778 ProcessStarsCoreErrorInfo:report error module_type=5, module_name=EZ9999
[ERROR] RUNTIME(2614778,sync_barrier_elision_correctness):2026-10-07-15:00:13.624.570 [device_error_core_proc.cc:332]2614778 ProcessStarsCoreErrorInfo:The error from device(chipId:3, dieId:0), serial number is 6, there is an exception of aivec error, core id is 37, error code = 0, dump info: pc start: 0x12460000d288, current: 0x12460000ff8c, vec error info: 0xe31893e80d, mte error info: 0xf17c170784, ifu error info: 0x10631695d1080, ccu error info: 0x11c1a02c502033f3, cube error info: 0, biu error info: 0, aic error mask: 0x6500020bd00028c, para base: 0x12c100000000.
[ERROR] RUNTIME(2614778,sync_barrier_elision_correctness):2026-10-07-15:00:13.624.584 [device_error_core_proc.cc:352]2614778 ProcessStarsCoreErrorInfo:report error module_type=5, module_name=EZ9999
[ERROR] RUNTIME(2614778,sync_barrier_elision_correctness):2026-10-07-15:00:13.624.588 [device_error_core_proc.cc:352]2614778 ProcessStarsCoreErrorInfo:The extend info: errcode:(0, 0, 0) errorStr: timeout or trap error. fixp_error0 info: 0xc170784, fixp_error1 info: 0xf1, fsmId:1, tslot:7, thread:0, ctxid:0, blk:1, sublk:0, subErrType:4.
[ERROR] RUNTIME(2614778,sync_barrier_elision_correctness):2026-10-07-15:00:13.624.600 [device_error_core_proc.cc:332]2614778 ProcessStarsCoreErrorInfo:report error module_type=5, module_name=EZ9999
[ERROR] RUNTIME(2614778,sync_barrier_elision_correctness):2026-10-07-15:00:13.624.606 [device_error_core_proc.cc:332]2614778 ProcessStarsCoreErrorInfo:The error from device(chipId:3, dieId:0), serial number is 6, there is an exception of aivec error, core id is 38, error code = 0, dump info: pc start: 0x12460000d288, current: 0x12460000ff8c, vec error info: 0x631e748f09, mte error info: 0x803b81b8ee, ifu error info: 0x3339f20fac800, ccu error info: 0x4062c2c589402b2, cube error info: 0, biu error info: 0, aic error mask: 0x6500020bd00028c, para base: 0x12c100000000.
[ERROR] RUNTIME(2614778,sync_barrier_elision_correctness):2026-10-07-15:00:13.624.620 [device_error_core_proc.cc:352]2614778 ProcessStarsCoreErrorInfo:report error module_type=5, module_name=EZ9999
[ERROR] RUNTIME(2614778,sync_barrier_elision_correctness):2026-10-07-15:00:13.624.624 [device_error_core_proc.cc:352]2614778 ProcessStarsCoreErrorInfo:The extend info: errcode:(0, 0, 0) errorStr: timeout or trap error. fixp_error0 info: 0xb81b8ee, fixp_error1 info: 0x80, fsmId:1, tslot:7, thread:0, ctxid:0, blk:2, sublk:0, subErrType:4.
[ERROR] RUNTIME(2614778,sync_barrier_elision_correctness):2026-10-07-15:00:13.624.636 [device_error_core_proc.cc:332]2614778 ProcessStarsCoreErrorInfo:report error module_type=5, module_name=EZ9999
[ERROR] RUNTIME(2614778,sync_barrier_elision_correctness):2026-10-07-15:00:13.624.661 [device_error_core_proc.cc:332]2614778 ProcessStarsCoreErrorInfo:The error from device(chipId:3, dieId:0), serial number is 6, there is an exception of aivec error, core id is 42, error code = 0, dump info: pc start: 0x12460000d288, current: 0x12460000ff8c, vec error info: 0x7b041d2461, mte error info: 0x1ef41f470, ifu error info: 0x602770b266080, ccu error info: 0x2008c01a2aea0953, cube error info: 0, biu error info: 0, aic error mask: 0x6500020bd00028c, para base: 0x12c100000000.
[ERROR] RUNTIME(2614778,sync_barrier_elision_correctness):2026-10-07-15:00:13.624.677 [device_error_core_proc.cc:352]2614778 ProcessStarsCoreErrorInfo:report error module_type=5, module_name=EZ9999
[ERROR] RUNTIME(2614778,sync_barrier_elision_correctness):2026-10-07-15:00:13.624.681 [device_error_core_proc.cc:352]2614778 ProcessStarsCoreErrorInfo:The extend info: errcode:(0, 0, 0) errorStr: timeout or trap error. fixp_error0 info: 0xf41f470, fixp_error1 info: 0x1, fsmId:1, tslot:7, thread:0, ctxid:0, blk:6, sublk:0, subErrType:4.
[ERROR] RUNTIME(2614778,sync_barrier_elision_correctness):2026-10-07-15:00:13.624.693 [device_error_core_proc.cc:332]2614778 ProcessStarsCoreErrorInfo:report error module_type=5, module_name=EZ9999
[ERROR] RUNTIME(2614778,sync_barrier_elision_correctness):2026-10-07-15:00:13.624.698 [device_error_core_proc.cc:332]2614778 ProcessStarsCoreErrorInfo:The error from device(chipId:3, dieId:0), serial number is 6, there is an exception of aivec error, core id is 43, error code = 0, dump info: pc start: 0x12460000d288, current: 0x12460000ff8c, vec error info: 0x430291c823, mte error info: 0x7cd200f2b0, ifu error info: 0x2f0183e761200, ccu error info: 0xd0c9862849827131, cube error info: 0, biu error info: 0, aic error mask: 0x6500020bd00028c, para base: 0x12c100000000.
[ERROR] RUNTIME(2614778,sync_barrier_elision_correctness):2026-10-07-15:00:13.624.712 [device_error_core_proc.cc:352]2614778 ProcessStarsCoreErrorInfo:report error module_type=5, module_name=EZ9999
[ERROR] RUNTIME(2614778,sync_barrier_elision_correctness):2026-10-07-15:00:13.624.716 [device_error_core_proc.cc:352]2614778 ProcessStarsCoreErrorInfo:The extend info: errcode:(0, 0, 0) errorStr: timeout or trap error. fixp_error0 info: 0x200f2b0, fixp_error1 info: 0x7c, fsmId:1, tslot:7, thread:0, ctxid:0, blk:7, sublk:0, subErrType:4.
[ERROR] RUNTIME(2614778,sync_barrier_elision_correctness):2026-10-07-15:00:13.624.728 [device_error_core_proc.cc:368]2614778 ProcessStarsCoreErrorInfo:devId=3, streamId=2, taskId=4, MTE errorCode=0.
[ERROR] RUNTIME(2614778,sync_barrier_elision_correctness):2026-10-07-15:00:13.624.745 [davinci_task.cc:195]2614778 SetStarsResultForDavinciTask:AIV Kernel happen error, retCode=0x30.
[ERROR] RUNTIME(2614778,sync_barrier_elision_correctness):2026-10-07-15:00:13.625.770 [davinci_kernel_task.cc:1502]2614778 PreCheckTaskErr:report error module_type=5, module_name=EZ9999
[ERROR] RUNTIME(2614778,sync_barrier_elision_correctness):2026-10-07-15:00:13.625.779 [davinci_kernel_task.cc:1502]2614778 PreCheckTaskErr:Kernel task happen error, retCode=0x30, [vector core timeout].
[ERROR] RUNTIME(2614778,sync_barrier_elision_correctness):2026-10-07-15:00:13.626.098 [davinci_kernel_task.cc:1344]2614778 GetArgsInfo:[AIC_INFO] args(0 to 9) after execute:0x12c0c0013000, 0x12c0c0015000, 0x12c0c0017000, 0x12c0c0018000, 0x12c0c001b000, 0x8, 0x100, 0x3b80000000000008, 0xaaab3727c5ac, 0x12c000004000,  
[ERROR] RUNTIME(2614778,sync_barrier_elision_correctness):2026-10-07-15:00:13.626.108 [davinci_kernel_task.cc:1347]2614778 GetArgsInfo:tilingKey = 0, print 1 Times totalLen=(10*8), argsSize=80, blockDim=8
[ERROR] RUNTIME(2614778,sync_barrier_elision_correctness):2026-10-07-15:00:13.626.132 [davinci_kernel_task.cc:1388]2614778 PrintErrorInfoForDavinciTask:[AIC_INFO] after execute:args print end
[ERROR] RUNTIME(2614778,sync_barrier_elision_correctness):2026-10-07-15:00:13.626.258 [davinci_kernel_task.cc:1418]2614778 PrintErrorInfoForDavinciTask:[DFX_INFO]Aicore kernel execute failed, device_id=3, stream_id=2, report_stream_id=2, task_id=4, flip_num=0, fault kernel_name=_ZN16candidate_kernel24add_rms_norm_bias_customIDhEEvPhS1_S1_S1_S1_mmjff, fault kernel info ext=_ZN16candidate_kernel24add_rms_norm_bias_customIDhEEvPhS1_S1_S1_S1_mmjff, program id=0, hash=13080759410021446451.
[ERROR] RUNTIME(2614778,sync_barrier_elision_correctness):2026-10-07-15:00:13.626.478 [stream.cc:1300]2614778 GetError:Stream Synchronize failed, stream_id=2, retCode=0x30, [vector core timeout].
[ERROR] RUNTIME(2614778,sync_barrier_elision_correctness):2026-10-07-15:00:13.626.484 [stream.cc:1303]2614778 GetError:report error module_type=5, module_name=EZ9999
[ERROR] RUNTIME(2614778,sync_barrier_elision_correctness):2026-10-07-15:00:13.626.488 [stream.cc:1303]2614778 GetError:AIV Kernel happen error, retCode=0x30.
[ERROR] RUNTIME(2614778,sync_barrier_elision_correctness):2026-10-07-15:00:13.626.517 [stream.cc:1303]2614778 GetError:report error module_type=5, module_name=EZ9999
[ERROR] RUNTIME(2614778,sync_barrier_elision_correctness):2026-10-07-15:00:13.626.521 [stream.cc:1303]2614778 GetError:[AIC_INFO] after execute:args print end
[ERROR] RUNTIME(2614778,sync_barrier_elision_correctness):2026-10-07-15:00:13.626.533 [stream.cc:1303]2614778 GetError:report error module_type=5, module_name=EZ9999
[ERROR] RUNTIME(2614778,sync_barrier_elision_correctness):2026-10-07-15:00:13.626.537 [stream.cc:1303]2614778 GetError:[DFX_INFO]Aicore kernel execute failed, device_id=3, stream_id=2, report_stream_id=2, task_id=4, flip_num=0, fault kernel_name=_ZN16candidate_kernel24add_rms_norm_bias_customIDhEEvPhS1_S1_S1_S1_mmjff, fault kernel info ext=_ZN16candidate_kernel24add_rms_norm_bias_customIDhEEvPhS1_S1_S1_S1_mmjff, program id=0, hash=13080759410021446451.
[ERROR] RUNTIME(2614778,sync_barrier_elision_correctness):2026-10-07-15:00:13.626.551 [api_error.cc:972]2614778 StreamSynchronize:Stream synchronize failed, stream_id=2, timeout=-1ms.
[ERROR] RUNTIME(2614778,sync_barrier_elision_correctness):2026-10-07-15:00:13.626.573 [api_c_stream.cc:156]2614778 rtStreamSynchronize:ErrCode=507034, desc=[vector core timeout], InnerCode=0x715005d
[ERROR] RUNTIME(2614778,sync_barrier_elision_correctness):2026-10-07-15:00:13.626.579 [error_message_manage.cc:53]2614778 FuncErrorReason:report error module_type=3, module_name=EE8888
[ERROR] RUNTIME(2614778,sync_barrier_elision_correctness):2026-10-07-15:00:13.626.585 [error_message_manage.cc:53]2614778 FuncErrorReason:rtStreamSynchronize execute failed, reason=[vector core timeout]
[ERROR] ASCENDCL(2614778,sync_barrier_elision_correctness):2026-10-07-15:00:13.631.268 [stream.cpp:131]2614778 aclrtSynchronizeStreamImpl: synchronize stream failed, runtime result = 507034
