/usr/bin/cmake -S/home/data4t2/lelinfeng/cann-row-scale-hoist-x-w4/本地实验/ROW-SCALE-HOIST-X/V063/compile -B/tmp/cann-row-scale-hoist-x-v063-compile-20261008T193255Z --check-build-system CMakeFiles/Makefile.cmake 0
/usr/bin/gmake  -f CMakeFiles/Makefile2 full_link
gmake[1]: Entering directory '/tmp/cann-row-scale-hoist-x-v063-compile-20261008T193255Z'
/usr/bin/cmake -S/home/data4t2/lelinfeng/cann-row-scale-hoist-x-w4/本地实验/ROW-SCALE-HOIST-X/V063/compile -B/tmp/cann-row-scale-hoist-x-v063-compile-20261008T193255Z --check-build-system CMakeFiles/Makefile.cmake 0
/usr/bin/cmake -E cmake_progress_start /tmp/cann-row-scale-hoist-x-v063-compile-20261008T193255Z/CMakeFiles 2
/usr/bin/gmake  -f CMakeFiles/Makefile2 CMakeFiles/full_link.dir/all
gmake[2]: Entering directory '/tmp/cann-row-scale-hoist-x-v063-compile-20261008T193255Z'
/usr/bin/gmake  -f CMakeFiles/full_link.dir/build.make CMakeFiles/full_link.dir/depend
gmake[3]: Entering directory '/tmp/cann-row-scale-hoist-x-v063-compile-20261008T193255Z'
cd /tmp/cann-row-scale-hoist-x-v063-compile-20261008T193255Z && /usr/bin/cmake -E cmake_depends "Unix Makefiles" /home/data4t2/lelinfeng/cann-row-scale-hoist-x-w4/本地实验/ROW-SCALE-HOIST-X/V063/compile /home/data4t2/lelinfeng/cann-row-scale-hoist-x-w4/本地实验/ROW-SCALE-HOIST-X/V063/compile /tmp/cann-row-scale-hoist-x-v063-compile-20261008T193255Z /tmp/cann-row-scale-hoist-x-v063-compile-20261008T193255Z /tmp/cann-row-scale-hoist-x-v063-compile-20261008T193255Z/CMakeFiles/full_link.dir/DependInfo.cmake --color=
Dependencies file "CMakeFiles/full_link.dir/src/adapter.cpp.o.d" is newer than depends file "/tmp/cann-row-scale-hoist-x-v063-compile-20261008T193255Z/CMakeFiles/full_link.dir/compiler_depend.internal".
Consolidate compiler generated dependencies of target full_link
gmake[3]: Leaving directory '/tmp/cann-row-scale-hoist-x-v063-compile-20261008T193255Z'
/usr/bin/gmake  -f CMakeFiles/full_link.dir/build.make CMakeFiles/full_link.dir/build
gmake[3]: Entering directory '/tmp/cann-row-scale-hoist-x-v063-compile-20261008T193255Z'
[ 50%] Linking CXX executable full_link
/usr/bin/cmake -E cmake_link_script CMakeFiles/full_link.dir/link.txt --verbose=1
/usr/local/Ascend/ascend-toolkit/8.5.0.alpha002/aarch64-linux/ccec_compiler/bin/bisheng -L/usr/lib/gcc/aarch64-linux-gnu/11 -L/usr/lib/aarch64-linux-gnu CMakeFiles/full_link.dir/src/adapter.cpp.o -o full_link  -lstdc++ -lm -ldl 
ld.lld: error: CMakeFiles/full_link.dir/src/adapter.cpp.o is incompatible with elf64-littleaarch64
cceld: Linker ReturnCode: 1
cceld: ExecutionFailed: 0
cceld: ErrMsg: 
bisheng: error: linker command failed with exit code 1 (use -v to see invocation)
gmake[3]: *** [CMakeFiles/full_link.dir/build.make:97: full_link] Error 1
gmake[3]: Leaving directory '/tmp/cann-row-scale-hoist-x-v063-compile-20261008T193255Z'
gmake[2]: *** [CMakeFiles/Makefile2:139: CMakeFiles/full_link.dir/all] Error 2
gmake[2]: Leaving directory '/tmp/cann-row-scale-hoist-x-v063-compile-20261008T193255Z'
gmake[1]: *** [CMakeFiles/Makefile2:146: CMakeFiles/full_link.dir/rule] Error 2
gmake[1]: Leaving directory '/tmp/cann-row-scale-hoist-x-v063-compile-20261008T193255Z'
gmake: *** [Makefile:150: full_link] Error 2
