=== COMPILE objects ===
[ 50%] Building CXX object CMakeFiles/r31a_submission.dir/compile_adapter.cpp.o
[100%] Building CXX object CMakeFiles/r31a_device.dir/R31A-V010-device.cpp.o
[100%] Built target r31a_submission
[100%] Built target r31a_device
COMPILE_RC=0
build-v010/CMakeFiles/r31a_device.dir/:
total 496
drwxrwxr-x 2 lelinfeng lelinfeng   4096 Sep 22 15:01 .
drwxrwxr-x 6 lelinfeng lelinfeng   4096 Sep 22 15:01 ..
-rw-rw-r-- 1 lelinfeng lelinfeng   4636 Sep 22 15:01 build.make
-rw-rw-r-- 1 lelinfeng lelinfeng    290 Sep 22 15:01 cmake_clean.cmake
-rw-rw-r-- 1 lelinfeng lelinfeng    114 Sep 22 15:01 compiler_depend.make
-rw-rw-r-- 1 lelinfeng lelinfeng    118 Sep 22 15:01 compiler_depend.ts
-rw-rw-r-- 1 lelinfeng lelinfeng    607 Sep 22 15:01 DependInfo.cmake
-rw-rw-r-- 1 lelinfeng lelinfeng     95 Sep 22 15:01 depend.make
-rw-rw-r-- 1 lelinfeng lelinfeng   1499 Sep 22 15:01 flags.make
-rw-rw-r-- 1 lelinfeng lelinfeng     22 Sep 22 15:01 progress.make
-rw-rw-r-- 1 lelinfeng lelinfeng 352632 Sep 22 15:01 R31A-V010-device.cpp.o
-rw-rw-r-- 1 lelinfeng lelinfeng 105068 Sep 22 15:01 R31A-V010-device.cpp.o.d

build-v010/CMakeFiles/r31a_submission.dir/:
total 496
drwxrwxr-x 2 lelinfeng lelinfeng   4096 Sep 22 15:01 .
drwxrwxr-x 6 lelinfeng lelinfeng   4096 Sep 22 15:01 ..
-rw-rw-r-- 1 lelinfeng lelinfeng   4750 Sep 22 15:01 build.make
-rw-rw-r-- 1 lelinfeng lelinfeng    300 Sep 22 15:01 cmake_clean.cmake
-rw-rw-r-- 1 lelinfeng lelinfeng 352632 Sep 22 15:01 compile_adapter.cpp.o
-rw-rw-r-- 1 lelinfeng lelinfeng 105070 Sep 22 15:01 compile_adapter.cpp.o.d
-rw-rw-r-- 1 lelinfeng lelinfeng    118 Sep 22 15:01 compiler_depend.make
-rw-rw-r-- 1 lelinfeng lelinfeng    122 Sep 22 15:01 compiler_depend.ts
-rw-rw-r-- 1 lelinfeng lelinfeng    612 Sep 22 15:01 DependInfo.cmake
-rw-rw-r-- 1 lelinfeng lelinfeng     99 Sep 22 15:01 depend.make
-rw-rw-r-- 1 lelinfeng lelinfeng   1499 Sep 22 15:01 flags.make
-rw-rw-r-- 1 lelinfeng lelinfeng     22 Sep 22 15:01 progress.make
