[ 50%] Building ASC object CMakeFiles/paired_runner_v016.dir/paired_runner_v016.asc.o
PlugIn Err: can not find ASCEND_HOME_PATH.
PlugIn Err: can not find ASCEND_HOME_PATH.
PLEASE submit a bug report to https://github.com/llvm/llvm-project/issues/ and include the crash backtrace, preprocessed source, and associated run script.
Stack dump:
0.	Program arguments: /usr/local/Ascend/ascend-toolkit/8.5.0.alpha002/aarch64-linux/ccec_compiler/bin/bisheng -I /tmp/w4-r06-v003.40dvFV -I /usr/local/Ascend/ascend-toolkit/8.5.0.alpha002/aarch64-linux/include -I /usr/local/Ascend/ascend-toolkit/8.5.0.alpha002/aarch64-linux/ascendc/include -I /usr/local/Ascend/ascend-toolkit/8.5.0.alpha002/aarch64-linux/ascendc/include/basic_api/impl -I /usr/local/Ascend/ascend-toolkit/8.5.0.alpha002/aarch64-linux/asc/include/basic_api -I /usr/local/Ascend/ascend-toolkit/8.5.0.alpha002/aarch64-linux/asc/include -I /usr/local/Ascend/ascend-toolkit/8.5.0.alpha002/aarch64-linux/asc -I /usr/local/Ascend/ascend-toolkit/8.5.0.alpha002/aarch64-linux/asc/include/interface -I /usr/include/aarch64-linux-gnu -I /usr/include/c++/11 -I /usr/include/aarch64-linux-gnu/c++/11 -I /usr/local/Ascend/ascend-toolkit/8.5.0.alpha002/toolkit/toolchain/hcc/aarch64-target-linux-gnu/include/c++/7.3.0 -I /usr/local/Ascend/ascend-toolkit/8.5.0.alpha002/toolkit/toolchain/hcc/aarch64-target-linux-gnu/include/c++/7.3.0/aarch64-target-linux-gnu -I /usr/local/Ascend/ascend-toolkit/8.5.0.alpha002/toolkit/toolchain/hcc/aarch64-target-linux-gnu/include/c++/7.3.0/backward --cce-aicore-arch=dav-c220 -Xaicore-start -O3 -std=c++17 -Xaicore-end -Xhost-start -I /usr/include/c++/11 -I /usr/include/aarch64-linux-gnu/c++/11 -I /usr/local/Ascend/ascend-toolkit/8.5.0.alpha002/toolkit/toolchain/hcc/aarch64-target-linux-gnu/include/c++/7.3.0 -I /usr/local/Ascend/ascend-toolkit/8.5.0.alpha002/toolkit/toolchain/hcc/aarch64-target-linux-gnu/include/c++/7.3.0/aarch64-target-linux-gnu -I /usr/local/Ascend/ascend-toolkit/8.5.0.alpha002/toolkit/toolchain/hcc/aarch64-target-linux-gnu/include/c++/7.3.0/backward -fPIC -O2 -std=c++17 -Xhost-end --npu-arch=dav-2201 -MD -MT CMakeFiles/paired_runner_v016.dir/paired_runner_v016.asc.o -MF CMakeFiles/paired_runner_v016.dir/paired_runner_v016.asc.o.d -x asc --cce-aicore-arch=dav-c220 "-DBS_PLUGIN_DRIVER_ARGS_MACRO=\"-I/tmp/w4-r06-v003.40dvFV -I/usr/local/Ascend/ascend-toolkit/8.5.0.alpha002/aarch64-linux/include -I/usr/local/Ascend/ascend-toolkit/8.5.0.alpha002/aarch64-linux/ascendc/include -I/usr/local/Ascend/ascend-toolkit/8.5.0.alpha002/aarch64-linux/ascendc/include/basic_api/impl -I/usr/local/Ascend/ascend-toolkit/8.5.0.alpha002/aarch64-linux/asc/include/basic_api -I/usr/local/Ascend/ascend-toolkit/8.5.0.alpha002/aarch64-linux/asc/include -I/usr/local/Ascend/ascend-toolkit/8.5.0.alpha002/aarch64-linux/asc -I/usr/local/Ascend/ascend-toolkit/8.5.0.alpha002/aarch64-linux/asc/include/interface -I/usr/include/aarch64-linux-gnu -I/usr/include/c++/11 -I/usr/include/aarch64-linux-gnu/c++/11 -I/usr/local/Ascend/ascend-toolkit/8.5.0.alpha002/toolkit/toolchain/hcc/aarch64-target-linux-gnu/include/c++/7.3.0 -I/usr/local/Ascend/ascend-toolkit/8.5.0.alpha002/toolkit/toolchain/hcc/aarch64-target-linux-gnu/include/c++/7.3.0/aarch64-target-linux-gnu -I/usr/local/Ascend/ascend-toolkit/8.5.0.alpha002/toolkit/toolchain/hcc/aarch64-target-linux-gnu/include/c++/7.3.0/backward --cce-aicore-arch=dav-c220 -Xaicore-start -O3 -std=c++17 -Xaicore-end -Xhost-start -I/usr/include/c++/11 -I/usr/include/aarch64-linux-gnu/c++/11 -I/usr/local/Ascend/ascend-toolkit/8.5.0.alpha002/toolkit/toolchain/hcc/aarch64-target-linux-gnu/include/c++/7.3.0 -I/usr/local/Ascend/ascend-toolkit/8.5.0.alpha002/toolkit/toolchain/hcc/aarch64-target-linux-gnu/include/c++/7.3.0/aarch64-target-linux-gnu -I/usr/local/Ascend/ascend-toolkit/8.5.0.alpha002/toolkit/toolchain/hcc/aarch64-target-linux-gnu/include/c++/7.3.0/backward -fPIC -O2 -std=c++17 -Xhost-end --npu-arch=dav-2201 -MD -MT CMakeFiles/paired_runner_v016.dir/paired_runner_v016.asc.o -MF CMakeFiles/paired_runner_v016.dir/paired_runner_v016.asc.o.d -o CMakeFiles/paired_runner_v016.dir/paired_runner_v016.asc.o -c -x asc /tmp/w4-r06-v003.40dvFV/paired_runner_v016.asc \"" -run-bisheng-plugin -o /tmp/bisheng-plugin-output-7ec89a.json /tmp/w4-r06-v003.40dvFV/paired_runner_v016.asc
1.	<eof> parser at end of file
2.	Per-file LLVM IR generation
Stack dump without symbol names (ensure you have llvm-symbolizer in your PATH or set the environment var `LLVM_SYMBOLIZER_PATH` to point to it):
/usr/local/Ascend/ascend-toolkit/8.5.0.alpha002/aarch64-linux/ccec_compiler/bin/bisheng(+0x2c6eb9c)[0xaaaabe4beb9c]
/usr/local/Ascend/ascend-toolkit/8.5.0.alpha002/aarch64-linux/ccec_compiler/bin/bisheng(_ZN4llvm3sys15CleanupOnSignalEm+0x1a8)[0xaaaabe4bcbe8]
/usr/local/Ascend/ascend-toolkit/8.5.0.alpha002/aarch64-linux/ccec_compiler/bin/bisheng(+0x2bb3f18)[0xaaaabe403f18]
linux-vdso.so.1(__kernel_rt_sigreturn+0x0)[0xffffa84e47dc]
/usr/local/Ascend/ascend-toolkit/8.5.0.alpha002/aarch64-linux/ccec_compiler/bin/bisheng(_ZNK5clang14bisheng_plugin11PluginProxy10PreCompileEv+0x24)[0xaaaac169e64c]
/usr/local/Ascend/ascend-toolkit/8.5.0.alpha002/aarch64-linux/ccec_compiler/bin/bisheng(_ZN5clang14bisheng_plugin23getKernelPluginStubJsonERN4llvm4json6ObjectE+0x1fc)[0xaaaac112abdc]
/usr/local/Ascend/ascend-toolkit/8.5.0.alpha002/aarch64-linux/ccec_compiler/bin/bisheng(+0x3bf1360)[0xaaaabf441360]
/usr/local/Ascend/ascend-toolkit/8.5.0.alpha002/aarch64-linux/ccec_compiler/bin/bisheng(_ZN5clang8ParseASTERNS_4SemaEbb+0xb2c)[0xaaaac015d1fc]
/usr/local/Ascend/ascend-toolkit/8.5.0.alpha002/aarch64-linux/ccec_compiler/bin/bisheng(_ZN5clang13CodeGenAction13ExecuteActionEv+0x5f4)[0xaaaabf440dcc]
/usr/local/Ascend/ascend-toolkit/8.5.0.alpha002/aarch64-linux/ccec_compiler/bin/bisheng(_ZN5clang14FrontendAction7ExecuteEv+0xd4)[0xaaaabee96bcc]
/usr/local/Ascend/ascend-toolkit/8.5.0.alpha002/aarch64-linux/ccec_compiler/bin/bisheng(_ZN5clang16CompilerInstance13ExecuteActionERNS_14FrontendActionE+0x24c)[0xaaaabee3db64]
/usr/local/Ascend/ascend-toolkit/8.5.0.alpha002/aarch64-linux/ccec_compiler/bin/bisheng(_ZN5clang25ExecuteCompilerInvocationEPNS_16CompilerInstanceE+0x3f4)[0xaaaabef65a0c]
/usr/local/Ascend/ascend-toolkit/8.5.0.alpha002/aarch64-linux/ccec_compiler/bin/bisheng(_Z8cc1_mainN4llvm8ArrayRefIPKcEES2_Pv+0x1180)[0xaaaabc9ad9c0]
/usr/local/Ascend/ascend-toolkit/8.5.0.alpha002/aarch64-linux/ccec_compiler/bin/bisheng(+0x1155ca0)[0xaaaabc9a5ca0]
/usr/local/Ascend/ascend-toolkit/8.5.0.alpha002/aarch64-linux/ccec_compiler/bin/bisheng(+0x346ba68)[0xaaaabecbba68]
/usr/local/Ascend/ascend-toolkit/8.5.0.alpha002/aarch64-linux/ccec_compiler/bin/bisheng(_ZN4llvm20CrashRecoveryContext9RunSafelyENS_12function_refIFvvEEE+0x40)[0xaaaabe4047d0]
/usr/local/Ascend/ascend-toolkit/8.5.0.alpha002/aarch64-linux/ccec_compiler/bin/bisheng(_ZNK5clang6driver10CC1Command7ExecuteEN4llvm8ArrayRefINS2_8OptionalINS2_9StringRefEEEEEPSsPb+0x1d8)[0xaaaabecbe250]
/usr/local/Ascend/ascend-toolkit/8.5.0.alpha002/aarch64-linux/ccec_compiler/bin/bisheng(_ZNK5clang6driver11Compilation14ExecuteCommandERKNS0_7CommandERPS3_b+0x24c)[0xaaaabec8b05c]
/usr/local/Ascend/ascend-toolkit/8.5.0.alpha002/aarch64-linux/ccec_compiler/bin/bisheng(_ZNK5clang6driver11Compilation11ExecuteJobsERKNS0_7JobListERN4llvm15SmallVectorImplISt4pairIiPKNS0_7CommandEEEEb+0xc4)[0xaaaabec8b894]
/usr/local/Ascend/ascend-toolkit/8.5.0.alpha002/aarch64-linux/ccec_compiler/bin/bisheng(_ZN5clang6driver6Driver18ExecuteCompilationERNS0_11CompilationERN4llvm15SmallVectorImplISt4pairIiPKNS0_7CommandEEEE+0x334)[0xaaaabecba84c]
/usr/local/Ascend/ascend-toolkit/8.5.0.alpha002/aarch64-linux/ccec_compiler/bin/bisheng(_Z10clang_mainiPPc+0x26c4)[0xaaaabc9ab26c]
/lib/aarch64-linux-gnu/libc.so.6(+0x27400)[0xffffa7f87400]
/lib/aarch64-linux-gnu/libc.so.6(__libc_start_main+0x98)[0xffffa7f874d8]
/usr/local/Ascend/ascend-toolkit/8.5.0.alpha002/aarch64-linux/ccec_compiler/bin/bisheng(+0x1155a40)[0xaaaabc9a5a40]
bisheng: error: clang frontend command failed with exit code 139 (use -v to see invocation)
2025-11-27T21:34:53+08:00 clang version 15.0.5 (clang-5c68a1cb1231 flang-5c68a1cb1231)
Target: aarch64-unknown-linux-gnu
Thread model: posix
InstalledDir: /usr/local/Ascend/ascend-toolkit/8.5.0.alpha002/aarch64-linux/ccec_compiler/bin
gmake[3]: *** [CMakeFiles/paired_runner_v016.dir/build.make:76: CMakeFiles/paired_runner_v016.dir/paired_runner_v016.asc.o] Error 1
gmake[2]: *** [CMakeFiles/Makefile2:83: CMakeFiles/paired_runner_v016.dir/all] Error 2
gmake[1]: *** [CMakeFiles/Makefile2:90: CMakeFiles/paired_runner_v016.dir/rule] Error 2
gmake: *** [Makefile:124: paired_runner_v016] Error 2
