CASE_BEGIN name=fp16-tail-d12288 dtype=fp16 rows=2 width=12288 device=3 warmup_each=45 pairs=21 samples_per_binary=21
SAMPLE case=fp16-tail-d12288 pair=01 order=P,C parent_device_us=131.020 candidate_device_us=60.760 parent_wall_us=252.162 candidate_wall_us=150.111 paired_device_delta_us=-70.260
SAMPLE case=fp16-tail-d12288 pair=02 order=C,P parent_device_us=14.300 candidate_device_us=8.760 parent_wall_us=142.691 candidate_wall_us=133.641 paired_device_delta_us=-5.540
SAMPLE case=fp16-tail-d12288 pair=03 order=P,C parent_device_us=14.000 candidate_device_us=10.220 parent_wall_us=152.372 candidate_wall_us=134.091 paired_device_delta_us=-3.780
SAMPLE case=fp16-tail-d12288 pair=04 order=C,P parent_device_us=14.260 candidate_device_us=16.320 parent_wall_us=153.342 candidate_wall_us=135.441 paired_device_delta_us=2.060
SAMPLE case=fp16-tail-d12288 pair=05 order=P,C parent_device_us=29.020 candidate_device_us=8.220 parent_wall_us=120.241 candidate_wall_us=154.671 paired_device_delta_us=-20.800
SAMPLE case=fp16-tail-d12288 pair=06 order=C,P parent_device_us=12.960 candidate_device_us=7.100 parent_wall_us=163.451 candidate_wall_us=170.521 paired_device_delta_us=-5.860
SAMPLE case=fp16-tail-d12288 pair=07 order=P,C parent_device_us=12.200 candidate_device_us=7.960 parent_wall_us=188.791 candidate_wall_us=218.182 paired_device_delta_us=-4.240
SAMPLE case=fp16-tail-d12288 pair=08 order=C,P parent_device_us=11.480 candidate_device_us=9.880 parent_wall_us=162.701 candidate_wall_us=139.662 paired_device_delta_us=-1.600
SAMPLE case=fp16-tail-d12288 pair=09 order=P,C parent_device_us=9.800 candidate_device_us=19.680 parent_wall_us=123.751 candidate_wall_us=196.381 paired_device_delta_us=9.880
SAMPLE case=fp16-tail-d12288 pair=10 order=C,P parent_device_us=9.240 candidate_device_us=11.520 parent_wall_us=199.092 candidate_wall_us=154.272 paired_device_delta_us=2.280
SAMPLE case=fp16-tail-d12288 pair=11 order=P,C parent_device_us=17.460 candidate_device_us=14.700 parent_wall_us=149.121 candidate_wall_us=201.662 paired_device_delta_us=-2.760
SAMPLE case=fp16-tail-d12288 pair=12 order=C,P parent_device_us=7.740 candidate_device_us=7.540 parent_wall_us=177.792 candidate_wall_us=138.391 paired_device_delta_us=-0.200
SAMPLE case=fp16-tail-d12288 pair=13 order=P,C parent_device_us=14.680 candidate_device_us=9.800 parent_wall_us=151.761 candidate_wall_us=188.552 paired_device_delta_us=-4.880
SAMPLE case=fp16-tail-d12288 pair=14 order=C,P parent_device_us=8.260 candidate_device_us=14.340 parent_wall_us=182.231 candidate_wall_us=156.732 paired_device_delta_us=6.080
SAMPLE case=fp16-tail-d12288 pair=15 order=P,C parent_device_us=9.800 candidate_device_us=15.240 parent_wall_us=133.522 candidate_wall_us=133.891 paired_device_delta_us=5.440
SAMPLE case=fp16-tail-d12288 pair=16 order=C,P parent_device_us=107.960 candidate_device_us=8.940 parent_wall_us=186.792 candidate_wall_us=120.251 paired_device_delta_us=-99.020
SAMPLE case=fp16-tail-d12288 pair=17 order=P,C parent_device_us=14.980 candidate_device_us=10.420 parent_wall_us=145.021 candidate_wall_us=175.992 paired_device_delta_us=-4.560
SAMPLE case=fp16-tail-d12288 pair=18 order=C,P parent_device_us=10.280 candidate_device_us=13.860 parent_wall_us=140.541 candidate_wall_us=206.602 paired_device_delta_us=3.580
SAMPLE case=fp16-tail-d12288 pair=19 order=P,C parent_device_us=8.020 candidate_device_us=14.960 parent_wall_us=123.321 candidate_wall_us=136.952 paired_device_delta_us=6.940
SAMPLE case=fp16-tail-d12288 pair=20 order=C,P parent_device_us=22.400 candidate_device_us=19.840 parent_wall_us=117.221 candidate_wall_us=129.401 paired_device_delta_us=-2.560
SAMPLE case=fp16-tail-d12288 pair=21 order=P,C parent_device_us=26.300 candidate_device_us=16.360 parent_wall_us=118.531 candidate_wall_us=130.421 paired_device_delta_us=-9.940
PAIR_BLOCK case=fp16-tail-d12288 block=1 pairs=21 parent_median_us=14.000 candidate_median_us=11.520 paired_delta_median_us=-2.760
CORRECTNESS case=fp16-tail-d12288 binary=V011 result=PASS failures=0 max_abs=0.0009765625 max_rel=0.0015923567
CORRECTNESS case=fp16-tail-d12288 binary=V016 result=PASS failures=0 max_abs=0.0009765625 max_rel=0.0015923567
SUMMARY case=fp16-tail-d12288 metric=device_us binary=V011 n=21 median=14.000 mean=24.103 stdev=32.427 cv=1.34536 min=7.740 max=131.020 max_min=16.928 mad=4.200 p10=8.260 p90=29.020 spread=123.280 core_cv=0.09221
SUMMARY case=fp16-tail-d12288 metric=device_us binary=V016 n=21 median=11.520 mean=14.591 stdev=11.269 cv=0.77229 min=7.100 max=60.760 max_min=8.558 mad=3.300 p10=7.960 p90=19.680 spread=53.660 core_cv=0.06669
SUMMARY case=fp16-tail-d12288 metric=wall_us binary=V011 n=21 median=151.761 mean=156.402 stdev=33.022 cv=0.21114 min=117.221 max=252.162 max_min=2.151 mad=26.031 p10=120.241 p90=188.791 spread=134.941 core_cv=0.10535
SUMMARY case=fp16-tail-d12288 metric=wall_us binary=V016 n=21 median=150.111 mean=157.420 stdev=29.395 cv=0.18673 min=120.251 max=218.182 max_min=1.814 mad=16.470 p10=130.421 p90=201.662 spread=97.931 core_cv=0.10777
SUMMARY case=fp16-tail-d12288 metric=paired_device_delta_us binary=V016_minus_V011 n=21 median=-2.760 mean=-9.511 stdev=26.236 cv=-2.75834 min=-99.020 max=9.880 max_min=-0.100 mad=4.820 p10=-20.800 p90=6.080 spread=108.900 core_cv=0.00000
CASE_END name=fp16-tail-d12288 correctness=PASS
CASE_BEGIN name=fp16-wide-d32768 dtype=fp16 rows=2 width=32768 device=3 warmup_each=45 pairs=21 samples_per_binary=21
SAMPLE case=fp16-wide-d32768 pair=01 order=P,C parent_device_us=22.600 candidate_device_us=17.020 parent_wall_us=240.102 candidate_wall_us=200.442 paired_device_delta_us=-5.580
SAMPLE case=fp16-wide-d32768 pair=02 order=C,P parent_device_us=29.540 candidate_device_us=119.960 parent_wall_us=116.021 candidate_wall_us=265.052 paired_device_delta_us=90.420
SAMPLE case=fp16-wide-d32768 pair=03 order=P,C parent_device_us=14.500 candidate_device_us=29.940 parent_wall_us=125.461 candidate_wall_us=411.953 paired_device_delta_us=15.440
SAMPLE case=fp16-wide-d32768 pair=04 order=C,P parent_device_us=14.400 candidate_device_us=17.540 parent_wall_us=227.122 candidate_wall_us=357.154 paired_device_delta_us=3.140
SAMPLE case=fp16-wide-d32768 pair=05 order=P,C parent_device_us=22.880 candidate_device_us=128.560 parent_wall_us=381.763 candidate_wall_us=200.632 paired_device_delta_us=105.680
SAMPLE case=fp16-wide-d32768 pair=06 order=C,P parent_device_us=27.740 candidate_device_us=26.240 parent_wall_us=102.201 candidate_wall_us=190.652 paired_device_delta_us=-1.500
SAMPLE case=fp16-wide-d32768 pair=07 order=P,C parent_device_us=88.520 candidate_device_us=25.140 parent_wall_us=168.301 candidate_wall_us=140.271 paired_device_delta_us=-63.380
SAMPLE case=fp16-wide-d32768 pair=08 order=C,P parent_device_us=19.960 candidate_device_us=17.500 parent_wall_us=236.462 candidate_wall_us=128.271 paired_device_delta_us=-2.460
SAMPLE case=fp16-wide-d32768 pair=09 order=P,C parent_device_us=133.860 candidate_device_us=21.300 parent_wall_us=203.832 candidate_wall_us=164.791 paired_device_delta_us=-112.560
SAMPLE case=fp16-wide-d32768 pair=10 order=C,P parent_device_us=60.360 candidate_device_us=12.060 parent_wall_us=242.982 candidate_wall_us=129.861 paired_device_delta_us=-48.300
SAMPLE case=fp16-wide-d32768 pair=11 order=P,C parent_device_us=21.180 candidate_device_us=17.520 parent_wall_us=181.801 candidate_wall_us=118.801 paired_device_delta_us=-3.660
SAMPLE case=fp16-wide-d32768 pair=12 order=C,P parent_device_us=24.600 candidate_device_us=18.520 parent_wall_us=113.861 candidate_wall_us=176.531 paired_device_delta_us=-6.080
SAMPLE case=fp16-wide-d32768 pair=13 order=P,C parent_device_us=13.460 candidate_device_us=19.420 parent_wall_us=127.031 candidate_wall_us=166.042 paired_device_delta_us=5.960
SAMPLE case=fp16-wide-d32768 pair=14 order=C,P parent_device_us=29.720 candidate_device_us=22.660 parent_wall_us=117.861 candidate_wall_us=137.641 paired_device_delta_us=-7.060
SAMPLE case=fp16-wide-d32768 pair=15 order=P,C parent_device_us=17.480 candidate_device_us=24.660 parent_wall_us=130.381 candidate_wall_us=164.251 paired_device_delta_us=7.180
SAMPLE case=fp16-wide-d32768 pair=16 order=C,P parent_device_us=14.860 candidate_device_us=24.160 parent_wall_us=148.471 candidate_wall_us=122.971 paired_device_delta_us=9.300
SAMPLE case=fp16-wide-d32768 pair=17 order=P,C parent_device_us=11.320 candidate_device_us=12.560 parent_wall_us=123.571 candidate_wall_us=140.261 paired_device_delta_us=1.240
SAMPLE case=fp16-wide-d32768 pair=18 order=C,P parent_device_us=17.800 candidate_device_us=17.720 parent_wall_us=168.892 candidate_wall_us=127.141 paired_device_delta_us=-0.080
SAMPLE case=fp16-wide-d32768 pair=19 order=P,C parent_device_us=20.440 candidate_device_us=17.080 parent_wall_us=147.011 candidate_wall_us=128.221 paired_device_delta_us=-3.360
SAMPLE case=fp16-wide-d32768 pair=20 order=C,P parent_device_us=17.100 candidate_device_us=18.360 parent_wall_us=157.191 candidate_wall_us=258.073 paired_device_delta_us=1.260
SAMPLE case=fp16-wide-d32768 pair=21 order=P,C parent_device_us=20.660 candidate_device_us=79.480 parent_wall_us=242.282 candidate_wall_us=226.892 paired_device_delta_us=58.820
PAIR_BLOCK case=fp16-wide-d32768 block=1 pairs=21 parent_median_us=20.660 candidate_median_us=19.420 paired_delta_median_us=-0.080
CORRECTNESS case=fp16-wide-d32768 binary=V011 result=PASS failures=0 max_abs=0.001953125 max_rel=0.010989011
CORRECTNESS case=fp16-wide-d32768 binary=V016 result=PASS failures=0 max_abs=0.001953125 max_rel=0.010989011
SUMMARY case=fp16-wide-d32768 metric=device_us binary=V011 n=21 median=20.660 mean=30.618 stdev=29.521 cv=0.96417 min=11.320 max=133.860 max_min=11.825 mad=5.800 p10=14.400 p90=60.360 spread=122.540 core_cv=0.12145
SUMMARY case=fp16-wide-d32768 metric=device_us binary=V016 n=21 median=19.420 mean=32.733 stdev=33.382 cv=1.01981 min=12.060 max=128.560 max_min=10.660 mad=3.240 p10=17.020 p90=79.480 spread=116.500 core_cv=0.09852
SUMMARY case=fp16-wide-d32768 metric=wall_us binary=V011 n=21 median=157.191 mean=176.314 stdev=67.280 cv=0.38159 min=102.201 max=381.763 max_min=3.735 mad=39.330 p10=116.021 p90=242.282 spread=279.562 core_cv=0.12479
SUMMARY case=fp16-wide-d32768 metric=wall_us binary=V016 n=21 median=164.791 mean=188.376 stdev=78.581 cv=0.41715 min=118.801 max=411.953 max_min=3.468 mad=35.841 p10=127.141 p90=265.052 spread=293.152 core_cv=0.11969
SUMMARY case=fp16-wide-d32768 metric=paired_device_delta_us binary=V016_minus_V011 n=21 median=-0.080 mean=2.115 stdev=45.992 cv=21.74321 min=-112.560 max=105.680 max_min=-0.939 mad=6.040 p10=-48.300 p90=58.820 spread=218.240 core_cv=0.00000
CASE_END name=fp16-wide-d32768 correctness=PASS
CASE_BEGIN name=bf16-tail-d12288 dtype=bf16 rows=2 width=12288 device=3 warmup_each=45 pairs=21 samples_per_binary=21
SAMPLE case=bf16-tail-d12288 pair=01 order=P,C parent_device_us=8.800 candidate_device_us=8.620 parent_wall_us=101.431 candidate_wall_us=67.211 paired_device_delta_us=-0.180
SAMPLE case=bf16-tail-d12288 pair=02 order=C,P parent_device_us=10.180 candidate_device_us=16.940 parent_wall_us=168.991 candidate_wall_us=196.822 paired_device_delta_us=6.760
SAMPLE case=bf16-tail-d12288 pair=03 order=P,C parent_device_us=18.720 candidate_device_us=15.380 parent_wall_us=137.191 candidate_wall_us=186.702 paired_device_delta_us=-3.340
SAMPLE case=bf16-tail-d12288 pair=04 order=C,P parent_device_us=9.240 candidate_device_us=14.160 parent_wall_us=152.401 candidate_wall_us=156.901 paired_device_delta_us=4.920
SAMPLE case=bf16-tail-d12288 pair=05 order=P,C parent_device_us=7.680 candidate_device_us=8.760 parent_wall_us=170.851 candidate_wall_us=157.822 paired_device_delta_us=1.080
SAMPLE case=bf16-tail-d12288 pair=06 order=C,P parent_device_us=17.600 candidate_device_us=13.160 parent_wall_us=182.932 candidate_wall_us=166.751 paired_device_delta_us=-4.440
SAMPLE case=bf16-tail-d12288 pair=07 order=P,C parent_device_us=13.320 candidate_device_us=14.760 parent_wall_us=136.681 candidate_wall_us=185.342 paired_device_delta_us=1.440
SAMPLE case=bf16-tail-d12288 pair=08 order=C,P parent_device_us=12.100 candidate_device_us=14.440 parent_wall_us=149.012 candidate_wall_us=155.181 paired_device_delta_us=2.340
SAMPLE case=bf16-tail-d12288 pair=09 order=P,C parent_device_us=8.260 candidate_device_us=7.960 parent_wall_us=157.871 candidate_wall_us=162.902 paired_device_delta_us=-0.300
SAMPLE case=bf16-tail-d12288 pair=10 order=C,P parent_device_us=13.040 candidate_device_us=15.640 parent_wall_us=186.942 candidate_wall_us=249.472 paired_device_delta_us=2.600
SAMPLE case=bf16-tail-d12288 pair=11 order=P,C parent_device_us=11.060 candidate_device_us=13.520 parent_wall_us=175.321 candidate_wall_us=220.682 paired_device_delta_us=2.460
SAMPLE case=bf16-tail-d12288 pair=12 order=C,P parent_device_us=16.340 candidate_device_us=9.160 parent_wall_us=141.421 candidate_wall_us=177.022 paired_device_delta_us=-7.180
SAMPLE case=bf16-tail-d12288 pair=13 order=P,C parent_device_us=12.520 candidate_device_us=16.960 parent_wall_us=184.202 candidate_wall_us=199.702 paired_device_delta_us=4.440
SAMPLE case=bf16-tail-d12288 pair=14 order=C,P parent_device_us=14.500 candidate_device_us=10.700 parent_wall_us=174.882 candidate_wall_us=167.271 paired_device_delta_us=-3.800
SAMPLE case=bf16-tail-d12288 pair=15 order=P,C parent_device_us=13.260 candidate_device_us=14.780 parent_wall_us=183.531 candidate_wall_us=170.222 paired_device_delta_us=1.520
SAMPLE case=bf16-tail-d12288 pair=16 order=C,P parent_device_us=14.860 candidate_device_us=12.000 parent_wall_us=182.801 candidate_wall_us=189.982 paired_device_delta_us=-2.860
SAMPLE case=bf16-tail-d12288 pair=17 order=P,C parent_device_us=8.340 candidate_device_us=17.400 parent_wall_us=155.172 candidate_wall_us=199.081 paired_device_delta_us=9.060
SAMPLE case=bf16-tail-d12288 pair=18 order=C,P parent_device_us=15.120 candidate_device_us=14.980 parent_wall_us=199.872 candidate_wall_us=156.191 paired_device_delta_us=-0.140
SAMPLE case=bf16-tail-d12288 pair=19 order=P,C parent_device_us=9.580 candidate_device_us=9.840 parent_wall_us=163.611 candidate_wall_us=182.062 paired_device_delta_us=0.260
SAMPLE case=bf16-tail-d12288 pair=20 order=C,P parent_device_us=10.160 candidate_device_us=13.320 parent_wall_us=116.601 candidate_wall_us=200.422 paired_device_delta_us=3.160
SAMPLE case=bf16-tail-d12288 pair=21 order=P,C parent_device_us=15.760 candidate_device_us=14.600 parent_wall_us=216.252 candidate_wall_us=169.041 paired_device_delta_us=-1.160
PAIR_BLOCK case=bf16-tail-d12288 block=1 pairs=21 parent_median_us=12.520 candidate_median_us=14.160 paired_delta_median_us=1.080
CORRECTNESS case=bf16-tail-d12288 binary=V011 result=PASS failures=0 max_abs=0.0078125 max_rel=0.0073529412
CORRECTNESS case=bf16-tail-d12288 binary=V016 result=PASS failures=0 max_abs=0.0078125 max_rel=0.0073529412
SUMMARY case=bf16-tail-d12288 metric=device_us binary=V011 n=21 median=12.520 mean=12.402 stdev=3.258 cv=0.26270 min=7.680 max=18.720 max_min=2.437 mad=2.600 p10=8.340 p90=16.340 spread=11.040 core_cv=0.13119
SUMMARY case=bf16-tail-d12288 metric=device_us binary=V016 n=21 median=14.160 mean=13.194 stdev=2.937 cv=0.22262 min=7.960 max=17.400 max_min=2.186 mad=1.480 p10=8.760 p90=16.940 spread=9.440 core_cv=0.09447
SUMMARY case=bf16-tail-d12288 metric=wall_us binary=V011 n=21 median=168.991 mean=163.713 stdev=27.361 cv=0.16713 min=101.431 max=216.252 max_min=2.132 mad=15.211 p10=136.681 p90=186.942 spread=114.821 core_cv=0.11196
SUMMARY case=bf16-tail-d12288 metric=wall_us binary=V016 n=21 median=177.022 mean=176.990 stdev=34.427 cv=0.19452 min=67.211 max=249.472 max_min=3.712 mad=19.200 p10=156.191 p90=200.422 spread=182.261 core_cv=0.09199
SUMMARY case=bf16-tail-d12288 metric=paired_device_delta_us binary=V016_minus_V011 n=21 median=1.080 mean=0.792 stdev=3.866 cv=4.87910 min=-7.180 max=9.060 max_min=-1.262 mad=2.080 p10=-3.800 p90=4.920 spread=16.240 core_cv=0.00000
CASE_END name=bf16-tail-d12288 correctness=PASS
CASE_BEGIN name=bf16-wide-d32768 dtype=bf16 rows=2 width=32768 device=3 warmup_each=45 pairs=21 samples_per_binary=21
SAMPLE case=bf16-wide-d32768 pair=01 order=P,C parent_device_us=21.420 candidate_device_us=23.240 parent_wall_us=170.012 candidate_wall_us=166.571 paired_device_delta_us=1.820
SAMPLE case=bf16-wide-d32768 pair=02 order=C,P parent_device_us=25.880 candidate_device_us=23.560 parent_wall_us=196.962 candidate_wall_us=166.922 paired_device_delta_us=-2.320
SAMPLE case=bf16-wide-d32768 pair=03 order=P,C parent_device_us=21.800 candidate_device_us=17.340 parent_wall_us=161.491 candidate_wall_us=172.642 paired_device_delta_us=-4.460
SAMPLE case=bf16-wide-d32768 pair=04 order=C,P parent_device_us=118.280 candidate_device_us=28.260 parent_wall_us=250.962 candidate_wall_us=191.721 paired_device_delta_us=-90.020
SAMPLE case=bf16-wide-d32768 pair=05 order=P,C parent_device_us=24.940 candidate_device_us=22.040 parent_wall_us=124.751 candidate_wall_us=144.531 paired_device_delta_us=-2.900
SAMPLE case=bf16-wide-d32768 pair=06 order=C,P parent_device_us=39.820 candidate_device_us=19.660 parent_wall_us=224.602 candidate_wall_us=290.023 paired_device_delta_us=-20.160
SAMPLE case=bf16-wide-d32768 pair=07 order=P,C parent_device_us=29.740 candidate_device_us=22.320 parent_wall_us=168.591 candidate_wall_us=229.022 paired_device_delta_us=-7.420
SAMPLE case=bf16-wide-d32768 pair=08 order=C,P parent_device_us=27.600 candidate_device_us=19.460 parent_wall_us=328.033 candidate_wall_us=139.861 paired_device_delta_us=-8.140
SAMPLE case=bf16-wide-d32768 pair=09 order=P,C parent_device_us=23.720 candidate_device_us=20.620 parent_wall_us=211.292 candidate_wall_us=161.431 paired_device_delta_us=-3.100
SAMPLE case=bf16-wide-d32768 pair=10 order=C,P parent_device_us=122.180 candidate_device_us=23.720 parent_wall_us=176.222 candidate_wall_us=346.523 paired_device_delta_us=-98.460
SAMPLE case=bf16-wide-d32768 pair=11 order=P,C parent_device_us=23.500 candidate_device_us=19.840 parent_wall_us=205.752 candidate_wall_us=138.451 paired_device_delta_us=-3.660
SAMPLE case=bf16-wide-d32768 pair=12 order=C,P parent_device_us=17.020 candidate_device_us=22.660 parent_wall_us=252.333 candidate_wall_us=176.561 paired_device_delta_us=5.640
SAMPLE case=bf16-wide-d32768 pair=13 order=P,C parent_device_us=108.220 candidate_device_us=24.520 parent_wall_us=240.072 candidate_wall_us=203.662 paired_device_delta_us=-83.700
SAMPLE case=bf16-wide-d32768 pair=14 order=C,P parent_device_us=25.000 candidate_device_us=21.360 parent_wall_us=188.232 candidate_wall_us=132.211 paired_device_delta_us=-3.640
SAMPLE case=bf16-wide-d32768 pair=15 order=P,C parent_device_us=15.420 candidate_device_us=95.040 parent_wall_us=133.431 candidate_wall_us=147.731 paired_device_delta_us=79.620
SAMPLE case=bf16-wide-d32768 pair=16 order=C,P parent_device_us=16.060 candidate_device_us=17.140 parent_wall_us=160.981 candidate_wall_us=171.832 paired_device_delta_us=1.080
SAMPLE case=bf16-wide-d32768 pair=17 order=P,C parent_device_us=23.160 candidate_device_us=26.560 parent_wall_us=175.782 candidate_wall_us=170.101 paired_device_delta_us=3.400
SAMPLE case=bf16-wide-d32768 pair=18 order=C,P parent_device_us=24.820 candidate_device_us=111.620 parent_wall_us=87.560 candidate_wall_us=219.731 paired_device_delta_us=86.800
SAMPLE case=bf16-wide-d32768 pair=19 order=P,C parent_device_us=20.020 candidate_device_us=15.560 parent_wall_us=144.422 candidate_wall_us=156.011 paired_device_delta_us=-4.460
SAMPLE case=bf16-wide-d32768 pair=20 order=C,P parent_device_us=21.820 candidate_device_us=26.080 parent_wall_us=151.801 candidate_wall_us=183.472 paired_device_delta_us=4.260
SAMPLE case=bf16-wide-d32768 pair=21 order=P,C parent_device_us=20.160 candidate_device_us=26.420 parent_wall_us=148.332 candidate_wall_us=162.131 paired_device_delta_us=6.260
PAIR_BLOCK case=bf16-wide-d32768 block=1 pairs=21 parent_median_us=23.720 candidate_median_us=22.660 paired_delta_median_us=-3.100
CORRECTNESS case=bf16-wide-d32768 binary=V011 result=PASS failures=0 max_abs=0.0078125 max_rel=0.01754386
CORRECTNESS case=bf16-wide-d32768 binary=V016 result=PASS failures=0 max_abs=0.0078125 max_rel=0.01754386
SUMMARY case=bf16-wide-d32768 metric=device_us binary=V011 n=21 median=23.720 mean=36.694 stdev=33.744 cv=0.91959 min=15.420 max=122.180 max_min=7.923 mad=3.560 p10=17.020 p90=108.220 spread=106.760 core_cv=0.09709
SUMMARY case=bf16-wide-d32768 metric=device_us binary=V016 n=21 median=22.660 mean=29.858 stdev=24.785 cv=0.83008 min=15.560 max=111.620 max_min=7.174 mad=3.000 p10=17.340 p90=28.260 spread=96.060 core_cv=0.10483
SUMMARY case=bf16-wide-d32768 metric=wall_us binary=V011 n=21 median=175.782 mean=185.791 stdev=53.324 cv=0.28701 min=87.560 max=328.033 max_min=3.746 mad=29.970 p10=133.431 p90=250.962 spread=240.473 core_cv=0.11190
SUMMARY case=bf16-wide-d32768 metric=wall_us binary=V016 n=21 median=170.101 mean=184.340 stdev=51.900 cv=0.28155 min=132.211 max=346.523 max_min=2.621 mad=21.620 p10=139.861 p90=229.022 spread=214.312 core_cv=0.10970
SUMMARY case=bf16-wide-d32768 metric=paired_device_delta_us binary=V016_minus_V011 n=21 median=-3.100 mean=-6.836 stdev=43.828 cv=-6.41123 min=-98.460 max=86.800 max_min=-0.882 mad=5.040 p10=-83.700 p90=6.260 spread=185.260 core_cv=0.00000
CASE_END name=bf16-wide-d32768 correctness=PASS
RUNNER_COMPLETE mode=PAIRED correctness=PASS cases=4 warmup_each=45 pairs_each=21 timing=DEVICE_EVENT_PRIMARY wall=DIAGNOSTIC
