ROUTE=MODE-DISPATCH-CUTOFF-X
REVISION=V095
GATE=COMPILE
START_UTC=2026-10-08T17:07:11.483940353Z
4f6273566422a96ead41a66e09104618d740ac5f2041f900bf6917833f0d81fb  本地实验/R-W4-4/V095/submission.asc
ENV_RC=0
-- The CXX compiler identification is Clang 15.0.5
-- Detecting CXX compiler ABI info
-- Detecting CXX compiler ABI info - done
-- Check for working CXX compiler: /usr/local/Ascend/ascend-toolkit/8.5.0.alpha002/aarch64-linux/ccec_compiler/bin/bisheng - skipped
-- Detecting CXX compile features
-- Detecting CXX compile features - done
-- Configuring done
-- Generating done
-- Build files have been written to: /home/data4t2/lelinfeng/cann-r-w4-4/本地实验/R-W4-4/V095/build-cmake
CONFIGURE_RC=0
Built target device
[100%] Building CXX object CMakeFiles/submission.dir/src/adapter.cpp.o
[100%] Built target submission
BUILD_RC=0
END_UTC=2026-10-08T17:07:19.053050778Z
