ROUTE=MULTIROW-PANEL-RMS-CHAMPION-X
PARENT_SOURCE_SHA256=b16983cfd294cf36075e988acf526886f8e9c32c1e4cb821e4e70df904294773
CANDIDATE_SOURCE_SHA256=38c59933f2a2ec92d291806b6fe1f60015923611873cf7a836d8879e3b277736
-- CMAKE_ASC_COMPILER: /usr/local/Ascend/ascend-toolkit/8.5.0.alpha002/compiler/ccec_compiler/bin/bisheng
CMake Warning at /usr/local/Ascend/ascend-toolkit/8.5.0.alpha002/aarch64-linux/tikcpp/ascendc_kernel_cmake/ASC_CMake/CMakeDetermineASCCompiler.cmake:57 (message):
  CMAKE_INSTALL_PREFIX is not set.  Set to default value
  /home/data4t2/lelinfeng/cann/server_runs/MULTIROW-PANEL-RMS-CHAMPION-X/V011/support/out.
Call Stack (most recent call first):
  CMakeLists.txt:3 (project)


-- CMAKE_BUILD_TYPE: Release
-- CMAKE_INSTALL_PREFIX: /home/data4t2/lelinfeng/cann/server_runs/MULTIROW-PANEL-RMS-CHAMPION-X/V011/support/out
-- ASCEND_CANN_PACKAGE_PATH: /usr/local/Ascend/ascend-toolkit/8.5.0.alpha002
-- CMAKE_ASC_LLD_LINKER: /usr/local/Ascend/ascend-toolkit/8.5.0.alpha002/tools/ccec_compiler/bin/ld.lld
-- The CXX compiler identification is GNU 11.4.0
-- Detecting CXX compiler ABI info
-- Detecting CXX compiler ABI info - done
-- Check for working CXX compiler: /usr/bin/c++ - skipped
-- Detecting CXX compile features
-- Detecting CXX compile features - done
-- Configuring done
-- Generating done
-- Build files have been written to: /home/data4t2/lelinfeng/cann/server_runs/MULTIROW-PANEL-RMS-CHAMPION-X/V011/support/build
[ 16%] Building ASC object CMakeFiles/multirow_panel_rms_candidate.dir/candidate_kernel.asc.o
[ 33%] Building ASC object CMakeFiles/multirow_panel_rms_parent.dir/parent_kernel.asc.o
[ 50%] Linking ASC shared library libmultirow_panel_rms_parent.so
[ 50%] Built target multirow_panel_rms_parent
[ 66%] Linking ASC shared library libmultirow_panel_rms_candidate.so
[ 66%] Built target multirow_panel_rms_candidate
[ 83%] Building CXX object CMakeFiles/multirow_panel_rms_runner.dir/runner_main.cpp.o
[100%] Linking CXX executable multirow_panel_rms_runner
[100%] Built target multirow_panel_rms_runner

ARTIFACT=/home/data4t2/lelinfeng/cann/server_runs/MULTIROW-PANEL-RMS-CHAMPION-X/V011/support/build/multirow_panel_rms_runner
66bc9ca6cc7f7a7d4712746909b3eed7dfed2c6a8af61f696d78accee4b4f707  /home/data4t2/lelinfeng/cann/server_runs/MULTIROW-PANEL-RMS-CHAMPION-X/V011/support/build/multirow_panel_rms_runner
	linux-vdso.so.1 (0x0000ffffa91bc000)
	libmultirow_panel_rms_parent.so => /home/data4t2/lelinfeng/cann/server_runs/MULTIROW-PANEL-RMS-CHAMPION-X/V011/support/build/libmultirow_panel_rms_parent.so (0x0000ffffa90c0000)
	libmultirow_panel_rms_candidate.so => /home/data4t2/lelinfeng/cann/server_runs/MULTIROW-PANEL-RMS-CHAMPION-X/V011/support/build/libmultirow_panel_rms_candidate.so (0x0000ffffa9020000)
	libascendcl.so => /usr/local/Ascend/ascend-toolkit/8.5.0.alpha002/aarch64-linux/lib64/libascendcl.so (0x0000ffffa8e00000)
	libstdc++.so.6 => /lib/aarch64-linux-gnu/libstdc++.so.6 (0x0000ffffa8bd0000)
	libm.so.6 => /lib/aarch64-linux-gnu/libm.so.6 (0x0000ffffa8b30000)
	libgcc_s.so.1 => /lib/aarch64-linux-gnu/libgcc_s.so.1 (0x0000ffffa8b00000)
	libc.so.6 => /lib/aarch64-linux-gnu/libc.so.6 (0x0000ffffa8950000)
	/lib/ld-linux-aarch64.so.1 (0x0000ffffa9183000)
	libruntime.so => /usr/local/Ascend/ascend-toolkit/8.5.0.alpha002/aarch64-linux/lib64/libruntime.so (0x0000ffffa8880000)
	liberror_manager.so => /usr/local/Ascend/ascend-toolkit/8.5.0.alpha002/aarch64-linux/lib64/liberror_manager.so (0x0000ffffa8800000)
	libprofapi.so => /usr/local/Ascend/ascend-toolkit/8.5.0.alpha002/aarch64-linux/lib64/libprofapi.so (0x0000ffffa87c0000)
	libascendalog.so => /usr/local/Ascend/ascend-toolkit/8.5.0.alpha002/aarch64-linux/lib64/libascendalog.so (0x0000ffffa8770000)
	libmmpa.so => /usr/local/Ascend/ascend-toolkit/8.5.0.alpha002/aarch64-linux/lib64/libmmpa.so (0x0000ffffa8740000)
	libascend_dump.so => /usr/local/Ascend/ascend-toolkit/8.5.0.alpha002/aarch64-linux/lib64/libascend_dump.so (0x0000ffffa8600000)
	libc_sec.so => /usr/local/Ascend/ascend-toolkit/8.5.0.alpha002/aarch64-linux/lib64/libc_sec.so (0x0000ffffa85c0000)
	libmsprofiler.so => /usr/local/Ascend/ascend-toolkit/8.5.0.alpha002/aarch64-linux/lib64/libmsprofiler.so (0x0000ffffa8210000)
	libgert.so => /usr/local/Ascend/ascend-toolkit/8.5.0.alpha002/aarch64-linux/lib64/libgert.so (0x0000ffffa79b0000)
	libascendcl_impl.so => /usr/local/Ascend/ascend-toolkit/8.5.0.alpha002/aarch64-linux/lib64/libascendcl_impl.so (0x0000ffffa78f0000)
	librt.so.1 => /lib/aarch64-linux-gnu/librt.so.1 (0x0000ffffa78d0000)
	libdl.so.2 => /lib/aarch64-linux-gnu/libdl.so.2 (0x0000ffffa78b0000)
	libge_executor.so => /usr/local/Ascend/ascend-toolkit/8.5.0.alpha002/aarch64-linux/lib64/libge_executor.so (0x0000ffffa77a0000)
	libgraph.so => /usr/local/Ascend/ascend-toolkit/8.5.0.alpha002/aarch64-linux/lib64/libgraph.so (0x0000ffffa7580000)
	libascend_watchdog.so => /usr/local/Ascend/ascend-toolkit/8.5.0.alpha002/aarch64-linux/lib64/libascend_watchdog.so (0x0000ffffa7550000)
	libascend_protobuf.so.3.13.0.0 => /usr/local/Ascend/ascend-toolkit/8.5.0.alpha002/aarch64-linux/lib64/libascend_protobuf.so.3.13.0.0 (0x0000ffffa7020000)
	libpthread.so.0 => /lib/aarch64-linux-gnu/libpthread.so.0 (0x0000ffffa7000000)
	libruntime_common.so => /usr/local/Ascend/ascend-toolkit/8.5.0.alpha002/aarch64-linux/lib64/libruntime_common.so (0x0000ffffa6fa0000)
	libascend_hal.so => /usr/local/Ascend/driver/lib64/driver/libascend_hal.so (0x0000ffffa6b30000)
	libunified_dlog.so => /usr/local/Ascend/ascend-toolkit/8.5.0.alpha002/aarch64-linux/lib64/libunified_dlog.so (0x0000ffffa6ae0000)
	libgraph_base.so => /usr/local/Ascend/ascend-toolkit/8.5.0.alpha002/aarch64-linux/lib64/libgraph_base.so (0x0000ffffa6320000)
	libhybrid_executor.so => /usr/local/Ascend/ascend-toolkit/8.5.0.alpha002/aarch64-linux/lib64/libhybrid_executor.so (0x0000ffffa5ec0000)
	libdavinci_executor.so => /usr/local/Ascend/ascend-toolkit/8.5.0.alpha002/aarch64-linux/lib64/libdavinci_executor.so (0x0000ffffa59e0000)
	libge_common.so => /usr/local/Ascend/ascend-toolkit/8.5.0.alpha002/aarch64-linux/lib64/libge_common.so (0x0000ffffa58a0000)
	libge_common_base.so => /usr/local/Ascend/ascend-toolkit/8.5.0.alpha002/aarch64-linux/lib64/libge_common_base.so (0x0000ffffa52f0000)
	libexe_graph.so => /usr/local/Ascend/ascend-toolkit/8.5.0.alpha002/aarch64-linux/lib64/libexe_graph.so (0x0000ffffa5290000)
	liblowering.so => /usr/local/Ascend/ascend-toolkit/8.5.0.alpha002/aarch64-linux/lib64/liblowering.so (0x0000ffffa51a0000)
	libregister.so => /usr/local/Ascend/ascend-toolkit/8.5.0.alpha002/aarch64-linux/lib64/libregister.so (0x0000ffffa44f0000)
	libopp_registry.so => /usr/local/Ascend/ascend-toolkit/8.5.0.alpha002/aarch64-linux/lib64/libopp_registry.so (0x0000ffffa4460000)
	libplatform.so => /usr/local/Ascend/ascend-toolkit/8.5.0.alpha002/aarch64-linux/lib64/libplatform.so (0x0000ffffa4300000)
	libmetadef.so => /usr/local/Ascend/ascend-toolkit/8.5.0.alpha002/aarch64-linux/lib64/libmetadef.so (0x0000ffffa41c0000)
	libascend_trace.so => /usr/local/Ascend/ascend-toolkit/8.5.0.alpha002/aarch64-linux/lib64/libascend_trace.so (0x0000ffffa3780000)

ARTIFACT=/home/data4t2/lelinfeng/cann/server_runs/MULTIROW-PANEL-RMS-CHAMPION-X/V011/support/build/libmultirow_panel_rms_parent.so
9abf85e75a1662336b15754f005e0eebc4c696149b6b278173f4122f4931fb66  /home/data4t2/lelinfeng/cann/server_runs/MULTIROW-PANEL-RMS-CHAMPION-X/V011/support/build/libmultirow_panel_rms_parent.so
	linux-vdso.so.1 (0x0000ffff7fed4000)
	libgcc_s.so.1 => /lib/aarch64-linux-gnu/libgcc_s.so.1 (0x0000ffff7fdd0000)
	libc.so.6 => /lib/aarch64-linux-gnu/libc.so.6 (0x0000ffff7fc20000)
	/lib/ld-linux-aarch64.so.1 (0x0000ffff7fe9b000)
	libascendcl.so => /usr/local/Ascend/ascend-toolkit/8.5.0.alpha002/aarch64-linux/lib64/libascendcl.so (0x0000ffff7fa00000)
	libruntime.so => /usr/local/Ascend/ascend-toolkit/8.5.0.alpha002/aarch64-linux/lib64/libruntime.so (0x0000ffff7f930000)
	liberror_manager.so => /usr/local/Ascend/ascend-toolkit/8.5.0.alpha002/aarch64-linux/lib64/liberror_manager.so (0x0000ffff7f8b0000)
	libprofapi.so => /usr/local/Ascend/ascend-toolkit/8.5.0.alpha002/aarch64-linux/lib64/libprofapi.so (0x0000ffff7f870000)
	libascendalog.so => /usr/local/Ascend/ascend-toolkit/8.5.0.alpha002/aarch64-linux/lib64/libascendalog.so (0x0000ffff7f820000)
	libmmpa.so => /usr/local/Ascend/ascend-toolkit/8.5.0.alpha002/aarch64-linux/lib64/libmmpa.so (0x0000ffff7f7f0000)
	libascend_dump.so => /usr/local/Ascend/ascend-toolkit/8.5.0.alpha002/aarch64-linux/lib64/libascend_dump.so (0x0000ffff7f6b0000)
	libc_sec.so => /usr/local/Ascend/ascend-toolkit/8.5.0.alpha002/aarch64-linux/lib64/libc_sec.so (0x0000ffff7f670000)
	libstdc++.so.6 => /lib/aarch64-linux-gnu/libstdc++.so.6 (0x0000ffff7f440000)
	libmsprofiler.so => /usr/local/Ascend/ascend-toolkit/8.5.0.alpha002/aarch64-linux/lib64/libmsprofiler.so (0x0000ffff7f090000)
	libgert.so => /usr/local/Ascend/ascend-toolkit/8.5.0.alpha002/aarch64-linux/lib64/libgert.so (0x0000ffff7e830000)
	libascendcl_impl.so => /usr/local/Ascend/ascend-toolkit/8.5.0.alpha002/aarch64-linux/lib64/libascendcl_impl.so (0x0000ffff7e770000)
	librt.so.1 => /lib/aarch64-linux-gnu/librt.so.1 (0x0000ffff7e750000)
	libdl.so.2 => /lib/aarch64-linux-gnu/libdl.so.2 (0x0000ffff7e730000)
	libge_executor.so => /usr/local/Ascend/ascend-toolkit/8.5.0.alpha002/aarch64-linux/lib64/libge_executor.so (0x0000ffff7e620000)
	libgraph.so => /usr/local/Ascend/ascend-toolkit/8.5.0.alpha002/aarch64-linux/lib64/libgraph.so (0x0000ffff7e400000)
	libascend_watchdog.so => /usr/local/Ascend/ascend-toolkit/8.5.0.alpha002/aarch64-linux/lib64/libascend_watchdog.so (0x0000ffff7e3d0000)
	libascend_protobuf.so.3.13.0.0 => /usr/local/Ascend/ascend-toolkit/8.5.0.alpha002/aarch64-linux/lib64/libascend_protobuf.so.3.13.0.0 (0x0000ffff7dea0000)
	libpthread.so.0 => /lib/aarch64-linux-gnu/libpthread.so.0 (0x0000ffff7de80000)
	libruntime_common.so => /usr/local/Ascend/ascend-toolkit/8.5.0.alpha002/aarch64-linux/lib64/libruntime_common.so (0x0000ffff7de20000)
	libascend_hal.so => /usr/local/Ascend/driver/lib64/driver/libascend_hal.so (0x0000ffff7d9b0000)
	libunified_dlog.so => /usr/local/Ascend/ascend-toolkit/8.5.0.alpha002/aarch64-linux/lib64/libunified_dlog.so (0x0000ffff7d960000)
	libm.so.6 => /lib/aarch64-linux-gnu/libm.so.6 (0x0000ffff7d8c0000)
	libgraph_base.so => /usr/local/Ascend/ascend-toolkit/8.5.0.alpha002/aarch64-linux/lib64/libgraph_base.so (0x0000ffff7d100000)
	libhybrid_executor.so => /usr/local/Ascend/ascend-toolkit/8.5.0.alpha002/aarch64-linux/lib64/libhybrid_executor.so (0x0000ffff7cca0000)
	libdavinci_executor.so => /usr/local/Ascend/ascend-toolkit/8.5.0.alpha002/aarch64-linux/lib64/libdavinci_executor.so (0x0000ffff7c7c0000)
	libge_common.so => /usr/local/Ascend/ascend-toolkit/8.5.0.alpha002/aarch64-linux/lib64/libge_common.so (0x0000ffff7c680000)
	libge_common_base.so => /usr/local/Ascend/ascend-toolkit/8.5.0.alpha002/aarch64-linux/lib64/libge_common_base.so (0x0000ffff7c0d0000)
	libexe_graph.so => /usr/local/Ascend/ascend-toolkit/8.5.0.alpha002/aarch64-linux/lib64/libexe_graph.so (0x0000ffff7c070000)
	liblowering.so => /usr/local/Ascend/ascend-toolkit/8.5.0.alpha002/aarch64-linux/lib64/liblowering.so (0x0000ffff7bf80000)
	libregister.so => /usr/local/Ascend/ascend-toolkit/8.5.0.alpha002/aarch64-linux/lib64/libregister.so (0x0000ffff7b2d0000)
	libopp_registry.so => /usr/local/Ascend/ascend-toolkit/8.5.0.alpha002/aarch64-linux/lib64/libopp_registry.so (0x0000ffff7b240000)
	libplatform.so => /usr/local/Ascend/ascend-toolkit/8.5.0.alpha002/aarch64-linux/lib64/libplatform.so (0x0000ffff7b0e0000)
	libmetadef.so => /usr/local/Ascend/ascend-toolkit/8.5.0.alpha002/aarch64-linux/lib64/libmetadef.so (0x0000ffff7afa0000)
	libascend_trace.so => /usr/local/Ascend/ascend-toolkit/8.5.0.alpha002/aarch64-linux/lib64/libascend_trace.so (0x0000ffff7a560000)

ARTIFACT=/home/data4t2/lelinfeng/cann/server_runs/MULTIROW-PANEL-RMS-CHAMPION-X/V011/support/build/libmultirow_panel_rms_candidate.so
454c85c0eea6392c8827a22aedfbf061e00580d2a9b414cf65663b354cb34d3b  /home/data4t2/lelinfeng/cann/server_runs/MULTIROW-PANEL-RMS-CHAMPION-X/V011/support/build/libmultirow_panel_rms_candidate.so
	linux-vdso.so.1 (0x0000ffffb9cac000)
	libgcc_s.so.1 => /lib/aarch64-linux-gnu/libgcc_s.so.1 (0x0000ffffb9ba0000)
	libc.so.6 => /lib/aarch64-linux-gnu/libc.so.6 (0x0000ffffb99f0000)
	/lib/ld-linux-aarch64.so.1 (0x0000ffffb9c73000)
	libascendcl.so => /usr/local/Ascend/ascend-toolkit/8.5.0.alpha002/aarch64-linux/lib64/libascendcl.so (0x0000ffffb97d0000)
	libruntime.so => /usr/local/Ascend/ascend-toolkit/8.5.0.alpha002/aarch64-linux/lib64/libruntime.so (0x0000ffffb9700000)
	liberror_manager.so => /usr/local/Ascend/ascend-toolkit/8.5.0.alpha002/aarch64-linux/lib64/liberror_manager.so (0x0000ffffb9680000)
	libprofapi.so => /usr/local/Ascend/ascend-toolkit/8.5.0.alpha002/aarch64-linux/lib64/libprofapi.so (0x0000ffffb9640000)
	libascendalog.so => /usr/local/Ascend/ascend-toolkit/8.5.0.alpha002/aarch64-linux/lib64/libascendalog.so (0x0000ffffb95f0000)
	libmmpa.so => /usr/local/Ascend/ascend-toolkit/8.5.0.alpha002/aarch64-linux/lib64/libmmpa.so (0x0000ffffb95c0000)
	libascend_dump.so => /usr/local/Ascend/ascend-toolkit/8.5.0.alpha002/aarch64-linux/lib64/libascend_dump.so (0x0000ffffb9480000)
	libc_sec.so => /usr/local/Ascend/ascend-toolkit/8.5.0.alpha002/aarch64-linux/lib64/libc_sec.so (0x0000ffffb9440000)
	libstdc++.so.6 => /lib/aarch64-linux-gnu/libstdc++.so.6 (0x0000ffffb9210000)
	libmsprofiler.so => /usr/local/Ascend/ascend-toolkit/8.5.0.alpha002/aarch64-linux/lib64/libmsprofiler.so (0x0000ffffb8e60000)
	libgert.so => /usr/local/Ascend/ascend-toolkit/8.5.0.alpha002/aarch64-linux/lib64/libgert.so (0x0000ffffb8600000)
	libascendcl_impl.so => /usr/local/Ascend/ascend-toolkit/8.5.0.alpha002/aarch64-linux/lib64/libascendcl_impl.so (0x0000ffffb8540000)
	librt.so.1 => /lib/aarch64-linux-gnu/librt.so.1 (0x0000ffffb8520000)
	libdl.so.2 => /lib/aarch64-linux-gnu/libdl.so.2 (0x0000ffffb8500000)
	libge_executor.so => /usr/local/Ascend/ascend-toolkit/8.5.0.alpha002/aarch64-linux/lib64/libge_executor.so (0x0000ffffb83f0000)
	libgraph.so => /usr/local/Ascend/ascend-toolkit/8.5.0.alpha002/aarch64-linux/lib64/libgraph.so (0x0000ffffb81d0000)
	libascend_watchdog.so => /usr/local/Ascend/ascend-toolkit/8.5.0.alpha002/aarch64-linux/lib64/libascend_watchdog.so (0x0000ffffb81a0000)
	libascend_protobuf.so.3.13.0.0 => /usr/local/Ascend/ascend-toolkit/8.5.0.alpha002/aarch64-linux/lib64/libascend_protobuf.so.3.13.0.0 (0x0000ffffb7c70000)
	libpthread.so.0 => /lib/aarch64-linux-gnu/libpthread.so.0 (0x0000ffffb7c50000)
	libruntime_common.so => /usr/local/Ascend/ascend-toolkit/8.5.0.alpha002/aarch64-linux/lib64/libruntime_common.so (0x0000ffffb7bf0000)
	libascend_hal.so => /usr/local/Ascend/driver/lib64/driver/libascend_hal.so (0x0000ffffb7780000)
	libunified_dlog.so => /usr/local/Ascend/ascend-toolkit/8.5.0.alpha002/aarch64-linux/lib64/libunified_dlog.so (0x0000ffffb7730000)
	libm.so.6 => /lib/aarch64-linux-gnu/libm.so.6 (0x0000ffffb7690000)
	libgraph_base.so => /usr/local/Ascend/ascend-toolkit/8.5.0.alpha002/aarch64-linux/lib64/libgraph_base.so (0x0000ffffb6ed0000)
	libhybrid_executor.so => /usr/local/Ascend/ascend-toolkit/8.5.0.alpha002/aarch64-linux/lib64/libhybrid_executor.so (0x0000ffffb6a70000)
	libdavinci_executor.so => /usr/local/Ascend/ascend-toolkit/8.5.0.alpha002/aarch64-linux/lib64/libdavinci_executor.so (0x0000ffffb6590000)
	libge_common.so => /usr/local/Ascend/ascend-toolkit/8.5.0.alpha002/aarch64-linux/lib64/libge_common.so (0x0000ffffb6450000)
	libge_common_base.so => /usr/local/Ascend/ascend-toolkit/8.5.0.alpha002/aarch64-linux/lib64/libge_common_base.so (0x0000ffffb5ea0000)
	libexe_graph.so => /usr/local/Ascend/ascend-toolkit/8.5.0.alpha002/aarch64-linux/lib64/libexe_graph.so (0x0000ffffb5e40000)
	liblowering.so => /usr/local/Ascend/ascend-toolkit/8.5.0.alpha002/aarch64-linux/lib64/liblowering.so (0x0000ffffb5d50000)
	libregister.so => /usr/local/Ascend/ascend-toolkit/8.5.0.alpha002/aarch64-linux/lib64/libregister.so (0x0000ffffb50a0000)
	libopp_registry.so => /usr/local/Ascend/ascend-toolkit/8.5.0.alpha002/aarch64-linux/lib64/libopp_registry.so (0x0000ffffb5010000)
	libplatform.so => /usr/local/Ascend/ascend-toolkit/8.5.0.alpha002/aarch64-linux/lib64/libplatform.so (0x0000ffffb4eb0000)
	libmetadef.so => /usr/local/Ascend/ascend-toolkit/8.5.0.alpha002/aarch64-linux/lib64/libmetadef.so (0x0000ffffb4d70000)
	libascend_trace.so => /usr/local/Ascend/ascend-toolkit/8.5.0.alpha002/aarch64-linux/lib64/libascend_trace.so (0x0000ffffb4330000)
