PRE_FREE_HBM_MB=8519
R15_MATCH=NONE
PRE_USAGE
	NPU ID                         : 0
	Chip Count                     : 1

	DDR Capacity(MB)               : 0
	DDR Usage Rate(%)              : 0
	DDR Hugepages Total(page)      : 0
	DDR Hugepages Usage Rate(%)    : 0
	HBM Capacity(MB)               : 65536
	HBM Usage Rate(%)              : 87
	Aicore Usage Rate(%)           : 0
	Aivector Usage Rate(%)         : 0
	Aicpu Usage Rate(%)            : 0
	Ctrlcpu Usage Rate(%)          : 3
	DDR Bandwidth Usage Rate(%)    : 0
	HBM Bandwidth Usage Rate(%)    : 0
	Chip ID                        : 0

PRE_PROC_MEM
	NPU ID                         : 0
	Chip Count                     : 1

	Process id:2231068 Process name:VLLMEngineCor     Process memory(MB):53962
	Chip ID                        : 0

PRE_LOAD=42.21 41.95 43.54 5/16254 2673656
REFERENCE rows=80 width=8192 dtype=fp32 device=0 physical_cores=40 available_cores=40 block_count=40 mismatches=0 max_abs=7.6549910899e-07 reference=cpu_fp64 atol=2e-5 rtol=1e-4 seed=322351
SAME_BINARY warmup=10 pairs_per_block=21 blocks=2 timing=device_event_primary wall_secondary=1 timed_allocations=0 kernel_change=NONE
block	pair	order	p1_us	p2_us	p1_wall_us	p2_wall_us
0	0	P1-P2	141.299992800	143.580004573	244.462000000	206.441000000
0	1	P2-P1	100.180000067	107.139997184	156.842000000	167.591000000
0	2	P1-P2	112.000003457	150.299996138	169.291000000	204.452000000
0	3	P2-P1	160.019993782	96.739999950	206.222000000	154.572000000
0	4	P1-P2	102.619998157	154.599994421	159.721000000	210.002000000
0	5	P2-P1	9.759999812	9.840000421	132.261000000	172.362000000
0	6	P1-P2	19.020000473	9.680000134	70.431000000	164.361000000
0	7	P2-P1	116.559997201	10.099999607	174.902000000	170.571000000
0	8	P1-P2	90.680003166	63.019998372	149.731000000	119.291000000
0	9	P2-P1	9.859999642	9.920000099	182.921000000	134.602000000
0	10	P1-P2	9.960000403	10.060000233	159.511000000	176.012000000
0	11	P2-P1	9.639999829	9.739999659	147.431000000	129.491000000
0	12	P1-P2	9.820000269	10.060000233	86.221000000	141.952000000
0	13	P2-P1	10.139999911	14.560000040	100.031000000	83.791000000
0	14	P1-P2	9.720000438	9.840000421	85.050000000	82.861000000
0	15	P2-P1	9.499999695	9.720000438	105.371000000	149.672000000
0	16	P1-P2	9.899999946	37.999998778	152.431000000	91.971000000
0	17	P2-P1	9.820000269	9.340000339	124.841000000	83.191000000
0	18	P1-P2	9.960000403	10.040000081	83.301000000	104.561000000
0	19	P2-P1	10.119999759	9.979999624	187.411000000	146.282000000
0	20	P1-P2	9.639999829	9.940000251	87.920000000	131.242000000
1	0	P2-P1	9.519999847	38.740001619	137.721000000	96.211000000
1	1	P1-P2	9.320000187	9.399999864	132.911000000	143.162000000
1	2	P2-P1	9.720000438	9.580000304	117.491000000	136.491000000
1	3	P1-P2	9.840000421	9.899999946	105.161000000	81.311000000
1	4	P2-P1	9.999999776	10.239999741	88.150000000	137.981000000
1	5	P1-P2	10.080000386	32.979998738	83.591000000	78.201000000
1	6	P2-P1	9.519999847	9.560000151	126.411000000	102.941000000
1	7	P1-P2	9.720000438	9.820000269	129.762000000	133.651000000
1	8	P2-P1	9.680000134	9.680000134	134.701000000	87.601000000
1	9	P1-P2	42.959999293	15.479999594	94.211000000	83.031000000
1	10	P2-P1	9.960000403	9.820000269	81.621000000	80.791000000
1	11	P1-P2	9.999999776	9.979999624	133.771000000	122.521000000
1	12	P2-P1	9.440000169	9.239999577	101.980000000	131.411000000
1	13	P1-P2	9.639999829	20.640000701	132.911000000	84.601000000
1	14	P2-P1	9.820000269	9.420000017	100.090000000	83.180000000
1	15	P1-P2	9.519999847	9.779999964	111.221000000	84.820000000
1	16	P2-P1	10.060000233	9.759999812	129.351000000	135.451000000
1	17	P1-P2	10.320000350	10.080000386	104.251000000	136.391000000
1	18	P2-P1	14.980000444	46.620000154	79.550000000	96.230000000
1	19	P1-P2	9.800000116	9.539999999	82.311000000	130.201000000
1	20	P2-P1	9.619999677	9.639999829	113.681000000	87.440000000
POST_USAGE
	NPU ID                         : 0
	Chip Count                     : 1

	DDR Capacity(MB)               : 0
	DDR Usage Rate(%)              : 0
	DDR Hugepages Total(page)      : 0
	DDR Hugepages Usage Rate(%)    : 0
	HBM Capacity(MB)               : 65536
	HBM Usage Rate(%)              : 87
	Aicore Usage Rate(%)           : 0
	Aivector Usage Rate(%)         : 0
	Aicpu Usage Rate(%)            : 0
	Ctrlcpu Usage Rate(%)          : 10
	DDR Bandwidth Usage Rate(%)    : 0
	HBM Bandwidth Usage Rate(%)    : 0
	Chip ID                        : 0

POST_LOAD=38.42 41.15 43.26 11/16252 2675476
