CASE=PARENT PRE_FREE_HBM_MB=8519
R15_MATCH=NONE
	NPU ID                         : 0
	Chip Count                     : 1

	DDR Capacity(MB)               : 0
	DDR Usage Rate(%)              : 0
	DDR Hugepages Total(page)      : 0
	DDR Hugepages Usage Rate(%)    : 0
	HBM Capacity(MB)               : 65536
	HBM Usage Rate(%)              : 87
	Aicore Usage Rate(%)           : 0
	Aivector Usage Rate(%)         : 0
	Aicpu Usage Rate(%)            : 0
	Ctrlcpu Usage Rate(%)          : 5
	DDR Bandwidth Usage Rate(%)    : 0
	HBM Bandwidth Usage Rate(%)    : 0
	Chip ID                        : 0

	NPU ID                         : 0
	Chip Count                     : 1

	Process id:2231068 Process name:VLLMEngineCor     Process memory(MB):53962
	Chip ID                        : 0

LOAD=26.47 39.75 42.78 7/16735 2711069
REFERENCE rows=80 width=8192 dtype=fp32 device=0 physical_cores=40 available_cores=40 block_count=40 mismatches=0 max_abs=7.6549910899e-07 reference=cpu_fp64 atol=2e-5 rtol=1e-4 seed=322351
SAME_BINARY warmup=45 pairs_per_block=21 blocks=2 timing=device_event_primary wall_secondary=1 timed_allocations=0 kernel_change=NONE
block	pair	order	p1_us	p2_us	p1_wall_us	p2_wall_us
0	0	P1-P2	11.199999601	9.779999964	137.330000000	162.051000000
0	1	P2-P1	11.280000210	9.600000456	80.990000000	193.360000000
0	2	P1-P2	9.460000321	9.720000438	147.661000000	187.020000000
0	3	P2-P1	10.040000081	9.739999659	131.800000000	207.411000000
0	4	P1-P2	9.619999677	9.700000286	80.871000000	176.880000000
0	5	P2-P1	9.539999999	9.859999642	187.020000000	185.751000000
0	6	P1-P2	9.460000321	9.499999695	183.011000000	185.870000000
0	7	P2-P1	9.539999999	9.779999964	203.080000000	200.961000000
0	8	P1-P2	9.499999695	9.600000456	190.271000000	202.080000000
0	9	P2-P1	9.840000421	114.560000598	80.520000000	172.001000000
0	10	P1-P2	10.019999929	9.800000116	166.271000000	188.570000000
0	11	P2-P1	9.340000339	9.279999882	196.520000000	181.081000000
0	12	P1-P2	9.539999999	9.239999577	200.671000000	197.050000000
0	13	P2-P1	107.419997454	9.580000304	174.661000000	234.391000000
0	14	P1-P2	33.679999411	9.940000251	94.110000000	201.240000000
0	15	P2-P1	9.479999542	9.779999964	198.691000000	186.941000000
0	16	P1-P2	10.040000081	9.720000438	198.380000000	196.201000000
0	17	P2-P1	9.420000017	9.639999829	197.421000000	193.720000000
0	18	P1-P2	9.359999560	9.759999812	195.690000000	201.591000000
0	19	P2-P1	9.800000116	9.700000286	203.030000000	205.140000000
0	20	P1-P2	9.379999712	9.300000034	103.480000000	87.831000000
1	0	P2-P1	9.899999946	9.560000151	142.431000000	161.380000000
1	1	P1-P2	9.800000116	10.060000233	142.390000000	143.440000000
1	2	P2-P1	9.320000187	9.820000269	146.080000000	138.341000000
1	3	P1-P2	9.239999577	9.499999695	140.971000000	143.440000000
1	4	P2-P1	9.440000169	9.440000169	143.601000000	145.140000000
1	5	P1-P2	9.739999659	9.499999695	141.480000000	142.501000000
1	6	P2-P1	9.879999794	9.680000134	143.370000000	140.700000000
1	7	P1-P2	9.580000304	9.239999577	139.460000000	143.370000000
1	8	P2-P1	9.239999577	9.239999577	145.530000000	139.991000000
1	9	P1-P2	9.359999560	9.600000456	150.541000000	149.170000000
1	10	P2-P1	9.479999542	9.659999982	141.011000000	138.760000000
1	11	P1-P2	9.499999695	9.899999946	139.320000000	138.731000000
1	12	P2-P1	9.940000251	9.840000421	146.911000000	143.000000000
1	13	P1-P2	9.200000204	9.200000204	139.420000000	141.480000000
1	14	P2-P1	9.399999864	9.499999695	145.820000000	140.921000000
1	15	P1-P2	9.519999847	10.119999759	142.531000000	135.540000000
1	16	P2-P1	9.700000286	9.499999695	159.741000000	141.870000000
1	17	P1-P2	9.619999677	9.440000169	120.940000000	168.691000000
1	18	P2-P1	10.019999929	9.759999812	137.920000000	111.500000000
1	19	P1-P2	9.739999659	9.739999659	108.120000000	141.090000000
1	20	P2-P1	9.659999982	9.600000456	138.020000000	109.651000000
CASE=PARENT POST
	NPU ID                         : 0
	Chip Count                     : 1

	DDR Capacity(MB)               : 0
	DDR Usage Rate(%)              : 0
	DDR Hugepages Total(page)      : 0
	DDR Hugepages Usage Rate(%)    : 0
	HBM Capacity(MB)               : 65536
	HBM Usage Rate(%)              : 87
	Aicore Usage Rate(%)           : 0
	Aivector Usage Rate(%)         : 0
	Aicpu Usage Rate(%)            : 0
	Ctrlcpu Usage Rate(%)          : 6
	DDR Bandwidth Usage Rate(%)    : 0
	HBM Bandwidth Usage Rate(%)    : 0
	Chip ID                        : 0

LOAD=25.47 39.32 42.63 4/16306 2711934
CASE=CANDIDATE PRE_FREE_HBM_MB=8519
R15_MATCH=NONE
	NPU ID                         : 0
	Chip Count                     : 1

	DDR Capacity(MB)               : 0
	DDR Usage Rate(%)              : 0
	DDR Hugepages Total(page)      : 0
	DDR Hugepages Usage Rate(%)    : 0
	HBM Capacity(MB)               : 65536
	HBM Usage Rate(%)              : 87
	Aicore Usage Rate(%)           : 0
	Aivector Usage Rate(%)         : 0
	Aicpu Usage Rate(%)            : 0
	Ctrlcpu Usage Rate(%)          : 8
	DDR Bandwidth Usage Rate(%)    : 0
	HBM Bandwidth Usage Rate(%)    : 0
	Chip ID                        : 0

	NPU ID                         : 0
	Chip Count                     : 1

	Process id:2231068 Process name:VLLMEngineCor     Process memory(MB):53962
	Chip ID                        : 0

LOAD=24.47 38.88 42.47 4/16299 2712154
REFERENCE rows=80 width=8192 dtype=fp32 device=0 physical_cores=40 available_cores=40 block_count=40 mismatches=0 max_abs=7.6549910899e-07 reference=cpu_fp64 atol=2e-5 rtol=1e-4 seed=322351
SAME_BINARY warmup=45 pairs_per_block=21 blocks=2 timing=device_event_primary wall_secondary=1 timed_allocations=0 kernel_change=NONE
block	pair	order	p1_us	p2_us	p1_wall_us	p2_wall_us
0	0	P1-P2	125.080004334	18.120000139	230.711000000	97.250000000
0	1	P2-P1	9.619999677	9.720000438	202.170000000	155.921000000
0	2	P1-P2	9.639999829	9.840000421	186.621000000	201.550000000
0	3	P2-P1	9.840000421	10.420000181	212.290000000	182.791000000
0	4	P1-P2	10.320000350	10.139999911	195.681000000	194.331000000
0	5	P2-P1	9.920000099	10.139999911	78.780000000	193.810000000
0	6	P1-P2	9.519999847	9.739999659	115.181000000	203.970000000
0	7	P2-P1	10.080000386	9.440000169	236.751000000	220.001000000
0	8	P1-P2	9.600000456	9.680000134	196.900000000	202.851000000
0	9	P2-P1	9.920000099	9.460000321	205.311000000	203.330000000
0	10	P1-P2	10.040000081	10.040000081	208.841000000	206.080000000
0	11	P2-P1	9.539999999	9.979999624	195.730000000	187.241000000
0	12	P1-P2	10.019999929	9.519999847	200.021000000	204.511000000
0	13	P2-P1	9.659999982	9.499999695	200.561000000	198.480000000
0	14	P1-P2	9.879999794	9.499999695	199.280000000	200.681000000
0	15	P2-P1	10.119999759	10.139999911	209.920000000	194.211000000
0	16	P1-P2	10.019999929	9.859999642	132.501000000	139.120000000
0	17	P2-P1	9.580000304	9.859999642	131.541000000	139.630000000
0	18	P1-P2	9.460000321	66.119998693	140.590000000	127.891000000
0	19	P2-P1	9.580000304	9.539999999	139.280000000	147.280000000
0	20	P1-P2	9.499999695	9.639999829	130.681000000	135.720000000
1	0	P2-P1	10.040000081	9.560000151	139.380000000	129.241000000
1	1	P1-P2	10.019999929	64.599998295	121.010000000	107.661000000
1	2	P2-P1	9.580000304	60.979999602	88.891000000	192.940000000
1	3	P1-P2	9.440000169	9.659999982	135.340000000	136.380000000
1	4	P2-P1	9.460000321	9.560000151	139.860000000	138.010000000
1	5	P1-P2	9.739999659	9.600000456	132.851000000	138.910000000
1	6	P2-P1	10.160000063	9.999999776	136.800000000	133.971000000
1	7	P1-P2	9.580000304	9.499999695	131.560000000	129.051000000
1	8	P2-P1	9.379999712	9.580000304	136.971000000	129.780000000
1	9	P1-P2	9.460000321	9.479999542	129.480000000	126.090000000
1	10	P2-P1	9.619999677	9.739999659	135.970000000	128.561000000
1	11	P1-P2	56.800000370	10.019999929	104.171000000	79.950000000
1	12	P2-P1	9.960000403	63.220001757	91.080000000	117.560000000
1	13	P1-P2	98.379999399	83.200000226	151.481000000	134.900000000
1	14	P2-P1	9.759999812	9.539999999	127.990000000	160.011000000
1	15	P1-P2	9.840000421	9.800000116	127.261000000	134.360000000
1	16	P2-P1	9.859999642	9.700000286	133.131000000	127.880000000
1	17	P1-P2	9.779999964	10.040000081	130.800000000	133.521000000
1	18	P2-P1	10.040000081	10.379999876	141.120000000	133.950000000
1	19	P1-P2	9.700000286	9.820000269	133.271000000	136.940000000
1	20	P2-P1	70.940002799	9.859999642	130.170000000	137.321000000
CASE=CANDIDATE POST
	NPU ID                         : 0
	Chip Count                     : 1

	DDR Capacity(MB)               : 0
	DDR Usage Rate(%)              : 0
	DDR Hugepages Total(page)      : 0
	DDR Hugepages Usage Rate(%)    : 0
	HBM Capacity(MB)               : 65536
	HBM Usage Rate(%)              : 87
	Aicore Usage Rate(%)           : 0
	Aivector Usage Rate(%)         : 0
	Aicpu Usage Rate(%)            : 0
	Ctrlcpu Usage Rate(%)          : 5
	DDR Bandwidth Usage Rate(%)    : 0
	HBM Bandwidth Usage Rate(%)    : 0
	Chip ID                        : 0

LOAD=23.95 38.53 42.34 7/16312 2712813
