=== preflight source identity ===
source path        : /Users/sunyiyang/Desktop/Project/cann/线上结果/R-W4-4/V074/submission.asc
line count         : 3554
byte count         : 190020
SHA256             : d3a471ccd4e82bb1244ecb0b991f693d52e5e674cd2def36a19f4b62a34d8592
first non-empty    : #include <cmath>
last non-empty     : #endif  // !defined(ASCENDC_CPU_DEBUG)
submission.sha256  : (absent)
sidecar match      : N/A
Submitting one request for problem 6a9a9a99bf41025d6013eb85...
submissionId=6ac8c7d4694b590c3c9d2f8a
[CANNJudge] status=Running
[CANNJudge] status=Pass
Status: Pass
Submission ID: 6ac8c7d4694b590c3c9d2f8a
Passed: 15/15
Maximum output error: 0.000%
Official score: 42.19
Local formula score: 42.192
Formula: s_i = 100 / (1 + log_1.5(time_i / best_time_i)); total = mean(s_i)
Point details (ordered by testcase number; time unit: us):
No. | Status | Error (%) | Time (us) | Best (us) | Point score
----+--------+-----------+-----------+-----------+-----------
  1 | Pass   |     0.000 |      4.95 |      1.14 |     21.638
  2 | Pass   |     0.000 |      3.35 |      1.67 |     36.807
  3 | Pass   |     0.000 |      5.52 |      2.14 |     29.967
  4 | Pass   |     0.000 |     16.79 |      4.49 |     23.513
  5 | Pass   |     0.000 |     10.13 |      5.15 |     37.475
  6 | Pass   |     0.000 |     28.50 |      9.27 |     26.526
  7 | Pass   |     0.000 |     52.32 |     11.22 |     20.845
  8 | Pass   |     0.000 |     70.18 |     30.41 |     32.653
  9 | Pass   |     0.000 |     71.87 |     67.81 |     87.457
 10 | Pass   |     0.000 |     74.81 |     46.79 |     46.352
 11 | Pass   |     0.000 |    164.18 |    130.86 |     64.125
 12 | Pass   |     0.000 |     98.35 |     75.98 |     61.108
 13 | Pass   |     0.000 |    566.16 |    402.15 |     54.242
 14 | Pass   |     0.000 |  16608.49 |   3646.20 |     21.099
 15 | Pass   |     0.000 |   9635.44 |   8035.32 |     69.066
--- input identity ---
local SHA256   : d3a471ccd4e82bb1244ecb0b991f693d52e5e674cd2def36a19f4b62a34d8592
remote SHA256  : d3a471ccd4e82bb1244ecb0b991f693d52e5e674cd2def36a19f4b62a34d8592
identityStatus : LOCAL_SHA_EQ_REMOTE_SHA
formalResultEligible: true
