ROUTE=SYNC-BARRIER-ELISION-X
REVISION=V007
PARENT=R31B-V011
HOST=hwnput3
DEVICE=3
DTYPE=fp16
CANDIDATE_SHA256=184d4c1b01850ef7477e1efdd9e5f5c10ca1937103c2933b9c627d90e698e1de
PRIOR_ATTEMPTS=HARNESS_CPP_INCLUDE_MISSING; ENV_SCRIPT_PATH_MISMATCH
HARNESS_BUILD_START=2026-10-07T06:18:47Z
ASCEND_HOME_PATH=/usr/local/Ascend/ascend-toolkit/latest
CPLUS_INCLUDE_PATH=/usr/include/c++/11:/usr/include/aarch64-linux-gnu/c++/11:/usr/include/c++/11/backward
--- preflight uptime/load and NPU status (observational only) ---
 06:18:47 up 241 days, 17:54, 36 users,  load average: 42.97, 40.47, 38.05
+------------------------------------------------------------------------------------------------+
| npu-smi 25.0.rc1.1               Version: 25.0.rc1.1                                           |
+---------------------------+---------------+----------------------------------------------------+
| NPU   Name                | Health        | Power(W)    Temp(C)           Hugepages-Usage(page)|
| Chip                      | Bus-Id        | AICore(%)   Memory-Usage(MB)  HBM-Usage(MB)        |
+===========================+===============+====================================================+
| 0     910B3               | OK            | 161.7       50                0    / 0             |
| 0                         | 0000:C1:00.0  | 41          0    / 0          60222/ 65536         |
+===========================+===============+====================================================+
| 1     910B3               | OK            | 151.0       49                0    / 0             |
| 0                         | 0000:C2:00.0  | 40          0    / 0          60275/ 65536         |
+===========================+===============+====================================================+
| 2     910B3               | OK            | 153.6       51                0    / 0             |
| 0                         | 0000:81:00.0  | 40          0    / 0          60214/ 65536         |
+===========================+===============+====================================================+
| 3     910B3               | OK            | 163.7       50                0    / 0             |
| 0                         | 0000:82:00.0  | 40          0    / 0          60219/ 65536         |
+===========================+===============+====================================================+
| 4     910B3               | OK            | 91.3        45                0    / 0             |
| 0                         | 0000:01:00.0  | 0           0    / 0          59192/ 65536         |
+===========================+===============+====================================================+
| 5     910B3               | OK            | 179.0       58                0    / 0             |
| 0                         | 0000:02:00.0  | 47          0    / 0          60222/ 65536         |
+===========================+===============+====================================================+
| 6     910B3               | OK            | 179.3       56                0    / 0             |
| 0                         | 0000:41:00.0  | 46          0    / 0          60222/ 65536         |
+===========================+===============+====================================================+
| 7     910B3               | OK            | 174.0       49                0    / 0             |
| 0                         | 0000:42:00.0  | 18          0    / 0          24790/ 65536         |
+===========================+===============+====================================================+
+---------------------------+---------------+----------------------------------------------------+
| NPU     Chip              | Process id    | Process name             | Process memory(MB)      |
+===========================+===============+====================================================+
| 0       0                 | 89395         | VLLMWorker_TP            | 56702                   |
+===========================+===============+====================================================+
| 1       0                 | 91055         | VLLMWorker_TP            | 56702                   |
+===========================+===============+====================================================+
| 2       0                 | 92813         | VLLMWorker_TP            | 56703                   |
+===========================+===============+====================================================+
| 3       0                 | 94498         | VLLMWorker_TP            | 56703                   |
+===========================+===============+====================================================+
| 4       0                 | 2999855       | VLLMEngineCor            | 55666                   |
+===========================+===============+====================================================+
| 5       0                 | 89602         | VLLMWorker_TP            | 56700                   |
+===========================+===============+====================================================+
| 6       0                 | 91228         | VLLMWorker_TP            | 56701                   |
+===========================+===============+====================================================+
| 7       0                 | 439848        | python3                  | 21260                   |
+===========================+===============+====================================================+
[ 50%] Building ASC object CMakeFiles/sync_barrier_elision_correctness.dir/support/correctness_runner.asc.o
[100%] Linking ASC executable sync_barrier_elision_correctness
[100%] Built target sync_barrier_elision_correctness
CORRECTNESS_BUILD_RC=0
CORRECTNESS_RUN_START=2026-10-07T06:19:11Z
CORRECTNESS device=3 dtype=fp16 rows=8 width=128 parent_candidate_bit_mismatch=0 result=PASS
CORRECTNESS device=3 dtype=fp16 rows=8 width=256 parent_candidate_bit_mismatch=0 result=PASS
CORRECTNESS device=3 dtype=fp16 rows=8 width=1024 parent_candidate_bit_mismatch=0 result=PASS
CORRECTNESS device=3 dtype=fp16 rows=8 width=2048 parent_candidate_bit_mismatch=0 result=PASS
CORRECTNESS device=3 dtype=fp16 rows=8 width=4096 parent_candidate_bit_mismatch=0 result=PASS
CORRECTNESS_SUMMARY result=PASS cases=5
CORRECTNESS_RUN_RC=0
--- postflight NPU status ---
+------------------------------------------------------------------------------------------------+
| npu-smi 25.0.rc1.1               Version: 25.0.rc1.1                                           |
+---------------------------+---------------+----------------------------------------------------+
| NPU   Name                | Health        | Power(W)    Temp(C)           Hugepages-Usage(page)|
| Chip                      | Bus-Id        | AICore(%)   Memory-Usage(MB)  HBM-Usage(MB)        |
+===========================+===============+====================================================+
| 0     910B3               | OK            | 163.3       49                0    / 0             |
| 0                         | 0000:C1:00.0  | 40          0    / 0          60222/ 65536         |
+===========================+===============+====================================================+
| 1     910B3               | OK            | 158.7       49                0    / 0             |
| 0                         | 0000:C2:00.0  | 40          0    / 0          60275/ 65536         |
+===========================+===============+====================================================+
| 2     910B3               | OK            | 156.1       50                0    / 0             |
| 0                         | 0000:81:00.0  | 40          0    / 0          60215/ 65536         |
+===========================+===============+====================================================+
| 3     910B3               | OK            | 154.9       50                0    / 0             |
| 0                         | 0000:82:00.0  | 40          0    / 0          60221/ 65536         |
+===========================+===============+====================================================+
| 4     910B3               | OK            | 93.8        45                0    / 0             |
| 0                         | 0000:01:00.0  | 0           0    / 0          59192/ 65536         |
+===========================+===============+====================================================+
| 5     910B3               | OK            | 98.1        47                0    / 0             |
| 0                         | 0000:02:00.0  | 0           0    / 0          60223/ 65536         |
+===========================+===============+====================================================+
| 6     910B3               | OK            | 101.8       51                0    / 0             |
| 0                         | 0000:41:00.0  | 0           0    / 0          60222/ 65536         |
+===========================+===============+====================================================+
| 7     910B3               | OK            | 172.2       54                0    / 0             |
| 0                         | 0000:42:00.0  | 0           0    / 0          24790/ 65536         |
+===========================+===============+====================================================+
+---------------------------+---------------+----------------------------------------------------+
| NPU     Chip              | Process id    | Process name             | Process memory(MB)      |
+===========================+===============+====================================================+
| 0       0                 | 89395         | VLLMWorker_TP            | 56702                   |
+===========================+===============+====================================================+
| 1       0                 | 91055         | VLLMWorker_TP            | 56702                   |
+===========================+===============+====================================================+
| 2       0                 | 92813         | VLLMWorker_TP            | 56703                   |
+===========================+===============+====================================================+
| 3       0                 | 94498         | VLLMWorker_TP            | 56703                   |
+===========================+===============+====================================================+
| 4       0                 | 2999855       | VLLMEngineCor            | 55666                   |
+===========================+===============+====================================================+
| 5       0                 | 89602         | VLLMWorker_TP            | 56700                   |
+===========================+===============+====================================================+
| 6       0                 | 91228         | VLLMWorker_TP            | 56701                   |
+===========================+===============+====================================================+
| 7       0                 | 439848        | python3                  | 21260                   |
+===========================+===============+====================================================+
 06:19:19 up 241 days, 17:55, 36 users,  load average: 38.76, 39.73, 37.90
CORRECTNESS_END=2026-10-07T06:19:19Z
RESULT_RC=0
