ROUTE=SYNC-BARRIER-ELISION-X
REVISION=V007
PARENT=R31B-V011
HOST=hwnput3
DEVICE=3
DTYPE=fp16
CANDIDATE_SHA256=184d4c1b01850ef7477e1efdd9e5f5c10ca1937103c2933b9c627d90e698e1de
PRIOR_HARNESS_BUILD=FAIL_CPP_VECTOR_NOT_FOUND
CORRECTNESS_RETRY_START=2026-10-07T06:16:51Z
/bin/bash: line 14: /usr/local/Ascend/ascend-toolkit/latest/set_env.sh: No such file or directory
CPLUS_INCLUDE_PATH=/usr/include/c++/11:/usr/include/aarch64-linux-gnu/c++/11:/usr/include/c++/11/backward
Consolidate compiler generated dependencies of target sync_barrier_elision_correctness
[ 50%] Building ASC object CMakeFiles/sync_barrier_elision_correctness.dir/support/correctness_runner.asc.o
PlugIn Err: can not find ASCEND_HOME_PATH.
PlugIn Err: can not find ASCEND_HOME_PATH.
In file included from /home/data4t2/lelinfeng/cann-route-w4-3-sync-barrier-elision/本地实验/SYNC-BARRIER-ELISION-X/V007/support/correctness_runner.asc:11:
/usr/local/Ascend/ascend-toolkit/latest/aarch64-linux/asc/include/kernel_operator.h:18:10: fatal error: 'kernel_tpipe_impl.h' file not found
#include "kernel_tpipe_impl.h"
         ^~~~~~~~~~~~~~~~~~~~~
PLEASE submit a bug report to https://github.com/llvm/llvm-project/issues/ and include the crash backtrace, preprocessed source, and associated run script.
Stack dump:
0.	Program arguments: /usr/local/Ascend/ascend-toolkit/8.5.0.alpha002/aarch64-linux/ccec_compiler/bin/bisheng -I /home/data4t2/lelinfeng/cann-route-w4-3-sync-barrier-elision/\346\234\254\345\234\260\345\256\236\351\252\214/SYNC-BARRIER-ELISION-X/V007/support -I /home/data4t2/lelinfeng/cann-route-w4-3-sync-barrier-elision/\346\234\254\345\234\260\345\256\236\351\252\214/SYNC-BARRIER-ELISION-X/V007 -I /usr/local/Ascend/ascend-toolkit/latest/aarch64-linux/include -I /usr/local/Ascend/ascend-toolkit/latest/aarch64-linux/asc/include -I /usr/include/c++/11 -I /usr/include/aarch64-linux-gnu/c++/11 --cce-aicore-arch=dav-c220 -I /usr/local/Ascend/ascend-toolkit/latest/toolkit/toolchain/hcc/aarch64-target-linux-gnu/include/c++/7.3.0 -I /usr/local/Ascend/ascend-toolkit/latest/toolkit/toolchain/hcc/aarch64-target-linux-gnu/include/c++/7.3.0/aarch64-target-linux-gnu -I /usr/local/Ascend/ascend-toolkit/latest/toolkit/toolchain/hcc/aarch64-target-linux-gnu/include/c++/7.3.0/backward -I /usr/include/c++/11 -I /usr/include/aarch64-linux-gnu/c++/11 -I /usr/include/c++/11/backward -Xaicore-start -O3 -std=c++17 -Xaicore-end -Xhost-start -I /usr/local/Ascend/ascend-toolkit/latest/toolkit/toolchain/hcc/aarch64-target-linux-gnu/include/c++/7.3.0 -I /usr/local/Ascend/ascend-toolkit/latest/toolkit/toolchain/hcc/aarch64-target-linux-gnu/include/c++/7.3.0/aarch64-target-linux-gnu -I /usr/local/Ascend/ascend-toolkit/latest/toolkit/toolchain/hcc/aarch64-target-linux-gnu/include/c++/7.3.0/backward -I /usr/include/c++/11 -I /usr/include/aarch64-linux-gnu/c++/11 -I /usr/include/c++/11/backward -fPIC -O2 -Xhost-end --npu-arch=dav-2201 -std=c++17 -MD -MT CMakeFiles/sync_barrier_elision_correctness.dir/support/correctness_runner.asc.o -MF CMakeFiles/sync_barrier_elision_correctness.dir/support/correctness_runner.asc.o.d -x asc --cce-aicore-arch=dav-c220 "-DBS_PLUGIN_DRIVER_ARGS_MACRO=\"-I/home/data4t2/lelinfeng/cann-route-w4-3-sync-barrier-elision/\346\234\254\345\234\260\345\256\236\351\252\214/SYNC-BARRIER-ELISION-X/V007/support -I/home/data4t2/lelinfeng/cann-route-w4-3-sync-barrier-elision/\346\234\254\345\234\260\345\256\236\351\252\214/SYNC-BARRIER-ELISION-X/V007 -I/usr/local/Ascend/ascend-toolkit/latest/aarch64-linux/include -I/usr/local/Ascend/ascend-toolkit/latest/aarch64-linux/asc/include -I/usr/include/c++/11 -I/usr/include/aarch64-linux-gnu/c++/11 --cce-aicore-arch=dav-c220 -I/usr/local/Ascend/ascend-toolkit/latest/toolkit/toolchain/hcc/aarch64-target-linux-gnu/include/c++/7.3.0 -I/usr/local/Ascend/ascend-toolkit/latest/toolkit/toolchain/hcc/aarch64-target-linux-gnu/include/c++/7.3.0/aarch64-target-linux-gnu -I/usr/local/Ascend/ascend-toolkit/latest/toolkit/toolchain/hcc/aarch64-target-linux-gnu/include/c++/7.3.0/backward -I/usr/include/c++/11 -I/usr/include/aarch64-linux-gnu/c++/11 -I/usr/include/c++/11/backward -Xaicore-start -O3 -std=c++17 -Xaicore-end -Xhost-start -I/usr/local/Ascend/ascend-toolkit/latest/toolkit/toolchain/hcc/aarch64-target-linux-gnu/include/c++/7.3.0 -I/usr/local/Ascend/ascend-toolkit/latest/toolkit/toolchain/hcc/aarch64-target-linux-gnu/include/c++/7.3.0/aarch64-target-linux-gnu -I/usr/local/Ascend/ascend-toolkit/latest/toolkit/toolchain/hcc/aarch64-target-linux-gnu/include/c++/7.3.0/backward -I/usr/include/c++/11 -I/usr/include/aarch64-linux-gnu/c++/11 -I/usr/include/c++/11/backward -fPIC -O2 -Xhost-end --npu-arch=dav-2201 -std=c++17 -MD -MT CMakeFiles/sync_barrier_elision_correctness.dir/support/correctness_runner.asc.o -MF CMakeFiles/sync_barrier_elision_correctness.dir/support/correctness_runner.asc.o.d -o CMakeFiles/sync_barrier_elision_correctness.dir/support/correctness_runner.asc.o -c -x asc /home/data4t2/lelinfeng/cann-route-w4-3-sync-barrier-elision/\346\234\254\345\234\260\345\256\236\351\252\214/SYNC-BARRIER-ELISION-X/V007/support/correctness_runner.asc \"" -run-bisheng-plugin -o /tmp/bisheng-plugin-output-1f9586.json /home/data4t2/lelinfeng/cann-route-w4-3-sync-barrier-elision/\346\234\254\345\234\260\345\256\236\351\252\214/SYNC-BARRIER-ELISION-X/V007/support/correctness_runner.asc
1.	<eof> parser at end of file
2.	Per-file LLVM IR generation
Stack dump without symbol names (ensure you have llvm-symbolizer in your PATH or set the environment var `LLVM_SYMBOLIZER_PATH` to point to it):
/usr/local/Ascend/ascend-toolkit/8.5.0.alpha002/aarch64-linux/ccec_compiler/bin/bisheng(+0x2c6eb9c)[0xaaaab31ceb9c]
/usr/local/Ascend/ascend-toolkit/8.5.0.alpha002/aarch64-linux/ccec_compiler/bin/bisheng(_ZN4llvm3sys15CleanupOnSignalEm+0x1a8)[0xaaaab31ccbe8]
/usr/local/Ascend/ascend-toolkit/8.5.0.alpha002/aarch64-linux/ccec_compiler/bin/bisheng(+0x2bb3f18)[0xaaaab3113f18]
linux-vdso.so.1(__kernel_rt_sigreturn+0x0)[0xffff93d637dc]
/usr/local/Ascend/ascend-toolkit/8.5.0.alpha002/aarch64-linux/ccec_compiler/bin/bisheng(_ZNK5clang14bisheng_plugin11PluginProxy10PreCompileEv+0x24)[0xaaaab63ae64c]
/usr/local/Ascend/ascend-toolkit/8.5.0.alpha002/aarch64-linux/ccec_compiler/bin/bisheng(_ZN5clang14bisheng_plugin23getKernelPluginStubJsonERN4llvm4json6ObjectE+0x1fc)[0xaaaab5e3abdc]
/usr/local/Ascend/ascend-toolkit/8.5.0.alpha002/aarch64-linux/ccec_compiler/bin/bisheng(+0x3bf1360)[0xaaaab4151360]
/usr/local/Ascend/ascend-toolkit/8.5.0.alpha002/aarch64-linux/ccec_compiler/bin/bisheng(_ZN5clang8ParseASTERNS_4SemaEbb+0xb2c)[0xaaaab4e6d1fc]
/usr/local/Ascend/ascend-toolkit/8.5.0.alpha002/aarch64-linux/ccec_compiler/bin/bisheng(_ZN5clang13CodeGenAction13ExecuteActionEv+0x5f4)[0xaaaab4150dcc]
/usr/local/Ascend/ascend-toolkit/8.5.0.alpha002/aarch64-linux/ccec_compiler/bin/bisheng(_ZN5clang14FrontendAction7ExecuteEv+0xd4)[0xaaaab3ba6bcc]
/usr/local/Ascend/ascend-toolkit/8.5.0.alpha002/aarch64-linux/ccec_compiler/bin/bisheng(_ZN5clang16CompilerInstance13ExecuteActionERNS_14FrontendActionE+0x24c)[0xaaaab3b4db64]
/usr/local/Ascend/ascend-toolkit/8.5.0.alpha002/aarch64-linux/ccec_compiler/bin/bisheng(_ZN5clang25ExecuteCompilerInvocationEPNS_16CompilerInstanceE+0x3f4)[0xaaaab3c75a0c]
/usr/local/Ascend/ascend-toolkit/8.5.0.alpha002/aarch64-linux/ccec_compiler/bin/bisheng(_Z8cc1_mainN4llvm8ArrayRefIPKcEES2_Pv+0x1180)[0xaaaab16bd9c0]
/usr/local/Ascend/ascend-toolkit/8.5.0.alpha002/aarch64-linux/ccec_compiler/bin/bisheng(+0x1155ca0)[0xaaaab16b5ca0]
/usr/local/Ascend/ascend-toolkit/8.5.0.alpha002/aarch64-linux/ccec_compiler/bin/bisheng(+0x346ba68)[0xaaaab39cba68]
/usr/local/Ascend/ascend-toolkit/8.5.0.alpha002/aarch64-linux/ccec_compiler/bin/bisheng(_ZN4llvm20CrashRecoveryContext9RunSafelyENS_12function_refIFvvEEE+0x40)[0xaaaab31147d0]
/usr/local/Ascend/ascend-toolkit/8.5.0.alpha002/aarch64-linux/ccec_compiler/bin/bisheng(_ZNK5clang6driver10CC1Command7ExecuteEN4llvm8ArrayRefINS2_8OptionalINS2_9StringRefEEEEEPSsPb+0x1d8)[0xaaaab39ce250]
/usr/local/Ascend/ascend-toolkit/8.5.0.alpha002/aarch64-linux/ccec_compiler/bin/bisheng(_ZNK5clang6driver11Compilation14ExecuteCommandERKNS0_7CommandERPS3_b+0x24c)[0xaaaab399b05c]
/usr/local/Ascend/ascend-toolkit/8.5.0.alpha002/aarch64-linux/ccec_compiler/bin/bisheng(_ZNK5clang6driver11Compilation11ExecuteJobsERKNS0_7JobListERN4llvm15SmallVectorImplISt4pairIiPKNS0_7CommandEEEEb+0xc4)[0xaaaab399b894]
/usr/local/Ascend/ascend-toolkit/8.5.0.alpha002/aarch64-linux/ccec_compiler/bin/bisheng(_ZN5clang6driver6Driver18ExecuteCompilationERNS0_11CompilationERN4llvm15SmallVectorImplISt4pairIiPKNS0_7CommandEEEE+0x334)[0xaaaab39ca84c]
/usr/local/Ascend/ascend-toolkit/8.5.0.alpha002/aarch64-linux/ccec_compiler/bin/bisheng(_Z10clang_mainiPPc+0x26c4)[0xaaaab16bb26c]
/lib/aarch64-linux-gnu/libc.so.6(+0x27400)[0xffff93807400]
/lib/aarch64-linux-gnu/libc.so.6(__libc_start_main+0x98)[0xffff938074d8]
/usr/local/Ascend/ascend-toolkit/8.5.0.alpha002/aarch64-linux/ccec_compiler/bin/bisheng(+0x1155a40)[0xaaaab16b5a40]
bisheng: error: clang frontend command failed with exit code 139 (use -v to see invocation)
2025-11-27T21:34:53+08:00 clang version 15.0.5 (clang-5c68a1cb1231 flang-5c68a1cb1231)
Target: aarch64-unknown-linux-gnu
Thread model: posix
InstalledDir: /usr/local/Ascend/ascend-toolkit/8.5.0.alpha002/aarch64-linux/ccec_compiler/bin
gmake[3]: *** [CMakeFiles/sync_barrier_elision_correctness.dir/build.make:76: CMakeFiles/sync_barrier_elision_correctness.dir/support/correctness_runner.asc.o] Error 1
gmake[2]: *** [CMakeFiles/Makefile2:111: CMakeFiles/sync_barrier_elision_correctness.dir/all] Error 2
gmake[1]: *** [CMakeFiles/Makefile2:118: CMakeFiles/sync_barrier_elision_correctness.dir/rule] Error 2
gmake: *** [Makefile:137: sync_barrier_elision_correctness] Error 2
CORRECTNESS_BUILD_RC=2
CORRECTNESS_RUN_SKIPPED=BUILD_FAILED
--- postflight npu-smi info ---
+------------------------------------------------------------------------------------------------+
| npu-smi 25.0.rc1.1               Version: 25.0.rc1.1                                           |
+---------------------------+---------------+----------------------------------------------------+
| NPU   Name                | Health        | Power(W)    Temp(C)           Hugepages-Usage(page)|
| Chip                      | Bus-Id        | AICore(%)   Memory-Usage(MB)  HBM-Usage(MB)        |
+===========================+===============+====================================================+
| 0     910B3               | OK            | 158.2       47                0    / 0             |
| 0                         | 0000:C1:00.0  | 40          0    / 0          60222/ 65536         |
+===========================+===============+====================================================+
| 1     910B3               | OK            | 152.1       46                0    / 0             |
| 0                         | 0000:C2:00.0  | 40          0    / 0          60274/ 65536         |
+===========================+===============+====================================================+
| 2     910B3               | OK            | 153.6       50                0    / 0             |
| 0                         | 0000:81:00.0  | 40          0    / 0          60215/ 65536         |
+===========================+===============+====================================================+
| 3     910B3               | OK            | 141.0       45                0    / 0             |
| 0                         | 0000:82:00.0  | 19          0    / 0          60219/ 65536         |
+===========================+===============+====================================================+
| 4     910B3               | OK            | 93.5        43                0    / 0             |
| 0                         | 0000:01:00.0  | 0           0    / 0          59192/ 65536         |
+===========================+===============+====================================================+
| 5     910B3               | OK            | 173.0       59                0    / 0             |
| 0                         | 0000:02:00.0  | 47          0    / 0          60223/ 65536         |
+===========================+===============+====================================================+
| 6     910B3               | OK            | 183.0       58                0    / 0             |
| 0                         | 0000:41:00.0  | 47          0    / 0          60221/ 65536         |
+===========================+===============+====================================================+
| 7     910B3               | OK            | 120.4       47                0    / 0             |
| 0                         | 0000:42:00.0  | 5           0    / 0          24790/ 65536         |
+===========================+===============+====================================================+
+---------------------------+---------------+----------------------------------------------------+
| NPU     Chip              | Process id    | Process name             | Process memory(MB)      |
+===========================+===============+====================================================+
| 0       0                 | 89395         | VLLMWorker_TP            | 56702                   |
+===========================+===============+====================================================+
| 1       0                 | 91055         | VLLMWorker_TP            | 56702                   |
+===========================+===============+====================================================+
| 2       0                 | 92813         | VLLMWorker_TP            | 56703                   |
+===========================+===============+====================================================+
| 3       0                 | 94498         | VLLMWorker_TP            | 56703                   |
+===========================+===============+====================================================+
| 4       0                 | 2999855       | VLLMEngineCor            | 55666                   |
+===========================+===============+====================================================+
| 5       0                 | 89602         | VLLMWorker_TP            | 56700                   |
+===========================+===============+====================================================+
| 6       0                 | 91228         | VLLMWorker_TP            | 56701                   |
+===========================+===============+====================================================+
| 7       0                 | 439848        | python3                  | 21260                   |
+===========================+===============+====================================================+
CORRECTNESS_END=2026-10-07T06:16:53Z
RESULT_RC=125
