CORRECTNESS_START_UTC=2026-10-07T13:30:25.467128805Z
HOST=hwnput3
DEVICE=4
DTYPE=FP32
SHAPES=128x136,128x192,128x200
C15=EXCLUDED
RUN_START_UTC=2026-10-07T13:30:25.471859521Z
SIDE=parent SHAPE=128x136 BINARY=本地实验/R-W4-4/V031/partial-ranking/stage/build/clx_ref_parent_probe PREFIX=本地实验/R-W4-4/V031/partial-ranking/parent-correctness-r128-w136-fp32
REF_HARNESS device=4 shape=128x136 dtype=0 warmup=0 samples=1 blocks=1 bad=0
RUN_EXIT_CODE=0
RUN_END_UTC=2026-10-07T13:30:31.611846153Z
RUN_START_UTC=2026-10-07T13:30:31.614282412Z
SIDE=candidate SHAPE=128x136 BINARY=本地实验/R-W4-4/V031/partial-ranking/stage/build/clx_ref_candidate_probe PREFIX=本地实验/R-W4-4/V031/partial-ranking/candidate-correctness-r128-w136-fp32
REF_HARNESS device=4 shape=128x136 dtype=0 warmup=0 samples=1 blocks=1 bad=0
RUN_EXIT_CODE=0
RUN_END_UTC=2026-10-07T13:30:39.351484765Z
RUN_START_UTC=2026-10-07T13:30:39.354175947Z
SIDE=parent SHAPE=128x192 BINARY=本地实验/R-W4-4/V031/partial-ranking/stage/build/clx_ref_parent_probe PREFIX=本地实验/R-W4-4/V031/partial-ranking/parent-correctness-r128-w192-fp32
REF_HARNESS device=4 shape=128x192 dtype=0 warmup=0 samples=1 blocks=1 bad=0
RUN_EXIT_CODE=0
RUN_END_UTC=2026-10-07T13:30:45.712125316Z
RUN_START_UTC=2026-10-07T13:30:45.717177445Z
SIDE=candidate SHAPE=128x192 BINARY=本地实验/R-W4-4/V031/partial-ranking/stage/build/clx_ref_candidate_probe PREFIX=本地实验/R-W4-4/V031/partial-ranking/candidate-correctness-r128-w192-fp32
REF_HARNESS device=4 shape=128x192 dtype=0 warmup=0 samples=1 blocks=1 bad=0
RUN_EXIT_CODE=0
RUN_END_UTC=2026-10-07T13:30:53.650627310Z
RUN_START_UTC=2026-10-07T13:30:53.654802055Z
SIDE=parent SHAPE=128x200 BINARY=本地实验/R-W4-4/V031/partial-ranking/stage/build/clx_ref_parent_probe PREFIX=本地实验/R-W4-4/V031/partial-ranking/parent-correctness-r128-w200-fp32
REF_HARNESS device=4 shape=128x200 dtype=0 warmup=0 samples=1 blocks=1 bad=0
RUN_EXIT_CODE=0
RUN_END_UTC=2026-10-07T13:31:01.576286586Z
RUN_START_UTC=2026-10-07T13:31:01.579359304Z
SIDE=candidate SHAPE=128x200 BINARY=本地实验/R-W4-4/V031/partial-ranking/stage/build/clx_ref_candidate_probe PREFIX=本地实验/R-W4-4/V031/partial-ranking/candidate-correctness-r128-w200-fp32
REF_HARNESS device=4 shape=128x200 dtype=0 warmup=0 samples=1 blocks=1 bad=0
RUN_EXIT_CODE=0
RUN_END_UTC=2026-10-07T13:31:09.485998500Z
CORRECTNESS_EXIT_CODE=0
CORRECTNESS_END_UTC=2026-10-07T13:31:09.490230985Z
