2026-10-08T05:14:43.352228+00:00
REMOTE_WORKDIR=/home/data4t2/lelinfeng/cann/w4/R10-active-core-d-aware-x/V002
{"R10_ACTIVE_PROCESSES": []}
{"path": "build/r10_probe", "size": 77808, "modified_utc": "2026-10-08T05:05:28.000270+00:00"}
{"path": "build/libr10_parent.so", "size": 530176, "modified_utc": "2026-10-08T05:05:08.492141+00:00"}
{"path": "build/libr10_candidate.so", "size": 530952, "modified_utc": "2026-10-08T05:05:26.556260+00:00"}
{"path": "submission.asc", "size": 191003, "modified_utc": "2026-10-08T05:04:44.420157+00:00"}
	NPU ID                         : 4
	Chip Count                     : 1

	DDR Capacity(MB)               : 0
	DDR Usage Rate(%)              : 0
	DDR Hugepages Total(page)      : 0
	DDR Hugepages Usage Rate(%)    : 0
	HBM Capacity(MB)               : 65536
	HBM Usage Rate(%)              : 90
	Aicore Usage Rate(%)           : 58
	Aivector Usage Rate(%)         : 35
	Aicpu Usage Rate(%)            : 0
	Ctrlcpu Usage Rate(%)          : 3
	DDR Bandwidth Usage Rate(%)    : 0
	HBM Bandwidth Usage Rate(%)    : 64
	Chip ID                        : 0


HOST_LOAD=69.74 63.17 57.95 32/15782 3571321
