SNAPSHOT_UTC=2026-10-08T01:52:37Z

=== npu-smi info ===
+------------------------------------------------------------------------------------------------+
| npu-smi 25.0.rc1.1               Version: 25.0.rc1.1                                           |
+---------------------------+---------------+----------------------------------------------------+
| NPU   Name                | Health        | Power(W)    Temp(C)           Hugepages-Usage(page)|
| Chip                      | Bus-Id        | AICore(%)   Memory-Usage(MB)  HBM-Usage(MB)        |
+===========================+===============+====================================================+
| 0     910B3               | OK            | 91.2        30                0    / 0             |
| 0                         | 0000:C1:00.0  | 0           0    / 0          3432 / 65536         |
+===========================+===============+====================================================+
| 1     910B3               | OK            | 123.2       30                0    / 0             |
| 0                         | 0000:C2:00.0  | 14          0    / 0          9174 / 65536         |
+===========================+===============+====================================================+
| 2     910B3               | OK            | 87.9        30                0    / 0             |
| 0                         | 0000:81:00.0  | 0           0    / 0          3421 / 65536         |
+===========================+===============+====================================================+
| 3     910B3               | OK            | 91.3        30                0    / 0             |
| 0                         | 0000:82:00.0  | 0           0    / 0          3426 / 65536         |
+===========================+===============+====================================================+
| 4     910B3               | OK            | 327.4       60                0    / 0             |
| 0                         | 0000:01:00.0  | 74          0    / 0          59192/ 65536         |
+===========================+===============+====================================================+
| 5     910B3               | OK            | 164.3       50                0    / 0             |
| 0                         | 0000:02:00.0  | 43          0    / 0          60221/ 65536         |
+===========================+===============+====================================================+
| 6     910B3               | OK            | 168.4       47                0    / 0             |
| 0                         | 0000:41:00.0  | 43          0    / 0          60222/ 65536         |
+===========================+===============+====================================================+
| 7     910B3               | OK            | 147.4       39                0    / 0             |
| 0                         | 0000:42:00.0  | 0           0    / 0          24791/ 65536         |
+===========================+===============+====================================================+
+---------------------------+---------------+----------------------------------------------------+
| NPU     Chip              | Process id    | Process name             | Process memory(MB)      |
+===========================+===============+====================================================+
| No running processes found in NPU 0                                                            |
+===========================+===============+====================================================+
| 1       0                 | 3150467       | python                   | 5746                    |
+===========================+===============+====================================================+
| No running processes found in NPU 2                                                            |
+===========================+===============+====================================================+
| No running processes found in NPU 3                                                            |
+===========================+===============+====================================================+
| 4       0                 | 2999855       | VLLMEngineCor            | 55666                   |
+===========================+===============+====================================================+
| 5       0                 | 89602         | VLLMWorker_TP            | 56700                   |
+===========================+===============+====================================================+
| 6       0                 | 91228         | VLLMWorker_TP            | 56701                   |
+===========================+===============+====================================================+
| 7       0                 | 439848        | python3                  | 21260                   |
+===========================+===============+====================================================+

=== npu-smi device 0 usages/processes ===
	NPU ID                         : 0
	Chip Count                     : 1

	DDR Capacity(MB)               : 0
	DDR Usage Rate(%)              : 0
	DDR Hugepages Total(page)      : 0
	DDR Hugepages Usage Rate(%)    : 0
	HBM Capacity(MB)               : 65536
	HBM Usage Rate(%)              : 5
	Aicore Usage Rate(%)           : 0
	Aivector Usage Rate(%)         : 0
	Aicpu Usage Rate(%)            : 0
	Ctrlcpu Usage Rate(%)          : 6
	DDR Bandwidth Usage Rate(%)    : 0
	HBM Bandwidth Usage Rate(%)    : 0
	Chip ID                        : 0


=== matching host processes ===
 153730 lelinfe+ bash            /bin/bash -lc set -o pipefail {   printf 'SNAPSHOT_UTC='; date -u +%Y-%m-%dT%H:%M:%SZ   printf '\n=== npu-smi info ===\n'   npu-smi info   printf '\n=== npu-smi device 0 usages/processes ===\n'   npu-smi info -t usages -i 0   printf '\n=== matching host processes ===\n'   ps -eo pid,user,comm,args | rg -i 'v047|row.scale.hoist|cann-row-scale|correctness_runner|local_runner' || true } 2>&1 | tee '本地实验/ROW-SCALE-HOIST-X/V047/device-snapshot-before-correctness.log'
 153734 lelinfe+ bash            /bin/bash -lc set -o pipefail {   printf 'SNAPSHOT_UTC='; date -u +%Y-%m-%dT%H:%M:%SZ   printf '\n=== npu-smi info ===\n'   npu-smi info   printf '\n=== npu-smi device 0 usages/processes ===\n'   npu-smi info -t usages -i 0   printf '\n=== matching host processes ===\n'   ps -eo pid,user,comm,args | rg -i 'v047|row.scale.hoist|cann-row-scale|correctness_runner|local_runner' || true } 2>&1 | tee '本地实验/ROW-SCALE-HOIST-X/V047/device-snapshot-before-correctness.log'
 153735 lelinfe+ tee             tee 本地实验/ROW-SCALE-HOIST-X/V047/device-snapshot-before-correctness.log
 153988 lelinfe+ rg              rg -i v047|row.scale.hoist|cann-row-scale|correctness_runner|local_runner
