HOST=hwnput3
UTC=2026-10-06T22:33:05Z
-- CMAKE_ASC_COMPILER: /usr/local/Ascend/ascend-toolkit/latest/compiler/ccec_compiler/bin/bisheng
CMake Warning at /usr/local/Ascend/ascend-toolkit/8.5.0.alpha002/aarch64-linux/tikcpp/ascendc_kernel_cmake/ASC_CMake/CMakeDetermineASCCompiler.cmake:57 (message):
  CMAKE_INSTALL_PREFIX is not set.  Set to default value
  /home/data4t2/lelinfeng/cann-route-w4-3-sync-barrier-elision/本地实验/SYNC-BARRIER-ELISION-X/V001/out.
Call Stack (most recent call first):
  CMakeLists.txt:8 (project)


-- CMAKE_BUILD_TYPE: Release
-- CMAKE_INSTALL_PREFIX: /home/data4t2/lelinfeng/cann-route-w4-3-sync-barrier-elision/本地实验/SYNC-BARRIER-ELISION-X/V001/out
-- ASCEND_CANN_PACKAGE_PATH: /usr/local/Ascend/ascend-toolkit/8.5.0.alpha002
-- CMAKE_ASC_LLD_LINKER: /usr/local/Ascend/ascend-toolkit/8.5.0.alpha002/tools/ccec_compiler/bin/ld.lld
-- Configuring done
-- Generating done
-- Build files have been written to: /home/data4t2/lelinfeng/server_runs/SYNC-BARRIER-ELISION-X/V001/correctness-build-20261006T223000Z-retry1/build
/usr/bin/cmake -S/home/data4t2/lelinfeng/cann-route-w4-3-sync-barrier-elision/本地实验/SYNC-BARRIER-ELISION-X/V001 -B/home/data4t2/lelinfeng/server_runs/SYNC-BARRIER-ELISION-X/V001/correctness-build-20261006T223000Z-retry1/build --check-build-system CMakeFiles/Makefile.cmake 0
/usr/bin/gmake  -f CMakeFiles/Makefile2 sync_barrier_elision_correctness
gmake[1]: Entering directory '/home/data4t2/lelinfeng/server_runs/SYNC-BARRIER-ELISION-X/V001/correctness-build-20261006T223000Z-retry1/build'
/usr/bin/cmake -S/home/data4t2/lelinfeng/cann-route-w4-3-sync-barrier-elision/本地实验/SYNC-BARRIER-ELISION-X/V001 -B/home/data4t2/lelinfeng/server_runs/SYNC-BARRIER-ELISION-X/V001/correctness-build-20261006T223000Z-retry1/build --check-build-system CMakeFiles/Makefile.cmake 0
/usr/bin/cmake -E cmake_progress_start /home/data4t2/lelinfeng/server_runs/SYNC-BARRIER-ELISION-X/V001/correctness-build-20261006T223000Z-retry1/build/CMakeFiles 2
/usr/bin/gmake  -f CMakeFiles/Makefile2 CMakeFiles/sync_barrier_elision_correctness.dir/all
gmake[2]: Entering directory '/home/data4t2/lelinfeng/server_runs/SYNC-BARRIER-ELISION-X/V001/correctness-build-20261006T223000Z-retry1/build'
/usr/bin/gmake  -f CMakeFiles/sync_barrier_elision_correctness.dir/build.make CMakeFiles/sync_barrier_elision_correctness.dir/depend
gmake[3]: Entering directory '/home/data4t2/lelinfeng/server_runs/SYNC-BARRIER-ELISION-X/V001/correctness-build-20261006T223000Z-retry1/build'
cd /home/data4t2/lelinfeng/server_runs/SYNC-BARRIER-ELISION-X/V001/correctness-build-20261006T223000Z-retry1/build && /usr/bin/cmake -E cmake_depends "Unix Makefiles" /home/data4t2/lelinfeng/cann-route-w4-3-sync-barrier-elision/本地实验/SYNC-BARRIER-ELISION-X/V001 /home/data4t2/lelinfeng/cann-route-w4-3-sync-barrier-elision/本地实验/SYNC-BARRIER-ELISION-X/V001 /home/data4t2/lelinfeng/server_runs/SYNC-BARRIER-ELISION-X/V001/correctness-build-20261006T223000Z-retry1/build /home/data4t2/lelinfeng/server_runs/SYNC-BARRIER-ELISION-X/V001/correctness-build-20261006T223000Z-retry1/build /home/data4t2/lelinfeng/server_runs/SYNC-BARRIER-ELISION-X/V001/correctness-build-20261006T223000Z-retry1/build/CMakeFiles/sync_barrier_elision_correctness.dir/DependInfo.cmake --color=
gmake[3]: Leaving directory '/home/data4t2/lelinfeng/server_runs/SYNC-BARRIER-ELISION-X/V001/correctness-build-20261006T223000Z-retry1/build'
/usr/bin/gmake  -f CMakeFiles/sync_barrier_elision_correctness.dir/build.make CMakeFiles/sync_barrier_elision_correctness.dir/build
gmake[3]: Entering directory '/home/data4t2/lelinfeng/server_runs/SYNC-BARRIER-ELISION-X/V001/correctness-build-20261006T223000Z-retry1/build'
[ 50%] Building ASC object CMakeFiles/sync_barrier_elision_correctness.dir/support/correctness_runner.asc.o
/usr/local/Ascend/ascend-toolkit/latest/compiler/ccec_compiler/bin/bisheng   -I/home/data4t2/lelinfeng/cann-route-w4-3-sync-barrier-elision/本地实验/SYNC-BARRIER-ELISION-X/V001/support -I/home/data4t2/lelinfeng/cann-route-w4-3-sync-barrier-elision/本地实验/SYNC-BARRIER-ELISION-X/V001 -I/usr/local/Ascend/ascend-toolkit/8.5.0.alpha002/aarch64-linux/include -I/usr/local/Ascend/ascend-toolkit/8.5.0.alpha002/aarch64-linux/asc/include -I/usr/include/c++/11 -I/usr/include/aarch64-linux-gnu/c++/11 --cce-aicore-arch=dav-c220 -I/usr/local/Ascend/ascend-toolkit/8.5.0.alpha002/toolkit/toolchain/hcc/aarch64-target-linux-gnu/include/c++/7.3.0 -I/usr/local/Ascend/ascend-toolkit/8.5.0.alpha002/toolkit/toolchain/hcc/aarch64-target-linux-gnu/include/c++/7.3.0/aarch64-target-linux-gnu -I/usr/local/Ascend/ascend-toolkit/8.5.0.alpha002/toolkit/toolchain/hcc/aarch64-target-linux-gnu/include/c++/7.3.0/backward -Xaicore-start -O3 -std=c++17 -Xaicore-end -Xhost-start -I/usr/local/Ascend/ascend-toolkit/8.5.0.alpha002/toolkit/toolchain/hcc/aarch64-target-linux-gnu/include/c++/7.3.0 -I/usr/local/Ascend/ascend-toolkit/8.5.0.alpha002/toolkit/toolchain/hcc/aarch64-target-linux-gnu/include/c++/7.3.0/aarch64-target-linux-gnu -I/usr/local/Ascend/ascend-toolkit/8.5.0.alpha002/toolkit/toolchain/hcc/aarch64-target-linux-gnu/include/c++/7.3.0/backward -fPIC -O2 -Xhost-end --npu-arch=dav-2201 -std=c++17 -MD -MT CMakeFiles/sync_barrier_elision_correctness.dir/support/correctness_runner.asc.o -MF CMakeFiles/sync_barrier_elision_correctness.dir/support/correctness_runner.asc.o.d -o CMakeFiles/sync_barrier_elision_correctness.dir/support/correctness_runner.asc.o -c -x asc /home/data4t2/lelinfeng/cann-route-w4-3-sync-barrier-elision/本地实验/SYNC-BARRIER-ELISION-X/V001/support/correctness_runner.asc
/home/data4t2/lelinfeng/cann-route-w4-3-sync-barrier-elision/本地实验/SYNC-BARRIER-ELISION-X/V001/support/correctness_runner.asc:113:9: error: cannot initialize a parameter of type 'uint8_t *' (aka 'unsigned char *') with an lvalue of type 'void *'
        dx, dataGroup, dr, dataGroup, dg, paramGroup, db, paramGroup, dp, dataGroup,
        ^~
/home/data4t2/lelinfeng/cann-route-w4-3-sync-barrier-elision/本地实验/SYNC-BARRIER-ELISION-X/V001/support/../parent.asc:3479:36: note: passing argument to parameter 'x' here
extern "C" void run_kernel(GM_ADDR x, const TensorGroupInfo& info_x, GM_ADDR residual, const TensorGroupInfo& info_residual, GM_ADDR gamma, const TensorGroupInfo& info_gamma, GM_ADDR bias, const TensorGroupInfo& info_bias, GM_ADDR output, const TensorGroupInfo& info_output, int64_t availableCoreNum, aclrtStream stream,
                                   ^
/home/data4t2/lelinfeng/cann-route-w4-3-sync-barrier-elision/本地实验/SYNC-BARRIER-ELISION-X/V001/support/correctness_runner.asc:117:9: error: cannot initialize a parameter of type 'uint8_t *' (aka 'unsigned char *') with an lvalue of type 'void *'
        dx, dataGroup, dr, dataGroup, dg, paramGroup, db, paramGroup, dc, dataGroup,
        ^~
/home/data4t2/lelinfeng/cann-route-w4-3-sync-barrier-elision/本地实验/SYNC-BARRIER-ELISION-X/V001/support/../submission.asc:3478:36: note: passing argument to parameter 'x' here
extern "C" void run_kernel(GM_ADDR x, const TensorGroupInfo& info_x, GM_ADDR residual, const TensorGroupInfo& info_residual, GM_ADDR gamma, const TensorGroupInfo& info_gamma, GM_ADDR bias, const TensorGroupInfo& info_bias, GM_ADDR output, const TensorGroupInfo& info_output, int64_t availableCoreNum, aclrtStream stream,
                                   ^
2 errors generated.
gmake[3]: *** [CMakeFiles/sync_barrier_elision_correctness.dir/build.make:76: CMakeFiles/sync_barrier_elision_correctness.dir/support/correctness_runner.asc.o] Error 1
gmake[3]: Leaving directory '/home/data4t2/lelinfeng/server_runs/SYNC-BARRIER-ELISION-X/V001/correctness-build-20261006T223000Z-retry1/build'
gmake[2]: *** [CMakeFiles/Makefile2:111: CMakeFiles/sync_barrier_elision_correctness.dir/all] Error 2
gmake[2]: Leaving directory '/home/data4t2/lelinfeng/server_runs/SYNC-BARRIER-ELISION-X/V001/correctness-build-20261006T223000Z-retry1/build'
gmake[1]: *** [CMakeFiles/Makefile2:118: CMakeFiles/sync_barrier_elision_correctness.dir/rule] Error 2
gmake[1]: Leaving directory '/home/data4t2/lelinfeng/server_runs/SYNC-BARRIER-ELISION-X/V001/correctness-build-20261006T223000Z-retry1/build'
gmake: *** [Makefile:137: sync_barrier_elision_correctness] Error 2
