ROUTE=SYNC-BARRIER-ELISION-X
REVISION=V001
PARENT=R31B-V011
DEVICE=3
SHAPE=8x2048
DTYPE=fp16
REPEAT=1
HOST=hwnput3
UTC_START=2026-10-06T22:41:32Z
	NPU ID                         : 3
	Chip Count                     : 1

	DDR Capacity(MB)               : 0
	DDR Usage Rate(%)              : 0
	DDR Hugepages Total(page)      : 0
	DDR Hugepages Usage Rate(%)    : 0
	HBM Capacity(MB)               : 65536
	HBM Usage Rate(%)              : 91
	Aicore Usage Rate(%)           : 0
	Aivector Usage Rate(%)         : 0
	Aicpu Usage Rate(%)            : 0
	Ctrlcpu Usage Rate(%)          : 7
	DDR Bandwidth Usage Rate(%)    : 0
	HBM Bandwidth Usage Rate(%)    : 0
	Chip ID                        : 0

LOCAL_SAMPLE case=fp16-8x2048 pair=01 order=P,C parent_device_us=7.8000 candidate_device_us=6.3800 parent_wall_us=377.9540 candidate_wall_us=314.8750 paired_delta_us=-1.4200
LOCAL_SAMPLE case=fp16-8x2048 pair=02 order=C,P parent_device_us=5.5800 candidate_device_us=5.4600 parent_wall_us=291.1660 candidate_wall_us=213.4370 paired_delta_us=-0.1200
LOCAL_SAMPLE case=fp16-8x2048 pair=03 order=P,C parent_device_us=6.4400 candidate_device_us=4.9000 parent_wall_us=323.2950 candidate_wall_us=271.7660 paired_delta_us=-1.5400
LOCAL_SAMPLE case=fp16-8x2048 pair=04 order=C,P parent_device_us=4.8000 candidate_device_us=4.5800 parent_wall_us=286.5160 candidate_wall_us=284.6160 paired_delta_us=-0.2200
LOCAL_SAMPLE case=fp16-8x2048 pair=05 order=P,C parent_device_us=6.5000 candidate_device_us=5.5000 parent_wall_us=286.9060 candidate_wall_us=313.6660 paired_delta_us=-1.0000
LOCAL_SAMPLE case=fp16-8x2048 pair=06 order=C,P parent_device_us=5.5800 candidate_device_us=5.4400 parent_wall_us=298.6860 candidate_wall_us=279.1960 paired_delta_us=-0.1400
LOCAL_SAMPLE case=fp16-8x2048 pair=07 order=P,C parent_device_us=4.5400 candidate_device_us=4.6200 parent_wall_us=300.3150 candidate_wall_us=199.8270 paired_delta_us=0.0800
LOCAL_SAMPLE case=fp16-8x2048 pair=08 order=C,P parent_device_us=5.5600 candidate_device_us=160.0000 parent_wall_us=150.3670 candidate_wall_us=227.9270 paired_delta_us=154.4400
LOCAL_SAMPLE case=fp16-8x2048 pair=09 order=P,C parent_device_us=4.6000 candidate_device_us=5.1800 parent_wall_us=313.9260 candidate_wall_us=293.5050 paired_delta_us=0.5800
LOCAL_SAMPLE case=fp16-8x2048 pair=10 order=C,P parent_device_us=5.2400 candidate_device_us=3.7200 parent_wall_us=134.6380 candidate_wall_us=148.0280 paired_delta_us=-1.5200
LOCAL_SAMPLE case=fp16-8x2048 pair=11 order=P,C parent_device_us=6.7800 candidate_device_us=5.4000 parent_wall_us=75.9690 candidate_wall_us=203.8870 paired_delta_us=-1.3800
LOCAL_SAMPLE case=fp16-8x2048 pair=12 order=C,P parent_device_us=5.0000 candidate_device_us=5.2400 parent_wall_us=199.4770 candidate_wall_us=85.7090 paired_delta_us=0.2400
LOCAL_SAMPLE case=fp16-8x2048 pair=13 order=P,C parent_device_us=4.1600 candidate_device_us=5.0200 parent_wall_us=284.1160 candidate_wall_us=149.5070 paired_delta_us=0.8600
LOCAL_SAMPLE case=fp16-8x2048 pair=14 order=C,P parent_device_us=4.8400 candidate_device_us=5.2800 parent_wall_us=87.9090 candidate_wall_us=159.3180 paired_delta_us=0.4400
LOCAL_SAMPLE case=fp16-8x2048 pair=15 order=P,C parent_device_us=4.3800 candidate_device_us=4.8600 parent_wall_us=183.4280 candidate_wall_us=253.1060 paired_delta_us=0.4800
LOCAL_SAMPLE case=fp16-8x2048 pair=16 order=C,P parent_device_us=4.6800 candidate_device_us=3.7400 parent_wall_us=279.9460 candidate_wall_us=276.7060 paired_delta_us=-0.9400
LOCAL_SAMPLE case=fp16-8x2048 pair=17 order=P,C parent_device_us=4.0000 candidate_device_us=5.1600 parent_wall_us=137.5080 candidate_wall_us=167.6980 paired_delta_us=1.1600
LOCAL_SAMPLE case=fp16-8x2048 pair=18 order=C,P parent_device_us=4.4600 candidate_device_us=5.6200 parent_wall_us=315.5250 candidate_wall_us=242.6460 paired_delta_us=1.1600
LOCAL_SAMPLE case=fp16-8x2048 pair=19 order=P,C parent_device_us=4.2800 candidate_device_us=4.9800 parent_wall_us=164.0980 candidate_wall_us=126.8980 paired_delta_us=0.7000
LOCAL_SAMPLE case=fp16-8x2048 pair=20 order=C,P parent_device_us=4.4200 candidate_device_us=4.3200 parent_wall_us=163.1070 candidate_wall_us=116.7380 paired_delta_us=-0.1000
LOCAL_SAMPLE case=fp16-8x2048 pair=21 order=P,C parent_device_us=3.7400 candidate_device_us=4.5200 parent_wall_us=142.6480 candidate_wall_us=110.3180 paired_delta_us=0.7800
LOCAL_SAMPLE case=fp16-8x2048 pair=22 order=C,P parent_device_us=13.3000 candidate_device_us=3.7800 parent_wall_us=68.2990 candidate_wall_us=115.8490 paired_delta_us=-9.5200
LOCAL_SAMPLE case=fp16-8x2048 pair=23 order=P,C parent_device_us=4.2400 candidate_device_us=5.5800 parent_wall_us=277.9160 candidate_wall_us=322.9660 paired_delta_us=1.3400
LOCAL_SAMPLE case=fp16-8x2048 pair=24 order=C,P parent_device_us=7.5000 candidate_device_us=5.6000 parent_wall_us=330.6250 candidate_wall_us=338.9650 paired_delta_us=-1.9000
LOCAL_SAMPLE case=fp16-8x2048 pair=25 order=P,C parent_device_us=4.4200 candidate_device_us=6.9400 parent_wall_us=187.8270 candidate_wall_us=223.1370 paired_delta_us=2.5200
LOCAL_SAMPLE case=fp16-8x2048 pair=26 order=C,P parent_device_us=204.0000 candidate_device_us=4.8800 parent_wall_us=272.9260 candidate_wall_us=146.7880 paired_delta_us=-199.1200
LOCAL_SAMPLE case=fp16-8x2048 pair=27 order=P,C parent_device_us=5.7800 candidate_device_us=4.8600 parent_wall_us=250.5770 candidate_wall_us=212.9570 paired_delta_us=-0.9200
LOCAL_SAMPLE case=fp16-8x2048 pair=28 order=C,P parent_device_us=6.0200 candidate_device_us=4.2000 parent_wall_us=257.7660 candidate_wall_us=80.4690 paired_delta_us=-1.8200
LOCAL_SAMPLE case=fp16-8x2048 pair=29 order=P,C parent_device_us=6.6200 candidate_device_us=5.5000 parent_wall_us=329.1150 candidate_wall_us=468.5230 paired_delta_us=-1.1200
LOCAL_SAMPLE case=fp16-8x2048 pair=30 order=C,P parent_device_us=20.9400 candidate_device_us=186.4600 parent_wall_us=65.1790 candidate_wall_us=246.7770 paired_delta_us=165.5200
LOCAL_SAMPLE case=fp16-8x2048 pair=31 order=P,C parent_device_us=3.7800 candidate_device_us=5.0200 parent_wall_us=234.1670 candidate_wall_us=297.8260 paired_delta_us=1.2400
LOCAL_STATS case=fp16-8x2048 metric=device_us binary=PARENT_R31B_V011 n=31 median=5.0000 mean=12.3865 stdev=35.7152 cv=2.88341 min=3.7400 max=204.0000 mad=0.7600 p10=4.1600 p90=7.8000
LOCAL_STATS case=fp16-8x2048 metric=device_us binary=CANDIDATE_V001 n=31 median=5.1600 mean=15.8948 stdev=42.1456 cv=2.65153 min=3.7200 max=186.4600 mad=0.3400 p10=4.2000 p90=6.3800
LOCAL_STATS case=fp16-8x2048 metric=wall_us binary=PARENT_R31B_V011 n=31 median=257.7660 mean=228.1257 stdev=89.0595 cv=0.39040 min=65.1790 max=377.9540 mad=65.5290 p10=87.9090 p90=323.2950
LOCAL_STATS case=fp16-8x2048 metric=wall_us binary=CANDIDATE_V001 n=31 median=223.1370 mean=222.3752 stdev=88.3080 cv=0.39711 min=80.4690 max=468.5230 mad=70.3680 p10=115.8490 p90=314.8750
LOCAL_STATS case=fp16-8x2048 metric=paired_delta_us binary=CANDIDATE_MINUS_PARENT n=31 median=-0.1000 mean=3.5084 stdev=54.9670 cv=15.66731 min=-199.1200 max=165.5200 mad=1.0200 p10=-1.8200 p90=1.3400
LOCAL_RESULT route=SYNC-BARRIER-ELISION-X revision=V001 device=3 shape=8x2048 dtype=fp16 samples=31 parent_median_us=5.0000 candidate_median_us=5.1600 local_delta_us=-0.1000 local_score_percent=2.000006 candidate_minus_parent_percent=-2.000006
CORRECTNESS_SUMMARY result=PASS cases=5
RUNNER_RC=0
UTC_END=2026-10-06T22:41:39Z
	NPU ID                         : 3
	Chip Count                     : 1

	DDR Capacity(MB)               : 0
	DDR Usage Rate(%)              : 0
	DDR Hugepages Total(page)      : 0
	DDR Hugepages Usage Rate(%)    : 0
	HBM Capacity(MB)               : 65536
	HBM Usage Rate(%)              : 91
	Aicore Usage Rate(%)           : 0
	Aivector Usage Rate(%)         : 0
	Aicpu Usage Rate(%)            : 0
	Ctrlcpu Usage Rate(%)          : 4
	DDR Bandwidth Usage Rate(%)    : 0
	HBM Bandwidth Usage Rate(%)    : 0
	Chip ID                        : 0

