W5-R01 CROSSROW-EPI-PROLOGUE-X V002 R1/Zeno current-context doctor
SCOPE: /home/data4t2/lelinfeng/cann-w5-r01-crossrow only; no SSH; no other W5 worktree, shared tooling, Main-1, or Champion inspected
HOSTNAME: hwnput3
PWD: /home/data4t2/lelinfeng/cann-w5-r01-crossrow
BRANCH: research/w5-r01-crossrow-epi-prologue
HEAD: 4aa381f60bbc406e52cce378fab088f232545297
REMOTE_HEAD: 4aa381f60bbc406e52cce378fab088f232545297
BISHENG: not found (command -v bisheng rc=1)
TOOLKIT: /usr/local/Ascend/ascend-toolkit/latest present; /usr/local/Ascend/ascend-toolkit/8.5.0.alpha002 present
CANN_ENV: ASCEND_HOME_PATH, ASCEND_TOOLKIT_HOME, and CANN_HOME unset
NPU_SMI: /usr/local/sbin/npu-smi; npu-smi info rc=0; 8 x 910B3 visible
NPU_SNAPSHOT: NPU0 HBM 3421/65536 MB no process; NPU1 3469/65536 MB no process; NPU2 3426/65536 MB no process; NPU3 3430/65536 MB no process; NPU4 59194/65536 MB VLLMEngineCor AICore 61%; NPU5 59733/65536 MB VLLMWorker_TP; NPU6 59731/65536 MB VLLMWorker_TP; NPU7 24790/65536 MB python3 AICore 6%
RUNNER_PATH: 本地实验/CROSSROW-EPI-PROLOGUE-X/V001/support/build/crossrow_v001_paired_runner
RUNNER_AVAILABLE: YES; current SHA256 5210262b45c50878c24def38e108386b45bd017086a61a1293ab290d171a4d5a
V002_RECORDED_RUNNER_SHA256: 9d1274ae18dc910251ee4c6ed140bc3d240827836c6b69cfac5703e4e5a2a100
V002_PARENT_SOURCE_SHA256: 3698c229dfb6a4b336e7ee0506eb1ceaf898c1c37c937c0af7d3eef71fbc685d
V002_CANDIDATE_SOURCE_SHA256: 426489bfdc63441f2fd179fdff176875b24d815e6e0420343aeed0b0dab7933f
V002_PROTOCOL: requested 45 warmup, 21 paired samples, device-event, alternating PC/CP; not started
LEASE: no current R1/V002 lease file or authorization was visible; only prior blocker/doctor evidence exists in V002
DEVICE_GATE: NPU0-3 have >100 MB free, but no legal authorized lease; NPU4-7 are occupied
ACTION: doctor only; no Runner invocation, no new raw/load snapshot, no compile, no correctness, no Local
BUILD: prior V002 build PASS; unchanged in this action
CORRECTNESS: prior V002 target and M=1 PASS; unchanged in this action
LOCAL: prior raw remains LOCAL_NO_PROMOTION / MEASUREMENT_CONTAMINATED; no new result
NEXT_ACTION: obtain a real authorized device lease and restore/verify the exact V002 runner identity before one and only one clean paired Local; no V003
