LOCAL_START_UTC=2026-10-07T14:16:43.562858343Z
HOST=hwnput3
DEVICE=4
DTYPE=FP32
WARMUP=45
SAMPLES=31
BLOCKS=2
BATCH_N=64
PAIRS=6
C15=EXCLUDED
RUN_START_UTC=2026-10-07T14:16:43.576631839Z
KIND=paired WIDTH=64 PAIR=1 SIDE=parent BINARY=本地实验/R-W4-4/V034/partial-ranking/stage/build/clx_ref_parent_probe PREFIX=本地实验/R-W4-4/V034/partial-ranking/parent-paired-r128-w64-fp32-batch64-pair1
REF_HARNESS device=4 shape=128x64 dtype=0 warmup=45 samples=31 blocks=2 bad=0
RUN_EXIT_CODE=0
RUN_END_UTC=2026-10-07T14:16:50.555273553Z
RUN_START_UTC=2026-10-07T14:16:50.557703996Z
KIND=paired WIDTH=64 PAIR=1 SIDE=candidate BINARY=本地实验/R-W4-4/V034/partial-ranking/stage/build/clx_ref_candidate_probe PREFIX=本地实验/R-W4-4/V034/partial-ranking/candidate-paired-r128-w64-fp32-batch64-pair1
REF_HARNESS device=4 shape=128x64 dtype=0 warmup=45 samples=31 blocks=2 bad=0
RUN_EXIT_CODE=0
RUN_END_UTC=2026-10-07T14:16:57.316977388Z
RUN_START_UTC=2026-10-07T14:16:57.319690273Z
KIND=paired WIDTH=64 PAIR=2 SIDE=candidate BINARY=本地实验/R-W4-4/V034/partial-ranking/stage/build/clx_ref_candidate_probe PREFIX=本地实验/R-W4-4/V034/partial-ranking/candidate-paired-r128-w64-fp32-batch64-pair2
REF_HARNESS device=4 shape=128x64 dtype=0 warmup=45 samples=31 blocks=2 bad=0
RUN_EXIT_CODE=0
RUN_END_UTC=2026-10-07T14:17:04.059409689Z
RUN_START_UTC=2026-10-07T14:17:04.062403645Z
KIND=paired WIDTH=64 PAIR=2 SIDE=parent BINARY=本地实验/R-W4-4/V034/partial-ranking/stage/build/clx_ref_parent_probe PREFIX=本地实验/R-W4-4/V034/partial-ranking/parent-paired-r128-w64-fp32-batch64-pair2
REF_HARNESS device=4 shape=128x64 dtype=0 warmup=45 samples=31 blocks=2 bad=0
RUN_EXIT_CODE=0
RUN_END_UTC=2026-10-07T14:17:11.400634450Z
RUN_START_UTC=2026-10-07T14:17:11.403494265Z
KIND=paired WIDTH=64 PAIR=3 SIDE=parent BINARY=本地实验/R-W4-4/V034/partial-ranking/stage/build/clx_ref_parent_probe PREFIX=本地实验/R-W4-4/V034/partial-ranking/parent-paired-r128-w64-fp32-batch64-pair3
REF_HARNESS device=4 shape=128x64 dtype=0 warmup=45 samples=31 blocks=2 bad=0
RUN_EXIT_CODE=0
RUN_END_UTC=2026-10-07T14:17:17.751511241Z
RUN_START_UTC=2026-10-07T14:17:17.753917754Z
KIND=paired WIDTH=64 PAIR=3 SIDE=candidate BINARY=本地实验/R-W4-4/V034/partial-ranking/stage/build/clx_ref_candidate_probe PREFIX=本地实验/R-W4-4/V034/partial-ranking/candidate-paired-r128-w64-fp32-batch64-pair3
REF_HARNESS device=4 shape=128x64 dtype=0 warmup=45 samples=31 blocks=2 bad=0
RUN_EXIT_CODE=0
RUN_END_UTC=2026-10-07T14:17:24.113394373Z
RUN_START_UTC=2026-10-07T14:17:24.116964992Z
KIND=paired WIDTH=64 PAIR=4 SIDE=candidate BINARY=本地实验/R-W4-4/V034/partial-ranking/stage/build/clx_ref_candidate_probe PREFIX=本地实验/R-W4-4/V034/partial-ranking/candidate-paired-r128-w64-fp32-batch64-pair4
REF_HARNESS device=4 shape=128x64 dtype=0 warmup=45 samples=31 blocks=2 bad=0
RUN_EXIT_CODE=0
RUN_END_UTC=2026-10-07T14:17:31.642436140Z
RUN_START_UTC=2026-10-07T14:17:31.645140965Z
KIND=paired WIDTH=64 PAIR=4 SIDE=parent BINARY=本地实验/R-W4-4/V034/partial-ranking/stage/build/clx_ref_parent_probe PREFIX=本地实验/R-W4-4/V034/partial-ranking/parent-paired-r128-w64-fp32-batch64-pair4
REF_HARNESS device=4 shape=128x64 dtype=0 warmup=45 samples=31 blocks=2 bad=0
RUN_EXIT_CODE=0
RUN_END_UTC=2026-10-07T14:17:38.184318341Z
RUN_START_UTC=2026-10-07T14:17:38.186591644Z
KIND=paired WIDTH=64 PAIR=5 SIDE=parent BINARY=本地实验/R-W4-4/V034/partial-ranking/stage/build/clx_ref_parent_probe PREFIX=本地实验/R-W4-4/V034/partial-ranking/parent-paired-r128-w64-fp32-batch64-pair5
REF_HARNESS device=4 shape=128x64 dtype=0 warmup=45 samples=31 blocks=2 bad=0
RUN_EXIT_CODE=0
RUN_END_UTC=2026-10-07T14:17:44.539795287Z
RUN_START_UTC=2026-10-07T14:17:44.543456377Z
KIND=paired WIDTH=64 PAIR=5 SIDE=candidate BINARY=本地实验/R-W4-4/V034/partial-ranking/stage/build/clx_ref_candidate_probe PREFIX=本地实验/R-W4-4/V034/partial-ranking/candidate-paired-r128-w64-fp32-batch64-pair5
REF_HARNESS device=4 shape=128x64 dtype=0 warmup=45 samples=31 blocks=2 bad=0
RUN_EXIT_CODE=0
RUN_END_UTC=2026-10-07T14:17:51.697786547Z
RUN_START_UTC=2026-10-07T14:17:51.704371853Z
KIND=paired WIDTH=64 PAIR=6 SIDE=candidate BINARY=本地实验/R-W4-4/V034/partial-ranking/stage/build/clx_ref_candidate_probe PREFIX=本地实验/R-W4-4/V034/partial-ranking/candidate-paired-r128-w64-fp32-batch64-pair6
REF_HARNESS device=4 shape=128x64 dtype=0 warmup=45 samples=31 blocks=2 bad=0
RUN_EXIT_CODE=0
RUN_END_UTC=2026-10-07T14:17:58.283893241Z
RUN_START_UTC=2026-10-07T14:17:58.287195249Z
KIND=paired WIDTH=64 PAIR=6 SIDE=parent BINARY=本地实验/R-W4-4/V034/partial-ranking/stage/build/clx_ref_parent_probe PREFIX=本地实验/R-W4-4/V034/partial-ranking/parent-paired-r128-w64-fp32-batch64-pair6
REF_HARNESS device=4 shape=128x64 dtype=0 warmup=45 samples=31 blocks=2 bad=0
RUN_EXIT_CODE=0
RUN_END_UTC=2026-10-07T14:18:05.018592472Z
RUN_START_UTC=2026-10-07T14:18:05.021154066Z
KIND=paired WIDTH=72 PAIR=1 SIDE=parent BINARY=本地实验/R-W4-4/V034/partial-ranking/stage/build/clx_ref_parent_probe PREFIX=本地实验/R-W4-4/V034/partial-ranking/parent-paired-r128-w72-fp32-batch64-pair1
REF_HARNESS device=4 shape=128x72 dtype=0 warmup=45 samples=31 blocks=2 bad=0
RUN_EXIT_CODE=0
RUN_END_UTC=2026-10-07T14:18:12.402379057Z
RUN_START_UTC=2026-10-07T14:18:12.407521545Z
KIND=paired WIDTH=72 PAIR=1 SIDE=candidate BINARY=本地实验/R-W4-4/V034/partial-ranking/stage/build/clx_ref_candidate_probe PREFIX=本地实验/R-W4-4/V034/partial-ranking/candidate-paired-r128-w72-fp32-batch64-pair1
REF_HARNESS device=4 shape=128x72 dtype=0 warmup=45 samples=31 blocks=2 bad=0
RUN_EXIT_CODE=0
RUN_END_UTC=2026-10-07T14:18:19.151877370Z
RUN_START_UTC=2026-10-07T14:18:19.155312139Z
KIND=paired WIDTH=72 PAIR=2 SIDE=candidate BINARY=本地实验/R-W4-4/V034/partial-ranking/stage/build/clx_ref_candidate_probe PREFIX=本地实验/R-W4-4/V034/partial-ranking/candidate-paired-r128-w72-fp32-batch64-pair2
REF_HARNESS device=4 shape=128x72 dtype=0 warmup=45 samples=31 blocks=2 bad=0
RUN_EXIT_CODE=0
RUN_END_UTC=2026-10-07T14:18:26.120103237Z
RUN_START_UTC=2026-10-07T14:18:26.122492460Z
KIND=paired WIDTH=72 PAIR=2 SIDE=parent BINARY=本地实验/R-W4-4/V034/partial-ranking/stage/build/clx_ref_parent_probe PREFIX=本地实验/R-W4-4/V034/partial-ranking/parent-paired-r128-w72-fp32-batch64-pair2
REF_HARNESS device=4 shape=128x72 dtype=0 warmup=45 samples=31 blocks=2 bad=0
RUN_EXIT_CODE=0
RUN_END_UTC=2026-10-07T14:18:34.063324857Z
RUN_START_UTC=2026-10-07T14:18:34.066908557Z
KIND=paired WIDTH=72 PAIR=3 SIDE=parent BINARY=本地实验/R-W4-4/V034/partial-ranking/stage/build/clx_ref_parent_probe PREFIX=本地实验/R-W4-4/V034/partial-ranking/parent-paired-r128-w72-fp32-batch64-pair3
REF_HARNESS device=4 shape=128x72 dtype=0 warmup=45 samples=31 blocks=2 bad=0
RUN_EXIT_CODE=0
RUN_END_UTC=2026-10-07T14:18:41.746396696Z
RUN_START_UTC=2026-10-07T14:18:41.749125801Z
KIND=paired WIDTH=72 PAIR=3 SIDE=candidate BINARY=本地实验/R-W4-4/V034/partial-ranking/stage/build/clx_ref_candidate_probe PREFIX=本地实验/R-W4-4/V034/partial-ranking/candidate-paired-r128-w72-fp32-batch64-pair3
REF_HARNESS device=4 shape=128x72 dtype=0 warmup=45 samples=31 blocks=2 bad=0
RUN_EXIT_CODE=0
RUN_END_UTC=2026-10-07T14:18:48.500254892Z
RUN_START_UTC=2026-10-07T14:18:48.503666291Z
KIND=paired WIDTH=72 PAIR=4 SIDE=candidate BINARY=本地实验/R-W4-4/V034/partial-ranking/stage/build/clx_ref_candidate_probe PREFIX=本地实验/R-W4-4/V034/partial-ranking/candidate-paired-r128-w72-fp32-batch64-pair4
REF_HARNESS device=4 shape=128x72 dtype=0 warmup=45 samples=31 blocks=2 bad=0
RUN_EXIT_CODE=0
RUN_END_UTC=2026-10-07T14:18:55.031212748Z
RUN_START_UTC=2026-10-07T14:18:55.033585272Z
KIND=paired WIDTH=72 PAIR=4 SIDE=parent BINARY=本地实验/R-W4-4/V034/partial-ranking/stage/build/clx_ref_parent_probe PREFIX=本地实验/R-W4-4/V034/partial-ranking/parent-paired-r128-w72-fp32-batch64-pair4
REF_HARNESS device=4 shape=128x72 dtype=0 warmup=45 samples=31 blocks=2 bad=0
RUN_EXIT_CODE=0
RUN_END_UTC=2026-10-07T14:19:02.952334582Z
RUN_START_UTC=2026-10-07T14:19:02.954776675Z
KIND=paired WIDTH=72 PAIR=5 SIDE=parent BINARY=本地实验/R-W4-4/V034/partial-ranking/stage/build/clx_ref_parent_probe PREFIX=本地实验/R-W4-4/V034/partial-ranking/parent-paired-r128-w72-fp32-batch64-pair5
REF_HARNESS device=4 shape=128x72 dtype=0 warmup=45 samples=31 blocks=2 bad=0
RUN_EXIT_CODE=0
RUN_END_UTC=2026-10-07T14:19:10.269569285Z
RUN_START_UTC=2026-10-07T14:19:10.273010364Z
KIND=paired WIDTH=72 PAIR=5 SIDE=candidate BINARY=本地实验/R-W4-4/V034/partial-ranking/stage/build/clx_ref_candidate_probe PREFIX=本地实验/R-W4-4/V034/partial-ranking/candidate-paired-r128-w72-fp32-batch64-pair5
REF_HARNESS device=4 shape=128x72 dtype=0 warmup=45 samples=31 blocks=2 bad=0
RUN_EXIT_CODE=0
RUN_END_UTC=2026-10-07T14:19:17.217827251Z
RUN_START_UTC=2026-10-07T14:19:17.220739677Z
KIND=paired WIDTH=72 PAIR=6 SIDE=candidate BINARY=本地实验/R-W4-4/V034/partial-ranking/stage/build/clx_ref_candidate_probe PREFIX=本地实验/R-W4-4/V034/partial-ranking/candidate-paired-r128-w72-fp32-batch64-pair6
REF_HARNESS device=4 shape=128x72 dtype=0 warmup=45 samples=31 blocks=2 bad=0
RUN_EXIT_CODE=0
RUN_END_UTC=2026-10-07T14:19:23.981284656Z
RUN_START_UTC=2026-10-07T14:19:23.984223922Z
KIND=paired WIDTH=72 PAIR=6 SIDE=parent BINARY=本地实验/R-W4-4/V034/partial-ranking/stage/build/clx_ref_parent_probe PREFIX=本地实验/R-W4-4/V034/partial-ranking/parent-paired-r128-w72-fp32-batch64-pair6
REF_HARNESS device=4 shape=128x72 dtype=0 warmup=45 samples=31 blocks=2 bad=0
RUN_EXIT_CODE=0
RUN_END_UTC=2026-10-07T14:19:31.726707022Z
RUN_START_UTC=2026-10-07T14:19:31.729366716Z
KIND=paired WIDTH=80 PAIR=1 SIDE=parent BINARY=本地实验/R-W4-4/V034/partial-ranking/stage/build/clx_ref_parent_probe PREFIX=本地实验/R-W4-4/V034/partial-ranking/parent-paired-r128-w80-fp32-batch64-pair1
REF_HARNESS device=4 shape=128x80 dtype=0 warmup=45 samples=31 blocks=2 bad=0
RUN_EXIT_CODE=0
RUN_END_UTC=2026-10-07T14:19:38.471548921Z
RUN_START_UTC=2026-10-07T14:19:38.474452357Z
KIND=paired WIDTH=80 PAIR=1 SIDE=candidate BINARY=本地实验/R-W4-4/V034/partial-ranking/stage/build/clx_ref_candidate_probe PREFIX=本地实验/R-W4-4/V034/partial-ranking/candidate-paired-r128-w80-fp32-batch64-pair1
REF_HARNESS device=4 shape=128x80 dtype=0 warmup=45 samples=31 blocks=2 bad=0
RUN_EXIT_CODE=0
RUN_END_UTC=2026-10-07T14:19:45.229390841Z
RUN_START_UTC=2026-10-07T14:19:45.232034976Z
KIND=paired WIDTH=80 PAIR=2 SIDE=candidate BINARY=本地实验/R-W4-4/V034/partial-ranking/stage/build/clx_ref_candidate_probe PREFIX=本地实验/R-W4-4/V034/partial-ranking/candidate-paired-r128-w80-fp32-batch64-pair2
REF_HARNESS device=4 shape=128x80 dtype=0 warmup=45 samples=31 blocks=2 bad=0
RUN_EXIT_CODE=0
RUN_END_UTC=2026-10-07T14:19:52.382913055Z
RUN_START_UTC=2026-10-07T14:19:52.386018402Z
KIND=paired WIDTH=80 PAIR=2 SIDE=parent BINARY=本地实验/R-W4-4/V034/partial-ranking/stage/build/clx_ref_parent_probe PREFIX=本地实验/R-W4-4/V034/partial-ranking/parent-paired-r128-w80-fp32-batch64-pair2
REF_HARNESS device=4 shape=128x80 dtype=0 warmup=45 samples=31 blocks=2 bad=0
RUN_EXIT_CODE=0
RUN_END_UTC=2026-10-07T14:19:59.142277099Z
RUN_START_UTC=2026-10-07T14:19:59.145755519Z
KIND=paired WIDTH=80 PAIR=3 SIDE=parent BINARY=本地实验/R-W4-4/V034/partial-ranking/stage/build/clx_ref_parent_probe PREFIX=本地实验/R-W4-4/V034/partial-ranking/parent-paired-r128-w80-fp32-batch64-pair3
REF_HARNESS device=4 shape=128x80 dtype=0 warmup=45 samples=31 blocks=2 bad=0
RUN_EXIT_CODE=0
RUN_END_UTC=2026-10-07T14:20:07.259998701Z
RUN_START_UTC=2026-10-07T14:20:07.262517104Z
KIND=paired WIDTH=80 PAIR=3 SIDE=candidate BINARY=本地实验/R-W4-4/V034/partial-ranking/stage/build/clx_ref_candidate_probe PREFIX=本地实验/R-W4-4/V034/partial-ranking/candidate-paired-r128-w80-fp32-batch64-pair3
REF_HARNESS device=4 shape=128x80 dtype=0 warmup=45 samples=31 blocks=2 bad=0
RUN_EXIT_CODE=0
RUN_END_UTC=2026-10-07T14:20:14.201497789Z
RUN_START_UTC=2026-10-07T14:20:14.204227194Z
KIND=paired WIDTH=80 PAIR=4 SIDE=candidate BINARY=本地实验/R-W4-4/V034/partial-ranking/stage/build/clx_ref_candidate_probe PREFIX=本地实验/R-W4-4/V034/partial-ranking/candidate-paired-r128-w80-fp32-batch64-pair4
REF_HARNESS device=4 shape=128x80 dtype=0 warmup=45 samples=31 blocks=2 bad=0
RUN_EXIT_CODE=0
RUN_END_UTC=2026-10-07T14:20:20.953789399Z
RUN_START_UTC=2026-10-07T14:20:20.956440413Z
KIND=paired WIDTH=80 PAIR=4 SIDE=parent BINARY=本地实验/R-W4-4/V034/partial-ranking/stage/build/clx_ref_parent_probe PREFIX=本地实验/R-W4-4/V034/partial-ranking/parent-paired-r128-w80-fp32-batch64-pair4
REF_HARNESS device=4 shape=128x80 dtype=0 warmup=45 samples=31 blocks=2 bad=0
RUN_EXIT_CODE=0
RUN_END_UTC=2026-10-07T14:20:28.696955657Z
RUN_START_UTC=2026-10-07T14:20:28.699687472Z
KIND=paired WIDTH=80 PAIR=5 SIDE=parent BINARY=本地实验/R-W4-4/V034/partial-ranking/stage/build/clx_ref_parent_probe PREFIX=本地实验/R-W4-4/V034/partial-ranking/parent-paired-r128-w80-fp32-batch64-pair5
REF_HARNESS device=4 shape=128x80 dtype=0 warmup=45 samples=31 blocks=2 bad=0
RUN_EXIT_CODE=0
RUN_END_UTC=2026-10-07T14:20:35.042180450Z
RUN_START_UTC=2026-10-07T14:20:35.046408884Z
KIND=paired WIDTH=80 PAIR=5 SIDE=candidate BINARY=本地实验/R-W4-4/V034/partial-ranking/stage/build/clx_ref_candidate_probe PREFIX=本地实验/R-W4-4/V034/partial-ranking/candidate-paired-r128-w80-fp32-batch64-pair5
REF_HARNESS device=4 shape=128x80 dtype=0 warmup=45 samples=31 blocks=2 bad=0
RUN_EXIT_CODE=0
RUN_END_UTC=2026-10-07T14:20:42.784136840Z
RUN_START_UTC=2026-10-07T14:20:42.787718159Z
KIND=paired WIDTH=80 PAIR=6 SIDE=candidate BINARY=本地实验/R-W4-4/V034/partial-ranking/stage/build/clx_ref_candidate_probe PREFIX=本地实验/R-W4-4/V034/partial-ranking/candidate-paired-r128-w80-fp32-batch64-pair6
REF_HARNESS device=4 shape=128x80 dtype=0 warmup=45 samples=31 blocks=2 bad=0
RUN_EXIT_CODE=0
RUN_END_UTC=2026-10-07T14:20:49.748021031Z
RUN_START_UTC=2026-10-07T14:20:49.750483995Z
KIND=paired WIDTH=80 PAIR=6 SIDE=parent BINARY=本地实验/R-W4-4/V034/partial-ranking/stage/build/clx_ref_parent_probe PREFIX=本地实验/R-W4-4/V034/partial-ranking/parent-paired-r128-w80-fp32-batch64-pair6
REF_HARNESS device=4 shape=128x80 dtype=0 warmup=45 samples=31 blocks=2 bad=0
RUN_EXIT_CODE=0
RUN_END_UTC=2026-10-07T14:20:56.490336914Z
LOCAL_EXIT_CODE=0
LOCAL_END_UTC=2026-10-07T14:20:56.493756203Z
