REVISION=V085
GATE=LOCAL
HOST=hwnput3
DEVICE=4
PARENT=R31B-V011
PARENT_SHA256=a8c19a1972207acc67e3fb0cd393cc70b0a4b183d1eaf5610edf80c2879b15e3
CANDIDATE_SHA256=2c2885e743b6979d9015f86de1fa40fd5bdace81df86f3c937f900ac0c76c4ef
DTYPE=FP32
SHAPES=128x1272,128x1280,128x1288
WARMUP=45
SAMPLES_PER_BLOCK=31
BLOCKS=2
GAP_SEC=0
BATCH_N=64
PAIRS_PER_SHAPE=6
ORDER=01:P,C;02:C,P;03:P,C;04:C,P;05:P,C;06:C,P
C15=EXCLUDED_KNOWN_PARENT_FAILURE
PARTIAL_CORRECTNESS=YES
LOCAL_SCORE_COMPARABLE_TO_OFFICIAL=NO
DEVICE_PRE=2026-10-08T04:14:02.003159572Z FREE_HBM=6344MB AICORE=0 AIVECTOR=0 EXISTING_PID=2999855_UNTOUCHED
START_UTC=2026-10-08T04:14:51.703098438Z
RESULT shape=128x1272 pair=01 side=parent rc=0 bad=0 max_abs=1.19209e-06 device_median_us=8.56938 device_mean_us=8.58627 device_stdev_us=0.761145 device_MAD_us=0.594062 device_CV=0.0886469 wall_median_us=10.7025 wall_mean_us=10.7391
RESULT shape=128x1272 pair=01 side=candidate rc=0 bad=0 max_abs=1.19209e-06 device_median_us=8.93688 device_mean_us=8.89557 device_stdev_us=0.732734 device_MAD_us=0.436407 device_CV=0.0823706 wall_median_us=11.0623 wall_mean_us=11.097
RESULT shape=128x1272 pair=02 side=candidate rc=0 bad=0 max_abs=1.19209e-06 device_median_us=8.5275 device_mean_us=8.51676 device_stdev_us=0.800808 device_MAD_us=0.639063 device_CV=0.0940273 wall_median_us=10.6468 wall_mean_us=10.655
RESULT shape=128x1272 pair=02 side=parent rc=0 bad=0 max_abs=1.19209e-06 device_median_us=8.6925 device_mean_us=8.68751 device_stdev_us=0.658752 device_MAD_us=0.393906 device_CV=0.0758276 wall_median_us=10.823 wall_mean_us=10.9696
RESULT shape=128x1272 pair=03 side=parent rc=0 bad=0 max_abs=1.19209e-06 device_median_us=8.52563 device_mean_us=8.55986 device_stdev_us=0.667364 device_MAD_us=0.445156 device_CV=0.0779644 wall_median_us=10.6798 wall_mean_us=10.6726
RESULT shape=128x1272 pair=03 side=candidate rc=0 bad=0 max_abs=1.19209e-06 device_median_us=8.69437 device_mean_us=8.63177 device_stdev_us=0.775838 device_MAD_us=0.592344 device_CV=0.0898816 wall_median_us=10.7607 wall_mean_us=10.819
RESULT shape=128x1272 pair=04 side=candidate rc=0 bad=0 max_abs=1.19209e-06 device_median_us=8.23813 device_mean_us=8.30356 device_stdev_us=0.896316 device_MAD_us=0.532969 device_CV=0.107944 wall_median_us=10.663 wall_mean_us=10.5897
RESULT shape=128x1272 pair=04 side=parent rc=0 bad=0 max_abs=1.19209e-06 device_median_us=8.92734 device_mean_us=9.16029 device_stdev_us=1.37784 device_MAD_us=0.446094 device_CV=0.150414 wall_median_us=11.2548 wall_mean_us=11.602
RESULT shape=128x1272 pair=05 side=parent rc=0 bad=0 max_abs=1.19209e-06 device_median_us=8.77047 device_mean_us=8.76999 device_stdev_us=0.804001 device_MAD_us=0.603906 device_CV=0.0916764 wall_median_us=11.0819 wall_mean_us=11.1644
RESULT shape=128x1272 pair=05 side=candidate rc=0 bad=0 max_abs=1.19209e-06 device_median_us=8.61188 device_mean_us=8.58028 device_stdev_us=0.847554 device_MAD_us=0.668906 device_CV=0.0987793 wall_median_us=11.0126 wall_mean_us=11.1767
RESULT shape=128x1272 pair=06 side=candidate rc=0 bad=0 max_abs=1.19209e-06 device_median_us=8.55375 device_mean_us=8.7026 device_stdev_us=0.785256 device_MAD_us=0.471875 device_CV=0.0902323 wall_median_us=11.078 wall_mean_us=11.1859
RESULT shape=128x1272 pair=06 side=parent rc=0 bad=0 max_abs=1.19209e-06 device_median_us=9.13953 device_mean_us=8.99048 device_stdev_us=0.943594 device_MAD_us=0.701563 device_CV=0.104955 wall_median_us=11.3813 wall_mean_us=11.5238
RESULT shape=128x1280 pair=01 side=parent rc=0 bad=0 max_abs=1.43051e-06 device_median_us=8.72359 device_mean_us=8.81355 device_stdev_us=1.103 device_MAD_us=0.651875 device_CV=0.125148 wall_median_us=11.397 wall_mean_us=11.1728
RESULT shape=128x1280 pair=01 side=candidate rc=0 bad=0 max_abs=1.43051e-06 device_median_us=8.10469 device_mean_us=8.25929 device_stdev_us=0.741226 device_MAD_us=0.506562 device_CV=0.0897445 wall_median_us=10.8651 wall_mean_us=11.0865
RESULT shape=128x1280 pair=02 side=candidate rc=0 bad=0 max_abs=1.43051e-06 device_median_us=8.67734 device_mean_us=8.80382 device_stdev_us=1.02466 device_MAD_us=0.738594 device_CV=0.116388 wall_median_us=10.5586 wall_mean_us=10.9344
RESULT shape=128x1280 pair=02 side=parent rc=0 bad=0 max_abs=1.43051e-06 device_median_us=8.37797 device_mean_us=8.35331 device_stdev_us=0.723352 device_MAD_us=0.431875 device_CV=0.0865947 wall_median_us=10.5083 wall_mean_us=10.6186
RESULT shape=128x1280 pair=03 side=parent rc=0 bad=0 max_abs=1.43051e-06 device_median_us=8.83109 device_mean_us=8.82594 device_stdev_us=0.859457 device_MAD_us=0.347344 device_CV=0.0973785 wall_median_us=10.4951 wall_mean_us=10.8568
RESULT shape=128x1280 pair=03 side=candidate rc=0 bad=0 max_abs=1.43051e-06 device_median_us=8.67953 device_mean_us=8.80754 device_stdev_us=1.12932 device_MAD_us=0.617813 device_CV=0.128222 wall_median_us=11.0065 wall_mean_us=11.1574
RESULT shape=128x1280 pair=04 side=candidate rc=0 bad=0 max_abs=1.43051e-06 device_median_us=8.55859 device_mean_us=8.52805 device_stdev_us=0.693995 device_MAD_us=0.546875 device_CV=0.0813779 wall_median_us=10.1641 wall_mean_us=10.3787
RESULT shape=128x1280 pair=04 side=parent rc=0 bad=0 max_abs=1.43051e-06 device_median_us=8.72 device_mean_us=8.56514 device_stdev_us=0.839034 device_MAD_us=0.562031 device_CV=0.0979592 wall_median_us=10.5822 wall_mean_us=10.6294
RESULT shape=128x1280 pair=05 side=parent rc=0 bad=0 max_abs=1.43051e-06 device_median_us=8.45156 device_mean_us=9.97916 device_stdev_us=11.1618 device_MAD_us=0.542344 device_CV=1.11851 wall_median_us=10.7761 wall_mean_us=12.3541
RESULT shape=128x1280 pair=05 side=candidate rc=0 bad=0 max_abs=1.43051e-06 device_median_us=8.52828 device_mean_us=8.53431 device_stdev_us=0.789725 device_MAD_us=0.437812 device_CV=0.0925353 wall_median_us=9.93544 wall_mean_us=10.297
RESULT shape=128x1280 pair=06 side=candidate rc=0 bad=0 max_abs=1.43051e-06 device_median_us=8.68766 device_mean_us=8.76075 device_stdev_us=0.872452 device_MAD_us=0.636406 device_CV=0.0995865 wall_median_us=11.0581 wall_mean_us=11.2873
RESULT shape=128x1280 pair=06 side=parent rc=0 bad=0 max_abs=1.43051e-06 device_median_us=8.08422 device_mean_us=8.1818 device_stdev_us=0.799209 device_MAD_us=0.511563 device_CV=0.0976814 wall_median_us=10.2006 wall_mean_us=10.4077
RESULT shape=128x1288 pair=01 side=parent rc=0 bad=0 max_abs=1.19209e-06 device_median_us=8.25719 device_mean_us=8.72735 device_stdev_us=1.50414 device_MAD_us=0.524063 device_CV=0.172348 wall_median_us=10.2839 wall_mean_us=10.8898
RESULT shape=128x1288 pair=01 side=candidate rc=0 bad=0 max_abs=1.19209e-06 device_median_us=8.52203 device_mean_us=8.52548 device_stdev_us=0.913593 device_MAD_us=0.532812 device_CV=0.10716 wall_median_us=10.3498 wall_mean_us=10.5065
RESULT shape=128x1288 pair=02 side=candidate rc=0 bad=0 max_abs=1.19209e-06 device_median_us=8.23 device_mean_us=8.21088 device_stdev_us=0.831344 device_MAD_us=0.518906 device_CV=0.101249 wall_median_us=10.0672 wall_mean_us=10.1513
RESULT shape=128x1288 pair=02 side=parent rc=0 bad=0 max_abs=1.19209e-06 device_median_us=8.49516 device_mean_us=8.54936 device_stdev_us=0.800194 device_MAD_us=0.547187 device_CV=0.093597 wall_median_us=10.4829 wall_mean_us=10.8185
RESULT shape=128x1288 pair=03 side=parent rc=0 bad=0 max_abs=1.19209e-06 device_median_us=8.30953 device_mean_us=8.34592 device_stdev_us=0.796202 device_MAD_us=0.407813 device_CV=0.0954001 wall_median_us=10.5161 wall_mean_us=10.6288
RESULT shape=128x1288 pair=03 side=candidate rc=0 bad=0 max_abs=1.19209e-06 device_median_us=8.31547 device_mean_us=8.25018 device_stdev_us=0.63158 device_MAD_us=0.340469 device_CV=0.0765535 wall_median_us=10.3986 wall_mean_us=10.5521
RESULT shape=128x1288 pair=04 side=candidate rc=0 bad=0 max_abs=1.19209e-06 device_median_us=8.7925 device_mean_us=8.89077 device_stdev_us=1.04669 device_MAD_us=0.763437 device_CV=0.117728 wall_median_us=10.5587 wall_mean_us=11.6084
RESULT shape=128x1288 pair=04 side=parent rc=0 bad=0 max_abs=1.19209e-06 device_median_us=8.74969 device_mean_us=8.61382 device_stdev_us=0.668044 device_MAD_us=0.410781 device_CV=0.077555 wall_median_us=10.1885 wall_mean_us=10.386
RESULT shape=128x1288 pair=05 side=parent rc=0 bad=0 max_abs=1.19209e-06 device_median_us=8.33 device_mean_us=8.36424 device_stdev_us=0.650579 device_MAD_us=0.36125 device_CV=0.077781 wall_median_us=10.138 wall_mean_us=10.548
RESULT shape=128x1288 pair=05 side=candidate rc=0 bad=0 max_abs=1.19209e-06 device_median_us=8.63031 device_mean_us=8.7763 device_stdev_us=0.844531 device_MAD_us=0.53 device_CV=0.0962286 wall_median_us=10.6261 wall_mean_us=10.8681
RESULT shape=128x1288 pair=06 side=candidate rc=0 bad=0 max_abs=1.19209e-06 device_median_us=8.30484 device_mean_us=8.33261 device_stdev_us=0.784916 device_MAD_us=0.511094 device_CV=0.0941982 wall_median_us=10.0238 wall_mean_us=10.3527
RESULT shape=128x1288 pair=06 side=parent rc=0 bad=0 max_abs=1.19209e-06 device_median_us=8.42406 device_mean_us=8.42666 device_stdev_us=0.659411 device_MAD_us=0.529531 device_CV=0.0782529 wall_median_us=10.0665 wall_mean_us=10.5146
END_UTC=2026-10-08T04:18:55.577583967Z
