REVISION=V085
GATE=CORRECTNESS
HOST=hwnput3
DEVICE=4
PARENT=R31B-V011
PARENT_SOURCE_SHA256=a8c19a1972207acc67e3fb0cd393cc70b0a4b183d1eaf5610edf80c2879b15e3
CANDIDATE_SOURCE_SHA256=2c2885e743b6979d9015f86de1fa40fd5bdace81df86f3c937f900ac0c76c4ef
DTYPE=FP32
SHAPES=128x1272,128x1280,128x1288
C15=EXCLUDED_KNOWN_PARENT_FAILURE
SNAPSHOT=2026-10-08T04:04:02.109968724Z FREE_HBM=6344MB AICORE=0 AIVECTOR=0 EXISTING_PID=2999855_UNTOUCHED
COMMAND=本地实验/R-W4-4/V085/partial-ranking/stage/build-v085/clx_ref_parent_probe 4 128 1272 0 本地实验/R-W4-4/V085/partial-ranking/v085-parent-correctness-r128-w1272-fp32 0 1 1 0
RESULT variant=parent shape=128x1272 rc=127 stdout= stderr=本地实验/R-W4-4/V085/partial-ranking/stage/build-v085/clx_ref_parent_probe: error while loading shared libraries: libgraph.so: cannot open shared object file: No such file or directory 
COMMAND=本地实验/R-W4-4/V085/partial-ranking/stage/build-v085/clx_ref_candidate_probe 4 128 1272 0 本地实验/R-W4-4/V085/partial-ranking/v085-candidate-correctness-r128-w1272-fp32 0 1 1 0
RESULT variant=candidate shape=128x1272 rc=127 stdout= stderr=本地实验/R-W4-4/V085/partial-ranking/stage/build-v085/clx_ref_candidate_probe: error while loading shared libraries: libgraph.so: cannot open shared object file: No such file or directory 
COMMAND=本地实验/R-W4-4/V085/partial-ranking/stage/build-v085/clx_ref_parent_probe 4 128 1280 0 本地实验/R-W4-4/V085/partial-ranking/v085-parent-correctness-r128-w1280-fp32 0 1 1 0
RESULT variant=parent shape=128x1280 rc=127 stdout= stderr=本地实验/R-W4-4/V085/partial-ranking/stage/build-v085/clx_ref_parent_probe: error while loading shared libraries: libgraph.so: cannot open shared object file: No such file or directory 
COMMAND=本地实验/R-W4-4/V085/partial-ranking/stage/build-v085/clx_ref_candidate_probe 4 128 1280 0 本地实验/R-W4-4/V085/partial-ranking/v085-candidate-correctness-r128-w1280-fp32 0 1 1 0
RESULT variant=candidate shape=128x1280 rc=127 stdout= stderr=本地实验/R-W4-4/V085/partial-ranking/stage/build-v085/clx_ref_candidate_probe: error while loading shared libraries: libgraph.so: cannot open shared object file: No such file or directory 
COMMAND=本地实验/R-W4-4/V085/partial-ranking/stage/build-v085/clx_ref_parent_probe 4 128 1288 0 本地实验/R-W4-4/V085/partial-ranking/v085-parent-correctness-r128-w1288-fp32 0 1 1 0
RESULT variant=parent shape=128x1288 rc=127 stdout= stderr=本地实验/R-W4-4/V085/partial-ranking/stage/build-v085/clx_ref_parent_probe: error while loading shared libraries: libgraph.so: cannot open shared object file: No such file or directory 
COMMAND=本地实验/R-W4-4/V085/partial-ranking/stage/build-v085/clx_ref_candidate_probe 4 128 1288 0 本地实验/R-W4-4/V085/partial-ranking/v085-candidate-correctness-r128-w1288-fp32 0 1 1 0
RESULT variant=candidate shape=128x1288 rc=127 stdout= stderr=本地实验/R-W4-4/V085/partial-ranking/stage/build-v085/clx_ref_candidate_probe: error while loading shared libraries: libgraph.so: cannot open shared object file: No such file or directory 
CORRECTNESS_NONZERO_PRESENT=YES
