ACL_FAIL sync=507035
ACL_FAIL sync=507035
ACL_FAIL sync=507035
ACL_FAIL sync=507035
ACL_FAIL sync=507035
ACL_FAIL sync=507035
CASE dtype=0 rows=2 D=256 name=fast_multi_aligned_small bad=0 max_abs=2.38419e-07 PASS
CASE dtype=0 rows=8 D=256 name=fast_multi_aligned bad=0 max_abs=4.76837e-07 PASS
CASE dtype=0 rows=5 D=512 name=fast_multi_aligned_mid bad=0 max_abs=2.38419e-07 PASS
CASE dtype=0 rows=4 D=1024 name=fast_multi_1k bad=0 max_abs=4.76837e-07 PASS
CASE dtype=0 rows=16 D=128 name=fast_multi_many_rows bad=0 max_abs=3.57628e-07 PASS
CASE dtype=0 rows=3 D=65 name=fast_unaligned_D bad=0 max_abs=3.57628e-07 PASS
CASE dtype=0 rows=1 D=256 name=fast_single_row bad=0 max_abs=1.19209e-07 PASS
CASE dtype=0 rows=2 D=4096 name=fast_boundary_d bad=0 max_abs=4.76837e-07 PASS
CASE dtype=0 rows=64 D=64 name=resident_many_small bad=0 max_abs=3.57628e-07 PASS
CASE dtype=1 rows=2 D=256 name=fast_multi_aligned_small bad=0 max_abs=0.00169683 PASS
CASE dtype=1 rows=8 D=256 name=fast_multi_aligned bad=0 max_abs=0.00169683 PASS
CASE dtype=1 rows=5 D=512 name=fast_multi_aligned_mid bad=0 max_abs=0.00180936 PASS
CASE dtype=1 rows=4 D=1024 name=fast_multi_1k bad=0 max_abs=0.00199986 PASS
CASE dtype=1 rows=16 D=128 name=fast_multi_many_rows bad=0 max_abs=0.00138724 PASS
CASE dtype=1 rows=3 D=65 name=fast_unaligned_D bad=0 max_abs=0.00123394 PASS
CASE dtype=1 rows=1 D=256 name=fast_single_row bad=0 max_abs=0.00106668 PASS
CASE dtype=1 rows=2 D=4096 name=fast_boundary_d bad=0 max_abs=0.00220656 PASS
CASE dtype=1 rows=64 D=64 name=resident_many_small bad=0 max_abs=0.00247264 PASS
CASE dtype=2 rows=2 D=256 name=fast_multi_aligned_small bad=0 max_abs=0.0144002 PASS
CASE dtype=2 rows=8 D=256 name=fast_multi_aligned bad=0 max_abs=0.0149801 PASS
CASE dtype=2 rows=5 D=512 name=fast_multi_aligned_mid bad=0 max_abs=0.0128841 PASS
CASE dtype=2 rows=4 D=1024 name=fast_multi_1k bad=0 max_abs=0.0170832 PASS
CASE dtype=2 rows=16 D=128 name=fast_multi_many_rows bad=0 max_abs=0.0127506 PASS
CASE dtype=2 rows=3 D=65 name=fast_unaligned_D bad=0 max_abs=0.0100051 PASS
CASE dtype=2 rows=1 D=256 name=fast_single_row bad=0 max_abs=0.008564 PASS
CASE dtype=2 rows=2 D=4096 name=fast_boundary_d bad=0 max_abs=0.0156088 PASS
CASE dtype=2 rows=64 D=64 name=resident_many_small bad=0 max_abs=0.0190117 PASS
SUMMARY total=33 failures=6 HAS_FAIL
