SNAPSHOT_UTC=2026-10-08T17:03:20.431005233Z
ROUTE=SYNC-BARRIER-ELISION-X
REVISION=V068
DEVICE=5
STAGE=POST_CORRECTNESS_PRE_QUALIFICATION
DEVICE_2_POLICY=EXCLUDED_MODE_DISPATCH_V093_OCCUPIED
 17:03:20 up 243 days,  4:39, 36 users,  load average: 60.94, 64.69, 63.24
+------------------------------------------------------------------------------------------------+
| npu-smi 25.0.rc1.1               Version: 25.0.rc1.1                                           |
+---------------------------+---------------+----------------------------------------------------+
| NPU   Name                | Health        | Power(W)    Temp(C)           Hugepages-Usage(page)|
| Chip                      | Bus-Id        | AICore(%)   Memory-Usage(MB)  HBM-Usage(MB)        |
+===========================+===============+====================================================+
| 0     910B3               | OK            | 110.8       40                0    / 0             |
| 0                         | 0000:C1:00.0  | 3           0    / 0          14833/ 65536         |
+===========================+===============+====================================================+
| 1     910B3               | OK            | 193.1       50                0    / 0             |
| 0                         | 0000:C2:00.0  | 30          0    / 0          28507/ 65536         |
+===========================+===============+====================================================+
| 2     910B3               | OK            | 110.8       40                0    / 0             |
| 0                         | 0000:81:00.0  | 1           0    / 0          4700 / 65536         |
+===========================+===============+====================================================+
| 3     910B3               | OK            | 105.0       40                0    / 0             |
| 0                         | 0000:82:00.0  | 0           0    / 0          9130 / 65536         |
+===========================+===============+====================================================+
| 4     910B3               | OK            | 200.2       65                0    / 0             |
| 0                         | 0000:01:00.0  | 57          0    / 0          59193/ 65536         |
+===========================+===============+====================================================+
| 5     910B3               | OK            | 170.3       60                0    / 0             |
| 0                         | 0000:02:00.0  | 46          0    / 0          60222/ 65536         |
+===========================+===============+====================================================+
| 6     910B3               | OK            | 172.1       53                0    / 0             |
| 0                         | 0000:41:00.0  | 45          0    / 0          60221/ 65536         |
+===========================+===============+====================================================+
| 7     910B3               | OK            | 162.2       49                0    / 0             |
| 0                         | 0000:42:00.0  | 4           0    / 0          26068/ 65536         |
+===========================+===============+====================================================+
+---------------------------+---------------+----------------------------------------------------+
| NPU     Chip              | Process id    | Process name             | Process memory(MB)      |
+===========================+===============+====================================================+
| 0       0                 | 2055829       | python                   | 5756                    |
| 0       0                 | 251901        | python                   | 5752                    |
+===========================+===============+====================================================+
| 1       0                 | 3150467       | python                   | 5748                    |
| 1       0                 | 2055828       | python                   | 4232                    |
| 1       0                 | 203339        | python                   | 15199                   |
+===========================+===============+====================================================+
| 2       0                 | 2055832       | python                   | 1330                    |
+===========================+===============+====================================================+
| 3       0                 | 2055830       | python                   | 5754                    |
+===========================+===============+====================================================+
| 4       0                 | 2999855       | VLLMEngineCor            | 55666                   |
+===========================+===============+====================================================+
| 5       0                 | 89602         | VLLMWorker_TP            | 56700                   |
+===========================+===============+====================================================+
| 6       0                 | 91228         | VLLMWorker_TP            | 56701                   |
+===========================+===============+====================================================+
| 7       0                 | 439848        | python3                  | 21260                   |
| 7       0                 | 2055831       | python                   | 1330                    |
+===========================+===============+====================================================+
	NPU ID                         : 5
	Chip Count                     : 1

	DDR Capacity(MB)               : 0
	DDR Usage Rate(%)              : 0
	DDR Hugepages Total(page)      : 0
	DDR Hugepages Usage Rate(%)    : 0
	HBM Capacity(MB)               : 65536
	HBM Usage Rate(%)              : 91
	Aicore Usage Rate(%)           : 46
	Aivector Usage Rate(%)         : 26
	Aicpu Usage Rate(%)            : 0
	Ctrlcpu Usage Rate(%)          : 10
	DDR Bandwidth Usage Rate(%)    : 0
	HBM Bandwidth Usage Rate(%)    : 42
	Chip ID                        : 0

