ROUTE=SYNC-BARRIER-ELISION-X
REVISION=V068
STAGE=PARENT_SAME_BINARY_QUALIFICATION
DEVICE=5
DTYPE=BF16
START_UTC=2026-10-08T17:10:21Z
COMMAND=sync_barrier_elision_correctness 5 --same-parent --bf16
SAME_BINARY_SAMPLE binary=PARENT_R31B_V011 case=bf16-128x256 pair=01 order=A,B first_device_us=9.3400 second_device_us=8.7400 first_gelem_s=3.508351 second_gelem_s=3.749199 first_wall_us=209.0210 second_wall_us=240.5910 second_minus_first_us=-0.6000
SAME_BINARY_SAMPLE binary=PARENT_R31B_V011 case=bf16-128x256 pair=02 order=B,A first_device_us=8.3400 second_device_us=21.2600 first_gelem_s=3.929017 second_gelem_s=1.541298 first_wall_us=145.2010 second_wall_us=73.4910 second_minus_first_us=12.9200
SAME_BINARY_SAMPLE binary=PARENT_R31B_V011 case=bf16-128x256 pair=03 order=A,B first_device_us=8.9200 second_device_us=66.5000 first_gelem_s=3.673543 second_gelem_s=0.492752 first_wall_us=209.8210 second_wall_us=283.4620 second_minus_first_us=57.5800
SAME_BINARY_SAMPLE binary=PARENT_R31B_V011 case=bf16-128x256 pair=04 order=B,A first_device_us=14.3400 second_device_us=8.8800 first_gelem_s=2.285077 second_gelem_s=3.690090 first_wall_us=252.6310 second_wall_us=233.2810 second_minus_first_us=-5.4600
SAME_BINARY_SAMPLE binary=PARENT_R31B_V011 case=bf16-128x256 pair=05 order=A,B first_device_us=8.6800 second_device_us=9.0600 first_gelem_s=3.775115 second_gelem_s=3.616777 first_wall_us=203.7520 second_wall_us=211.8120 second_minus_first_us=0.3800
SAME_BINARY_SAMPLE binary=PARENT_R31B_V011 case=bf16-128x256 pair=06 order=B,A first_device_us=12.5400 second_device_us=8.3600 first_gelem_s=2.613078 second_gelem_s=3.919617 first_wall_us=190.9210 second_wall_us=204.4720 second_minus_first_us=-4.1800
SAME_BINARY_SAMPLE binary=PARENT_R31B_V011 case=bf16-128x256 pair=07 order=A,B first_device_us=12.1600 second_device_us=8.4000 first_gelem_s=2.694737 second_gelem_s=3.900953 first_wall_us=92.1610 second_wall_us=147.3310 second_minus_first_us=-3.7600
SAME_BINARY_SAMPLE binary=PARENT_R31B_V011 case=bf16-128x256 pair=08 order=B,A first_device_us=10.4800 second_device_us=8.9200 first_gelem_s=3.126718 second_gelem_s=3.673543 first_wall_us=225.4320 second_wall_us=260.2920 second_minus_first_us=-1.5600
SAME_BINARY_SAMPLE binary=PARENT_R31B_V011 case=bf16-128x256 pair=09 order=A,B first_device_us=8.9000 second_device_us=9.3800 first_gelem_s=3.681798 second_gelem_s=3.493390 first_wall_us=264.5620 second_wall_us=243.5620 second_minus_first_us=0.4800
SAME_BINARY_SAMPLE binary=PARENT_R31B_V011 case=bf16-128x256 pair=10 order=B,A first_device_us=60.3800 second_device_us=9.2600 first_gelem_s=0.542696 second_gelem_s=3.538661 first_wall_us=293.5620 second_wall_us=203.6810 second_minus_first_us=-51.1200
SAME_BINARY_SAMPLE binary=PARENT_R31B_V011 case=bf16-128x256 pair=11 order=A,B first_device_us=12.2800 second_device_us=13.1600 first_gelem_s=2.668404 second_gelem_s=2.489970 first_wall_us=77.8000 second_wall_us=176.8620 second_minus_first_us=0.8800
SAME_BINARY_SAMPLE binary=PARENT_R31B_V011 case=bf16-128x256 pair=12 order=B,A first_device_us=13.1200 second_device_us=10.9400 first_gelem_s=2.497561 second_gelem_s=2.995247 first_wall_us=226.1610 second_wall_us=238.6520 second_minus_first_us=-2.1800
SAME_BINARY_SAMPLE binary=PARENT_R31B_V011 case=bf16-128x256 pair=13 order=A,B first_device_us=12.6800 second_device_us=15.3000 first_gelem_s=2.584227 second_gelem_s=2.141699 first_wall_us=232.6520 second_wall_us=228.0720 second_minus_first_us=2.6200
SAME_BINARY_SAMPLE binary=PARENT_R31B_V011 case=bf16-128x256 pair=14 order=B,A first_device_us=147.1200 second_device_us=8.5800 first_gelem_s=0.222730 second_gelem_s=3.819114 first_wall_us=201.0110 second_wall_us=242.9010 second_minus_first_us=-138.5400
SAME_BINARY_SAMPLE binary=PARENT_R31B_V011 case=bf16-128x256 pair=15 order=A,B first_device_us=10.6400 second_device_us=8.9000 first_gelem_s=3.079699 second_gelem_s=3.681798 first_wall_us=209.1520 second_wall_us=254.3020 second_minus_first_us=-1.7400
SAME_BINARY_SAMPLE binary=PARENT_R31B_V011 case=bf16-128x256 pair=16 order=B,A first_device_us=15.1400 second_device_us=13.8600 first_gelem_s=2.164333 second_gelem_s=2.364214 first_wall_us=257.3820 second_wall_us=223.6720 second_minus_first_us=-1.2800
SAME_BINARY_SAMPLE binary=PARENT_R31B_V011 case=bf16-128x256 pair=17 order=A,B first_device_us=9.0800 second_device_us=9.0200 first_gelem_s=3.608810 second_gelem_s=3.632816 first_wall_us=247.2420 second_wall_us=272.9120 second_minus_first_us=-0.0600
SAME_BINARY_SAMPLE binary=PARENT_R31B_V011 case=bf16-128x256 pair=18 order=B,A first_device_us=8.5800 second_device_us=9.7400 first_gelem_s=3.819114 second_gelem_s=3.364271 first_wall_us=266.8320 second_wall_us=252.4820 second_minus_first_us=1.1600
SAME_BINARY_SAMPLE binary=PARENT_R31B_V011 case=bf16-128x256 pair=19 order=A,B first_device_us=12.2000 second_device_us=10.4800 first_gelem_s=2.685902 second_gelem_s=3.126718 first_wall_us=92.5210 second_wall_us=232.7920 second_minus_first_us=-1.7200
SAME_BINARY_SAMPLE binary=PARENT_R31B_V011 case=bf16-128x256 pair=20 order=B,A first_device_us=9.3200 second_device_us=11.7400 first_gelem_s=3.515880 second_gelem_s=2.791141 first_wall_us=298.5720 second_wall_us=275.5320 second_minus_first_us=2.4200
SAME_BINARY_SAMPLE binary=PARENT_R31B_V011 case=bf16-128x256 pair=21 order=A,B first_device_us=8.6000 second_device_us=15.1400 first_gelem_s=3.810232 second_gelem_s=2.164333 first_wall_us=85.8610 second_wall_us=266.0520 second_minus_first_us=6.5400
SAME_BINARY_SAMPLE binary=PARENT_R31B_V011 case=bf16-128x256 pair=22 order=B,A first_device_us=9.3200 second_device_us=112.5800 first_gelem_s=3.515880 second_gelem_s=0.291064 first_wall_us=241.7320 second_wall_us=163.6010 second_minus_first_us=103.2600
SAME_BINARY_SAMPLE binary=PARENT_R31B_V011 case=bf16-128x256 pair=23 order=A,B first_device_us=10.2800 second_device_us=10.1200 first_gelem_s=3.187549 second_gelem_s=3.237945 first_wall_us=77.9610 second_wall_us=146.8710 second_minus_first_us=-0.1600
SAME_BINARY_SAMPLE binary=PARENT_R31B_V011 case=bf16-128x256 pair=24 order=B,A first_device_us=9.2200 second_device_us=8.5600 first_gelem_s=3.554013 second_gelem_s=3.828037 first_wall_us=237.7620 second_wall_us=253.0320 second_minus_first_us=-0.6600
SAME_BINARY_SAMPLE binary=PARENT_R31B_V011 case=bf16-128x256 pair=25 order=A,B first_device_us=8.0000 second_device_us=13.4000 first_gelem_s=4.096000 second_gelem_s=2.445373 first_wall_us=233.4720 second_wall_us=227.9520 second_minus_first_us=5.4000
SAME_BINARY_SAMPLE binary=PARENT_R31B_V011 case=bf16-128x256 pair=26 order=B,A first_device_us=9.5400 second_device_us=8.5200 first_gelem_s=3.434801 second_gelem_s=3.846010 first_wall_us=266.4620 second_wall_us=253.7520 second_minus_first_us=-1.0200
SAME_BINARY_SAMPLE binary=PARENT_R31B_V011 case=bf16-128x256 pair=27 order=A,B first_device_us=10.3200 second_device_us=8.6600 first_gelem_s=3.175194 second_gelem_s=3.783834 first_wall_us=216.6420 second_wall_us=239.8510 second_minus_first_us=-1.6600
SAME_BINARY_SAMPLE binary=PARENT_R31B_V011 case=bf16-128x256 pair=28 order=B,A first_device_us=9.2600 second_device_us=18.3600 first_gelem_s=3.538661 second_gelem_s=1.784749 first_wall_us=233.8210 second_wall_us=223.4920 second_minus_first_us=9.1000
SAME_BINARY_SAMPLE binary=PARENT_R31B_V011 case=bf16-128x256 pair=29 order=A,B first_device_us=10.6600 second_device_us=10.1000 first_gelem_s=3.073921 second_gelem_s=3.244357 first_wall_us=228.2120 second_wall_us=82.0810 second_minus_first_us=-0.5600
SAME_BINARY_SAMPLE binary=PARENT_R31B_V011 case=bf16-128x256 pair=30 order=B,A first_device_us=8.5600 second_device_us=9.2200 first_gelem_s=3.828037 second_gelem_s=3.554013 first_wall_us=262.3520 second_wall_us=202.8910 second_minus_first_us=0.6600
SAME_BINARY_SAMPLE binary=PARENT_R31B_V011 case=bf16-128x256 pair=31 order=A,B first_device_us=13.8200 second_device_us=78.1200 first_gelem_s=2.371056 second_gelem_s=0.419457 first_wall_us=159.2510 second_wall_us=223.0710 second_minus_first_us=64.3000
LOCAL_STATS case=PARENT_R31B_V011 metric=device_us binary=same_binary_first n=31 median=10.2800 mean=16.5103 stdev=25.9138 cv=1.56955 min=8.0000 max=147.1200 mad=1.6800 p10=8.5800 p90=14.3400
LOCAL_STATS case=PARENT_R31B_V011 metric=device_us binary=same_binary_second n=31 median=9.7400 mean=18.1697 stdev=23.5230 cv=1.29463 min=8.3600 max=112.5800 mad=1.1800 p10=8.5600 p90=21.2600
LOCAL_STATS case=PARENT_R31B_V011 metric=paired_delta_us binary=same_binary_second_minus_first n=31 median=-0.1600 mean=1.6594 stdev=36.6298 cv=22.07473 min=-138.5400 max=103.2600 mad=1.5800 p10=-4.1800 p90=12.9200
LOCAL_STATS case=PARENT_R31B_V011 metric=gelem_s binary=same_binary_first n=31 median=3.1875 mean=3.0407 stdev=0.8911 cv=0.29304 min=0.2227 max=4.0960 mad=0.5016 p10=2.2851 p90=3.8191
LOCAL_STATS case=PARENT_R31B_V011 metric=gelem_s binary=same_binary_second n=31 median=3.3643 mean=2.9233 stdev=1.0699 cv=0.36600 min=0.2911 max=3.9196 mad=0.4548 p10=1.5413 p90=3.8280
LOCAL_STATS case=PARENT_R31B_V011 metric=wall_us binary=same_binary_first n=31 median=226.1610 mean=207.7393 stdev=63.7200 cv=0.30673 min=77.8000 max=298.5720 mad=26.4700 p10=92.1610 p90=266.4620
LOCAL_STATS case=PARENT_R31B_V011 metric=wall_us binary=same_binary_second n=31 median=232.7920 mean=218.8000 stdev=50.9397 cv=0.23281 min=73.4910 max=283.4620 mad=20.9800 p10=147.3310 p90=266.0520
SAME_BINARY_QUALIFICATION binary=PARENT_R31B_V011 case=bf16-128x256 samples=31 first_mad_over_median=0.163424 second_mad_over_median=0.121150 median_drift_fraction=0.053946
SAME_BINARY_SUMMARY binary=PARENT_R31B_V011 device=5 shape=128x256 dtype=bf16 samples=31
RUNNER_EXIT_CODE=0
END_UTC=2026-10-08T17:10:26Z
