RUN_BEGIN mode=--correctness device=4 parent=R31B-V011 cases=9
CASE_BEGIN name=target-r1-d64-fp32 rows=1 width=64 dtype=0 mode=CORRECTNESS
CORRECTNESS case=target-r1-d64-fp32 result=PASS mismatches=0 max_abs=0 compare=bitwise
CASE_BEGIN name=control-r2-d64-fp32 rows=2 width=64 dtype=0 mode=CORRECTNESS
CORRECTNESS case=control-r2-d64-fp32 result=PASS mismatches=0 max_abs=0 compare=bitwise
CASE_BEGIN name=control-r1-d129-fp32 rows=1 width=129 dtype=0 mode=CORRECTNESS
CORRECTNESS case=control-r1-d129-fp32 result=PASS mismatches=0 max_abs=0 compare=bitwise
CASE_BEGIN name=target-r1-d64-fp16 rows=1 width=64 dtype=1 mode=CORRECTNESS
CORRECTNESS case=target-r1-d64-fp16 result=PASS mismatches=0 max_abs=0 compare=bitwise
CASE_BEGIN name=control-r2-d64-fp16 rows=2 width=64 dtype=1 mode=CORRECTNESS
CORRECTNESS case=control-r2-d64-fp16 result=PASS mismatches=0 max_abs=0 compare=bitwise
CASE_BEGIN name=control-r1-d129-fp16 rows=1 width=129 dtype=1 mode=CORRECTNESS
CORRECTNESS case=control-r1-d129-fp16 result=PASS mismatches=0 max_abs=0 compare=bitwise
CASE_BEGIN name=target-r1-d64-bf16 rows=1 width=64 dtype=2 mode=CORRECTNESS
CORRECTNESS case=target-r1-d64-bf16 result=PASS mismatches=0 max_abs=0 compare=bitwise
CASE_BEGIN name=control-r2-d64-bf16 rows=2 width=64 dtype=2 mode=CORRECTNESS
CORRECTNESS case=control-r2-d64-bf16 result=PASS mismatches=0 max_abs=0 compare=bitwise
CASE_BEGIN name=control-r1-d129-bf16 rows=1 width=129 dtype=2 mode=CORRECTNESS
CORRECTNESS case=control-r1-d129-bf16 result=PASS mismatches=0 max_abs=0 compare=bitwise
RUNNER_COMPLETE mode=CORRECTNESS result=PASS cases=9 compare=bitwise
