Consolidate compiler generated dependencies of target route_runner
[ 50%] Building ASC object CMakeFiles/route_runner.dir/direct_runner.cpp.o
In file included from /home/data4t2/lelinfeng/cann-staging-liveness-x/本地实验/STAGING-LIVENESS-X/V034/support/runner/direct_runner.cpp:24:
In file included from /home/data4t2/lelinfeng/cann-staging-liveness-x/本地实验/STAGING-LIVENESS-X/V034/src/submission.asc:3:
In file included from /usr/local/Ascend/ascend-toolkit/latest/aarch64-linux/asc/include/kernel_operator.h:18:
In file included from /usr/local/Ascend/ascend-toolkit/latest/aarch64-linux/ascendc/include/basic_api/impl/kernel_tpipe_impl.h:22:
In file included from /usr/local/Ascend/ascend-toolkit/latest/aarch64-linux/asc/include/basic_api/kernel_tpipe.h:17:
In file included from /usr/local/Ascend/ascend-toolkit/latest/aarch64-linux/ascendc/include/basic_api/impl/kernel_tpipe_base.h:17:
In file included from /usr/local/Ascend/ascend-toolkit/latest/aarch64-linux/ascendc/include/basic_api/impl/kernel_tensor_impl.h:17:
In file included from /usr/local/Ascend/ascend-toolkit/latest/aarch64-linux/asc/include/basic_api/kernel_tensor.h:18:
In file included from /usr/local/Ascend/ascend-toolkit/latest/aarch64-linux/ascendc/include/basic_api/impl/kernel_utils.h:17:
In file included from /usr/local/Ascend/ascend-toolkit/latest/aarch64-linux/ascendc/include/basic_api/impl/utils/kernel_utils_macros.h:33:
/usr/local/Ascend/ascend-toolkit/latest/aarch64-linux/ascendc/include/basic_api/impl/kernel_log.h:23:10: fatal error: 'stub_def.h' file not found
#include "stub_def.h"
         ^~~~~~~~~~~~
1 error generated.
gmake[3]: *** [CMakeFiles/route_runner.dir/build.make:76: CMakeFiles/route_runner.dir/direct_runner.cpp.o] Error 1
gmake[2]: *** [CMakeFiles/Makefile2:83: CMakeFiles/route_runner.dir/all] Error 2
gmake[1]: *** [CMakeFiles/Makefile2:90: CMakeFiles/route_runner.dir/rule] Error 2
gmake: *** [Makefile:124: route_runner] Error 2
