ROUTE=WIDE-X-FRESH4
PARENT_SOURCE_SHA256=5d0ee01165e46a281cbb7d1605feba3605ad59883845400a063e97704f27f2be
CANDIDATE_SOURCE_SHA256=f7628795e6699288669dbff8963181e376e10741ba4d46c768af51cf09bf6895
-- CMAKE_ASC_COMPILER: /usr/local/Ascend/ascend-toolkit/8.5.0.alpha002/compiler/ccec_compiler/bin/bisheng
CMake Warning at /usr/local/Ascend/ascend-toolkit/8.5.0.alpha002/aarch64-linux/tikcpp/ascendc_kernel_cmake/ASC_CMake/CMakeDetermineASCCompiler.cmake:57 (message):
  CMAKE_INSTALL_PREFIX is not set.  Set to default value
  /tmp/WIDE-X-FRESH4-V001-d0dd0e972ac48b07/WIDE-X-FRESH4/V001/support/out.
Call Stack (most recent call first):
  CMakeLists.txt:3 (project)


-- CMAKE_BUILD_TYPE: Release
-- CMAKE_INSTALL_PREFIX: /tmp/WIDE-X-FRESH4-V001-d0dd0e972ac48b07/WIDE-X-FRESH4/V001/support/out
-- ASCEND_CANN_PACKAGE_PATH: /usr/local/Ascend/ascend-toolkit/8.5.0.alpha002
-- CMAKE_ASC_LLD_LINKER: /usr/local/Ascend/ascend-toolkit/8.5.0.alpha002/tools/ccec_compiler/bin/ld.lld
-- The CXX compiler identification is GNU 11.4.0
-- Detecting CXX compiler ABI info
-- Detecting CXX compiler ABI info - done
-- Check for working CXX compiler: /usr/bin/c++ - skipped
-- Detecting CXX compile features
-- Detecting CXX compile features - done
-- Configuring done
-- Generating done
-- Build files have been written to: /tmp/WIDE-X-FRESH4-V001-d0dd0e972ac48b07/WIDE-X-FRESH4/V001/support/build
[ 16%] Building ASC object CMakeFiles/wide_x_fresh4_candidate.dir/tmp/WIDE-X-FRESH4-V001-d0dd0e972ac48b07/WIDE-X-FRESH4/V001/submission.asc.o
[ 33%] Building ASC object CMakeFiles/wide_x_fresh4_parent.dir/tmp/WIDE-X-FRESH4-V001-d0dd0e972ac48b07/WIDE-X-FRESH4/BUILD-FIX-001/submission.asc.o
[ERROR] ASCPLUGIN [pid:3835071, tid:3835071] [asc_utils.cpp:58] Path []:  no such file or directory.
[ERROR] ASCPLUGIN [pid:3835071, tid:3835071] [asc_utils.cpp:68] Path []: path not exist.
[ERROR] ASCPLUGIN [pid:3835070, tid:3835070] [asc_utils.cpp:58] Path []:  no such file or directory.
[ERROR] ASCPLUGIN [pid:3835070, tid:3835070] [asc_utils.cpp:68] Path []: path not exist.
/tmp/WIDE-X-FRESH4-V001-d0dd0e972ac48b07/WIDE-X-FRESH4/BUILD-FIX-001/submission.asc:1:10: fatal error: 'cstdint' file not found
#include <cstdint>
         ^~~~~~~~~
/tmp/WIDE-X-FRESH4-V001-d0dd0e972ac48b07/WIDE-X-FRESH4/V001/submission.asc:1:10: fatal error: 'cstdint' file not found
#include <cstdint>
         ^~~~~~~~~
1 error generated.
gmake[2]: *** [CMakeFiles/wide_x_fresh4_parent.dir/build.make:76: CMakeFiles/wide_x_fresh4_parent.dir/tmp/WIDE-X-FRESH4-V001-d0dd0e972ac48b07/WIDE-X-FRESH4/BUILD-FIX-001/submission.asc.o] Error 1
gmake[1]: *** [CMakeFiles/Makefile2:87: CMakeFiles/wide_x_fresh4_parent.dir/all] Error 2
gmake[1]: *** Waiting for unfinished jobs....
1 error generated.
gmake[2]: *** [CMakeFiles/wide_x_fresh4_candidate.dir/build.make:76: CMakeFiles/wide_x_fresh4_candidate.dir/tmp/WIDE-X-FRESH4-V001-d0dd0e972ac48b07/WIDE-X-FRESH4/V001/submission.asc.o] Error 1
gmake[1]: *** [CMakeFiles/Makefile2:113: CMakeFiles/wide_x_fresh4_candidate.dir/all] Error 2
gmake: *** [Makefile:91: all] Error 2
