V060_LOCAL_START_UTC=2026-10-07T22:10:54.337022532Z
HOST=hwnput3
DEVICE=4
PARENT=R31B-V011
SHAPE=128x6408
DTYPE=FP32
WARMUP=45
SAMPLES_PER_BLOCK=31
BLOCKS=2
BATCH_N=64
PAIRS=6
QUALITY_GATE=NONE; retain all numeric samples
PAIR=1 SIDE=parent RC=0 START=2026-10-07T22:10:55.636502324Z END=2026-10-07T22:11:02.060666709Z PREFIX=本地实验/R-W4-4/V060/partial-ranking/local-pair01-parent-r128-w6408-fp32
PAIR=1 SIDE=candidate RC=0 START=2026-10-07T22:11:02.065160871Z END=2026-10-07T22:11:08.420221021Z PREFIX=本地实验/R-W4-4/V060/partial-ranking/local-pair01-candidate-r128-w6408-fp32
PAIR=2 SIDE=candidate RC=0 START=2026-10-07T22:11:08.424520939Z END=2026-10-07T22:11:15.953206634Z PREFIX=本地实验/R-W4-4/V060/partial-ranking/local-pair02-candidate-r128-w6408-fp32
PAIR=2 SIDE=parent RC=0 START=2026-10-07T22:11:15.958710921Z END=2026-10-07T22:11:22.311484914Z PREFIX=本地实验/R-W4-4/V060/partial-ranking/local-pair02-parent-r128-w6408-fp32
PAIR=3 SIDE=parent RC=0 START=2026-10-07T22:11:22.317111723Z END=2026-10-07T22:11:29.663914624Z PREFIX=本地实验/R-W4-4/V060/partial-ranking/local-pair03-parent-r128-w6408-fp32
PAIR=3 SIDE=candidate RC=0 START=2026-10-07T22:11:29.669968449Z END=2026-10-07T22:11:36.610027351Z PREFIX=本地实验/R-W4-4/V060/partial-ranking/local-pair03-candidate-r128-w6408-fp32
PAIR=4 SIDE=candidate RC=0 START=2026-10-07T22:11:36.616630094Z END=2026-10-07T22:11:42.994867298Z PREFIX=本地实验/R-W4-4/V060/partial-ranking/local-pair04-candidate-r128-w6408-fp32
PAIR=4 SIDE=parent RC=0 START=2026-10-07T22:11:43.009772830Z END=2026-10-07T22:11:50.972994296Z PREFIX=本地实验/R-W4-4/V060/partial-ranking/local-pair04-parent-r128-w6408-fp32
PAIR=5 SIDE=parent RC=0 START=2026-10-07T22:11:50.980510352Z END=2026-10-07T22:11:57.922826915Z PREFIX=本地实验/R-W4-4/V060/partial-ranking/local-pair05-parent-r128-w6408-fp32
PAIR=5 SIDE=candidate RC=0 START=2026-10-07T22:11:57.934411354Z END=2026-10-07T22:12:04.487019971Z PREFIX=本地实验/R-W4-4/V060/partial-ranking/local-pair05-candidate-r128-w6408-fp32
PAIR=6 SIDE=candidate RC=0 START=2026-10-07T22:12:04.492728919Z END=2026-10-07T22:12:11.433994492Z PREFIX=本地实验/R-W4-4/V060/partial-ranking/local-pair06-candidate-r128-w6408-fp32
PAIR=6 SIDE=parent RC=0 START=2026-10-07T22:12:11.439511017Z END=2026-10-07T22:12:18.781906868Z PREFIX=本地实验/R-W4-4/V060/partial-ranking/local-pair06-parent-r128-w6408-fp32
V060_LOCAL_END_UTC=2026-10-07T22:12:20.073705290Z
