LOCAL_BLOCK1_START_UTC=2026-10-08T02:05:10Z
LOCAL_SAMPLE case=fp16-128x128 pair=01 order=P,C parent_device_us=23.4600 candidate_device_us=20.0800 parent_gelem_s=0.698380 candidate_gelem_s=0.815936 parent_wall_us=177.2780 candidate_wall_us=91.1290 paired_delta_us=-3.3800
LOCAL_SAMPLE case=fp16-128x128 pair=02 order=C,P parent_device_us=30.1200 candidate_device_us=17.7200 parent_gelem_s=0.543957 candidate_gelem_s=0.924605 parent_wall_us=93.5290 candidate_wall_us=115.4790 paired_delta_us=-12.4000
LOCAL_SAMPLE case=fp16-128x128 pair=03 order=P,C parent_device_us=10.3200 candidate_device_us=6.4600 parent_gelem_s=1.587597 candidate_gelem_s=2.536223 parent_wall_us=89.5990 candidate_wall_us=79.6200 paired_delta_us=-3.8600
LOCAL_SAMPLE case=fp16-128x128 pair=04 order=C,P parent_device_us=14.6600 candidate_device_us=6.3000 parent_gelem_s=1.117599 candidate_gelem_s=2.600635 parent_wall_us=74.7690 candidate_wall_us=65.4390 paired_delta_us=-8.3600
LOCAL_SAMPLE case=fp16-128x128 pair=05 order=P,C parent_device_us=17.8600 candidate_device_us=10.0600 parent_gelem_s=0.917357 candidate_gelem_s=1.628628 parent_wall_us=71.3790 candidate_wall_us=73.3400 paired_delta_us=-7.8000
LOCAL_SAMPLE case=fp16-128x128 pair=06 order=C,P parent_device_us=13.4600 candidate_device_us=19.9000 parent_gelem_s=1.217236 candidate_gelem_s=0.823317 parent_wall_us=70.5990 candidate_wall_us=70.7790 paired_delta_us=6.4400
LOCAL_SAMPLE case=fp16-128x128 pair=07 order=P,C parent_device_us=14.4800 candidate_device_us=18.8800 parent_gelem_s=1.131492 candidate_gelem_s=0.867797 parent_wall_us=73.9390 candidate_wall_us=73.3000 paired_delta_us=4.4000
LOCAL_SAMPLE case=fp16-128x128 pair=08 order=C,P parent_device_us=24.6000 candidate_device_us=17.0800 parent_gelem_s=0.666016 candidate_gelem_s=0.959251 parent_wall_us=71.6590 candidate_wall_us=71.4190 paired_delta_us=-7.5200
LOCAL_SAMPLE case=fp16-128x128 pair=09 order=P,C parent_device_us=15.1200 candidate_device_us=15.9000 parent_gelem_s=1.083598 candidate_gelem_s=1.030440 parent_wall_us=71.6890 candidate_wall_us=69.9600 paired_delta_us=0.7800
LOCAL_SAMPLE case=fp16-128x128 pair=10 order=C,P parent_device_us=16.9400 candidate_device_us=17.9800 parent_gelem_s=0.967178 candidate_gelem_s=0.911235 parent_wall_us=73.2490 candidate_wall_us=72.6390 paired_delta_us=1.0400
LOCAL_SAMPLE case=fp16-128x128 pair=11 order=P,C parent_device_us=18.1200 candidate_device_us=17.6200 parent_gelem_s=0.904194 candidate_gelem_s=0.929852 parent_wall_us=71.4990 candidate_wall_us=71.9800 paired_delta_us=-0.5000
LOCAL_SAMPLE case=fp16-128x128 pair=12 order=C,P parent_device_us=16.1000 candidate_device_us=17.4600 parent_gelem_s=1.017640 candidate_gelem_s=0.938373 parent_wall_us=71.4790 candidate_wall_us=71.0490 paired_delta_us=1.3600
LOCAL_SAMPLE case=fp16-128x128 pair=13 order=P,C parent_device_us=15.1000 candidate_device_us=17.3400 parent_gelem_s=1.085033 candidate_gelem_s=0.944867 parent_wall_us=74.1290 candidate_wall_us=70.4500 paired_delta_us=2.2400
LOCAL_SAMPLE case=fp16-128x128 pair=14 order=C,P parent_device_us=15.2600 candidate_device_us=6.1000 parent_gelem_s=1.073657 candidate_gelem_s=2.685902 parent_wall_us=70.9190 candidate_wall_us=69.4690 paired_delta_us=-9.1600
LOCAL_SAMPLE case=fp16-128x128 pair=15 order=P,C parent_device_us=13.4200 candidate_device_us=16.9000 parent_gelem_s=1.220864 candidate_gelem_s=0.969467 parent_wall_us=75.6400 candidate_wall_us=72.0900 paired_delta_us=3.4800
LOCAL_SAMPLE case=fp16-128x128 pair=16 order=C,P parent_device_us=17.0800 candidate_device_us=15.4800 parent_gelem_s=0.959251 candidate_gelem_s=1.058398 parent_wall_us=71.3390 candidate_wall_us=70.8990 paired_delta_us=-1.6000
LOCAL_SAMPLE case=fp16-128x128 pair=17 order=P,C parent_device_us=19.5800 candidate_device_us=6.7600 parent_gelem_s=0.836772 candidate_gelem_s=2.423669 parent_wall_us=76.7900 candidate_wall_us=73.4600 paired_delta_us=-12.8200
LOCAL_SAMPLE case=fp16-128x128 pair=18 order=C,P parent_device_us=15.0600 candidate_device_us=19.4200 parent_gelem_s=1.087915 candidate_gelem_s=0.843666 parent_wall_us=71.1990 candidate_wall_us=70.7490 paired_delta_us=4.3600
LOCAL_SAMPLE case=fp16-128x128 pair=19 order=P,C parent_device_us=5.9400 candidate_device_us=15.5800 parent_gelem_s=2.758249 candidate_gelem_s=1.051605 parent_wall_us=73.0500 candidate_wall_us=68.4800 paired_delta_us=9.6400
LOCAL_SAMPLE case=fp16-128x128 pair=20 order=C,P parent_device_us=16.9600 candidate_device_us=11.3600 parent_gelem_s=0.966038 candidate_gelem_s=1.442254 parent_wall_us=67.4690 candidate_wall_us=85.5390 paired_delta_us=-5.6000
LOCAL_SAMPLE case=fp16-128x128 pair=21 order=P,C parent_device_us=12.7000 candidate_device_us=17.6800 parent_gelem_s=1.290079 candidate_gelem_s=0.926697 parent_wall_us=74.0790 candidate_wall_us=75.3600 paired_delta_us=4.9800
LOCAL_SAMPLE case=fp16-128x128 pair=22 order=C,P parent_device_us=17.7600 candidate_device_us=18.7400 parent_gelem_s=0.922523 candidate_gelem_s=0.874280 parent_wall_us=73.4390 candidate_wall_us=72.7500 paired_delta_us=0.9800
LOCAL_SAMPLE case=fp16-128x128 pair=23 order=P,C parent_device_us=10.2800 candidate_device_us=16.6800 parent_gelem_s=1.593774 candidate_gelem_s=0.982254 parent_wall_us=98.8690 candidate_wall_us=73.6990 paired_delta_us=6.4000
LOCAL_SAMPLE case=fp16-128x128 pair=24 order=C,P parent_device_us=19.7200 candidate_device_us=18.7600 parent_gelem_s=0.830832 candidate_gelem_s=0.873348 parent_wall_us=71.9500 candidate_wall_us=73.9790 paired_delta_us=-0.9600
LOCAL_SAMPLE case=fp16-128x128 pair=25 order=P,C parent_device_us=19.1800 candidate_device_us=6.2000 parent_gelem_s=0.854223 candidate_gelem_s=2.642581 parent_wall_us=115.5290 candidate_wall_us=122.0890 paired_delta_us=-12.9800
LOCAL_SAMPLE case=fp16-128x128 pair=26 order=C,P parent_device_us=6.4600 candidate_device_us=15.4400 parent_gelem_s=2.536223 candidate_gelem_s=1.061140 parent_wall_us=80.0800 candidate_wall_us=77.0700 paired_delta_us=8.9800
LOCAL_SAMPLE case=fp16-128x128 pair=27 order=P,C parent_device_us=6.1600 candidate_device_us=20.7600 parent_gelem_s=2.659740 candidate_gelem_s=0.789210 parent_wall_us=66.0690 candidate_wall_us=74.0990 paired_delta_us=14.6000
LOCAL_SAMPLE case=fp16-128x128 pair=28 order=C,P parent_device_us=15.6600 candidate_device_us=16.5400 parent_gelem_s=1.046232 candidate_gelem_s=0.990568 parent_wall_us=76.4100 candidate_wall_us=77.9790 paired_delta_us=0.8800
LOCAL_SAMPLE case=fp16-128x128 pair=29 order=P,C parent_device_us=19.3400 candidate_device_us=15.9000 parent_gelem_s=0.847156 candidate_gelem_s=1.030440 parent_wall_us=79.1490 candidate_wall_us=80.9890 paired_delta_us=-3.4400
LOCAL_SAMPLE case=fp16-128x128 pair=30 order=C,P parent_device_us=6.9000 candidate_device_us=15.3800 parent_gelem_s=2.374493 candidate_gelem_s=1.065280 parent_wall_us=75.5890 candidate_wall_us=76.4590 paired_delta_us=8.4800
LOCAL_SAMPLE case=fp16-128x128 pair=31 order=P,C parent_device_us=6.7200 candidate_device_us=18.2800 parent_gelem_s=2.438095 candidate_gelem_s=0.896280 parent_wall_us=78.6900 candidate_wall_us=75.4790 paired_delta_us=11.5600
LOCAL_STATS case=fp16-128x128 metric=device_us binary=PARENT_R31B_V011 n=31 median=15.2600 mean=15.3071 stdev=5.5685 cv=0.36379 min=5.9400 max=30.1200 mad=2.6000 p10=6.7200 p90=19.7200
LOCAL_STATS case=fp16-128x128 metric=device_us binary=CANDIDATE_V053 n=31 median=16.9000 mean=15.3142 stdev=4.5524 cv=0.29727 min=6.1000 max=20.7600 mad=1.4600 p10=6.4600 p90=19.4200
LOCAL_STATS case=fp16-128x128 metric=wall_us binary=PARENT_R31B_V011 n=31 median=73.9390 mean=80.0340 stdev=20.6464 cv=0.25797 min=66.0690 max=177.2780 mad=2.5600 p10=70.9190 p90=93.5290
LOCAL_STATS case=fp16-128x128 metric=wall_us binary=CANDIDATE_V053 n=31 median=73.3400 mean=77.0071 stdev=12.2565 cv=0.15916 min=65.4390 max=122.0890 mad=2.5610 p10=69.9600 p90=85.5390
LOCAL_STATS case=fp16-128x128 metric=gelem_s binary=PARENT_R31B_V011 n=31 median=1.0737 mean=1.2656 stdev=0.6178 cv=0.48819 min=0.5440 max=2.7582 mad=0.1695 p10=0.8308 p90=2.4381
LOCAL_STATS case=fp16-128x128 metric=gelem_s binary=CANDIDATE_V053 n=31 median=0.9695 mean=1.2425 stdev=0.6191 cv=0.49830 min=0.7892 max=2.6859 mad=0.0917 p10=0.8437 p90=2.5362
LOCAL_STATS case=fp16-128x128 metric=paired_delta_us binary=CANDIDATE_MINUS_PARENT n=31 median=0.8800 mean=0.0071 stdev=7.2831 cv=1026.22968 min=-12.9800 max=14.6000 mad=4.7400 p10=-9.1600 p90=8.9800
LOCAL_RESULT route=SYNC-BARRIER-ELISION-X revision=V053 device=3 shape=128x128 dtype=fp16 samples=31 parent_median_us=15.2600 candidate_median_us=16.9000 parent_median_gelem_s=1.073657 candidate_median_gelem_s=0.969467 local_delta_us=0.8800 local_score_percent=-5.766718 candidate_minus_parent_percent=5.766718
