PARENT_QUALIFICATION_RUN2_UTC=2026-10-08T02:03:12Z
SAME_BINARY_SAMPLE binary=PARENT_R31B_V011 case=fp16-128x128 pair=01 order=A,B first_device_us=6.9800 second_device_us=21.9800 first_gelem_s=2.347278 second_gelem_s=0.745405 first_wall_us=2668.0880 second_wall_us=86.9190 second_minus_first_us=15.0000
SAME_BINARY_SAMPLE binary=PARENT_R31B_V011 case=fp16-128x128 pair=02 order=B,A first_device_us=7.5200 second_device_us=22.5000 first_gelem_s=2.178723 second_gelem_s=0.728178 first_wall_us=71.5990 second_wall_us=67.1190 second_minus_first_us=14.9800
SAME_BINARY_SAMPLE binary=PARENT_R31B_V011 case=fp16-128x128 pair=03 order=A,B first_device_us=6.9600 second_device_us=6.2600 first_gelem_s=2.354023 second_gelem_s=2.617252 first_wall_us=65.1390 second_wall_us=63.9090 second_minus_first_us=-0.7000
SAME_BINARY_SAMPLE binary=PARENT_R31B_V011 case=fp16-128x128 pair=04 order=B,A first_device_us=21.2800 second_device_us=14.8800 first_gelem_s=0.769925 second_gelem_s=1.101075 first_wall_us=74.6390 second_wall_us=61.6290 second_minus_first_us=-6.4000
SAME_BINARY_SAMPLE binary=PARENT_R31B_V011 case=fp16-128x128 pair=05 order=A,B first_device_us=7.1200 second_device_us=23.9000 first_gelem_s=2.301124 second_gelem_s=0.685523 first_wall_us=75.2390 second_wall_us=72.7290 second_minus_first_us=16.7800
SAME_BINARY_SAMPLE binary=PARENT_R31B_V011 case=fp16-128x128 pair=06 order=B,A first_device_us=6.3800 second_device_us=22.8800 first_gelem_s=2.568025 second_gelem_s=0.716084 first_wall_us=65.3290 second_wall_us=72.6490 second_minus_first_us=16.5000
SAME_BINARY_SAMPLE binary=PARENT_R31B_V011 case=fp16-128x128 pair=07 order=A,B first_device_us=5.9000 second_device_us=6.0600 first_gelem_s=2.776949 second_gelem_s=2.703630 first_wall_us=72.0090 second_wall_us=76.7990 second_minus_first_us=0.1600
SAME_BINARY_SAMPLE binary=PARENT_R31B_V011 case=fp16-128x128 pair=08 order=B,A first_device_us=33.5800 second_device_us=24.2600 first_gelem_s=0.487909 second_gelem_s=0.675350 first_wall_us=97.2790 second_wall_us=100.1980 second_minus_first_us=-9.3200
SAME_BINARY_SAMPLE binary=PARENT_R31B_V011 case=fp16-128x128 pair=09 order=A,B first_device_us=30.8000 second_device_us=22.9600 first_gelem_s=0.531948 second_gelem_s=0.713589 first_wall_us=85.2990 second_wall_us=74.1590 second_minus_first_us=-7.8400
SAME_BINARY_SAMPLE binary=PARENT_R31B_V011 case=fp16-128x128 pair=10 order=B,A first_device_us=7.0600 second_device_us=6.4400 first_gelem_s=2.320680 second_gelem_s=2.544099 first_wall_us=72.8990 second_wall_us=72.7490 second_minus_first_us=-0.6200
SAME_BINARY_SAMPLE binary=PARENT_R31B_V011 case=fp16-128x128 pair=11 order=A,B first_device_us=7.2200 second_device_us=6.6400 first_gelem_s=2.269252 second_gelem_s=2.467470 first_wall_us=63.2390 second_wall_us=65.7690 second_minus_first_us=-0.5800
SAME_BINARY_SAMPLE binary=PARENT_R31B_V011 case=fp16-128x128 pair=12 order=B,A first_device_us=7.1600 second_device_us=6.4600 first_gelem_s=2.288268 second_gelem_s=2.536223 first_wall_us=62.7690 second_wall_us=72.9690 second_minus_first_us=-0.7000
SAME_BINARY_SAMPLE binary=PARENT_R31B_V011 case=fp16-128x128 pair=13 order=A,B first_device_us=6.3400 second_device_us=7.7800 first_gelem_s=2.584227 second_gelem_s=2.105913 first_wall_us=110.3790 second_wall_us=78.5190 second_minus_first_us=1.4400
SAME_BINARY_SAMPLE binary=PARENT_R31B_V011 case=fp16-128x128 pair=14 order=B,A first_device_us=7.1200 second_device_us=30.2800 first_gelem_s=2.301124 second_gelem_s=0.541083 first_wall_us=72.8190 second_wall_us=81.7990 second_minus_first_us=23.1600
SAME_BINARY_SAMPLE binary=PARENT_R31B_V011 case=fp16-128x128 pair=15 order=A,B first_device_us=7.7800 second_device_us=6.8400 first_gelem_s=2.105913 second_gelem_s=2.395322 first_wall_us=64.2890 second_wall_us=74.2490 second_minus_first_us=-0.9400
SAME_BINARY_SAMPLE binary=PARENT_R31B_V011 case=fp16-128x128 pair=16 order=B,A first_device_us=8.2400 second_device_us=6.0800 first_gelem_s=1.988349 second_gelem_s=2.694737 first_wall_us=66.5590 second_wall_us=72.3090 second_minus_first_us=-2.1600
SAME_BINARY_SAMPLE binary=PARENT_R31B_V011 case=fp16-128x128 pair=17 order=A,B first_device_us=23.2200 second_device_us=7.7400 first_gelem_s=0.705599 second_gelem_s=2.116796 first_wall_us=61.1190 second_wall_us=73.6290 second_minus_first_us=-15.4800
SAME_BINARY_SAMPLE binary=PARENT_R31B_V011 case=fp16-128x128 pair=18 order=B,A first_device_us=6.3800 second_device_us=6.3200 first_gelem_s=2.568025 second_gelem_s=2.592405 first_wall_us=66.6390 second_wall_us=64.4190 second_minus_first_us=-0.0600
SAME_BINARY_SAMPLE binary=PARENT_R31B_V011 case=fp16-128x128 pair=19 order=A,B first_device_us=23.4000 second_device_us=26.4600 first_gelem_s=0.700171 second_gelem_s=0.619199 first_wall_us=63.7490 second_wall_us=72.4090 second_minus_first_us=3.0600
SAME_BINARY_SAMPLE binary=PARENT_R31B_V011 case=fp16-128x128 pair=20 order=B,A first_device_us=6.0800 second_device_us=6.7600 first_gelem_s=2.694737 second_gelem_s=2.423669 first_wall_us=66.5190 second_wall_us=66.8990 second_minus_first_us=0.6800
SAME_BINARY_SAMPLE binary=PARENT_R31B_V011 case=fp16-128x128 pair=21 order=A,B first_device_us=6.3200 second_device_us=7.0000 first_gelem_s=2.592405 second_gelem_s=2.340571 first_wall_us=66.7690 second_wall_us=64.3590 second_minus_first_us=0.6800
SAME_BINARY_SAMPLE binary=PARENT_R31B_V011 case=fp16-128x128 pair=22 order=B,A first_device_us=6.5400 second_device_us=7.1200 first_gelem_s=2.505199 second_gelem_s=2.301124 first_wall_us=64.6490 second_wall_us=66.7590 second_minus_first_us=0.5800
SAME_BINARY_SAMPLE binary=PARENT_R31B_V011 case=fp16-128x128 pair=23 order=A,B first_device_us=6.8600 second_device_us=6.5600 first_gelem_s=2.388338 second_gelem_s=2.497561 first_wall_us=75.6890 second_wall_us=73.2090 second_minus_first_us=-0.3000
SAME_BINARY_SAMPLE binary=PARENT_R31B_V011 case=fp16-128x128 pair=24 order=B,A first_device_us=5.9200 second_device_us=25.2000 first_gelem_s=2.767568 second_gelem_s=0.650159 first_wall_us=76.4890 second_wall_us=71.2790 second_minus_first_us=19.2800
SAME_BINARY_SAMPLE binary=PARENT_R31B_V011 case=fp16-128x128 pair=25 order=A,B first_device_us=6.2000 second_device_us=6.8200 first_gelem_s=2.642581 second_gelem_s=2.402346 first_wall_us=65.0490 second_wall_us=72.0390 second_minus_first_us=0.6200
SAME_BINARY_SAMPLE binary=PARENT_R31B_V011 case=fp16-128x128 pair=26 order=B,A first_device_us=6.6000 second_device_us=6.0200 first_gelem_s=2.482424 second_gelem_s=2.721595 first_wall_us=64.8590 second_wall_us=70.9500 second_minus_first_us=-0.5800
SAME_BINARY_SAMPLE binary=PARENT_R31B_V011 case=fp16-128x128 pair=27 order=A,B first_device_us=20.9400 second_device_us=7.0600 first_gelem_s=0.782426 second_gelem_s=2.320680 first_wall_us=70.7390 second_wall_us=74.4390 second_minus_first_us=-13.8800
SAME_BINARY_SAMPLE binary=PARENT_R31B_V011 case=fp16-128x128 pair=28 order=B,A first_device_us=23.3400 second_device_us=6.8200 first_gelem_s=0.701971 second_gelem_s=2.402346 first_wall_us=73.9690 second_wall_us=72.8390 second_minus_first_us=-16.5200
SAME_BINARY_SAMPLE binary=PARENT_R31B_V011 case=fp16-128x128 pair=29 order=A,B first_device_us=7.1800 second_device_us=7.8200 first_gelem_s=2.281894 second_gelem_s=2.095141 first_wall_us=72.5690 second_wall_us=68.7090 second_minus_first_us=0.6400
SAME_BINARY_SAMPLE binary=PARENT_R31B_V011 case=fp16-128x128 pair=30 order=B,A first_device_us=7.0600 second_device_us=7.6000 first_gelem_s=2.320680 second_gelem_s=2.155789 first_wall_us=70.5890 second_wall_us=65.2000 second_minus_first_us=0.5400
SAME_BINARY_SAMPLE binary=PARENT_R31B_V011 case=fp16-128x128 pair=31 order=A,B first_device_us=7.9000 second_device_us=8.3200 first_gelem_s=2.073924 second_gelem_s=1.969231 first_wall_us=64.7600 second_wall_us=72.7690 second_minus_first_us=0.4200
LOCAL_STATS case=PARENT_R31B_V011 metric=device_us binary=same_binary_first n=31 median=7.1200 mean=11.0123 stdev=8.1250 cv=0.73781 min=5.9000 max=33.5800 mad=0.7400 p10=6.2000 p90=23.3400
LOCAL_STATS case=PARENT_R31B_V011 metric=device_us binary=same_binary_second n=31 median=7.1200 mean=12.2523 stdev=8.2110 cv=0.67016 min=6.0200 max=30.2800 mad=0.8000 p10=6.2600 p90=24.2600
LOCAL_STATS case=PARENT_R31B_V011 metric=paired_delta_us binary=same_binary_second_minus_first n=31 median=0.1600 mean=1.2400 stdev=9.6260 cv=7.76292 min=-16.5200 max=23.1600 mad=1.1000 p10=-9.3200 p90=16.5000
LOCAL_STATS case=PARENT_R31B_V011 metric=gelem_s binary=same_binary_first n=31 median=2.3011 mean=2.0123 stdev=0.7630 cv=0.37915 min=0.4879 max=2.7769 mad=0.2669 p10=0.7020 p90=2.6426
LOCAL_STATS case=PARENT_R31B_V011 metric=gelem_s binary=same_binary_second n=31 median=2.3011 mean=1.8574 stdev=0.8230 cv=0.44310 min=0.5411 max=2.7216 mad=0.2913 p10=0.6754 p90=2.6173
LOCAL_STATS case=PARENT_R31B_V011 metric=wall_us binary=same_binary_first n=31 median=70.5890 mean=155.2171 stdev=466.4821 cv=3.00535 min=61.1190 max=2668.0880 mad=5.2600 p10=63.7490 p90=85.2990
LOCAL_STATS case=PARENT_R31B_V011 metric=wall_us binary=same_binary_second n=31 median=72.6490 mean=72.3994 stdev=7.4427 cv=0.10280 min=61.6290 max=100.1980 mad=1.7900 p10=64.4190 p90=78.5190
SAME_BINARY_QUALIFICATION binary=PARENT_R31B_V011 case=fp16-128x128 samples=31 first_mad_over_median=0.103933 second_mad_over_median=0.112360 median_drift_fraction=0.000000
SAME_BINARY_SUMMARY binary=PARENT_R31B_V011 device=3 shape=128x128 dtype=fp16 samples=31
