CANDIDATE_QUALIFICATION_UTC=2026-10-08T02:02:20Z
SAME_BINARY_SAMPLE binary=CANDIDATE_V053 case=fp16-128x128 pair=01 order=A,B first_device_us=19.1200 second_device_us=27.3600 first_gelem_s=0.856904 second_gelem_s=0.598830 first_wall_us=160.8880 second_wall_us=92.6790 second_minus_first_us=8.2400
SAME_BINARY_SAMPLE binary=CANDIDATE_V053 case=fp16-128x128 pair=02 order=B,A first_device_us=6.7800 second_device_us=6.7600 first_gelem_s=2.416519 second_gelem_s=2.423669 first_wall_us=71.2790 second_wall_us=69.4890 second_minus_first_us=-0.0200
SAME_BINARY_SAMPLE binary=CANDIDATE_V053 case=fp16-128x128 pair=03 order=A,B first_device_us=6.9200 second_device_us=6.1600 first_gelem_s=2.367630 second_gelem_s=2.659740 first_wall_us=67.5590 second_wall_us=76.5880 second_minus_first_us=-0.7600
SAME_BINARY_SAMPLE binary=CANDIDATE_V053 case=fp16-128x128 pair=04 order=B,A first_device_us=6.2800 second_device_us=5.9200 first_gelem_s=2.608917 second_gelem_s=2.767568 first_wall_us=65.1490 second_wall_us=66.0690 second_minus_first_us=-0.3600
SAME_BINARY_SAMPLE binary=CANDIDATE_V053 case=fp16-128x128 pair=05 order=A,B first_device_us=6.2600 second_device_us=6.4000 first_gelem_s=2.617252 second_gelem_s=2.560000 first_wall_us=64.8090 second_wall_us=63.8590 second_minus_first_us=0.1400
SAME_BINARY_SAMPLE binary=CANDIDATE_V053 case=fp16-128x128 pair=06 order=B,A first_device_us=6.4400 second_device_us=6.4200 first_gelem_s=2.544099 second_gelem_s=2.552025 first_wall_us=65.7490 second_wall_us=92.7190 second_minus_first_us=-0.0200
SAME_BINARY_SAMPLE binary=CANDIDATE_V053 case=fp16-128x128 pair=07 order=A,B first_device_us=18.9800 second_device_us=21.1200 first_gelem_s=0.863224 second_gelem_s=0.775758 first_wall_us=67.9790 second_wall_us=66.2390 second_minus_first_us=2.1400
SAME_BINARY_SAMPLE binary=CANDIDATE_V053 case=fp16-128x128 pair=08 order=B,A first_device_us=6.9600 second_device_us=6.0000 first_gelem_s=2.354023 second_gelem_s=2.730667 first_wall_us=76.4580 second_wall_us=64.6690 second_minus_first_us=-0.9600
SAME_BINARY_SAMPLE binary=CANDIDATE_V053 case=fp16-128x128 pair=09 order=A,B first_device_us=6.4800 second_device_us=6.5600 first_gelem_s=2.528395 second_gelem_s=2.497561 first_wall_us=66.6090 second_wall_us=65.1990 second_minus_first_us=0.0800
SAME_BINARY_SAMPLE binary=CANDIDATE_V053 case=fp16-128x128 pair=10 order=B,A first_device_us=6.3600 second_device_us=6.2000 first_gelem_s=2.576101 second_gelem_s=2.642581 first_wall_us=67.5590 second_wall_us=66.0090 second_minus_first_us=-0.1600
SAME_BINARY_SAMPLE binary=CANDIDATE_V053 case=fp16-128x128 pair=11 order=A,B first_device_us=6.3600 second_device_us=6.0600 first_gelem_s=2.576101 second_gelem_s=2.703630 first_wall_us=65.0890 second_wall_us=64.6790 second_minus_first_us=-0.3000
SAME_BINARY_SAMPLE binary=CANDIDATE_V053 case=fp16-128x128 pair=12 order=B,A first_device_us=6.4600 second_device_us=6.4600 first_gelem_s=2.536223 second_gelem_s=2.536223 first_wall_us=64.2890 second_wall_us=65.1190 second_minus_first_us=0.0000
SAME_BINARY_SAMPLE binary=CANDIDATE_V053 case=fp16-128x128 pair=13 order=A,B first_device_us=6.1200 second_device_us=6.1600 first_gelem_s=2.677124 second_gelem_s=2.659740 first_wall_us=65.4390 second_wall_us=64.1390 second_minus_first_us=0.0400
SAME_BINARY_SAMPLE binary=CANDIDATE_V053 case=fp16-128x128 pair=14 order=B,A first_device_us=6.1600 second_device_us=6.3400 first_gelem_s=2.659740 second_gelem_s=2.584227 first_wall_us=64.7190 second_wall_us=65.7990 second_minus_first_us=0.1800
SAME_BINARY_SAMPLE binary=CANDIDATE_V053 case=fp16-128x128 pair=15 order=A,B first_device_us=6.5600 second_device_us=6.5800 first_gelem_s=2.497561 second_gelem_s=2.489970 first_wall_us=65.5590 second_wall_us=65.0890 second_minus_first_us=0.0200
SAME_BINARY_SAMPLE binary=CANDIDATE_V053 case=fp16-128x128 pair=16 order=B,A first_device_us=6.5400 second_device_us=6.3000 first_gelem_s=2.505199 second_gelem_s=2.600635 first_wall_us=78.9190 second_wall_us=67.8000 second_minus_first_us=-0.2400
SAME_BINARY_SAMPLE binary=CANDIDATE_V053 case=fp16-128x128 pair=17 order=A,B first_device_us=6.8600 second_device_us=18.1600 first_gelem_s=2.388338 second_gelem_s=0.902203 first_wall_us=68.6690 second_wall_us=67.1490 second_minus_first_us=11.3000
SAME_BINARY_SAMPLE binary=CANDIDATE_V053 case=fp16-128x128 pair=18 order=B,A first_device_us=6.2600 second_device_us=6.1000 first_gelem_s=2.617252 second_gelem_s=2.685902 first_wall_us=68.9290 second_wall_us=66.5290 second_minus_first_us=-0.1600
SAME_BINARY_SAMPLE binary=CANDIDATE_V053 case=fp16-128x128 pair=19 order=A,B first_device_us=6.4800 second_device_us=16.4000 first_gelem_s=2.528395 second_gelem_s=0.999024 first_wall_us=66.6490 second_wall_us=63.8790 second_minus_first_us=9.9200
SAME_BINARY_SAMPLE binary=CANDIDATE_V053 case=fp16-128x128 pair=20 order=B,A first_device_us=6.0600 second_device_us=18.4800 first_gelem_s=2.703630 second_gelem_s=0.886580 first_wall_us=64.1790 second_wall_us=64.4290 second_minus_first_us=12.4200
SAME_BINARY_SAMPLE binary=CANDIDATE_V053 case=fp16-128x128 pair=21 order=A,B first_device_us=17.6600 second_device_us=18.7800 first_gelem_s=0.927746 second_gelem_s=0.872417 first_wall_us=73.1190 second_wall_us=63.0100 second_minus_first_us=1.1200
SAME_BINARY_SAMPLE binary=CANDIDATE_V053 case=fp16-128x128 pair=22 order=B,A first_device_us=16.7000 second_device_us=6.4800 first_gelem_s=0.981078 second_gelem_s=2.528395 first_wall_us=64.5490 second_wall_us=63.9200 second_minus_first_us=-10.2200
SAME_BINARY_SAMPLE binary=CANDIDATE_V053 case=fp16-128x128 pair=23 order=A,B first_device_us=6.5800 second_device_us=6.2200 first_gelem_s=2.489970 second_gelem_s=2.634084 first_wall_us=65.1890 second_wall_us=76.8590 second_minus_first_us=-0.3600
SAME_BINARY_SAMPLE binary=CANDIDATE_V053 case=fp16-128x128 pair=24 order=B,A first_device_us=18.5600 second_device_us=6.4200 first_gelem_s=0.882759 second_gelem_s=2.552025 first_wall_us=66.7190 second_wall_us=65.4790 second_minus_first_us=-12.1400
SAME_BINARY_SAMPLE binary=CANDIDATE_V053 case=fp16-128x128 pair=25 order=A,B first_device_us=18.1400 second_device_us=6.3400 first_gelem_s=0.903197 second_gelem_s=2.584227 first_wall_us=64.1990 second_wall_us=65.5490 second_minus_first_us=-11.8000
SAME_BINARY_SAMPLE binary=CANDIDATE_V053 case=fp16-128x128 pair=26 order=B,A first_device_us=6.4600 second_device_us=18.4000 first_gelem_s=2.536223 second_gelem_s=0.890435 first_wall_us=64.9090 second_wall_us=63.4590 second_minus_first_us=11.9400
SAME_BINARY_SAMPLE binary=CANDIDATE_V053 case=fp16-128x128 pair=27 order=A,B first_device_us=19.3600 second_device_us=20.1800 first_gelem_s=0.846281 second_gelem_s=0.811893 first_wall_us=64.1890 second_wall_us=63.7090 second_minus_first_us=0.8200
SAME_BINARY_SAMPLE binary=CANDIDATE_V053 case=fp16-128x128 pair=28 order=B,A first_device_us=17.3400 second_device_us=8.5600 first_gelem_s=0.944867 second_gelem_s=1.914019 first_wall_us=62.4790 second_wall_us=74.7990 second_minus_first_us=-8.7800
SAME_BINARY_SAMPLE binary=CANDIDATE_V053 case=fp16-128x128 pair=29 order=A,B first_device_us=6.7600 second_device_us=6.7000 first_gelem_s=2.423669 second_gelem_s=2.445373 first_wall_us=68.5290 second_wall_us=65.1900 second_minus_first_us=-0.0600
SAME_BINARY_SAMPLE binary=CANDIDATE_V053 case=fp16-128x128 pair=30 order=B,A first_device_us=24.1200 second_device_us=6.2800 first_gelem_s=0.679270 second_gelem_s=2.608917 first_wall_us=73.4190 second_wall_us=67.2090 second_minus_first_us=-17.8400
SAME_BINARY_SAMPLE binary=CANDIDATE_V053 case=fp16-128x128 pair=31 order=A,B first_device_us=5.8800 second_device_us=9.4200 first_gelem_s=2.786395 second_gelem_s=1.739278 first_wall_us=65.5990 second_wall_us=76.7590 second_minus_first_us=3.5400
LOCAL_STATS case=CANDIDATE_V053 metric=device_us binary=same_binary_first n=31 median=6.5600 mean=10.0645 stdev=5.8473 cv=0.58098 min=5.8800 max=24.1200 mad=0.3000 p10=6.1600 p90=18.9800
LOCAL_STATS case=CANDIDATE_V053 metric=device_us binary=same_binary_second n=31 median=6.4600 mean=9.9910 stdev=6.1712 cv=0.61768 min=5.9200 max=27.3600 mad=0.3000 p10=6.1000 p90=18.7800
LOCAL_STATS case=CANDIDATE_V053 metric=paired_delta_us binary=same_binary_second_minus_first n=31 median=-0.0200 mean=-0.0735 stdev=6.8267 cv=-92.81964 min=-17.8400 max=12.4200 mad=0.7400 p10=-10.2200 p90=9.9200
LOCAL_STATS case=CANDIDATE_V053 metric=gelem_s binary=same_binary_first n=31 median=2.4976 mean=2.0588 stdev=0.7759 cv=0.37686 min=0.6793 max=2.7864 mad=0.1197 p10=0.8632 p90=2.6597
LOCAL_STATS case=CANDIDATE_V053 metric=gelem_s binary=same_binary_second n=31 median=2.5362 mean=2.0915 stdev=0.7785 cv=0.37222 min=0.5988 max=2.7676 mad=0.1235 p10=0.8724 p90=2.6859
LOCAL_STATS case=CANDIDATE_V053 metric=wall_us binary=same_binary_first n=31 median=65.7490 mean=70.3025 stdev=17.2302 cv=0.24509 min=62.4790 max=160.8880 mad=1.5500 p10=64.1990 p90=73.4190
LOCAL_STATS case=CANDIDATE_V053 metric=wall_us binary=same_binary_second n=31 median=65.5490 mean=68.5185 stdev=7.5668 cv=0.11044 min=63.0100 max=92.7190 mad=1.6000 p10=63.8590 p90=76.7590
SAME_BINARY_QUALIFICATION binary=CANDIDATE_V053 case=fp16-128x128 samples=31 first_mad_over_median=0.045732 second_mad_over_median=0.046440 median_drift_fraction=0.015361
SAME_BINARY_SUMMARY binary=CANDIDATE_V053 device=3 shape=128x128 dtype=fp16 samples=31
