	linux-vdso.so.1 (0x0000ffff91b61000)
	libwide_x_fresh4.so => /tmp/WIDE-X-FRESH4-V001-build-20260925/cmake-build/libwide_x_fresh4.so (0x0000ffff91a70000)
	libascendcl.so => /usr/local/Ascend/ascend-toolkit/latest/lib64/libascendcl.so (0x0000ffff91850000)
	libstdc++.so.6 => /lib/aarch64-linux-gnu/libstdc++.so.6 (0x0000ffff91620000)
	libm.so.6 => /lib/aarch64-linux-gnu/libm.so.6 (0x0000ffff91580000)
	libgcc_s.so.1 => /lib/aarch64-linux-gnu/libgcc_s.so.1 (0x0000ffff91550000)
	libc.so.6 => /lib/aarch64-linux-gnu/libc.so.6 (0x0000ffff913a0000)
	libregister.so => /usr/local/Ascend/ascend-toolkit/latest/lib64/libregister.so (0x0000ffff906f0000)
	libplatform.so => /usr/local/Ascend/ascend-toolkit/latest/lib64/libplatform.so (0x0000ffff90590000)
	libunified_dlog.so => /usr/local/Ascend/ascend-toolkit/latest/lib64/libunified_dlog.so (0x0000ffff90540000)
	libgraph_base.so => /usr/local/Ascend/ascend-toolkit/latest/lib64/libgraph_base.so (0x0000ffff8fd80000)
	/lib/ld-linux-aarch64.so.1 (0x0000ffff91b28000)
	libruntime.so => /usr/local/Ascend/ascend-toolkit/latest/lib64/libruntime.so (0x0000ffff8fcb0000)
	liberror_manager.so => /usr/local/Ascend/ascend-toolkit/latest/lib64/liberror_manager.so (0x0000ffff8fc30000)
	libprofapi.so => /usr/local/Ascend/ascend-toolkit/latest/lib64/libprofapi.so (0x0000ffff8fbf0000)
	libascendalog.so => /usr/local/Ascend/ascend-toolkit/latest/lib64/libascendalog.so (0x0000ffff8fba0000)
	libmmpa.so => /usr/local/Ascend/ascend-toolkit/latest/lib64/libmmpa.so (0x0000ffff8fb70000)
	libascend_dump.so => /usr/local/Ascend/ascend-toolkit/latest/lib64/libascend_dump.so (0x0000ffff8fa30000)
	libc_sec.so => /usr/local/Ascend/ascend-toolkit/latest/lib64/libc_sec.so (0x0000ffff8f9f0000)
	libmsprofiler.so => /usr/local/Ascend/ascend-toolkit/latest/lib64/libmsprofiler.so (0x0000ffff8f640000)
	libgert.so => /usr/local/Ascend/ascend-toolkit/latest/lib64/libgert.so (0x0000ffff8ede0000)
	libascendcl_impl.so => /usr/local/Ascend/ascend-toolkit/latest/lib64/libascendcl_impl.so (0x0000ffff8ed20000)
	librt.so.1 => /lib/aarch64-linux-gnu/librt.so.1 (0x0000ffff8ed00000)
	libdl.so.2 => /lib/aarch64-linux-gnu/libdl.so.2 (0x0000ffff8ece0000)
	libge_executor.so => /usr/local/Ascend/ascend-toolkit/latest/lib64/libge_executor.so (0x0000ffff8ebd0000)
	libgraph.so => /usr/local/Ascend/ascend-toolkit/latest/lib64/libgraph.so (0x0000ffff8e9b0000)
	libascend_watchdog.so => /usr/local/Ascend/ascend-toolkit/latest/lib64/libascend_watchdog.so (0x0000ffff8e980000)
	libascend_protobuf.so.3.13.0.0 => /usr/local/Ascend/ascend-toolkit/latest/lib64/libascend_protobuf.so.3.13.0.0 (0x0000ffff8e450000)
	libpthread.so.0 => /lib/aarch64-linux-gnu/libpthread.so.0 (0x0000ffff8e430000)
	libopp_registry.so => /usr/local/Ascend/ascend-toolkit/latest/lib64/libopp_registry.so (0x0000ffff8e3a0000)
	libmetadef.so => /usr/local/Ascend/ascend-toolkit/latest/lib64/libmetadef.so (0x0000ffff8e260000)
	libruntime_common.so => /usr/local/Ascend/ascend-toolkit/latest/lib64/libruntime_common.so (0x0000ffff8e200000)
	libascend_hal.so => /usr/local/Ascend/driver/lib64/driver/libascend_hal.so (0x0000ffff8dd90000)
	libhybrid_executor.so => /usr/local/Ascend/ascend-toolkit/latest/lib64/libhybrid_executor.so (0x0000ffff8d930000)
	libdavinci_executor.so => /usr/local/Ascend/ascend-toolkit/latest/lib64/libdavinci_executor.so (0x0000ffff8d450000)
	libge_common.so => /usr/local/Ascend/ascend-toolkit/latest/lib64/libge_common.so (0x0000ffff8d310000)
	libge_common_base.so => /usr/local/Ascend/ascend-toolkit/latest/lib64/libge_common_base.so (0x0000ffff8cd60000)
	libexe_graph.so => /usr/local/Ascend/ascend-toolkit/latest/lib64/libexe_graph.so (0x0000ffff8cd00000)
	liblowering.so => /usr/local/Ascend/ascend-toolkit/latest/lib64/liblowering.so (0x0000ffff8cc10000)
	libascend_trace.so => /usr/local/Ascend/ascend-toolkit/latest/lib64/libascend_trace.so (0x0000ffff8c1d0000)
