Thu Oct  8 06:09:06 UTC 2026
hwnput3
c++ (Ubuntu 11.4.0-1ubuntu1~22.04.3) 11.4.0
Copyright (C) 2021 Free Software Foundation, Inc.
This is free software; see the source for copying conditions.  There is NO
warranty; not even for MERCHANTABILITY or FITNESS FOR A PARTICULAR PURPOSE.

build/r02_runner 54584 2026-10-08 03:46:32.159955118 +0000
build/libr02_parent.so 530176 2026-10-08 03:46:30.979944676 +0000
build/libr02_candidate.so 530216 2026-10-08 03:46:30.931944251 +0000
# CMAKE generated file: DO NOT EDIT!
# Generated by "Unix Makefiles" Generator, CMake Version 3.22

# compile CXX with /usr/bin/c++
CXX_DEFINES = 

CXX_INCLUDES = -I/home/data4t2/lelinfeng/cann/server_runs/W4-R02/V002/support -I/usr/local/Ascend/ascend-toolkit/8.5.0.alpha002/aarch64-linux/include

CXX_FLAGS = -std=gnu++17

/usr/bin/c++ CMakeFiles/r02_runner.dir/runner_main.cpp.o -o r02_runner   -L/home/data4t2/lelinfeng/cann/server_runs/W4-R02/V002/build  -Wl,-rpath,"/usr/local/Ascend/ascend-toolkit/8.5.0.alpha002/aarch64-linux/lib64:/usr/local/Ascend/ascend-toolkit/8.5.0.alpha002/lib64:/usr/local/Ascend/driver/lib64/driver:/usr/local/Ascend/driver/lib64/common:\$ORIGIN:/home/data4t2/lelinfeng/cann/server_runs/W4-R02/V002/build" -lr02_parent -lr02_candidate /usr/local/Ascend/ascend-toolkit/8.5.0.alpha002/aarch64-linux/lib64/libascendcl.so -ldl -lm 
make: Entering directory '/home/data4t2/lelinfeng/cann/server_runs/W4-R02/V002/build'
Building CXX object CMakeFiles/r02_runner.dir/runner_main.cpp.o
/usr/bin/c++  -I/home/data4t2/lelinfeng/cann/server_runs/W4-R02/V002/support -I/usr/local/Ascend/ascend-toolkit/8.5.0.alpha002/aarch64-linux/include -std=gnu++17 -MD -MT CMakeFiles/r02_runner.dir/runner_main.cpp.o -MF CMakeFiles/r02_runner.dir/runner_main.cpp.o.d -o CMakeFiles/r02_runner.dir/runner_main.cpp.o -c /home/data4t2/lelinfeng/cann/server_runs/W4-R02/V002/support/runner_main.cpp
Linking CXX executable r02_runner
/usr/bin/cmake -E cmake_link_script CMakeFiles/r02_runner.dir/link.txt --verbose=1
/usr/bin/c++ CMakeFiles/r02_runner.dir/runner_main.cpp.o -o r02_runner   -L/home/data4t2/lelinfeng/cann/server_runs/W4-R02/V002/build  -Wl,-rpath,"/usr/local/Ascend/ascend-toolkit/8.5.0.alpha002/aarch64-linux/lib64:/usr/local/Ascend/ascend-toolkit/8.5.0.alpha002/lib64:/usr/local/Ascend/driver/lib64/driver:/usr/local/Ascend/driver/lib64/common:\$ORIGIN:/home/data4t2/lelinfeng/cann/server_runs/W4-R02/V002/build" -lr02_parent -lr02_candidate /usr/local/Ascend/ascend-toolkit/8.5.0.alpha002/aarch64-linux/lib64/libascendcl.so -ldl -lm 
make: Leaving directory '/home/data4t2/lelinfeng/cann/server_runs/W4-R02/V002/build'
build/r02_runner 54640 2026-10-08 06:09:07.617594273 +0000
build/libr02_parent.so 530176 2026-10-08 03:46:30.979944676 +0000
build/libr02_candidate.so 530216 2026-10-08 03:46:30.931944251 +0000
Usage: build/r02_runner DEVICE WIDTH DTYPE MODE SIDE WARMUPS SAMPLES BLOCKS OUTPUT.tsv
DTYPE: fp32 | fp16 | bf16; MODE: correctness-only | same | paired | paired-parent; SIDE: parent | candidate | -
paired-parent uses Parent in both logical slots and preserves the shared output address.
correctness-only requires SIDE parent/candidate and WARMUPS=0 SAMPLES=0 BLOCKS=1; no events or timing.
same requires >=45 warmups, >=21 samples, >=2 blocks; paired requires >=4 blocks.
Thu Oct  8 06:09:08 UTC 2026
