COMPILE_START_UTC=2026-10-07T12:54:49Z
-- The CXX compiler identification is Clang 15.0.5
-- Detecting CXX compiler ABI info
-- Detecting CXX compiler ABI info - done
-- Check for working CXX compiler: /usr/local/Ascend/ascend-toolkit/8.5.0.alpha002/aarch64-linux/ccec_compiler/bin/bisheng - skipped
-- Detecting CXX compile features
-- Detecting CXX compile features - done
-- Configuring done
-- Generating done
-- Build files have been written to: /tmp/cann-row-scale-hoist-x-v036-compile-20261007T1252Z
Built target device
[100%] Building CXX object CMakeFiles/submission.dir/src/adapter.cpp.o
In file included from /home/data4t2/lelinfeng/cann-row-scale-hoist-x-w4/本地实验/ROW-SCALE-HOIST-X/V036/compile/src/adapter.cpp:15:
/home/data4t2/lelinfeng/cann-row-scale-hoist-x-w4/本地实验/ROW-SCALE-HOIST-X/V036/compile/src/submission.asc:1109:55: error: use of undeclared identifier 'invRmsHalf'
                AscendC::Muls(outputTile, outputTile, invRmsHalf, kTileElems);
                                                      ^
1 error generated.
In file included from /home/data4t2/lelinfeng/cann-row-scale-hoist-x-w4/本地实验/ROW-SCALE-HOIST-X/V036/compile/src/adapter.cpp:15:
/home/data4t2/lelinfeng/cann-row-scale-hoist-x-w4/本地实验/ROW-SCALE-HOIST-X/V036/compile/src/submission.asc:1109:55: error: use of undeclared identifier 'invRmsHalf'
                AscendC::Muls(outputTile, outputTile, invRmsHalf, kTileElems);
                                                      ^
1 error generated.
gmake[3]: *** [CMakeFiles/submission.dir/build.make:76: CMakeFiles/submission.dir/src/adapter.cpp.o] Error 1
gmake[2]: *** [CMakeFiles/Makefile2:113: CMakeFiles/submission.dir/all] Error 2
gmake[1]: *** [CMakeFiles/Makefile2:120: CMakeFiles/submission.dir/rule] Error 2
gmake: *** [Makefile:137: submission] Error 2
