DEVICE_ID=4 FREE_HBM_MB=6553 ROUTE=W4-R12 REVISION=V002 STAGE=PROFILE_OBSERVATION
2026-10-09T11:17:28Z
	NPU ID                         : 4
	Chip Count                     : 1

	DDR Capacity(MB)               : 0
	DDR Usage Rate(%)              : 0
	DDR Hugepages Total(page)      : 0
	DDR Hugepages Usage Rate(%)    : 0
	HBM Capacity(MB)               : 65536
	HBM Usage Rate(%)              : 90
	Aicore Usage Rate(%)           : 0
	Aivector Usage Rate(%)         : 0
	Aicpu Usage Rate(%)            : 0
	Ctrlcpu Usage Rate(%)          : 7
	DDR Bandwidth Usage Rate(%)    : 0
	HBM Bandwidth Usage Rate(%)    : 0
	Chip ID                        : 0

42.95 50.98 55.40 21/20216 906023
[INFO] Start profiling...
RESOURCE stage=before_correctness free_hbm_mb=6286.253906 total_hbm_mb=62420.000000
PROBE shape=1x64 dtype=FP32 epsilon=9.99999975e-06 availableCoreNum=8 blockCount=1 localRows=1 path=generic_cached_row warmup=60 blocks=2 pairs_per_block=31 batch_n=1
CORRECTNESS result=PASS reference=CPU_FP64 failures=0 elements=64 max_abs=1.9249022242817659e-07 require_all_elements=YES sentinel=NaN launch_ordinal=1
RESOURCE stage=before_local free_hbm_mb=6286.253906 total_hbm_mb=62420.000000
RESOURCE stage=after_local free_hbm_mb=6286.253906 total_hbm_mb=62420.000000
SAMPLES count=124 measured_launch_first=62 measured_launch_last=185 same_binary=YES candidate=NONE
RUN_COMPLETE result=0 host_launch_calls=185 RUNNING_DEVICE_OPERATION=NONE
[INFO] Start export data in PROF_000001_20261009111731154_JIADNFIQAHRMCFCB.
Fri 09 Oct 2026 11:17:34 [INFO] [MSVP] [906849] msprof_common.py: Start analyzing data in "/home/data4t2/lelinfeng/server_runs/W4-R12/candidate-v002-20261009/results/kernel-task/PROF_000001_20261009111731154_JIADNFIQAHRMCFCB/host" ...
Fri 09 Oct 2026 11:17:34 [INFO] [MSVP] [906849] msprof_common.py: It may take few minutes, please be patient ...
Fri 09 Oct 2026 11:17:35 [INFO] [MSVP] [906849] msprof_common.py: Analysis data in "/home/data4t2/lelinfeng/server_runs/W4-R12/candidate-v002-20261009/results/kernel-task/PROF_000001_20261009111731154_JIADNFIQAHRMCFCB/host" finished.
Fri 09 Oct 2026 11:17:35 [INFO] [MSVP] [906849] msprof_common.py: Start analyzing data in "/home/data4t2/lelinfeng/server_runs/W4-R12/candidate-v002-20261009/results/kernel-task/PROF_000001_20261009111731154_JIADNFIQAHRMCFCB/device_4" ...
Fri 09 Oct 2026 11:17:35 [INFO] [MSVP] [906849] msprof_common.py: It may take few minutes, please be patient ...
Fri 09 Oct 2026 11:17:35 [INFO] [MSVP] [906849] msprof_common.py: Analysis data in "/home/data4t2/lelinfeng/server_runs/W4-R12/candidate-v002-20261009/results/kernel-task/PROF_000001_20261009111731154_JIADNFIQAHRMCFCB/device_4" finished.
Fri 09 Oct 2026 11:17:35 [INFO] [MSVP] [906849] msprof_export.py: All collected data will be exported, path is: /home/data4t2/lelinfeng/server_runs/W4-R12/candidate-v002-20261009/results/kernel-task/PROF_000001_20261009111731154_JIADNFIQAHRMCFCB/device_4.
Fri 09 Oct 2026 11:17:35 [INFO] [MSVP] [906849] msprof_export.py: There is no timeline data to export for "/home/data4t2/lelinfeng/server_runs/W4-R12/candidate-v002-20261009/results/kernel-task/PROF_000001_20261009111731154_JIADNFIQAHRMCFCB/host"
Fri 09 Oct 2026 11:17:36 [INFO] [MSVP] [907291] msprof_export.py: The data in "/home/data4t2/lelinfeng/server_runs/W4-R12/candidate-v002-20261009/results/kernel-task/PROF_000001_20261009111731154_JIADNFIQAHRMCFCB/host" has been analyzed. Parsing phase will be skipped.
Fri 09 Oct 2026 11:17:36 [INFO] [MSVP] [907291] msprof_export.py: The data in "/home/data4t2/lelinfeng/server_runs/W4-R12/candidate-v002-20261009/results/kernel-task/PROF_000001_20261009111731154_JIADNFIQAHRMCFCB/device_4" has been analyzed. Parsing phase will be skipped.
Fri 09 Oct 2026 11:17:36 [INFO] [MSVP] [907291] msprof_export.py: All collected data will be exported, path is: /home/data4t2/lelinfeng/server_runs/W4-R12/candidate-v002-20261009/results/kernel-task/PROF_000001_20261009111731154_JIADNFIQAHRMCFCB/device_4.
Fri 09 Oct 2026 11:17:36 [INFO] [MSVP] [907291] msprof_export.py: There is no summary data to export for "/home/data4t2/lelinfeng/server_runs/W4-R12/candidate-v002-20261009/results/kernel-task/PROF_000001_20261009111731154_JIADNFIQAHRMCFCB/host"
Fri 09 Oct 2026 11:17:37 [INFO] [MSVP] [907291] msprof_export.py: All collected data will be exported, path is: /home/data4t2/lelinfeng/server_runs/W4-R12/candidate-v002-20261009/results/kernel-task/PROF_000001_20261009111731154_JIADNFIQAHRMCFCB/device_4.
Fri 09 Oct 2026 11:17:37 [INFO] [MSVP] [907291] msprof_export.py: There is no summary data to export for "/home/data4t2/lelinfeng/server_runs/W4-R12/candidate-v002-20261009/results/kernel-task/PROF_000001_20261009111731154_JIADNFIQAHRMCFCB/device_4"
Fri 09 Oct 2026 11:17:37 [INFO] [MSVP] [907291] msprof_common.py: Start exporting summary output_file.
Fri 09 Oct 2026 11:17:37 [INFO] [MSVP] [907291] msprof_common.py: End exporting summary output_file.The file is stored in the /home/data4t2/lelinfeng/server_runs/W4-R12/candidate-v002-20261009/results/kernel-task/PROF_000001_20261009111731154_JIADNFIQAHRMCFCB/mindstudio_profiler_output path.
[INFO] Export all data in PROF_000001_20261009111731154_JIADNFIQAHRMCFCB done.
[INFO] Start query data in PROF_000001_20261009111731154_JIADNFIQAHRMCFCB.
Job Info	Device ID	Dir Name	Collection Time           	Model ID	Iteration Number	Top Time Iteration	Rank ID	

NA      	         	host    	2026-10-09 11:17:31.158438	N/A     	N/A             	N/A               	-1     	

NA      	4        	device_4	2026-10-09 11:17:31.644077	N/A     	N/A             	N/A               	-1     	

[INFO] Query all data in PROF_000001_20261009111731154_JIADNFIQAHRMCFCB done.
[INFO] Profiling finished.
[INFO] Process profiling data complete. Data is saved in /home/data4t2/lelinfeng/server_runs/W4-R12/candidate-v002-20261009/results/kernel-task/PROF_000001_20261009111731154_JIADNFIQAHRMCFCB
2026-10-09T11:17:38Z
	NPU ID                         : 4
	Chip Count                     : 1

	DDR Capacity(MB)               : 0
	DDR Usage Rate(%)              : 0
	DDR Hugepages Total(page)      : 0
	DDR Hugepages Usage Rate(%)    : 0
	HBM Capacity(MB)               : 65536
	HBM Usage Rate(%)              : 90
	Aicore Usage Rate(%)           : 0
	Aivector Usage Rate(%)         : 0
	Aicpu Usage Rate(%)            : 0
	Ctrlcpu Usage Rate(%)          : 7
	DDR Bandwidth Usage Rate(%)    : 0
	HBM Bandwidth Usage Rate(%)    : 0
	Chip ID                        : 0

41.18 50.33 55.14 21/20151 907999
RUNNING_DEVICE_OPERATION=NONE
