-- Configuring done
-- Generating done
-- Build files have been written to: /home/data4t2/lelinfeng/phase4-workspaces/CROSSROW-FULL-PIPELINE-CHAMPION-X/V019/build
[ 50%] Building ASC object CMakeFiles/crossrow_v001.dir/compile_adapter.asc.o
/tmp/asc_plugin_binary_register_code-2fc627.c:3:10: fatal error: 'vector' file not found
#include <vector>
         ^~~~~~~~
1 error generated.
cceld: ccec ReturnCode: 1
cceld: ExecutionFailed: 0
cceld: ErrMsg: 
cceld: ccec ReturnCode: 1
cceld: ObjcopyExecutionFailed: 0
cceld: ObjcopyErrMsg: 
cceld: ccec ReturnCode: 1
cceld: RelocatedLinkedExecutionFailed: 0
cceld: RelocatedLinkedObjcopyErrMsg: 
cceld: ccec ReturnCode: 1
cceld: LocalFixedExecutionFailed: 0
cceld: LocalFixedErrMsg: 
cceld: Linker ReturnCode: 1
cceld: ExecutionFailed: 0
cceld: ErrMsg: 
/usr/local/Ascend/ascend-toolkit/8.5.0.alpha002/aarch64-linux/ccec_compiler/bin/llvm-objcopy: error: '/tmp/cce_all_link-f6408f.o': No such file or directory
ld.lld: error: cannot open /tmp/cce_all_link-f6408f.o: No such file or directory
/usr/local/Ascend/ascend-toolkit/8.5.0.alpha002/aarch64-linux/ccec_compiler/bin/llvm-objcopy: error: '/tmp/cce_relocated_linked_static_object-9bc823.o': The file was not recognized as a valid object file
ld.lld: error: target emulation unknown: -m or at least one .o file required
bisheng: error: linker command failed with exit code 1 (use -v to see invocation)
gmake[2]: *** [CMakeFiles/crossrow_v001.dir/build.make:76: CMakeFiles/crossrow_v001.dir/compile_adapter.asc.o] Error 1
gmake[1]: *** [CMakeFiles/Makefile2:83: CMakeFiles/crossrow_v001.dir/all] Error 2
gmake: *** [Makefile:91: all] Error 2
