CAPTURE_UTC=2026-10-07T23:46:58Z
HOST=hwnput3
METHOD=3 interleaved blocks; order P-C, C-P, P-C; 20 warmups and 32 samples per invocation
ASCEND_ENV_SOURCE_EXIT=0

WINDOW=PARENT_BLOCK1
DISPATCH_AUDIT={"label":"PARENT","dtype":"fp32","shape":[40,2050],"vector_cores":40,"launch_blocks":40,"local_rows_min":1,"local_rows_max":1,"selected_branch":"ProcessNarrowMidOverlap","candidate_source_delta_executed":false}
CORRECTNESS status=PASS matched_ratio=1.000000000 max_abs_error=1.54972076e-06
RUNNER_RESULT={"label":"PARENT","device":0,"dtype":"fp32","shape":[40,2050],"vector_cores":40,"warmups":20,"samples":32,"full_logical_io_bytes":1000400,"raw_device_us":[29.379999,24.779999,25.200001,35.900002,22.100000,22.620001,20.559999,7.820000,20.660000,33.039997,20.760000,23.139999,22.340000,17.699999,7.880001,15.900001,7.340000,7.760000,7.700000,18.920000,7.480000,22.719999,37.859997,19.500000,20.719999,8.240001,19.640001,8.780000,28.080000,19.500000,11.760000,8.460000],"median_device_us":20.100000,"mean_device_us":18.882504,"mad_device_us":6.733749}
WALL_ELAPSED_SEC=4.55
RUNNER_EXIT_CODE=0

WINDOW=CANDIDATE_BLOCK1
DISPATCH_AUDIT={"label":"CANDIDATE","dtype":"fp32","shape":[40,2050],"vector_cores":40,"launch_blocks":40,"local_rows_min":1,"local_rows_max":1,"selected_branch":"ProcessNarrowMidOverlap","candidate_source_delta_executed":true}
CORRECTNESS status=PASS matched_ratio=1.000000000 max_abs_error=1.43051147e-06
RUNNER_RESULT={"label":"CANDIDATE","device":0,"dtype":"fp32","shape":[40,2050],"vector_cores":40,"warmups":20,"samples":32,"full_logical_io_bytes":1000400,"raw_device_us":[27.960001,22.800001,9.440001,9.180000,8.080000,16.500000,8.220000,8.300000,7.280000,8.840000,19.139999,18.619999,7.220000,12.020000,13.179999,11.900001,7.540000,11.420000,9.340000,10.980000,27.699999,8.700000,8.820000,13.020000,8.400000,9.139999,20.020000,18.559999,29.980000,9.880000,8.860001,8.540000],"median_device_us":9.660000,"mean_device_us":13.111875,"mad_device_us":4.618125}
WALL_ELAPSED_SEC=4.85
RUNNER_EXIT_CODE=0

WINDOW=CANDIDATE_BLOCK2
DISPATCH_AUDIT={"label":"CANDIDATE","dtype":"fp32","shape":[40,2050],"vector_cores":40,"launch_blocks":40,"local_rows_min":1,"local_rows_max":1,"selected_branch":"ProcessNarrowMidOverlap","candidate_source_delta_executed":true}
CORRECTNESS status=PASS matched_ratio=1.000000000 max_abs_error=1.43051147e-06
RUNNER_RESULT={"label":"CANDIDATE","device":0,"dtype":"fp32","shape":[40,2050],"vector_cores":40,"warmups":20,"samples":32,"full_logical_io_bytes":1000400,"raw_device_us":[19.099998,22.639999,20.180000,7.380000,7.900000,7.740000,8.420000,7.920000,17.639999,19.200001,19.219999,7.440000,8.040000,17.940001,17.900000,18.060001,7.920000,8.040000,7.860000,19.700001,7.460000,8.000000,22.120001,21.679998,19.440001,8.560000,20.300001,22.040001,18.799999,8.320000,16.920000,7.920000],"median_device_us":17.279999,"mean_device_us":14.118750,"mad_device_us":5.628751}
WALL_ELAPSED_SEC=3.96
RUNNER_EXIT_CODE=0

WINDOW=PARENT_BLOCK2
DISPATCH_AUDIT={"label":"PARENT","dtype":"fp32","shape":[40,2050],"vector_cores":40,"launch_blocks":40,"local_rows_min":1,"local_rows_max":1,"selected_branch":"ProcessNarrowMidOverlap","candidate_source_delta_executed":false}
CORRECTNESS status=PASS matched_ratio=1.000000000 max_abs_error=1.54972076e-06
RUNNER_RESULT={"label":"PARENT","device":0,"dtype":"fp32","shape":[40,2050],"vector_cores":40,"warmups":20,"samples":32,"full_logical_io_bytes":1000400,"raw_device_us":[19.219999,27.059999,20.220001,8.139999,20.880001,8.580000,20.480000,7.500000,25.660000,18.880001,7.720000,8.240001,17.420000,20.400002,19.640001,10.980000,18.440001,16.699999,7.840000,20.120001,7.760000,25.240000,17.279999,18.880001,16.219999,21.760000,18.320000,17.559999,16.459999,16.960001,17.720001,17.859999],"median_device_us":17.790001,"mean_device_us":16.754375,"mad_device_us":4.061876}
WALL_ELAPSED_SEC=3.55
RUNNER_EXIT_CODE=0

WINDOW=PARENT_BLOCK3
DISPATCH_AUDIT={"label":"PARENT","dtype":"fp32","shape":[40,2050],"vector_cores":40,"launch_blocks":40,"local_rows_min":1,"local_rows_max":1,"selected_branch":"ProcessNarrowMidOverlap","candidate_source_delta_executed":false}
CORRECTNESS status=PASS matched_ratio=1.000000000 max_abs_error=1.54972076e-06
RUNNER_RESULT={"label":"PARENT","device":0,"dtype":"fp32","shape":[40,2050],"vector_cores":40,"warmups":20,"samples":32,"full_logical_io_bytes":1000400,"raw_device_us":[23.980000,25.240000,19.460001,15.440001,7.400000,13.840000,12.540000,8.740001,21.120001,14.259999,19.780001,10.880000,13.200000,15.740000,16.580000,21.940001,7.620000,7.440000,7.600000,8.540000,20.360001,24.839998,27.680000,21.240000,16.260000,18.619999,14.740000,16.340000,7.640000,18.160000,16.200001,19.420000],"median_device_us":16.230000,"mean_device_us":16.026251,"mad_device_us":4.662499}
WALL_ELAPSED_SEC=4.57
RUNNER_EXIT_CODE=0

WINDOW=CANDIDATE_BLOCK3
DISPATCH_AUDIT={"label":"CANDIDATE","dtype":"fp32","shape":[40,2050],"vector_cores":40,"launch_blocks":40,"local_rows_min":1,"local_rows_max":1,"selected_branch":"ProcessNarrowMidOverlap","candidate_source_delta_executed":true}
CORRECTNESS status=PASS matched_ratio=1.000000000 max_abs_error=1.43051147e-06
RUNNER_RESULT={"label":"CANDIDATE","device":0,"dtype":"fp32","shape":[40,2050],"vector_cores":40,"warmups":20,"samples":32,"full_logical_io_bytes":1000400,"raw_device_us":[39.540001,37.259998,20.640001,19.279999,7.580000,19.440001,18.700001,15.180000,16.400000,21.480000,21.260000,17.120001,16.559999,21.800001,20.220001,8.420000,15.540000,16.840000,18.940001,13.860001,6.820000,15.520000,7.380000,19.500000,17.799999,7.780000,19.900000,17.180000,16.459999,18.940001,7.920000,19.339998],"median_device_us":17.490000,"mean_device_us":17.518749,"mad_device_us":4.608750}
WALL_ELAPSED_SEC=4.76
RUNNER_EXIT_CODE=0

LOCAL_BATCH_COMPLETE_UTC=2026-10-07T23:47:24Z
