Consolidate compiler generated dependencies of target r14_param_mte2_fingerprint
[ 50%] Building ASC object CMakeFiles/r14_param_mte2_fingerprint.dir/main.asc.o
/home/data4t2/lelinfeng/server_runs/W4-R14/param-mte2-fingerprint-20261008/main.asc:133:17: warning: 'cce_global' attribute ignored when parsing type [-Wignored-attributes]
    run_kernel((GM_ADDR)xDevice.ptr, xInfo,
                ^~~~~~~
/usr/local/Ascend/ascend-toolkit/8.5.0.alpha002/compiler/tikcpp/tikcfw/impl/utils/kernel_utils_macros.h:18:17: note: expanded from macro 'GM_ADDR'
#define GM_ADDR __gm__ uint8_t*
                ^~~~~~
/usr/local/Ascend/ascend-toolkit/8.5.0.alpha002/aarch64-linux/ccec_compiler/lib/clang/15.0.5/include/__clang_cce_defines.h:47:31: note: expanded from macro '__gm__'
#define __gm__ __attribute__((cce_global))
                              ^~~~~~~~~~
/home/data4t2/lelinfeng/server_runs/W4-R14/param-mte2-fingerprint-20261008/main.asc:134:17: warning: 'cce_global' attribute ignored when parsing type [-Wignored-attributes]
               (GM_ADDR)residualDevice.ptr, residualInfo,
                ^~~~~~~
/usr/local/Ascend/ascend-toolkit/8.5.0.alpha002/compiler/tikcpp/tikcfw/impl/utils/kernel_utils_macros.h:18:17: note: expanded from macro 'GM_ADDR'
#define GM_ADDR __gm__ uint8_t*
                ^~~~~~
/usr/local/Ascend/ascend-toolkit/8.5.0.alpha002/aarch64-linux/ccec_compiler/lib/clang/15.0.5/include/__clang_cce_defines.h:47:31: note: expanded from macro '__gm__'
#define __gm__ __attribute__((cce_global))
                              ^~~~~~~~~~
/home/data4t2/lelinfeng/server_runs/W4-R14/param-mte2-fingerprint-20261008/main.asc:135:17: warning: 'cce_global' attribute ignored when parsing type [-Wignored-attributes]
               (GM_ADDR)gammaDevice.ptr, gammaInfo,
                ^~~~~~~
/usr/local/Ascend/ascend-toolkit/8.5.0.alpha002/compiler/tikcpp/tikcfw/impl/utils/kernel_utils_macros.h:18:17: note: expanded from macro 'GM_ADDR'
#define GM_ADDR __gm__ uint8_t*
                ^~~~~~
/usr/local/Ascend/ascend-toolkit/8.5.0.alpha002/aarch64-linux/ccec_compiler/lib/clang/15.0.5/include/__clang_cce_defines.h:47:31: note: expanded from macro '__gm__'
#define __gm__ __attribute__((cce_global))
                              ^~~~~~~~~~
/home/data4t2/lelinfeng/server_runs/W4-R14/param-mte2-fingerprint-20261008/main.asc:136:17: warning: 'cce_global' attribute ignored when parsing type [-Wignored-attributes]
               (GM_ADDR)biasDevice.ptr, biasInfo,
                ^~~~~~~
/usr/local/Ascend/ascend-toolkit/8.5.0.alpha002/compiler/tikcpp/tikcfw/impl/utils/kernel_utils_macros.h:18:17: note: expanded from macro 'GM_ADDR'
#define GM_ADDR __gm__ uint8_t*
                ^~~~~~
/usr/local/Ascend/ascend-toolkit/8.5.0.alpha002/aarch64-linux/ccec_compiler/lib/clang/15.0.5/include/__clang_cce_defines.h:47:31: note: expanded from macro '__gm__'
#define __gm__ __attribute__((cce_global))
                              ^~~~~~~~~~
/home/data4t2/lelinfeng/server_runs/W4-R14/param-mte2-fingerprint-20261008/main.asc:137:17: warning: 'cce_global' attribute ignored when parsing type [-Wignored-attributes]
               (GM_ADDR)outputDevice.ptr, outputInfo,
                ^~~~~~~
/usr/local/Ascend/ascend-toolkit/8.5.0.alpha002/compiler/tikcpp/tikcfw/impl/utils/kernel_utils_macros.h:18:17: note: expanded from macro 'GM_ADDR'
#define GM_ADDR __gm__ uint8_t*
                ^~~~~~
/usr/local/Ascend/ascend-toolkit/8.5.0.alpha002/aarch64-linux/ccec_compiler/lib/clang/15.0.5/include/__clang_cce_defines.h:47:31: note: expanded from macro '__gm__'
#define __gm__ __attribute__((cce_global))
                              ^~~~~~~~~~
5 warnings generated.
/home/data4t2/lelinfeng/server_runs/W4-R14/param-mte2-fingerprint-20261008/main.asc:133:17: warning: 'cce_global' attribute ignored when parsing type [-Wignored-attributes]
/usr/local/Ascend/ascend-toolkit/8.5.0.alpha002/compiler/tikcpp/tikcfw/impl/utils/kernel_utils_macros.h:18:17: note: expanded from macro 'GM_ADDR'
/usr/local/Ascend/ascend-toolkit/8.5.0.alpha002/aarch64-linux/ccec_compiler/lib/clang/15.0.5/include/__clang_cce_defines.h:47:31: note: expanded from macro '__gm__'
/home/data4t2/lelinfeng/server_runs/W4-R14/param-mte2-fingerprint-20261008/main.asc:134:17: warning: 'cce_global' attribute ignored when parsing type [-Wignored-attributes]
/usr/local/Ascend/ascend-toolkit/8.5.0.alpha002/compiler/tikcpp/tikcfw/impl/utils/kernel_utils_macros.h:18:17: note: expanded from macro 'GM_ADDR'
/usr/local/Ascend/ascend-toolkit/8.5.0.alpha002/aarch64-linux/ccec_compiler/lib/clang/15.0.5/include/__clang_cce_defines.h:47:31: note: expanded from macro '__gm__'
/home/data4t2/lelinfeng/server_runs/W4-R14/param-mte2-fingerprint-20261008/main.asc:135:17: warning: 'cce_global' attribute ignored when parsing type [-Wignored-attributes]
/usr/local/Ascend/ascend-toolkit/8.5.0.alpha002/compiler/tikcpp/tikcfw/impl/utils/kernel_utils_macros.h:18:17: note: expanded from macro 'GM_ADDR'
/usr/local/Ascend/ascend-toolkit/8.5.0.alpha002/aarch64-linux/ccec_compiler/lib/clang/15.0.5/include/__clang_cce_defines.h:47:31: note: expanded from macro '__gm__'
/home/data4t2/lelinfeng/server_runs/W4-R14/param-mte2-fingerprint-20261008/main.asc:136:17: warning: 'cce_global' attribute ignored when parsing type [-Wignored-attributes]
/usr/local/Ascend/ascend-toolkit/8.5.0.alpha002/compiler/tikcpp/tikcfw/impl/utils/kernel_utils_macros.h:18:17: note: expanded from macro 'GM_ADDR'
/usr/local/Ascend/ascend-toolkit/8.5.0.alpha002/aarch64-linux/ccec_compiler/lib/clang/15.0.5/include/__clang_cce_defines.h:47:31: note: expanded from macro '__gm__'
/home/data4t2/lelinfeng/server_runs/W4-R14/param-mte2-fingerprint-20261008/main.asc:137:17: warning: 'cce_global' attribute ignored when parsing type [-Wignored-attributes]
/usr/local/Ascend/ascend-toolkit/8.5.0.alpha002/compiler/tikcpp/tikcfw/impl/utils/kernel_utils_macros.h:18:17: note: expanded from macro 'GM_ADDR'
/usr/local/Ascend/ascend-toolkit/8.5.0.alpha002/aarch64-linux/ccec_compiler/lib/clang/15.0.5/include/__clang_cce_defines.h:47:31: note: expanded from macro '__gm__'
5 warnings generated.
Warning: please refer to the above warning message. 
Warning: please refer to the above warning message. 
Warning: please refer to the above warning message. 
Warning: please refer to the above warning message. 
Warning: please refer to the above warning message. 
Warning: please refer to the above warning message. 
Warning: please refer to the above warning message. 
Warning: please refer to the above warning message. 
Warning: please refer to the above warning message. 
Warning: please refer to the above warning message. 
Warning: please refer to the above warning message. 
Warning: please refer to the above warning message. 
Warning: please refer to the above warning message. 
Warning: please refer to the above warning message. 
Warning: please refer to the above warning message. 
[100%] Linking ASC executable r14_param_mte2_fingerprint
[100%] Built target r14_param_mte2_fingerprint
