2026-10-07 21:33:45 [WARN]  The option "--application" will be deprecated in future version. It is recommended to specify <app> [arguments] instead.
2026-10-07 21:33:45 [INFO]  Op profiling analysis start.
2026-10-07 21:33:45 [INFO]  Running device task: DeviceProf
[INFO] <ProfData> Start profiling on device 0, kernel: _Z24add_rms_norm_bias_customIfEvPhS0_S0_S0_S0_mmjff
[INFO] <WarmUp> Warm Up enabled. times:3
PARENT_RUN_OK rows=2 width=8192 dtype=fp32 device=0 vector_cores=1 bytes=65536
[INFO] <ProfData> Start profiling on device 0, kernel: _Z24add_rms_norm_bias_customIfEvPhS0_S0_S0_S0_mmjff
[INFO] <WarmUp> Warm Up enabled. times:3
PARENT_RUN_OK rows=2 width=8192 dtype=fp32 device=0 vector_cores=1 bytes=65536
[INFO] <ProfData> Start profiling on device 0, kernel: _Z24add_rms_norm_bias_customIfEvPhS0_S0_S0_S0_mmjff
[INFO] <WarmUp> Warm Up enabled. times:3
PARENT_RUN_OK rows=2 width=8192 dtype=fp32 device=0 vector_cores=1 bytes=65536
[INFO] <ProfData> Start profiling on device 0, kernel: _Z24add_rms_norm_bias_customIfEvPhS0_S0_S0_S0_mmjff
[INFO] <WarmUp> Warm Up enabled. times:3
PARENT_RUN_OK rows=2 width=8192 dtype=fp32 device=0 vector_cores=1 bytes=65536
2026-10-07 21:34:11 [INFO]  Profiling running finished. All task success.
2026-10-07 21:34:11 [INFO]  Start analyze kernel on device: device0, kernel: _Z24add_rms_norm_bias_customIfEvPhS0_S0_S0_S0_mmjff, name is: 0
2026-10-07 21:34:11 [INFO]  Save profiling data with metric [PipeUtilization] success.
2026-10-07 21:34:11 [INFO]  Save profiling data with metric [Memory] success.
2026-10-07 21:34:13 [INFO]  Performance Summary Report:

	1) MTE2 bandwidth utilization lower than 80% when active.
	2) MTE3 bandwidth utilization lower than 80% when active.
	3) aivector compute usage lower than 20%.

2026-10-07 21:34:13 [INFO]  Operator Basic Information:

	Op Name: add_rms_norm_bias_custom
	Op Type: vector
	Task Duration(us): 15.100302
	Block Dim: 1
	Mix Block Dim: 
	Device Id: 0
	Pid: 
	Current Freq: 1800
	Rated Freq: 1800

2026-10-07 21:34:13 [INFO]  Profiling results saved in /home/data4t2/lelinfeng/server_runs/W4-R14/param-mte2-fingerprint-20261008/profile_2x8192_fp32_singlecore/OPPROF_20261007213345_AUPARCVURRAWHQKH
2026-10-07 21:34:13 [INFO]  Profiling data parse finished.
2026-10-07 21:34:13 [INFO]  Op profiling finish. Welcome to next use.
