REVISION=V091
GATE=PARENT_CANDIDATE_CORRECTNESS
PARENT=R31B-V011
DEVICE=4
DTYPE=FP32
SHAPES=128x1020,128x1028,128x1036
C15=EXCLUDED_KNOWN_PARENT_FAILURE
PARTIAL_CORRECTNESS=YES
LOCAL_SCORE_COMPARABLE_TO_OFFICIAL=NO
START_UTC=2026-10-08T13:02:52.045207966Z
START_UTC=2026-10-08T13:02:52.048187280Z
COMMAND=本地实验/R-W4-4/V091/partial-ranking/stage/build-v091/clx_ref_parent_probe 4 128 1020 0 本地实验/R-W4-4/V091/partial-ranking/v091-parent-correctness-r128-w1020-fp32 0 1 1 0
RESULT variant=parent shape=128x1020 dtype=FP32 rc=0 bad=0 max_abs=1.43051e-06
END_UTC=2026-10-08T13:02:58.800358459Z
START_UTC=2026-10-08T13:02:58.811316191Z
COMMAND=本地实验/R-W4-4/V091/partial-ranking/stage/build-v091/clx_ref_candidate_probe 4 128 1020 0 本地实验/R-W4-4/V091/partial-ranking/v091-candidate-correctness-r128-w1020-fp32 0 1 1 0
RESULT variant=candidate shape=128x1020 dtype=FP32 rc=0 bad=0 max_abs=1.43051e-06
END_UTC=2026-10-08T13:03:06.140264463Z
START_UTC=2026-10-08T13:03:06.157056476Z
COMMAND=本地实验/R-W4-4/V091/partial-ranking/stage/build-v091/clx_ref_parent_probe 4 128 1028 0 本地实验/R-W4-4/V091/partial-ranking/v091-parent-correctness-r128-w1028-fp32 0 1 1 0
RESULT variant=parent shape=128x1028 dtype=FP32 rc=0 bad=0 max_abs=1.66893e-06
END_UTC=2026-10-08T13:03:12.498522724Z
START_UTC=2026-10-08T13:03:12.509881406Z
COMMAND=本地实验/R-W4-4/V091/partial-ranking/stage/build-v091/clx_ref_candidate_probe 4 128 1028 0 本地实验/R-W4-4/V091/partial-ranking/v091-candidate-correctness-r128-w1028-fp32 0 1 1 0
RESULT variant=candidate shape=128x1028 dtype=FP32 rc=0 bad=0 max_abs=1.66893e-06
END_UTC=2026-10-08T13:03:19.469251542Z
START_UTC=2026-10-08T13:03:19.503427668Z
COMMAND=本地实验/R-W4-4/V091/partial-ranking/stage/build-v091/clx_ref_parent_probe 4 128 1036 0 本地实验/R-W4-4/V091/partial-ranking/v091-parent-correctness-r128-w1036-fp32 0 1 1 0
RESULT variant=parent shape=128x1036 dtype=FP32 rc=0 bad=0 max_abs=1.43051e-06
END_UTC=2026-10-08T13:03:26.457492497Z
START_UTC=2026-10-08T13:03:26.468707241Z
COMMAND=本地实验/R-W4-4/V091/partial-ranking/stage/build-v091/clx_ref_candidate_probe 4 128 1036 0 本地实验/R-W4-4/V091/partial-ranking/v091-candidate-correctness-r128-w1036-fp32 0 1 1 0
RESULT variant=candidate shape=128x1036 dtype=FP32 rc=0 bad=0 max_abs=1.43051e-06
END_UTC=2026-10-08T13:03:33.204234106Z
END_UTC=2026-10-08T13:03:33.215079483Z
RESULT=PASS
