RUN_MODE=--correctness
DEVICE_ID=0
LOAD_SNAPSHOT=BEFORE
FREE_HBM_MB=8519
MIN_FREE_HBM_MB=100
DEVICE_LOAD:
	NPU ID                         : 0
	Chip Count                     : 1

	DDR Capacity(MB)               : 0
	DDR Usage Rate(%)              : 0
	DDR Hugepages Total(page)      : 0
	DDR Hugepages Usage Rate(%)    : 0
	HBM Capacity(MB)               : 65536
	HBM Usage Rate(%)              : 87
	Aicore Usage Rate(%)           : 0
	Aivector Usage Rate(%)         : 0
	Aicpu Usage Rate(%)            : 0
	Ctrlcpu Usage Rate(%)          : 5
	DDR Bandwidth Usage Rate(%)    : 0
	HBM Bandwidth Usage Rate(%)    : 0
	Chip ID                        : 0

OTHER_PROCESS_PRESENT=YES
LOAD_NOTE=measurement context only, not an admission gate
LOAD_SNAPSHOT=AFTER
/home/data4t2/lelinfeng/cann/本地实验/W4-R15/V001/build/r15_v001_paired_runner: /usr/local/Ascend/ascend-toolkit/8.5.0.alpha002/toolkit/toolchain/hcc/aarch64-target-linux-gnu/lib64/libstdc++.so.6: version `GLIBCXX_3.4.29' not found (required by /home/data4t2/lelinfeng/cann/本地实验/W4-R15/V001/build/r15_v001_paired_runner)
FREE_HBM_MB=8519
MIN_FREE_HBM_MB=100
DEVICE_LOAD:
	NPU ID                         : 0
	Chip Count                     : 1

	DDR Capacity(MB)               : 0
	DDR Usage Rate(%)              : 0
	DDR Hugepages Total(page)      : 0
	DDR Hugepages Usage Rate(%)    : 0
	HBM Capacity(MB)               : 65536
	HBM Usage Rate(%)              : 87
	Aicore Usage Rate(%)           : 0
	Aivector Usage Rate(%)         : 0
	Aicpu Usage Rate(%)            : 0
	Ctrlcpu Usage Rate(%)          : 5
	DDR Bandwidth Usage Rate(%)    : 0
	HBM Bandwidth Usage Rate(%)    : 0
	Chip ID                        : 0

OTHER_PROCESS_PRESENT=YES
LOAD_NOTE=measurement context only, not an admission gate
RUN_MODE=--correctness
DEVICE_ID=0
LOAD_SNAPSHOT=BEFORE
FREE_HBM_MB=8519
MIN_FREE_HBM_MB=100
DEVICE_LOAD:
	NPU ID                         : 0
	Chip Count                     : 1

	DDR Capacity(MB)               : 0
	DDR Usage Rate(%)              : 0
	DDR Hugepages Total(page)      : 0
	DDR Hugepages Usage Rate(%)    : 0
	HBM Capacity(MB)               : 65536
	HBM Usage Rate(%)              : 87
	Aicore Usage Rate(%)           : 0
	Aivector Usage Rate(%)         : 0
	Aicpu Usage Rate(%)            : 0
	Ctrlcpu Usage Rate(%)          : 2
	DDR Bandwidth Usage Rate(%)    : 0
	HBM Bandwidth Usage Rate(%)    : 0
	Chip ID                        : 0

OTHER_PROCESS_PRESENT=YES
LOAD_NOTE=measurement context only, not an admission gate
candidate correctness synchronize failed: 507035 (null)
INPUT_ADDRESS case=local-proxy-fp16-d12288 x=0x12c0c0013000 residual=0x12c0c0020000 gamma=0x12c0c002d000 bias=0x12c0c0034000 bytes=49152 param_bytes=24576
CASE_BEGIN name=local-proxy-fp16-d12288 dtype=fp16 rows=2 width=12288 device=0 warmup_each=45 pairs=21 samples_per_binary=21
LOAD_SNAPSHOT=AFTER
FREE_HBM_MB=8519
MIN_FREE_HBM_MB=100
DEVICE_LOAD:
	NPU ID                         : 0
	Chip Count                     : 1

	DDR Capacity(MB)               : 0
	DDR Usage Rate(%)              : 0
	DDR Hugepages Total(page)      : 0
	DDR Hugepages Usage Rate(%)    : 0
	HBM Capacity(MB)               : 65536
	HBM Usage Rate(%)              : 87
	Aicore Usage Rate(%)           : 0
	Aivector Usage Rate(%)         : 0
	Aicpu Usage Rate(%)            : 0
	Ctrlcpu Usage Rate(%)          : 9
	DDR Bandwidth Usage Rate(%)    : 0
	HBM Bandwidth Usage Rate(%)    : 0
	Chip ID                        : 0

OTHER_PROCESS_PRESENT=YES
LOAD_NOTE=measurement context only, not an admission gate
RUN_MODE=--correctness
DEVICE_ID=0
LOAD_SNAPSHOT=BEFORE
FREE_HBM_MB=8519
MIN_FREE_HBM_MB=100
DEVICE_LOAD:
	NPU ID                         : 0
	Chip Count                     : 1

	DDR Capacity(MB)               : 0
	DDR Usage Rate(%)              : 0
	DDR Hugepages Total(page)      : 0
	DDR Hugepages Usage Rate(%)    : 0
	HBM Capacity(MB)               : 65536
	HBM Usage Rate(%)              : 87
	Aicore Usage Rate(%)           : 0
	Aivector Usage Rate(%)         : 0
	Aicpu Usage Rate(%)            : 0
	Ctrlcpu Usage Rate(%)          : 3
	DDR Bandwidth Usage Rate(%)    : 0
	HBM Bandwidth Usage Rate(%)    : 0
	Chip ID                        : 0

OTHER_PROCESS_PRESENT=YES
LOAD_NOTE=measurement context only, not an admission gate
INPUT_ADDRESS case=local-proxy-fp16-d12288 x=0x12c0c0013000 residual=0x12c0c0020000 gamma=0x12c0c002d000 bias=0x12c0c0034000 bytes=49152 param_bytes=24576
CASE_BEGIN name=local-proxy-fp16-d12288 dtype=fp16 rows=2 width=12288 device=0 warmup_each=45 pairs=21 samples_per_binary=21
CORRECTNESS case=local-proxy-fp16-d12288 binary=PARENT_R31B_V011 result=PASS failures=0 max_abs=0.0009765625 max_rel=0.0015923567
CORRECTNESS case=local-proxy-fp16-d12288 binary=CANDIDATE_R15_V001 result=PASS failures=0 max_abs=0.0009765625 max_rel=0.0015923567
CASE_END name=local-proxy-fp16-d12288 correctness=PASS
INPUT_ADDRESS case=local-proxy-fp16-d32768 x=0x12c0c0013000 residual=0x12c0c0034000 gamma=0x12c0c0055000 bias=0x12c0c0066000 bytes=131072 param_bytes=65536
CASE_BEGIN name=local-proxy-fp16-d32768 dtype=fp16 rows=2 width=32768 device=0 warmup_each=45 pairs=21 samples_per_binary=21
CORRECTNESS case=local-proxy-fp16-d32768 binary=PARENT_R31B_V011 result=PASS failures=0 max_abs=0.001953125 max_rel=0.010989011
CORRECTNESS case=local-proxy-fp16-d32768 binary=CANDIDATE_R15_V001 result=PASS failures=0 max_abs=0.001953125 max_rel=0.010989011
CASE_END name=local-proxy-fp16-d32768 correctness=PASS
INPUT_ADDRESS case=local-proxy-bf16-d12288 x=0x12c0c0013000 residual=0x12c0c0020000 gamma=0x12c0c002d000 bias=0x12c0c0034000 bytes=49152 param_bytes=24576
CASE_BEGIN name=local-proxy-bf16-d12288 dtype=bf16 rows=2 width=12288 device=0 warmup_each=45 pairs=21 samples_per_binary=21
CORRECTNESS case=local-proxy-bf16-d12288 binary=PARENT_R31B_V011 result=PASS failures=0 max_abs=0.0078125 max_rel=0.0073529412
CORRECTNESS case=local-proxy-bf16-d12288 binary=CANDIDATE_R15_V001 result=PASS failures=0 max_abs=0.0078125 max_rel=0.0073529412
CASE_END name=local-proxy-bf16-d12288 correctness=PASS
INPUT_ADDRESS case=local-proxy-bf16-d32768 x=0x12c0c0013000 residual=0x12c0c0034000 gamma=0x12c0c0055000 bias=0x12c0c0066000 bytes=131072 param_bytes=65536
CASE_BEGIN name=local-proxy-bf16-d32768 dtype=bf16 rows=2 width=32768 device=0 warmup_each=45 pairs=21 samples_per_binary=21
CORRECTNESS case=local-proxy-bf16-d32768 binary=PARENT_R31B_V011 result=PASS failures=0 max_abs=0.0078125 max_rel=0.01754386
CORRECTNESS case=local-proxy-bf16-d32768 binary=CANDIDATE_R15_V001 result=PASS failures=0 max_abs=0.0078125 max_rel=0.01754386
CASE_END name=local-proxy-bf16-d32768 correctness=PASS
RUNNER_COMPLETE mode=CORRECTNESS correctness=PASS cases=4 warmup_each=45 pairs_each=21 timing=DEVICE_EVENT_PRIMARY wall=DIAGNOSTIC
LOAD_SNAPSHOT=AFTER
FREE_HBM_MB=8519
MIN_FREE_HBM_MB=100
DEVICE_LOAD:
	NPU ID                         : 0
	Chip Count                     : 1

	DDR Capacity(MB)               : 0
	DDR Usage Rate(%)              : 0
	DDR Hugepages Total(page)      : 0
	DDR Hugepages Usage Rate(%)    : 0
	HBM Capacity(MB)               : 65536
	HBM Usage Rate(%)              : 87
	Aicore Usage Rate(%)           : 0
	Aivector Usage Rate(%)         : 0
	Aicpu Usage Rate(%)            : 0
	Ctrlcpu Usage Rate(%)          : 15
	DDR Bandwidth Usage Rate(%)    : 0
	HBM Bandwidth Usage Rate(%)    : 0
	Chip ID                        : 0

OTHER_PROCESS_PRESENT=YES
LOAD_NOTE=measurement context only, not an admission gate
