ROUTE=SYNC-BARRIER-ELISION-X
REVISION=V043
PARENT=R31B-V011
DEVICE=3
SHAPE=fp16-16x127
DTYPE=fp16
WARMUPS=60
PAIRS=31
ORDER=alternating P,C then C,P
METHOD=ACL device event latency plus wall-clock diagnostics
HOST=hwnput3
USER=lelinfeng
PARENT_SOURCE_SHA256=a8c19a1972207acc67e3fb0cd393cc70b0a4b183d1eaf5610edf80c2879b15e3  本地实验/SYNC-BARRIER-ELISION-X/V043/parent.asc
CANDIDATE_SOURCE_SHA256=83f8aa5ee2fa00138fa8ed14c5b36645276c35a59571b2fd0296ed44f12ca807  本地实验/SYNC-BARRIER-ELISION-X/V043/submission.asc
BUILD_DIR=/tmp/sync-barrier-elision-v043.xhrzTy
RUN_INDEX=1
START_UTC=2026-10-07T22:00:52Z

===== PRE-RUN HOST/PROCESS SNAPSHOT =====
 22:00:52 up 242 days,  9:37, 33 users,  load average: 70.46, 58.97, 55.47
    PID USER     COMMAND           RSS

===== PRE-RUN DEVICE SNAPSHOT =====
+------------------------------------------------------------------------------------------------+
| npu-smi 25.0.rc1.1               Version: 25.0.rc1.1                                           |
+---------------------------+---------------+----------------------------------------------------+
| NPU   Name                | Health        | Power(W)    Temp(C)           Hugepages-Usage(page)|
| Chip                      | Bus-Id        | AICore(%)   Memory-Usage(MB)  HBM-Usage(MB)        |
+===========================+===============+====================================================+
| 0     910B3               | OK            | 94.2        36                0    / 0             |
| 0                         | 0000:C1:00.0  | 0           0    / 0          3431 / 65536         |
+===========================+===============+====================================================+
| 1     910B3               | OK            | 101.5       38                0    / 0             |
| 0                         | 0000:C2:00.0  | 1           0    / 0          9174 / 65536         |
+===========================+===============+====================================================+
| 2     910B3               | OK            | 104.6       40                0    / 0             |
| 0                         | 0000:81:00.0  | 1           0    / 0          7456 / 65536         |
+===========================+===============+====================================================+
| 3     910B3               | OK            | 93.3        37                0    / 0             |
| 0                         | 0000:82:00.0  | 0           0    / 0          3425 / 65536         |
+===========================+===============+====================================================+
| 4     910B3               | OK            | 192.3       62                0    / 0             |
| 0                         | 0000:01:00.0  | 49          0    / 0          59192/ 65536         |
+===========================+===============+====================================================+
| 5     910B3               | OK            | 167.2       57                0    / 0             |
| 0                         | 0000:02:00.0  | 44          0    / 0          60222/ 65536         |
+===========================+===============+====================================================+
| 6     910B3               | OK            | 175.9       55                0    / 0             |
| 0                         | 0000:41:00.0  | 42          0    / 0          60222/ 65536         |
+===========================+===============+====================================================+
| 7     910B3               | OK            | 108.7       45                0    / 0             |
| 0                         | 0000:42:00.0  | 0           0    / 0          24790/ 65536         |
+===========================+===============+====================================================+
+---------------------------+---------------+----------------------------------------------------+
| NPU     Chip              | Process id    | Process name             | Process memory(MB)      |
+===========================+===============+====================================================+
| No running processes found in NPU 0                                                            |
+===========================+===============+====================================================+
| 1       0                 | 3150467       | python                   | 5746                    |
+===========================+===============+====================================================+
| 2       0                 | 1935458       | python                   | 4088                    |
+===========================+===============+====================================================+
| No running processes found in NPU 3                                                            |
+===========================+===============+====================================================+
| 4       0                 | 2999855       | VLLMEngineCor            | 55666                   |
+===========================+===============+====================================================+
| 5       0                 | 89602         | VLLMWorker_TP            | 56700                   |
+===========================+===============+====================================================+
| 6       0                 | 91228         | VLLMWorker_TP            | 56701                   |
+===========================+===============+====================================================+
| 7       0                 | 439848        | python3                  | 21260                   |
+===========================+===============+====================================================+
PREFLIGHT=PASS_DEVICE3_FREE_PRIOR_PID_ABSENT
COMMAND=/tmp/sync-barrier-elision-v043.xhrzTy/sync_barrier_elision_correctness 3 --local
LOCAL_SAMPLE case=fp16-16x127 pair=01 order=P,C parent_device_us=21.9400 candidate_device_us=29.8600 parent_wall_us=164.5150 candidate_wall_us=82.5220 paired_delta_us=7.9200
LOCAL_SAMPLE case=fp16-16x127 pair=02 order=C,P parent_device_us=16.7000 candidate_device_us=19.2400 parent_wall_us=73.9320 candidate_wall_us=83.2320 paired_delta_us=2.5400
LOCAL_SAMPLE case=fp16-16x127 pair=03 order=P,C parent_device_us=17.7600 candidate_device_us=19.2000 parent_wall_us=73.7820 candidate_wall_us=75.8020 paired_delta_us=1.4400
LOCAL_SAMPLE case=fp16-16x127 pair=04 order=C,P parent_device_us=16.3400 candidate_device_us=17.8200 parent_wall_us=71.2820 candidate_wall_us=72.0720 paired_delta_us=1.4800
LOCAL_SAMPLE case=fp16-16x127 pair=05 order=P,C parent_device_us=18.7800 candidate_device_us=5.4800 parent_wall_us=72.0720 candidate_wall_us=71.0620 paired_delta_us=-13.3000
LOCAL_SAMPLE case=fp16-16x127 pair=06 order=C,P parent_device_us=18.4200 candidate_device_us=16.6200 parent_wall_us=77.5220 candidate_wall_us=70.6620 paired_delta_us=-1.8000
LOCAL_SAMPLE case=fp16-16x127 pair=07 order=P,C parent_device_us=19.2800 candidate_device_us=15.1800 parent_wall_us=71.5020 candidate_wall_us=70.0120 paired_delta_us=-4.1000
LOCAL_SAMPLE case=fp16-16x127 pair=08 order=C,P parent_device_us=4.9000 candidate_device_us=18.0600 parent_wall_us=71.9620 candidate_wall_us=72.2020 paired_delta_us=13.1600
LOCAL_SAMPLE case=fp16-16x127 pair=09 order=P,C parent_device_us=4.6200 candidate_device_us=16.2600 parent_wall_us=63.0520 candidate_wall_us=70.5320 paired_delta_us=11.6400
LOCAL_SAMPLE case=fp16-16x127 pair=10 order=C,P parent_device_us=15.2800 candidate_device_us=15.8800 parent_wall_us=69.0720 candidate_wall_us=71.6320 paired_delta_us=0.6000
LOCAL_SAMPLE case=fp16-16x127 pair=11 order=P,C parent_device_us=19.5000 candidate_device_us=16.4800 parent_wall_us=69.9910 candidate_wall_us=69.3510 paired_delta_us=-3.0200
LOCAL_SAMPLE case=fp16-16x127 pair=12 order=C,P parent_device_us=16.9000 candidate_device_us=18.5000 parent_wall_us=68.9020 candidate_wall_us=71.1520 paired_delta_us=1.6000
LOCAL_SAMPLE case=fp16-16x127 pair=13 order=P,C parent_device_us=16.2400 candidate_device_us=17.9400 parent_wall_us=70.9820 candidate_wall_us=69.8620 paired_delta_us=1.7000
LOCAL_SAMPLE case=fp16-16x127 pair=14 order=C,P parent_device_us=18.8400 candidate_device_us=18.7400 parent_wall_us=69.5220 candidate_wall_us=70.7320 paired_delta_us=-0.1000
LOCAL_SAMPLE case=fp16-16x127 pair=15 order=P,C parent_device_us=4.8600 candidate_device_us=16.8200 parent_wall_us=71.9320 candidate_wall_us=69.5920 paired_delta_us=11.9600
LOCAL_SAMPLE case=fp16-16x127 pair=16 order=C,P parent_device_us=13.9600 candidate_device_us=14.8000 parent_wall_us=73.6220 candidate_wall_us=71.7710 paired_delta_us=0.8400
LOCAL_SAMPLE case=fp16-16x127 pair=17 order=P,C parent_device_us=13.9200 candidate_device_us=14.3600 parent_wall_us=72.4920 candidate_wall_us=69.4720 paired_delta_us=0.4400
LOCAL_SAMPLE case=fp16-16x127 pair=18 order=C,P parent_device_us=15.1200 candidate_device_us=14.1600 parent_wall_us=71.4820 candidate_wall_us=69.2320 paired_delta_us=-0.9600
LOCAL_SAMPLE case=fp16-16x127 pair=19 order=P,C parent_device_us=15.8600 candidate_device_us=16.2000 parent_wall_us=72.0820 candidate_wall_us=71.9020 paired_delta_us=0.3400
LOCAL_SAMPLE case=fp16-16x127 pair=20 order=C,P parent_device_us=17.7000 candidate_device_us=6.1400 parent_wall_us=71.3620 candidate_wall_us=73.0810 paired_delta_us=-11.5600
LOCAL_SAMPLE case=fp16-16x127 pair=21 order=P,C parent_device_us=19.9200 candidate_device_us=5.3200 parent_wall_us=89.7720 candidate_wall_us=105.2120 paired_delta_us=-14.6000
LOCAL_SAMPLE case=fp16-16x127 pair=22 order=C,P parent_device_us=20.5200 candidate_device_us=5.5200 parent_wall_us=75.6420 candidate_wall_us=76.4120 paired_delta_us=-15.0000
LOCAL_SAMPLE case=fp16-16x127 pair=23 order=P,C parent_device_us=7.3600 candidate_device_us=18.5600 parent_wall_us=77.7020 candidate_wall_us=87.6120 paired_delta_us=11.2000
LOCAL_SAMPLE case=fp16-16x127 pair=24 order=C,P parent_device_us=6.7800 candidate_device_us=20.2400 parent_wall_us=75.5010 candidate_wall_us=77.6720 paired_delta_us=13.4600
LOCAL_SAMPLE case=fp16-16x127 pair=25 order=P,C parent_device_us=20.1000 candidate_device_us=20.8200 parent_wall_us=77.4520 candidate_wall_us=78.6920 paired_delta_us=0.7200
LOCAL_SAMPLE case=fp16-16x127 pair=26 order=C,P parent_device_us=5.6400 candidate_device_us=5.8000 parent_wall_us=67.9620 candidate_wall_us=76.3720 paired_delta_us=0.1600
LOCAL_SAMPLE case=fp16-16x127 pair=27 order=P,C parent_device_us=22.8600 candidate_device_us=6.5000 parent_wall_us=89.1520 candidate_wall_us=76.5220 paired_delta_us=-16.3600
LOCAL_SAMPLE case=fp16-16x127 pair=28 order=C,P parent_device_us=7.2800 candidate_device_us=17.6200 parent_wall_us=75.7520 candidate_wall_us=79.3320 paired_delta_us=10.3400
LOCAL_SAMPLE case=fp16-16x127 pair=29 order=P,C parent_device_us=6.9800 candidate_device_us=19.6200 parent_wall_us=80.9520 candidate_wall_us=75.8220 paired_delta_us=12.6400
LOCAL_SAMPLE case=fp16-16x127 pair=30 order=C,P parent_device_us=18.4000 candidate_device_us=20.5400 parent_wall_us=78.2720 candidate_wall_us=78.8320 paired_delta_us=2.1400
LOCAL_SAMPLE case=fp16-16x127 pair=31 order=P,C parent_device_us=20.2000 candidate_device_us=21.2000 parent_wall_us=78.6920 candidate_wall_us=78.9330 paired_delta_us=1.0000
LOCAL_STATS case=fp16-16x127 metric=device_us binary=PARENT_R31B_V011 n=31 median=16.7000 mean=14.9342 stdev=5.7337 cv=0.38393 min=4.6200 max=22.8600 mad=2.7800 p10=5.6400 p90=20.2000
LOCAL_STATS case=fp16-16x127 metric=device_us binary=CANDIDATE_V043 n=31 median=16.8200 mean=15.7897 stdev=5.7253 cv=0.36259 min=5.3200 max=29.8600 mad=2.3800 p10=5.8000 p90=20.5400
LOCAL_STATS case=fp16-16x127 metric=wall_us binary=PARENT_R31B_V011 n=31 median=72.4920 mean=77.0295 stdev=17.1450 cv=0.22258 min=63.0520 max=164.5150 mad=3.0090 p10=69.0720 p90=80.9520
LOCAL_STATS case=fp16-16x127 metric=wall_us binary=CANDIDATE_V043 n=31 median=72.2020 mean=75.3965 stdev=7.2653 cv=0.09636 min=69.2320 max=105.2120 mad=2.8510 p10=69.5920 p90=82.5220
LOCAL_STATS case=fp16-16x127 metric=paired_delta_us binary=CANDIDATE_MINUS_PARENT n=31 median=0.8400 mean=0.8555 stdev=8.4363 cv=9.86148 min=-16.3600 max=13.4600 mad=2.6400 p10=-13.3000 p90=11.9600
LOCAL_RESULT route=SYNC-BARRIER-ELISION-X revision=V043 device=3 shape=16x127 dtype=fp16 samples=31 parent_median_us=16.7000 candidate_median_us=16.8200 local_delta_us=0.8400 local_score_percent=-5.029940 candidate_minus_parent_percent=5.029940
CORRECTNESS_SUMMARY result=PASS cases=6
RUNNER_RC=0

===== POST-RUN DEVICE SNAPSHOT =====
+------------------------------------------------------------------------------------------------+
| npu-smi 25.0.rc1.1               Version: 25.0.rc1.1                                           |
+---------------------------+---------------+----------------------------------------------------+
| NPU   Name                | Health        | Power(W)    Temp(C)           Hugepages-Usage(page)|
| Chip                      | Bus-Id        | AICore(%)   Memory-Usage(MB)  HBM-Usage(MB)        |
+===========================+===============+====================================================+
| 0     910B3               | OK            | 94.2        36                0    / 0             |
| 0                         | 0000:C1:00.0  | 0           0    / 0          3431 / 65536         |
+===========================+===============+====================================================+
| 1     910B3               | OK            | 104.0       38                0    / 0             |
| 0                         | 0000:C2:00.0  | 1           0    / 0          9174 / 65536         |
+===========================+===============+====================================================+
| 2     910B3               | OK            | 106.4       40                0    / 0             |
| 0                         | 0000:81:00.0  | 0           0    / 0          7456 / 65536         |
+===========================+===============+====================================================+
| 3     910B3               | OK            | 93.2        38                0    / 0             |
| 0                         | 0000:82:00.0  | 0           0    / 0          3428 / 65536         |
+===========================+===============+====================================================+
| 4     910B3               | OK            | 198.4       62                0    / 0             |
| 0                         | 0000:01:00.0  | 64          0    / 0          59192/ 65536         |
+===========================+===============+====================================================+
| 5     910B3               | OK            | 172.0       57                0    / 0             |
| 0                         | 0000:02:00.0  | 44          0    / 0          60222/ 65536         |
+===========================+===============+====================================================+
| 6     910B3               | OK            | 172.9       55                0    / 0             |
| 0                         | 0000:41:00.0  | 44          0    / 0          60221/ 65536         |
+===========================+===============+====================================================+
| 7     910B3               | OK            | 174.4       49                0    / 0             |
| 0                         | 0000:42:00.0  | 0           0    / 0          24790/ 65536         |
+===========================+===============+====================================================+
+---------------------------+---------------+----------------------------------------------------+
| NPU     Chip              | Process id    | Process name             | Process memory(MB)      |
+===========================+===============+====================================================+
| No running processes found in NPU 0                                                            |
+===========================+===============+====================================================+
| 1       0                 | 3150467       | python                   | 5746                    |
+===========================+===============+====================================================+
| 2       0                 | 1935458       | python                   | 4088                    |
+===========================+===============+====================================================+
| No running processes found in NPU 3                                                            |
+===========================+===============+====================================================+
| 4       0                 | 2999855       | VLLMEngineCor            | 55666                   |
+===========================+===============+====================================================+
| 5       0                 | 89602         | VLLMWorker_TP            | 56700                   |
+===========================+===============+====================================================+
| 6       0                 | 91228         | VLLMWorker_TP            | 56701                   |
+===========================+===============+====================================================+
| 7       0                 | 439848        | python3                  | 21260                   |
+===========================+===============+====================================================+

===== POST-RUN HOST/PROCESS SNAPSHOT =====
 22:01:02 up 242 days,  9:37, 33 users,  load average: 63.45, 57.85, 55.14
    PID USER     COMMAND           RSS
END_UTC=2026-10-07T22:01:02Z
