/usr/bin/cmake -S/home/data4t2/lelinfeng/phase4-workspaces/CROSSROW-FULL-PIPELINE-CHAMPION-X/V019 -B/home/data4t2/lelinfeng/phase4-workspaces/CROSSROW-FULL-PIPELINE-CHAMPION-X/V019/build --check-build-system CMakeFiles/Makefile.cmake 0
/usr/bin/cmake -E cmake_progress_start /home/data4t2/lelinfeng/phase4-workspaces/CROSSROW-FULL-PIPELINE-CHAMPION-X/V019/build/CMakeFiles /home/data4t2/lelinfeng/phase4-workspaces/CROSSROW-FULL-PIPELINE-CHAMPION-X/V019/build//CMakeFiles/progress.marks
/usr/bin/gmake  -f CMakeFiles/Makefile2 all
gmake[1]: Entering directory '/home/data4t2/lelinfeng/phase4-workspaces/CROSSROW-FULL-PIPELINE-CHAMPION-X/V019/build'
/usr/bin/gmake  -f CMakeFiles/crossrow_v001.dir/build.make CMakeFiles/crossrow_v001.dir/depend
gmake[2]: Entering directory '/home/data4t2/lelinfeng/phase4-workspaces/CROSSROW-FULL-PIPELINE-CHAMPION-X/V019/build'
cd /home/data4t2/lelinfeng/phase4-workspaces/CROSSROW-FULL-PIPELINE-CHAMPION-X/V019/build && /usr/bin/cmake -E cmake_depends "Unix Makefiles" /home/data4t2/lelinfeng/phase4-workspaces/CROSSROW-FULL-PIPELINE-CHAMPION-X/V019 /home/data4t2/lelinfeng/phase4-workspaces/CROSSROW-FULL-PIPELINE-CHAMPION-X/V019 /home/data4t2/lelinfeng/phase4-workspaces/CROSSROW-FULL-PIPELINE-CHAMPION-X/V019/build /home/data4t2/lelinfeng/phase4-workspaces/CROSSROW-FULL-PIPELINE-CHAMPION-X/V019/build /home/data4t2/lelinfeng/phase4-workspaces/CROSSROW-FULL-PIPELINE-CHAMPION-X/V019/build/CMakeFiles/crossrow_v001.dir/DependInfo.cmake --color=
Dependencies file "CMakeFiles/crossrow_v001.dir/compile_adapter.asc.o.d" is newer than depends file "/home/data4t2/lelinfeng/phase4-workspaces/CROSSROW-FULL-PIPELINE-CHAMPION-X/V019/build/CMakeFiles/crossrow_v001.dir/compiler_depend.internal".
Consolidate compiler generated dependencies of target crossrow_v001
gmake[2]: Leaving directory '/home/data4t2/lelinfeng/phase4-workspaces/CROSSROW-FULL-PIPELINE-CHAMPION-X/V019/build'
/usr/bin/gmake  -f CMakeFiles/crossrow_v001.dir/build.make CMakeFiles/crossrow_v001.dir/build
gmake[2]: Entering directory '/home/data4t2/lelinfeng/phase4-workspaces/CROSSROW-FULL-PIPELINE-CHAMPION-X/V019/build'
[ 50%] Building ASC object CMakeFiles/crossrow_v001.dir/compile_adapter.asc.o
/usr/local/Ascend/ascend-toolkit/8.5.0.alpha002/compiler/ccec_compiler/bin/bisheng   -I/home/data4t2/lelinfeng/phase4-workspaces/CROSSROW-FULL-PIPELINE-CHAMPION-X/V019 --cce-aicore-arch=dav-c220 -I/usr/local/Ascend/ascend-toolkit/8.5.0.alpha002/toolkit/toolchain/hcc/aarch64-target-linux-gnu/include/c++/7.3.0 -I/usr/local/Ascend/ascend-toolkit/8.5.0.alpha002/toolkit/toolchain/hcc/aarch64-target-linux-gnu/include/c++/7.3.0/aarch64-target-linux-gnu -I/usr/local/Ascend/ascend-toolkit/8.5.0.alpha002/toolkit/toolchain/hcc/aarch64-target-linux-gnu/include/c++/7.3.0/backward -Xaicore-start -O3 -std=c++17 -Xaicore-end -Xhost-start -I/usr/local/Ascend/ascend-toolkit/8.5.0.alpha002/toolkit/toolchain/hcc/aarch64-target-linux-gnu/include/c++/7.3.0 -I/usr/local/Ascend/ascend-toolkit/8.5.0.alpha002/toolkit/toolchain/hcc/aarch64-target-linux-gnu/include/c++/7.3.0/aarch64-target-linux-gnu -I/usr/local/Ascend/ascend-toolkit/8.5.0.alpha002/toolkit/toolchain/hcc/aarch64-target-linux-gnu/include/c++/7.3.0/backward -fPIC -O2 -Xhost-end --npu-arch=dav-2201 -MD -MT CMakeFiles/crossrow_v001.dir/compile_adapter.asc.o -MF CMakeFiles/crossrow_v001.dir/compile_adapter.asc.o.d -o CMakeFiles/crossrow_v001.dir/compile_adapter.asc.o -c -x asc /home/data4t2/lelinfeng/phase4-workspaces/CROSSROW-FULL-PIPELINE-CHAMPION-X/V019/compile_adapter.asc
/tmp/asc_plugin_binary_register_code-d73954.c:3:10: fatal error: 'vector' file not found
#include <vector>
         ^~~~~~~~
1 error generated.
cceld: ccec ReturnCode: 1
cceld: ExecutionFailed: 0
cceld: ErrMsg: 
/usr/local/Ascend/ascend-toolkit/8.5.0.alpha002/aarch64-linux/ccec_compiler/bin/llvm-objcopy: error: '/tmp/cce_all_link-b7b4fb.o': No such file or directory
cceld: ccec ReturnCode: 1
cceld: ObjcopyExecutionFailed: 0
cceld: ObjcopyErrMsg: 
ld.lld: error: cannot open /tmp/cce_all_link-b7b4fb.o: No such file or directory
cceld: ccec ReturnCode: 1
cceld: RelocatedLinkedExecutionFailed: 0
cceld: RelocatedLinkedObjcopyErrMsg: 
/usr/local/Ascend/ascend-toolkit/8.5.0.alpha002/aarch64-linux/ccec_compiler/bin/llvm-objcopy: error: cceld: ccec ReturnCode: 1
cceld: LocalFixedExecutionFailed: 0
cceld: LocalFixedErrMsg: 
cceld: Linker ReturnCode: 1
cceld: ExecutionFailed: 0
cceld: ErrMsg: 
gmake[2]: Leaving directory '/home/data4t2/lelinfeng/phase4-workspaces/CROSSROW-FULL-PIPELINE-CHAMPION-X/V019/build'
gmake[1]: Leaving directory '/home/data4t2/lelinfeng/phase4-workspaces/CROSSROW-FULL-PIPELINE-CHAMPION-X/V019/build'
'/tmp/cce_relocated_linked_static_object-a15e1e.o': The file was not recognized as a valid object file
ld.lld: error: target emulation unknown: -m or at least one .o file required
bisheng: error: linker command failed with exit code 1 (use -v to see invocation)
gmake[2]: *** [CMakeFiles/crossrow_v001.dir/build.make:76: CMakeFiles/crossrow_v001.dir/compile_adapter.asc.o] Error 1
gmake[1]: *** [CMakeFiles/Makefile2:83: CMakeFiles/crossrow_v001.dir/all] Error 2
gmake: *** [Makefile:91: all] Error 2
