-- Configuring done
-- Generating done
-- Build files have been written to: /home/data4t2/lelinfeng/cann/server_runs/W4-R13/parent-tail-probe/build
Consolidate compiler generated dependencies of target w4_r13_parent
[ 25%] Building ASC object CMakeFiles/w4_r13_parent.dir/parent_kernel.asc.o
[ERROR] ASCPLUGIN [pid:2489149, tid:2489149] [asc_ast_device_consumer.cpp:300] Unknown kernelInfo, mangledName: _Z24add_rms_norm_bias_customPhS_S_S_S_mmjff at /home/data4t2/lelinfeng/cann/server_runs/W4-R13/parent-tail-probe/parent_source.asc:3469, col:28, please check log.
ld.lld: error: undefined symbol: void __origin__add_rms_norm_bias_custom<float>(unsigned char AS1*, unsigned char AS1*, unsigned char AS1*, unsigned char AS1*, unsigned char AS1*, unsigned long, unsigned long, unsigned int, float, float)
>>> referenced by parent_kernel.asc
>>>               /tmp/parent_kernel-9a8015.o-19f75e.extract:(_Z24add_rms_norm_bias_customIfEvPhS0_S0_S0_S0_mmjff_mix_aic)

ld.lld: error: undefined symbol: void __origin__add_rms_norm_bias_custom<half>(unsigned char AS1*, unsigned char AS1*, unsigned char AS1*, unsigned char AS1*, unsigned char AS1*, unsigned long, unsigned long, unsigned int, float, float)
>>> referenced by parent_kernel.asc
>>>               /tmp/parent_kernel-9a8015.o-19f75e.extract:(_Z24add_rms_norm_bias_customIDhEvPhS0_S0_S0_S0_mmjff_mix_aic)

ld.lld: error: undefined symbol: void __origin__add_rms_norm_bias_custom<__bf16>(unsigned char AS1*, unsigned char AS1, unsigned char AS1, unsigned char AS1, unsigned char AS1, unsigned long, unsigned long, unsigned int, float, float)
>>> referenced by parent_kernel.asc
>>>               /tmp/parent_kernel-9a8015.o-19f75e.extract:(_Z24add_rms_norm_bias_customIu6__bf16EvPhS0_S0_S0_S0_mmjff_mix_aic)
cceld: ccec ReturnCode: 1
cceld: ExecutionFailed: 0
cceld: ErrMsg: 
bisheng: error: linker command failed with exit code 1 (use -v to see invocation)
gmake[2]: *** [CMakeFiles/w4_r13_parent.dir/build.make:76: CMakeFiles/w4_r13_parent.dir/parent_kernel.asc.o] Error 1
gmake[1]: *** [CMakeFiles/Makefile2:85: CMakeFiles/w4_r13_parent.dir/all] Error 2
gmake: *** [Makefile:136: all] Error 2
