COMPILE_ATTEMPT=1
COMMAND=cmake -S /tmp/w4-r06-v002.JuHKRa/src -B /tmp/w4-r06-v002.JuHKRa/build -DR31B_V011_SOURCE_DIR=/tmp/w4-r06-v002.JuHKRa/src -DR31B_V016_SOURCE_DIR=/tmp/w4-r06-v002.JuHKRa/candidate && cmake --build /tmp/w4-r06-v002.JuHKRa/build --target paired_runner_v016 --parallel 1
RESULT=FAIL
ROOT_CAUSE=the CANN plugin compile could not locate the standard C++ vector header because CPLUS_INCLUDE_PATH was not exported.
CAPTURED_OUTPUT:
[ 50%] Building ASC object CMakeFiles/paired_runner_v016.dir/paired_runner_v016.asc.o
/tmp/asc_plugin_binary_register_code-f72b04.c:3:10: fatal error: 'vector' file not found
#include <vector>
         ^~~~~~~~
1 error generated.
cceld: ccec ReturnCode: 1
cceld: ExecutionFailed: 0
cceld: ErrMsg:
/usr/local/Ascend/ascend-toolkit/8.5.0.alpha002/aarch64-linux/ccec_compiler/bin/llvm-objcopy: error: '/tmp/cce_all_link-0bc629.o': No such file or directory
ld.lld: error: cannot open /tmp/cce_all_link-0bc629.o: No such file or directory
cceld: ccec ReturnCode: 1
cceld: ObjcopyExecutionFailed: 0
cceld: ObjcopyErrMsg:
/usr/local/Ascend/ascend-toolkit/8.5.0.alpha002/aarch64-linux/ccec_compiler/bin/llvm-objcopy: error: '/tmp/cce_relocated_linked_static_object-b12a24.o': The file was not recognized as a valid object file
ld.lld: error: target emulation unknown: -m or at least one .o file required
bisheng: error: linker command failed with exit code 1 (use -v to see invocation)
gmake[3]: *** [CMakeFiles/paired_runner_v016.dir/build.make:76: CMakeFiles/paired_runner_v016.dir/paired_runner_v016.asc.o] Error 1
gmake[2]: *** [CMakeFiles/Makefile2:83: CMakeFiles/paired_runner_v016.dir/all] Error 2
gmake[1]: *** [CMakeFiles/Makefile2:90: CMakeFiles/paired_runner_v016.dir/rule] Error 2
gmake: *** [Makefile:124: paired_runner_v016] Error 2
cceld: ccec ReturnCode: 1
cceld: LocalFixedExecutionFailed: 0
cceld: LocalFixedErrMsg:
cceld: Linker ReturnCode: 1
cceld: ExecutionFailed: 0
cceld: ErrMsg:
FOLLOWUP=compile-attempt2.log; the same source compiled and linked after exporting CPLUS_INCLUDE_PATH.
