CASE_BEGIN name=fp16-tail-d12288 dtype=fp16 rows=2 width=12288 device=3 warmup_each=45 pairs=21 samples_per_binary=21
SAMPLE case=fp16-tail-d12288 pair=01 order=P,C parent_device_us=21.100 candidate_device_us=22.600 parent_wall_us=107.210 candidate_wall_us=82.250 paired_device_delta_us=1.500
SAMPLE case=fp16-tail-d12288 pair=02 order=C,P parent_device_us=7.400 candidate_device_us=8.000 parent_wall_us=67.040 candidate_wall_us=80.591 paired_device_delta_us=0.600
SAMPLE case=fp16-tail-d12288 pair=03 order=P,C parent_device_us=8.920 candidate_device_us=7.660 parent_wall_us=77.170 candidate_wall_us=78.691 paired_device_delta_us=-1.260
SAMPLE case=fp16-tail-d12288 pair=04 order=C,P parent_device_us=8.540 candidate_device_us=22.860 parent_wall_us=63.640 candidate_wall_us=65.340 paired_device_delta_us=14.320
SAMPLE case=fp16-tail-d12288 pair=05 order=P,C parent_device_us=28.020 candidate_device_us=18.160 parent_wall_us=72.401 candidate_wall_us=62.190 paired_device_delta_us=-9.860
SAMPLE case=fp16-tail-d12288 pair=06 order=C,P parent_device_us=27.480 candidate_device_us=7.780 parent_wall_us=73.340 candidate_wall_us=65.560 paired_device_delta_us=-19.700
SAMPLE case=fp16-tail-d12288 pair=07 order=P,C parent_device_us=7.240 candidate_device_us=8.140 parent_wall_us=66.381 candidate_wall_us=63.380 paired_device_delta_us=0.900
SAMPLE case=fp16-tail-d12288 pair=08 order=C,P parent_device_us=24.040 candidate_device_us=7.840 parent_wall_us=72.171 candidate_wall_us=67.950 paired_device_delta_us=-16.200
SAMPLE case=fp16-tail-d12288 pair=09 order=P,C parent_device_us=7.200 candidate_device_us=6.560 parent_wall_us=95.390 candidate_wall_us=67.110 paired_device_delta_us=-0.640
SAMPLE case=fp16-tail-d12288 pair=10 order=C,P parent_device_us=8.560 candidate_device_us=22.700 parent_wall_us=64.870 candidate_wall_us=65.221 paired_device_delta_us=14.140
SAMPLE case=fp16-tail-d12288 pair=11 order=P,C parent_device_us=27.240 candidate_device_us=7.600 parent_wall_us=71.900 candidate_wall_us=64.350 paired_device_delta_us=-19.640
SAMPLE case=fp16-tail-d12288 pair=12 order=C,P parent_device_us=8.120 candidate_device_us=7.180 parent_wall_us=65.770 candidate_wall_us=77.071 paired_device_delta_us=-0.940
SAMPLE case=fp16-tail-d12288 pair=13 order=P,C parent_device_us=33.560 candidate_device_us=9.380 parent_wall_us=91.330 candidate_wall_us=65.961 paired_device_delta_us=-24.180
SAMPLE case=fp16-tail-d12288 pair=14 order=C,P parent_device_us=16.480 candidate_device_us=32.600 parent_wall_us=74.370 candidate_wall_us=88.340 paired_device_delta_us=16.120
SAMPLE case=fp16-tail-d12288 pair=15 order=P,C parent_device_us=12.620 candidate_device_us=20.520 parent_wall_us=78.691 candidate_wall_us=62.700 paired_device_delta_us=7.900
SAMPLE case=fp16-tail-d12288 pair=16 order=C,P parent_device_us=10.580 candidate_device_us=7.940 parent_wall_us=70.950 candidate_wall_us=65.860 paired_device_delta_us=-2.640
SAMPLE case=fp16-tail-d12288 pair=17 order=P,C parent_device_us=6.840 candidate_device_us=9.720 parent_wall_us=64.801 candidate_wall_us=64.150 paired_device_delta_us=2.880
SAMPLE case=fp16-tail-d12288 pair=18 order=C,P parent_device_us=28.740 candidate_device_us=7.540 parent_wall_us=78.431 candidate_wall_us=104.910 paired_device_delta_us=-21.200
SAMPLE case=fp16-tail-d12288 pair=19 order=P,C parent_device_us=12.340 candidate_device_us=27.700 parent_wall_us=67.420 candidate_wall_us=84.810 paired_device_delta_us=15.360
SAMPLE case=fp16-tail-d12288 pair=20 order=C,P parent_device_us=17.560 candidate_device_us=8.900 parent_wall_us=117.620 candidate_wall_us=67.091 paired_device_delta_us=-8.660
SAMPLE case=fp16-tail-d12288 pair=21 order=P,C parent_device_us=16.440 candidate_device_us=11.620 parent_wall_us=69.540 candidate_wall_us=67.091 paired_device_delta_us=-4.820
PAIR_BLOCK case=fp16-tail-d12288 block=1 pairs=21 parent_median_us=12.620 candidate_median_us=8.900 paired_delta_median_us=-0.940
CORRECTNESS case=fp16-tail-d12288 binary=V011 result=PASS failures=0 max_abs=0.0009765625 max_rel=0.0015923567
CORRECTNESS case=fp16-tail-d12288 binary=V016 result=PASS failures=0 max_abs=0.0009765625 max_rel=0.0015923567
SUMMARY case=fp16-tail-d12288 metric=device_us binary=V011 n=21 median=12.620 mean=16.144 stdev=8.820 cv=0.54633 min=6.840 max=33.560 max_min=4.906 mad=5.220 p10=7.240 p90=28.020 spread=26.720 core_cv=0.09335
SUMMARY case=fp16-tail-d12288 metric=device_us binary=V016 n=21 median=8.900 mean=13.476 stdev=8.049 cv=0.59726 min=6.560 max=32.600 max_min=4.970 mad=1.360 p10=7.540 p90=22.860 spread=26.040 core_cv=0.09584
SUMMARY case=fp16-tail-d12288 metric=wall_us binary=V011 n=21 median=72.171 mean=76.687 stdev=14.485 cv=0.18889 min=63.640 max=117.620 max_min=1.848 mad=5.790 p10=64.870 p90=95.390 spread=53.980 core_cv=0.06902
SUMMARY case=fp16-tail-d12288 metric=wall_us binary=V016 n=21 median=67.091 mean=71.934 stdev=11.034 cv=0.15339 min=62.190 max=104.910 max_min=1.687 mad=2.941 p10=63.380 p90=84.810 spread=42.720 core_cv=0.06897
SUMMARY case=fp16-tail-d12288 metric=paired_device_delta_us binary=V016_minus_V011 n=21 median=-0.940 mean=-2.668 stdev=12.452 cv=-4.66790 min=-24.180 max=16.120 max_min=-0.667 mad=8.840 p10=-19.700 p90=14.320 spread=40.300 core_cv=0.00000
CASE_END name=fp16-tail-d12288 correctness=PASS
CASE_BEGIN name=fp16-wide-d32768 dtype=fp16 rows=2 width=32768 device=3 warmup_each=45 pairs=21 samples_per_binary=21
SAMPLE case=fp16-wide-d32768 pair=01 order=P,C parent_device_us=26.500 candidate_device_us=17.780 parent_wall_us=78.750 candidate_wall_us=67.110 paired_device_delta_us=-8.720
SAMPLE case=fp16-wide-d32768 pair=02 order=C,P parent_device_us=20.620 candidate_device_us=21.020 parent_wall_us=77.700 candidate_wall_us=65.570 paired_device_delta_us=0.400
SAMPLE case=fp16-wide-d32768 pair=03 order=P,C parent_device_us=14.760 candidate_device_us=20.840 parent_wall_us=85.520 candidate_wall_us=78.201 paired_device_delta_us=6.080
SAMPLE case=fp16-wide-d32768 pair=04 order=C,P parent_device_us=20.900 candidate_device_us=18.040 parent_wall_us=78.710 candidate_wall_us=68.600 paired_device_delta_us=-2.860
SAMPLE case=fp16-wide-d32768 pair=05 order=P,C parent_device_us=31.300 candidate_device_us=27.440 parent_wall_us=74.731 candidate_wall_us=73.050 paired_device_delta_us=-3.860
SAMPLE case=fp16-wide-d32768 pair=06 order=C,P parent_device_us=77.280 candidate_device_us=21.600 parent_wall_us=130.501 candidate_wall_us=65.670 paired_device_delta_us=-55.680
SAMPLE case=fp16-wide-d32768 pair=07 order=P,C parent_device_us=11.380 candidate_device_us=21.940 parent_wall_us=68.480 candidate_wall_us=75.550 paired_device_delta_us=10.560
SAMPLE case=fp16-wide-d32768 pair=08 order=C,P parent_device_us=14.480 candidate_device_us=17.200 parent_wall_us=61.540 candidate_wall_us=73.991 paired_device_delta_us=2.720
SAMPLE case=fp16-wide-d32768 pair=09 order=P,C parent_device_us=11.300 candidate_device_us=13.320 parent_wall_us=63.310 candidate_wall_us=61.841 paired_device_delta_us=2.020
SAMPLE case=fp16-wide-d32768 pair=10 order=C,P parent_device_us=10.980 candidate_device_us=15.160 parent_wall_us=65.700 candidate_wall_us=61.200 paired_device_delta_us=4.180
SAMPLE case=fp16-wide-d32768 pair=11 order=P,C parent_device_us=15.120 candidate_device_us=15.780 parent_wall_us=62.310 candidate_wall_us=63.261 paired_device_delta_us=0.660
SAMPLE case=fp16-wide-d32768 pair=12 order=C,P parent_device_us=13.060 candidate_device_us=22.160 parent_wall_us=75.950 candidate_wall_us=61.850 paired_device_delta_us=9.100
SAMPLE case=fp16-wide-d32768 pair=13 order=P,C parent_device_us=23.820 candidate_device_us=23.420 parent_wall_us=65.700 candidate_wall_us=71.031 paired_device_delta_us=-0.400
SAMPLE case=fp16-wide-d32768 pair=14 order=C,P parent_device_us=50.820 candidate_device_us=11.860 parent_wall_us=138.130 candidate_wall_us=183.620 paired_device_delta_us=-38.960
SAMPLE case=fp16-wide-d32768 pair=15 order=P,C parent_device_us=74.140 candidate_device_us=14.660 parent_wall_us=134.731 candidate_wall_us=81.580 paired_device_delta_us=-59.480
SAMPLE case=fp16-wide-d32768 pair=16 order=C,P parent_device_us=42.940 candidate_device_us=23.900 parent_wall_us=101.051 candidate_wall_us=91.440 paired_device_delta_us=-19.040
SAMPLE case=fp16-wide-d32768 pair=17 order=P,C parent_device_us=28.860 candidate_device_us=35.380 parent_wall_us=91.010 candidate_wall_us=131.241 paired_device_delta_us=6.520
SAMPLE case=fp16-wide-d32768 pair=18 order=C,P parent_device_us=72.500 candidate_device_us=34.660 parent_wall_us=133.211 candidate_wall_us=98.840 paired_device_delta_us=-37.840
SAMPLE case=fp16-wide-d32768 pair=19 order=P,C parent_device_us=27.760 candidate_device_us=36.680 parent_wall_us=96.380 candidate_wall_us=94.941 paired_device_delta_us=8.920
SAMPLE case=fp16-wide-d32768 pair=20 order=C,P parent_device_us=11.380 candidate_device_us=29.720 parent_wall_us=170.251 candidate_wall_us=86.900 paired_device_delta_us=18.340
SAMPLE case=fp16-wide-d32768 pair=21 order=P,C parent_device_us=32.800 candidate_device_us=31.780 parent_wall_us=88.590 candidate_wall_us=89.620 paired_device_delta_us=-1.020
PAIR_BLOCK case=fp16-wide-d32768 block=1 pairs=21 parent_median_us=23.820 candidate_median_us=21.600 paired_delta_median_us=0.400
CORRECTNESS case=fp16-wide-d32768 binary=V011 result=PASS failures=0 max_abs=0.001953125 max_rel=0.010989011
CORRECTNESS case=fp16-wide-d32768 binary=V016 result=PASS failures=0 max_abs=0.001953125 max_rel=0.010989011
SUMMARY case=fp16-wide-d32768 metric=device_us binary=V011 n=21 median=23.820 mean=30.129 stdev=21.464 cv=0.71241 min=10.980 max=77.280 max_min=7.038 mad=9.340 p10=11.380 p90=72.500 spread=66.300 core_cv=0.13453
SUMMARY case=fp16-wide-d32768 metric=device_us binary=V016 n=21 median=21.600 mean=22.588 stdev=7.465 cv=0.33050 min=11.860 max=36.680 max_min=3.093 mad=5.820 p10=14.660 p90=34.660 spread=24.820 core_cv=0.09968
SUMMARY case=fp16-wide-d32768 metric=wall_us binary=V011 n=21 median=78.750 mean=92.488 stdev=30.895 cv=0.33404 min=61.540 max=170.251 max_min=2.767 mad=13.050 p10=63.310 p90=134.731 spread=108.711 core_cv=0.12026
SUMMARY case=fp16-wide-d32768 metric=wall_us binary=V016 n=21 median=73.991 mean=83.100 stdev=28.463 cv=0.34252 min=61.200 max=183.620 max_min=3.000 mad=10.730 p10=61.850 p90=98.840 spread=122.420 core_cv=0.11052
SUMMARY case=fp16-wide-d32768 metric=paired_device_delta_us binary=V016_minus_V011 n=21 median=0.400 mean=-7.541 stdev=21.881 cv=-2.90166 min=-59.480 max=18.340 max_min=-0.308 mad=6.120 p10=-38.960 p90=9.100 spread=77.820 core_cv=0.00000
CASE_END name=fp16-wide-d32768 correctness=PASS
CASE_BEGIN name=bf16-tail-d12288 dtype=bf16 rows=2 width=12288 device=3 warmup_each=45 pairs=21 samples_per_binary=21
SAMPLE case=bf16-tail-d12288 pair=01 order=P,C parent_device_us=13.300 candidate_device_us=16.940 parent_wall_us=95.690 candidate_wall_us=78.540 paired_device_delta_us=3.640
SAMPLE case=bf16-tail-d12288 pair=02 order=C,P parent_device_us=13.100 candidate_device_us=21.040 parent_wall_us=73.190 candidate_wall_us=75.330 paired_device_delta_us=7.940
SAMPLE case=bf16-tail-d12288 pair=03 order=P,C parent_device_us=49.260 candidate_device_us=13.180 parent_wall_us=104.230 candidate_wall_us=87.040 paired_device_delta_us=-36.080
SAMPLE case=bf16-tail-d12288 pair=04 order=C,P parent_device_us=26.260 candidate_device_us=14.100 parent_wall_us=82.360 candidate_wall_us=72.231 paired_device_delta_us=-12.160
SAMPLE case=bf16-tail-d12288 pair=05 order=P,C parent_device_us=17.900 candidate_device_us=34.720 parent_wall_us=73.350 candidate_wall_us=83.611 paired_device_delta_us=16.820
SAMPLE case=bf16-tail-d12288 pair=06 order=C,P parent_device_us=17.100 candidate_device_us=23.500 parent_wall_us=69.800 candidate_wall_us=75.200 paired_device_delta_us=6.400
SAMPLE case=bf16-tail-d12288 pair=07 order=P,C parent_device_us=10.260 candidate_device_us=17.360 parent_wall_us=71.460 candidate_wall_us=74.490 paired_device_delta_us=7.100
SAMPLE case=bf16-tail-d12288 pair=08 order=C,P parent_device_us=23.480 candidate_device_us=54.800 parent_wall_us=72.861 candidate_wall_us=108.620 paired_device_delta_us=31.320
SAMPLE case=bf16-tail-d12288 pair=09 order=P,C parent_device_us=8.760 candidate_device_us=25.120 parent_wall_us=75.250 candidate_wall_us=73.390 paired_device_delta_us=16.360
SAMPLE case=bf16-tail-d12288 pair=10 order=C,P parent_device_us=19.780 candidate_device_us=22.200 parent_wall_us=102.510 candidate_wall_us=75.480 paired_device_delta_us=2.420
SAMPLE case=bf16-tail-d12288 pair=11 order=P,C parent_device_us=13.260 candidate_device_us=35.720 parent_wall_us=86.040 candidate_wall_us=83.831 paired_device_delta_us=22.460
SAMPLE case=bf16-tail-d12288 pair=12 order=C,P parent_device_us=20.480 candidate_device_us=13.640 parent_wall_us=80.770 candidate_wall_us=66.690 paired_device_delta_us=-6.840
SAMPLE case=bf16-tail-d12288 pair=13 order=P,C parent_device_us=41.660 candidate_device_us=25.980 parent_wall_us=94.461 candidate_wall_us=72.600 paired_device_delta_us=-15.680
SAMPLE case=bf16-tail-d12288 pair=14 order=C,P parent_device_us=28.920 candidate_device_us=53.260 parent_wall_us=76.120 candidate_wall_us=112.090 paired_device_delta_us=24.340
SAMPLE case=bf16-tail-d12288 pair=15 order=P,C parent_device_us=26.520 candidate_device_us=29.920 parent_wall_us=73.410 candidate_wall_us=76.310 paired_device_delta_us=3.400
SAMPLE case=bf16-tail-d12288 pair=16 order=C,P parent_device_us=43.860 candidate_device_us=17.340 parent_wall_us=94.800 candidate_wall_us=73.841 paired_device_delta_us=-26.520
SAMPLE case=bf16-tail-d12288 pair=17 order=P,C parent_device_us=34.240 candidate_device_us=10.820 parent_wall_us=83.510 candidate_wall_us=74.950 paired_device_delta_us=-23.420
SAMPLE case=bf16-tail-d12288 pair=18 order=C,P parent_device_us=19.260 candidate_device_us=14.200 parent_wall_us=71.650 candidate_wall_us=94.730 paired_device_delta_us=-5.060
SAMPLE case=bf16-tail-d12288 pair=19 order=P,C parent_device_us=15.200 candidate_device_us=16.580 parent_wall_us=72.150 candidate_wall_us=74.990 paired_device_delta_us=1.380
SAMPLE case=bf16-tail-d12288 pair=20 order=C,P parent_device_us=14.600 candidate_device_us=12.600 parent_wall_us=71.470 candidate_wall_us=91.970 paired_device_delta_us=-2.000
SAMPLE case=bf16-tail-d12288 pair=21 order=P,C parent_device_us=9.980 candidate_device_us=8.880 parent_wall_us=77.450 candidate_wall_us=73.450 paired_device_delta_us=-1.100
PAIR_BLOCK case=bf16-tail-d12288 block=1 pairs=21 parent_median_us=19.260 candidate_median_us=17.360 paired_delta_median_us=2.420
CORRECTNESS case=bf16-tail-d12288 binary=V011 result=PASS failures=0 max_abs=0.0078125 max_rel=0.0073529412
CORRECTNESS case=bf16-tail-d12288 binary=V016 result=PASS failures=0 max_abs=0.0078125 max_rel=0.0073529412
SUMMARY case=bf16-tail-d12288 metric=device_us binary=V011 n=21 median=19.260 mean=22.247 stdev=11.598 cv=0.52132 min=8.760 max=49.260 max_min=5.623 mad=6.160 p10=10.260 p90=41.660 spread=40.500 core_cv=0.07311
SUMMARY case=bf16-tail-d12288 metric=device_us binary=V016 n=21 median=17.360 mean=22.948 stdev=12.709 cv=0.55383 min=8.880 max=54.800 max_min=6.171 mad=4.840 p10=12.600 p90=35.720 spread=45.920 core_cv=0.09497
SUMMARY case=bf16-tail-d12288 metric=wall_us binary=V011 n=21 median=76.120 mean=81.073 stdev=10.975 cv=0.13537 min=69.800 max=104.230 max_min=1.493 mad=4.650 p10=71.470 p90=95.690 spread=34.430 core_cv=0.06529
SUMMARY case=bf16-tail-d12288 metric=wall_us binary=V016 n=21 median=75.330 mean=80.923 stdev=11.932 cv=0.14744 min=66.690 max=112.090 max_min=1.681 mad=2.730 p10=72.600 p90=94.730 spread=45.400 core_cv=0.06445
SUMMARY case=bf16-tail-d12288 metric=paired_device_delta_us binary=V016_minus_V011 n=21 median=2.420 mean=0.701 stdev=17.073 cv=24.35731 min=-36.080 max=31.320 max_min=-0.868 mad=9.260 p10=-23.420 p90=22.460 spread=67.400 core_cv=0.00000
CASE_END name=bf16-tail-d12288 correctness=PASS
CASE_BEGIN name=bf16-wide-d32768 dtype=bf16 rows=2 width=32768 device=3 warmup_each=45 pairs=21 samples_per_binary=21
SAMPLE case=bf16-wide-d32768 pair=01 order=P,C parent_device_us=42.660 candidate_device_us=28.780 parent_wall_us=103.560 candidate_wall_us=108.860 paired_device_delta_us=-13.880
SAMPLE case=bf16-wide-d32768 pair=02 order=C,P parent_device_us=75.340 candidate_device_us=28.900 parent_wall_us=135.880 candidate_wall_us=84.910 paired_device_delta_us=-46.440
SAMPLE case=bf16-wide-d32768 pair=03 order=P,C parent_device_us=25.900 candidate_device_us=17.480 parent_wall_us=88.641 candidate_wall_us=89.620 paired_device_delta_us=-8.420
SAMPLE case=bf16-wide-d32768 pair=04 order=C,P parent_device_us=16.540 candidate_device_us=28.740 parent_wall_us=83.880 candidate_wall_us=89.711 paired_device_delta_us=12.200
SAMPLE case=bf16-wide-d32768 pair=05 order=P,C parent_device_us=26.340 candidate_device_us=15.280 parent_wall_us=81.710 candidate_wall_us=78.701 paired_device_delta_us=-11.060
SAMPLE case=bf16-wide-d32768 pair=06 order=C,P parent_device_us=25.240 candidate_device_us=27.880 parent_wall_us=79.970 candidate_wall_us=78.730 paired_device_delta_us=2.640
SAMPLE case=bf16-wide-d32768 pair=07 order=P,C parent_device_us=15.100 candidate_device_us=22.140 parent_wall_us=81.651 candidate_wall_us=80.720 paired_device_delta_us=7.040
SAMPLE case=bf16-wide-d32768 pair=08 order=C,P parent_device_us=25.240 candidate_device_us=17.020 parent_wall_us=82.301 candidate_wall_us=84.210 paired_device_delta_us=-8.220
SAMPLE case=bf16-wide-d32768 pair=09 order=P,C parent_device_us=30.480 candidate_device_us=27.040 parent_wall_us=81.390 candidate_wall_us=80.630 paired_device_delta_us=-3.440
SAMPLE case=bf16-wide-d32768 pair=10 order=C,P parent_device_us=33.300 candidate_device_us=18.100 parent_wall_us=80.270 candidate_wall_us=81.101 paired_device_delta_us=-15.200
SAMPLE case=bf16-wide-d32768 pair=11 order=P,C parent_device_us=17.060 candidate_device_us=30.640 parent_wall_us=87.820 candidate_wall_us=81.741 paired_device_delta_us=13.580
SAMPLE case=bf16-wide-d32768 pair=12 order=C,P parent_device_us=15.940 candidate_device_us=30.200 parent_wall_us=81.400 candidate_wall_us=83.970 paired_device_delta_us=14.260
SAMPLE case=bf16-wide-d32768 pair=13 order=P,C parent_device_us=20.240 candidate_device_us=30.140 parent_wall_us=82.671 candidate_wall_us=93.710 paired_device_delta_us=9.900
SAMPLE case=bf16-wide-d32768 pair=14 order=C,P parent_device_us=25.400 candidate_device_us=18.720 parent_wall_us=79.900 candidate_wall_us=80.011 paired_device_delta_us=-6.680
SAMPLE case=bf16-wide-d32768 pair=15 order=P,C parent_device_us=15.020 candidate_device_us=20.360 parent_wall_us=81.010 candidate_wall_us=82.411 paired_device_delta_us=5.340
SAMPLE case=bf16-wide-d32768 pair=16 order=C,P parent_device_us=16.640 candidate_device_us=19.660 parent_wall_us=79.720 candidate_wall_us=79.680 paired_device_delta_us=3.020
SAMPLE case=bf16-wide-d32768 pair=17 order=P,C parent_device_us=19.540 candidate_device_us=15.540 parent_wall_us=77.891 candidate_wall_us=94.520 paired_device_delta_us=-4.000
SAMPLE case=bf16-wide-d32768 pair=18 order=C,P parent_device_us=15.500 candidate_device_us=15.840 parent_wall_us=97.551 candidate_wall_us=81.430 paired_device_delta_us=0.340
SAMPLE case=bf16-wide-d32768 pair=19 order=P,C parent_device_us=15.040 candidate_device_us=18.900 parent_wall_us=96.600 candidate_wall_us=94.620 paired_device_delta_us=3.860
SAMPLE case=bf16-wide-d32768 pair=20 order=C,P parent_device_us=16.000 candidate_device_us=27.740 parent_wall_us=78.920 candidate_wall_us=80.580 paired_device_delta_us=11.740
SAMPLE case=bf16-wide-d32768 pair=21 order=P,C parent_device_us=24.100 candidate_device_us=15.420 parent_wall_us=78.490 candidate_wall_us=92.250 paired_device_delta_us=-8.680
PAIR_BLOCK case=bf16-wide-d32768 block=1 pairs=21 parent_median_us=20.240 candidate_median_us=20.360 paired_delta_median_us=0.340
CORRECTNESS case=bf16-wide-d32768 binary=V011 result=PASS failures=0 max_abs=0.0078125 max_rel=0.01754386
CORRECTNESS case=bf16-wide-d32768 binary=V016 result=PASS failures=0 max_abs=0.0078125 max_rel=0.01754386
SUMMARY case=bf16-wide-d32768 metric=device_us binary=V011 n=21 median=20.240 mean=24.601 stdev=13.697 cv=0.55678 min=15.020 max=75.340 max_min=5.016 mad=5.000 p10=15.100 p90=33.300 spread=60.320 core_cv=0.15458
SUMMARY case=bf16-wide-d32768 metric=device_us binary=V016 n=21 median=20.360 mean=22.596 stdev=5.873 cv=0.25989 min=15.280 max=30.640 max_min=2.005 mad=4.940 p10=15.540 p90=30.140 spread=15.360 core_cv=0.08708
SUMMARY case=bf16-wide-d32768 metric=wall_us binary=V011 n=21 median=81.651 mean=86.725 stdev=13.216 cv=0.15239 min=77.891 max=135.880 max_min=1.744 mad=1.931 p10=78.920 p90=97.551 spread=57.989 core_cv=0.06727
SUMMARY case=bf16-wide-d32768 metric=wall_us binary=V016 n=21 median=82.411 mean=85.815 stdev=7.572 cv=0.08823 min=78.701 max=108.860 max_min=1.383 mad=2.499 p10=79.680 p90=94.520 spread=30.159 core_cv=0.06576
SUMMARY case=bf16-wide-d32768 metric=paired_device_delta_us binary=V016_minus_V011 n=21 median=0.340 mean=-2.005 stdev=13.759 cv=-6.86314 min=-46.440 max=14.260 max_min=-0.307 mad=8.760 p10=-13.880 p90=12.200 spread=60.700 core_cv=0.00000
CASE_END name=bf16-wide-d32768 correctness=PASS
RUNNER_COMPLETE mode=PAIRED correctness=PASS cases=4 warmup_each=45 pairs_each=21 timing=DEVICE_EVENT_PRIMARY wall=DIAGNOSTIC
