=== V005 BF16 CASE10 REFERENCE-ORDER DIAGNOSIS START ===
2026-09-17T10:42:13Z
DEVICE=6
Filesystem      Size  Used Avail Use% Mounted on
/dev/nvme1n1p1  3.5T  3.2T   93G  98% /home/data4t2
	NPU ID                         : 6
	Chip Count                     : 1

	DDR Capacity(MB)               : 0
	DDR Usage Rate(%)              : 0
	DDR Hugepages Total(page)      : 0
	DDR Hugepages Usage Rate(%)    : 0
	HBM Capacity(MB)               : 65536
	HBM Usage Rate(%)              : 91
	Aicore Usage Rate(%)           : 0
	Aivector Usage Rate(%)         : 0
	Aicpu Usage Rate(%)            : 0
	Ctrlcpu Usage Rate(%)          : 7
	DDR Bandwidth Usage Rate(%)    : 0
	HBM Bandwidth Usage Rate(%)    : 0
	Chip ID                        : 0

afd5b8eef071e2e849064b1913290b485e0689cf9da40987fb1ffc67dc36bd9c  kernel.asc
  394 16690 kernel.asc
-- System processer: aarch64
-- CMAKE_ASC_COMPILER: /home/data4t2/lelinfeng/cann_game/.toolchains/cann-9.0/cann-9.0.0/bin/bisheng
-- ASCEND_CANN_PACKAGE_LINUX_PATH: /home/data4t2/lelinfeng/cann_game/.toolchains/cann-9.0/cann-9.0.0/aarch64-linux
-- CMAKE_ASC_LLD_LINKER: /home/data4t2/lelinfeng/cann_game/.toolchains/cann-9.0/cann-9.0.0/aarch64-linux/ccec_compiler/bin/ld.lld
-- The CXX compiler identification is GNU 11.4.0
-- Detecting CXX compiler ABI info
-- Detecting CXX compiler ABI info - done
-- Check for working CXX compiler: /usr/bin/c++ - skipped
-- Detecting CXX compile features
-- Detecting CXX compile features - done
-- Configuring done
-- Generating done
-- Build files have been written to: /home/data4t2/lelinfeng/cann/实验/V005/工程/build
CONFIG_STATUS=0
[ 50%] Building ASC object CMakeFiles/add_rms_norm_bias_custom.dir/main.asc.o
/home/data4t2/lelinfeng/cann/实验/V005/工程/main.asc:161:17: warning: 'cce_global' attribute ignored when parsing type [-Wignored-attributes]
    run_kernel((GM_ADDR)deviceX, infoX,
                ^~~~~~~
/home/data4t2/lelinfeng/cann_game/.toolchains/cann-9.0/cann-9.0.0/aarch64-linux/tikcpp/tikcfw/impl/utils/kernel_utils_macros.h:23:17: note: expanded from macro 'GM_ADDR'
#define GM_ADDR __gm__ uint8_t*
                ^~~~~~
/home/data4t2/lelinfeng/cann_game/.toolchains/cann-9.0/cann-9.0.0/tools/bisheng_compiler/lib/clang/15.0.5/include/__clang_cce_defines.h:61:31: note: expanded from macro '__gm__'
#define __gm__ __attribute__((cce_global))
                              ^~~~~~~~~~
/home/data4t2/lelinfeng/cann/实验/V005/工程/main.asc:162:17: warning: 'cce_global' attribute ignored when parsing type [-Wignored-attributes]
               (GM_ADDR)deviceResidual, infoResidual,
                ^~~~~~~
/home/data4t2/lelinfeng/cann_game/.toolchains/cann-9.0/cann-9.0.0/aarch64-linux/tikcpp/tikcfw/impl/utils/kernel_utils_macros.h:23:17: note: expanded from macro 'GM_ADDR'
#define GM_ADDR __gm__ uint8_t*
                ^~~~~~
/home/data4t2/lelinfeng/cann_game/.toolchains/cann-9.0/cann-9.0.0/tools/bisheng_compiler/lib/clang/15.0.5/include/__clang_cce_defines.h:61:31: note: expanded from macro '__gm__'
#define __gm__ __attribute__((cce_global))
                              ^~~~~~~~~~
/home/data4t2/lelinfeng/cann/实验/V005/工程/main.asc:163:17: warning: 'cce_global' attribute ignored when parsing type [-Wignored-attributes]
               (GM_ADDR)deviceGamma, infoGamma,
                ^~~~~~~
/home/data4t2/lelinfeng/cann_game/.toolchains/cann-9.0/cann-9.0.0/aarch64-linux/tikcpp/tikcfw/impl/utils/kernel_utils_macros.h:23:17: note: expanded from macro 'GM_ADDR'
#define GM_ADDR __gm__ uint8_t*
                ^~~~~~
/home/data4t2/lelinfeng/cann_game/.toolchains/cann-9.0/cann-9.0.0/tools/bisheng_compiler/lib/clang/15.0.5/include/__clang_cce_defines.h:61:31: note: expanded from macro '__gm__'
#define __gm__ __attribute__((cce_global))
                              ^~~~~~~~~~
/home/data4t2/lelinfeng/cann/实验/V005/工程/main.asc:164:17: warning: 'cce_global' attribute ignored when parsing type [-Wignored-attributes]
               (GM_ADDR)deviceBias, infoBias,
                ^~~~~~~
/home/data4t2/lelinfeng/cann_game/.toolchains/cann-9.0/cann-9.0.0/aarch64-linux/tikcpp/tikcfw/impl/utils/kernel_utils_macros.h:23:17: note: expanded from macro 'GM_ADDR'
#define GM_ADDR __gm__ uint8_t*
                ^~~~~~
/home/data4t2/lelinfeng/cann_game/.toolchains/cann-9.0/cann-9.0.0/tools/bisheng_compiler/lib/clang/15.0.5/include/__clang_cce_defines.h:61:31: note: expanded from macro '__gm__'
#define __gm__ __attribute__((cce_global))
                              ^~~~~~~~~~
/home/data4t2/lelinfeng/cann/实验/V005/工程/main.asc:165:17: warning: 'cce_global' attribute ignored when parsing type [-Wignored-attributes]
               (GM_ADDR)deviceOutput, infoOutput,
                ^~~~~~~
/home/data4t2/lelinfeng/cann_game/.toolchains/cann-9.0/cann-9.0.0/aarch64-linux/tikcpp/tikcfw/impl/utils/kernel_utils_macros.h:23:17: note: expanded from macro 'GM_ADDR'
#define GM_ADDR __gm__ uint8_t*
                ^~~~~~
/home/data4t2/lelinfeng/cann_game/.toolchains/cann-9.0/cann-9.0.0/tools/bisheng_compiler/lib/clang/15.0.5/include/__clang_cce_defines.h:61:31: note: expanded from macro '__gm__'
#define __gm__ __attribute__((cce_global))
                              ^~~~~~~~~~
5 warnings generated.
[100%] Linking ASC executable add_rms_norm_bias_custom
[100%] Built target add_rms_norm_bias_custom
BUILD_STATUS=0
DATA_STATUS=0
PROBE width=4096 rows=8 rank=3 dtype=2 device=6 bytes=65536
PROBE_STATUS=0 CORES=40
RUN_STATUS=0
REFERENCE_ORDER_VARIANTS
VARIANT=double mismatches=2 max_abs=0.0078125 max_rel=0.007352941176470588 examples=[(1458, 48903, 48904, 0.00390625), (15668, 16329, 16330, 0.0078125)]
VARIANT=seq mismatches=4 max_abs=0.0078125 max_rel=0.007751937984496124 examples=[(7186, 48958, 48957, 0.00390625), (10989, 16193, 16192, 0.00390625), (25404, 49026, 49025, 0.0078125), (26681, 49026, 49025, 0.0078125)]
VARIANT=pair mismatches=2 max_abs=0.0078125 max_rel=0.007352941176470588 examples=[(1458, 48903, 48904, 0.00390625), (15668, 16329, 16330, 0.0078125)]
VARIANT=chunk2 mismatches=3 max_abs=0.0078125 max_rel=0.006369426751592357 examples=[(7186, 48958, 48957, 0.00390625), (18242, 48958, 48957, 0.00390625), (24209, 16319, 16318, 0.0078125)]
VARIANT=chunk4 mismatches=2 max_abs=0.0078125 max_rel=0.007352941176470588 examples=[(1458, 48903, 48904, 0.00390625), (24209, 16319, 16318, 0.0078125)]
VARIANT=chunk8 mismatches=2 max_abs=0.0078125 max_rel=0.007352941176470588 examples=[(1458, 48903, 48904, 0.00390625), (15668, 16329, 16330, 0.0078125)]
VARIANT=chunk16 mismatches=2 max_abs=0.0078125 max_rel=0.007352941176470588 examples=[(1458, 48903, 48904, 0.00390625), (24209, 16319, 16318, 0.0078125)]
VARIANT=chunk32 mismatches=1 max_abs=0.00390625 max_rel=0.007352941176470588 examples=[(1458, 48903, 48904, 0.00390625)]
VARIANT=chunk64 mismatches=2 max_abs=0.0078125 max_rel=0.007352941176470588 examples=[(1458, 48903, 48904, 0.00390625), (15668, 16329, 16330, 0.0078125)]
VARIANT=chunk128 mismatches=2 max_abs=0.0078125 max_rel=0.007352941176470588 examples=[(1458, 48903, 48904, 0.00390625), (15668, 16329, 16330, 0.0078125)]
VARIANT=chunk256 mismatches=2 max_abs=0.0078125 max_rel=0.007352941176470588 examples=[(1458, 48903, 48904, 0.00390625), (15668, 16329, 16330, 0.0078125)]
VARIANT=chunk512 mismatches=3 max_abs=0.0078125 max_rel=0.007352941176470588 examples=[(1458, 48903, 48904, 0.00390625), (15668, 16329, 16330, 0.0078125), (31209, 16309, 16310, 0.0078125)]
VARIANT=chunk1024 mismatches=4 max_abs=0.0078125 max_rel=0.007518796992481203 examples=[(1458, 48903, 48904, 0.00390625), (13648, 48960, 48961, 0.00390625), (15668, 16329, 16330, 0.0078125), (31209, 16309, 16310, 0.0078125)]
VARIANT=chunk2048 mismatches=4 max_abs=0.0078125 max_rel=0.007518796992481203 examples=[(1458, 48903, 48904, 0.00390625), (13648, 48960, 48961, 0.00390625), (15668, 16329, 16330, 0.0078125), (31209, 16309, 16310, 0.0078125)]
REFERENCE_DIAG_STATUS=0
CLEANUP_STATUS=0
Filesystem      Size  Used Avail Use% Mounted on
/dev/nvme1n1p1  3.5T  3.2T   93G  98% /home/data4t2
48K	/home/data4t2/lelinfeng/cann/实验/V005/工程
64K	/home/data4t2/lelinfeng/cann/实验/V005/平台模板编译
700K	/home/data4t2/lelinfeng/cann/实验/V005/性能
488K	/home/data4t2/lelinfeng/cann/实验/V005/日志
=== V005 BF16 CASE10 REFERENCE-ORDER DIAGNOSIS END ===
2026-09-17T10:42:30Z
