ROUTE=SYNC-BARRIER-ELISION-X
REVISION=V035
DIRECT_PARENT=R31B-V011
PARENT_SOURCE_SHA256=a8c19a1972207acc67e3fb0cd393cc70b0a4b183d1eaf5610edf80c2879b15e3
CANDIDATE_SOURCE_SHA256=6b099237590ebf5081dce063bed8ca7215e8c3b911198293c063558744da9d8f
COMPILE=PASS
HOST=hwnput3
USER=lelinfeng
SOC=Ascend910B3
NPU_ARCH=dav-2201
DEVICE=3
BUILD_DIR=/tmp/sync-barrier-elision-v035.l3sCi2
CORRECTNESS_START=2026-10-07T20:14:32Z
[ 50%] Building ASC object CMakeFiles/sync_barrier_elision_correctness.dir/support/correctness_runner.asc.o
[100%] Linking ASC executable sync_barrier_elision_correctness
[100%] Built target sync_barrier_elision_correctness
CORRECTNESS_RUNNER_BUILD_RC=0

===== PRE-RUN DEVICE SNAPSHOT =====
+------------------------------------------------------------------------------------------------+
| npu-smi 25.0.rc1.1               Version: 25.0.rc1.1                                           |
+---------------------------+---------------+----------------------------------------------------+
| NPU   Name                | Health        | Power(W)    Temp(C)           Hugepages-Usage(page)|
| Chip                      | Bus-Id        | AICore(%)   Memory-Usage(MB)  HBM-Usage(MB)        |
+===========================+===============+====================================================+
| 0     910B3               | OK            | 95.7        38                0    / 0             |
| 0                         | 0000:C1:00.0  | 0           0    / 0          3429 / 65536         |
+===========================+===============+====================================================+
| 1     910B3               | OK            | 100.1       40                0    / 0             |
| 0                         | 0000:C2:00.0  | 0           0    / 0          9174 / 65536         |
+===========================+===============+====================================================+
| 2     910B3               | OK            | 122.5       42                0    / 0             |
| 0                         | 0000:81:00.0  | 9           0    / 0          7456 / 65536         |
+===========================+===============+====================================================+
| 3     910B3               | OK            | 92.4        39                0    / 0             |
| 0                         | 0000:82:00.0  | 0           0    / 0          3426 / 65536         |
+===========================+===============+====================================================+
| 4     910B3               | OK            | 199.9       65                0    / 0             |
| 0                         | 0000:01:00.0  | 64          0    / 0          59192/ 65536         |
+===========================+===============+====================================================+
| 5     910B3               | OK            | 174.9       60                0    / 0             |
| 0                         | 0000:02:00.0  | 45          0    / 0          60221/ 65536         |
+===========================+===============+====================================================+
| 6     910B3               | OK            | 176.7       58                0    / 0             |
| 0                         | 0000:41:00.0  | 44          0    / 0          60222/ 65536         |
+===========================+===============+====================================================+
| 7     910B3               | OK            | 100.1       45                0    / 0             |
| 0                         | 0000:42:00.0  | 0           0    / 0          24791/ 65536         |
+===========================+===============+====================================================+
+---------------------------+---------------+----------------------------------------------------+
| NPU     Chip              | Process id    | Process name             | Process memory(MB)      |
+===========================+===============+====================================================+
| No running processes found in NPU 0                                                            |
+===========================+===============+====================================================+
| 1       0                 | 3150467       | python                   | 5746                    |
+===========================+===============+====================================================+
| 2       0                 | 1935458       | python                   | 4088                    |
+===========================+===============+====================================================+
| No running processes found in NPU 3                                                            |
+===========================+===============+====================================================+
| 4       0                 | 2999855       | VLLMEngineCor            | 55666                   |
+===========================+===============+====================================================+
| 5       0                 | 89602         | VLLMWorker_TP            | 56700                   |
+===========================+===============+====================================================+
| 6       0                 | 91228         | VLLMWorker_TP            | 56701                   |
+===========================+===============+====================================================+
| 7       0                 | 439848        | python3                  | 21260                   |
+===========================+===============+====================================================+
PREFLIGHT=PASS_DEVICE3_NO_PROCESS_AICORE_0
CORRECTNESS device=3 dtype=fp16 rows=8 width=128 parent_candidate_bit_mismatch=0 result=PASS
CORRECTNESS device=3 dtype=fp16 rows=8 width=256 parent_candidate_bit_mismatch=0 result=PASS
CORRECTNESS device=3 dtype=fp16 rows=8 width=1024 parent_candidate_bit_mismatch=0 result=PASS
CORRECTNESS device=3 dtype=fp16 rows=8 width=2048 parent_candidate_bit_mismatch=0 result=PASS
CORRECTNESS device=3 dtype=fp16 rows=8 width=4096 parent_candidate_bit_mismatch=0 result=PASS
CORRECTNESS_SUMMARY result=PASS cases=5
CORRECTNESS_RUN_RC=0

===== POST-RUN DEVICE SNAPSHOT =====
+------------------------------------------------------------------------------------------------+
| npu-smi 25.0.rc1.1               Version: 25.0.rc1.1                                           |
+---------------------------+---------------+----------------------------------------------------+
| NPU   Name                | Health        | Power(W)    Temp(C)           Hugepages-Usage(page)|
| Chip                      | Bus-Id        | AICore(%)   Memory-Usage(MB)  HBM-Usage(MB)        |
+===========================+===============+====================================================+
| 0     910B3               | OK            | 94.6        37                0    / 0             |
| 0                         | 0000:C1:00.0  | 0           0    / 0          3430 / 65536         |
+===========================+===============+====================================================+
| 1     910B3               | OK            | 103.1       40                0    / 0             |
| 0                         | 0000:C2:00.0  | 0           0    / 0          9174 / 65536         |
+===========================+===============+====================================================+
| 2     910B3               | OK            | 104.4       41                0    / 0             |
| 0                         | 0000:81:00.0  | 1           0    / 0          7456 / 65536         |
+===========================+===============+====================================================+
| 3     910B3               | OK            | 93.8        40                0    / 0             |
| 0                         | 0000:82:00.0  | 0           0    / 0          3428 / 65536         |
+===========================+===============+====================================================+
| 4     910B3               | OK            | 204.2       65                0    / 0             |
| 0                         | 0000:01:00.0  | 67          0    / 0          59192/ 65536         |
+===========================+===============+====================================================+
| 5     910B3               | OK            | 173.4       59                0    / 0             |
| 0                         | 0000:02:00.0  | 45          0    / 0          60222/ 65536         |
+===========================+===============+====================================================+
| 6     910B3               | OK            | 180.1       58                0    / 0             |
| 0                         | 0000:41:00.0  | 44          0    / 0          60221/ 65536         |
+===========================+===============+====================================================+
| 7     910B3               | OK            | 101.0       46                0    / 0             |
| 0                         | 0000:42:00.0  | 0           0    / 0          24790/ 65536         |
+===========================+===============+====================================================+
+---------------------------+---------------+----------------------------------------------------+
| NPU     Chip              | Process id    | Process name             | Process memory(MB)      |
+===========================+===============+====================================================+
| No running processes found in NPU 0                                                            |
+===========================+===============+====================================================+
| 1       0                 | 3150467       | python                   | 5746                    |
+===========================+===============+====================================================+
| 2       0                 | 1935458       | python                   | 4088                    |
+===========================+===============+====================================================+
| No running processes found in NPU 3                                                            |
+===========================+===============+====================================================+
| 4       0                 | 2999855       | VLLMEngineCor            | 55666                   |
+===========================+===============+====================================================+
| 5       0                 | 89602         | VLLMWorker_TP            | 56700                   |
+===========================+===============+====================================================+
| 6       0                 | 91228         | VLLMWorker_TP            | 56701                   |
+===========================+===============+====================================================+
| 7       0                 | 439848        | python3                  | 21260                   |
+===========================+===============+====================================================+
CORRECTNESS_END=2026-10-07T20:15:04Z
EVIDENCE_LOG=本地实验/SYNC-BARRIER-ELISION-X/V035/logs/correctness-local-20261007T201414Z.log
