ROUTE=SYNC-BARRIER-ELISION-X
REVISION=V035
PARENT=R31B-V011
DEVICE=3
SHAPE=fp16-8x128
WARMUPS=60
PAIRS=31
ORDER=alternating P,C then C,P
METHOD=ACL device event latency plus wall-clock diagnostics
HOST=hwnput3
USER=lelinfeng
START_UTC=2026-10-07T20:16:22Z
COMMAND=/tmp/sync-barrier-elision-v035.l3sCi2/sync_barrier_elision_correctness 3 --local
LOG=本地实验/SYNC-BARRIER-ELISION-X/V035/logs/local-device3-20261007T201605Z-run1.log
CPLUS_INCLUDE_PATH=/usr/include/c++/11:/usr/include/aarch64-linux-gnu/c++/11:/usr/include/c++/11/backward

===== PRE-RUN DEVICE SNAPSHOT =====
+------------------------------------------------------------------------------------------------+
| npu-smi 25.0.rc1.1               Version: 25.0.rc1.1                                           |
+---------------------------+---------------+----------------------------------------------------+
| NPU   Name                | Health        | Power(W)    Temp(C)           Hugepages-Usage(page)|
| Chip                      | Bus-Id        | AICore(%)   Memory-Usage(MB)  HBM-Usage(MB)        |
+===========================+===============+====================================================+
| 0     910B3               | OK            | 93.8        35                0    / 0             |
| 0                         | 0000:C1:00.0  | 0           0    / 0          3429 / 65536         |
+===========================+===============+====================================================+
| 1     910B3               | OK            | 98.5        36                0    / 0             |
| 0                         | 0000:C2:00.0  | 0           0    / 0          9174 / 65536         |
+===========================+===============+====================================================+
| 2     910B3               | OK            | 115.5       38                0    / 0             |
| 0                         | 0000:81:00.0  | 11          0    / 0          7456 / 65536         |
+===========================+===============+====================================================+
| 3     910B3               | OK            | 92.0        35                0    / 0             |
| 0                         | 0000:82:00.0  | 0           0    / 0          3426 / 65536         |
+===========================+===============+====================================================+
| 4     910B3               | OK            | 317.9       64                0    / 0             |
| 0                         | 0000:01:00.0  | 68          0    / 0          59192/ 65536         |
+===========================+===============+====================================================+
| 5     910B3               | OK            | 171.5       57                0    / 0             |
| 0                         | 0000:02:00.0  | 45          0    / 0          60222/ 65536         |
+===========================+===============+====================================================+
| 6     910B3               | OK            | 178.2       56                0    / 0             |
| 0                         | 0000:41:00.0  | 44          0    / 0          60221/ 65536         |
+===========================+===============+====================================================+
| 7     910B3               | OK            | 145.3       45                0    / 0             |
| 0                         | 0000:42:00.0  | 11          0    / 0          24790/ 65536         |
+===========================+===============+====================================================+
+---------------------------+---------------+----------------------------------------------------+
| NPU     Chip              | Process id    | Process name             | Process memory(MB)      |
+===========================+===============+====================================================+
| No running processes found in NPU 0                                                            |
+===========================+===============+====================================================+
| 1       0                 | 3150467       | python                   | 5746                    |
+===========================+===============+====================================================+
| 2       0                 | 1935458       | python                   | 4088                    |
+===========================+===============+====================================================+
| No running processes found in NPU 3                                                            |
+===========================+===============+====================================================+
| 4       0                 | 2999855       | VLLMEngineCor            | 55666                   |
+===========================+===============+====================================================+
| 5       0                 | 89602         | VLLMWorker_TP            | 56700                   |
+===========================+===============+====================================================+
| 6       0                 | 91228         | VLLMWorker_TP            | 56701                   |
+===========================+===============+====================================================+
| 7       0                 | 439848        | python3                  | 21260                   |
+===========================+===============+====================================================+
PREFLIGHT=PASS_DEVICE3_NO_PROCESS_AICORE_0
LOCAL_SAMPLE case=fp16-8x128 pair=01 order=P,C parent_device_us=15.9800 candidate_device_us=22.1200 parent_wall_us=167.0220 candidate_wall_us=80.2210 paired_delta_us=6.1400
LOCAL_SAMPLE case=fp16-8x128 pair=02 order=C,P parent_device_us=12.2400 candidate_device_us=20.4400 parent_wall_us=62.1910 candidate_wall_us=67.2110 paired_delta_us=8.2000
LOCAL_SAMPLE case=fp16-8x128 pair=03 order=P,C parent_device_us=12.4800 candidate_device_us=10.5000 parent_wall_us=62.9010 candidate_wall_us=61.9210 paired_delta_us=-1.9800
LOCAL_SAMPLE case=fp16-8x128 pair=04 order=C,P parent_device_us=6.3200 candidate_device_us=5.5800 parent_wall_us=63.7910 candidate_wall_us=65.2400 paired_delta_us=-0.7400
LOCAL_SAMPLE case=fp16-8x128 pair=05 order=P,C parent_device_us=14.3400 candidate_device_us=15.5600 parent_wall_us=60.6710 candidate_wall_us=60.2210 paired_delta_us=1.2200
LOCAL_SAMPLE case=fp16-8x128 pair=06 order=C,P parent_device_us=19.2800 candidate_device_us=7.1800 parent_wall_us=60.3000 candidate_wall_us=63.3510 paired_delta_us=-12.1000
LOCAL_SAMPLE case=fp16-8x128 pair=07 order=P,C parent_device_us=3.8800 candidate_device_us=11.3600 parent_wall_us=61.3610 candidate_wall_us=58.3710 paired_delta_us=7.4800
LOCAL_SAMPLE case=fp16-8x128 pair=08 order=C,P parent_device_us=22.0600 candidate_device_us=17.1200 parent_wall_us=59.2500 candidate_wall_us=63.4310 paired_delta_us=-4.9400
LOCAL_SAMPLE case=fp16-8x128 pair=09 order=P,C parent_device_us=8.0000 candidate_device_us=6.9800 parent_wall_us=63.8210 candidate_wall_us=63.1110 paired_delta_us=-1.0200
LOCAL_SAMPLE case=fp16-8x128 pair=10 order=C,P parent_device_us=6.0800 candidate_device_us=6.8600 parent_wall_us=65.0010 candidate_wall_us=62.1110 paired_delta_us=0.7800
LOCAL_SAMPLE case=fp16-8x128 pair=11 order=P,C parent_device_us=20.1400 candidate_device_us=4.6000 parent_wall_us=60.4400 candidate_wall_us=60.6210 paired_delta_us=-15.5400
LOCAL_SAMPLE case=fp16-8x128 pair=12 order=C,P parent_device_us=12.7000 candidate_device_us=3.5600 parent_wall_us=65.0410 candidate_wall_us=65.8510 paired_delta_us=-9.1400
LOCAL_SAMPLE case=fp16-8x128 pair=13 order=P,C parent_device_us=13.9200 candidate_device_us=15.6200 parent_wall_us=61.2210 candidate_wall_us=59.3800 paired_delta_us=1.7000
LOCAL_SAMPLE case=fp16-8x128 pair=14 order=C,P parent_device_us=13.5200 candidate_device_us=14.3400 parent_wall_us=60.5710 candidate_wall_us=59.8610 paired_delta_us=0.8200
LOCAL_SAMPLE case=fp16-8x128 pair=15 order=P,C parent_device_us=15.5800 candidate_device_us=4.4200 parent_wall_us=60.2610 candidate_wall_us=62.2500 paired_delta_us=-11.1600
LOCAL_SAMPLE case=fp16-8x128 pair=16 order=C,P parent_device_us=16.8200 candidate_device_us=13.1200 parent_wall_us=57.7710 candidate_wall_us=60.4110 paired_delta_us=-3.7000
LOCAL_SAMPLE case=fp16-8x128 pair=17 order=P,C parent_device_us=16.3400 candidate_device_us=14.7400 parent_wall_us=60.7410 candidate_wall_us=59.2200 paired_delta_us=-1.6000
LOCAL_SAMPLE case=fp16-8x128 pair=18 order=C,P parent_device_us=4.1600 candidate_device_us=13.6000 parent_wall_us=61.0910 candidate_wall_us=60.8110 paired_delta_us=9.4400
LOCAL_SAMPLE case=fp16-8x128 pair=19 order=P,C parent_device_us=12.9600 candidate_device_us=13.2400 parent_wall_us=60.0210 candidate_wall_us=57.5400 paired_delta_us=0.2800
LOCAL_SAMPLE case=fp16-8x128 pair=20 order=C,P parent_device_us=12.4800 candidate_device_us=14.1200 parent_wall_us=59.0110 candidate_wall_us=60.4110 paired_delta_us=1.6400
LOCAL_SAMPLE case=fp16-8x128 pair=21 order=P,C parent_device_us=19.4400 candidate_device_us=13.3400 parent_wall_us=59.9910 candidate_wall_us=60.7100 paired_delta_us=-6.1000
LOCAL_SAMPLE case=fp16-8x128 pair=22 order=C,P parent_device_us=14.9000 candidate_device_us=19.5600 parent_wall_us=58.6410 candidate_wall_us=60.3300 paired_delta_us=4.6600
LOCAL_SAMPLE case=fp16-8x128 pair=23 order=P,C parent_device_us=14.9200 candidate_device_us=13.8800 parent_wall_us=59.5010 candidate_wall_us=60.8900 paired_delta_us=-1.0400
LOCAL_SAMPLE case=fp16-8x128 pair=24 order=C,P parent_device_us=16.9600 candidate_device_us=12.4600 parent_wall_us=57.6610 candidate_wall_us=59.5200 paired_delta_us=-4.5000
LOCAL_SAMPLE case=fp16-8x128 pair=25 order=P,C parent_device_us=12.6600 candidate_device_us=13.0800 parent_wall_us=63.6610 candidate_wall_us=61.7810 paired_delta_us=0.4200
LOCAL_SAMPLE case=fp16-8x128 pair=26 order=C,P parent_device_us=13.1400 candidate_device_us=14.3400 parent_wall_us=60.7700 candidate_wall_us=62.3000 paired_delta_us=1.2000
LOCAL_SAMPLE case=fp16-8x128 pair=27 order=P,C parent_device_us=12.3800 candidate_device_us=14.8600 parent_wall_us=74.1810 candidate_wall_us=66.3010 paired_delta_us=2.4800
LOCAL_SAMPLE case=fp16-8x128 pair=28 order=C,P parent_device_us=13.7600 candidate_device_us=13.5400 parent_wall_us=60.4310 candidate_wall_us=73.4110 paired_delta_us=-0.2200
LOCAL_SAMPLE case=fp16-8x128 pair=29 order=P,C parent_device_us=14.7200 candidate_device_us=13.4200 parent_wall_us=60.6800 candidate_wall_us=59.3600 paired_delta_us=-1.3000
LOCAL_SAMPLE case=fp16-8x128 pair=30 order=C,P parent_device_us=13.4400 candidate_device_us=7.7000 parent_wall_us=59.9910 candidate_wall_us=61.6210 paired_delta_us=-5.7400
LOCAL_SAMPLE case=fp16-8x128 pair=31 order=P,C parent_device_us=14.5800 candidate_device_us=14.6600 parent_wall_us=60.2300 candidate_wall_us=59.9300 paired_delta_us=0.0800
LOCAL_STATS case=fp16-8x128 metric=device_us binary=PARENT_R31B_V011 n=31 median=13.7600 mean=13.5542 stdev=4.3144 cv=0.31831 min=3.8800 max=22.0600 mad=1.3800 p10=6.3200 p90=19.2800
LOCAL_STATS case=fp16-8x128 metric=device_us binary=CANDIDATE_V035 n=31 median=13.4200 mean=12.4484 stdev=4.6615 cv=0.37447 min=3.5600 max=22.1200 mad=2.0600 p10=5.5800 p90=17.1200
LOCAL_STATS case=fp16-8x128 metric=wall_us binary=PARENT_R31B_V011 n=31 median=60.6710 mean=64.7812 stdev=19.2126 cv=0.29658 min=57.6610 max=167.0220 mad=0.6900 p10=59.0110 p90=65.0010
LOCAL_STATS case=fp16-8x128 metric=wall_us binary=CANDIDATE_V035 n=31 median=60.8900 mean=62.5064 stdev=4.5371 cv=0.07259 min=57.5400 max=80.2210 mad=1.3700 p10=59.3600 p90=66.3010
LOCAL_STATS case=fp16-8x128 metric=paired_delta_us binary=CANDIDATE_MINUS_PARENT n=31 median=-0.2200 mean=-1.1058 stdev=5.7312 cv=-5.18280 min=-15.5400 max=9.4400 mad=1.9200 p10=-9.1400 p90=6.1400
LOCAL_RESULT route=SYNC-BARRIER-ELISION-X revision=V035 device=3 shape=8x128 dtype=fp16 samples=31 parent_median_us=13.7600 candidate_median_us=13.4200 local_delta_us=-0.2200 local_score_percent=1.598836 candidate_minus_parent_percent=-1.598836
CORRECTNESS_SUMMARY result=PASS cases=5
RUNNER_RC=0
RUN_START_EPOCH=1791404183.682312345
RUN_END_EPOCH=1791404190.228235619

===== POST-RUN DEVICE SNAPSHOT =====
+------------------------------------------------------------------------------------------------+
| npu-smi 25.0.rc1.1               Version: 25.0.rc1.1                                           |
+---------------------------+---------------+----------------------------------------------------+
| NPU   Name                | Health        | Power(W)    Temp(C)           Hugepages-Usage(page)|
| Chip                      | Bus-Id        | AICore(%)   Memory-Usage(MB)  HBM-Usage(MB)        |
+===========================+===============+====================================================+
| 0     910B3               | OK            | 93.7        34                0    / 0             |
| 0                         | 0000:C1:00.0  | 0           0    / 0          3428 / 65536         |
+===========================+===============+====================================================+
| 1     910B3               | OK            | 99.8        36                0    / 0             |
| 0                         | 0000:C2:00.0  | 0           0    / 0          9174 / 65536         |
+===========================+===============+====================================================+
| 2     910B3               | OK            | 108.1       37                0    / 0             |
| 0                         | 0000:81:00.0  | 8           0    / 0          7456 / 65536         |
+===========================+===============+====================================================+
| 3     910B3               | OK            | 93.6        36                0    / 0             |
| 0                         | 0000:82:00.0  | 0           0    / 0          3428 / 65536         |
+===========================+===============+====================================================+
| 4     910B3               | OK            | 312.1       62                0    / 0             |
| 0                         | 0000:01:00.0  | 63          0    / 0          59193/ 65536         |
+===========================+===============+====================================================+
| 5     910B3               | OK            | 171.9       57                0    / 0             |
| 0                         | 0000:02:00.0  | 44          0    / 0          60222/ 65536         |
+===========================+===============+====================================================+
| 6     910B3               | OK            | 169.2       54                0    / 0             |
| 0                         | 0000:41:00.0  | 39          0    / 0          60222/ 65536         |
+===========================+===============+====================================================+
| 7     910B3               | OK            | 116.1       45                0    / 0             |
| 0                         | 0000:42:00.0  | 0           0    / 0          24790/ 65536         |
+===========================+===============+====================================================+
+---------------------------+---------------+----------------------------------------------------+
| NPU     Chip              | Process id    | Process name             | Process memory(MB)      |
+===========================+===============+====================================================+
| No running processes found in NPU 0                                                            |
+===========================+===============+====================================================+
| 1       0                 | 3150467       | python                   | 5746                    |
+===========================+===============+====================================================+
| 2       0                 | 1935458       | python                   | 4088                    |
+===========================+===============+====================================================+
| No running processes found in NPU 3                                                            |
+===========================+===============+====================================================+
| 4       0                 | 2999855       | VLLMEngineCor            | 55666                   |
+===========================+===============+====================================================+
| 5       0                 | 89602         | VLLMWorker_TP            | 56700                   |
+===========================+===============+====================================================+
| 6       0                 | 91228         | VLLMWorker_TP            | 56701                   |
+===========================+===============+====================================================+
| 7       0                 | 439848        | python3                  | 21260                   |
+===========================+===============+====================================================+
END_UTC=2026-10-07T20:16:31Z
