SNAPSHOT_UTC=2026-10-08T16:19:19.802006100Z
ROUTE=SYNC-BARRIER-ELISION-X
REVISION=V066
DEVICE=3
STAGE=PRE_LOCAL_BLOCK_2
DEVICE_2_POLICY=EXCLUDED_MODE_V093_OCCUPIED
 16:19:19 up 243 days,  3:55, 36 users,  load average: 51.32, 55.85, 54.13
+------------------------------------------------------------------------------------------------+
| npu-smi 25.0.rc1.1               Version: 25.0.rc1.1                                           |
+---------------------------+---------------+----------------------------------------------------+
| NPU   Name                | Health        | Power(W)    Temp(C)           Hugepages-Usage(page)|
| Chip                      | Bus-Id        | AICore(%)   Memory-Usage(MB)  HBM-Usage(MB)        |
+===========================+===============+====================================================+
| 0     910B3               | OK            | 129.1       31                0    / 0             |
| 0                         | 0000:C1:00.0  | 16          0    / 0          9131 / 65536         |
+===========================+===============+====================================================+
| 1     910B3               | OK            | 132.1       38                0    / 0             |
| 0                         | 0000:C2:00.0  | 2           0    / 0          24327/ 65536         |
+===========================+===============+====================================================+
| 2     910B3               | OK            | 86.9        31                0    / 0             |
| 0                         | 0000:81:00.0  | 0           0    / 0          3422 / 65536         |
+===========================+===============+====================================================+
| 3     910B3               | OK            | 89.5        30                0    / 0             |
| 0                         | 0000:82:00.0  | 0           0    / 0          3428 / 65536         |
+===========================+===============+====================================================+
| 4     910B3               | OK            | 197.0       58                0    / 0             |
| 0                         | 0000:01:00.0  | 59          0    / 0          59193/ 65536         |
+===========================+===============+====================================================+
| 5     910B3               | OK            | 173.0       55                0    / 0             |
| 0                         | 0000:02:00.0  | 46          0    / 0          60222/ 65536         |
+===========================+===============+====================================================+
| 6     910B3               | OK            | 171.0       48                0    / 0             |
| 0                         | 0000:41:00.0  | 46          0    / 0          60222/ 65536         |
+===========================+===============+====================================================+
| 7     910B3               | OK            | 96.6        37                0    / 0             |
| 0                         | 0000:42:00.0  | 0           0    / 0          24791/ 65536         |
+===========================+===============+====================================================+
+---------------------------+---------------+----------------------------------------------------+
| NPU     Chip              | Process id    | Process name             | Process memory(MB)      |
+===========================+===============+====================================================+
| 0       0                 | 251901        | python                   | 5752                    |
+===========================+===============+====================================================+
| 1       0                 | 3150467       | python                   | 5748                    |
| 1       0                 | 203339        | python                   | 15199                   |
+===========================+===============+====================================================+
| No running processes found in NPU 2                                                            |
+===========================+===============+====================================================+
| No running processes found in NPU 3                                                            |
+===========================+===============+====================================================+
| 4       0                 | 2999855       | VLLMEngineCor            | 55666                   |
+===========================+===============+====================================================+
| 5       0                 | 89602         | VLLMWorker_TP            | 56700                   |
+===========================+===============+====================================================+
| 6       0                 | 91228         | VLLMWorker_TP            | 56701                   |
+===========================+===============+====================================================+
| 7       0                 | 439848        | python3                  | 21260                   |
+===========================+===============+====================================================+
	NPU ID                         : 3
	Chip Count                     : 1

	DDR Capacity(MB)               : 0
	DDR Usage Rate(%)              : 0
	DDR Hugepages Total(page)      : 0
	DDR Hugepages Usage Rate(%)    : 0
	HBM Capacity(MB)               : 65536
	HBM Usage Rate(%)              : 5
	Aicore Usage Rate(%)           : 0
	Aivector Usage Rate(%)         : 0
	Aicpu Usage Rate(%)            : 0
	Ctrlcpu Usage Rate(%)          : 2
	DDR Bandwidth Usage Rate(%)    : 0
	HBM Bandwidth Usage Rate(%)    : 0
	Chip ID                        : 0

