+------------------------------------------------------------------------------------------------+
| npu-smi 25.0.rc1.1               Version: 25.0.rc1.1                                           |
+---------------------------+---------------+----------------------------------------------------+
| NPU   Name                | Health        | Power(W)    Temp(C)           Hugepages-Usage(page)|
| Chip                      | Bus-Id        | AICore(%)   Memory-Usage(MB)  HBM-Usage(MB)        |
+===========================+===============+====================================================+
| 0     910B3               | OK            | 91.2        29                0    / 0             |
| 0                         | 0000:C1:00.0  | 0           0    / 0          60216/ 65536         |
+===========================+===============+====================================================+
| 1     910B3               | OK            | 88.3        29                0    / 0             |
| 0                         | 0000:C2:00.0  | 0           0    / 0          60274/ 65536         |
+===========================+===============+====================================================+
| 2     910B3               | OK            | 86.2        30                0    / 0             |
| 0                         | 0000:81:00.0  | 0           0    / 0          60210/ 65536         |
+===========================+===============+====================================================+
| 3     910B3               | OK            | 90.0        29                0    / 0             |
| 0                         | 0000:82:00.0  | 0           0    / 0          60219/ 65536         |
+===========================+===============+====================================================+
| 4     910B3               | OK            | 204.3       55                0    / 0             |
| 0                         | 0000:01:00.0  | 65          0    / 0          59193/ 65536         |
+===========================+===============+====================================================+
| 5     910B3               | OK            | 90.6        31                0    / 0             |
| 0                         | 0000:02:00.0  | 0           0    / 0          60223/ 65536         |
+===========================+===============+====================================================+
| 6     910B3               | OK            | 93.0        34                0    / 0             |
| 0                         | 0000:41:00.0  | 0           0    / 0          60221/ 65536         |
+===========================+===============+====================================================+
| 7     910B3               | OK            | 141.0       37                0    / 0             |
| 0                         | 0000:42:00.0  | 20          0    / 0          24792/ 65536         |
+===========================+===============+====================================================+
+---------------------------+---------------+----------------------------------------------------+
| NPU     Chip              | Process id    | Process name             | Process memory(MB)      |
+===========================+===============+====================================================+
| 0       0                 | 89395         | VLLMWorker_TP            | 56702                   |
+===========================+===============+====================================================+
| 1       0                 | 91055         | VLLMWorker_TP            | 56702                   |
+===========================+===============+====================================================+
| 2       0                 | 92813         | VLLMWorker_TP            | 56703                   |
+===========================+===============+====================================================+
| 3       0                 | 94498         | VLLMWorker_TP            | 56703                   |
+===========================+===============+====================================================+
| 4       0                 | 2999855       | VLLMEngineCor            | 55666                   |
+===========================+===============+====================================================+
| 5       0                 | 89602         | VLLMWorker_TP            | 56700                   |
+===========================+===============+====================================================+
| 6       0                 | 91228         | VLLMWorker_TP            | 56701                   |
+===========================+===============+====================================================+
| 7       0                 | 439848        | python3                  | 21260                   |
+===========================+===============+====================================================+
awk: cmd. line:1: /^\| 1 +910B3/ {getline; if (match($0, /[0-9]+\/ *[0-9]+/)) {split(substr($0, RSTART, RLENGTH), a, \/\); print a[2]-a[1]; exit}}
awk: cmd. line:1:                                                                                                    ^ backslash not last character on line
awk: cmd. line:1: /^\| 1 +910B3/ {getline; if (match($0, /[0-9]+\/ *[0-9]+/)) {split(substr($0, RSTART, RLENGTH), a, \/\); print a[2]-a[1]; exit}}
awk: cmd. line:1:                                                                                                    ^ syntax error
