RELEASE_SNAPSHOT_UTC=2026-10-08T07:46:01Z

=== device 0 detailed usages after V052 capture ===
	NPU ID                         : 0
	Chip Count                     : 1

	DDR Capacity(MB)               : 0
	DDR Usage Rate(%)              : 0
	DDR Hugepages Total(page)      : 0
	DDR Hugepages Usage Rate(%)    : 0
	HBM Capacity(MB)               : 65536
	HBM Usage Rate(%)              : 7
	Aicore Usage Rate(%)           : 0
	Aivector Usage Rate(%)         : 4
	Aicpu Usage Rate(%)            : 0
	Ctrlcpu Usage Rate(%)          : 7
	DDR Bandwidth Usage Rate(%)    : 0
	HBM Bandwidth Usage Rate(%)    : 0
	Chip ID                        : 0


=== all NPU/process table ===
+------------------------------------------------------------------------------------------------+
| npu-smi 25.0.rc1.1               Version: 25.0.rc1.1                                           |
+---------------------------+---------------+----------------------------------------------------+
| NPU   Name                | Health        | Power(W)    Temp(C)           Hugepages-Usage(page)|
| Chip                      | Bus-Id        | AICore(%)   Memory-Usage(MB)  HBM-Usage(MB)        |
+===========================+===============+====================================================+
| 0     910B3               | OK            | 111.4       41                0    / 0             |
| 0                         | 0000:C1:00.0  | 0           0    / 0          4814 / 65536         |
+===========================+===============+====================================================+
| 1     910B3               | OK            | 185.1       48                0    / 0             |
| 0                         | 0000:C2:00.0  | 36          0    / 0          24076/ 65536         |
+===========================+===============+====================================================+
| 2     910B3               | OK            | 101.9       41                0    / 0             |
| 0                         | 0000:81:00.0  | 0           0    / 0          6437 / 65536         |
+===========================+===============+====================================================+
| 3     910B3               | OK            | 94.1        40                0    / 0             |
| 0                         | 0000:82:00.0  | 0           0    / 0          3428 / 65536         |
+===========================+===============+====================================================+
| 4     910B3               | OK            | 198.2       64                0    / 0             |
| 0                         | 0000:01:00.0  | 57          0    / 0          59192/ 65536         |
+===========================+===============+====================================================+
| 5     910B3               | OK            | 173.6       60                0    / 0             |
| 0                         | 0000:02:00.0  | 44          0    / 0          60222/ 65536         |
+===========================+===============+====================================================+
| 6     910B3               | OK            | 174.4       57                0    / 0             |
| 0                         | 0000:41:00.0  | 44          0    / 0          60221/ 65536         |
+===========================+===============+====================================================+
| 7     910B3               | OK            | 152.7       47                0    / 0             |
| 0                         | 0000:42:00.0  | 3           0    / 0          28831/ 65536         |
+===========================+===============+====================================================+
+---------------------------+---------------+----------------------------------------------------+
| NPU     Chip              | Process id    | Process name             | Process memory(MB)      |
+===========================+===============+====================================================+
| 0       0                 | 251901        | python                   | 1434                    |
+===========================+===============+====================================================+
| 1       0                 | 3150467       | python                   | 5748                    |
| 1       0                 | 203339        | python                   | 14949                   |
+===========================+===============+====================================================+
| 2       0                 | 2532306       | python                   | 3066                    |
+===========================+===============+====================================================+
| No running processes found in NPU 3                                                            |
+===========================+===============+====================================================+
| 4       0                 | 2999855       | VLLMEngineCor            | 55666                   |
+===========================+===============+====================================================+
| 5       0                 | 89602         | VLLMWorker_TP            | 56700                   |
+===========================+===============+====================================================+
| 6       0                 | 91228         | VLLMWorker_TP            | 56701                   |
+===========================+===============+====================================================+
| 7       0                 | 439848        | python3                  | 21260                   |
| 7       0                 | 2532308       | python                   | 4094                    |
+===========================+===============+====================================================+

=== host load ===
 07:46:03 up 242 days, 19:22, 33 users,  load average: 51.60, 60.59, 60.36

=== V052 runner process names remaining ===
DEVICE_0_RELEASE=RELEASED_AFTER_V052_NUMERIC_RESULT_CAPTURE
