route=W4-R08 revision=V001 mode=noise-floor shape=17x257 dtype=fp32 device=4 owner=W4-R08 lease_id=W4-R08-device4-20261008-repaired
route=W4-R08
revision=V001
mode=noise-floor
implementation=parent
shape=17x257
rows=17
width=257
dtype=fp32
epsilon=9.99999975e-06
available_core_num=8
device=4
owner=W4-R08
lease_id=W4-R08-device4-20261008-repaired
preflight_utc=2026-10-08T04:14:29Z
runner_sha256=
parent_source_sha256=a8c19a1972207acc67e3fb0cd393cc70b0a4b183d1eaf5610edf80c2879b15e3
candidate_source_sha256=dc2cd6b8e24acaa8a56774d2c3fec93a525ee8540d46e35b145dc09ef55333fb
batch_n=1
method=DEVICE_EVENT_PRIMARY+HOST_WALL_SECONDARY
block=0 implementation=parent median_us=61.000001 mad_us=44.800000 mad_over_median=0.734426 cv=0.801959 p90_us=104.079999 verdict=NEEDS_VALIDATION
block=1 implementation=parent median_us=86.539999 mad_us=33.560000 mad_over_median=0.387798 cv=0.778035 p90_us=120.099999 verdict=NEEDS_VALIDATION
shape=17x257 implementation=parent blocks=2 block_median_drift=0.346211 qualification=NEEDS_VALIDATION
verify rows=17 width=257 failures=0 max_abs=7.15255737e-07
post_timing_verify=PASS
