route=W4-R08 revision=V001 mode=noise-floor shape=12x8192 dtype=fp32 device=3 owner=W4-R08 lease_id=W4-R08-20261007T185351Z-54342
route=W4-R08
revision=V001
mode=noise-floor
implementation=parent
shape=12x8192
rows=12
width=8192
dtype=fp32
epsilon=9.99999975e-06
available_core_num=8
device=3
owner=W4-R08
lease_id=W4-R08-20261007T185351Z-54342
preflight_utc=2026-10-07T18:53:54Z
runner_sha256=e7c654cfe3374b78f01068c6fdceeae06bc66a7e9f9684b132a4e63953be7116
parent_source_sha256=a8c19a1972207acc67e3fb0cd393cc70b0a4b183d1eaf5610edf80c2879b15e3
candidate_source_sha256=dc2cd6b8e24acaa8a56774d2c3fec93a525ee8540d46e35b145dc09ef55333fb
batch_n=1
method=DEVICE_EVENT_PRIMARY+HOST_WALL_SECONDARY
block=0 implementation=parent median_us=19.360000 mad_us=3.960000 mad_over_median=0.204545 cv=0.301679 p90_us=29.859999 verdict=NEEDS_VALIDATION
block=1 implementation=parent median_us=21.240000 mad_us=2.080001 mad_over_median=0.097928 cv=0.182322 p90_us=25.800001 verdict=PASS
block=2 implementation=parent median_us=21.919999 mad_us=3.179999 mad_over_median=0.145073 cv=0.290047 p90_us=29.279999 verdict=NEEDS_VALIDATION
shape=12x8192 implementation=parent blocks=3 block_median_drift=0.120527 qualification=NEEDS_VALIDATION
verify rows=12 width=8192 failures=0 max_abs=2.62260437e-06
post_timing_verify=PASS
runner_exit_status=0
owner=W4-R08
lease_id=W4-R08-20261007T185351Z-54342
preflight_utc=2026-10-07T18:53:54Z
