route=W4-R08 revision=V001 mode=noise-floor shape=12x4096 dtype=fp32 device=3 owner=W4-R08 lease_id=W4-R08-20261007T185213Z-53346
route=W4-R08
revision=V001
mode=noise-floor
implementation=parent
shape=12x4096
rows=12
width=4096
dtype=fp32
epsilon=9.99999975e-06
available_core_num=8
device=3
owner=W4-R08
lease_id=W4-R08-20261007T185213Z-53346
preflight_utc=2026-10-07T18:52:17Z
runner_sha256=e7c654cfe3374b78f01068c6fdceeae06bc66a7e9f9684b132a4e63953be7116
parent_source_sha256=a8c19a1972207acc67e3fb0cd393cc70b0a4b183d1eaf5610edf80c2879b15e3
candidate_source_sha256=dc2cd6b8e24acaa8a56774d2c3fec93a525ee8540d46e35b145dc09ef55333fb
batch_n=1
method=DEVICE_EVENT_PRIMARY+HOST_WALL_SECONDARY
block=0 implementation=parent median_us=14.800000 mad_us=5.900000 mad_over_median=0.398649 cv=0.445899 p90_us=21.220000 verdict=NEEDS_VALIDATION
block=1 implementation=parent median_us=19.600000 mad_us=4.860001 mad_over_median=0.247959 cv=0.439829 p90_us=29.880000 verdict=NEEDS_VALIDATION
block=2 implementation=parent median_us=14.260000 mad_us=7.900000 mad_over_median=0.553997 cv=0.819910 p90_us=26.200000 verdict=NEEDS_VALIDATION
shape=12x4096 implementation=parent blocks=3 block_median_drift=0.324324 qualification=NEEDS_VALIDATION
verify rows=12 width=4096 failures=0 max_abs=2.2649765e-06
post_timing_verify=PASS
runner_exit_status=0
owner=W4-R08
lease_id=W4-R08-20261007T185213Z-53346
preflight_utc=2026-10-07T18:52:17Z
