route=W4-R08 revision=V001 mode=noise-floor shape=2x4096 dtype=fp32 device=3 owner=W4-R08 lease_id=W4-R08-20261007T185433Z-55012
route=W4-R08
revision=V001
mode=noise-floor
implementation=parent
shape=2x4096
rows=2
width=4096
dtype=fp32
epsilon=9.99999975e-06
available_core_num=8
device=3
owner=W4-R08
lease_id=W4-R08-20261007T185433Z-55012
preflight_utc=2026-10-07T18:54:36Z
runner_sha256=e7c654cfe3374b78f01068c6fdceeae06bc66a7e9f9684b132a4e63953be7116
parent_source_sha256=a8c19a1972207acc67e3fb0cd393cc70b0a4b183d1eaf5610edf80c2879b15e3
candidate_source_sha256=dc2cd6b8e24acaa8a56774d2c3fec93a525ee8540d46e35b145dc09ef55333fb
batch_n=1
method=DEVICE_EVENT_PRIMARY+HOST_WALL_SECONDARY
block=0 implementation=parent median_us=17.100001 mad_us=2.220001 mad_over_median=0.129825 cv=0.280796 p90_us=20.780001 verdict=NEEDS_VALIDATION
block=1 implementation=parent median_us=15.980000 mad_us=1.800000 mad_over_median=0.112641 cv=0.141562 p90_us=18.940000 verdict=NEEDS_VALIDATION
shape=2x4096 implementation=parent blocks=2 block_median_drift=0.067715 qualification=NEEDS_VALIDATION
verify rows=2 width=4096 failures=0 max_abs=1.66893005e-06
post_timing_verify=PASS
runner_exit_status=0
owner=W4-R08
lease_id=W4-R08-20261007T185433Z-55012
preflight_utc=2026-10-07T18:54:36Z
