2026-10-08T06:20:16Z
hwnput3
lelinfeng
	NPU ID                         : 2
	Chip Count                     : 1

	DDR Capacity(MB)               : 0
	DDR Usage Rate(%)              : 0
	DDR Hugepages Total(page)      : 0
	DDR Hugepages Usage Rate(%)    : 0
	HBM Capacity(MB)               : 65536
	HBM Usage Rate(%)              : 9
	Aicore Usage Rate(%)           : 0
	Aivector Usage Rate(%)         : 4
	Aicpu Usage Rate(%)            : 0
	Ctrlcpu Usage Rate(%)          : 2
	DDR Bandwidth Usage Rate(%)    : 0
	HBM Bandwidth Usage Rate(%)    : 0
	Chip ID                        : 0

 06:20:16 up 242 days, 17:56, 33 users,  load average: 47.24, 61.94, 64.16
DEVICE=2 FREE_HBM_MB=59637 CPU_AFFINITY=72
+ /usr/bin/g++ -x c++ -DW4R08_HOST_ONLY -std=c++17 -O2 -fPIC -I/usr/local/Ascend/ascend-toolkit/8.5.0.alpha002/aarch64-linux/include -c src/paired_runner.asc -o build/w4r08_timing_host.o
+ /usr/local/Ascend/ascend-toolkit/8.5.0.alpha002/compiler/ccec_compiler/bin/bisheng build/w4r08_timing_host.o build/CMakeFiles/w4r08_paired_runner.dir/paired_runner.asc.o -Wl,--wrap=main -o build/w4r08_timing_host -L/usr/lib/gcc/aarch64-linux-gnu/11 -L/usr/local/Ascend/ascend-toolkit/8.5.0.alpha002/lib64 -L/usr/local/Ascend/ascend-toolkit/8.5.0.alpha002/aarch64-linux/lib64 -Wl,-rpath,/usr/lib/gcc/aarch64-linux-gnu/11 -Wl,-rpath,/usr/local/Ascend/ascend-toolkit/8.5.0.alpha002/lib64 -Wl,-rpath,/usr/local/Ascend/ascend-toolkit/8.5.0.alpha002/aarch64-linux/lib64 -lascendcl -ltiling_api -lregister -lplatform -lunified_dlog -ldl -lm -lgraph_base
+ set +x
COMPILE=PASS KERNEL_COMPILE=NOT_EXECUTED ORIGINAL_SIZE_MTIME=UNCHANGED
2026-10-08T06:20:20Z
hwnput3
lelinfeng
	NPU ID                         : 2
	Chip Count                     : 1

	DDR Capacity(MB)               : 0
	DDR Usage Rate(%)              : 0
	DDR Hugepages Total(page)      : 0
	DDR Hugepages Usage Rate(%)    : 0
	HBM Capacity(MB)               : 65536
	HBM Usage Rate(%)              : 9
	Aicore Usage Rate(%)           : 1
	Aivector Usage Rate(%)         : 4
	Aicpu Usage Rate(%)            : 0
	Ctrlcpu Usage Rate(%)          : 6
	DDR Bandwidth Usage Rate(%)    : 0
	HBM Bandwidth Usage Rate(%)    : 0
	Chip ID                        : 0

 06:20:21 up 242 days, 17:56, 33 users,  load average: 46.26, 61.49, 64.00
2026-10-08T06:20:21Z
