2026-10-08T06:18:38Z
hwnput3
lelinfeng
	NPU ID                         : 2
	Chip Count                     : 1

	DDR Capacity(MB)               : 0
	DDR Usage Rate(%)              : 0
	DDR Hugepages Total(page)      : 0
	DDR Hugepages Usage Rate(%)    : 0
	HBM Capacity(MB)               : 65536
	HBM Usage Rate(%)              : 9
	Aicore Usage Rate(%)           : 0
	Aivector Usage Rate(%)         : 0
	Aicpu Usage Rate(%)            : 0
	Ctrlcpu Usage Rate(%)          : 1
	DDR Bandwidth Usage Rate(%)    : 0
	HBM Bandwidth Usage Rate(%)    : 0
	Chip ID                        : 0

 06:18:38 up 242 days, 17:54, 33 users,  load average: 65.41, 67.32, 65.84
DEVICE=2 FREE_HBM_MB=59637 CPU_AFFINITY=72
+ /usr/local/Ascend/ascend-toolkit/8.5.0.alpha002/compiler/ccec_compiler/bin/bisheng -x c++ -DW4R08_HOST_ONLY -std=c++17 -O2 -fPIC -I/usr/local/Ascend/ascend-toolkit/8.5.0.alpha002/aarch64-linux/include -I/usr/local/Ascend/ascend-toolkit/8.5.0.alpha002/toolkit/toolchain/hcc/aarch64-target-linux-gnu/include/c++/7.3.0 -I/usr/local/Ascend/ascend-toolkit/8.5.0.alpha002/toolkit/toolchain/hcc/aarch64-target-linux-gnu/include/c++/7.3.0/aarch64-target-linux-gnu -I/usr/local/Ascend/ascend-toolkit/8.5.0.alpha002/toolkit/toolchain/hcc/aarch64-target-linux-gnu/include/c++/7.3.0/backward -I/usr/include/c++/11 -I/usr/include/aarch64-linux-gnu/c++/11 -I/usr/include/c++/11/backward -I/usr/include/aarch64-linux-gnu -c src/paired_runner.asc -o build/w4r08_timing_host.o
PlugIn Err: no aicore arch specified.
