ROUTE=SYNC-BARRIER-ELISION-X
REVISION=V046
DIRECT_PARENT=R31B-V011
DEVICE=3
DTYPE=fp16
CASES=8x128,8x256,8x1024,8x2048,8x4096,16x2064,128x128
HOST=hwnput3
a8c19a1972207acc67e3fb0cd393cc70b0a4b183d1eaf5610edf80c2879b15e3  本地实验/SYNC-BARRIER-ELISION-X/V046/parent.asc
dafe51fc1ea4582c3605222e282f3e68da556c8388ba3ca697fd00185e1f05f4  本地实验/SYNC-BARRIER-ELISION-X/V046/submission.asc
BUILD_DIR=/tmp/sync-barrier-elision-v046.xrLNBM
CORRECTNESS_START=2026-10-07T22:47:35Z

===== PRIOR PID CHECK =====

===== PRE-CORRECTNESS DEVICE SNAPSHOT =====
+------------------------------------------------------------------------------------------------+
| npu-smi 25.0.rc1.1               Version: 25.0.rc1.1                                           |
+---------------------------+---------------+----------------------------------------------------+
| NPU   Name                | Health        | Power(W)    Temp(C)           Hugepages-Usage(page)|
| Chip                      | Bus-Id        | AICore(%)   Memory-Usage(MB)  HBM-Usage(MB)        |
+===========================+===============+====================================================+
| 0     910B3               | OK            | 91.6        28                0    / 0             |
| 0                         | 0000:C1:00.0  | 0           0    / 0          3434 / 65536         |
+===========================+===============+====================================================+
| 1     910B3               | OK            | 98.8        30                0    / 0             |
| 0                         | 0000:C2:00.0  | 0           0    / 0          9174 / 65536         |
+===========================+===============+====================================================+
| 2     910B3               | OK            | 116.4       32                0    / 0             |
| 0                         | 0000:81:00.0  | 9           0    / 0          7456 / 65536         |
+===========================+===============+====================================================+
| 3     910B3               | OK            | 90.4        29                0    / 0             |
| 0                         | 0000:82:00.0  | 0           0    / 0          3426 / 65536         |
+===========================+===============+====================================================+
| 4     910B3               | OK            | 196.4       54                0    / 0             |
| 0                         | 0000:01:00.0  | 60          0    / 0          59192/ 65536         |
+===========================+===============+====================================================+
| 5     910B3               | OK            | 169.8       49                0    / 0             |
| 0                         | 0000:02:00.0  | 44          0    / 0          60221/ 65536         |
+===========================+===============+====================================================+
| 6     910B3               | OK            | 169.4       47                0    / 0             |
| 0                         | 0000:41:00.0  | 45          0    / 0          60222/ 65536         |
+===========================+===============+====================================================+
| 7     910B3               | OK            | 95.0        34                0    / 0             |
| 0                         | 0000:42:00.0  | 0           0    / 0          24791/ 65536         |
+===========================+===============+====================================================+
+---------------------------+---------------+----------------------------------------------------+
| NPU     Chip              | Process id    | Process name             | Process memory(MB)      |
+===========================+===============+====================================================+
| No running processes found in NPU 0                                                            |
+===========================+===============+====================================================+
| 1       0                 | 3150467       | python                   | 5746                    |
+===========================+===============+====================================================+
| 2       0                 | 1935458       | python                   | 4088                    |
+===========================+===============+====================================================+
| No running processes found in NPU 3                                                            |
+===========================+===============+====================================================+
| 4       0                 | 2999855       | VLLMEngineCor            | 55666                   |
+===========================+===============+====================================================+
| 5       0                 | 89602         | VLLMWorker_TP            | 56700                   |
+===========================+===============+====================================================+
| 6       0                 | 91228         | VLLMWorker_TP            | 56701                   |
+===========================+===============+====================================================+
| 7       0                 | 439848        | python3                  | 21260                   |
+===========================+===============+====================================================+
CORRECTNESS device=3 dtype=fp16 rows=8 width=128 parent_candidate_bit_mismatch=0 result=PASS
CORRECTNESS device=3 dtype=fp16 rows=8 width=256 parent_candidate_bit_mismatch=0 result=PASS
CORRECTNESS device=3 dtype=fp16 rows=8 width=1024 parent_candidate_bit_mismatch=0 result=PASS
CORRECTNESS device=3 dtype=fp16 rows=8 width=2048 parent_candidate_bit_mismatch=0 result=PASS
CORRECTNESS device=3 dtype=fp16 rows=8 width=4096 parent_candidate_bit_mismatch=0 result=PASS
CORRECTNESS device=3 dtype=fp16 rows=16 width=2064 parent_candidate_bit_mismatch=0 result=PASS
CORRECTNESS device=3 dtype=fp16 rows=128 width=128 parent_candidate_bit_mismatch=0 result=PASS
CORRECTNESS_SUMMARY result=PASS cases=7

===== POST-CORRECTNESS DEVICE SNAPSHOT =====
+------------------------------------------------------------------------------------------------+
| npu-smi 25.0.rc1.1               Version: 25.0.rc1.1                                           |
+---------------------------+---------------+----------------------------------------------------+
| NPU   Name                | Health        | Power(W)    Temp(C)           Hugepages-Usage(page)|
| Chip                      | Bus-Id        | AICore(%)   Memory-Usage(MB)  HBM-Usage(MB)        |
+===========================+===============+====================================================+
| 0     910B3               | OK            | 91.0        29                0    / 0             |
| 0                         | 0000:C1:00.0  | 0           0    / 0          3433 / 65536         |
+===========================+===============+====================================================+
| 1     910B3               | OK            | 100.0       30                0    / 0             |
| 0                         | 0000:C2:00.0  | 0           0    / 0          9175 / 65536         |
+===========================+===============+====================================================+
| 2     910B3               | OK            | 118.5       32                0    / 0             |
| 0                         | 0000:81:00.0  | 10          0    / 0          7456 / 65536         |
+===========================+===============+====================================================+
| 3     910B3               | OK            | 90.5        29                0    / 0             |
| 0                         | 0000:82:00.0  | 0           0    / 0          3428 / 65536         |
+===========================+===============+====================================================+
| 4     910B3               | OK            | 191.9       54                0    / 0             |
| 0                         | 0000:01:00.0  | 59          0    / 0          59192/ 65536         |
+===========================+===============+====================================================+
| 5     910B3               | OK            | 167.7       49                0    / 0             |
| 0                         | 0000:02:00.0  | 44          0    / 0          60222/ 65536         |
+===========================+===============+====================================================+
| 6     910B3               | OK            | 169.4       48                0    / 0             |
| 0                         | 0000:41:00.0  | 44          0    / 0          60221/ 65536         |
+===========================+===============+====================================================+
| 7     910B3               | OK            | 94.5        34                0    / 0             |
| 0                         | 0000:42:00.0  | 0           0    / 0          24790/ 65536         |
+===========================+===============+====================================================+
+---------------------------+---------------+----------------------------------------------------+
| NPU     Chip              | Process id    | Process name             | Process memory(MB)      |
+===========================+===============+====================================================+
| No running processes found in NPU 0                                                            |
+===========================+===============+====================================================+
| 1       0                 | 3150467       | python                   | 5746                    |
+===========================+===============+====================================================+
| 2       0                 | 1935458       | python                   | 4088                    |
+===========================+===============+====================================================+
| No running processes found in NPU 3                                                            |
+===========================+===============+====================================================+
| 4       0                 | 2999855       | VLLMEngineCor            | 55666                   |
+===========================+===============+====================================================+
| 5       0                 | 89602         | VLLMWorker_TP            | 56700                   |
+===========================+===============+====================================================+
| 6       0                 | 91228         | VLLMWorker_TP            | 56701                   |
+===========================+===============+====================================================+
| 7       0                 | 439848        | python3                  | 21260                   |
+===========================+===============+====================================================+

===== PRIOR PID CHECK AFTER RUN =====
CORRECTNESS_END=2026-10-07T22:47:44Z
RESULT_RC=0
