ROUTE=SYNC-BARRIER-ELISION-X
REVISION=V046
CANDIDATE=V046
PARENT=R31B-V011
DEVICE=3
RUNNER_SHA256=156f0ac996d3fd1ca2574568e8f95305d44b3d6f35e9a1bc9219a66258fc2478

===== CANDIDATE QUALIFICATION PRE-SNAPSHOT =====
2026-10-07T23:06:00Z
42.65 41.16 46.45 25/14149 2895330
+------------------------------------------------------------------------------------------------+
| npu-smi 25.0.rc1.1               Version: 25.0.rc1.1                                           |
+---------------------------+---------------+----------------------------------------------------+
| NPU   Name                | Health        | Power(W)    Temp(C)           Hugepages-Usage(page)|
| Chip                      | Bus-Id        | AICore(%)   Memory-Usage(MB)  HBM-Usage(MB)        |
+===========================+===============+====================================================+
| 0     910B3               | OK            | 91.1        30                0    / 0             |
| 0                         | 0000:C1:00.0  | 0           0    / 0          3432 / 65536         |
+===========================+===============+====================================================+
| 1     910B3               | OK            | 99.4        32                0    / 0             |
| 0                         | 0000:C2:00.0  | 0           0    / 0          9174 / 65536         |
+===========================+===============+====================================================+
| 2     910B3               | OK            | 96.2        34                0    / 0             |
| 0                         | 0000:81:00.0  | 0           0    / 0          4785 / 65536         |
+===========================+===============+====================================================+
| 3     910B3               | OK            | 91.5        32                0    / 0             |
| 0                         | 0000:82:00.0  | 0           0    / 0          3426 / 65536         |
+===========================+===============+====================================================+
| 4     910B3               | OK            | 209.2       58                0    / 0             |
| 0                         | 0000:01:00.0  | 61          0    / 0          59192/ 65536         |
+===========================+===============+====================================================+
| 5     910B3               | OK            | 166.4       52                0    / 0             |
| 0                         | 0000:02:00.0  | 43          0    / 0          60222/ 65536         |
+===========================+===============+====================================================+
| 6     910B3               | OK            | 171.9       51                0    / 0             |
| 0                         | 0000:41:00.0  | 44          0    / 0          60222/ 65536         |
+===========================+===============+====================================================+
| 7     910B3               | OK            | 143.7       41                0    / 0             |
| 0                         | 0000:42:00.0  | 0           0    / 0          24790/ 65536         |
+===========================+===============+====================================================+
+---------------------------+---------------+----------------------------------------------------+
| NPU     Chip              | Process id    | Process name             | Process memory(MB)      |
+===========================+===============+====================================================+
| No running processes found in NPU 0                                                            |
+===========================+===============+====================================================+
| 1       0                 | 3150467       | python                   | 5746                    |
+===========================+===============+====================================================+
| 2       0                 | 2840325       | python                   | 1416                    |
+===========================+===============+====================================================+
| No running processes found in NPU 3                                                            |
+===========================+===============+====================================================+
| 4       0                 | 2999855       | VLLMEngineCor            | 55666                   |
+===========================+===============+====================================================+
| 5       0                 | 89602         | VLLMWorker_TP            | 56700                   |
+===========================+===============+====================================================+
| 6       0                 | 91228         | VLLMWorker_TP            | 56701                   |
+===========================+===============+====================================================+
| 7       0                 | 439848        | python3                  | 21260                   |
+===========================+===============+====================================================+

===== CANDIDATE SAME-BINARY QUALIFICATION RUN 1 =====
SAME_BINARY_SAMPLE binary=CANDIDATE_V046 case=fp16-128x128 pair=01 order=A,B first_device_us=27.1400 second_device_us=20.6000 first_gelem_s=0.603685 second_gelem_s=0.795340 first_wall_us=165.4560 second_wall_us=83.2180 second_minus_first_us=-6.5400
SAME_BINARY_SAMPLE binary=CANDIDATE_V046 case=fp16-128x128 pair=02 order=B,A first_device_us=6.7000 second_device_us=7.2200 first_gelem_s=2.445373 second_gelem_s=2.269252 first_wall_us=71.1890 second_wall_us=67.8890 second_minus_first_us=0.5200
SAME_BINARY_SAMPLE binary=CANDIDATE_V046 case=fp16-128x128 pair=03 order=A,B first_device_us=6.5200 second_device_us=6.6000 first_gelem_s=2.512884 second_gelem_s=2.482424 first_wall_us=59.2080 second_wall_us=65.9480 second_minus_first_us=0.0800
SAME_BINARY_SAMPLE binary=CANDIDATE_V046 case=fp16-128x128 pair=04 order=B,A first_device_us=7.5200 second_device_us=20.0400 first_gelem_s=2.178723 second_gelem_s=0.817565 first_wall_us=67.4390 second_wall_us=62.6090 second_minus_first_us=12.5200
SAME_BINARY_SAMPLE binary=CANDIDATE_V046 case=fp16-128x128 pair=05 order=A,B first_device_us=7.8400 second_device_us=7.5200 first_gelem_s=2.089796 second_gelem_s=2.178723 first_wall_us=65.8980 second_wall_us=65.8290 second_minus_first_us=-0.3200
SAME_BINARY_SAMPLE binary=CANDIDATE_V046 case=fp16-128x128 pair=06 order=B,A first_device_us=7.4400 second_device_us=18.6600 first_gelem_s=2.202151 second_gelem_s=0.878028 first_wall_us=69.4790 second_wall_us=63.1090 second_minus_first_us=11.2200
SAME_BINARY_SAMPLE binary=CANDIDATE_V046 case=fp16-128x128 pair=07 order=A,B first_device_us=6.3400 second_device_us=20.1000 first_gelem_s=2.584227 second_gelem_s=0.815124 first_wall_us=67.0280 second_wall_us=63.0190 second_minus_first_us=13.7600
SAME_BINARY_SAMPLE binary=CANDIDATE_V046 case=fp16-128x128 pair=08 order=B,A first_device_us=16.8000 second_device_us=6.4400 first_gelem_s=0.975238 second_gelem_s=2.544099 first_wall_us=62.7190 second_wall_us=63.5380 second_minus_first_us=-10.3600
SAME_BINARY_SAMPLE binary=CANDIDATE_V046 case=fp16-128x128 pair=09 order=A,B first_device_us=17.1800 second_device_us=15.5400 first_gelem_s=0.953667 second_gelem_s=1.054311 first_wall_us=64.5780 second_wall_us=60.8690 second_minus_first_us=-1.6400
SAME_BINARY_SAMPLE binary=CANDIDATE_V046 case=fp16-128x128 pair=10 order=B,A first_device_us=17.0000 second_device_us=15.8200 first_gelem_s=0.963765 second_gelem_s=1.035651 first_wall_us=61.4080 second_wall_us=64.4190 second_minus_first_us=-1.1800
SAME_BINARY_SAMPLE binary=CANDIDATE_V046 case=fp16-128x128 pair=11 order=A,B first_device_us=7.6000 second_device_us=20.8200 first_gelem_s=2.155789 second_gelem_s=0.786936 first_wall_us=66.4090 second_wall_us=66.0680 second_minus_first_us=13.2200
SAME_BINARY_SAMPLE binary=CANDIDATE_V046 case=fp16-128x128 pair=12 order=B,A first_device_us=6.5000 second_device_us=6.8200 first_gelem_s=2.520615 second_gelem_s=2.402346 first_wall_us=65.7280 second_wall_us=68.9090 second_minus_first_us=0.3200
SAME_BINARY_SAMPLE binary=CANDIDATE_V046 case=fp16-128x128 pair=13 order=A,B first_device_us=18.5800 second_device_us=6.9600 first_gelem_s=0.881808 second_gelem_s=2.354023 first_wall_us=61.9590 second_wall_us=67.7080 second_minus_first_us=-11.6200
SAME_BINARY_SAMPLE binary=CANDIDATE_V046 case=fp16-128x128 pair=14 order=B,A first_device_us=6.6000 second_device_us=7.5800 first_gelem_s=2.482424 second_gelem_s=2.161478 first_wall_us=108.7670 second_wall_us=70.6390 second_minus_first_us=0.9800
SAME_BINARY_SAMPLE binary=CANDIDATE_V046 case=fp16-128x128 pair=15 order=A,B first_device_us=7.4800 second_device_us=7.5200 first_gelem_s=2.190374 second_gelem_s=2.178723 first_wall_us=68.6190 second_wall_us=64.5690 second_minus_first_us=0.0400
SAME_BINARY_SAMPLE binary=CANDIDATE_V046 case=fp16-128x128 pair=16 order=B,A first_device_us=12.9000 second_device_us=12.0000 first_gelem_s=1.270077 second_gelem_s=1.365333 first_wall_us=64.9880 second_wall_us=60.8790 second_minus_first_us=-0.9000
SAME_BINARY_SAMPLE binary=CANDIDATE_V046 case=fp16-128x128 pair=17 order=A,B first_device_us=14.4000 second_device_us=16.4400 first_gelem_s=1.137778 second_gelem_s=0.996594 first_wall_us=84.7780 second_wall_us=63.6590 second_minus_first_us=2.0400
SAME_BINARY_SAMPLE binary=CANDIDATE_V046 case=fp16-128x128 pair=18 order=B,A first_device_us=16.0600 second_device_us=15.1000 first_gelem_s=1.020174 second_gelem_s=1.085033 first_wall_us=64.2590 second_wall_us=63.7380 second_minus_first_us=-0.9600
SAME_BINARY_SAMPLE binary=CANDIDATE_V046 case=fp16-128x128 pair=19 order=A,B first_device_us=16.2200 second_device_us=29.7000 first_gelem_s=1.010111 second_gelem_s=0.551650 first_wall_us=63.7780 second_wall_us=71.6590 second_minus_first_us=13.4800
SAME_BINARY_SAMPLE binary=CANDIDATE_V046 case=fp16-128x128 pair=20 order=B,A first_device_us=14.9000 second_device_us=6.2200 first_gelem_s=1.099597 second_gelem_s=2.634084 first_wall_us=62.9190 second_wall_us=65.4780 second_minus_first_us=-8.6800
SAME_BINARY_SAMPLE binary=CANDIDATE_V046 case=fp16-128x128 pair=21 order=A,B first_device_us=6.3200 second_device_us=7.7000 first_gelem_s=2.592405 second_gelem_s=2.127792 first_wall_us=65.4280 second_wall_us=65.3090 second_minus_first_us=1.3800
SAME_BINARY_SAMPLE binary=CANDIDATE_V046 case=fp16-128x128 pair=22 order=B,A first_device_us=6.4400 second_device_us=18.1800 first_gelem_s=2.544099 second_gelem_s=0.901210 first_wall_us=66.2490 second_wall_us=62.8280 second_minus_first_us=11.7400
SAME_BINARY_SAMPLE binary=CANDIDATE_V046 case=fp16-128x128 pair=23 order=A,B first_device_us=7.7800 second_device_us=18.7000 first_gelem_s=2.105913 second_gelem_s=0.876150 first_wall_us=64.1590 second_wall_us=61.7690 second_minus_first_us=10.9200
SAME_BINARY_SAMPLE binary=CANDIDATE_V046 case=fp16-128x128 pair=24 order=B,A first_device_us=6.5200 second_device_us=6.1800 first_gelem_s=2.512884 second_gelem_s=2.651133 first_wall_us=68.6680 second_wall_us=73.6980 second_minus_first_us=-0.3400
SAME_BINARY_SAMPLE binary=CANDIDATE_V046 case=fp16-128x128 pair=25 order=A,B first_device_us=7.3000 second_device_us=8.9600 first_gelem_s=2.244384 second_gelem_s=1.828571 first_wall_us=63.9980 second_wall_us=61.9390 second_minus_first_us=1.6600
SAME_BINARY_SAMPLE binary=CANDIDATE_V046 case=fp16-128x128 pair=26 order=B,A first_device_us=6.5800 second_device_us=22.2400 first_gelem_s=2.489970 second_gelem_s=0.736691 first_wall_us=70.1380 second_wall_us=62.9080 second_minus_first_us=15.6600
SAME_BINARY_SAMPLE binary=CANDIDATE_V046 case=fp16-128x128 pair=27 order=A,B first_device_us=8.2200 second_device_us=8.3400 first_gelem_s=1.993187 second_gelem_s=1.964508 first_wall_us=64.4290 second_wall_us=65.8190 second_minus_first_us=0.1200
SAME_BINARY_SAMPLE binary=CANDIDATE_V046 case=fp16-128x128 pair=28 order=B,A first_device_us=11.6200 second_device_us=7.6400 first_gelem_s=1.409983 second_gelem_s=2.144503 first_wall_us=63.7480 second_wall_us=62.3090 second_minus_first_us=-3.9800
SAME_BINARY_SAMPLE binary=CANDIDATE_V046 case=fp16-128x128 pair=29 order=A,B first_device_us=7.6000 second_device_us=6.7600 first_gelem_s=2.155789 second_gelem_s=2.423669 first_wall_us=65.1690 second_wall_us=66.4780 second_minus_first_us=-0.8400
SAME_BINARY_SAMPLE binary=CANDIDATE_V046 case=fp16-128x128 pair=30 order=B,A first_device_us=21.7000 second_device_us=19.2200 first_gelem_s=0.755023 second_gelem_s=0.852445 first_wall_us=61.8280 second_wall_us=62.6990 second_minus_first_us=-2.4800
SAME_BINARY_SAMPLE binary=CANDIDATE_V046 case=fp16-128x128 pair=31 order=A,B first_device_us=26.8200 second_device_us=7.5200 first_gelem_s=0.610887 second_gelem_s=2.178723 first_wall_us=72.0480 second_wall_us=65.6380 second_minus_first_us=-19.3000
LOCAL_STATS case=CANDIDATE_V046 metric=device_us binary=same_binary_first n=31 median=7.7800 mean=11.5684 stdev=6.1871 cv=0.53483 min=6.3200 max=27.1400 mad=1.3400 p10=6.5000 p90=18.5800
LOCAL_STATS case=CANDIDATE_V046 metric=device_us binary=same_binary_second n=31 median=8.9600 mean=12.8755 stdev=6.5375 cv=0.50775 min=6.1800 max=29.7000 mad=2.7800 p10=6.6000 p90=20.6000
LOCAL_STATS case=CANDIDATE_V046 metric=paired_delta_us binary=same_binary_second_minus_first n=31 median=0.0800 mean=1.3071 stdev=8.2657 cv=6.32373 min=-19.3000 max=15.6600 mad=1.9600 p10=-8.6800 p90=13.2200
LOCAL_STATS case=CANDIDATE_V046 metric=gelem_s binary=same_binary_first n=31 median=2.1059 mean=1.7643 stdev=0.7128 cv=0.40404 min=0.6037 max=2.5924 mad=0.4382 p10=0.8818 p90=2.5206
LOCAL_STATS case=CANDIDATE_V046 metric=gelem_s binary=same_binary_second n=31 median=1.8286 mean=1.6152 stdev=0.7310 cv=0.45255 min=0.5516 max=2.6511 mad=0.7435 p10=0.7953 p90=2.4824
LOCAL_STATS case=CANDIDATE_V046 metric=wall_us binary=same_binary_first n=31 median=65.4280 mean=70.7248 stdev=19.6972 cv=0.27851 min=59.2080 max=165.4560 mad=2.0110 p10=61.9590 p90=72.0480
LOCAL_STATS case=CANDIDATE_V046 metric=wall_us binary=same_binary_second n=31 median=64.5690 mean=65.6499 stdev=4.4819 cv=0.06827 min=60.8690 max=83.2180 mad=1.7410 p10=61.9390 p90=70.6390
SAME_BINARY_QUALIFICATION binary=CANDIDATE_V046 case=fp16-128x128 samples=31 first_mad_over_median=0.172236 second_mad_over_median=0.310268 median_drift_fraction=0.140980
SAME_BINARY_SUMMARY binary=CANDIDATE_V046 device=3 shape=128x128 dtype=fp16 samples=31

===== CANDIDATE SAME-BINARY QUALIFICATION RUN 2 =====
SAME_BINARY_SAMPLE binary=CANDIDATE_V046 case=fp16-128x128 pair=01 order=A,B first_device_us=24.7400 second_device_us=9.1400 first_gelem_s=0.662247 second_gelem_s=1.792560 first_wall_us=175.4160 second_wall_us=84.9580 second_minus_first_us=-15.6000
SAME_BINARY_SAMPLE binary=CANDIDATE_V046 case=fp16-128x128 pair=02 order=B,A first_device_us=18.5200 second_device_us=21.0600 first_gelem_s=0.884665 second_gelem_s=0.777968 first_wall_us=68.5390 second_wall_us=63.3790 second_minus_first_us=2.5400
SAME_BINARY_SAMPLE binary=CANDIDATE_V046 case=fp16-128x128 pair=03 order=A,B first_device_us=6.5800 second_device_us=7.1600 first_gelem_s=2.489970 second_gelem_s=2.288268 first_wall_us=65.6380 second_wall_us=62.2990 second_minus_first_us=0.5800
SAME_BINARY_SAMPLE binary=CANDIDATE_V046 case=fp16-128x128 pair=04 order=B,A first_device_us=18.6800 second_device_us=17.0600 first_gelem_s=0.877088 second_gelem_s=0.960375 first_wall_us=64.6090 second_wall_us=65.0980 second_minus_first_us=-1.6200
SAME_BINARY_SAMPLE binary=CANDIDATE_V046 case=fp16-128x128 pair=05 order=A,B first_device_us=18.4200 second_device_us=18.9000 first_gelem_s=0.889468 second_gelem_s=0.866878 first_wall_us=67.1280 second_wall_us=63.3790 second_minus_first_us=0.4800
SAME_BINARY_SAMPLE binary=CANDIDATE_V046 case=fp16-128x128 pair=06 order=B,A first_device_us=6.4600 second_device_us=18.2400 first_gelem_s=2.536223 second_gelem_s=0.898246 first_wall_us=66.3390 second_wall_us=72.6180 second_minus_first_us=11.7800
SAME_BINARY_SAMPLE binary=CANDIDATE_V046 case=fp16-128x128 pair=07 order=A,B first_device_us=6.7800 second_device_us=6.4800 first_gelem_s=2.416519 second_gelem_s=2.528395 first_wall_us=105.8170 second_wall_us=70.0090 second_minus_first_us=-0.3000
SAME_BINARY_SAMPLE binary=CANDIDATE_V046 case=fp16-128x128 pair=08 order=B,A first_device_us=16.1200 second_device_us=6.5400 first_gelem_s=1.016377 second_gelem_s=2.505199 first_wall_us=64.0390 second_wall_us=62.9080 second_minus_first_us=-9.5800
SAME_BINARY_SAMPLE binary=CANDIDATE_V046 case=fp16-128x128 pair=09 order=A,B first_device_us=16.1400 second_device_us=6.5200 first_gelem_s=1.015118 second_gelem_s=2.512884 first_wall_us=63.8690 second_wall_us=73.9690 second_minus_first_us=-9.6200
SAME_BINARY_SAMPLE binary=CANDIDATE_V046 case=fp16-128x128 pair=10 order=B,A first_device_us=6.6600 second_device_us=6.7600 first_gelem_s=2.460060 second_gelem_s=2.423669 first_wall_us=90.8470 second_wall_us=1071.7760 second_minus_first_us=0.1000
SAME_BINARY_SAMPLE binary=CANDIDATE_V046 case=fp16-128x128 pair=11 order=A,B first_device_us=113.1600 second_device_us=15.0400 first_gelem_s=0.144786 second_gelem_s=1.089362 first_wall_us=206.0950 second_wall_us=96.1080 second_minus_first_us=-98.1200
SAME_BINARY_SAMPLE binary=CANDIDATE_V046 case=fp16-128x128 pair=12 order=B,A first_device_us=13.1600 second_device_us=12.8200 first_gelem_s=1.244985 second_gelem_s=1.278003 first_wall_us=90.5480 second_wall_us=82.2380 second_minus_first_us=-0.3400
SAME_BINARY_SAMPLE binary=CANDIDATE_V046 case=fp16-128x128 pair=13 order=A,B first_device_us=16.7400 second_device_us=6.5200 first_gelem_s=0.978734 second_gelem_s=2.512884 first_wall_us=77.5680 second_wall_us=77.8180 second_minus_first_us=-10.2200
SAME_BINARY_SAMPLE binary=CANDIDATE_V046 case=fp16-128x128 pair=14 order=B,A first_device_us=13.5600 second_device_us=9.4200 first_gelem_s=1.208260 second_gelem_s=1.739278 first_wall_us=76.0580 second_wall_us=72.3080 second_minus_first_us=-4.1400
SAME_BINARY_SAMPLE binary=CANDIDATE_V046 case=fp16-128x128 pair=15 order=A,B first_device_us=11.5000 second_device_us=13.0800 first_gelem_s=1.424696 second_gelem_s=1.252599 first_wall_us=84.4380 second_wall_us=85.3380 second_minus_first_us=1.5800
SAME_BINARY_SAMPLE binary=CANDIDATE_V046 case=fp16-128x128 pair=16 order=B,A first_device_us=8.0200 second_device_us=14.1400 first_gelem_s=2.042893 second_gelem_s=1.158699 first_wall_us=75.5280 second_wall_us=78.1480 second_minus_first_us=6.1200
SAME_BINARY_SAMPLE binary=CANDIDATE_V046 case=fp16-128x128 pair=17 order=A,B first_device_us=12.7200 second_device_us=12.6200 first_gelem_s=1.288050 second_gelem_s=1.298257 first_wall_us=68.3880 second_wall_us=86.8380 second_minus_first_us=-0.1000
SAME_BINARY_SAMPLE binary=CANDIDATE_V046 case=fp16-128x128 pair=18 order=B,A first_device_us=6.9200 second_device_us=10.5200 first_gelem_s=2.367630 second_gelem_s=1.557414 first_wall_us=85.1580 second_wall_us=89.2780 second_minus_first_us=3.6000
SAME_BINARY_SAMPLE binary=CANDIDATE_V046 case=fp16-128x128 pair=19 order=A,B first_device_us=9.0000 second_device_us=8.9400 first_gelem_s=1.820445 second_gelem_s=1.832662 first_wall_us=88.9180 second_wall_us=88.0680 second_minus_first_us=-0.0600
SAME_BINARY_SAMPLE binary=CANDIDATE_V046 case=fp16-128x128 pair=20 order=B,A first_device_us=9.4000 second_device_us=8.8400 first_gelem_s=1.742979 second_gelem_s=1.853394 first_wall_us=76.4980 second_wall_us=76.2680 second_minus_first_us=-0.5600
SAME_BINARY_SAMPLE binary=CANDIDATE_V046 case=fp16-128x128 pair=21 order=A,B first_device_us=8.5600 second_device_us=27.7000 first_gelem_s=1.914019 second_gelem_s=0.591480 first_wall_us=82.7280 second_wall_us=77.4580 second_minus_first_us=19.1400
SAME_BINARY_SAMPLE binary=CANDIDATE_V046 case=fp16-128x128 pair=22 order=B,A first_device_us=11.7000 second_device_us=20.2800 first_gelem_s=1.400342 second_gelem_s=0.807890 first_wall_us=81.1180 second_wall_us=82.3280 second_minus_first_us=8.5800
SAME_BINARY_SAMPLE binary=CANDIDATE_V046 case=fp16-128x128 pair=23 order=A,B first_device_us=7.6000 second_device_us=7.5400 first_gelem_s=2.155789 second_gelem_s=2.172944 first_wall_us=74.9480 second_wall_us=76.0580 second_minus_first_us=-0.0600
SAME_BINARY_SAMPLE binary=CANDIDATE_V046 case=fp16-128x128 pair=24 order=B,A first_device_us=6.1000 second_device_us=7.8200 first_gelem_s=2.685902 second_gelem_s=2.095141 first_wall_us=71.1590 second_wall_us=71.9980 second_minus_first_us=1.7200
SAME_BINARY_SAMPLE binary=CANDIDATE_V046 case=fp16-128x128 pair=25 order=A,B first_device_us=7.3800 second_device_us=6.2400 first_gelem_s=2.220054 second_gelem_s=2.625641 first_wall_us=74.6080 second_wall_us=70.7580 second_minus_first_us=-1.1400
SAME_BINARY_SAMPLE binary=CANDIDATE_V046 case=fp16-128x128 pair=26 order=B,A first_device_us=10.4800 second_device_us=18.7200 first_gelem_s=1.563359 second_gelem_s=0.875214 first_wall_us=86.6880 second_wall_us=81.7080 second_minus_first_us=8.2400
SAME_BINARY_SAMPLE binary=CANDIDATE_V046 case=fp16-128x128 pair=27 order=A,B first_device_us=7.9800 second_device_us=9.6000 first_gelem_s=2.053133 second_gelem_s=1.706667 first_wall_us=68.5980 second_wall_us=70.6680 second_minus_first_us=1.6200
SAME_BINARY_SAMPLE binary=CANDIDATE_V046 case=fp16-128x128 pair=28 order=B,A first_device_us=22.4000 second_device_us=7.5000 first_gelem_s=0.731429 second_gelem_s=2.184533 first_wall_us=70.2180 second_wall_us=69.1490 second_minus_first_us=-14.9000
SAME_BINARY_SAMPLE binary=CANDIDATE_V046 case=fp16-128x128 pair=29 order=A,B first_device_us=8.4200 second_device_us=15.3000 first_gelem_s=1.945843 second_gelem_s=1.070850 first_wall_us=89.1580 second_wall_us=102.7480 second_minus_first_us=6.8800
SAME_BINARY_SAMPLE binary=CANDIDATE_V046 case=fp16-128x128 pair=30 order=B,A first_device_us=7.1400 second_device_us=5.9400 first_gelem_s=2.294678 second_gelem_s=2.758249 first_wall_us=74.1680 second_wall_us=70.8080 second_minus_first_us=-1.2000
SAME_BINARY_SAMPLE binary=CANDIDATE_V046 case=fp16-128x128 pair=31 order=A,B first_device_us=21.3600 second_device_us=15.7800 first_gelem_s=0.767041 second_gelem_s=1.038276 first_wall_us=69.6780 second_wall_us=72.4780 second_minus_first_us=-5.5800
LOCAL_STATS case=CANDIDATE_V046 metric=device_us binary=same_binary_first n=31 median=10.4800 mean=15.2387 stdev=18.9485 cv=1.24344 min=6.1000 max=113.1600 mad=3.5600 p10=6.6600 p90=21.3600
LOCAL_STATS case=CANDIDATE_V046 metric=device_us binary=same_binary_second n=31 median=9.6000 mean=12.0071 stdev=5.5873 cv=0.46533 min=5.9400 max=27.7000 mad=3.1200 p10=6.5200 p90=18.9000
LOCAL_STATS case=CANDIDATE_V046 metric=paired_delta_us binary=same_binary_second_minus_first n=31 median=-0.0600 mean=-3.2316 stdev=19.0364 cv=-5.89069 min=-98.1200 max=19.1400 mad=2.6000 p10=-10.2200 p90=8.2400
LOCAL_STATS case=CANDIDATE_V046 metric=gelem_s binary=same_binary_first n=31 median=1.5634 mean=1.5885 stdev=0.6881 cv=0.43320 min=0.1448 max=2.6859 mad=0.5924 p10=0.7670 p90=2.4601
LOCAL_STATS case=CANDIDATE_V046 metric=gelem_s binary=same_binary_second n=31 median=1.7067 mean=1.6469 stdev=0.6728 cv=0.40852 min=0.5915 max=2.7582 mad=0.6358 p10=0.8669 p90=2.5129
LOCAL_STATS case=CANDIDATE_V046 metric=wall_us binary=same_binary_first n=31 median=75.5280 mean=84.0164 stdev=30.4368 cv=0.36227 min=63.8690 max=206.0950 mad=8.4000 p10=65.6380 p90=90.8470
LOCAL_STATS case=CANDIDATE_V046 metric=wall_us binary=same_binary_second n=31 median=76.0580 mean=108.6762 stdev=179.0101 cv=1.64719 min=62.2990 max=1071.7760 mad=6.1800 p10=63.3790 p90=89.2780
SAME_BINARY_QUALIFICATION binary=CANDIDATE_V046 case=fp16-128x128 samples=31 first_mad_over_median=0.339695 second_mad_over_median=0.325000 median_drift_fraction=0.087649
SAME_BINARY_SUMMARY binary=CANDIDATE_V046 device=3 shape=128x128 dtype=fp16 samples=31

===== CANDIDATE QUALIFICATION POST-SNAPSHOT =====
2026-10-07T23:06:15Z
40.47 40.75 46.23 18/14141 2898665
+------------------------------------------------------------------------------------------------+
| npu-smi 25.0.rc1.1               Version: 25.0.rc1.1                                           |
+---------------------------+---------------+----------------------------------------------------+
| NPU   Name                | Health        | Power(W)    Temp(C)           Hugepages-Usage(page)|
| Chip                      | Bus-Id        | AICore(%)   Memory-Usage(MB)  HBM-Usage(MB)        |
+===========================+===============+====================================================+
| 0     910B3               | OK            | 91.8        30                0    / 0             |
| 0                         | 0000:C1:00.0  | 0           0    / 0          3432 / 65536         |
+===========================+===============+====================================================+
| 1     910B3               | OK            | 99.5        30                0    / 0             |
| 0                         | 0000:C2:00.0  | 1           0    / 0          9175 / 65536         |
+===========================+===============+====================================================+
| 2     910B3               | OK            | 105.2       34                0    / 0             |
| 0                         | 0000:81:00.0  | 1           0    / 0          4785 / 65536         |
+===========================+===============+====================================================+
| 3     910B3               | OK            | 92.7        32                0    / 0             |
| 0                         | 0000:82:00.0  | 0           0    / 0          3428 / 65536         |
+===========================+===============+====================================================+
| 4     910B3               | OK            | 203.5       58                0    / 0             |
| 0                         | 0000:01:00.0  | 60          0    / 0          59192/ 65536         |
+===========================+===============+====================================================+
| 5     910B3               | OK            | 168.9       52                0    / 0             |
| 0                         | 0000:02:00.0  | 44          0    / 0          60221/ 65536         |
+===========================+===============+====================================================+
| 6     910B3               | OK            | 168.9       51                0    / 0             |
| 0                         | 0000:41:00.0  | 44          0    / 0          60222/ 65536         |
+===========================+===============+====================================================+
| 7     910B3               | OK            | 191.6       42                0    / 0             |
| 0                         | 0000:42:00.0  | 42          0    / 0          24790/ 65536         |
+===========================+===============+====================================================+
+---------------------------+---------------+----------------------------------------------------+
| NPU     Chip              | Process id    | Process name             | Process memory(MB)      |
+===========================+===============+====================================================+
| No running processes found in NPU 0                                                            |
+===========================+===============+====================================================+
| 1       0                 | 3150467       | python                   | 5746                    |
+===========================+===============+====================================================+
| 2       0                 | 2840325       | python                   | 1416                    |
+===========================+===============+====================================================+
| No running processes found in NPU 3                                                            |
+===========================+===============+====================================================+
| 4       0                 | 2999855       | VLLMEngineCor            | 55666                   |
+===========================+===============+====================================================+
| 5       0                 | 89602         | VLLMWorker_TP            | 56700                   |
+===========================+===============+====================================================+
| 6       0                 | 91228         | VLLMWorker_TP            | 56701                   |
+===========================+===============+====================================================+
| 7       0                 | 439848        | python3                  | 21260                   |
+===========================+===============+====================================================+
QUALIFICATION_CANDIDATE_RC=0
