V050_CORRECTNESS_START_UTC=2026-10-07T20:19:04.244605584Z
HOST=hwnput3
DEVICE=4
PARENT=R31B-V011
DTYPE=FP32
SHAPES=128x5112,128x5120,128x5128
C15=EXCLUDED_KNOWN_PARENT_FAILURE
PARENT_SHA256=a8c19a1972207acc67e3fb0cd393cc70b0a4b183d1eaf5610edf80c2879b15e3  本地实验/R-W4-4/V050/partial-ranking/stage/parent.asc
CANDIDATE_SHA256=aa2cffe3ce75d6e4d1074e5989a73cde49a59bea76c8fd64ca4d9abcab30c9d0  本地实验/R-W4-4/V050/submission.asc
RUN_BEGIN_UTC=2026-10-07T20:19:05.580544135Z
RUN_BEGIN side=parent width=5112 binary=本地实验/R-W4-4/V050/partial-ranking/stage/build-v050/clx_ref_parent_probe
RUN_END rc=0 side=parent width=5112 prefix=本地实验/R-W4-4/V050/partial-ranking/parent-correctness-r128-w5112-fp32
RUN_BEGIN_UTC=2026-10-07T20:19:12.524637892Z
RUN_BEGIN side=candidate width=5112 binary=本地实验/R-W4-4/V050/partial-ranking/stage/build-v050/clx_ref_candidate_probe
RUN_END rc=3 side=candidate width=5112 prefix=本地实验/R-W4-4/V050/partial-ranking/candidate-correctness-r128-w5112-fp32
RUN_BEGIN_UTC=2026-10-07T20:19:20.650039607Z
RUN_BEGIN side=parent width=5120 binary=本地实验/R-W4-4/V050/partial-ranking/stage/build-v050/clx_ref_parent_probe
RUN_END rc=0 side=parent width=5120 prefix=本地实验/R-W4-4/V050/partial-ranking/parent-correctness-r128-w5120-fp32
RUN_BEGIN_UTC=2026-10-07T20:19:28.589239018Z
RUN_BEGIN side=candidate width=5120 binary=本地实验/R-W4-4/V050/partial-ranking/stage/build-v050/clx_ref_candidate_probe
RUN_END rc=3 side=candidate width=5120 prefix=本地实验/R-W4-4/V050/partial-ranking/candidate-correctness-r128-w5120-fp32
RUN_BEGIN_UTC=2026-10-07T20:19:36.344072246Z
RUN_BEGIN side=parent width=5128 binary=本地实验/R-W4-4/V050/partial-ranking/stage/build-v050/clx_ref_parent_probe
RUN_END rc=0 side=parent width=5128 prefix=本地实验/R-W4-4/V050/partial-ranking/parent-correctness-r128-w5128-fp32
RUN_BEGIN_UTC=2026-10-07T20:19:43.302217407Z
RUN_BEGIN side=candidate width=5128 binary=本地实验/R-W4-4/V050/partial-ranking/stage/build-v050/clx_ref_candidate_probe
RUN_END rc=0 side=candidate width=5128 prefix=本地实验/R-W4-4/V050/partial-ranking/candidate-correctness-r128-w5128-fp32
V050_CORRECTNESS_END_UTC=2026-10-07T20:19:51.193704991Z
