ROUTE=SHAPE-TILING-CHAMPION-X
REVISION=V002
PARENT_SOURCE_SHA256=a8c19a1972207acc67e3fb0cd393cc70b0a4b183d1eaf5610edf80c2879b15e3
CANDIDATE_SOURCE_SHA256=aed967513cf9c284f8a3226c790dca57a1a6f2fd19048830469291f924ea704b
HOST=hwnput3
DEVICE=4
STAGE=paired
=== LOAD SNAPSHOT (pre) ===
+------------------------------------------------------------------------------------------------+
| npu-smi 25.0.rc1.1               Version: 25.0.rc1.1                                           |
+---------------------------+---------------+----------------------------------------------------+
| NPU   Name                | Health        | Power(W)    Temp(C)           Hugepages-Usage(page)|
| Chip                      | Bus-Id        | AICore(%)   Memory-Usage(MB)  HBM-Usage(MB)        |
+===========================+===============+====================================================+
| 0     910B3               | OK            | 148.7       35                0    / 0             |
| 0                         | 0000:C1:00.0  | 33          0    / 0          63795/ 65536         |
+===========================+===============+====================================================+
| 1     910B3               | OK            | 134.4       33                0    / 0             |
| 0                         | 0000:C2:00.0  | 31          0    / 0          60030/ 65536         |
+===========================+===============+====================================================+
| 2     910B3               | OK            | 137.8       36                0    / 0             |
| 0                         | 0000:81:00.0  | 33          0    / 0          63819/ 65536         |
+===========================+===============+====================================================+
| 3     910B3               | OK            | 137.9       35                0    / 0             |
| 0                         | 0000:82:00.0  | 31          0    / 0          59975/ 65536         |
+===========================+===============+====================================================+
| 4     910B3               | OK            | 97.0        32                0    / 0             |
| 0                         | 0000:01:00.0  | 0           0    / 0          59311/ 65536         |
+===========================+===============+====================================================+
| 5     910B3               | OK            | 88.4        30                0    / 0             |
| 0                         | 0000:02:00.0  | 0           0    / 0          59901/ 65536         |
+===========================+===============+====================================================+
| 6     910B3               | OK            | 92.1        33                0    / 0             |
| 0                         | 0000:41:00.0  | 0           0    / 0          59899/ 65536         |
+===========================+===============+====================================================+
| 7     910B3               | OK            | 134.1       38                0    / 0             |
| 0                         | 0000:42:00.0  | 26          0    / 0          59524/ 65536         |
+===========================+===============+====================================================+
+---------------------------+---------------+----------------------------------------------------+
| NPU     Chip              | Process id    | Process name             | Process memory(MB)      |
=== INTERLEAVED P/C ===
CASE_BEGIN name=fp32-change-d32768-r2 dtype=0 rows=2 width=32768 warmup=45 pairs=21 mode=paired
SAMPLE case=fp32-change-d32768-r2 pair=01 order=P,C parent_device_us=48.340 candidate_device_us=41.880 parent_wall_us=135.599 candidate_wall_us=104.387 paired_device_delta_us=-6.460
SAMPLE case=fp32-change-d32768-r2 pair=02 order=C,P parent_device_us=15.240 candidate_device_us=15.200 parent_wall_us=137.968 candidate_wall_us=121.358 paired_device_delta_us=-0.040
SAMPLE case=fp32-change-d32768-r2 pair=03 order=P,C parent_device_us=11.620 candidate_device_us=21.880 parent_wall_us=80.486 candidate_wall_us=73.805 paired_device_delta_us=10.260
SAMPLE case=fp32-change-d32768-r2 pair=04 order=C,P parent_device_us=30.180 candidate_device_us=15.160 parent_wall_us=84.486 candidate_wall_us=76.965 paired_device_delta_us=-15.020
SAMPLE case=fp32-change-d32768-r2 pair=05 order=P,C parent_device_us=45.580 candidate_device_us=11.540 parent_wall_us=95.756 candidate_wall_us=76.945 paired_device_delta_us=-34.040
SAMPLE case=fp32-change-d32768-r2 pair=06 order=C,P parent_device_us=14.540 candidate_device_us=14.720 parent_wall_us=85.916 candidate_wall_us=90.076 paired_device_delta_us=0.180
SAMPLE case=fp32-change-d32768-r2 pair=07 order=P,C parent_device_us=11.060 candidate_device_us=10.980 parent_wall_us=123.188 candidate_wall_us=122.488 paired_device_delta_us=-0.080
SAMPLE case=fp32-change-d32768-r2 pair=08 order=C,P parent_device_us=15.340 candidate_device_us=15.720 parent_wall_us=146.820 candidate_wall_us=138.639 paired_device_delta_us=0.380
SAMPLE case=fp32-change-d32768-r2 pair=09 order=P,C parent_device_us=11.640 candidate_device_us=11.280 parent_wall_us=84.955 candidate_wall_us=103.966 paired_device_delta_us=-0.360
SAMPLE case=fp32-change-d32768-r2 pair=10 order=C,P parent_device_us=14.860 candidate_device_us=106.540 parent_wall_us=90.746 candidate_wall_us=161.221 paired_device_delta_us=91.680
SAMPLE case=fp32-change-d32768-r2 pair=11 order=P,C parent_device_us=11.040 candidate_device_us=10.940 parent_wall_us=88.576 candidate_wall_us=91.126 paired_device_delta_us=-0.100
SAMPLE case=fp32-change-d32768-r2 pair=12 order=C,P parent_device_us=11.180 candidate_device_us=11.100 parent_wall_us=86.296 candidate_wall_us=110.047 paired_device_delta_us=-0.080
SAMPLE case=fp32-change-d32768-r2 pair=13 order=P,C parent_device_us=10.880 candidate_device_us=115.340 parent_wall_us=105.916 candidate_wall_us=170.541 paired_device_delta_us=104.460
SAMPLE case=fp32-change-d32768-r2 pair=14 order=C,P parent_device_us=11.240 candidate_device_us=11.140 parent_wall_us=200.443 candidate_wall_us=78.885 paired_device_delta_us=-0.100
SAMPLE case=fp32-change-d32768-r2 pair=15 order=P,C parent_device_us=11.660 candidate_device_us=11.720 parent_wall_us=153.810 candidate_wall_us=209.744 paired_device_delta_us=0.060
SAMPLE case=fp32-change-d32768-r2 pair=16 order=C,P parent_device_us=11.200 candidate_device_us=11.320 parent_wall_us=198.743 candidate_wall_us=201.582 paired_device_delta_us=0.120
SAMPLE case=fp32-change-d32768-r2 pair=17 order=P,C parent_device_us=11.300 candidate_device_us=11.040 parent_wall_us=198.232 candidate_wall_us=199.052 paired_device_delta_us=-0.260
SAMPLE case=fp32-change-d32768-r2 pair=18 order=C,P parent_device_us=11.380 candidate_device_us=11.240 parent_wall_us=200.893 candidate_wall_us=195.653 paired_device_delta_us=-0.140
SAMPLE case=fp32-change-d32768-r2 pair=19 order=P,C parent_device_us=11.600 candidate_device_us=11.280 parent_wall_us=196.673 candidate_wall_us=198.363 paired_device_delta_us=-0.320
SAMPLE case=fp32-change-d32768-r2 pair=20 order=C,P parent_device_us=11.560 candidate_device_us=11.040 parent_wall_us=194.882 candidate_wall_us=198.132 paired_device_delta_us=-0.520
SAMPLE case=fp32-change-d32768-r2 pair=21 order=P,C parent_device_us=11.540 candidate_device_us=11.720 parent_wall_us=206.823 candidate_wall_us=116.647 paired_device_delta_us=0.180
PAIR_BLOCK case=fp32-change-d32768-r2 pairs=21 parent_median_us=11.600 candidate_median_us=11.540 paired_delta_median_us=-0.080
GOLDEN case=fp32-change-d32768-r2 binary=PARENT failures=57055 max_abs=0.092696071 note=REFERENCE_ONLY
GOLDEN case=fp32-change-d32768-r2 binary=CANDIDATE failures=56914 max_abs=0.096488595 note=REFERENCE_ONLY
SUMMARY case=fp32-change-d32768-r2 metric=device_us binary=PARENT n=21 median=11.600 mean=16.332 stdev=10.752 cv=0.65831 min=10.880 max=48.340 max_min=4.443 mad=0.420 p10=11.060 p90=30.180 spread=37.460 core_cv=0.02189
SUMMARY case=fp32-change-d32768-r2 metric=device_us binary=CANDIDATE n=21 median=11.540 mean=23.466 stdev=29.192 cv=1.24405 min=10.940 max=115.340 max_min=10.543 mad=0.500 p10=11.040 p90=41.880 spread=104.400 core_cv=0.02236
SUMMARY case=fp32-change-d32768-r2 metric=wall_us binary=PARENT n=21 median=135.599 mean=137.962 stdev=48.305 cv=0.35013 min=80.486 max=206.823 max_min=2.570 mad=49.683 p10=84.955 p90=200.443 spread=126.337 core_cv=0.07465
SUMMARY case=fp32-change-d32768-r2 metric=wall_us binary=CANDIDATE n=21 median=121.358 mean=135.220 stdev=48.078 cv=0.35556 min=73.805 max=209.744 max_min=2.842 mad=42.473 p10=76.965 p90=199.052 spread=135.939 core_cv=0.09679
SUMMARY case=fp32-change-d32768-r2 metric=paired_device_delta_us binary=CANDIDATE_minus_PARENT n=21 median=-0.080 mean=7.133 stdev=30.691 cv=4.30248 min=-34.040 max=104.460 max_min=-3.069 mad=0.260 p10=-6.460 p90=10.260 spread=138.500 core_cv=0.00000
CASE_END name=fp32-change-d32768-r2
CASE_BEGIN name=fp32-change-d32768-r8 dtype=0 rows=8 width=32768 warmup=45 pairs=21 mode=paired
SAMPLE case=fp32-change-d32768-r8 pair=01 order=P,C parent_device_us=11.780 candidate_device_us=11.720 parent_wall_us=214.314 candidate_wall_us=154.229 paired_device_delta_us=-0.060
SAMPLE case=fp32-change-d32768-r8 pair=02 order=C,P parent_device_us=11.820 candidate_device_us=11.420 parent_wall_us=207.373 candidate_wall_us=94.896 paired_device_delta_us=-0.400
SAMPLE case=fp32-change-d32768-r8 pair=03 order=P,C parent_device_us=12.120 candidate_device_us=80.660 parent_wall_us=153.490 candidate_wall_us=136.039 paired_device_delta_us=68.540
SAMPLE case=fp32-change-d32768-r8 pair=04 order=C,P parent_device_us=11.900 candidate_device_us=12.320 parent_wall_us=123.528 candidate_wall_us=144.739 paired_device_delta_us=0.420
SAMPLE case=fp32-change-d32768-r8 pair=05 order=P,C parent_device_us=12.300 candidate_device_us=11.520 parent_wall_us=89.086 candidate_wall_us=166.660 paired_device_delta_us=-0.780
SAMPLE case=fp32-change-d32768-r8 pair=06 order=C,P parent_device_us=11.280 candidate_device_us=123.380 parent_wall_us=200.093 candidate_wall_us=177.001 paired_device_delta_us=112.100
SAMPLE case=fp32-change-d32768-r8 pair=07 order=P,C parent_device_us=14.360 candidate_device_us=11.860 parent_wall_us=75.364 candidate_wall_us=132.568 paired_device_delta_us=-2.500
SAMPLE case=fp32-change-d32768-r8 pair=08 order=C,P parent_device_us=12.120 candidate_device_us=12.060 parent_wall_us=92.016 candidate_wall_us=183.532 paired_device_delta_us=-0.060
SAMPLE case=fp32-change-d32768-r8 pair=09 order=P,C parent_device_us=11.860 candidate_device_us=12.180 parent_wall_us=114.238 candidate_wall_us=155.370 paired_device_delta_us=0.320
SAMPLE case=fp32-change-d32768-r8 pair=10 order=C,P parent_device_us=11.920 candidate_device_us=11.780 parent_wall_us=161.611 candidate_wall_us=152.670 paired_device_delta_us=-0.140
SAMPLE case=fp32-change-d32768-r8 pair=11 order=P,C parent_device_us=12.620 candidate_device_us=144.660 parent_wall_us=79.155 candidate_wall_us=222.764 paired_device_delta_us=132.040
SAMPLE case=fp32-change-d32768-r8 pair=12 order=C,P parent_device_us=12.000 candidate_device_us=11.600 parent_wall_us=186.142 candidate_wall_us=88.436 paired_device_delta_us=-0.400
SAMPLE case=fp32-change-d32768-r8 pair=13 order=P,C parent_device_us=11.500 candidate_device_us=21.800 parent_wall_us=182.892 candidate_wall_us=78.255 paired_device_delta_us=10.300
SAMPLE case=fp32-change-d32768-r8 pair=14 order=C,P parent_device_us=12.020 candidate_device_us=12.060 parent_wall_us=189.493 candidate_wall_us=75.795 paired_device_delta_us=0.040
SAMPLE case=fp32-change-d32768-r8 pair=15 order=P,C parent_device_us=47.020 candidate_device_us=11.940 parent_wall_us=90.586 candidate_wall_us=166.670 paired_device_delta_us=-35.080
SAMPLE case=fp32-change-d32768-r8 pair=16 order=C,P parent_device_us=11.820 candidate_device_us=11.840 parent_wall_us=123.258 candidate_wall_us=220.914 paired_device_delta_us=0.020
SAMPLE case=fp32-change-d32768-r8 pair=17 order=P,C parent_device_us=22.060 candidate_device_us=11.800 parent_wall_us=74.875 candidate_wall_us=73.794 paired_device_delta_us=-10.260
SAMPLE case=fp32-change-d32768-r8 pair=18 order=C,P parent_device_us=11.680 candidate_device_us=11.520 parent_wall_us=82.795 candidate_wall_us=93.136 paired_device_delta_us=-0.160
SAMPLE case=fp32-change-d32768-r8 pair=19 order=P,C parent_device_us=11.740 candidate_device_us=47.640 parent_wall_us=211.573 candidate_wall_us=99.746 paired_device_delta_us=35.900
SAMPLE case=fp32-change-d32768-r8 pair=20 order=C,P parent_device_us=14.940 candidate_device_us=11.280 parent_wall_us=69.434 candidate_wall_us=72.664 paired_device_delta_us=-3.660
SAMPLE case=fp32-change-d32768-r8 pair=21 order=P,C parent_device_us=11.800 candidate_device_us=12.260 parent_wall_us=71.875 candidate_wall_us=84.356 paired_device_delta_us=0.460
PAIR_BLOCK case=fp32-change-d32768-r8 pairs=21 parent_median_us=11.920 candidate_median_us=11.940 paired_delta_median_us=-0.060
GOLDEN case=fp32-change-d32768-r8 binary=PARENT failures=226934 max_abs=0.092764497 note=REFERENCE_ONLY
GOLDEN case=fp32-change-d32768-r8 binary=CANDIDATE failures=225060 max_abs=0.092764497 note=REFERENCE_ONLY
SUMMARY case=fp32-change-d32768-r8 metric=device_us binary=PARENT n=21 median=11.920 mean=14.317 stdev=7.655 cv=0.53470 min=11.280 max=47.020 max_min=4.168 mad=0.200 p10=11.680 p90=14.940 spread=35.740 core_cv=0.02461
SUMMARY case=fp32-change-d32768-r8 metric=device_us binary=CANDIDATE n=21 median=11.940 mean=28.919 stdev=37.844 cv=1.30861 min=11.280 max=144.660 max_min=12.824 mad=0.340 p10=11.520 p90=80.660 spread=133.380 core_cv=0.02499
SUMMARY case=fp32-change-d32768-r8 metric=wall_us binary=PARENT n=21 median=123.258 mean=133.009 stdev=52.736 cv=0.39648 min=69.434 max=214.314 max_min=3.087 mad=47.894 p10=74.875 p90=207.373 spread=144.880 core_cv=0.03587
SUMMARY case=fp32-change-d32768-r8 metric=wall_us binary=CANDIDATE n=21 median=136.039 mean=132.106 stdev=46.765 cv=0.35399 min=72.664 max=222.764 max_min=3.066 mad=41.143 p10=75.795 p90=183.532 spread=150.100 core_cv=0.06137
SUMMARY case=fp32-change-d32768-r8 metric=paired_device_delta_us binary=CANDIDATE_minus_PARENT n=21 median=-0.060 mean=14.602 stdev=39.625 cv=2.71369 min=-35.080 max=132.040 max_min=-3.764 mad=0.520 p10=-3.660 p90=68.540 spread=167.120 core_cv=0.00000
CASE_END name=fp32-change-d32768-r8
CASE_BEGIN name=fp32-change-d32768-r16 dtype=0 rows=16 width=32768 warmup=45 pairs=21 mode=paired
SAMPLE case=fp32-change-d32768-r16 pair=01 order=P,C parent_device_us=31.200 candidate_device_us=20.360 parent_wall_us=99.796 candidate_wall_us=148.640 paired_device_delta_us=-10.840
SAMPLE case=fp32-change-d32768-r16 pair=02 order=C,P parent_device_us=20.780 candidate_device_us=20.260 parent_wall_us=217.134 candidate_wall_us=173.611 paired_device_delta_us=-0.520
SAMPLE case=fp32-change-d32768-r16 pair=03 order=P,C parent_device_us=20.480 candidate_device_us=20.220 parent_wall_us=247.455 candidate_wall_us=194.112 paired_device_delta_us=-0.260
SAMPLE case=fp32-change-d32768-r16 pair=04 order=C,P parent_device_us=19.700 candidate_device_us=19.920 parent_wall_us=250.966 candidate_wall_us=204.803 paired_device_delta_us=0.220
SAMPLE case=fp32-change-d32768-r16 pair=05 order=P,C parent_device_us=20.400 candidate_device_us=20.080 parent_wall_us=187.232 candidate_wall_us=215.374 paired_device_delta_us=-0.320
SAMPLE case=fp32-change-d32768-r16 pair=06 order=C,P parent_device_us=20.000 candidate_device_us=20.200 parent_wall_us=167.760 candidate_wall_us=76.405 paired_device_delta_us=0.200
SAMPLE case=fp32-change-d32768-r16 pair=07 order=P,C parent_device_us=19.800 candidate_device_us=20.000 parent_wall_us=186.722 candidate_wall_us=206.693 paired_device_delta_us=0.200
SAMPLE case=fp32-change-d32768-r16 pair=08 order=C,P parent_device_us=32.600 candidate_device_us=19.940 parent_wall_us=79.295 candidate_wall_us=232.964 paired_device_delta_us=-12.660
SAMPLE case=fp32-change-d32768-r16 pair=09 order=P,C parent_device_us=74.580 candidate_device_us=20.100 parent_wall_us=135.558 candidate_wall_us=176.371 paired_device_delta_us=-54.480
SAMPLE case=fp32-change-d32768-r16 pair=10 order=C,P parent_device_us=20.440 candidate_device_us=20.560 parent_wall_us=266.117 candidate_wall_us=222.614 paired_device_delta_us=0.120
SAMPLE case=fp32-change-d32768-r16 pair=11 order=P,C parent_device_us=20.440 candidate_device_us=19.960 parent_wall_us=90.666 candidate_wall_us=169.431 paired_device_delta_us=-0.480
SAMPLE case=fp32-change-d32768-r16 pair=12 order=C,P parent_device_us=20.520 candidate_device_us=19.880 parent_wall_us=194.313 candidate_wall_us=185.952 paired_device_delta_us=-0.640
SAMPLE case=fp32-change-d32768-r16 pair=13 order=P,C parent_device_us=19.960 candidate_device_us=20.260 parent_wall_us=192.473 candidate_wall_us=193.743 paired_device_delta_us=0.300
SAMPLE case=fp32-change-d32768-r16 pair=14 order=C,P parent_device_us=20.220 candidate_device_us=20.060 parent_wall_us=198.493 candidate_wall_us=189.862 paired_device_delta_us=-0.160
SAMPLE case=fp32-change-d32768-r16 pair=15 order=P,C parent_device_us=20.400 candidate_device_us=20.140 parent_wall_us=186.132 candidate_wall_us=194.252 paired_device_delta_us=-0.260
SAMPLE case=fp32-change-d32768-r16 pair=16 order=C,P parent_device_us=20.260 candidate_device_us=20.120 parent_wall_us=195.062 candidate_wall_us=191.752 paired_device_delta_us=-0.140
SAMPLE case=fp32-change-d32768-r16 pair=17 order=P,C parent_device_us=19.660 candidate_device_us=20.480 parent_wall_us=186.402 candidate_wall_us=193.753 paired_device_delta_us=0.820
SAMPLE case=fp32-change-d32768-r16 pair=18 order=C,P parent_device_us=19.860 candidate_device_us=20.460 parent_wall_us=96.606 candidate_wall_us=172.651 paired_device_delta_us=0.600
SAMPLE case=fp32-change-d32768-r16 pair=19 order=P,C parent_device_us=38.120 candidate_device_us=19.800 parent_wall_us=84.856 candidate_wall_us=193.602 paired_device_delta_us=-18.320
SAMPLE case=fp32-change-d32768-r16 pair=20 order=C,P parent_device_us=20.480 candidate_device_us=20.900 parent_wall_us=190.082 candidate_wall_us=189.792 paired_device_delta_us=0.420
SAMPLE case=fp32-change-d32768-r16 pair=21 order=P,C parent_device_us=20.160 candidate_device_us=20.240 parent_wall_us=203.993 candidate_wall_us=192.423 paired_device_delta_us=0.080
PAIR_BLOCK case=fp32-change-d32768-r16 pairs=21 parent_median_us=20.400 candidate_median_us=20.140 paired_delta_median_us=-0.160
GOLDEN case=fp32-change-d32768-r16 binary=PARENT failures=487326 max_abs=2.2165639 note=REFERENCE_ONLY
GOLDEN case=fp32-change-d32768-r16 binary=CANDIDATE failures=482027 max_abs=2.2165639 note=REFERENCE_ONLY
SUMMARY case=fp32-change-d32768-r16 metric=device_us binary=PARENT n=21 median=20.400 mean=24.765 stdev=12.184 cv=0.49197 min=19.660 max=74.580 max_min=3.793 mad=0.380 p10=19.800 p90=32.600 spread=54.920 core_cv=0.01569
SUMMARY case=fp32-change-d32768-r16 metric=device_us binary=CANDIDATE n=21 median=20.140 mean=20.188 stdev=0.254 cv=0.01259 min=19.800 max=20.900 max_min=1.056 mad=0.140 p10=19.920 p90=20.480 spread=1.100 core_cv=0.01259
SUMMARY case=fp32-change-d32768-r16 metric=wall_us binary=PARENT n=21 median=187.232 mean=174.148 stdev=54.393 cv=0.31234 min=79.295 max=266.117 max_min=3.356 mad=19.472 p10=90.666 p90=247.455 spread=186.822 core_cv=0.05896
SUMMARY case=fp32-change-d32768-r16 metric=wall_us binary=CANDIDATE n=21 median=192.423 mean=186.610 stdev=30.632 cv=0.16415 min=76.405 max=232.964 max_min=3.049 mad=12.380 p10=169.431 p90=215.374 spread=156.559 core_cv=0.07141
SUMMARY case=fp32-change-d32768-r16 metric=paired_device_delta_us binary=CANDIDATE_minus_PARENT n=21 median=-0.160 mean=-4.577 stdev=12.236 cv=-2.67330 min=-54.480 max=0.820 max_min=-0.015 mad=0.360 p10=-12.660 p90=0.420 spread=55.300 core_cv=0.00000
CASE_END name=fp32-change-d32768-r16
CASE_BEGIN name=fp32-blank-d16384-r8 dtype=0 rows=8 width=16384 warmup=45 pairs=21 mode=paired
SAMPLE case=fp32-blank-d16384-r8 pair=01 order=P,C parent_device_us=8.060 candidate_device_us=8.100 parent_wall_us=160.170 candidate_wall_us=227.994 paired_device_delta_us=0.040
SAMPLE case=fp32-blank-d16384-r8 pair=02 order=C,P parent_device_us=8.340 candidate_device_us=7.940 parent_wall_us=81.955 candidate_wall_us=100.456 paired_device_delta_us=-0.400
SAMPLE case=fp32-blank-d16384-r8 pair=03 order=P,C parent_device_us=8.020 candidate_device_us=7.780 parent_wall_us=93.256 candidate_wall_us=138.668 paired_device_delta_us=-0.240
SAMPLE case=fp32-blank-d16384-r8 pair=04 order=C,P parent_device_us=8.400 candidate_device_us=7.840 parent_wall_us=191.222 candidate_wall_us=219.734 paired_device_delta_us=-0.560
SAMPLE case=fp32-blank-d16384-r8 pair=05 order=P,C parent_device_us=7.680 candidate_device_us=7.840 parent_wall_us=81.695 candidate_wall_us=153.230 paired_device_delta_us=0.160
SAMPLE case=fp32-blank-d16384-r8 pair=06 order=C,P parent_device_us=8.240 candidate_device_us=7.900 parent_wall_us=217.233 candidate_wall_us=180.942 paired_device_delta_us=-0.340
SAMPLE case=fp32-blank-d16384-r8 pair=07 order=P,C parent_device_us=7.920 candidate_device_us=7.860 parent_wall_us=196.083 candidate_wall_us=206.873 paired_device_delta_us=-0.060
SAMPLE case=fp32-blank-d16384-r8 pair=08 order=C,P parent_device_us=8.060 candidate_device_us=8.300 parent_wall_us=207.503 candidate_wall_us=205.613 paired_device_delta_us=0.240
SAMPLE case=fp32-blank-d16384-r8 pair=09 order=P,C parent_device_us=8.420 candidate_device_us=7.720 parent_wall_us=225.124 candidate_wall_us=195.642 paired_device_delta_us=-0.700
SAMPLE case=fp32-blank-d16384-r8 pair=10 order=C,P parent_device_us=8.420 candidate_device_us=7.580 parent_wall_us=213.944 candidate_wall_us=220.804 paired_device_delta_us=-0.840
SAMPLE case=fp32-blank-d16384-r8 pair=11 order=P,C parent_device_us=7.760 candidate_device_us=8.320 parent_wall_us=202.863 candidate_wall_us=227.184 paired_device_delta_us=0.560
SAMPLE case=fp32-blank-d16384-r8 pair=12 order=C,P parent_device_us=7.800 candidate_device_us=7.840 parent_wall_us=223.254 candidate_wall_us=216.714 paired_device_delta_us=0.040
SAMPLE case=fp32-blank-d16384-r8 pair=13 order=P,C parent_device_us=7.960 candidate_device_us=8.140 parent_wall_us=202.693 candidate_wall_us=232.395 paired_device_delta_us=0.180
SAMPLE case=fp32-blank-d16384-r8 pair=14 order=C,P parent_device_us=8.520 candidate_device_us=8.380 parent_wall_us=103.086 candidate_wall_us=128.068 paired_device_delta_us=-0.140
SAMPLE case=fp32-blank-d16384-r8 pair=15 order=P,C parent_device_us=8.280 candidate_device_us=8.120 parent_wall_us=159.040 candidate_wall_us=184.841 paired_device_delta_us=-0.160
SAMPLE case=fp32-blank-d16384-r8 pair=16 order=C,P parent_device_us=8.120 candidate_device_us=7.660 parent_wall_us=117.498 candidate_wall_us=80.655 paired_device_delta_us=-0.460
SAMPLE case=fp32-blank-d16384-r8 pair=17 order=P,C parent_device_us=8.040 candidate_device_us=8.420 parent_wall_us=79.125 candidate_wall_us=76.395 paired_device_delta_us=0.380
SAMPLE case=fp32-blank-d16384-r8 pair=18 order=C,P parent_device_us=7.820 candidate_device_us=8.120 parent_wall_us=182.812 candidate_wall_us=180.061 paired_device_delta_us=0.300
SAMPLE case=fp32-blank-d16384-r8 pair=19 order=P,C parent_device_us=7.940 candidate_device_us=8.380 parent_wall_us=80.545 candidate_wall_us=68.084 paired_device_delta_us=0.440
SAMPLE case=fp32-blank-d16384-r8 pair=20 order=C,P parent_device_us=8.160 candidate_device_us=7.520 parent_wall_us=127.088 candidate_wall_us=163.401 paired_device_delta_us=-0.640
SAMPLE case=fp32-blank-d16384-r8 pair=21 order=P,C parent_device_us=7.980 candidate_device_us=8.300 parent_wall_us=208.744 candidate_wall_us=199.593 paired_device_delta_us=0.320
PAIR_BLOCK case=fp32-blank-d16384-r8 pairs=21 parent_median_us=8.060 candidate_median_us=7.940 paired_delta_median_us=-0.060
GOLDEN case=fp32-blank-d16384-r8 binary=PARENT failures=93798 max_abs=0.09264493 note=REFERENCE_ONLY
GOLDEN case=fp32-blank-d16384-r8 binary=CANDIDATE failures=94769 max_abs=0.09264493 note=REFERENCE_ONLY
SUMMARY case=fp32-blank-d16384-r8 metric=device_us binary=PARENT n=21 median=8.060 mean=8.092 stdev=0.234 cv=0.02891 min=7.680 max=8.520 max_min=1.109 mad=0.180 p10=7.800 p90=8.420 spread=0.840 core_cv=0.02891
SUMMARY case=fp32-blank-d16384-r8 metric=device_us binary=CANDIDATE n=21 median=7.940 mean=8.003 stdev=0.273 cv=0.03411 min=7.520 max=8.420 max_min=1.120 mad=0.200 p10=7.660 p90=8.380 spread=0.900 core_cv=0.03411
SUMMARY case=fp32-blank-d16384-r8 metric=wall_us binary=PARENT n=21 median=182.812 mean=159.759 stdev=53.974 cv=0.33785 min=79.125 max=225.124 max_min=2.845 mad=34.421 p10=81.695 p90=217.233 spread=145.999 core_cv=0.09778
SUMMARY case=fp32-blank-d16384-r8 metric=wall_us binary=CANDIDATE n=21 median=184.841 mean=171.778 stdev=52.250 cv=0.30417 min=68.084 max=232.395 max_min=3.413 mad=34.893 p10=80.655 p90=227.184 spread=164.311 core_cv=0.10813
SUMMARY case=fp32-blank-d16384-r8 metric=paired_device_delta_us binary=CANDIDATE_minus_PARENT n=21 median=-0.060 mean=-0.090 stdev=0.397 cv=-4.43264 min=-0.840 max=0.560 max_min=-0.667 mad=0.340 p10=-0.640 p90=0.380 spread=1.400 core_cv=0.00000
CASE_END name=fp32-blank-d16384-r8
CASE_BEGIN name=fp32-blank-d16384-r2 dtype=0 rows=2 width=16384 warmup=45 pairs=21 mode=paired
SAMPLE case=fp32-blank-d16384-r2 pair=01 order=P,C parent_device_us=7.280 candidate_device_us=7.620 parent_wall_us=86.585 candidate_wall_us=74.635 paired_device_delta_us=0.340
SAMPLE case=fp32-blank-d16384-r2 pair=02 order=C,P parent_device_us=43.160 candidate_device_us=17.680 parent_wall_us=83.655 candidate_wall_us=70.494 paired_device_delta_us=-25.480
SAMPLE case=fp32-blank-d16384-r2 pair=03 order=P,C parent_device_us=7.460 candidate_device_us=7.560 parent_wall_us=70.865 candidate_wall_us=121.608 paired_device_delta_us=0.100
SAMPLE case=fp32-blank-d16384-r2 pair=04 order=C,P parent_device_us=7.800 candidate_device_us=7.260 parent_wall_us=144.419 candidate_wall_us=170.151 paired_device_delta_us=-0.540
SAMPLE case=fp32-blank-d16384-r2 pair=05 order=P,C parent_device_us=7.160 candidate_device_us=7.020 parent_wall_us=169.791 candidate_wall_us=139.048 paired_device_delta_us=-0.140
SAMPLE case=fp32-blank-d16384-r2 pair=06 order=C,P parent_device_us=7.160 candidate_device_us=7.080 parent_wall_us=114.587 candidate_wall_us=115.248 paired_device_delta_us=-0.080
SAMPLE case=fp32-blank-d16384-r2 pair=07 order=P,C parent_device_us=7.140 candidate_device_us=7.700 parent_wall_us=144.409 candidate_wall_us=117.257 paired_device_delta_us=0.560
SAMPLE case=fp32-blank-d16384-r2 pair=08 order=C,P parent_device_us=112.440 candidate_device_us=7.040 parent_wall_us=163.101 candidate_wall_us=74.015 paired_device_delta_us=-105.400
SAMPLE case=fp32-blank-d16384-r2 pair=09 order=P,C parent_device_us=7.520 candidate_device_us=7.540 parent_wall_us=139.648 candidate_wall_us=78.905 paired_device_delta_us=0.020
SAMPLE case=fp32-blank-d16384-r2 pair=10 order=C,P parent_device_us=7.140 candidate_device_us=6.840 parent_wall_us=74.475 candidate_wall_us=124.298 paired_device_delta_us=-0.300
SAMPLE case=fp32-blank-d16384-r2 pair=11 order=P,C parent_device_us=7.020 candidate_device_us=7.380 parent_wall_us=99.606 candidate_wall_us=163.550 paired_device_delta_us=0.360
SAMPLE case=fp32-blank-d16384-r2 pair=12 order=C,P parent_device_us=7.180 candidate_device_us=87.060 parent_wall_us=80.895 candidate_wall_us=138.219 paired_device_delta_us=79.880
SAMPLE case=fp32-blank-d16384-r2 pair=13 order=P,C parent_device_us=7.060 candidate_device_us=7.380 parent_wall_us=207.634 candidate_wall_us=81.555 paired_device_delta_us=0.320
SAMPLE case=fp32-blank-d16384-r2 pair=14 order=C,P parent_device_us=7.400 candidate_device_us=7.360 parent_wall_us=197.393 candidate_wall_us=145.739 paired_device_delta_us=-0.040
SAMPLE case=fp32-blank-d16384-r2 pair=15 order=P,C parent_device_us=7.520 candidate_device_us=7.360 parent_wall_us=214.894 candidate_wall_us=90.625 paired_device_delta_us=-0.160
SAMPLE case=fp32-blank-d16384-r2 pair=16 order=C,P parent_device_us=16.840 candidate_device_us=15.900 parent_wall_us=69.955 candidate_wall_us=71.805 paired_device_delta_us=-0.940
SAMPLE case=fp32-blank-d16384-r2 pair=17 order=P,C parent_device_us=17.540 candidate_device_us=44.440 parent_wall_us=70.265 candidate_wall_us=91.136 paired_device_delta_us=26.900
SAMPLE case=fp32-blank-d16384-r2 pair=18 order=C,P parent_device_us=7.240 candidate_device_us=7.040 parent_wall_us=65.004 candidate_wall_us=77.315 paired_device_delta_us=-0.200
SAMPLE case=fp32-blank-d16384-r2 pair=19 order=P,C parent_device_us=7.280 candidate_device_us=7.580 parent_wall_us=69.825 candidate_wall_us=144.159 paired_device_delta_us=0.300
SAMPLE case=fp32-blank-d16384-r2 pair=20 order=C,P parent_device_us=7.580 candidate_device_us=7.440 parent_wall_us=121.728 candidate_wall_us=122.968 paired_device_delta_us=-0.140
SAMPLE case=fp32-blank-d16384-r2 pair=21 order=P,C parent_device_us=7.580 candidate_device_us=7.100 parent_wall_us=122.158 candidate_wall_us=119.568 paired_device_delta_us=-0.480
PAIR_BLOCK case=fp32-blank-d16384-r2 pairs=21 parent_median_us=7.400 candidate_median_us=7.380 paired_delta_median_us=-0.080
GOLDEN case=fp32-blank-d16384-r2 binary=PARENT failures=24464 max_abs=0.092485666 note=REFERENCE_ONLY
GOLDEN case=fp32-blank-d16384-r2 binary=CANDIDATE failures=24458 max_abs=0.092485666 note=REFERENCE_ONLY
SUMMARY case=fp32-blank-d16384-r2 metric=device_us binary=PARENT n=21 median=7.400 mean=14.976 stdev=23.196 cv=1.54889 min=7.020 max=112.440 max_min=16.017 mad=0.240 p10=7.140 p90=17.540 spread=105.420 core_cv=0.02913
SUMMARY case=fp32-blank-d16384-r2 metric=device_us binary=CANDIDATE n=21 median=7.380 mean=13.780 stdev=18.312 cv=1.32889 min=6.840 max=87.060 max_min=12.728 mad=0.280 p10=7.040 p90=17.680 spread=80.220 core_cv=0.03348
SUMMARY case=fp32-blank-d16384-r2 metric=wall_us binary=PARENT n=21 median=114.587 mean=119.566 stdev=47.815 cv=0.39990 min=65.004 max=214.894 max_min=3.306 mad=40.112 p10=69.955 p90=197.393 spread=149.890 core_cv=0.07964
SUMMARY case=fp32-blank-d16384-r2 metric=wall_us binary=CANDIDATE n=21 median=117.257 mean=111.062 stdev=31.142 cv=0.28040 min=70.494 max=170.151 max_min=2.414 mad=26.902 p10=74.015 p90=145.739 spread=99.657 core_cv=0.06779
SUMMARY case=fp32-blank-d16384-r2 metric=paired_device_delta_us binary=CANDIDATE_minus_PARENT n=21 median=-0.080 mean=-1.196 stdev=29.948 cv=-25.03655 min=-105.400 max=79.880 max_min=-0.758 mad=0.400 p10=-0.940 p90=0.560 spread=185.280 core_cv=0.00000
CASE_END name=fp32-blank-d16384-r2
RUNNER_COMPLETE mode=PAIRED device=4 cases=5 multiscale=1 warmup_each=45 pairs_each=21 timing=DEVICE_EVENT_PRIMARY wall=DIAGNOSTIC golden=REFERENCE_ONLY
=== LOAD SNAPSHOT (post) ===
+------------------------------------------------------------------------------------------------+
| npu-smi 25.0.rc1.1               Version: 25.0.rc1.1                                           |
+---------------------------+---------------+----------------------------------------------------+
| NPU   Name                | Health        | Power(W)    Temp(C)           Hugepages-Usage(page)|
| Chip                      | Bus-Id        | AICore(%)   Memory-Usage(MB)  HBM-Usage(MB)        |
+===========================+===============+====================================================+
| 0     910B3               | OK            | 139.9       34                0    / 0             |
| 0                         | 0000:C1:00.0  | 31          0    / 0          63796/ 65536         |
+===========================+===============+====================================================+
| 1     910B3               | OK            | 134.8       32                0    / 0             |
| 0                         | 0000:C2:00.0  | 29          0    / 0          60030/ 65536         |
+===========================+===============+====================================================+
| 2     910B3               | OK            | 139.4       37                0    / 0             |
| 0                         | 0000:81:00.0  | 33          0    / 0          63819/ 65536         |
+===========================+===============+====================================================+
| 3     910B3               | OK            | 139.7       35                0    / 0             |
| 0                         | 0000:82:00.0  | 30          0    / 0          59975/ 65536         |
+===========================+===============+====================================================+
| 4     910B3               | OK            | 87.7        32                0    / 0             |
| 0                         | 0000:01:00.0  | 0           0    / 0          59245/ 65536         |
+===========================+===============+====================================================+
| 5     910B3               | OK            | 91.1        29                0    / 0             |
| 0                         | 0000:02:00.0  | 0           0    / 0          59901/ 65536         |
+===========================+===============+====================================================+
| 6     910B3               | OK            | 93.3        33                0    / 0             |
| 0                         | 0000:41:00.0  | 0           0    / 0          59899/ 65536         |
+===========================+===============+====================================================+
| 7     910B3               | OK            | 135.1       37                0    / 0             |
| 0                         | 0000:42:00.0  | 28          0    / 0          59525/ 65536         |
+===========================+===============+====================================================+
+---------------------------+---------------+----------------------------------------------------+
| NPU     Chip              | Process id    | Process name             | Process memory(MB)      |
RUN_COMPLETE
