ROUTE=SHAPE-TILING-CHAMPION-X
REVISION=V002
PARENT_SOURCE_SHA256=a8c19a1972207acc67e3fb0cd393cc70b0a4b183d1eaf5610edf80c2879b15e3
CANDIDATE_SOURCE_SHA256=aed967513cf9c284f8a3226c790dca57a1a6f2fd19048830469291f924ea704b
HOST=hwnput3
DEVICE=4
STAGE=paired
=== LOAD SNAPSHOT (pre) ===
+------------------------------------------------------------------------------------------------+
| npu-smi 25.0.rc1.1               Version: 25.0.rc1.1                                           |
+---------------------------+---------------+----------------------------------------------------+
| NPU   Name                | Health        | Power(W)    Temp(C)           Hugepages-Usage(page)|
| Chip                      | Bus-Id        | AICore(%)   Memory-Usage(MB)  HBM-Usage(MB)        |
+===========================+===============+====================================================+
| 0     910B3               | OK            | 152.3       38                0    / 0             |
| 0                         | 0000:C1:00.0  | 37          0    / 0          63796/ 65536         |
+===========================+===============+====================================================+
| 1     910B3               | OK            | 134.2       36                0    / 0             |
| 0                         | 0000:C2:00.0  | 31          0    / 0          60029/ 65536         |
+===========================+===============+====================================================+
| 2     910B3               | OK            | 140.8       40                0    / 0             |
| 0                         | 0000:81:00.0  | 33          0    / 0          63819/ 65536         |
+===========================+===============+====================================================+
| 3     910B3               | OK            | 139.4       38                0    / 0             |
| 0                         | 0000:82:00.0  | 28          0    / 0          59975/ 65536         |
+===========================+===============+====================================================+
| 4     910B3               | OK            | 90.2        37                0    / 0             |
| 0                         | 0000:01:00.0  | 0           0    / 0          59192/ 65536         |
+===========================+===============+====================================================+
| 5     910B3               | OK            | 91.4        33                0    / 0             |
| 0                         | 0000:02:00.0  | 0           0    / 0          59901/ 65536         |
+===========================+===============+====================================================+
| 6     910B3               | OK            | 93.2        36                0    / 0             |
| 0                         | 0000:41:00.0  | 0           0    / 0          59899/ 65536         |
+===========================+===============+====================================================+
| 7     910B3               | OK            | 137.9       43                0    / 0             |
| 0                         | 0000:42:00.0  | 29          0    / 0          59524/ 65536         |
+===========================+===============+====================================================+
+---------------------------+---------------+----------------------------------------------------+
| NPU     Chip              | Process id    | Process name             | Process memory(MB)      |
=== INTERLEAVED P/C ===
CASE_BEGIN name=fp32-change-d32768-r2 dtype=0 rows=2 width=32768 warmup=45 pairs=21 mode=paired
SAMPLE case=fp32-change-d32768-r2 pair=01 order=P,C parent_device_us=50.760 candidate_device_us=52.780 parent_wall_us=133.932 candidate_wall_us=109.601 paired_device_delta_us=2.020
SAMPLE case=fp32-change-d32768-r2 pair=02 order=C,P parent_device_us=14.740 candidate_device_us=24.740 parent_wall_us=63.741 candidate_wall_us=65.791 paired_device_delta_us=10.000
SAMPLE case=fp32-change-d32768-r2 pair=03 order=P,C parent_device_us=19.960 candidate_device_us=43.480 parent_wall_us=66.071 candidate_wall_us=82.021 paired_device_delta_us=23.520
SAMPLE case=fp32-change-d32768-r2 pair=04 order=C,P parent_device_us=14.880 candidate_device_us=15.220 parent_wall_us=185.363 candidate_wall_us=164.462 paired_device_delta_us=0.340
SAMPLE case=fp32-change-d32768-r2 pair=05 order=P,C parent_device_us=11.080 candidate_device_us=10.980 parent_wall_us=85.361 candidate_wall_us=117.122 paired_device_delta_us=-0.100
SAMPLE case=fp32-change-d32768-r2 pair=06 order=C,P parent_device_us=15.280 candidate_device_us=15.200 parent_wall_us=81.181 candidate_wall_us=154.822 paired_device_delta_us=-0.080
SAMPLE case=fp32-change-d32768-r2 pair=07 order=P,C parent_device_us=11.500 candidate_device_us=11.640 parent_wall_us=123.601 candidate_wall_us=152.842 paired_device_delta_us=0.140
SAMPLE case=fp32-change-d32768-r2 pair=08 order=C,P parent_device_us=15.080 candidate_device_us=15.220 parent_wall_us=116.271 candidate_wall_us=76.981 paired_device_delta_us=0.140
SAMPLE case=fp32-change-d32768-r2 pair=09 order=P,C parent_device_us=10.880 candidate_device_us=10.840 parent_wall_us=149.173 candidate_wall_us=222.923 paired_device_delta_us=-0.040
SAMPLE case=fp32-change-d32768-r2 pair=10 order=C,P parent_device_us=14.980 candidate_device_us=14.660 parent_wall_us=129.832 candidate_wall_us=71.121 paired_device_delta_us=-0.320
SAMPLE case=fp32-change-d32768-r2 pair=11 order=P,C parent_device_us=11.220 candidate_device_us=11.000 parent_wall_us=80.821 candidate_wall_us=95.911 paired_device_delta_us=-0.220
SAMPLE case=fp32-change-d32768-r2 pair=12 order=C,P parent_device_us=11.200 candidate_device_us=11.120 parent_wall_us=137.202 candidate_wall_us=177.792 paired_device_delta_us=-0.080
SAMPLE case=fp32-change-d32768-r2 pair=13 order=P,C parent_device_us=11.480 candidate_device_us=11.540 parent_wall_us=173.632 candidate_wall_us=79.321 paired_device_delta_us=0.060
SAMPLE case=fp32-change-d32768-r2 pair=14 order=C,P parent_device_us=11.180 candidate_device_us=11.520 parent_wall_us=160.492 candidate_wall_us=129.162 paired_device_delta_us=0.340
SAMPLE case=fp32-change-d32768-r2 pair=15 order=P,C parent_device_us=11.320 candidate_device_us=11.320 parent_wall_us=79.831 candidate_wall_us=105.062 paired_device_delta_us=0.000
SAMPLE case=fp32-change-d32768-r2 pair=16 order=C,P parent_device_us=11.040 candidate_device_us=11.140 parent_wall_us=81.691 candidate_wall_us=195.852 paired_device_delta_us=0.100
SAMPLE case=fp32-change-d32768-r2 pair=17 order=P,C parent_device_us=11.140 candidate_device_us=147.060 parent_wall_us=84.401 candidate_wall_us=191.133 paired_device_delta_us=135.920
SAMPLE case=fp32-change-d32768-r2 pair=18 order=C,P parent_device_us=11.160 candidate_device_us=11.180 parent_wall_us=165.322 candidate_wall_us=228.083 paired_device_delta_us=0.020
SAMPLE case=fp32-change-d32768-r2 pair=19 order=P,C parent_device_us=11.540 candidate_device_us=13.940 parent_wall_us=121.442 candidate_wall_us=107.182 paired_device_delta_us=2.400
SAMPLE case=fp32-change-d32768-r2 pair=20 order=C,P parent_device_us=11.500 candidate_device_us=14.900 parent_wall_us=172.712 candidate_wall_us=66.521 paired_device_delta_us=3.400
SAMPLE case=fp32-change-d32768-r2 pair=21 order=P,C parent_device_us=10.940 candidate_device_us=11.160 parent_wall_us=177.503 candidate_wall_us=69.611 paired_device_delta_us=0.220
PAIR_BLOCK case=fp32-change-d32768-r2 pairs=21 parent_median_us=11.480 candidate_median_us=11.640 paired_delta_median_us=0.140
GOLDEN case=fp32-change-d32768-r2 binary=PARENT failures=57028 max_abs=0.092696071 note=REFERENCE_ONLY
GOLDEN case=fp32-change-d32768-r2 binary=CANDIDATE failures=56443 max_abs=0.092696071 note=REFERENCE_ONLY
SUMMARY case=fp32-change-d32768-r2 metric=device_us binary=PARENT n=21 median=11.480 mean=14.422 stdev=8.441 cv=0.58532 min=10.880 max=50.760 max_min=4.665 mad=0.400 p10=11.040 p90=15.280 spread=39.880 core_cv=0.01835
SUMMARY case=fp32-change-d32768-r2 metric=device_us binary=CANDIDATE n=21 median=11.640 mean=22.888 stdev=29.782 cv=1.30121 min=10.840 max=147.060 max_min=13.566 mad=0.800 p10=11.000 p90=43.480 spread=136.220 core_cv=0.06870
SUMMARY case=fp32-change-d32768-r2 metric=wall_us binary=PARENT n=21 median=123.601 mean=122.361 stdev=39.606 cv=0.32368 min=63.741 max=185.363 max_min=2.908 mad=41.721 p10=79.831 p90=173.632 spread=121.622 core_cv=0.05728
SUMMARY case=fp32-change-d32768-r2 metric=wall_us binary=CANDIDATE n=21 median=109.601 mean=126.825 stdev=51.898 cv=0.40921 min=65.791 max=228.083 max_min=3.467 mad=39.990 p10=69.611 p90=195.852 spread=162.292 core_cv=0.09377
SUMMARY case=fp32-change-d32768-r2 metric=paired_device_delta_us binary=CANDIDATE_minus_PARENT n=21 median=0.140 mean=8.466 stdev=28.986 cv=3.42396 min=-0.320 max=135.920 max_min=-424.749 mad=0.220 p10=-0.100 p90=10.000 spread=136.240 core_cv=0.00000
CASE_END name=fp32-change-d32768-r2
CASE_BEGIN name=fp32-change-d32768-r8 dtype=0 rows=8 width=32768 warmup=45 pairs=21 mode=paired
SAMPLE case=fp32-change-d32768-r8 pair=01 order=P,C parent_device_us=11.560 candidate_device_us=12.000 parent_wall_us=81.861 candidate_wall_us=76.491 paired_device_delta_us=0.440
SAMPLE case=fp32-change-d32768-r8 pair=02 order=C,P parent_device_us=12.180 candidate_device_us=63.040 parent_wall_us=82.862 candidate_wall_us=108.851 paired_device_delta_us=50.860
SAMPLE case=fp32-change-d32768-r8 pair=03 order=P,C parent_device_us=11.880 candidate_device_us=12.260 parent_wall_us=64.671 candidate_wall_us=66.581 paired_device_delta_us=0.380
SAMPLE case=fp32-change-d32768-r8 pair=04 order=C,P parent_device_us=12.000 candidate_device_us=11.320 parent_wall_us=97.791 candidate_wall_us=68.651 paired_device_delta_us=-0.680
SAMPLE case=fp32-change-d32768-r8 pair=05 order=P,C parent_device_us=85.640 candidate_device_us=12.120 parent_wall_us=124.302 candidate_wall_us=134.792 paired_device_delta_us=-73.520
SAMPLE case=fp32-change-d32768-r8 pair=06 order=C,P parent_device_us=12.580 candidate_device_us=11.720 parent_wall_us=155.872 candidate_wall_us=145.272 paired_device_delta_us=-0.860
SAMPLE case=fp32-change-d32768-r8 pair=07 order=P,C parent_device_us=11.560 candidate_device_us=11.940 parent_wall_us=123.281 candidate_wall_us=159.792 paired_device_delta_us=0.380
SAMPLE case=fp32-change-d32768-r8 pair=08 order=C,P parent_device_us=69.080 candidate_device_us=20.380 parent_wall_us=111.711 candidate_wall_us=71.601 paired_device_delta_us=-48.700
SAMPLE case=fp32-change-d32768-r8 pair=09 order=P,C parent_device_us=11.660 candidate_device_us=11.860 parent_wall_us=81.172 candidate_wall_us=138.481 paired_device_delta_us=0.200
SAMPLE case=fp32-change-d32768-r8 pair=10 order=C,P parent_device_us=11.580 candidate_device_us=11.900 parent_wall_us=101.081 candidate_wall_us=132.481 paired_device_delta_us=0.320
SAMPLE case=fp32-change-d32768-r8 pair=11 order=P,C parent_device_us=11.840 candidate_device_us=11.720 parent_wall_us=135.252 candidate_wall_us=67.421 paired_device_delta_us=-0.120
SAMPLE case=fp32-change-d32768-r8 pair=12 order=C,P parent_device_us=11.520 candidate_device_us=11.900 parent_wall_us=160.092 candidate_wall_us=111.092 paired_device_delta_us=0.380
SAMPLE case=fp32-change-d32768-r8 pair=13 order=P,C parent_device_us=11.900 candidate_device_us=11.980 parent_wall_us=118.902 candidate_wall_us=134.262 paired_device_delta_us=0.080
SAMPLE case=fp32-change-d32768-r8 pair=14 order=C,P parent_device_us=75.340 candidate_device_us=12.380 parent_wall_us=120.121 candidate_wall_us=138.862 paired_device_delta_us=-62.960
SAMPLE case=fp32-change-d32768-r8 pair=15 order=P,C parent_device_us=11.720 candidate_device_us=12.220 parent_wall_us=69.331 candidate_wall_us=126.791 paired_device_delta_us=0.500
SAMPLE case=fp32-change-d32768-r8 pair=16 order=C,P parent_device_us=12.240 candidate_device_us=17.180 parent_wall_us=170.132 candidate_wall_us=75.761 paired_device_delta_us=4.940
SAMPLE case=fp32-change-d32768-r8 pair=17 order=P,C parent_device_us=11.540 candidate_device_us=11.500 parent_wall_us=130.422 candidate_wall_us=142.552 paired_device_delta_us=-0.040
SAMPLE case=fp32-change-d32768-r8 pair=18 order=C,P parent_device_us=11.720 candidate_device_us=11.720 parent_wall_us=150.462 candidate_wall_us=183.682 paired_device_delta_us=0.000
SAMPLE case=fp32-change-d32768-r8 pair=19 order=P,C parent_device_us=12.260 candidate_device_us=11.700 parent_wall_us=136.502 candidate_wall_us=151.292 paired_device_delta_us=-0.560
SAMPLE case=fp32-change-d32768-r8 pair=20 order=C,P parent_device_us=12.320 candidate_device_us=12.060 parent_wall_us=136.532 candidate_wall_us=159.772 paired_device_delta_us=-0.260
SAMPLE case=fp32-change-d32768-r8 pair=21 order=P,C parent_device_us=12.100 candidate_device_us=87.760 parent_wall_us=150.772 candidate_wall_us=132.632 paired_device_delta_us=75.660
PAIR_BLOCK case=fp32-change-d32768-r8 pairs=21 parent_median_us=11.900 candidate_median_us=11.980 paired_delta_median_us=0.080
GOLDEN case=fp32-change-d32768-r8 binary=PARENT failures=225866 max_abs=0.092764497 note=REFERENCE_ONLY
GOLDEN case=fp32-change-d32768-r8 binary=CANDIDATE failures=227027 max_abs=0.092764497 note=REFERENCE_ONLY
SUMMARY case=fp32-change-d32768-r8 metric=device_us binary=PARENT n=21 median=11.900 mean=21.153 stdev=22.820 cv=1.07877 min=11.520 max=85.640 max_min=7.434 mad=0.340 p10=11.560 p90=69.080 spread=74.120 core_cv=0.02618
SUMMARY case=fp32-change-d32768-r8 metric=device_us binary=CANDIDATE n=21 median=11.980 mean=18.603 stdev=18.933 cv=1.01774 min=11.320 max=87.760 max_min=7.753 mad=0.260 p10=11.700 p90=20.380 spread=76.440 core_cv=0.02223
SUMMARY case=fp32-change-d32768-r8 metric=wall_us binary=PARENT n=21 median=123.281 mean=119.196 stdev=30.139 cv=0.25285 min=64.671 max=170.132 max_min=2.631 mad=25.490 p10=81.172 p90=155.872 spread=105.461 core_cv=0.08843
SUMMARY case=fp32-change-d32768-r8 metric=wall_us binary=CANDIDATE n=21 median=132.632 mean=120.339 stdev=34.831 cv=0.28944 min=66.581 max=183.682 max_min=2.759 mad=21.540 p10=68.651 p90=159.772 spread=117.101 core_cv=0.09066
SUMMARY case=fp32-change-d32768-r8 metric=paired_device_delta_us binary=CANDIDATE_minus_PARENT n=21 median=0.080 mean=-2.550 stdev=30.816 cv=-12.08254 min=-73.520 max=75.660 max_min=-1.029 mad=0.360 p10=-48.700 p90=4.940 spread=149.180 core_cv=0.00000
CASE_END name=fp32-change-d32768-r8
CASE_BEGIN name=fp32-blank-d16384 dtype=0 rows=2 width=16384 warmup=45 pairs=21 mode=paired
SAMPLE case=fp32-blank-d16384 pair=01 order=P,C parent_device_us=7.060 candidate_device_us=16.640 parent_wall_us=204.623 candidate_wall_us=66.691 paired_device_delta_us=9.580
SAMPLE case=fp32-blank-d16384 pair=02 order=C,P parent_device_us=7.720 candidate_device_us=7.600 parent_wall_us=214.443 candidate_wall_us=95.321 paired_device_delta_us=-0.120
SAMPLE case=fp32-blank-d16384 pair=03 order=P,C parent_device_us=7.580 candidate_device_us=6.980 parent_wall_us=143.402 candidate_wall_us=214.353 paired_device_delta_us=-0.600
SAMPLE case=fp32-blank-d16384 pair=04 order=C,P parent_device_us=7.180 candidate_device_us=7.320 parent_wall_us=170.872 candidate_wall_us=146.792 paired_device_delta_us=0.140
SAMPLE case=fp32-blank-d16384 pair=05 order=P,C parent_device_us=7.380 candidate_device_us=7.540 parent_wall_us=171.343 candidate_wall_us=217.333 paired_device_delta_us=0.160
SAMPLE case=fp32-blank-d16384 pair=06 order=C,P parent_device_us=7.760 candidate_device_us=7.500 parent_wall_us=238.023 candidate_wall_us=150.012 paired_device_delta_us=-0.260
SAMPLE case=fp32-blank-d16384 pair=07 order=P,C parent_device_us=7.140 candidate_device_us=7.160 parent_wall_us=132.972 candidate_wall_us=70.741 paired_device_delta_us=0.020
SAMPLE case=fp32-blank-d16384 pair=08 order=C,P parent_device_us=7.180 candidate_device_us=17.780 parent_wall_us=181.073 candidate_wall_us=64.261 paired_device_delta_us=10.600
SAMPLE case=fp32-blank-d16384 pair=09 order=P,C parent_device_us=7.520 candidate_device_us=37.340 parent_wall_us=79.811 candidate_wall_us=82.711 paired_device_delta_us=29.820
SAMPLE case=fp32-blank-d16384 pair=10 order=C,P parent_device_us=11.280 candidate_device_us=42.660 parent_wall_us=62.711 candidate_wall_us=82.831 paired_device_delta_us=31.380
SAMPLE case=fp32-blank-d16384 pair=11 order=P,C parent_device_us=65.840 candidate_device_us=7.880 parent_wall_us=142.302 candidate_wall_us=70.681 paired_device_delta_us=-57.960
SAMPLE case=fp32-blank-d16384 pair=12 order=C,P parent_device_us=56.560 candidate_device_us=60.080 parent_wall_us=99.371 candidate_wall_us=105.131 paired_device_delta_us=3.520
SAMPLE case=fp32-blank-d16384 pair=13 order=P,C parent_device_us=21.700 candidate_device_us=7.080 parent_wall_us=65.940 candidate_wall_us=89.571 paired_device_delta_us=-14.620
SAMPLE case=fp32-blank-d16384 pair=14 order=C,P parent_device_us=7.040 candidate_device_us=7.140 parent_wall_us=161.662 candidate_wall_us=67.281 paired_device_delta_us=0.100
SAMPLE case=fp32-blank-d16384 pair=15 order=P,C parent_device_us=59.300 candidate_device_us=7.660 parent_wall_us=97.852 candidate_wall_us=68.161 paired_device_delta_us=-51.640
SAMPLE case=fp32-blank-d16384 pair=16 order=C,P parent_device_us=14.640 candidate_device_us=49.960 parent_wall_us=62.011 candidate_wall_us=88.811 paired_device_delta_us=35.320
SAMPLE case=fp32-blank-d16384 pair=17 order=P,C parent_device_us=46.940 candidate_device_us=7.100 parent_wall_us=86.121 candidate_wall_us=62.661 paired_device_delta_us=-39.840
SAMPLE case=fp32-blank-d16384 pair=18 order=C,P parent_device_us=7.040 candidate_device_us=14.600 parent_wall_us=75.791 candidate_wall_us=74.491 paired_device_delta_us=7.560
SAMPLE case=fp32-blank-d16384 pair=19 order=P,C parent_device_us=14.400 candidate_device_us=99.860 parent_wall_us=72.511 candidate_wall_us=138.242 paired_device_delta_us=85.460
SAMPLE case=fp32-blank-d16384 pair=20 order=C,P parent_device_us=41.180 candidate_device_us=8.900 parent_wall_us=82.371 candidate_wall_us=67.131 paired_device_delta_us=-32.280
SAMPLE case=fp32-blank-d16384 pair=21 order=P,C parent_device_us=7.380 candidate_device_us=7.340 parent_wall_us=63.901 candidate_wall_us=79.211 paired_device_delta_us=-0.040
PAIR_BLOCK case=fp32-blank-d16384 pairs=21 parent_median_us=7.720 candidate_median_us=7.660 paired_delta_median_us=0.100
GOLDEN case=fp32-blank-d16384 binary=PARENT failures=24452 max_abs=0.092485666 note=REFERENCE_ONLY
GOLDEN case=fp32-blank-d16384 binary=CANDIDATE failures=24453 max_abs=0.092485666 note=REFERENCE_ONLY
SUMMARY case=fp32-blank-d16384 metric=device_us binary=PARENT n=21 median=7.720 mean=19.991 stdev=19.787 cv=0.98980 min=7.040 max=65.840 max_min=9.352 mad=0.680 p10=7.060 p90=56.560 spread=58.800 core_cv=0.03439
SUMMARY case=fp32-blank-d16384 metric=device_us binary=CANDIDATE n=21 median=7.660 mean=20.768 stdev=23.675 cv=1.13999 min=6.980 max=99.860 max_min=14.307 mad=0.580 p10=7.100 p90=49.960 spread=92.880 core_cv=0.06473
SUMMARY case=fp32-blank-d16384 metric=wall_us binary=PARENT n=21 median=99.371 mean=124.243 stdev=55.012 cv=0.44278 min=62.011 max=238.023 max_min=3.838 mad=36.660 p10=63.901 p90=204.623 spread=176.012 core_cv=0.09014
SUMMARY case=fp32-blank-d16384 metric=wall_us binary=CANDIDATE n=21 median=82.711 mean=100.115 stdev=45.574 cv=0.45521 min=62.661 max=217.333 max_min=3.468 mad=15.430 p10=66.691 p90=150.012 spread=154.672 core_cv=0.12266
SUMMARY case=fp32-blank-d16384 metric=paired_device_delta_us binary=CANDIDATE_minus_PARENT n=21 median=0.100 mean=0.776 stdev=30.516 cv=39.31473 min=-57.960 max=85.460 max_min=-1.474 mad=9.480 p10=-39.840 p90=31.380 spread=143.420 core_cv=0.00000
CASE_END name=fp32-blank-d16384
CASE_BEGIN name=fp32-blank-d8192 dtype=0 rows=2 width=8192 warmup=45 pairs=21 mode=paired
SAMPLE case=fp32-blank-d8192 pair=01 order=P,C parent_device_us=17.500 candidate_device_us=5.440 parent_wall_us=71.961 candidate_wall_us=189.603 paired_device_delta_us=-12.060
SAMPLE case=fp32-blank-d8192 pair=02 order=C,P parent_device_us=5.700 candidate_device_us=5.940 parent_wall_us=200.103 candidate_wall_us=186.032 paired_device_delta_us=0.240
SAMPLE case=fp32-blank-d8192 pair=03 order=P,C parent_device_us=5.540 candidate_device_us=5.100 parent_wall_us=143.632 candidate_wall_us=199.613 paired_device_delta_us=-0.440
SAMPLE case=fp32-blank-d8192 pair=04 order=C,P parent_device_us=6.080 candidate_device_us=5.560 parent_wall_us=199.303 candidate_wall_us=188.132 paired_device_delta_us=-0.520
SAMPLE case=fp32-blank-d8192 pair=05 order=P,C parent_device_us=5.460 candidate_device_us=5.540 parent_wall_us=189.833 candidate_wall_us=196.093 paired_device_delta_us=0.080
SAMPLE case=fp32-blank-d8192 pair=06 order=C,P parent_device_us=5.440 candidate_device_us=5.600 parent_wall_us=194.423 candidate_wall_us=188.712 paired_device_delta_us=0.160
SAMPLE case=fp32-blank-d8192 pair=07 order=P,C parent_device_us=5.000 candidate_device_us=5.140 parent_wall_us=191.113 candidate_wall_us=197.913 paired_device_delta_us=0.140
SAMPLE case=fp32-blank-d8192 pair=08 order=C,P parent_device_us=5.780 candidate_device_us=6.100 parent_wall_us=226.783 candidate_wall_us=189.972 paired_device_delta_us=0.320
SAMPLE case=fp32-blank-d8192 pair=09 order=P,C parent_device_us=50.600 candidate_device_us=5.280 parent_wall_us=100.421 candidate_wall_us=64.361 paired_device_delta_us=-45.320
SAMPLE case=fp32-blank-d8192 pair=10 order=C,P parent_device_us=16.020 candidate_device_us=5.960 parent_wall_us=60.411 candidate_wall_us=63.141 paired_device_delta_us=-10.060
SAMPLE case=fp32-blank-d8192 pair=11 order=P,C parent_device_us=14.840 candidate_device_us=22.800 parent_wall_us=60.611 candidate_wall_us=61.761 paired_device_delta_us=7.960
SAMPLE case=fp32-blank-d8192 pair=12 order=C,P parent_device_us=5.820 candidate_device_us=9.860 parent_wall_us=61.441 candidate_wall_us=60.821 paired_device_delta_us=4.040
SAMPLE case=fp32-blank-d8192 pair=13 order=P,C parent_device_us=14.440 candidate_device_us=5.160 parent_wall_us=62.341 candidate_wall_us=62.011 paired_device_delta_us=-9.280
SAMPLE case=fp32-blank-d8192 pair=14 order=C,P parent_device_us=5.280 candidate_device_us=14.320 parent_wall_us=65.231 candidate_wall_us=62.011 paired_device_delta_us=9.040
SAMPLE case=fp32-blank-d8192 pair=15 order=P,C parent_device_us=14.880 candidate_device_us=5.480 parent_wall_us=61.871 candidate_wall_us=62.721 paired_device_delta_us=-9.400
SAMPLE case=fp32-blank-d8192 pair=16 order=C,P parent_device_us=14.000 candidate_device_us=15.060 parent_wall_us=61.031 candidate_wall_us=61.061 paired_device_delta_us=1.060
SAMPLE case=fp32-blank-d8192 pair=17 order=P,C parent_device_us=15.040 candidate_device_us=5.560 parent_wall_us=59.150 candidate_wall_us=75.091 paired_device_delta_us=-9.480
SAMPLE case=fp32-blank-d8192 pair=18 order=C,P parent_device_us=79.840 candidate_device_us=5.680 parent_wall_us=127.082 candidate_wall_us=111.331 paired_device_delta_us=-74.160
SAMPLE case=fp32-blank-d8192 pair=19 order=P,C parent_device_us=5.420 candidate_device_us=5.280 parent_wall_us=135.632 candidate_wall_us=120.262 paired_device_delta_us=-0.140
SAMPLE case=fp32-blank-d8192 pair=20 order=C,P parent_device_us=5.200 candidate_device_us=5.100 parent_wall_us=123.531 candidate_wall_us=115.402 paired_device_delta_us=-0.100
SAMPLE case=fp32-blank-d8192 pair=21 order=P,C parent_device_us=56.060 candidate_device_us=5.040 parent_wall_us=98.182 candidate_wall_us=68.961 paired_device_delta_us=-51.020
PAIR_BLOCK case=fp32-blank-d8192 pairs=21 parent_median_us=6.080 candidate_median_us=5.560 paired_delta_median_us=-0.140
GOLDEN case=fp32-blank-d8192 binary=PARENT failures=0 max_abs=3.5762787e-07 note=REFERENCE_ONLY
GOLDEN case=fp32-blank-d8192 binary=CANDIDATE failures=0 max_abs=3.5762787e-07 note=REFERENCE_ONLY
SUMMARY case=fp32-blank-d8192 metric=device_us binary=PARENT n=21 median=6.080 mean=16.854 stdev=19.620 cv=1.16407 min=5.000 max=79.840 max_min=15.968 mad=1.080 p10=5.280 p90=50.600 spread=74.840 core_cv=0.05336
SUMMARY case=fp32-blank-d8192 metric=device_us binary=CANDIDATE n=21 median=5.560 mean=7.381 stdev=4.445 cv=0.60220 min=5.040 max=22.800 max_min=4.524 mad=0.400 p10=5.100 p90=14.320 spread=17.760 core_cv=0.05743
SUMMARY case=fp32-blank-d8192 metric=wall_us binary=PARENT n=21 median=100.421 mean=118.766 stdev=58.134 cv=0.48949 min=59.150 max=226.783 max_min=3.834 mad=39.390 p10=60.611 p90=199.303 spread=167.633 core_cv=0.01127
SUMMARY case=fp32-blank-d8192 metric=wall_us binary=CANDIDATE n=21 median=111.331 mean=120.238 stdev=58.993 cv=0.49063 min=60.821 max=199.613 max_min=3.282 mad=49.570 p10=61.761 p90=196.093 spread=138.792 core_cv=0.03156
SUMMARY case=fp32-blank-d8192 metric=paired_device_delta_us binary=CANDIDATE_minus_PARENT n=21 median=-0.140 mean=-9.473 stdev=20.640 cv=-2.17875 min=-74.160 max=9.040 max_min=-0.122 mad=4.180 p10=-45.320 p90=4.040 spread=83.200 core_cv=0.00000
CASE_END name=fp32-blank-d8192
CASE_BEGIN name=fp32-blank-d12288 dtype=0 rows=2 width=12288 warmup=45 pairs=21 mode=paired
SAMPLE case=fp32-blank-d12288 pair=01 order=P,C parent_device_us=6.160 candidate_device_us=6.080 parent_wall_us=102.312 candidate_wall_us=94.231 paired_device_delta_us=-0.080
SAMPLE case=fp32-blank-d12288 pair=02 order=C,P parent_device_us=74.460 candidate_device_us=32.980 parent_wall_us=137.832 candidate_wall_us=116.741 paired_device_delta_us=-41.480
SAMPLE case=fp32-blank-d12288 pair=03 order=P,C parent_device_us=6.480 candidate_device_us=28.200 parent_wall_us=100.662 candidate_wall_us=89.061 paired_device_delta_us=21.720
SAMPLE case=fp32-blank-d12288 pair=04 order=C,P parent_device_us=52.100 candidate_device_us=35.480 parent_wall_us=104.201 candidate_wall_us=89.562 paired_device_delta_us=-16.620
SAMPLE case=fp32-blank-d12288 pair=05 order=P,C parent_device_us=6.040 candidate_device_us=23.040 parent_wall_us=129.682 candidate_wall_us=94.912 paired_device_delta_us=17.000
SAMPLE case=fp32-blank-d12288 pair=06 order=C,P parent_device_us=6.480 candidate_device_us=6.820 parent_wall_us=92.552 candidate_wall_us=93.521 paired_device_delta_us=0.340
SAMPLE case=fp32-blank-d12288 pair=07 order=P,C parent_device_us=39.840 candidate_device_us=6.660 parent_wall_us=115.211 candidate_wall_us=156.743 paired_device_delta_us=-33.180
SAMPLE case=fp32-blank-d12288 pair=08 order=C,P parent_device_us=6.580 candidate_device_us=6.700 parent_wall_us=136.302 candidate_wall_us=78.611 paired_device_delta_us=0.120
SAMPLE case=fp32-blank-d12288 pair=09 order=P,C parent_device_us=6.200 candidate_device_us=6.220 parent_wall_us=160.612 candidate_wall_us=79.681 paired_device_delta_us=0.020
SAMPLE case=fp32-blank-d12288 pair=10 order=C,P parent_device_us=7.040 candidate_device_us=6.220 parent_wall_us=184.933 candidate_wall_us=130.972 paired_device_delta_us=-0.820
SAMPLE case=fp32-blank-d12288 pair=11 order=P,C parent_device_us=5.960 candidate_device_us=18.100 parent_wall_us=131.972 candidate_wall_us=70.371 paired_device_delta_us=12.140
SAMPLE case=fp32-blank-d12288 pair=12 order=C,P parent_device_us=6.440 candidate_device_us=6.200 parent_wall_us=67.751 candidate_wall_us=140.102 paired_device_delta_us=-0.240
SAMPLE case=fp32-blank-d12288 pair=13 order=P,C parent_device_us=6.600 candidate_device_us=6.780 parent_wall_us=127.332 candidate_wall_us=157.882 paired_device_delta_us=0.180
SAMPLE case=fp32-blank-d12288 pair=14 order=C,P parent_device_us=6.220 candidate_device_us=6.540 parent_wall_us=69.121 candidate_wall_us=183.293 paired_device_delta_us=0.320
SAMPLE case=fp32-blank-d12288 pair=15 order=P,C parent_device_us=6.100 candidate_device_us=6.080 parent_wall_us=137.752 candidate_wall_us=71.531 paired_device_delta_us=-0.020
SAMPLE case=fp32-blank-d12288 pair=16 order=C,P parent_device_us=6.100 candidate_device_us=6.240 parent_wall_us=105.851 candidate_wall_us=122.032 paired_device_delta_us=0.140
SAMPLE case=fp32-blank-d12288 pair=17 order=P,C parent_device_us=6.240 candidate_device_us=6.440 parent_wall_us=69.211 candidate_wall_us=113.822 paired_device_delta_us=0.200
SAMPLE case=fp32-blank-d12288 pair=18 order=C,P parent_device_us=6.440 candidate_device_us=6.440 parent_wall_us=185.332 candidate_wall_us=173.292 paired_device_delta_us=0.000
SAMPLE case=fp32-blank-d12288 pair=19 order=P,C parent_device_us=6.660 candidate_device_us=6.660 parent_wall_us=183.393 candidate_wall_us=186.992 paired_device_delta_us=0.000
SAMPLE case=fp32-blank-d12288 pair=20 order=C,P parent_device_us=6.180 candidate_device_us=6.420 parent_wall_us=189.882 candidate_wall_us=187.132 paired_device_delta_us=0.240
SAMPLE case=fp32-blank-d12288 pair=21 order=P,C parent_device_us=6.020 candidate_device_us=6.480 parent_wall_us=195.403 candidate_wall_us=197.123 paired_device_delta_us=0.460
PAIR_BLOCK case=fp32-blank-d12288 pairs=21 parent_median_us=6.440 candidate_median_us=6.540 paired_delta_median_us=0.120
GOLDEN case=fp32-blank-d12288 binary=PARENT failures=16340 max_abs=0.092312217 note=REFERENCE_ONLY
GOLDEN case=fp32-blank-d12288 binary=CANDIDATE failures=16363 max_abs=0.092312217 note=REFERENCE_ONLY
SUMMARY case=fp32-blank-d12288 metric=device_us binary=PARENT n=21 median=6.440 mean=13.350 stdev=18.029 cv=1.35055 min=5.960 max=74.460 max_min=12.493 mad=0.260 p10=6.040 p90=39.840 spread=68.500 core_cv=0.04293
SUMMARY case=fp32-blank-d12288 metric=device_us binary=CANDIDATE n=21 median=6.540 mean=11.466 stdev=9.520 cv=0.83029 min=6.080 max=35.480 max_min=5.836 mad=0.300 p10=6.200 p90=28.200 spread=29.400 core_cv=0.03664
SUMMARY case=fp32-blank-d12288 metric=wall_us binary=PARENT n=21 median=129.682 mean=129.871 stdev=40.045 cv=0.30835 min=67.751 max=195.403 max_min=2.884 mad=29.020 p10=69.211 p90=185.332 spread=127.652 core_cv=0.10060
SUMMARY case=fp32-blank-d12288 metric=wall_us binary=CANDIDATE n=21 median=116.741 mean=125.124 stdev=41.764 cv=0.33378 min=70.371 max=197.123 max_min=2.801 mad=37.060 p10=78.611 p90=186.992 spread=126.752 core_cv=0.12876
SUMMARY case=fp32-blank-d12288 metric=paired_device_delta_us binary=CANDIDATE_minus_PARENT n=21 median=0.120 mean=-1.884 stdev=13.685 cv=-7.26436 min=-41.480 max=21.720 max_min=-0.524 mad=0.200 p10=-16.620 p90=12.140 spread=63.200 core_cv=0.07692
CASE_END name=fp32-blank-d12288
CASE_BEGIN name=fp16-blank-d32768 dtype=1 rows=2 width=32768 warmup=45 pairs=21 mode=paired
SAMPLE case=fp16-blank-d32768 pair=01 order=P,C parent_device_us=10.060 candidate_device_us=14.040 parent_wall_us=83.591 candidate_wall_us=64.921 paired_device_delta_us=3.980
SAMPLE case=fp16-blank-d32768 pair=02 order=C,P parent_device_us=10.880 candidate_device_us=30.840 parent_wall_us=84.351 candidate_wall_us=72.801 paired_device_delta_us=19.960
SAMPLE case=fp16-blank-d32768 pair=03 order=P,C parent_device_us=35.380 candidate_device_us=10.060 parent_wall_us=112.922 candidate_wall_us=62.621 paired_device_delta_us=-25.320
SAMPLE case=fp16-blank-d32768 pair=04 order=C,P parent_device_us=10.920 candidate_device_us=10.080 parent_wall_us=65.161 candidate_wall_us=152.872 paired_device_delta_us=-0.840
SAMPLE case=fp16-blank-d32768 pair=05 order=P,C parent_device_us=50.660 candidate_device_us=9.920 parent_wall_us=87.501 candidate_wall_us=72.950 paired_device_delta_us=-40.740
SAMPLE case=fp16-blank-d32768 pair=06 order=C,P parent_device_us=12.700 candidate_device_us=52.600 parent_wall_us=66.841 candidate_wall_us=93.191 paired_device_delta_us=39.900
SAMPLE case=fp16-blank-d32768 pair=07 order=P,C parent_device_us=16.200 candidate_device_us=10.140 parent_wall_us=63.141 candidate_wall_us=63.551 paired_device_delta_us=-6.060
SAMPLE case=fp16-blank-d32768 pair=08 order=C,P parent_device_us=19.140 candidate_device_us=10.820 parent_wall_us=62.101 candidate_wall_us=72.251 paired_device_delta_us=-8.320
SAMPLE case=fp16-blank-d32768 pair=09 order=P,C parent_device_us=9.860 candidate_device_us=9.720 parent_wall_us=80.381 candidate_wall_us=74.851 paired_device_delta_us=-0.140
SAMPLE case=fp16-blank-d32768 pair=10 order=C,P parent_device_us=11.380 candidate_device_us=10.760 parent_wall_us=77.901 candidate_wall_us=168.063 paired_device_delta_us=-0.620
SAMPLE case=fp16-blank-d32768 pair=11 order=P,C parent_device_us=9.740 candidate_device_us=9.900 parent_wall_us=128.222 candidate_wall_us=75.111 paired_device_delta_us=0.160
SAMPLE case=fp16-blank-d32768 pair=12 order=C,P parent_device_us=9.800 candidate_device_us=10.060 parent_wall_us=169.922 candidate_wall_us=103.912 paired_device_delta_us=0.260
SAMPLE case=fp16-blank-d32768 pair=13 order=P,C parent_device_us=57.420 candidate_device_us=10.380 parent_wall_us=107.622 candidate_wall_us=117.282 paired_device_delta_us=-47.040
SAMPLE case=fp16-blank-d32768 pair=14 order=C,P parent_device_us=10.120 candidate_device_us=10.440 parent_wall_us=110.852 candidate_wall_us=242.033 paired_device_delta_us=0.320
SAMPLE case=fp16-blank-d32768 pair=15 order=P,C parent_device_us=9.720 candidate_device_us=9.700 parent_wall_us=154.182 candidate_wall_us=116.662 paired_device_delta_us=-0.020
SAMPLE case=fp16-blank-d32768 pair=16 order=C,P parent_device_us=9.860 candidate_device_us=10.220 parent_wall_us=234.823 candidate_wall_us=83.061 paired_device_delta_us=0.360
SAMPLE case=fp16-blank-d32768 pair=17 order=P,C parent_device_us=10.240 candidate_device_us=9.960 parent_wall_us=135.912 candidate_wall_us=142.102 paired_device_delta_us=-0.280
SAMPLE case=fp16-blank-d32768 pair=18 order=C,P parent_device_us=9.900 candidate_device_us=10.140 parent_wall_us=103.461 candidate_wall_us=107.262 paired_device_delta_us=0.240
SAMPLE case=fp16-blank-d32768 pair=19 order=P,C parent_device_us=9.960 candidate_device_us=10.160 parent_wall_us=197.422 candidate_wall_us=156.203 paired_device_delta_us=0.200
SAMPLE case=fp16-blank-d32768 pair=20 order=C,P parent_device_us=11.320 candidate_device_us=10.640 parent_wall_us=90.942 candidate_wall_us=121.791 paired_device_delta_us=-0.680
SAMPLE case=fp16-blank-d32768 pair=21 order=P,C parent_device_us=10.180 candidate_device_us=9.780 parent_wall_us=222.283 candidate_wall_us=82.621 paired_device_delta_us=-0.400
PAIR_BLOCK case=fp16-blank-d32768 pairs=21 parent_median_us=10.240 candidate_median_us=10.140 paired_delta_median_us=-0.140
GOLDEN case=fp16-blank-d32768 binary=PARENT failures=5 max_abs=inf note=REFERENCE_ONLY
GOLDEN case=fp16-blank-d32768 binary=CANDIDATE failures=5 max_abs=inf note=REFERENCE_ONLY
SUMMARY case=fp16-blank-d32768 metric=device_us binary=PARENT n=21 median=10.240 mean=16.450 stdev=13.465 cv=0.81856 min=9.720 max=57.420 max_min=5.907 mad=0.520 p10=9.800 p90=35.380 spread=47.700 core_cv=0.05383
SUMMARY case=fp16-blank-d32768 metric=device_us binary=CANDIDATE n=21 median=10.140 mean=13.350 stdev=9.837 cv=0.73681 min=9.700 max=52.600 max_min=5.423 mad=0.240 p10=9.780 p90=14.040 spread=42.900 core_cv=0.03196
SUMMARY case=fp16-blank-d32768 metric=wall_us binary=PARENT n=21 median=103.461 mean=116.168 stdev=50.771 cv=0.43705 min=62.101 max=234.823 max_min=3.781 mad=25.560 p10=65.161 p90=197.422 spread=172.722 core_cv=0.11805
SUMMARY case=fp16-blank-d32768 metric=wall_us binary=CANDIDATE n=21 median=93.191 mean=106.958 stdev=44.035 cv=0.41170 min=62.621 max=242.033 max_min=3.865 mad=23.471 p10=64.921 p90=156.203 spread=179.412 core_cv=0.13770
SUMMARY case=fp16-blank-d32768 metric=paired_device_delta_us binary=CANDIDATE_minus_PARENT n=21 median=-0.140 mean=-3.099 stdev=17.493 cv=-5.64475 min=-47.040 max=39.900 max_min=-0.848 mad=0.500 p10=-25.320 p90=3.980 spread=86.940 core_cv=0.00000
CASE_END name=fp16-blank-d32768
CASE_BEGIN name=bf16-blank-d32768 dtype=2 rows=2 width=32768 warmup=45 pairs=21 mode=paired
SAMPLE case=bf16-blank-d32768 pair=01 order=P,C parent_device_us=14.000 candidate_device_us=52.500 parent_wall_us=80.341 candidate_wall_us=103.582 paired_device_delta_us=38.500
SAMPLE case=bf16-blank-d32768 pair=02 order=C,P parent_device_us=14.880 candidate_device_us=15.080 parent_wall_us=103.942 candidate_wall_us=93.071 paired_device_delta_us=0.200
SAMPLE case=bf16-blank-d32768 pair=03 order=P,C parent_device_us=13.960 candidate_device_us=13.960 parent_wall_us=87.191 candidate_wall_us=79.961 paired_device_delta_us=0.000
SAMPLE case=bf16-blank-d32768 pair=04 order=C,P parent_device_us=14.600 candidate_device_us=15.320 parent_wall_us=64.001 candidate_wall_us=74.231 paired_device_delta_us=0.720
SAMPLE case=bf16-blank-d32768 pair=05 order=P,C parent_device_us=13.360 candidate_device_us=14.360 parent_wall_us=66.441 candidate_wall_us=132.232 paired_device_delta_us=1.000
SAMPLE case=bf16-blank-d32768 pair=06 order=C,P parent_device_us=14.260 candidate_device_us=46.380 parent_wall_us=107.621 candidate_wall_us=82.561 paired_device_delta_us=32.120
SAMPLE case=bf16-blank-d32768 pair=07 order=P,C parent_device_us=71.620 candidate_device_us=29.840 parent_wall_us=127.851 candidate_wall_us=76.461 paired_device_delta_us=-41.780
SAMPLE case=bf16-blank-d32768 pair=08 order=C,P parent_device_us=13.980 candidate_device_us=14.600 parent_wall_us=96.931 candidate_wall_us=81.491 paired_device_delta_us=0.620
SAMPLE case=bf16-blank-d32768 pair=09 order=P,C parent_device_us=13.880 candidate_device_us=13.960 parent_wall_us=94.012 candidate_wall_us=80.991 paired_device_delta_us=0.080
SAMPLE case=bf16-blank-d32768 pair=10 order=C,P parent_device_us=14.120 candidate_device_us=14.740 parent_wall_us=126.712 candidate_wall_us=63.931 paired_device_delta_us=0.620
SAMPLE case=bf16-blank-d32768 pair=11 order=P,C parent_device_us=13.900 candidate_device_us=13.840 parent_wall_us=78.681 candidate_wall_us=73.591 paired_device_delta_us=-0.060
SAMPLE case=bf16-blank-d32768 pair=12 order=C,P parent_device_us=13.700 candidate_device_us=13.740 parent_wall_us=73.521 candidate_wall_us=75.551 paired_device_delta_us=0.040
SAMPLE case=bf16-blank-d32768 pair=13 order=P,C parent_device_us=13.480 candidate_device_us=13.520 parent_wall_us=73.831 candidate_wall_us=92.171 paired_device_delta_us=0.040
SAMPLE case=bf16-blank-d32768 pair=14 order=C,P parent_device_us=13.520 candidate_device_us=13.560 parent_wall_us=133.072 candidate_wall_us=77.761 paired_device_delta_us=0.040
SAMPLE case=bf16-blank-d32768 pair=15 order=P,C parent_device_us=14.000 candidate_device_us=14.140 parent_wall_us=81.071 candidate_wall_us=78.131 paired_device_delta_us=0.140
SAMPLE case=bf16-blank-d32768 pair=16 order=C,P parent_device_us=13.560 candidate_device_us=136.080 parent_wall_us=114.042 candidate_wall_us=176.932 paired_device_delta_us=122.520
SAMPLE case=bf16-blank-d32768 pair=17 order=P,C parent_device_us=46.120 candidate_device_us=13.980 parent_wall_us=97.531 candidate_wall_us=203.673 paired_device_delta_us=-32.140
SAMPLE case=bf16-blank-d32768 pair=18 order=C,P parent_device_us=13.640 candidate_device_us=13.820 parent_wall_us=165.662 candidate_wall_us=126.782 paired_device_delta_us=0.180
SAMPLE case=bf16-blank-d32768 pair=19 order=P,C parent_device_us=13.280 candidate_device_us=22.980 parent_wall_us=96.352 candidate_wall_us=75.391 paired_device_delta_us=9.700
SAMPLE case=bf16-blank-d32768 pair=20 order=C,P parent_device_us=13.780 candidate_device_us=13.800 parent_wall_us=96.861 candidate_wall_us=63.581 paired_device_delta_us=0.020
SAMPLE case=bf16-blank-d32768 pair=21 order=P,C parent_device_us=14.020 candidate_device_us=14.240 parent_wall_us=171.253 candidate_wall_us=80.861 paired_device_delta_us=0.220
PAIR_BLOCK case=bf16-blank-d32768 pairs=21 parent_median_us=13.960 candidate_median_us=14.240 paired_delta_median_us=0.180
GOLDEN case=bf16-blank-d32768 binary=PARENT failures=0 max_abs=0 note=REFERENCE_ONLY
GOLDEN case=bf16-blank-d32768 binary=CANDIDATE failures=0 max_abs=0 note=REFERENCE_ONLY
SUMMARY case=bf16-blank-d32768 metric=device_us binary=PARENT n=21 median=13.960 mean=18.174 stdev=13.782 cv=0.75834 min=13.280 max=71.620 max_min=5.393 mad=0.300 p10=13.480 p90=14.880 spread=58.340 core_cv=0.02815
SUMMARY case=bf16-blank-d32768 metric=device_us binary=CANDIDATE n=21 median=14.240 mean=24.497 stdev=27.130 cv=1.10746 min=13.520 max=136.080 max_min=10.065 mad=0.500 p10=13.740 p90=46.380 spread=122.560 core_cv=0.03606
SUMMARY case=bf16-blank-d32768 metric=wall_us binary=PARENT n=21 median=96.861 mean=101.758 stdev=28.804 cv=0.28307 min=64.001 max=171.253 max_min=2.676 mad=17.181 p10=73.521 p90=133.072 spread=107.252 core_cv=0.11226
SUMMARY case=bf16-blank-d32768 metric=wall_us binary=CANDIDATE n=21 median=80.861 mean=94.902 stdev=35.519 cv=0.37427 min=63.581 max=203.673 max_min=3.203 mad=6.630 p10=73.591 p90=132.232 spread=140.092 core_cv=0.07194
SUMMARY case=bf16-blank-d32768 metric=paired_device_delta_us binary=CANDIDATE_minus_PARENT n=21 median=0.180 mean=6.323 stdev=30.520 cv=4.82690 min=-41.780 max=122.520 max_min=-2.933 mad=0.240 p10=-0.060 p90=32.120 spread=164.300 core_cv=0.05263
CASE_END name=bf16-blank-d32768
RUNNER_COMPLETE mode=PAIRED device=4 cases=7 warmup_each=45 pairs_each=21 timing=DEVICE_EVENT_PRIMARY wall=DIAGNOSTIC golden=REFERENCE_ONLY
=== LOAD SNAPSHOT (post) ===
+------------------------------------------------------------------------------------------------+
| npu-smi 25.0.rc1.1               Version: 25.0.rc1.1                                           |
+---------------------------+---------------+----------------------------------------------------+
| NPU   Name                | Health        | Power(W)    Temp(C)           Hugepages-Usage(page)|
| Chip                      | Bus-Id        | AICore(%)   Memory-Usage(MB)  HBM-Usage(MB)        |
+===========================+===============+====================================================+
| 0     910B3               | OK            | 147.4       37                0    / 0             |
| 0                         | 0000:C1:00.0  | 32          0    / 0          63796/ 65536         |
+===========================+===============+====================================================+
| 1     910B3               | OK            | 136.3       36                0    / 0             |
| 0                         | 0000:C2:00.0  | 31          0    / 0          60029/ 65536         |
+===========================+===============+====================================================+
| 2     910B3               | OK            | 137.1       39                0    / 0             |
| 0                         | 0000:81:00.0  | 33          0    / 0          63819/ 65536         |
+===========================+===============+====================================================+
| 3     910B3               | OK            | 135.1       38                0    / 0             |
| 0                         | 0000:82:00.0  | 27          0    / 0          59975/ 65536         |
+===========================+===============+====================================================+
| 4     910B3               | OK            | 90.9        37                0    / 0             |
| 0                         | 0000:01:00.0  | 0           0    / 0          59194/ 65536         |
+===========================+===============+====================================================+
| 5     910B3               | OK            | 90.9        33                0    / 0             |
| 0                         | 0000:02:00.0  | 0           0    / 0          59901/ 65536         |
+===========================+===============+====================================================+
| 6     910B3               | OK            | 93.6        37                0    / 0             |
| 0                         | 0000:41:00.0  | 0           0    / 0          59899/ 65536         |
+===========================+===============+====================================================+
| 7     910B3               | OK            | 134.8       42                0    / 0             |
| 0                         | 0000:42:00.0  | 29          0    / 0          59525/ 65536         |
+===========================+===============+====================================================+
+---------------------------+---------------+----------------------------------------------------+
| NPU     Chip              | Process id    | Process name             | Process memory(MB)      |
RUN_COMPLETE
