SEG_SAMPLE case=seg-2x32768 i=00 order=F,P full_us=13.020 p1only_us=7.280 pass2_us=5.740
SEG_SAMPLE case=seg-2x32768 i=01 order=P,F full_us=25.420 p1only_us=7.820 pass2_us=17.600
SEG_SAMPLE case=seg-2x32768 i=02 order=F,P full_us=220.340 p1only_us=7.300 pass2_us=213.040
SEG_SAMPLE case=seg-2x32768 i=03 order=P,F full_us=23.940 p1only_us=8.440 pass2_us=15.500
SEG_SAMPLE case=seg-2x32768 i=04 order=F,P full_us=11.240 p1only_us=7.260 pass2_us=3.980
SEG_SAMPLE case=seg-2x32768 i=05 order=P,F full_us=25.840 p1only_us=8.240 pass2_us=17.600
SEG_SAMPLE case=seg-2x32768 i=06 order=F,P full_us=186.340 p1only_us=7.740 pass2_us=178.600
SEG_SAMPLE case=seg-2x32768 i=07 order=P,F full_us=24.000 p1only_us=8.260 pass2_us=15.740
SEG_SAMPLE case=seg-2x32768 i=08 order=F,P full_us=11.340 p1only_us=7.360 pass2_us=3.980
SEG_SAMPLE case=seg-2x32768 i=09 order=P,F full_us=24.660 p1only_us=8.260 pass2_us=16.400
SEG_SAMPLE case=seg-2x32768 i=10 order=F,P full_us=11.600 p1only_us=7.280 pass2_us=4.320
SEG_SAMPLE case=seg-2x32768 i=11 order=P,F full_us=12.660 p1only_us=7.960 pass2_us=4.700
SEG_SAMPLE case=seg-2x32768 i=12 order=F,P full_us=11.780 p1only_us=7.740 pass2_us=4.040
SEG_SAMPLE case=seg-2x32768 i=13 order=P,F full_us=13.280 p1only_us=7.220 pass2_us=6.060
SEG_SAMPLE case=seg-2x32768 i=14 order=F,P full_us=12.780 p1only_us=7.780 pass2_us=5.000
SEG_SAMPLE case=seg-2x32768 i=15 order=P,F full_us=11.300 p1only_us=8.060 pass2_us=3.240
SEG_SAMPLE case=seg-2x32768 i=16 order=F,P full_us=149.580 p1only_us=7.880 pass2_us=141.700
SEG_SAMPLE case=seg-2x32768 i=17 order=P,F full_us=11.700 p1only_us=8.020 pass2_us=3.680
SEG_SAMPLE case=seg-2x32768 i=18 order=F,P full_us=11.460 p1only_us=7.320 pass2_us=4.140
SEG_SAMPLE case=seg-2x32768 i=19 order=P,F full_us=12.220 p1only_us=7.520 pass2_us=4.700
SEG_SAMPLE case=seg-2x32768 i=20 order=F,P full_us=12.320 p1only_us=7.640 pass2_us=4.680
SEG_SAMPLE case=seg-2x32768 i=21 order=P,F full_us=11.640 p1only_us=7.580 pass2_us=4.060
SEG_SAMPLE case=seg-2x32768 i=22 order=F,P full_us=13.060 p1only_us=7.800 pass2_us=5.260
SEG_SAMPLE case=seg-2x32768 i=23 order=P,F full_us=248.080 p1only_us=8.580 pass2_us=239.500
SEG_SAMPLE case=seg-2x32768 i=24 order=F,P full_us=11.220 p1only_us=7.320 pass2_us=3.900
SEG_SAMPLE case=seg-2x32768 i=25 order=P,F full_us=42.940 p1only_us=7.880 pass2_us=35.060
SEG_SAMPLE case=seg-2x32768 i=26 order=F,P full_us=12.220 p1only_us=7.780 pass2_us=4.440
SEG_SAMPLE case=seg-2x32768 i=27 order=P,F full_us=11.640 p1only_us=7.460 pass2_us=4.180
SEG_SAMPLE case=seg-2x32768 i=28 order=F,P full_us=11.820 p1only_us=118.740 pass2_us=-106.920
SEG_SAMPLE case=seg-2x32768 i=29 order=P,F full_us=11.920 p1only_us=8.080 pass2_us=3.840
SEG_SAMPLE case=seg-2x32768 i=30 order=F,P full_us=11.900 p1only_us=184.180 pass2_us=-172.280
SEG_RESULT case=seg-2x32768 rows=2 width=32768 full_median_us=12.320 p1only_median_us=7.780 pass2_median_us=4.700 p1_share=0.6315 p2_share=0.3815 samples=31
SEG_SAMPLE case=seg-8x32768 i=00 order=F,P full_us=12.020 p1only_us=8.520 pass2_us=3.500
SEG_SAMPLE case=seg-8x32768 i=01 order=P,F full_us=12.160 p1only_us=7.920 pass2_us=4.240
SEG_SAMPLE case=seg-8x32768 i=02 order=F,P full_us=12.300 p1only_us=130.980 pass2_us=-118.680
SEG_SAMPLE case=seg-8x32768 i=03 order=P,F full_us=12.720 p1only_us=144.820 pass2_us=-132.100
SEG_SAMPLE case=seg-8x32768 i=04 order=F,P full_us=96.100 p1only_us=8.100 pass2_us=88.000
SEG_SAMPLE case=seg-8x32768 i=05 order=P,F full_us=11.780 p1only_us=7.980 pass2_us=3.800
SEG_SAMPLE case=seg-8x32768 i=06 order=F,P full_us=12.340 p1only_us=90.720 pass2_us=-78.380
SEG_SAMPLE case=seg-8x32768 i=07 order=P,F full_us=12.960 p1only_us=8.380 pass2_us=4.580
SEG_SAMPLE case=seg-8x32768 i=08 order=F,P full_us=11.940 p1only_us=8.600 pass2_us=3.340
SEG_SAMPLE case=seg-8x32768 i=09 order=P,F full_us=12.300 p1only_us=27.340 pass2_us=-15.040
SEG_SAMPLE case=seg-8x32768 i=10 order=F,P full_us=12.620 p1only_us=8.280 pass2_us=4.340
SEG_SAMPLE case=seg-8x32768 i=11 order=P,F full_us=11.900 p1only_us=7.800 pass2_us=4.100
SEG_SAMPLE case=seg-8x32768 i=12 order=F,P full_us=11.880 p1only_us=8.300 pass2_us=3.580
SEG_SAMPLE case=seg-8x32768 i=13 order=P,F full_us=12.300 p1only_us=7.940 pass2_us=4.360
SEG_SAMPLE case=seg-8x32768 i=14 order=F,P full_us=12.920 p1only_us=14.240 pass2_us=-1.320
SEG_SAMPLE case=seg-8x32768 i=15 order=P,F full_us=12.220 p1only_us=27.840 pass2_us=-15.620
SEG_SAMPLE case=seg-8x32768 i=16 order=F,P full_us=12.760 p1only_us=109.280 pass2_us=-96.520
SEG_SAMPLE case=seg-8x32768 i=17 order=P,F full_us=12.780 p1only_us=8.100 pass2_us=4.680
SEG_SAMPLE case=seg-8x32768 i=18 order=F,P full_us=170.220 p1only_us=106.200 pass2_us=64.020
SEG_SAMPLE case=seg-8x32768 i=19 order=P,F full_us=12.460 p1only_us=8.760 pass2_us=3.700
SEG_SAMPLE case=seg-8x32768 i=20 order=F,P full_us=55.880 p1only_us=8.560 pass2_us=47.320
SEG_SAMPLE case=seg-8x32768 i=21 order=P,F full_us=12.380 p1only_us=8.440 pass2_us=3.940
SEG_SAMPLE case=seg-8x32768 i=22 order=F,P full_us=12.220 p1only_us=7.840 pass2_us=4.380
SEG_SAMPLE case=seg-8x32768 i=23 order=P,F full_us=11.920 p1only_us=7.960 pass2_us=3.960
SEG_SAMPLE case=seg-8x32768 i=24 order=F,P full_us=14.940 p1only_us=7.980 pass2_us=6.960
SEG_SAMPLE case=seg-8x32768 i=25 order=P,F full_us=12.480 p1only_us=8.240 pass2_us=4.240
SEG_SAMPLE case=seg-8x32768 i=26 order=F,P full_us=12.780 p1only_us=8.440 pass2_us=4.340
SEG_SAMPLE case=seg-8x32768 i=27 order=P,F full_us=11.620 p1only_us=8.000 pass2_us=3.620
SEG_SAMPLE case=seg-8x32768 i=28 order=F,P full_us=11.660 p1only_us=18.940 pass2_us=-7.280
SEG_SAMPLE case=seg-8x32768 i=29 order=P,F full_us=12.120 p1only_us=8.640 pass2_us=3.480
SEG_SAMPLE case=seg-8x32768 i=30 order=F,P full_us=21.440 p1only_us=9.420 pass2_us=12.020
SEG_RESULT case=seg-8x32768 rows=8 width=32768 full_median_us=12.340 p1only_median_us=8.440 pass2_median_us=3.940 p1_share=0.6840 p2_share=0.3193 samples=31
SEG_SAMPLE case=seg-16x32768 i=00 order=F,P full_us=21.060 p1only_us=13.280 pass2_us=7.780
SEG_SAMPLE case=seg-16x32768 i=01 order=P,F full_us=20.240 p1only_us=12.640 pass2_us=7.600
SEG_SAMPLE case=seg-16x32768 i=02 order=F,P full_us=20.260 p1only_us=12.600 pass2_us=7.660
SEG_SAMPLE case=seg-16x32768 i=03 order=P,F full_us=20.400 p1only_us=12.600 pass2_us=7.800
SEG_SAMPLE case=seg-16x32768 i=04 order=F,P full_us=20.360 p1only_us=13.200 pass2_us=7.160
SEG_SAMPLE case=seg-16x32768 i=05 order=P,F full_us=20.680 p1only_us=185.580 pass2_us=-164.900
SEG_SAMPLE case=seg-16x32768 i=06 order=F,P full_us=20.480 p1only_us=14.960 pass2_us=5.520
SEG_SAMPLE case=seg-16x32768 i=07 order=P,F full_us=53.160 p1only_us=12.740 pass2_us=40.420
SEG_SAMPLE case=seg-16x32768 i=08 order=F,P full_us=20.560 p1only_us=13.060 pass2_us=7.500
SEG_SAMPLE case=seg-16x32768 i=09 order=P,F full_us=177.900 p1only_us=14.300 pass2_us=163.600
SEG_SAMPLE case=seg-16x32768 i=10 order=F,P full_us=20.380 p1only_us=12.640 pass2_us=7.740
SEG_SAMPLE case=seg-16x32768 i=11 order=P,F full_us=20.680 p1only_us=169.540 pass2_us=-148.860
SEG_SAMPLE case=seg-16x32768 i=12 order=F,P full_us=84.660 p1only_us=12.500 pass2_us=72.160
SEG_SAMPLE case=seg-16x32768 i=13 order=P,F full_us=20.660 p1only_us=12.320 pass2_us=8.340
SEG_SAMPLE case=seg-16x32768 i=14 order=F,P full_us=20.860 p1only_us=13.720 pass2_us=7.140
SEG_SAMPLE case=seg-16x32768 i=15 order=P,F full_us=20.380 p1only_us=12.580 pass2_us=7.800
SEG_SAMPLE case=seg-16x32768 i=16 order=F,P full_us=21.240 p1only_us=91.360 pass2_us=-70.120
SEG_SAMPLE case=seg-16x32768 i=17 order=P,F full_us=30.160 p1only_us=12.940 pass2_us=17.220
SEG_SAMPLE case=seg-16x32768 i=18 order=F,P full_us=20.260 p1only_us=12.740 pass2_us=7.520
SEG_SAMPLE case=seg-16x32768 i=19 order=P,F full_us=21.260 p1only_us=12.800 pass2_us=8.460
SEG_SAMPLE case=seg-16x32768 i=20 order=F,P full_us=20.220 p1only_us=12.780 pass2_us=7.440
SEG_SAMPLE case=seg-16x32768 i=21 order=P,F full_us=19.960 p1only_us=30.860 pass2_us=-10.900
SEG_SAMPLE case=seg-16x32768 i=22 order=F,P full_us=20.440 p1only_us=129.800 pass2_us=-109.360
SEG_SAMPLE case=seg-16x32768 i=23 order=P,F full_us=20.540 p1only_us=13.140 pass2_us=7.400
SEG_SAMPLE case=seg-16x32768 i=24 order=F,P full_us=20.620 p1only_us=140.900 pass2_us=-120.280
SEG_SAMPLE case=seg-16x32768 i=25 order=P,F full_us=20.360 p1only_us=12.480 pass2_us=7.880
SEG_SAMPLE case=seg-16x32768 i=26 order=F,P full_us=20.100 p1only_us=13.140 pass2_us=6.960
SEG_SAMPLE case=seg-16x32768 i=27 order=P,F full_us=20.440 p1only_us=12.940 pass2_us=7.500
SEG_SAMPLE case=seg-16x32768 i=28 order=F,P full_us=20.260 p1only_us=12.680 pass2_us=7.580
SEG_SAMPLE case=seg-16x32768 i=29 order=P,F full_us=20.620 p1only_us=13.220 pass2_us=7.400
SEG_SAMPLE case=seg-16x32768 i=30 order=F,P full_us=20.620 p1only_us=13.140 pass2_us=7.480
SEG_RESULT case=seg-16x32768 rows=16 width=32768 full_median_us=20.540 p1only_median_us=13.060 pass2_median_us=7.500 p1_share=0.6358 p2_share=0.3651 samples=31
SEG_SAMPLE case=seg-8x16384 i=00 order=F,P full_us=117.620 p1only_us=107.460 pass2_us=10.160
SEG_SAMPLE case=seg-8x16384 i=01 order=P,F full_us=8.480 p1only_us=105.480 pass2_us=-97.000
SEG_SAMPLE case=seg-8x16384 i=02 order=F,P full_us=8.360 p1only_us=6.400 pass2_us=1.960
SEG_SAMPLE case=seg-8x16384 i=03 order=P,F full_us=8.340 p1only_us=5.900 pass2_us=2.440
SEG_SAMPLE case=seg-8x16384 i=04 order=F,P full_us=8.400 p1only_us=6.000 pass2_us=2.400
SEG_SAMPLE case=seg-8x16384 i=05 order=P,F full_us=7.920 p1only_us=6.200 pass2_us=1.720
SEG_SAMPLE case=seg-8x16384 i=06 order=F,P full_us=7.740 p1only_us=5.740 pass2_us=2.000
SEG_SAMPLE case=seg-8x16384 i=07 order=P,F full_us=8.040 p1only_us=5.940 pass2_us=2.100
SEG_SAMPLE case=seg-8x16384 i=08 order=F,P full_us=7.920 p1only_us=6.060 pass2_us=1.860
SEG_SAMPLE case=seg-8x16384 i=09 order=P,F full_us=8.440 p1only_us=6.100 pass2_us=2.340
SEG_SAMPLE case=seg-8x16384 i=10 order=F,P full_us=104.440 p1only_us=5.680 pass2_us=98.760
SEG_SAMPLE case=seg-8x16384 i=11 order=P,F full_us=8.060 p1only_us=5.960 pass2_us=2.100
SEG_SAMPLE case=seg-8x16384 i=12 order=F,P full_us=7.840 p1only_us=6.180 pass2_us=1.660
SEG_SAMPLE case=seg-8x16384 i=13 order=P,F full_us=8.420 p1only_us=5.880 pass2_us=2.540
SEG_SAMPLE case=seg-8x16384 i=14 order=F,P full_us=8.280 p1only_us=6.280 pass2_us=2.000
SEG_SAMPLE case=seg-8x16384 i=15 order=P,F full_us=7.680 p1only_us=5.620 pass2_us=2.060
SEG_SAMPLE case=seg-8x16384 i=16 order=F,P full_us=7.840 p1only_us=6.000 pass2_us=1.840
SEG_SAMPLE case=seg-8x16384 i=17 order=P,F full_us=7.960 p1only_us=5.660 pass2_us=2.300
SEG_SAMPLE case=seg-8x16384 i=18 order=F,P full_us=8.540 p1only_us=5.760 pass2_us=2.780
SEG_SAMPLE case=seg-8x16384 i=19 order=P,F full_us=7.980 p1only_us=5.680 pass2_us=2.300
SEG_SAMPLE case=seg-8x16384 i=20 order=F,P full_us=112.960 p1only_us=5.580 pass2_us=107.380
SEG_SAMPLE case=seg-8x16384 i=21 order=P,F full_us=7.720 p1only_us=5.480 pass2_us=2.240
SEG_SAMPLE case=seg-8x16384 i=22 order=F,P full_us=7.840 p1only_us=5.740 pass2_us=2.100
SEG_SAMPLE case=seg-8x16384 i=23 order=P,F full_us=7.600 p1only_us=5.800 pass2_us=1.800
SEG_SAMPLE case=seg-8x16384 i=24 order=F,P full_us=7.940 p1only_us=6.040 pass2_us=1.900
SEG_SAMPLE case=seg-8x16384 i=25 order=P,F full_us=8.260 p1only_us=6.140 pass2_us=2.120
SEG_SAMPLE case=seg-8x16384 i=26 order=F,P full_us=7.940 p1only_us=5.540 pass2_us=2.400
SEG_SAMPLE case=seg-8x16384 i=27 order=P,F full_us=8.340 p1only_us=5.860 pass2_us=2.480
SEG_SAMPLE case=seg-8x16384 i=28 order=F,P full_us=7.980 p1only_us=5.800 pass2_us=2.180
SEG_SAMPLE case=seg-8x16384 i=29 order=P,F full_us=7.880 p1only_us=5.940 pass2_us=1.940
SEG_SAMPLE case=seg-8x16384 i=30 order=F,P full_us=8.060 p1only_us=5.620 pass2_us=2.440
SEG_RESULT case=seg-8x16384 rows=8 width=16384 full_median_us=8.040 p1only_median_us=5.900 pass2_median_us=2.120 p1_share=0.7338 p2_share=0.2637 samples=31
SEG_SAMPLE case=seg-2x16384 i=00 order=F,P full_us=132.480 p1only_us=5.520 pass2_us=126.960
SEG_SAMPLE case=seg-2x16384 i=01 order=P,F full_us=154.300 p1only_us=5.240 pass2_us=149.060
SEG_SAMPLE case=seg-2x16384 i=02 order=F,P full_us=7.920 p1only_us=140.440 pass2_us=-132.520
SEG_SAMPLE case=seg-2x16384 i=03 order=P,F full_us=7.680 p1only_us=5.080 pass2_us=2.600
SEG_SAMPLE case=seg-2x16384 i=04 order=F,P full_us=7.760 p1only_us=51.540 pass2_us=-43.780
SEG_SAMPLE case=seg-2x16384 i=05 order=P,F full_us=100.080 p1only_us=5.300 pass2_us=94.780
SEG_SAMPLE case=seg-2x16384 i=06 order=F,P full_us=69.420 p1only_us=5.100 pass2_us=64.320
SEG_SAMPLE case=seg-2x16384 i=07 order=P,F full_us=7.100 p1only_us=5.420 pass2_us=1.680
SEG_SAMPLE case=seg-2x16384 i=08 order=F,P full_us=7.440 p1only_us=5.400 pass2_us=2.040
SEG_SAMPLE case=seg-2x16384 i=09 order=P,F full_us=7.660 p1only_us=5.220 pass2_us=2.440
SEG_SAMPLE case=seg-2x16384 i=10 order=F,P full_us=7.400 p1only_us=5.340 pass2_us=2.060
SEG_SAMPLE case=seg-2x16384 i=11 order=P,F full_us=7.800 p1only_us=5.600 pass2_us=2.200
SEG_SAMPLE case=seg-2x16384 i=12 order=F,P full_us=7.580 p1only_us=49.360 pass2_us=-41.780
SEG_SAMPLE case=seg-2x16384 i=13 order=P,F full_us=69.960 p1only_us=49.260 pass2_us=20.700
SEG_SAMPLE case=seg-2x16384 i=14 order=F,P full_us=134.100 p1only_us=55.780 pass2_us=78.320
SEG_SAMPLE case=seg-2x16384 i=15 order=P,F full_us=7.420 p1only_us=5.500 pass2_us=1.920
SEG_SAMPLE case=seg-2x16384 i=16 order=F,P full_us=7.360 p1only_us=170.800 pass2_us=-163.440
SEG_SAMPLE case=seg-2x16384 i=17 order=P,F full_us=7.660 p1only_us=5.360 pass2_us=2.300
SEG_SAMPLE case=seg-2x16384 i=18 order=F,P full_us=7.300 p1only_us=4.980 pass2_us=2.320
SEG_SAMPLE case=seg-2x16384 i=19 order=P,F full_us=101.840 p1only_us=5.240 pass2_us=96.600
SEG_SAMPLE case=seg-2x16384 i=20 order=F,P full_us=29.760 p1only_us=5.080 pass2_us=24.680
SEG_SAMPLE case=seg-2x16384 i=21 order=P,F full_us=7.360 p1only_us=5.060 pass2_us=2.300
SEG_SAMPLE case=seg-2x16384 i=22 order=F,P full_us=7.460 p1only_us=5.560 pass2_us=1.900
SEG_SAMPLE case=seg-2x16384 i=23 order=P,F full_us=6.980 p1only_us=5.380 pass2_us=1.600
SEG_SAMPLE case=seg-2x16384 i=24 order=F,P full_us=7.020 p1only_us=4.980 pass2_us=2.040
SEG_SAMPLE case=seg-2x16384 i=25 order=P,F full_us=7.240 p1only_us=5.140 pass2_us=2.100
SEG_SAMPLE case=seg-2x16384 i=26 order=F,P full_us=7.320 p1only_us=4.680 pass2_us=2.640
SEG_SAMPLE case=seg-2x16384 i=27 order=P,F full_us=7.320 p1only_us=5.060 pass2_us=2.260
SEG_SAMPLE case=seg-2x16384 i=28 order=F,P full_us=7.660 p1only_us=5.560 pass2_us=2.100
SEG_SAMPLE case=seg-2x16384 i=29 order=P,F full_us=7.640 p1only_us=5.660 pass2_us=1.980
SEG_SAMPLE case=seg-2x16384 i=30 order=F,P full_us=7.720 p1only_us=5.280 pass2_us=2.440
SEG_RESULT case=seg-2x16384 rows=2 width=16384 full_median_us=7.660 p1only_median_us=5.360 pass2_median_us=2.260 p1_share=0.6997 p2_share=0.2950 samples=31
SEG_RUNNER_COMPLETE device=4 cases=5 warmup=45 samples=31 method=DEVICE_EVENT subtraction=full_minus_p1only
