V046_LOCAL_START_UTC=2026-10-07T19:26:23.553034164Z
HOST=hwnput3
DEVICE=4
PARENT=R31B-V011
DTYPE=FP32
SHAPES=128x4616
PAIRS=6
PAIR_ORDER=odd:PARENT/CANDIDATE,even:CANDIDATE/PARENT
WARMUP=45
SAMPLES_PER_BLOCK=31
BLOCKS=2
BATCH_N=64
GAP_SEC=0
PARTIAL_CORRECTNESS=YES
LOCAL_SCORE_COMPARABLE_TO_OFFICIAL=NO
RUN_BEGIN_UTC=2026-10-07T19:26:23.559219729Z
RUN_BEGIN shape=128x4616 pair=1 order=parent_candidate side=parent binary=本地实验/R-W4-4/V046/partial-ranking/stage/build-v046/clx_ref_parent_probe
RUN_END rc=0 shape=128x4616 pair=1 side=parent prefix=本地实验/R-W4-4/V046/partial-ranking/local-pair01-parent-r128-w4616-fp32
RUN_BEGIN_UTC=2026-10-07T19:26:30.099908484Z
RUN_BEGIN shape=128x4616 pair=1 order=parent_candidate side=candidate binary=本地实验/R-W4-4/V046/partial-ranking/stage/build-v046/clx_ref_candidate_probe
RUN_END rc=0 shape=128x4616 pair=1 side=candidate prefix=本地实验/R-W4-4/V046/partial-ranking/local-pair01-candidate-r128-w4616-fp32
RUN_BEGIN_UTC=2026-10-07T19:26:37.602602376Z
RUN_BEGIN shape=128x4616 pair=2 order=candidate_parent side=candidate binary=本地实验/R-W4-4/V046/partial-ranking/stage/build-v046/clx_ref_candidate_probe
RUN_END rc=0 shape=128x4616 pair=2 side=candidate prefix=本地实验/R-W4-4/V046/partial-ranking/local-pair02-candidate-r128-w4616-fp32
RUN_BEGIN_UTC=2026-10-07T19:26:44.162034015Z
RUN_BEGIN shape=128x4616 pair=2 order=candidate_parent side=parent binary=本地实验/R-W4-4/V046/partial-ranking/stage/build-v046/clx_ref_parent_probe
RUN_END rc=0 shape=128x4616 pair=2 side=parent prefix=本地实验/R-W4-4/V046/partial-ranking/local-pair02-parent-r128-w4616-fp32
RUN_BEGIN_UTC=2026-10-07T19:26:52.296785488Z
RUN_BEGIN shape=128x4616 pair=3 order=parent_candidate side=parent binary=本地实验/R-W4-4/V046/partial-ranking/stage/build-v046/clx_ref_parent_probe
RUN_END rc=0 shape=128x4616 pair=3 side=parent prefix=本地实验/R-W4-4/V046/partial-ranking/local-pair03-parent-r128-w4616-fp32
RUN_BEGIN_UTC=2026-10-07T19:26:58.663129300Z
RUN_BEGIN shape=128x4616 pair=3 order=parent_candidate side=candidate binary=本地实验/R-W4-4/V046/partial-ranking/stage/build-v046/clx_ref_candidate_probe
RUN_END rc=0 shape=128x4616 pair=3 side=candidate prefix=本地实验/R-W4-4/V046/partial-ranking/local-pair03-candidate-r128-w4616-fp32
RUN_BEGIN_UTC=2026-10-07T19:27:05.608405484Z
RUN_BEGIN shape=128x4616 pair=4 order=candidate_parent side=candidate binary=本地实验/R-W4-4/V046/partial-ranking/stage/build-v046/clx_ref_candidate_probe
RUN_END rc=0 shape=128x4616 pair=4 side=candidate prefix=本地实验/R-W4-4/V046/partial-ranking/local-pair04-candidate-r128-w4616-fp32
RUN_BEGIN_UTC=2026-10-07T19:27:12.774268678Z
RUN_BEGIN shape=128x4616 pair=4 order=candidate_parent side=parent binary=本地实验/R-W4-4/V046/partial-ranking/stage/build-v046/clx_ref_parent_probe
RUN_END rc=0 shape=128x4616 pair=4 side=parent prefix=本地实验/R-W4-4/V046/partial-ranking/local-pair04-parent-r128-w4616-fp32
RUN_BEGIN_UTC=2026-10-07T19:27:19.737695996Z
RUN_BEGIN shape=128x4616 pair=5 order=parent_candidate side=parent binary=本地实验/R-W4-4/V046/partial-ranking/stage/build-v046/clx_ref_parent_probe
RUN_END rc=0 shape=128x4616 pair=5 side=parent prefix=本地实验/R-W4-4/V046/partial-ranking/local-pair05-parent-r128-w4616-fp32
RUN_BEGIN_UTC=2026-10-07T19:27:26.278522434Z
RUN_BEGIN shape=128x4616 pair=5 order=parent_candidate side=candidate binary=本地实验/R-W4-4/V046/partial-ranking/stage/build-v046/clx_ref_candidate_probe
RUN_END rc=0 shape=128x4616 pair=5 side=candidate prefix=本地实验/R-W4-4/V046/partial-ranking/local-pair05-candidate-r128-w4616-fp32
RUN_BEGIN_UTC=2026-10-07T19:27:33.612343847Z
RUN_BEGIN shape=128x4616 pair=6 order=candidate_parent side=candidate binary=本地实验/R-W4-4/V046/partial-ranking/stage/build-v046/clx_ref_candidate_probe
RUN_END rc=0 shape=128x4616 pair=6 side=candidate prefix=本地实验/R-W4-4/V046/partial-ranking/local-pair06-candidate-r128-w4616-fp32
RUN_BEGIN_UTC=2026-10-07T19:27:40.594641383Z
RUN_BEGIN shape=128x4616 pair=6 order=candidate_parent side=parent binary=本地实验/R-W4-4/V046/partial-ranking/stage/build-v046/clx_ref_parent_probe
RUN_END rc=0 shape=128x4616 pair=6 side=parent prefix=本地实验/R-W4-4/V046/partial-ranking/local-pair06-parent-r128-w4616-fp32
V046_LOCAL_END_UTC=2026-10-07T19:27:48.519511728Z
