SNAPSHOT_UTC=20261008T160846Z
HOST=hwnput3

DEVICE_MAP
	NPU ID                         Chip ID                        Chip Logic ID                  Chip Name                     
	0                              0                              0                              Ascend 910B3
	0                              1                              -                              Mcu                           
	1                              0                              1                              Ascend 910B3
	1                              1                              -                              Mcu                           
	2                              0                              2                              Ascend 910B3
	2                              1                              -                              Mcu                           
	3                              0                              3                              Ascend 910B3
	3                              1                              -                              Mcu                           
	4                              0                              4                              Ascend 910B3
	4                              1                              -                              Mcu                           
	5                              0                              5                              Ascend 910B3
	5                              1                              -                              Mcu                           
	6                              0                              6                              Ascend 910B3
	6                              1                              -                              Mcu                           
	7                              0                              7                              Ascend 910B3
	7                              1                              -                              Mcu                           

===== DEVICE 0 USAGES =====
	NPU ID                         : 0
	Chip Count                     : 1

	DDR Capacity(MB)               : 0
	DDR Usage Rate(%)              : 0
	DDR Hugepages Total(page)      : 0
	DDR Hugepages Usage Rate(%)    : 0
	HBM Capacity(MB)               : 65536
	HBM Usage Rate(%)              : 13
	Aicore Usage Rate(%)           : 0
	Aivector Usage Rate(%)         : 2
	Aicpu Usage Rate(%)            : 0
	Ctrlcpu Usage Rate(%)          : 4
	DDR Bandwidth Usage Rate(%)    : 0
	HBM Bandwidth Usage Rate(%)    : 0
	Chip ID                        : 0


===== DEVICE 0 MEMORY =====
	NPU ID                         : 0
	Chip Count                     : 1

	DDR Capacity(MB)               : 0
	DDR Clock Speed(MHz)           : 0
	HBM Capacity(MB)               : 65536
	HBM Clock Speed(MHz)           : 1600
	HBM Temperature(C)             : 38
	HBM Manufacturer ID            : 0x57
	Chip ID                        : 0


===== DEVICE 0 PROCESS MEMORY =====
	NPU ID                         : 0
	Chip Count                     : 1

	Process id:251901  Process name:python            Process memory(MB):5752
	Chip ID                        : 0


===== DEVICE 1 USAGES =====
	NPU ID                         : 1
	Chip Count                     : 1

	DDR Capacity(MB)               : 0
	DDR Usage Rate(%)              : 0
	DDR Hugepages Total(page)      : 0
	DDR Hugepages Usage Rate(%)    : 0
	HBM Capacity(MB)               : 65536
	HBM Usage Rate(%)              : 37
	Aicore Usage Rate(%)           : 24
	Aivector Usage Rate(%)         : 51
	Aicpu Usage Rate(%)            : 0
	Ctrlcpu Usage Rate(%)          : 5
	DDR Bandwidth Usage Rate(%)    : 0
	HBM Bandwidth Usage Rate(%)    : 52
	Chip ID                        : 0


===== DEVICE 1 MEMORY =====
	NPU ID                         : 1
	Chip Count                     : 1

	DDR Capacity(MB)               : 0
	DDR Clock Speed(MHz)           : 0
	HBM Capacity(MB)               : 65536
	HBM Clock Speed(MHz)           : 1600
	HBM Temperature(C)             : 53
	HBM Manufacturer ID            : 0x57
	Chip ID                        : 0


===== DEVICE 1 PROCESS MEMORY =====
	NPU ID                         : 1
	Chip Count                     : 1

	Process id:3150467 Process name:python            Process memory(MB):5748
	Process id:203339  Process name:python            Process memory(MB):15199
	Chip ID                        : 0


===== DEVICE 2 USAGES =====
	NPU ID                         : 2
	Chip Count                     : 1

	DDR Capacity(MB)               : 0
	DDR Usage Rate(%)              : 0
	DDR Hugepages Total(page)      : 0
	DDR Hugepages Usage Rate(%)    : 0
	HBM Capacity(MB)               : 65536
	HBM Usage Rate(%)              : 5
	Aicore Usage Rate(%)           : 0
	Aivector Usage Rate(%)         : 0
	Aicpu Usage Rate(%)            : 0
	Ctrlcpu Usage Rate(%)          : 2
	DDR Bandwidth Usage Rate(%)    : 0
	HBM Bandwidth Usage Rate(%)    : 0
	Chip ID                        : 0


===== DEVICE 2 MEMORY =====
	NPU ID                         : 2
	Chip Count                     : 1

	DDR Capacity(MB)               : 0
	DDR Clock Speed(MHz)           : 0
	HBM Capacity(MB)               : 65536
	HBM Clock Speed(MHz)           : 1600
	HBM Temperature(C)             : 38
	HBM Manufacturer ID            : 0x57
	Chip ID                        : 0


===== DEVICE 2 PROCESS MEMORY =====
	NPU ID                         : 2
	Chip Count                     : 1

	No process in device.
	Chip ID                        : 0


===== DEVICE 3 USAGES =====
	NPU ID                         : 3
	Chip Count                     : 1

	DDR Capacity(MB)               : 0
	DDR Usage Rate(%)              : 0
	DDR Hugepages Total(page)      : 0
	DDR Hugepages Usage Rate(%)    : 0
	HBM Capacity(MB)               : 65536
	HBM Usage Rate(%)              : 5
	Aicore Usage Rate(%)           : 0
	Aivector Usage Rate(%)         : 0
	Aicpu Usage Rate(%)            : 0
	Ctrlcpu Usage Rate(%)          : 6
	DDR Bandwidth Usage Rate(%)    : 0
	HBM Bandwidth Usage Rate(%)    : 0
	Chip ID                        : 0


===== DEVICE 3 MEMORY =====
	NPU ID                         : 3
	Chip Count                     : 1

	DDR Capacity(MB)               : 0
	DDR Clock Speed(MHz)           : 0
	HBM Capacity(MB)               : 65536
	HBM Clock Speed(MHz)           : 1600
	HBM Temperature(C)             : 36
	HBM Manufacturer ID            : 0x57
	Chip ID                        : 0


===== DEVICE 3 PROCESS MEMORY =====
	NPU ID                         : 3
	Chip Count                     : 1

	No process in device.
	Chip ID                        : 0


===== DEVICE 4 USAGES =====
	NPU ID                         : 4
	Chip Count                     : 1

	DDR Capacity(MB)               : 0
	DDR Usage Rate(%)              : 0
	DDR Hugepages Total(page)      : 0
	DDR Hugepages Usage Rate(%)    : 0
	HBM Capacity(MB)               : 65536
	HBM Usage Rate(%)              : 90
	Aicore Usage Rate(%)           : 59
	Aivector Usage Rate(%)         : 35
	Aicpu Usage Rate(%)            : 0
	Ctrlcpu Usage Rate(%)          : 3
	DDR Bandwidth Usage Rate(%)    : 0
	HBM Bandwidth Usage Rate(%)    : 63
	Chip ID                        : 0


===== DEVICE 4 MEMORY =====
	NPU ID                         : 4
	Chip Count                     : 1

	DDR Capacity(MB)               : 0
	DDR Clock Speed(MHz)           : 0
	HBM Capacity(MB)               : 65536
	HBM Clock Speed(MHz)           : 1600
	HBM Temperature(C)             : 65
	HBM Manufacturer ID            : 0x57
	Chip ID                        : 0


===== DEVICE 4 PROCESS MEMORY =====
	NPU ID                         : 4
	Chip Count                     : 1

	Process id:2999855 Process name:VLLMEngineCor     Process memory(MB):55666
	Chip ID                        : 0


===== DEVICE 5 USAGES =====
	NPU ID                         : 5
	Chip Count                     : 1

	DDR Capacity(MB)               : 0
	DDR Usage Rate(%)              : 0
	DDR Hugepages Total(page)      : 0
	DDR Hugepages Usage Rate(%)    : 0
	HBM Capacity(MB)               : 65536
	HBM Usage Rate(%)              : 91
	Aicore Usage Rate(%)           : 42
	Aivector Usage Rate(%)         : 43
	Aicpu Usage Rate(%)            : 0
	Ctrlcpu Usage Rate(%)          : 6
	DDR Bandwidth Usage Rate(%)    : 0
	HBM Bandwidth Usage Rate(%)    : 0
	Chip ID                        : 0


===== DEVICE 5 MEMORY =====
	NPU ID                         : 5
	Chip Count                     : 1

	DDR Capacity(MB)               : 0
	DDR Clock Speed(MHz)           : 0
	HBM Capacity(MB)               : 65536
	HBM Clock Speed(MHz)           : 1600
	HBM Temperature(C)             : 54
	HBM Manufacturer ID            : 0x57
	Chip ID                        : 0


===== DEVICE 5 PROCESS MEMORY =====
	NPU ID                         : 5
	Chip Count                     : 1

	Process id:89602   Process name:VLLMWorker_TP     Process memory(MB):56700
	Chip ID                        : 0


===== DEVICE 6 USAGES =====
	NPU ID                         : 6
	Chip Count                     : 1

	DDR Capacity(MB)               : 0
	DDR Usage Rate(%)              : 0
	DDR Hugepages Total(page)      : 0
	DDR Hugepages Usage Rate(%)    : 0
	HBM Capacity(MB)               : 65536
	HBM Usage Rate(%)              : 91
	Aicore Usage Rate(%)           : 44
	Aivector Usage Rate(%)         : 25
	Aicpu Usage Rate(%)            : 0
	Ctrlcpu Usage Rate(%)          : 5
	DDR Bandwidth Usage Rate(%)    : 0
	HBM Bandwidth Usage Rate(%)    : 4
	Chip ID                        : 0


===== DEVICE 6 MEMORY =====
	NPU ID                         : 6
	Chip Count                     : 1

	DDR Capacity(MB)               : 0
	DDR Clock Speed(MHz)           : 0
	HBM Capacity(MB)               : 65536
	HBM Clock Speed(MHz)           : 1600
	HBM Temperature(C)             : 56
	HBM Manufacturer ID            : 0x57
	Chip ID                        : 0


===== DEVICE 6 PROCESS MEMORY =====
	NPU ID                         : 6
	Chip Count                     : 1

	Process id:91228   Process name:VLLMWorker_TP     Process memory(MB):56701
	Chip ID                        : 0


===== DEVICE 7 USAGES =====
	NPU ID                         : 7
	Chip Count                     : 1

	DDR Capacity(MB)               : 0
	DDR Usage Rate(%)              : 0
	DDR Hugepages Total(page)      : 0
	DDR Hugepages Usage Rate(%)    : 0
	HBM Capacity(MB)               : 65536
	HBM Usage Rate(%)              : 37
	Aicore Usage Rate(%)           : 0
	Aivector Usage Rate(%)         : 59
	Aicpu Usage Rate(%)            : 0
	Ctrlcpu Usage Rate(%)          : 4
	DDR Bandwidth Usage Rate(%)    : 0
	HBM Bandwidth Usage Rate(%)    : 0
	Chip ID                        : 0


===== DEVICE 7 MEMORY =====
	NPU ID                         : 7
	Chip Count                     : 1

	DDR Capacity(MB)               : 0
	DDR Clock Speed(MHz)           : 0
	HBM Capacity(MB)               : 65536
	HBM Clock Speed(MHz)           : 1600
	HBM Temperature(C)             : 44
	HBM Manufacturer ID            : 0x57
	Chip ID                        : 0


===== DEVICE 7 PROCESS MEMORY =====
	NPU ID                         : 7
	Chip Count                     : 1

	Process id:439848  Process name:python3           Process memory(MB):21260
	Chip ID                        : 0

