REVISION=V110
DEVICE=3
PARENT_SHA256=a8c19a1972207acc67e3fb0cd393cc70b0a4b183d1eaf5610edf80c2879b15e3
CANDIDATE_SHA256=7ea92a5921239f127218b968c298012577491bf1b0ef337d7b6561b9f295c3c4
DTYPE=FP32
SHAPES=128x916,128x920,128x924
PAIRS=6
ORDER=odd PARENT,CANDIDATE; even CANDIDATE,PARENT
WARMUP=45 SAMPLES_PER_BLOCK=31 BLOCKS=2 GAP_SEC=0 BATCH_N=64
LOCAL_START_UTC=2026-10-08T23:57:51.173137714Z
INVOCATION_START_UTC=2026-10-08T23:57:52.387382076Z
PAIR=01 WIDTH=916 SIDE=parent
INVOCATION_END_UTC=2026-10-08T23:57:59.715951755Z
PAIR=01 WIDTH=916 SIDE=parent RC=0 REF_HARNESS device=3 shape=128x916 dtype=0 warmup=45 samples=31 blocks=2 bad=0 
INVOCATION_START_UTC=2026-10-08T23:57:59.721668148Z
PAIR=01 WIDTH=916 SIDE=candidate
INVOCATION_END_UTC=2026-10-08T23:58:06.079412054Z
PAIR=01 WIDTH=916 SIDE=candidate RC=0 REF_HARNESS device=3 shape=128x916 dtype=0 warmup=45 samples=31 blocks=2 bad=0 
PAIR_COMPLETE=01 WIDTH=916 UTC=2026-10-08T23:58:07.316488894Z
INVOCATION_START_UTC=2026-10-08T23:58:08.510985421Z
PAIR=02 WIDTH=916 SIDE=candidate
INVOCATION_END_UTC=2026-10-08T23:58:15.455519460Z
PAIR=02 WIDTH=916 SIDE=candidate RC=0 REF_HARNESS device=3 shape=128x916 dtype=0 warmup=45 samples=31 blocks=2 bad=0 
INVOCATION_START_UTC=2026-10-08T23:58:15.460462135Z
PAIR=02 WIDTH=916 SIDE=parent
INVOCATION_END_UTC=2026-10-08T23:58:21.813630707Z
PAIR=02 WIDTH=916 SIDE=parent RC=0 REF_HARNESS device=3 shape=128x916 dtype=0 warmup=45 samples=31 blocks=2 bad=0 
PAIR_COMPLETE=02 WIDTH=916 UTC=2026-10-08T23:58:22.978642379Z
INVOCATION_START_UTC=2026-10-08T23:58:24.133692656Z
PAIR=03 WIDTH=916 SIDE=parent
INVOCATION_END_UTC=2026-10-08T23:58:31.084562912Z
PAIR=03 WIDTH=916 SIDE=parent RC=0 REF_HARNESS device=3 shape=128x916 dtype=0 warmup=45 samples=31 blocks=2 bad=0 
INVOCATION_START_UTC=2026-10-08T23:58:31.089547518Z
PAIR=03 WIDTH=916 SIDE=candidate
INVOCATION_END_UTC=2026-10-08T23:58:37.632248926Z
PAIR=03 WIDTH=916 SIDE=candidate RC=0 REF_HARNESS device=3 shape=128x916 dtype=0 warmup=45 samples=31 blocks=2 bad=0 
PAIR_COMPLETE=03 WIDTH=916 UTC=2026-10-08T23:58:38.794670396Z
INVOCATION_START_UTC=2026-10-08T23:58:39.962985216Z
PAIR=04 WIDTH=916 SIDE=candidate
INVOCATION_END_UTC=2026-10-08T23:58:46.713140372Z
PAIR=04 WIDTH=916 SIDE=candidate RC=0 REF_HARNESS device=3 shape=128x916 dtype=0 warmup=45 samples=31 blocks=2 bad=0 
INVOCATION_START_UTC=2026-10-08T23:58:46.717756413Z
PAIR=04 WIDTH=916 SIDE=parent
INVOCATION_END_UTC=2026-10-08T23:58:53.279679604Z
PAIR=04 WIDTH=916 SIDE=parent RC=0 REF_HARNESS device=3 shape=128x916 dtype=0 warmup=45 samples=31 blocks=2 bad=0 
PAIR_COMPLETE=04 WIDTH=916 UTC=2026-10-08T23:58:54.596573042Z
INVOCATION_START_UTC=2026-10-08T23:58:55.775141468Z
PAIR=05 WIDTH=916 SIDE=parent
INVOCATION_END_UTC=2026-10-08T23:59:02.136879067Z
PAIR=05 WIDTH=916 SIDE=parent RC=0 REF_HARNESS device=3 shape=128x916 dtype=0 warmup=45 samples=31 blocks=2 bad=0 
INVOCATION_START_UTC=2026-10-08T23:59:02.143743769Z
PAIR=05 WIDTH=916 SIDE=candidate
INVOCATION_END_UTC=2026-10-08T23:59:10.287327396Z
PAIR=05 WIDTH=916 SIDE=candidate RC=0 REF_HARNESS device=3 shape=128x916 dtype=0 warmup=45 samples=31 blocks=2 bad=0 
PAIR_COMPLETE=05 WIDTH=916 UTC=2026-10-08T23:59:11.475139809Z
INVOCATION_START_UTC=2026-10-08T23:59:12.743984407Z
PAIR=06 WIDTH=916 SIDE=candidate
INVOCATION_END_UTC=2026-10-08T23:59:19.417313507Z
PAIR=06 WIDTH=916 SIDE=candidate RC=0 REF_HARNESS device=3 shape=128x916 dtype=0 warmup=45 samples=31 blocks=2 bad=0 
INVOCATION_START_UTC=2026-10-08T23:59:19.426418778Z
PAIR=06 WIDTH=916 SIDE=parent
INVOCATION_END_UTC=2026-10-08T23:59:26.371955428Z
PAIR=06 WIDTH=916 SIDE=parent RC=0 REF_HARNESS device=3 shape=128x916 dtype=0 warmup=45 samples=31 blocks=2 bad=0 
PAIR_COMPLETE=06 WIDTH=916 UTC=2026-10-08T23:59:27.571748003Z
INVOCATION_START_UTC=2026-10-08T23:59:28.883794349Z
PAIR=01 WIDTH=920 SIDE=parent
INVOCATION_END_UTC=2026-10-08T23:59:35.233841019Z
PAIR=01 WIDTH=920 SIDE=parent RC=0 REF_HARNESS device=3 shape=128x920 dtype=0 warmup=45 samples=31 blocks=2 bad=0 
INVOCATION_START_UTC=2026-10-08T23:59:35.272192551Z
PAIR=01 WIDTH=920 SIDE=candidate
INVOCATION_END_UTC=2026-10-08T23:59:43.259862112Z
PAIR=01 WIDTH=920 SIDE=candidate RC=0 REF_HARNESS device=3 shape=128x920 dtype=0 warmup=45 samples=31 blocks=2 bad=0 
PAIR_COMPLETE=01 WIDTH=920 UTC=2026-10-08T23:59:44.413345397Z
INVOCATION_START_UTC=2026-10-08T23:59:45.641272453Z
PAIR=02 WIDTH=920 SIDE=candidate
INVOCATION_END_UTC=2026-10-08T23:59:52.235881174Z
PAIR=02 WIDTH=920 SIDE=candidate RC=0 REF_HARNESS device=3 shape=128x920 dtype=0 warmup=45 samples=31 blocks=2 bad=0 
INVOCATION_START_UTC=2026-10-08T23:59:52.242286181Z
PAIR=02 WIDTH=920 SIDE=parent
INVOCATION_END_UTC=2026-10-08T23:59:59.930692951Z
PAIR=02 WIDTH=920 SIDE=parent RC=0 REF_HARNESS device=3 shape=128x920 dtype=0 warmup=45 samples=31 blocks=2 bad=0 
PAIR_COMPLETE=02 WIDTH=920 UTC=2026-10-09T00:00:01.186004407Z
INVOCATION_START_UTC=2026-10-09T00:00:02.382902922Z
PAIR=03 WIDTH=920 SIDE=parent
INVOCATION_END_UTC=2026-10-09T00:00:09.372897209Z
PAIR=03 WIDTH=920 SIDE=parent RC=0 REF_HARNESS device=3 shape=128x920 dtype=0 warmup=45 samples=31 blocks=2 bad=0 
INVOCATION_START_UTC=2026-10-09T00:00:09.379216295Z
PAIR=03 WIDTH=920 SIDE=candidate
INVOCATION_END_UTC=2026-10-09T00:00:16.907136851Z
PAIR=03 WIDTH=920 SIDE=candidate RC=0 REF_HARNESS device=3 shape=128x920 dtype=0 warmup=45 samples=31 blocks=2 bad=0 
PAIR_COMPLETE=03 WIDTH=920 UTC=2026-10-09T00:00:18.094601582Z
INVOCATION_START_UTC=2026-10-09T00:00:19.285890023Z
PAIR=04 WIDTH=920 SIDE=candidate
INVOCATION_END_UTC=2026-10-09T00:00:26.815569776Z
PAIR=04 WIDTH=920 SIDE=candidate RC=0 REF_HARNESS device=3 shape=128x920 dtype=0 warmup=45 samples=31 blocks=2 bad=0 
INVOCATION_START_UTC=2026-10-09T00:00:26.820867562Z
PAIR=04 WIDTH=920 SIDE=parent
INVOCATION_END_UTC=2026-10-09T00:00:33.571353190Z
PAIR=04 WIDTH=920 SIDE=parent RC=0 REF_HARNESS device=3 shape=128x920 dtype=0 warmup=45 samples=31 blocks=2 bad=0 
PAIR_COMPLETE=04 WIDTH=920 UTC=2026-10-09T00:00:34.750020342Z
INVOCATION_START_UTC=2026-10-09T00:00:36.012105635Z
PAIR=05 WIDTH=920 SIDE=parent
INVOCATION_END_UTC=2026-10-09T00:00:42.558723804Z
PAIR=05 WIDTH=920 SIDE=parent RC=0 REF_HARNESS device=3 shape=128x920 dtype=0 warmup=45 samples=31 blocks=2 bad=0 
INVOCATION_START_UTC=2026-10-09T00:00:42.565566144Z
PAIR=05 WIDTH=920 SIDE=candidate
INVOCATION_END_UTC=2026-10-09T00:00:49.315853283Z
PAIR=05 WIDTH=920 SIDE=candidate RC=0 REF_HARNESS device=3 shape=128x920 dtype=0 warmup=45 samples=31 blocks=2 bad=0 
PAIR_COMPLETE=05 WIDTH=920 UTC=2026-10-09T00:00:50.482044138Z
INVOCATION_START_UTC=2026-10-09T00:00:51.697948856Z
PAIR=06 WIDTH=920 SIDE=candidate
INVOCATION_END_UTC=2026-10-09T00:00:58.449547744Z
PAIR=06 WIDTH=920 SIDE=candidate RC=0 REF_HARNESS device=3 shape=128x920 dtype=0 warmup=45 samples=31 blocks=2 bad=0 
INVOCATION_START_UTC=2026-10-09T00:00:58.454540898Z
PAIR=06 WIDTH=920 SIDE=parent
INVOCATION_END_UTC=2026-10-09T00:01:05.001055904Z
PAIR=06 WIDTH=920 SIDE=parent RC=0 REF_HARNESS device=3 shape=128x920 dtype=0 warmup=45 samples=31 blocks=2 bad=0 
PAIR_COMPLETE=06 WIDTH=920 UTC=2026-10-09T00:01:06.208275052Z
INVOCATION_START_UTC=2026-10-09T00:01:07.347353651Z
PAIR=01 WIDTH=924 SIDE=parent
INVOCATION_END_UTC=2026-10-09T00:01:14.689413733Z
PAIR=01 WIDTH=924 SIDE=parent RC=0 REF_HARNESS device=3 shape=128x924 dtype=0 warmup=45 samples=31 blocks=2 bad=0 
INVOCATION_START_UTC=2026-10-09T00:01:14.695453935Z
PAIR=01 WIDTH=924 SIDE=candidate
INVOCATION_END_UTC=2026-10-09T00:01:21.618779379Z
PAIR=01 WIDTH=924 SIDE=candidate RC=0 REF_HARNESS device=3 shape=128x924 dtype=0 warmup=45 samples=31 blocks=2 bad=0 
PAIR_COMPLETE=01 WIDTH=924 UTC=2026-10-09T00:01:22.802776756Z
INVOCATION_START_UTC=2026-10-09T00:01:23.983655814Z
PAIR=02 WIDTH=924 SIDE=candidate
INVOCATION_END_UTC=2026-10-09T00:01:30.948336436Z
PAIR=02 WIDTH=924 SIDE=candidate RC=0 REF_HARNESS device=3 shape=128x924 dtype=0 warmup=45 samples=31 blocks=2 bad=0 
INVOCATION_START_UTC=2026-10-09T00:01:30.961680522Z
PAIR=02 WIDTH=924 SIDE=parent
INVOCATION_END_UTC=2026-10-09T00:01:37.729771790Z
PAIR=02 WIDTH=924 SIDE=parent RC=0 REF_HARNESS device=3 shape=128x924 dtype=0 warmup=45 samples=31 blocks=2 bad=0 
PAIR_COMPLETE=02 WIDTH=924 UTC=2026-10-09T00:01:38.899133055Z
INVOCATION_START_UTC=2026-10-09T00:01:40.099886360Z
PAIR=03 WIDTH=924 SIDE=parent
INVOCATION_END_UTC=2026-10-09T00:01:47.105137039Z
PAIR=03 WIDTH=924 SIDE=parent RC=0 REF_HARNESS device=3 shape=128x924 dtype=0 warmup=45 samples=31 blocks=2 bad=0 
INVOCATION_START_UTC=2026-10-09T00:01:47.110168623Z
PAIR=03 WIDTH=924 SIDE=candidate
INVOCATION_END_UTC=2026-10-09T00:01:55.037644799Z
PAIR=03 WIDTH=924 SIDE=candidate RC=0 REF_HARNESS device=3 shape=128x924 dtype=0 warmup=45 samples=31 blocks=2 bad=0 
PAIR_COMPLETE=03 WIDTH=924 UTC=2026-10-09T00:01:56.161799247Z
INVOCATION_START_UTC=2026-10-09T00:01:57.402700932Z
PAIR=04 WIDTH=924 SIDE=candidate
INVOCATION_END_UTC=2026-10-09T00:02:05.124793713Z
PAIR=04 WIDTH=924 SIDE=candidate RC=0 REF_HARNESS device=3 shape=128x924 dtype=0 warmup=45 samples=31 blocks=2 bad=0 
INVOCATION_START_UTC=2026-10-09T00:02:05.131228119Z
PAIR=04 WIDTH=924 SIDE=parent
INVOCATION_END_UTC=2026-10-09T00:02:11.663280064Z
PAIR=04 WIDTH=924 SIDE=parent RC=0 REF_HARNESS device=3 shape=128x924 dtype=0 warmup=45 samples=31 blocks=2 bad=0 
PAIR_COMPLETE=04 WIDTH=924 UTC=2026-10-09T00:02:12.976973993Z
INVOCATION_START_UTC=2026-10-09T00:02:14.118502396Z
PAIR=05 WIDTH=924 SIDE=parent
INVOCATION_END_UTC=2026-10-09T00:02:20.661380724Z
PAIR=05 WIDTH=924 SIDE=parent RC=0 REF_HARNESS device=3 shape=128x924 dtype=0 warmup=45 samples=31 blocks=2 bad=0 
INVOCATION_START_UTC=2026-10-09T00:02:20.669975338Z
PAIR=05 WIDTH=924 SIDE=candidate
INVOCATION_END_UTC=2026-10-09T00:02:27.407932801Z
PAIR=05 WIDTH=924 SIDE=candidate RC=0 REF_HARNESS device=3 shape=128x924 dtype=0 warmup=45 samples=31 blocks=2 bad=0 
PAIR_COMPLETE=05 WIDTH=924 UTC=2026-10-09T00:02:28.596187548Z
INVOCATION_START_UTC=2026-10-09T00:02:29.725066603Z
PAIR=06 WIDTH=924 SIDE=candidate
INVOCATION_END_UTC=2026-10-09T00:02:36.667122906Z
PAIR=06 WIDTH=924 SIDE=candidate RC=0 REF_HARNESS device=3 shape=128x924 dtype=0 warmup=45 samples=31 blocks=2 bad=0 
INVOCATION_START_UTC=2026-10-09T00:02:36.671974798Z
PAIR=06 WIDTH=924 SIDE=parent
INVOCATION_END_UTC=2026-10-09T00:02:43.408318671Z
PAIR=06 WIDTH=924 SIDE=parent RC=0 REF_HARNESS device=3 shape=128x924 dtype=0 warmup=45 samples=31 blocks=2 bad=0 
PAIR_COMPLETE=06 WIDTH=924 UTC=2026-10-09T00:02:44.612020960Z
LOCAL_CAPTURE_END_UTC=2026-10-09T00:02:46.568376459Z
