=== REDUCE-HIER-X V005 compile 2026-09-28T21:44:58Z ===
SOURCE_SHA=fafd1a66253eb74051b12f285992fe157d79000d32d78a411623f986f103e58f
In file included from /home/data4t2/lelinfeng/phase4-workspaces/REDUCE-HIER-X/runner_ref_candidate.asc:2:
/home/data4t2/lelinfeng/phase4-workspaces/REDUCE-HIER-X/runner_ref.inc:256:21: warning: 'cce_global' attribute ignored when parsing type [-Wignored-attributes]
/usr/local/Ascend/ascend-toolkit/8.5.0.alpha002/compiler/tikcpp/tikcfw/impl/utils/kernel_utils_macros.h:18:17: note: expanded from macro 'GM_ADDR'
/usr/local/Ascend/ascend-toolkit/8.5.0.alpha002/aarch64-linux/ccec_compiler/lib/clang/15.0.5/include/__clang_cce_defines.h:47:31: note: expanded from macro '__gm__'
In file included from /home/data4t2/lelinfeng/phase4-workspaces/REDUCE-HIER-X/runner_ref_candidate.asc:2:
/home/data4t2/lelinfeng/phase4-workspaces/REDUCE-HIER-X/runner_ref.inc:385:57: warning: format specifies type 'int' but the argument has type 'int64_t' (aka 'long') [-Wformat]
6 warnings generated.
Warning: please refer to the above warning message. 
Warning: please refer to the above warning message. 
Warning: please refer to the above warning message. 
Warning: please refer to the above warning message. 
Warning: please refer to the above warning message. 
Warning: please refer to the above warning message. 
Warning: please refer to the above warning message. 
Warning: please refer to the above warning message. 
Warning: please refer to the above warning message. 
Warning: please refer to the above warning message. 
Warning: please refer to the above warning message. 
Warning: please refer to the above warning message. 
Warning: please refer to the above warning message. 
Warning: please refer to the above warning message. 
Warning: please refer to the above warning message. 
Warning: please refer to the above warning message. 
[100%] Linking ASC executable rhx_ref_candidate_probe
[100%] Built target rhx_ref_candidate_probe
BUILD_RC=0
rhx_candidate_probe 69018f93e2f866e9bfa6f3d36adb142c718474f6b0bfcf4e2c53fa9ec3bdeef4 479288
rhx_ref_candidate_probe 8ad825c9d6e7ea39b891aa44454dc7de22d73975ffbff30373d23189d5a8b3cd 487592
