[ 50%] Building ASC object CMakeFiles/clx_ref_parent_probe.dir/runner_ref_parent.asc.o
In file included from /home/data4t2/lelinfeng/cann-r-w4-4/本地实验/R-W4-4/V029/partial-ranking/stage/runner_ref_parent.asc:2:
/home/data4t2/lelinfeng/cann-r-w4-4/本地实验/R-W4-4/V029/partial-ranking/stage/runner_ref.inc:254:21: warning: 'cce_global' attribute ignored when parsing type [-Wignored-attributes]
        run_kernel((GM_ADDR)deviceX, infoX, (GM_ADDR)deviceR, infoR,
                    ^~~~~~~
/usr/local/Ascend/ascend-toolkit/8.5.0.alpha002/compiler/tikcpp/tikcfw/impl/utils/kernel_utils_macros.h:18:17: note: expanded from macro 'GM_ADDR'
#define GM_ADDR __gm__ uint8_t*
                ^~~~~~
/usr/local/Ascend/ascend-toolkit/8.5.0.alpha002/aarch64-linux/ccec_compiler/lib/clang/15.0.5/include/__clang_cce_defines.h:47:31: note: expanded from macro '__gm__'
#define __gm__ __attribute__((cce_global))
                              ^~~~~~~~~~
In file included from /home/data4t2/lelinfeng/cann-r-w4-4/本地实验/R-W4-4/V029/partial-ranking/stage/runner_ref_parent.asc:2:
/home/data4t2/lelinfeng/cann-r-w4-4/本地实验/R-W4-4/V029/partial-ranking/stage/runner_ref.inc:254:46: warning: 'cce_global' attribute ignored when parsing type [-Wignored-attributes]
        run_kernel((GM_ADDR)deviceX, infoX, (GM_ADDR)deviceR, infoR,
                                             ^~~~~~~
/usr/local/Ascend/ascend-toolkit/8.5.0.alpha002/compiler/tikcpp/tikcfw/impl/utils/kernel_utils_macros.h:18:17: note: expanded from macro 'GM_ADDR'
#define GM_ADDR __gm__ uint8_t*
                ^~~~~~
/usr/local/Ascend/ascend-toolkit/8.5.0.alpha002/aarch64-linux/ccec_compiler/lib/clang/15.0.5/include/__clang_cce_defines.h:47:31: note: expanded from macro '__gm__'
#define __gm__ __attribute__((cce_global))
                              ^~~~~~~~~~
In file included from /home/data4t2/lelinfeng/cann-r-w4-4/本地实验/R-W4-4/V029/partial-ranking/stage/runner_ref_parent.asc:2:
/home/data4t2/lelinfeng/cann-r-w4-4/本地实验/R-W4-4/V029/partial-ranking/stage/runner_ref.inc:255:21: warning: 'cce_global' attribute ignored when parsing type [-Wignored-attributes]
                   (GM_ADDR)deviceG, infoG, (GM_ADDR)deviceB, infoB,
                    ^~~~~~~
/usr/local/Ascend/ascend-toolkit/8.5.0.alpha002/compiler/tikcpp/tikcfw/impl/utils/kernel_utils_macros.h:18:17: note: expanded from macro 'GM_ADDR'
#define GM_ADDR __gm__ uint8_t*
                ^~~~~~
/usr/local/Ascend/ascend-toolkit/8.5.0.alpha002/aarch64-linux/ccec_compiler/lib/clang/15.0.5/include/__clang_cce_defines.h:47:31: note: expanded from macro '__gm__'
#define __gm__ __attribute__((cce_global))
                              ^~~~~~~~~~
In file included from /home/data4t2/lelinfeng/cann-r-w4-4/本地实验/R-W4-4/V029/partial-ranking/stage/runner_ref_parent.asc:2:
/home/data4t2/lelinfeng/cann-r-w4-4/本地实验/R-W4-4/V029/partial-ranking/stage/runner_ref.inc:255:46: warning: 'cce_global' attribute ignored when parsing type [-Wignored-attributes]
                   (GM_ADDR)deviceG, infoG, (GM_ADDR)deviceB, infoB,
                                             ^~~~~~~
/usr/local/Ascend/ascend-toolkit/8.5.0.alpha002/compiler/tikcpp/tikcfw/impl/utils/kernel_utils_macros.h:18:17: note: expanded from macro 'GM_ADDR'
#define GM_ADDR __gm__ uint8_t*
                ^~~~~~
/usr/local/Ascend/ascend-toolkit/8.5.0.alpha002/aarch64-linux/ccec_compiler/lib/clang/15.0.5/include/__clang_cce_defines.h:47:31: note: expanded from macro '__gm__'
#define __gm__ __attribute__((cce_global))
                              ^~~~~~~~~~
In file included from /home/data4t2/lelinfeng/cann-r-w4-4/本地实验/R-W4-4/V029/partial-ranking/stage/runner_ref_parent.asc:2:
/home/data4t2/lelinfeng/cann-r-w4-4/本地实验/R-W4-4/V029/partial-ranking/stage/runner_ref.inc:256:21: warning: 'cce_global' attribute ignored when parsing type [-Wignored-attributes]
                   (GM_ADDR)deviceOut, infoO, availableCoreNum, stream, kEpsilon);
                    ^~~~~~~
/usr/local/Ascend/ascend-toolkit/8.5.0.alpha002/compiler/tikcpp/tikcfw/impl/utils/kernel_utils_macros.h:18:17: note: expanded from macro 'GM_ADDR'
#define GM_ADDR __gm__ uint8_t*
                ^~~~~~
/usr/local/Ascend/ascend-toolkit/8.5.0.alpha002/aarch64-linux/ccec_compiler/lib/clang/15.0.5/include/__clang_cce_defines.h:47:31: note: expanded from macro '__gm__'
#define __gm__ __attribute__((cce_global))
                              ^~~~~~~~~~
In file included from /home/data4t2/lelinfeng/cann-r-w4-4/本地实验/R-W4-4/V029/partial-ranking/stage/runner_ref_parent.asc:2:
/home/data4t2/lelinfeng/cann-r-w4-4/本地实验/R-W4-4/V029/partial-ranking/stage/runner_ref.inc:385:57: warning: format specifies type 'int' but the argument has type 'int64_t' (aka 'long') [-Wformat]
                deviceId, static_cast<long long>(rows), width, dtype, warmup, samples, blocks, bad);
                                                        ^~~~~
6 warnings generated.
In file included from /home/data4t2/lelinfeng/cann-r-w4-4/本地实验/R-W4-4/V029/partial-ranking/stage/runner_ref_parent.asc:2:
/home/data4t2/lelinfeng/cann-r-w4-4/本地实验/R-W4-4/V029/partial-ranking/stage/runner_ref.inc:385:57: warning: format specifies type 'int' but the argument has type 'int64_t' (aka 'long') [-Wformat]
1 warning generated.
Warning: please refer to the above warning message. 
In file included from /home/data4t2/lelinfeng/cann-r-w4-4/本地实验/R-W4-4/V029/partial-ranking/stage/runner_ref_parent.asc:2:
/home/data4t2/lelinfeng/cann-r-w4-4/本地实验/R-W4-4/V029/partial-ranking/stage/runner_ref.inc:385:57: warning: format specifies type 'int' but the argument has type 'int64_t' (aka 'long') [-Wformat]
1 warning generated.
Warning: please refer to the above warning message. 
In file included from /home/data4t2/lelinfeng/cann-r-w4-4/本地实验/R-W4-4/V029/partial-ranking/stage/runner_ref_parent.asc:2:
/home/data4t2/lelinfeng/cann-r-w4-4/本地实验/R-W4-4/V029/partial-ranking/stage/runner_ref.inc:254:21: warning: 'cce_global' attribute ignored when parsing type [-Wignored-attributes]
/usr/local/Ascend/ascend-toolkit/8.5.0.alpha002/compiler/tikcpp/tikcfw/impl/utils/kernel_utils_macros.h:18:17: note: expanded from macro 'GM_ADDR'
/usr/local/Ascend/ascend-toolkit/8.5.0.alpha002/aarch64-linux/ccec_compiler/lib/clang/15.0.5/include/__clang_cce_defines.h:47:31: note: expanded from macro '__gm__'
In file included from /home/data4t2/lelinfeng/cann-r-w4-4/本地实验/R-W4-4/V029/partial-ranking/stage/runner_ref_parent.asc:2:
/home/data4t2/lelinfeng/cann-r-w4-4/本地实验/R-W4-4/V029/partial-ranking/stage/runner_ref.inc:254:46: warning: 'cce_global' attribute ignored when parsing type [-Wignored-attributes]
/usr/local/Ascend/ascend-toolkit/8.5.0.alpha002/compiler/tikcpp/tikcfw/impl/utils/kernel_utils_macros.h:18:17: note: expanded from macro 'GM_ADDR'
/usr/local/Ascend/ascend-toolkit/8.5.0.alpha002/aarch64-linux/ccec_compiler/lib/clang/15.0.5/include/__clang_cce_defines.h:47:31: note: expanded from macro '__gm__'
In file included from /home/data4t2/lelinfeng/cann-r-w4-4/本地实验/R-W4-4/V029/partial-ranking/stage/runner_ref_parent.asc:2:
/home/data4t2/lelinfeng/cann-r-w4-4/本地实验/R-W4-4/V029/partial-ranking/stage/runner_ref.inc:255:21: warning: 'cce_global' attribute ignored when parsing type [-Wignored-attributes]
/usr/local/Ascend/ascend-toolkit/8.5.0.alpha002/compiler/tikcpp/tikcfw/impl/utils/kernel_utils_macros.h:18:17: note: expanded from macro 'GM_ADDR'
/usr/local/Ascend/ascend-toolkit/8.5.0.alpha002/aarch64-linux/ccec_compiler/lib/clang/15.0.5/include/__clang_cce_defines.h:47:31: note: expanded from macro '__gm__'
In file included from /home/data4t2/lelinfeng/cann-r-w4-4/本地实验/R-W4-4/V029/partial-ranking/stage/runner_ref_parent.asc:2:
/home/data4t2/lelinfeng/cann-r-w4-4/本地实验/R-W4-4/V029/partial-ranking/stage/runner_ref.inc:255:46: warning: 'cce_global' attribute ignored when parsing type [-Wignored-attributes]
/usr/local/Ascend/ascend-toolkit/8.5.0.alpha002/compiler/tikcpp/tikcfw/impl/utils/kernel_utils_macros.h:18:17: note: expanded from macro 'GM_ADDR'
/usr/local/Ascend/ascend-toolkit/8.5.0.alpha002/aarch64-linux/ccec_compiler/lib/clang/15.0.5/include/__clang_cce_defines.h:47:31: note: expanded from macro '__gm__'
In file included from /home/data4t2/lelinfeng/cann-r-w4-4/本地实验/R-W4-4/V029/partial-ranking/stage/runner_ref_parent.asc:2:
/home/data4t2/lelinfeng/cann-r-w4-4/本地实验/R-W4-4/V029/partial-ranking/stage/runner_ref.inc:256:21: warning: 'cce_global' attribute ignored when parsing type [-Wignored-attributes]
/usr/local/Ascend/ascend-toolkit/8.5.0.alpha002/compiler/tikcpp/tikcfw/impl/utils/kernel_utils_macros.h:18:17: note: expanded from macro 'GM_ADDR'
/usr/local/Ascend/ascend-toolkit/8.5.0.alpha002/aarch64-linux/ccec_compiler/lib/clang/15.0.5/include/__clang_cce_defines.h:47:31: note: expanded from macro '__gm__'
In file included from /home/data4t2/lelinfeng/cann-r-w4-4/本地实验/R-W4-4/V029/partial-ranking/stage/runner_ref_parent.asc:2:
/home/data4t2/lelinfeng/cann-r-w4-4/本地实验/R-W4-4/V029/partial-ranking/stage/runner_ref.inc:385:57: warning: format specifies type 'int' but the argument has type 'int64_t' (aka 'long') [-Wformat]
6 warnings generated.
Warning: please refer to the above warning message. 
Warning: please refer to the above warning message. 
Warning: please refer to the above warning message. 
Warning: please refer to the above warning message. 
Warning: please refer to the above warning message. 
Warning: please refer to the above warning message. 
Warning: please refer to the above warning message. 
Warning: please refer to the above warning message. 
Warning: please refer to the above warning message. 
Warning: please refer to the above warning message. 
Warning: please refer to the above warning message. 
Warning: please refer to the above warning message. 
Warning: please refer to the above warning message. 
Warning: please refer to the above warning message. 
Warning: please refer to the above warning message. 
Warning: please refer to the above warning message. 
/tmp/asc_plugin_binary_register_code-1e4ea7.c:3:10: fatal error: 'vector' file not found
#include <vector>
         ^~~~~~~~
1 error generated.
cceld: ccec ReturnCode: 1
cceld: ExecutionFailed: 0
cceld: ErrMsg: 
/usr/local/Ascend/ascend-toolkit/8.5.0.alpha002/aarch64-linux/ccec_compiler/bin/llvm-objcopy: error: '/tmp/cce_all_link-7b4211.o': No such file or directory
cceld: ccec ReturnCode: 1
cceld: ObjcopyExecutionFailed: 0
cceld: ObjcopyErrMsg: 
ld.lld: error: cannot open /tmp/cce_all_link-7b4211.o: No such file or directory
cceld: ccec ReturnCode: 1
cceld: RelocatedLinkedExecutionFailed: 0
cceld: RelocatedLinkedObjcopyErrMsg: 
/usr/local/Ascend/ascend-toolkit/8.5.0.alpha002/aarch64-linux/ccec_compiler/bin/llvm-objcopy: error: '/tmp/cce_relocated_linked_static_object-19217a.o': The file was not recognized as a valid object file
cceld: ccec ReturnCode: 1
cceld: LocalFixedExecutionFailed: 0
cceld: LocalFixedErrMsg: 
ld.lld: error: target emulation unknown: -m or at least one .o file required
cceld: Linker ReturnCode: 1
cceld: ExecutionFailed: 0
cceld: ErrMsg: 
bisheng: error: linker command failed with exit code 1 (use -v to see invocation)
gmake[3]: *** [CMakeFiles/clx_ref_parent_probe.dir/build.make:76: CMakeFiles/clx_ref_parent_probe.dir/runner_ref_parent.asc.o] Error 1
gmake[2]: *** [CMakeFiles/Makefile2:225: CMakeFiles/clx_ref_parent_probe.dir/all] Error 2
gmake[1]: *** [CMakeFiles/Makefile2:232: CMakeFiles/clx_ref_parent_probe.dir/rule] Error 2
gmake: *** [Makefile:189: clx_ref_parent_probe] Error 2
