EXTENDED_PARENT_SAMEBINARY_START_UTC=2026-10-07T11:09:23.831119903Z
RUN_START_UTC=2026-10-07T11:09:23.834350243Z
SIDE=parent	SHAPE=32x136	BATCH_N=16	PREFIX=本地实验/R-W4-4/V029/partial-ranking/parent-samebinary-r32-w136-fp32-batch16
REF_HARNESS device=4 shape=32x136 dtype=0 warmup=45 samples=31 blocks=2 bad=0
RUN_EXIT_CODE=0
RUN_END_UTC=2026-10-07T11:09:31.190260746Z
RUN_START_UTC=2026-10-07T11:09:31.194809826Z
SIDE=parent	SHAPE=64x136	BATCH_N=16	PREFIX=本地实验/R-W4-4/V029/partial-ranking/parent-samebinary-r64-w136-fp32-batch16
REF_HARNESS device=4 shape=64x136 dtype=0 warmup=45 samples=31 blocks=2 bad=0
RUN_EXIT_CODE=0
RUN_END_UTC=2026-10-07T11:09:38.168955560Z
RUN_START_UTC=2026-10-07T11:09:38.172389518Z
SIDE=parent	SHAPE=128x136	BATCH_N=16	PREFIX=本地实验/R-W4-4/V029/partial-ranking/parent-samebinary-r128-w136-fp32-batch16
REF_HARNESS device=4 shape=128x136 dtype=0 warmup=45 samples=31 blocks=2 bad=0
RUN_EXIT_CODE=0
RUN_END_UTC=2026-10-07T11:09:44.931246193Z
RUN_START_UTC=2026-10-07T11:09:44.934800151Z
SIDE=parent	SHAPE=128x248	BATCH_N=16	PREFIX=本地实验/R-W4-4/V029/partial-ranking/parent-samebinary-r128-w248-fp32-batch16
REF_HARNESS device=4 shape=128x248 dtype=0 warmup=45 samples=31 blocks=2 bad=0
RUN_EXIT_CODE=0
RUN_END_UTC=2026-10-07T11:09:51.493509379Z
EXTENDED_PARENT_SAMEBINARY_EXIT_CODE=0
EXTENDED_PARENT_SAMEBINARY_END_UTC=2026-10-07T11:09:51.496730732Z
