=== V004 source ===
1a0b6e5841ef75c162e52ea01ac43b07889152bacec3bbbf8173fdcd087908fc  src/submission.asc
=== OUTHASH multi-run (FullCache nondet + controls) ===
-- run1 V004 --
OUTHASH dtype=0 rows=8 width=16384 note=fullcache-fp32-8x16384 hash=7601aad435166f1e bytes=524288
CASE dtype=0 rows=8 width=16384 note=fullcache-fp32-8x16384 max_abs_error=0.12957466 bad=90800 FAIL
OUTHASH dtype=0 rows=4 width=32768 note=fullcache-fp32-4x32768 hash=a3f3f6e2ecf8b9c5 bytes=524288
CASE dtype=0 rows=4 width=32768 note=fullcache-fp32-4x32768 max_abs_error=0.12802744 bad=110219 FAIL
OUTHASH dtype=0 rows=2 width=16384 note=fullcache-fp32-2x16384-smallbatch hash=3497a88084442aa2 bytes=131072
CASE dtype=0 rows=2 width=16384 note=fullcache-fp32-2x16384-smallbatch max_abs_error=0.12525713 bad=18024 FAIL
OUTHASH dtype=0 rows=64 width=2048 note=control-narrowmid-fp32 hash=68667a294de39908 bytes=524288
CASE dtype=0 rows=64 width=2048 note=control-narrowmid-fp32 max_abs_error=3.5762787e-07 bad=0 PASS
OUTHASH dtype=1 rows=8 width=16384 note=control-lp-fp16 hash=84a417650ca9e0cc bytes=262144
CASE dtype=1 rows=8 width=16384 note=control-lp-fp16 max_abs_error=0.0029296875 bad=2 FAIL
OUTHASH dtype=0 rows=33 width=100 note=control-generic-fp32 hash=9fe600dd1475d372 bytes=13200
CASE dtype=0 rows=33 width=100 note=control-generic-fp32 max_abs_error=3.5762787e-07 bad=0 PASS
NPU_CORRECTNESS_SUMMARY FAIL
-- run1 PARENT --
OUTHASH dtype=0 rows=8 width=16384 note=fullcache-fp32-8x16384 hash=40a8f1eb21bf32ad bytes=524288
CASE dtype=0 rows=8 width=16384 note=fullcache-fp32-8x16384 max_abs_error=0.13139105 bad=89246 FAIL
OUTHASH dtype=0 rows=4 width=32768 note=fullcache-fp32-4x32768 hash=6df69479c06b496d bytes=524288
CASE dtype=0 rows=4 width=32768 note=fullcache-fp32-4x32768 max_abs_error=0.12724018 bad=110488 FAIL
OUTHASH dtype=0 rows=2 width=16384 note=fullcache-fp32-2x16384-smallbatch hash=794f5df5c114d6d2 bytes=131072
CASE dtype=0 rows=2 width=16384 note=fullcache-fp32-2x16384-smallbatch max_abs_error=0.12525713 bad=25830 FAIL
OUTHASH dtype=0 rows=64 width=2048 note=control-narrowmid-fp32 hash=68667a294de39908 bytes=524288
CASE dtype=0 rows=64 width=2048 note=control-narrowmid-fp32 max_abs_error=3.5762787e-07 bad=0 PASS
OUTHASH dtype=1 rows=8 width=16384 note=control-lp-fp16 hash=84a417650ca9e0cc bytes=262144
CASE dtype=1 rows=8 width=16384 note=control-lp-fp16 max_abs_error=0.0029296875 bad=2 FAIL
OUTHASH dtype=0 rows=33 width=100 note=control-generic-fp32 hash=9fe600dd1475d372 bytes=13200
CASE dtype=0 rows=33 width=100 note=control-generic-fp32 max_abs_error=3.5762787e-07 bad=0 PASS
NPU_CORRECTNESS_SUMMARY FAIL
-- run2 V004 --
OUTHASH dtype=0 rows=8 width=16384 note=fullcache-fp32-8x16384 hash=cb8c48f1a5b51cbe bytes=524288
CASE dtype=0 rows=8 width=16384 note=fullcache-fp32-8x16384 max_abs_error=0.12957466 bad=90184 FAIL
OUTHASH dtype=0 rows=4 width=32768 note=fullcache-fp32-4x32768 hash=9eb04e6a5479f8ab bytes=524288
CASE dtype=0 rows=4 width=32768 note=fullcache-fp32-4x32768 max_abs_error=0.12802744 bad=109735 FAIL
OUTHASH dtype=0 rows=2 width=16384 note=fullcache-fp32-2x16384-smallbatch hash=b85c947b7c184a0a bytes=131072
CASE dtype=0 rows=2 width=16384 note=fullcache-fp32-2x16384-smallbatch max_abs_error=0.12170589 bad=19701 FAIL
OUTHASH dtype=0 rows=64 width=2048 note=control-narrowmid-fp32 hash=68667a294de39908 bytes=524288
CASE dtype=0 rows=64 width=2048 note=control-narrowmid-fp32 max_abs_error=3.5762787e-07 bad=0 PASS
OUTHASH dtype=1 rows=8 width=16384 note=control-lp-fp16 hash=84a417650ca9e0cc bytes=262144
CASE dtype=1 rows=8 width=16384 note=control-lp-fp16 max_abs_error=0.0029296875 bad=2 FAIL
OUTHASH dtype=0 rows=33 width=100 note=control-generic-fp32 hash=9fe600dd1475d372 bytes=13200
CASE dtype=0 rows=33 width=100 note=control-generic-fp32 max_abs_error=3.5762787e-07 bad=0 PASS
NPU_CORRECTNESS_SUMMARY FAIL
-- run2 PARENT --
OUTHASH dtype=0 rows=8 width=16384 note=fullcache-fp32-8x16384 hash=8163459a1934d7f3 bytes=524288
CASE dtype=0 rows=8 width=16384 note=fullcache-fp32-8x16384 max_abs_error=0.12957466 bad=91050 FAIL
OUTHASH dtype=0 rows=4 width=32768 note=fullcache-fp32-4x32768 hash=5995a3a66017d3b5 bytes=524288
CASE dtype=0 rows=4 width=32768 note=fullcache-fp32-4x32768 max_abs_error=0.12802744 bad=111899 FAIL
OUTHASH dtype=0 rows=2 width=16384 note=fullcache-fp32-2x16384-smallbatch hash=d2520eddb46398d1 bytes=131072
CASE dtype=0 rows=2 width=16384 note=fullcache-fp32-2x16384-smallbatch max_abs_error=0.12525713 bad=24804 FAIL
OUTHASH dtype=0 rows=64 width=2048 note=control-narrowmid-fp32 hash=68667a294de39908 bytes=524288
CASE dtype=0 rows=64 width=2048 note=control-narrowmid-fp32 max_abs_error=3.5762787e-07 bad=0 PASS
OUTHASH dtype=1 rows=8 width=16384 note=control-lp-fp16 hash=84a417650ca9e0cc bytes=262144
CASE dtype=1 rows=8 width=16384 note=control-lp-fp16 max_abs_error=0.0029296875 bad=2 FAIL
OUTHASH dtype=0 rows=33 width=100 note=control-generic-fp32 hash=9fe600dd1475d372 bytes=13200
CASE dtype=0 rows=33 width=100 note=control-generic-fp32 max_abs_error=3.5762787e-07 bad=0 PASS
NPU_CORRECTNESS_SUMMARY FAIL
