ROUTE=SYNC-BARRIER-ELISION-X
REVISION=V004
PARENT=R31B-V011
DEVICE=3
SHAPE=8x2048
DTYPE=fp16
HOST=hwnput3
UTC_START=2026-10-06T23:40:50Z
--- preflight usages ---
	NPU ID                         : 3
	Chip Count                     : 1

	DDR Capacity(MB)               : 0
	DDR Usage Rate(%)              : 0
	DDR Hugepages Total(page)      : 0
	DDR Hugepages Usage Rate(%)    : 0
	HBM Capacity(MB)               : 65536
	HBM Usage Rate(%)              : 91
	Aicore Usage Rate(%)           : 0
	Aivector Usage Rate(%)         : 0
	Aicpu Usage Rate(%)            : 0
	Ctrlcpu Usage Rate(%)          : 3
	DDR Bandwidth Usage Rate(%)    : 0
	HBM Bandwidth Usage Rate(%)    : 0
	Chip ID                        : 0

--- executable identity ---
fa0dcc66b235104ace41e9afe47c39d7978195eb0eb4e5804fd82ab07ec384ae  /home/data4t2/lelinfeng/server_runs/SYNC-BARRIER-ELISION-X/V004/compile-20261006T233000Z/build/sync_barrier_elision_correctness
--- command ---
source /usr/local/Ascend/ascend-toolkit/set_env.sh && /home/data4t2/lelinfeng/server_runs/SYNC-BARRIER-ELISION-X/V004/compile-20261006T233000Z/build/sync_barrier_elision_correctness 3 --local
LOCAL_SAMPLE case=fp16-8x2048 pair=01 order=P,C parent_device_us=4.8000 candidate_device_us=53.2400 parent_wall_us=178.2820 candidate_wall_us=128.8310 paired_delta_us=48.4400
LOCAL_SAMPLE case=fp16-8x2048 pair=02 order=C,P parent_device_us=8.3200 candidate_device_us=123.5600 parent_wall_us=159.6720 candidate_wall_us=187.4610 paired_delta_us=115.2400
LOCAL_SAMPLE case=fp16-8x2048 pair=03 order=P,C parent_device_us=4.7400 candidate_device_us=4.4800 parent_wall_us=137.5710 candidate_wall_us=268.9630 paired_delta_us=-0.2600
LOCAL_SAMPLE case=fp16-8x2048 pair=04 order=C,P parent_device_us=4.4200 candidate_device_us=3.7800 parent_wall_us=81.2410 candidate_wall_us=296.9320 paired_delta_us=-0.6400
LOCAL_SAMPLE case=fp16-8x2048 pair=05 order=P,C parent_device_us=7.3000 candidate_device_us=9.8600 parent_wall_us=93.1510 candidate_wall_us=127.3610 paired_delta_us=2.5600
LOCAL_SAMPLE case=fp16-8x2048 pair=06 order=C,P parent_device_us=4.6400 candidate_device_us=8.7000 parent_wall_us=277.9220 candidate_wall_us=250.1130 paired_delta_us=4.0600
LOCAL_SAMPLE case=fp16-8x2048 pair=07 order=P,C parent_device_us=4.2000 candidate_device_us=4.7600 parent_wall_us=255.7920 candidate_wall_us=292.8920 paired_delta_us=0.5600
LOCAL_SAMPLE case=fp16-8x2048 pair=08 order=C,P parent_device_us=8.1600 candidate_device_us=135.7400 parent_wall_us=90.4710 candidate_wall_us=194.2520 paired_delta_us=127.5800
LOCAL_SAMPLE case=fp16-8x2048 pair=09 order=P,C parent_device_us=9.2200 candidate_device_us=7.3200 parent_wall_us=149.6010 candidate_wall_us=140.7320 paired_delta_us=-1.9000
LOCAL_SAMPLE case=fp16-8x2048 pair=10 order=C,P parent_device_us=4.6800 candidate_device_us=3.9600 parent_wall_us=166.1310 candidate_wall_us=316.1530 paired_delta_us=-0.7200
LOCAL_SAMPLE case=fp16-8x2048 pair=11 order=P,C parent_device_us=4.3000 candidate_device_us=4.8000 parent_wall_us=289.6030 candidate_wall_us=323.3830 paired_delta_us=0.5000
LOCAL_SAMPLE case=fp16-8x2048 pair=12 order=C,P parent_device_us=4.9800 candidate_device_us=4.1800 parent_wall_us=279.0730 candidate_wall_us=268.6920 paired_delta_us=-0.8000
LOCAL_SAMPLE case=fp16-8x2048 pair=13 order=P,C parent_device_us=4.3200 candidate_device_us=5.1800 parent_wall_us=290.4230 candidate_wall_us=258.8620 paired_delta_us=0.8600
LOCAL_SAMPLE case=fp16-8x2048 pair=14 order=C,P parent_device_us=4.8800 candidate_device_us=4.5800 parent_wall_us=311.6220 candidate_wall_us=299.8030 paired_delta_us=-0.3000
LOCAL_SAMPLE case=fp16-8x2048 pair=15 order=P,C parent_device_us=3.8800 candidate_device_us=4.7000 parent_wall_us=279.6320 candidate_wall_us=286.3430 paired_delta_us=0.8200
LOCAL_SAMPLE case=fp16-8x2048 pair=16 order=C,P parent_device_us=4.4200 candidate_device_us=5.7000 parent_wall_us=176.9110 candidate_wall_us=98.1610 paired_delta_us=1.2800
LOCAL_SAMPLE case=fp16-8x2048 pair=17 order=P,C parent_device_us=4.5200 candidate_device_us=4.5000 parent_wall_us=236.5230 candidate_wall_us=271.0320 paired_delta_us=-0.0200
LOCAL_SAMPLE case=fp16-8x2048 pair=18 order=C,P parent_device_us=4.5400 candidate_device_us=4.1400 parent_wall_us=279.2620 candidate_wall_us=266.2420 paired_delta_us=-0.4000
LOCAL_SAMPLE case=fp16-8x2048 pair=19 order=P,C parent_device_us=10.0800 candidate_device_us=171.5600 parent_wall_us=216.8420 candidate_wall_us=235.4820 paired_delta_us=161.4800
LOCAL_SAMPLE case=fp16-8x2048 pair=20 order=C,P parent_device_us=4.3200 candidate_device_us=11.3600 parent_wall_us=242.0920 candidate_wall_us=173.3120 paired_delta_us=7.0400
LOCAL_SAMPLE case=fp16-8x2048 pair=21 order=P,C parent_device_us=3.8400 candidate_device_us=4.4000 parent_wall_us=295.4630 candidate_wall_us=273.5420 paired_delta_us=0.5600
LOCAL_SAMPLE case=fp16-8x2048 pair=22 order=C,P parent_device_us=4.7200 candidate_device_us=12.1400 parent_wall_us=229.5420 candidate_wall_us=80.1310 paired_delta_us=7.4200
LOCAL_SAMPLE case=fp16-8x2048 pair=23 order=P,C parent_device_us=8.7200 candidate_device_us=4.9400 parent_wall_us=172.4220 candidate_wall_us=77.8210 paired_delta_us=-3.7800
LOCAL_SAMPLE case=fp16-8x2048 pair=24 order=C,P parent_device_us=4.5600 candidate_device_us=4.0000 parent_wall_us=291.9930 candidate_wall_us=262.8920 paired_delta_us=-0.5600
LOCAL_SAMPLE case=fp16-8x2048 pair=25 order=P,C parent_device_us=4.2800 candidate_device_us=4.9800 parent_wall_us=175.5710 candidate_wall_us=318.6830 paired_delta_us=0.7000
LOCAL_SAMPLE case=fp16-8x2048 pair=26 order=C,P parent_device_us=4.6800 candidate_device_us=4.3400 parent_wall_us=265.7420 candidate_wall_us=259.5020 paired_delta_us=-0.3400
LOCAL_SAMPLE case=fp16-8x2048 pair=27 order=P,C parent_device_us=3.9000 candidate_device_us=9.2400 parent_wall_us=266.0220 candidate_wall_us=194.8720 paired_delta_us=5.3400
LOCAL_SAMPLE case=fp16-8x2048 pair=28 order=C,P parent_device_us=4.5400 candidate_device_us=5.1800 parent_wall_us=246.5120 candidate_wall_us=78.2210 paired_delta_us=0.6400
LOCAL_SAMPLE case=fp16-8x2048 pair=29 order=P,C parent_device_us=20.0000 candidate_device_us=197.9600 parent_wall_us=77.9210 candidate_wall_us=259.3320 paired_delta_us=177.9600
LOCAL_SAMPLE case=fp16-8x2048 pair=30 order=C,P parent_device_us=205.1200 candidate_device_us=200.3800 parent_wall_us=267.2120 candidate_wall_us=263.2320 paired_delta_us=-4.7400
LOCAL_SAMPLE case=fp16-8x2048 pair=31 order=P,C parent_device_us=5.4200 candidate_device_us=4.9000 parent_wall_us=291.8630 candidate_wall_us=148.1610 paired_delta_us=-0.5200
LOCAL_STATS case=fp16-8x2048 metric=device_us binary=PARENT_R31B_V011 n=31 median=4.6800 mean=12.2742 stdev=35.9282 cv=2.92713 min=3.8400 max=205.1200 mad=0.3600 p10=4.2000 p90=9.2200
LOCAL_STATS case=fp16-8x2048 metric=device_us binary=CANDIDATE_V004 n=31 median=4.9800 mean=33.1794 stdev=61.1470 cv=1.84292 min=3.7800 max=200.3800 mad=0.8400 p10=4.1400 p90=135.7400
LOCAL_STATS case=fp16-8x2048 metric=wall_us binary=PARENT_R31B_V011 n=31 median=242.0920 mean=218.4542 stdev=72.0647 cv=0.32988 min=77.9210 max=311.6220 mad=49.7710 p10=93.1510 p90=291.8630
LOCAL_STATS case=fp16-8x2048 metric=wall_us binary=CANDIDATE_V004 n=31 median=259.3320 mean=222.6255 stdev=77.6542 cv=0.34881 min=77.8210 max=323.3830 mad=40.4710 p10=98.1610 p90=299.8030
LOCAL_STATS case=fp16-8x2048 metric=paired_delta_us binary=CANDIDATE_MINUS_PARENT n=31 median=0.5600 mean=20.9052 stdev=50.4331 cv=2.41247 min=-4.7400 max=177.9600 mad=1.2000 p10=-0.8000 p90=115.2400
LOCAL_RESULT route=SYNC-BARRIER-ELISION-X revision=V004 device=3 shape=8x2048 dtype=fp16 samples=31 parent_median_us=4.6800 candidate_median_us=4.9800 local_delta_us=0.5600 local_score_percent=-11.965814 candidate_minus_parent_percent=11.965814
CORRECTNESS_SUMMARY result=PASS cases=5
LOCAL_RUN_RC=0
--- postflight usages ---
	NPU ID                         : 3
	Chip Count                     : 1

	DDR Capacity(MB)               : 0
	DDR Usage Rate(%)              : 0
	DDR Hugepages Total(page)      : 0
	DDR Hugepages Usage Rate(%)    : 0
	HBM Capacity(MB)               : 65536
	HBM Usage Rate(%)              : 91
	Aicore Usage Rate(%)           : 0
	Aivector Usage Rate(%)         : 0
	Aicpu Usage Rate(%)            : 0
	Ctrlcpu Usage Rate(%)          : 18
	DDR Bandwidth Usage Rate(%)    : 0
	HBM Bandwidth Usage Rate(%)    : 0
	Chip ID                        : 0

UTC_END=2026-10-06T23:40:58Z
