CASE_BEGIN name=ub-v001-fp16-wide-32768 dtype=fp16 rows=1 width=32768 device=7 warmup_each=45 pairs=21 samples_per_binary=21
SAME_BINARY_SAMPLE case=ub-v001-fp16-wide-32768 block=1 sample=01 device_us=20.260 wall_us=116.031 binary=R31B_V011
SAME_BINARY_SAMPLE case=ub-v001-fp16-wide-32768 block=1 sample=02 device_us=21.880 wall_us=86.541 binary=R31B_V011
SAME_BINARY_SAMPLE case=ub-v001-fp16-wide-32768 block=1 sample=03 device_us=23.720 wall_us=76.970 binary=R31B_V011
SAME_BINARY_SAMPLE case=ub-v001-fp16-wide-32768 block=1 sample=04 device_us=10.460 wall_us=79.521 binary=R31B_V011
SAME_BINARY_SAMPLE case=ub-v001-fp16-wide-32768 block=1 sample=05 device_us=16.660 wall_us=82.741 binary=R31B_V011
SAME_BINARY_SAMPLE case=ub-v001-fp16-wide-32768 block=1 sample=06 device_us=18.840 wall_us=74.751 binary=R31B_V011
SAME_BINARY_SAMPLE case=ub-v001-fp16-wide-32768 block=1 sample=07 device_us=24.580 wall_us=73.941 binary=R31B_V011
SAME_BINARY_SAMPLE case=ub-v001-fp16-wide-32768 block=1 sample=08 device_us=26.520 wall_us=80.060 binary=R31B_V011
SAME_BINARY_SAMPLE case=ub-v001-fp16-wide-32768 block=1 sample=09 device_us=13.920 wall_us=75.081 binary=R31B_V011
SAME_BINARY_SAMPLE case=ub-v001-fp16-wide-32768 block=1 sample=10 device_us=14.000 wall_us=75.501 binary=R31B_V011
SAME_BINARY_SAMPLE case=ub-v001-fp16-wide-32768 block=1 sample=11 device_us=13.860 wall_us=66.591 binary=R31B_V011
SAME_BINARY_SAMPLE case=ub-v001-fp16-wide-32768 block=1 sample=12 device_us=17.940 wall_us=65.910 binary=R31B_V011
SAME_BINARY_SAMPLE case=ub-v001-fp16-wide-32768 block=1 sample=13 device_us=10.600 wall_us=74.081 binary=R31B_V011
SAME_BINARY_SAMPLE case=ub-v001-fp16-wide-32768 block=1 sample=14 device_us=10.380 wall_us=111.941 binary=R31B_V011
SAME_BINARY_SAMPLE case=ub-v001-fp16-wide-32768 block=1 sample=15 device_us=10.760 wall_us=63.561 binary=R31B_V011
SAME_BINARY_SAMPLE case=ub-v001-fp16-wide-32768 block=1 sample=16 device_us=20.880 wall_us=64.420 binary=R31B_V011
SAME_BINARY_SAMPLE case=ub-v001-fp16-wide-32768 block=1 sample=17 device_us=16.020 wall_us=74.590 binary=R31B_V011
SAME_BINARY_SAMPLE case=ub-v001-fp16-wide-32768 block=1 sample=18 device_us=10.620 wall_us=63.281 binary=R31B_V011
SAME_BINARY_SAMPLE case=ub-v001-fp16-wide-32768 block=1 sample=19 device_us=26.100 wall_us=74.721 binary=R31B_V011
SAME_BINARY_SAMPLE case=ub-v001-fp16-wide-32768 block=1 sample=20 device_us=52.220 wall_us=113.511 binary=R31B_V011
SAME_BINARY_SAMPLE case=ub-v001-fp16-wide-32768 block=1 sample=21 device_us=27.760 wall_us=70.330 binary=R31B_V011
SAME_BINARY_SAMPLE case=ub-v001-fp16-wide-32768 block=1 sample=22 device_us=19.020 wall_us=65.680 binary=R31B_V011
SAME_BINARY_SAMPLE case=ub-v001-fp16-wide-32768 block=1 sample=23 device_us=12.060 wall_us=66.181 binary=R31B_V011
SAME_BINARY_SAMPLE case=ub-v001-fp16-wide-32768 block=1 sample=24 device_us=15.980 wall_us=64.730 binary=R31B_V011
SAME_BINARY_SAMPLE case=ub-v001-fp16-wide-32768 block=1 sample=25 device_us=25.800 wall_us=67.470 binary=R31B_V011
SAME_BINARY_SAMPLE case=ub-v001-fp16-wide-32768 block=1 sample=26 device_us=52.900 wall_us=100.601 binary=R31B_V011
SAME_BINARY_SAMPLE case=ub-v001-fp16-wide-32768 block=1 sample=27 device_us=18.780 wall_us=66.881 binary=R31B_V011
SAME_BINARY_SAMPLE case=ub-v001-fp16-wide-32768 block=1 sample=28 device_us=19.060 wall_us=65.561 binary=R31B_V011
SAME_BINARY_SAMPLE case=ub-v001-fp16-wide-32768 block=1 sample=29 device_us=11.380 wall_us=66.070 binary=R31B_V011
SAME_BINARY_SAMPLE case=ub-v001-fp16-wide-32768 block=1 sample=30 device_us=19.700 wall_us=66.021 binary=R31B_V011
SAME_BINARY_SAMPLE case=ub-v001-fp16-wide-32768 block=1 sample=31 device_us=11.300 wall_us=63.171 binary=R31B_V011
SUMMARY case=ub-v001-fp16-wide-32768 metric=device_us binary=R31B_V011_BLOCK_1 n=31 median=18.780 mean=19.805 stdev=10.252 cv=0.51766 min=10.380 max=52.900 max_min=5.096 mad=4.940 p10=10.620 p90=26.520 spread=42.520 core_cv=0.09892
SAME_BINARY_SAMPLE case=ub-v001-fp16-wide-32768 block=2 sample=01 device_us=18.300 wall_us=76.740 binary=R31B_V011
SAME_BINARY_SAMPLE case=ub-v001-fp16-wide-32768 block=2 sample=02 device_us=69.400 wall_us=125.141 binary=R31B_V011
SAME_BINARY_SAMPLE case=ub-v001-fp16-wide-32768 block=2 sample=03 device_us=15.420 wall_us=76.121 binary=R31B_V011
SAME_BINARY_SAMPLE case=ub-v001-fp16-wide-32768 block=2 sample=04 device_us=19.060 wall_us=67.440 binary=R31B_V011
SAME_BINARY_SAMPLE case=ub-v001-fp16-wide-32768 block=2 sample=05 device_us=10.980 wall_us=77.281 binary=R31B_V011
SAME_BINARY_SAMPLE case=ub-v001-fp16-wide-32768 block=2 sample=06 device_us=22.180 wall_us=67.171 binary=R31B_V011
SAME_BINARY_SAMPLE case=ub-v001-fp16-wide-32768 block=2 sample=07 device_us=15.580 wall_us=66.431 binary=R31B_V011
SAME_BINARY_SAMPLE case=ub-v001-fp16-wide-32768 block=2 sample=08 device_us=16.760 wall_us=64.050 binary=R31B_V011
SAME_BINARY_SAMPLE case=ub-v001-fp16-wide-32768 block=2 sample=09 device_us=15.220 wall_us=64.901 binary=R31B_V011
SAME_BINARY_SAMPLE case=ub-v001-fp16-wide-32768 block=2 sample=10 device_us=10.440 wall_us=65.601 binary=R31B_V011
SAME_BINARY_SAMPLE case=ub-v001-fp16-wide-32768 block=2 sample=11 device_us=10.480 wall_us=68.560 binary=R31B_V011
SAME_BINARY_SAMPLE case=ub-v001-fp16-wide-32768 block=2 sample=12 device_us=19.160 wall_us=65.200 binary=R31B_V011
SAME_BINARY_SAMPLE case=ub-v001-fp16-wide-32768 block=2 sample=13 device_us=10.520 wall_us=65.861 binary=R31B_V011
SAME_BINARY_SAMPLE case=ub-v001-fp16-wide-32768 block=2 sample=14 device_us=15.100 wall_us=69.520 binary=R31B_V011
SAME_BINARY_SAMPLE case=ub-v001-fp16-wide-32768 block=2 sample=15 device_us=22.200 wall_us=76.870 binary=R31B_V011
SAME_BINARY_SAMPLE case=ub-v001-fp16-wide-32768 block=2 sample=16 device_us=16.700 wall_us=63.551 binary=R31B_V011
SAME_BINARY_SAMPLE case=ub-v001-fp16-wide-32768 block=2 sample=17 device_us=19.920 wall_us=64.531 binary=R31B_V011
SAME_BINARY_SAMPLE case=ub-v001-fp16-wide-32768 block=2 sample=18 device_us=19.440 wall_us=63.760 binary=R31B_V011
SAME_BINARY_SAMPLE case=ub-v001-fp16-wide-32768 block=2 sample=19 device_us=19.780 wall_us=67.041 binary=R31B_V011
SAME_BINARY_SAMPLE case=ub-v001-fp16-wide-32768 block=2 sample=20 device_us=11.380 wall_us=67.261 binary=R31B_V011
SAME_BINARY_SAMPLE case=ub-v001-fp16-wide-32768 block=2 sample=21 device_us=15.180 wall_us=64.170 binary=R31B_V011
SAME_BINARY_SAMPLE case=ub-v001-fp16-wide-32768 block=2 sample=22 device_us=26.960 wall_us=65.961 binary=R31B_V011
SAME_BINARY_SAMPLE case=ub-v001-fp16-wide-32768 block=2 sample=23 device_us=14.500 wall_us=63.541 binary=R31B_V011
SAME_BINARY_SAMPLE case=ub-v001-fp16-wide-32768 block=2 sample=24 device_us=21.300 wall_us=65.090 binary=R31B_V011
SAME_BINARY_SAMPLE case=ub-v001-fp16-wide-32768 block=2 sample=25 device_us=10.560 wall_us=69.601 binary=R31B_V011
SAME_BINARY_SAMPLE case=ub-v001-fp16-wide-32768 block=2 sample=26 device_us=18.880 wall_us=64.261 binary=R31B_V011
SAME_BINARY_SAMPLE case=ub-v001-fp16-wide-32768 block=2 sample=27 device_us=18.520 wall_us=63.390 binary=R31B_V011
SAME_BINARY_SAMPLE case=ub-v001-fp16-wide-32768 block=2 sample=28 device_us=10.900 wall_us=72.081 binary=R31B_V011
SAME_BINARY_SAMPLE case=ub-v001-fp16-wide-32768 block=2 sample=29 device_us=18.340 wall_us=70.121 binary=R31B_V011
SAME_BINARY_SAMPLE case=ub-v001-fp16-wide-32768 block=2 sample=30 device_us=22.520 wall_us=74.261 binary=R31B_V011
SAME_BINARY_SAMPLE case=ub-v001-fp16-wide-32768 block=2 sample=31 device_us=23.760 wall_us=72.390 binary=R31B_V011
SUMMARY case=ub-v001-fp16-wide-32768 metric=device_us binary=R31B_V011_BLOCK_2 n=31 median=18.300 mean=18.692 stdev=10.393 cv=0.55601 min=10.440 max=69.400 max_min=6.648 mad=3.120 p10=10.560 p90=22.520 spread=58.960 core_cv=0.11120
SUMMARY case=ub-v001-fp16-wide-32768 metric=device_us binary=R31B_V011_ALL n=62 median=18.320 mean=19.248 stdev=10.253 cv=0.53268 min=10.380 max=69.400 max_min=6.686 mad=3.870 p10=10.602 p90=26.070 spread=59.020 core_cv=0.10737
SUMMARY case=ub-v001-fp16-wide-32768 metric=wall_us binary=R31B_V011_ALL n=62 median=67.350 mean=72.973 stdev=13.449 cv=0.18430 min=63.171 max=125.141 max_min=1.981 mad=3.445 p10=63.789 p90=82.473 spread=61.970 core_cv=0.07197
SAME_BINARY_QUAL case=ub-v001-fp16-wide-32768 result=NEEDS_VALIDATION samples=62 median_us=18.320 mad_over_median=0.21124 block_drift=0.02620
CORRECTNESS case=ub-v001-fp16-wide-32768 binary=R31B_V011 result=PASS failures=0 max_abs=0.001953125 max_rel=0.0019267823
CASE_END name=ub-v001-fp16-wide-32768 same_binary=R31B_V011 correctness=PASS
RUNNER_COMPLETE mode=QUALIFY_V011 correctness=PASS cases=1 warmup_each=45 pairs_each=21 timing=DEVICE_EVENT_PRIMARY wall=DIAGNOSTIC
