REVISION=V078
GATE=CORRECTNESS
HOST=hwnput3
DEVICE=4
PARENT=R31B-V011
PARENT_SHA256=a8c19a1972207acc67e3fb0cd393cc70b0a4b183d1eaf5610edf80c2879b15e3
CANDIDATE_SHA256=cb80f94cd04dc6ab4e060b9d472fc533c7f7b9e6964c3097495a8df65c0b43a0
DTYPE=FP32
SHAPES=128x8168,128x8176,128x8184
C15=EXCLUDED_KNOWN_PARENT_FAILURE
parent-correctness width=8168 rc=1 stdout=
candidate-correctness width=8168 rc=1 stdout=
parent-correctness width=8176 rc=1 stdout=
candidate-correctness width=8176 rc=1 stdout=
parent-correctness width=8184 rc=1 stdout=
candidate-correctness width=8184 rc=1 stdout=
ATTEMPT=retry1
RUNTIME_FIX=LD_LIBRARY_PATH=/usr/lib/aarch64-linux-gnu:$LD_LIBRARY_PATH
parent-correctness-retry1 width=8168 rc=0 stdout=REF_HARNESS device=4 shape=128x8168 dtype=0 warmup=0 samples=1 blocks=1 bad=0 
candidate-correctness-retry1 width=8168 rc=3 stdout=REF_HARNESS device=4 shape=128x8168 dtype=0 warmup=0 samples=1 blocks=1 bad=1044850 
parent-correctness-retry1 width=8176 rc=0 stdout=REF_HARNESS device=4 shape=128x8176 dtype=0 warmup=0 samples=1 blocks=1 bad=0 
candidate-correctness-retry1 width=8176 rc=3 stdout=REF_HARNESS device=4 shape=128x8176 dtype=0 warmup=0 samples=1 blocks=1 bad=1045877 
parent-correctness-retry1 width=8184 rc=0 stdout=REF_HARNESS device=4 shape=128x8184 dtype=0 warmup=0 samples=1 blocks=1 bad=0 
candidate-correctness-retry1 width=8184 rc=0 stdout=REF_HARNESS device=4 shape=128x8184 dtype=0 warmup=0 samples=1 blocks=1 bad=0 
