REVISION=V089
GATE=PARENT_CANDIDATE_CORRECTNESS
DEVICE=4
PARENT=R31B-V011
C15=EXCLUDED_KNOWN_PARENT_FAILURE
SELECTED_CASES=FP32_128x1032,128x1040,128x1048
RUNTIME_ENV=source_set_env.sh; LD_LIBRARY_PATH=/usr/lib/aarch64-linux-gnu:${LD_LIBRARY_PATH}; LC_ALL=C
SNAPSHOT=2026-10-08T08:13:02.574400145Z FREE_HBM=6344MB NO_ACTIVE_CLX_REF_PROBE
START_UTC=2026-10-08T08:35:25.437435846Z
COMMAND=本地实验/R-W4-4/V089/partial-ranking/stage/build-v089/clx_ref_parent_probe 4 128 1032 0 本地实验/R-W4-4/V089/partial-ranking/v089-parent-correctness-r128-w1032-fp32 0 1 1 0
RESULT variant=parent shape=128x1032 dtype=FP32 rc=0 bad=0 max_abs=1.43051e-06
END_UTC=2026-10-08T08:35:32.187308573Z
START_UTC=2026-10-08T08:35:32.189212092Z
COMMAND=本地实验/R-W4-4/V089/partial-ranking/stage/build-v089/clx_ref_candidate_probe 4 128 1032 0 本地实验/R-W4-4/V089/partial-ranking/v089-candidate-correctness-r128-w1032-fp32 0 1 1 0
RESULT variant=candidate shape=128x1032 dtype=FP32 rc=0 bad=0 max_abs=1.43051e-06
END_UTC=2026-10-08T08:35:38.538641628Z
START_UTC=2026-10-08T08:35:38.540745737Z
COMMAND=本地实验/R-W4-4/V089/partial-ranking/stage/build-v089/clx_ref_parent_probe 4 128 1040 0 本地实验/R-W4-4/V089/partial-ranking/v089-parent-correctness-r128-w1040-fp32 0 1 1 0
RESULT variant=parent shape=128x1040 dtype=FP32 rc=0 bad=0 max_abs=1.43051e-06
END_UTC=2026-10-08T08:35:45.519794632Z
START_UTC=2026-10-08T08:35:45.525764247Z
COMMAND=本地实验/R-W4-4/V089/partial-ranking/stage/build-v089/clx_ref_candidate_probe 4 128 1040 0 本地实验/R-W4-4/V089/partial-ranking/v089-candidate-correctness-r128-w1040-fp32 0 1 1 0
RESULT variant=candidate shape=128x1040 dtype=FP32 rc=0 bad=0 max_abs=1.43051e-06
END_UTC=2026-10-08T08:35:52.536258181Z
START_UTC=2026-10-08T08:35:52.545973583Z
COMMAND=本地实验/R-W4-4/V089/partial-ranking/stage/build-v089/clx_ref_parent_probe 4 128 1048 0 本地实验/R-W4-4/V089/partial-ranking/v089-parent-correctness-r128-w1048-fp32 0 1 1 0
RESULT variant=parent shape=128x1048 dtype=FP32 rc=0 bad=0 max_abs=1.43051e-06
END_UTC=2026-10-08T08:35:59.615522485Z
START_UTC=2026-10-08T08:35:59.622191834Z
COMMAND=本地实验/R-W4-4/V089/partial-ranking/stage/build-v089/clx_ref_candidate_probe 4 128 1048 0 本地实验/R-W4-4/V089/partial-ranking/v089-candidate-correctness-r128-w1048-fp32 0 1 1 0
RESULT variant=candidate shape=128x1048 dtype=FP32 rc=0 bad=0 max_abs=1.43051e-06
END_UTC=2026-10-08T08:36:07.543014755Z
