REVISION=V089
GATE=INTERLEAVED_LOCAL
PARENT=R31B-V011
DEVICE=4
DTYPE=FP32
SHAPES=128x1032,128x1040,128x1048
WARMUP=45
SAMPLES_PER_BLOCK=31
BLOCKS=2
GAP_SEC=0
BATCH_N=64
PAIRS_PER_SHAPE=6
ORDER_PER_SHAPE=01:P,C;02:C,P;03:P,C;04:C,P;05:P,C;06:C,P
PARTIAL_CORRECTNESS=YES
LOCAL_SCORE_COMPARABLE_TO_OFFICIAL=NO
C15=EXCLUDED_KNOWN_PARENT_FAILURE
PRE_LOCAL_SNAPSHOT=2026-10-08T08:39:35.208951888Z FREE_HBM=6344MB NO_ACTIVE_CLX_REF_PROBE; existing PID untouched
START_UTC=2026-10-08T08:44:12.281388944Z
COMMAND=本地实验/R-W4-4/V089/partial-ranking/stage/build-v089/clx_ref_parent_probe 4 128 1032 0 本地实验/R-W4-4/V089/partial-ranking/v089-local-pair01-parent-r128-w1032-fp32 45 31 2 0 64
RESULT shape=128x1032 pair=01 side=P rc=0 bad=0 max_abs=1.43051e-06
END_UTC=2026-10-08T08:44:18.479673632Z
START_UTC=2026-10-08T08:44:18.489228099Z
COMMAND=本地实验/R-W4-4/V089/partial-ranking/stage/build-v089/clx_ref_candidate_probe 4 128 1032 0 本地实验/R-W4-4/V089/partial-ranking/v089-local-pair01-candidate-r128-w1032-fp32 45 31 2 0 64
RESULT shape=128x1032 pair=01 side=C rc=0 bad=0 max_abs=1.43051e-06
END_UTC=2026-10-08T08:44:25.677999644Z
START_UTC=2026-10-08T08:44:25.680081615Z
COMMAND=本地实验/R-W4-4/V089/partial-ranking/stage/build-v089/clx_ref_candidate_probe 4 128 1032 0 本地实验/R-W4-4/V089/partial-ranking/v089-local-pair02-candidate-r128-w1032-fp32 45 31 2 0 64
RESULT shape=128x1032 pair=02 side=C rc=0 bad=0 max_abs=1.43051e-06
END_UTC=2026-10-08T08:44:32.035480654Z
START_UTC=2026-10-08T08:44:32.037437134Z
COMMAND=本地实验/R-W4-4/V089/partial-ranking/stage/build-v089/clx_ref_parent_probe 4 128 1032 0 本地实验/R-W4-4/V089/partial-ranking/v089-local-pair02-parent-r128-w1032-fp32 45 31 2 0 64
RESULT shape=128x1032 pair=02 side=P rc=0 bad=0 max_abs=1.43051e-06
END_UTC=2026-10-08T08:44:39.029195100Z
START_UTC=2026-10-08T08:44:39.034945267Z
COMMAND=本地实验/R-W4-4/V089/partial-ranking/stage/build-v089/clx_ref_parent_probe 4 128 1032 0 本地实验/R-W4-4/V089/partial-ranking/v089-local-pair03-parent-r128-w1032-fp32 45 31 2 0 64
RESULT shape=128x1032 pair=03 side=P rc=0 bad=0 max_abs=1.43051e-06
END_UTC=2026-10-08T08:44:45.772511709Z
START_UTC=2026-10-08T08:44:45.774305951Z
COMMAND=本地实验/R-W4-4/V089/partial-ranking/stage/build-v089/clx_ref_candidate_probe 4 128 1032 0 本地实验/R-W4-4/V089/partial-ranking/v089-local-pair03-candidate-r128-w1032-fp32 45 31 2 0 64
RESULT shape=128x1032 pair=03 side=C rc=0 bad=0 max_abs=1.43051e-06
END_UTC=2026-10-08T08:44:53.529083113Z
START_UTC=2026-10-08T08:44:53.530946337Z
COMMAND=本地实验/R-W4-4/V089/partial-ranking/stage/build-v089/clx_ref_candidate_probe 4 128 1032 0 本地实验/R-W4-4/V089/partial-ranking/v089-local-pair04-candidate-r128-w1032-fp32 45 31 2 0 64
RESULT shape=128x1032 pair=04 side=C rc=0 bad=0 max_abs=1.43051e-06
END_UTC=2026-10-08T08:45:00.078928992Z
START_UTC=2026-10-08T08:45:00.080886260Z
COMMAND=本地实验/R-W4-4/V089/partial-ranking/stage/build-v089/clx_ref_parent_probe 4 128 1032 0 本地实验/R-W4-4/V089/partial-ranking/v089-local-pair04-parent-r128-w1032-fp32 45 31 2 0 64
RESULT shape=128x1032 pair=04 side=P rc=0 bad=0 max_abs=1.43051e-06
END_UTC=2026-10-08T08:45:07.017262791Z
START_UTC=2026-10-08T08:45:07.019721583Z
COMMAND=本地实验/R-W4-4/V089/partial-ranking/stage/build-v089/clx_ref_parent_probe 4 128 1032 0 本地实验/R-W4-4/V089/partial-ranking/v089-local-pair05-parent-r128-w1032-fp32 45 31 2 0 64
RESULT shape=128x1032 pair=05 side=P rc=0 bad=0 max_abs=1.43051e-06
END_UTC=2026-10-08T08:45:13.757594457Z
START_UTC=2026-10-08T08:45:13.759709001Z
COMMAND=本地实验/R-W4-4/V089/partial-ranking/stage/build-v089/clx_ref_candidate_probe 4 128 1032 0 本地实验/R-W4-4/V089/partial-ranking/v089-local-pair05-candidate-r128-w1032-fp32 45 31 2 0 64
RESULT shape=128x1032 pair=05 side=C rc=0 bad=0 max_abs=1.43051e-06
END_UTC=2026-10-08T08:45:20.100068383Z
START_UTC=2026-10-08T08:45:20.102192467Z
COMMAND=本地实验/R-W4-4/V089/partial-ranking/stage/build-v089/clx_ref_candidate_probe 4 128 1032 0 本地实验/R-W4-4/V089/partial-ranking/v089-local-pair06-candidate-r128-w1032-fp32 45 31 2 0 64
RESULT shape=128x1032 pair=06 side=C rc=0 bad=0 max_abs=1.43051e-06
END_UTC=2026-10-08T08:45:27.056559401Z
START_UTC=2026-10-08T08:45:27.058321716Z
COMMAND=本地实验/R-W4-4/V089/partial-ranking/stage/build-v089/clx_ref_parent_probe 4 128 1032 0 本地实验/R-W4-4/V089/partial-ranking/v089-local-pair06-parent-r128-w1032-fp32 45 31 2 0 64
RESULT shape=128x1032 pair=06 side=P rc=0 bad=0 max_abs=1.43051e-06
END_UTC=2026-10-08T08:45:34.017624949Z
START_UTC=2026-10-08T08:45:34.019790603Z
COMMAND=本地实验/R-W4-4/V089/partial-ranking/stage/build-v089/clx_ref_parent_probe 4 128 1040 0 本地实验/R-W4-4/V089/partial-ranking/v089-local-pair01-parent-r128-w1040-fp32 45 31 2 0 64
RESULT shape=128x1040 pair=01 side=P rc=0 bad=0 max_abs=1.43051e-06
END_UTC=2026-10-08T08:45:40.788985577Z
START_UTC=2026-10-08T08:45:40.790734140Z
COMMAND=本地实验/R-W4-4/V089/partial-ranking/stage/build-v089/clx_ref_candidate_probe 4 128 1040 0 本地实验/R-W4-4/V089/partial-ranking/v089-local-pair01-candidate-r128-w1040-fp32 45 31 2 0 64
RESULT shape=128x1040 pair=01 side=C rc=0 bad=0 max_abs=1.43051e-06
END_UTC=2026-10-08T08:45:48.543531955Z
START_UTC=2026-10-08T08:45:48.546451131Z
COMMAND=本地实验/R-W4-4/V089/partial-ranking/stage/build-v089/clx_ref_candidate_probe 4 128 1040 0 本地实验/R-W4-4/V089/partial-ranking/v089-local-pair02-candidate-r128-w1040-fp32 45 31 2 0 64
RESULT shape=128x1040 pair=02 side=C rc=0 bad=0 max_abs=1.43051e-06
END_UTC=2026-10-08T08:45:55.292649175Z
START_UTC=2026-10-08T08:45:55.294405797Z
COMMAND=本地实验/R-W4-4/V089/partial-ranking/stage/build-v089/clx_ref_parent_probe 4 128 1040 0 本地实验/R-W4-4/V089/partial-ranking/v089-local-pair02-parent-r128-w1040-fp32 45 31 2 0 64
RESULT shape=128x1040 pair=02 side=P rc=0 bad=0 max_abs=1.43051e-06
END_UTC=2026-10-08T08:46:02.044353959Z
START_UTC=2026-10-08T08:46:02.045947442Z
COMMAND=本地实验/R-W4-4/V089/partial-ranking/stage/build-v089/clx_ref_parent_probe 4 128 1040 0 本地实验/R-W4-4/V089/partial-ranking/v089-local-pair03-parent-r128-w1040-fp32 45 31 2 0 64
RESULT shape=128x1040 pair=03 side=P rc=0 bad=0 max_abs=1.43051e-06
END_UTC=2026-10-08T08:46:08.817380270Z
START_UTC=2026-10-08T08:46:08.822641189Z
COMMAND=本地实验/R-W4-4/V089/partial-ranking/stage/build-v089/clx_ref_candidate_probe 4 128 1040 0 本地实验/R-W4-4/V089/partial-ranking/v089-local-pair03-candidate-r128-w1040-fp32 45 31 2 0 64
RESULT shape=128x1040 pair=03 side=C rc=0 bad=0 max_abs=1.43051e-06
END_UTC=2026-10-08T08:46:16.576149097Z
START_UTC=2026-10-08T08:46:16.591535658Z
COMMAND=本地实验/R-W4-4/V089/partial-ranking/stage/build-v089/clx_ref_candidate_probe 4 128 1040 0 本地实验/R-W4-4/V089/partial-ranking/v089-local-pair04-candidate-r128-w1040-fp32 45 31 2 0 64
RESULT shape=128x1040 pair=04 side=C rc=0 bad=0 max_abs=1.43051e-06
END_UTC=2026-10-08T08:46:23.547244401Z
START_UTC=2026-10-08T08:46:23.549169457Z
COMMAND=本地实验/R-W4-4/V089/partial-ranking/stage/build-v089/clx_ref_parent_probe 4 128 1040 0 本地实验/R-W4-4/V089/partial-ranking/v089-local-pair04-parent-r128-w1040-fp32 45 31 2 0 64
RESULT shape=128x1040 pair=04 side=P rc=0 bad=0 max_abs=1.43051e-06
END_UTC=2026-10-08T08:46:29.908171712Z
START_UTC=2026-10-08T08:46:29.911566102Z
COMMAND=本地实验/R-W4-4/V089/partial-ranking/stage/build-v089/clx_ref_parent_probe 4 128 1040 0 本地实验/R-W4-4/V089/partial-ranking/v089-local-pair05-parent-r128-w1040-fp32 45 31 2 0 64
RESULT shape=128x1040 pair=05 side=P rc=0 bad=0 max_abs=1.43051e-06
END_UTC=2026-10-08T08:46:37.646066603Z
START_UTC=2026-10-08T08:46:37.648630975Z
COMMAND=本地实验/R-W4-4/V089/partial-ranking/stage/build-v089/clx_ref_candidate_probe 4 128 1040 0 本地实验/R-W4-4/V089/partial-ranking/v089-local-pair05-candidate-r128-w1040-fp32 45 31 2 0 64
RESULT shape=128x1040 pair=05 side=C rc=0 bad=0 max_abs=1.43051e-06
END_UTC=2026-10-08T08:46:44.420689439Z
START_UTC=2026-10-08T08:46:44.428252756Z
COMMAND=本地实验/R-W4-4/V089/partial-ranking/stage/build-v089/clx_ref_candidate_probe 4 128 1040 0 本地实验/R-W4-4/V089/partial-ranking/v089-local-pair06-candidate-r128-w1040-fp32 45 31 2 0 64
RESULT shape=128x1040 pair=06 side=C rc=0 bad=0 max_abs=1.43051e-06
END_UTC=2026-10-08T08:46:50.570910338Z
START_UTC=2026-10-08T08:46:50.573046050Z
COMMAND=本地实验/R-W4-4/V089/partial-ranking/stage/build-v089/clx_ref_parent_probe 4 128 1040 0 本地实验/R-W4-4/V089/partial-ranking/v089-local-pair06-parent-r128-w1040-fp32 45 31 2 0 64
RESULT shape=128x1040 pair=06 side=P rc=0 bad=0 max_abs=1.43051e-06
END_UTC=2026-10-08T08:46:57.320753305Z
START_UTC=2026-10-08T08:46:57.322686407Z
COMMAND=本地实验/R-W4-4/V089/partial-ranking/stage/build-v089/clx_ref_parent_probe 4 128 1048 0 本地实验/R-W4-4/V089/partial-ranking/v089-local-pair01-parent-r128-w1048-fp32 45 31 2 0 64
RESULT shape=128x1048 pair=01 side=P rc=0 bad=0 max_abs=1.43051e-06
END_UTC=2026-10-08T08:47:04.275010723Z
START_UTC=2026-10-08T08:47:04.278292061Z
COMMAND=本地实验/R-W4-4/V089/partial-ranking/stage/build-v089/clx_ref_candidate_probe 4 128 1048 0 本地实验/R-W4-4/V089/partial-ranking/v089-local-pair01-candidate-r128-w1048-fp32 45 31 2 0 64
RESULT shape=128x1048 pair=01 side=C rc=0 bad=0 max_abs=1.43051e-06
END_UTC=2026-10-08T08:47:11.212685097Z
START_UTC=2026-10-08T08:47:11.214731932Z
COMMAND=本地实验/R-W4-4/V089/partial-ranking/stage/build-v089/clx_ref_candidate_probe 4 128 1048 0 本地实验/R-W4-4/V089/partial-ranking/v089-local-pair02-candidate-r128-w1048-fp32 45 31 2 0 64
RESULT shape=128x1048 pair=02 side=C rc=0 bad=0 max_abs=1.43051e-06
END_UTC=2026-10-08T08:47:18.174636611Z
START_UTC=2026-10-08T08:47:18.177253999Z
COMMAND=本地实验/R-W4-4/V089/partial-ranking/stage/build-v089/clx_ref_parent_probe 4 128 1048 0 本地实验/R-W4-4/V089/partial-ranking/v089-local-pair02-parent-r128-w1048-fp32 45 31 2 0 64
RESULT shape=128x1048 pair=02 side=P rc=0 bad=0 max_abs=1.43051e-06
END_UTC=2026-10-08T08:47:24.518188453Z
START_UTC=2026-10-08T08:47:24.520362962Z
COMMAND=本地实验/R-W4-4/V089/partial-ranking/stage/build-v089/clx_ref_parent_probe 4 128 1048 0 本地实验/R-W4-4/V089/partial-ranking/v089-local-pair03-parent-r128-w1048-fp32 45 31 2 0 64
RESULT shape=128x1048 pair=03 side=P rc=0 bad=0 max_abs=1.43051e-06
END_UTC=2026-10-08T08:47:31.260855331Z
START_UTC=2026-10-08T08:47:31.262703156Z
COMMAND=本地实验/R-W4-4/V089/partial-ranking/stage/build-v089/clx_ref_candidate_probe 4 128 1048 0 本地实验/R-W4-4/V089/partial-ranking/v089-local-pair03-candidate-r128-w1048-fp32 45 31 2 0 64
RESULT shape=128x1048 pair=03 side=C rc=0 bad=0 max_abs=1.43051e-06
END_UTC=2026-10-08T08:47:38.011203770Z
START_UTC=2026-10-08T08:47:38.013662039Z
COMMAND=本地实验/R-W4-4/V089/partial-ranking/stage/build-v089/clx_ref_candidate_probe 4 128 1048 0 本地实验/R-W4-4/V089/partial-ranking/v089-local-pair04-candidate-r128-w1048-fp32 45 31 2 0 64
RESULT shape=128x1048 pair=04 side=C rc=0 bad=0 max_abs=1.43051e-06
END_UTC=2026-10-08T08:47:45.752135884Z
START_UTC=2026-10-08T08:47:45.754812350Z
COMMAND=本地实验/R-W4-4/V089/partial-ranking/stage/build-v089/clx_ref_parent_probe 4 128 1048 0 本地实验/R-W4-4/V089/partial-ranking/v089-local-pair04-parent-r128-w1048-fp32 45 31 2 0 64
RESULT shape=128x1048 pair=04 side=P rc=0 bad=0 max_abs=1.43051e-06
END_UTC=2026-10-08T08:47:52.519712955Z
START_UTC=2026-10-08T08:47:52.526442450Z
COMMAND=本地实验/R-W4-4/V089/partial-ranking/stage/build-v089/clx_ref_parent_probe 4 128 1048 0 本地实验/R-W4-4/V089/partial-ranking/v089-local-pair05-parent-r128-w1048-fp32 45 31 2 0 64
RESULT shape=128x1048 pair=05 side=P rc=0 bad=0 max_abs=1.43051e-06
END_UTC=2026-10-08T08:47:58.901917957Z
START_UTC=2026-10-08T08:47:58.905208265Z
COMMAND=本地实验/R-W4-4/V089/partial-ranking/stage/build-v089/clx_ref_candidate_probe 4 128 1048 0 本地实验/R-W4-4/V089/partial-ranking/v089-local-pair05-candidate-r128-w1048-fp32 45 31 2 0 64
RESULT shape=128x1048 pair=05 side=C rc=0 bad=0 max_abs=1.43051e-06
END_UTC=2026-10-08T08:48:06.242722959Z
START_UTC=2026-10-08T08:48:06.245672823Z
COMMAND=本地实验/R-W4-4/V089/partial-ranking/stage/build-v089/clx_ref_candidate_probe 4 128 1048 0 本地实验/R-W4-4/V089/partial-ranking/v089-local-pair06-candidate-r128-w1048-fp32 45 31 2 0 64
RESULT shape=128x1048 pair=06 side=C rc=0 bad=0 max_abs=1.43051e-06
END_UTC=2026-10-08T08:48:13.200808974Z
START_UTC=2026-10-08T08:48:13.202608883Z
COMMAND=本地实验/R-W4-4/V089/partial-ranking/stage/build-v089/clx_ref_parent_probe 4 128 1048 0 本地实验/R-W4-4/V089/partial-ranking/v089-local-pair06-parent-r128-w1048-fp32 45 31 2 0 64
RESULT shape=128x1048 pair=06 side=P rc=0 bad=0 max_abs=1.43051e-06
END_UTC=2026-10-08T08:48:19.563953244Z
