2026-10-09T15:57:07Z
	NPU ID                         : 2
	Chip Count                     : 1

	DDR Capacity(MB)               : 0
	DDR Usage Rate(%)              : 0
	DDR Hugepages Total(page)      : 0
	DDR Hugepages Usage Rate(%)    : 0
	HBM Capacity(MB)               : 65536
	HBM Usage Rate(%)              : 5
	Aicore Usage Rate(%)           : 0
	Aivector Usage Rate(%)         : 0
	Aicpu Usage Rate(%)            : 0
	Ctrlcpu Usage Rate(%)          : 3
	DDR Bandwidth Usage Rate(%)    : 0
	HBM Bandwidth Usage Rate(%)    : 0
	Chip ID                        : 0
DEVICE_ID=2 FREE_HBM_MB=62259
20.96 28.81 34.18 10/14124 3591307
	NPU ID                         : 2
	Chip Count                     : 1

	No process in device.
	Chip ID                        : 0

ROUTE=W4-R09 REVISION=V002 STAGE=correctness CANN=/usr/local/Ascend/ascend-toolkit/8.5.0.alpha002
RUNNER_ARGUMENTS=--mode correctness --device 2 --rows 16 --width 4095 --blocks 8 --dtype fp16 
CORRECTNESS proxy_only=1 parent=W4-R09-V001 candidate=W4-R09-V002 input=deterministic_fp16_pattern_v1 epsilon=9.9999997e-06 device=2 rows=16 width=4095 dtype=fp16 blocks=8 bit_differences=0 max_abs=0 tolerance_failures=0 nonfinite=0 result=PASS
REFERENCE side=parent reference=fp64_cpu_final_fp16 rows=16 width=4095 dtype=fp16 max_abs=0.00390625 atol=0.001953125 rtol=0.001953125 failures=0 elements=65520 nonfinite=0 result=PASS
REFERENCE side=candidate reference=fp64_cpu_final_fp16 rows=16 width=4095 dtype=fp16 max_abs=0.00390625 atol=0.001953125 rtol=0.001953125 failures=0 elements=65520 nonfinite=0 result=PASS
2026-10-09T15:57:13Z
	NPU ID                         : 2
	Chip Count                     : 1

	DDR Capacity(MB)               : 0
	DDR Usage Rate(%)              : 0
	DDR Hugepages Total(page)      : 0
	DDR Hugepages Usage Rate(%)    : 0
	HBM Capacity(MB)               : 65536
	HBM Usage Rate(%)              : 5
	Aicore Usage Rate(%)           : 0
	Aivector Usage Rate(%)         : 0
	Aicpu Usage Rate(%)            : 0
	Ctrlcpu Usage Rate(%)          : 4
	DDR Bandwidth Usage Rate(%)    : 0
	HBM Bandwidth Usage Rate(%)    : 0
	Chip ID                        : 0
DEVICE_ID=2 FREE_HBM_MB=62259
20.56 28.59 34.08 6/14140 3591838
	NPU ID                         : 2
	Chip Count                     : 1

	No process in device.
	Chip ID                        : 0

RUNNER_EXIT=0
