LOCAL_START_UTC=2026-10-07T14:03:56.582129686Z
HOST=hwnput3
DEVICE=4
DTYPE=FP32
WARMUP=45
SAMPLES=31
BLOCKS=2
BATCH_N=64
PAIRS=6
C15=EXCLUDED
RUN_START_UTC=2026-10-07T14:03:56.587481533Z
KIND=paired WIDTH=120 PAIR=1 SIDE=parent BINARY=本地实验/R-W4-4/V033/partial-ranking/stage/build/clx_ref_parent_probe PREFIX=本地实验/R-W4-4/V033/partial-ranking/parent-paired-r128-w120-fp32-batch64-pair1
REF_HARNESS device=4 shape=128x120 dtype=0 warmup=45 samples=31 blocks=2 bad=0
RUN_EXIT_CODE=0
RUN_END_UTC=2026-10-07T14:04:03.330940695Z
RUN_START_UTC=2026-10-07T14:04:03.333525678Z
KIND=paired WIDTH=120 PAIR=1 SIDE=candidate BINARY=本地实验/R-W4-4/V033/partial-ranking/stage/build/clx_ref_candidate_probe PREFIX=本地实验/R-W4-4/V033/partial-ranking/candidate-paired-r128-w120-fp32-batch64-pair1
REF_HARNESS device=4 shape=128x120 dtype=0 warmup=45 samples=31 blocks=2 bad=0
RUN_EXIT_CODE=0
RUN_END_UTC=2026-10-07T14:04:10.288102847Z
RUN_START_UTC=2026-10-07T14:04:10.291703775Z
KIND=paired WIDTH=120 PAIR=2 SIDE=candidate BINARY=本地实验/R-W4-4/V033/partial-ranking/stage/build/clx_ref_candidate_probe PREFIX=本地实验/R-W4-4/V033/partial-ranking/candidate-paired-r128-w120-fp32-batch64-pair2
REF_HARNESS device=4 shape=128x120 dtype=0 warmup=45 samples=31 blocks=2 bad=0
RUN_EXIT_CODE=0
RUN_END_UTC=2026-10-07T14:04:17.029867681Z
RUN_START_UTC=2026-10-07T14:04:17.032534364Z
KIND=paired WIDTH=120 PAIR=2 SIDE=parent BINARY=本地实验/R-W4-4/V033/partial-ranking/stage/build/clx_ref_parent_probe PREFIX=本地实验/R-W4-4/V033/partial-ranking/parent-paired-r128-w120-fp32-batch64-pair2
REF_HARNESS device=4 shape=128x120 dtype=0 warmup=45 samples=31 blocks=2 bad=0
RUN_EXIT_CODE=0
RUN_END_UTC=2026-10-07T14:04:23.768249476Z
RUN_START_UTC=2026-10-07T14:04:23.770710269Z
KIND=paired WIDTH=120 PAIR=3 SIDE=parent BINARY=本地实验/R-W4-4/V033/partial-ranking/stage/build/clx_ref_parent_probe PREFIX=本地实验/R-W4-4/V033/partial-ranking/parent-paired-r128-w120-fp32-batch64-pair3
REF_HARNESS device=4 shape=128x120 dtype=0 warmup=45 samples=31 blocks=2 bad=0
RUN_EXIT_CODE=0
RUN_END_UTC=2026-10-07T14:04:31.899080055Z
RUN_START_UTC=2026-10-07T14:04:31.903719519Z
KIND=paired WIDTH=120 PAIR=3 SIDE=candidate BINARY=本地实验/R-W4-4/V033/partial-ranking/stage/build/clx_ref_candidate_probe PREFIX=本地实验/R-W4-4/V033/partial-ranking/candidate-paired-r128-w120-fp32-batch64-pair3
REF_HARNESS device=4 shape=128x120 dtype=0 warmup=45 samples=31 blocks=2 bad=0
RUN_EXIT_CODE=0
RUN_END_UTC=2026-10-07T14:04:39.634903442Z
RUN_START_UTC=2026-10-07T14:04:39.638695521Z
KIND=paired WIDTH=120 PAIR=4 SIDE=candidate BINARY=本地实验/R-W4-4/V033/partial-ranking/stage/build/clx_ref_candidate_probe PREFIX=本地实验/R-W4-4/V033/partial-ranking/candidate-paired-r128-w120-fp32-batch64-pair4
REF_HARNESS device=4 shape=128x120 dtype=0 warmup=45 samples=31 blocks=2 bad=0
RUN_EXIT_CODE=0
RUN_END_UTC=2026-10-07T14:04:46.585088885Z
RUN_START_UTC=2026-10-07T14:04:46.587705209Z
KIND=paired WIDTH=120 PAIR=4 SIDE=parent BINARY=本地实验/R-W4-4/V033/partial-ranking/stage/build/clx_ref_parent_probe PREFIX=本地实验/R-W4-4/V033/partial-ranking/parent-paired-r128-w120-fp32-batch64-pair4
REF_HARNESS device=4 shape=128x120 dtype=0 warmup=45 samples=31 blocks=2 bad=0
RUN_EXIT_CODE=0
RUN_END_UTC=2026-10-07T14:04:53.572593568Z
RUN_START_UTC=2026-10-07T14:04:53.575656293Z
KIND=paired WIDTH=120 PAIR=5 SIDE=parent BINARY=本地实验/R-W4-4/V033/partial-ranking/stage/build/clx_ref_parent_probe PREFIX=本地实验/R-W4-4/V033/partial-ranking/parent-paired-r128-w120-fp32-batch64-pair5
REF_HARNESS device=4 shape=128x120 dtype=0 warmup=45 samples=31 blocks=2 bad=0
RUN_EXIT_CODE=0
RUN_END_UTC=2026-10-07T14:04:59.942834624Z
RUN_START_UTC=2026-10-07T14:04:59.948089461Z
KIND=paired WIDTH=120 PAIR=5 SIDE=candidate BINARY=本地实验/R-W4-4/V033/partial-ranking/stage/build/clx_ref_candidate_probe PREFIX=本地实验/R-W4-4/V033/partial-ranking/candidate-paired-r128-w120-fp32-batch64-pair5
REF_HARNESS device=4 shape=128x120 dtype=0 warmup=45 samples=31 blocks=2 bad=0
RUN_EXIT_CODE=0
RUN_END_UTC=2026-10-07T14:05:07.394087982Z
RUN_START_UTC=2026-10-07T14:05:07.396878306Z
KIND=paired WIDTH=120 PAIR=6 SIDE=candidate BINARY=本地实验/R-W4-4/V033/partial-ranking/stage/build/clx_ref_candidate_probe PREFIX=本地实验/R-W4-4/V033/partial-ranking/candidate-paired-r128-w120-fp32-batch64-pair6
REF_HARNESS device=4 shape=128x120 dtype=0 warmup=45 samples=31 blocks=2 bad=0
RUN_EXIT_CODE=0
RUN_END_UTC=2026-10-07T14:05:13.723834216Z
RUN_START_UTC=2026-10-07T14:05:13.727140413Z
KIND=paired WIDTH=120 PAIR=6 SIDE=parent BINARY=本地实验/R-W4-4/V033/partial-ranking/stage/build/clx_ref_parent_probe PREFIX=本地实验/R-W4-4/V033/partial-ranking/parent-paired-r128-w120-fp32-batch64-pair6
REF_HARNESS device=4 shape=128x120 dtype=0 warmup=45 samples=31 blocks=2 bad=0
RUN_EXIT_CODE=0
RUN_END_UTC=2026-10-07T14:05:21.659809921Z
RUN_START_UTC=2026-10-07T14:05:21.662646715Z
KIND=paired WIDTH=128 PAIR=1 SIDE=parent BINARY=本地实验/R-W4-4/V033/partial-ranking/stage/build/clx_ref_parent_probe PREFIX=本地实验/R-W4-4/V033/partial-ranking/parent-paired-r128-w128-fp32-batch64-pair1
REF_HARNESS device=4 shape=128x128 dtype=0 warmup=45 samples=31 blocks=2 bad=0
RUN_EXIT_CODE=0
RUN_END_UTC=2026-10-07T14:05:28.609428506Z
RUN_START_UTC=2026-10-07T14:05:28.612203370Z
KIND=paired WIDTH=128 PAIR=1 SIDE=candidate BINARY=本地实验/R-W4-4/V033/partial-ranking/stage/build/clx_ref_candidate_probe PREFIX=本地实验/R-W4-4/V033/partial-ranking/candidate-paired-r128-w128-fp32-batch64-pair1
REF_HARNESS device=4 shape=128x128 dtype=0 warmup=45 samples=31 blocks=2 bad=0
RUN_EXIT_CODE=0
RUN_END_UTC=2026-10-07T14:05:35.564919806Z
RUN_START_UTC=2026-10-07T14:05:35.568024212Z
KIND=paired WIDTH=128 PAIR=2 SIDE=candidate BINARY=本地实验/R-W4-4/V033/partial-ranking/stage/build/clx_ref_candidate_probe PREFIX=本地实验/R-W4-4/V033/partial-ranking/candidate-paired-r128-w128-fp32-batch64-pair2
REF_HARNESS device=4 shape=128x128 dtype=0 warmup=45 samples=31 blocks=2 bad=0
RUN_EXIT_CODE=0
RUN_END_UTC=2026-10-07T14:05:41.902858420Z
RUN_START_UTC=2026-10-07T14:05:41.906320128Z
KIND=paired WIDTH=128 PAIR=2 SIDE=parent BINARY=本地实验/R-W4-4/V033/partial-ranking/stage/build/clx_ref_parent_probe PREFIX=本地实验/R-W4-4/V033/partial-ranking/parent-paired-r128-w128-fp32-batch64-pair2
REF_HARNESS device=4 shape=128x128 dtype=0 warmup=45 samples=31 blocks=2 bad=0
RUN_EXIT_CODE=0
RUN_END_UTC=2026-10-07T14:05:49.627945043Z
RUN_START_UTC=2026-10-07T14:05:49.630448446Z
KIND=paired WIDTH=128 PAIR=3 SIDE=parent BINARY=本地实验/R-W4-4/V033/partial-ranking/stage/build/clx_ref_parent_probe PREFIX=本地实验/R-W4-4/V033/partial-ranking/parent-paired-r128-w128-fp32-batch64-pair3
REF_HARNESS device=4 shape=128x128 dtype=0 warmup=45 samples=31 blocks=2 bad=0
RUN_EXIT_CODE=0
RUN_END_UTC=2026-10-07T14:05:56.371106859Z
RUN_START_UTC=2026-10-07T14:05:56.375493562Z
KIND=paired WIDTH=128 PAIR=3 SIDE=candidate BINARY=本地实验/R-W4-4/V033/partial-ranking/stage/build/clx_ref_candidate_probe PREFIX=本地实验/R-W4-4/V033/partial-ranking/candidate-paired-r128-w128-fp32-batch64-pair3
REF_HARNESS device=4 shape=128x128 dtype=0 warmup=45 samples=31 blocks=2 bad=0
RUN_EXIT_CODE=0
RUN_END_UTC=2026-10-07T14:06:02.749403300Z
RUN_START_UTC=2026-10-07T14:06:02.752463805Z
KIND=paired WIDTH=128 PAIR=4 SIDE=candidate BINARY=本地实验/R-W4-4/V033/partial-ranking/stage/build/clx_ref_candidate_probe PREFIX=本地实验/R-W4-4/V033/partial-ranking/candidate-paired-r128-w128-fp32-batch64-pair4
REF_HARNESS device=4 shape=128x128 dtype=0 warmup=45 samples=31 blocks=2 bad=0
RUN_EXIT_CODE=0
RUN_END_UTC=2026-10-07T14:06:09.272978307Z
RUN_START_UTC=2026-10-07T14:06:09.276986368Z
KIND=paired WIDTH=128 PAIR=4 SIDE=parent BINARY=本地实验/R-W4-4/V033/partial-ranking/stage/build/clx_ref_parent_probe PREFIX=本地实验/R-W4-4/V033/partial-ranking/parent-paired-r128-w128-fp32-batch64-pair4
REF_HARNESS device=4 shape=128x128 dtype=0 warmup=45 samples=31 blocks=2 bad=0
RUN_EXIT_CODE=0
RUN_END_UTC=2026-10-07T14:06:15.634308070Z
RUN_START_UTC=2026-10-07T14:06:15.638931634Z
KIND=paired WIDTH=128 PAIR=5 SIDE=parent BINARY=本地实验/R-W4-4/V033/partial-ranking/stage/build/clx_ref_parent_probe PREFIX=本地实验/R-W4-4/V033/partial-ranking/parent-paired-r128-w128-fp32-batch64-pair5
REF_HARNESS device=4 shape=128x128 dtype=0 warmup=45 samples=31 blocks=2 bad=0
RUN_EXIT_CODE=0
RUN_END_UTC=2026-10-07T14:06:22.006605675Z
RUN_START_UTC=2026-10-07T14:06:22.009328279Z
KIND=paired WIDTH=128 PAIR=5 SIDE=candidate BINARY=本地实验/R-W4-4/V033/partial-ranking/stage/build/clx_ref_candidate_probe PREFIX=本地实验/R-W4-4/V033/partial-ranking/candidate-paired-r128-w128-fp32-batch64-pair5
REF_HARNESS device=4 shape=128x128 dtype=0 warmup=45 samples=31 blocks=2 bad=0
RUN_EXIT_CODE=0
RUN_END_UTC=2026-10-07T14:06:28.963385028Z
RUN_START_UTC=2026-10-07T14:06:28.966738775Z
KIND=paired WIDTH=128 PAIR=6 SIDE=candidate BINARY=本地实验/R-W4-4/V033/partial-ranking/stage/build/clx_ref_candidate_probe PREFIX=本地实验/R-W4-4/V033/partial-ranking/candidate-paired-r128-w128-fp32-batch64-pair6
REF_HARNESS device=4 shape=128x128 dtype=0 warmup=45 samples=31 blocks=2 bad=0
RUN_EXIT_CODE=0
RUN_END_UTC=2026-10-07T14:06:35.915770797Z
RUN_START_UTC=2026-10-07T14:06:35.919268105Z
KIND=paired WIDTH=128 PAIR=6 SIDE=parent BINARY=本地实验/R-W4-4/V033/partial-ranking/stage/build/clx_ref_parent_probe PREFIX=本地实验/R-W4-4/V033/partial-ranking/parent-paired-r128-w128-fp32-batch64-pair6
REF_HARNESS device=4 shape=128x128 dtype=0 warmup=45 samples=31 blocks=2 bad=0
RUN_EXIT_CODE=0
RUN_END_UTC=2026-10-07T14:06:43.658132406Z
RUN_START_UTC=2026-10-07T14:06:43.661506344Z
KIND=paired WIDTH=136 PAIR=1 SIDE=parent BINARY=本地实验/R-W4-4/V033/partial-ranking/stage/build/clx_ref_parent_probe PREFIX=本地实验/R-W4-4/V033/partial-ranking/parent-paired-r128-w136-fp32-batch64-pair1
REF_HARNESS device=4 shape=128x136 dtype=0 warmup=45 samples=31 blocks=2 bad=0
RUN_EXIT_CODE=0
RUN_END_UTC=2026-10-07T14:06:50.406776548Z
RUN_START_UTC=2026-10-07T14:06:50.409457592Z
KIND=paired WIDTH=136 PAIR=1 SIDE=candidate BINARY=本地实验/R-W4-4/V033/partial-ranking/stage/build/clx_ref_candidate_probe PREFIX=本地实验/R-W4-4/V033/partial-ranking/candidate-paired-r128-w136-fp32-batch64-pair1
REF_HARNESS device=4 shape=128x136 dtype=0 warmup=45 samples=31 blocks=2 bad=0
RUN_EXIT_CODE=0
RUN_END_UTC=2026-10-07T14:06:56.568477145Z
RUN_START_UTC=2026-10-07T14:06:56.571229919Z
KIND=paired WIDTH=136 PAIR=2 SIDE=candidate BINARY=本地实验/R-W4-4/V033/partial-ranking/stage/build/clx_ref_candidate_probe PREFIX=本地实验/R-W4-4/V033/partial-ranking/candidate-paired-r128-w136-fp32-batch64-pair2
REF_HARNESS device=4 shape=128x136 dtype=0 warmup=45 samples=31 blocks=2 bad=0
RUN_EXIT_CODE=0
RUN_END_UTC=2026-10-07T14:07:03.326588564Z
RUN_START_UTC=2026-10-07T14:07:03.333218379Z
KIND=paired WIDTH=136 PAIR=2 SIDE=parent BINARY=本地实验/R-W4-4/V033/partial-ranking/stage/build/clx_ref_parent_probe PREFIX=本地实验/R-W4-4/V033/partial-ranking/parent-paired-r128-w136-fp32-batch64-pair2
REF_HARNESS device=4 shape=128x136 dtype=0 warmup=45 samples=31 blocks=2 bad=0
RUN_EXIT_CODE=0
RUN_END_UTC=2026-10-07T14:07:10.069471149Z
RUN_START_UTC=2026-10-07T14:07:10.072033612Z
KIND=paired WIDTH=136 PAIR=3 SIDE=parent BINARY=本地实验/R-W4-4/V033/partial-ranking/stage/build/clx_ref_parent_probe PREFIX=本地实验/R-W4-4/V033/partial-ranking/parent-paired-r128-w136-fp32-batch64-pair3
REF_HARNESS device=4 shape=128x136 dtype=0 warmup=45 samples=31 blocks=2 bad=0
RUN_EXIT_CODE=0
RUN_END_UTC=2026-10-07T14:07:17.039706047Z
RUN_START_UTC=2026-10-07T14:07:17.043754588Z
KIND=paired WIDTH=136 PAIR=3 SIDE=candidate BINARY=本地实验/R-W4-4/V033/partial-ranking/stage/build/clx_ref_candidate_probe PREFIX=本地实验/R-W4-4/V033/partial-ranking/candidate-paired-r128-w136-fp32-batch64-pair3
REF_HARNESS device=4 shape=128x136 dtype=0 warmup=45 samples=31 blocks=2 bad=0
RUN_EXIT_CODE=0
RUN_END_UTC=2026-10-07T14:07:23.783589228Z
RUN_START_UTC=2026-10-07T14:07:23.786941125Z
KIND=paired WIDTH=136 PAIR=4 SIDE=candidate BINARY=本地实验/R-W4-4/V033/partial-ranking/stage/build/clx_ref_candidate_probe PREFIX=本地实验/R-W4-4/V033/partial-ranking/candidate-paired-r128-w136-fp32-batch64-pair4
REF_HARNESS device=4 shape=128x136 dtype=0 warmup=45 samples=31 blocks=2 bad=0
RUN_EXIT_CODE=0
RUN_END_UTC=2026-10-07T14:07:31.692764147Z
RUN_START_UTC=2026-10-07T14:07:31.696741708Z
KIND=paired WIDTH=136 PAIR=4 SIDE=parent BINARY=本地实验/R-W4-4/V033/partial-ranking/stage/build/clx_ref_parent_probe PREFIX=本地实验/R-W4-4/V033/partial-ranking/parent-paired-r128-w136-fp32-batch64-pair4
REF_HARNESS device=4 shape=128x136 dtype=0 warmup=45 samples=31 blocks=2 bad=0
RUN_EXIT_CODE=0
RUN_END_UTC=2026-10-07T14:07:37.863382943Z
RUN_START_UTC=2026-10-07T14:07:37.866183008Z
KIND=paired WIDTH=136 PAIR=5 SIDE=parent BINARY=本地实验/R-W4-4/V033/partial-ranking/stage/build/clx_ref_parent_probe PREFIX=本地实验/R-W4-4/V033/partial-ranking/parent-paired-r128-w136-fp32-batch64-pair5
REF_HARNESS device=4 shape=128x136 dtype=0 warmup=45 samples=31 blocks=2 bad=0
RUN_EXIT_CODE=0
RUN_END_UTC=2026-10-07T14:07:45.778187933Z
RUN_START_UTC=2026-10-07T14:07:45.781213229Z
KIND=paired WIDTH=136 PAIR=5 SIDE=candidate BINARY=本地实验/R-W4-4/V033/partial-ranking/stage/build/clx_ref_candidate_probe PREFIX=本地实验/R-W4-4/V033/partial-ranking/candidate-paired-r128-w136-fp32-batch64-pair5
REF_HARNESS device=4 shape=128x136 dtype=0 warmup=45 samples=31 blocks=2 bad=0
RUN_EXIT_CODE=0
RUN_END_UTC=2026-10-07T14:07:53.717511136Z
RUN_START_UTC=2026-10-07T14:07:53.720479002Z
KIND=paired WIDTH=136 PAIR=6 SIDE=candidate BINARY=本地实验/R-W4-4/V033/partial-ranking/stage/build/clx_ref_candidate_probe PREFIX=本地实验/R-W4-4/V033/partial-ranking/candidate-paired-r128-w136-fp32-batch64-pair6
REF_HARNESS device=4 shape=128x136 dtype=0 warmup=45 samples=31 blocks=2 bad=0
RUN_EXIT_CODE=0
RUN_END_UTC=2026-10-07T14:08:00.468455362Z
RUN_START_UTC=2026-10-07T14:08:00.471229837Z
KIND=paired WIDTH=136 PAIR=6 SIDE=parent BINARY=本地实验/R-W4-4/V033/partial-ranking/stage/build/clx_ref_parent_probe PREFIX=本地实验/R-W4-4/V033/partial-ranking/parent-paired-r128-w136-fp32-batch64-pair6
REF_HARNESS device=4 shape=128x136 dtype=0 warmup=45 samples=31 blocks=2 bad=0
RUN_EXIT_CODE=0
RUN_END_UTC=2026-10-07T14:08:07.228816799Z
LOCAL_EXIT_CODE=0
LOCAL_END_UTC=2026-10-07T14:08:07.231660984Z
