ROUTE=SYNC-BARRIER-ELISION-X
REVISION=V025
DIRECT_PARENT=R31B-V011
HOST=hwnput3
DEVICE=3
CANDIDATE_SOURCE_SHA256=92afad39c7bcfe3331150f5627ff996d81645f2d1230d6cb1a612660ee91e12e
PARENT_SOURCE_SHA256=a8c19a1972207acc67e3fb0cd393cc70b0a4b183d1eaf5610edf80c2879b15e3
COMPILE=PASS
CORRECTNESS_START=2026-10-07T15:13:42Z
+------------------------------------------------------------------------------------------------+
| npu-smi 25.0.rc1.1               Version: 25.0.rc1.1                                           |
+---------------------------+---------------+----------------------------------------------------+
| NPU   Name                | Health        | Power(W)    Temp(C)           Hugepages-Usage(page)|
| Chip                      | Bus-Id        | AICore(%)   Memory-Usage(MB)  HBM-Usage(MB)        |
+===========================+===============+====================================================+
| 0     910B3               | OK            | 131.8       31                0    / 0             |
| 0                         | 0000:C1:00.0  | 11          0    / 0          7591 / 65536         |
+===========================+===============+====================================================+
| 1     910B3               | OK            | 132.1       32                0    / 0             |
| 0                         | 0000:C2:00.0  | 15          0    / 0          9175 / 65536         |
+===========================+===============+====================================================+
| 2     910B3               | OK            | 97.4        32                0    / 0             |
| 0                         | 0000:81:00.0  | 1           0    / 0          7454 / 65536         |
+===========================+===============+====================================================+
| 3     910B3               | OK            | 90.4        30                0    / 0             |
| 0                         | 0000:82:00.0  | 0           0    / 0          3426 / 65536         |
+===========================+===============+====================================================+
| 4     910B3               | OK            | 89.7        36                0    / 0             |
| 0                         | 0000:01:00.0  | 0           0    / 0          59192/ 65536         |
+===========================+===============+====================================================+
| 5     910B3               | OK            | 185.8       53                0    / 0             |
| 0                         | 0000:02:00.0  | 46          0    / 0          61587/ 65536         |
+===========================+===============+====================================================+
| 6     910B3               | OK            | 166.3       48                0    / 0             |
| 0                         | 0000:41:00.0  | 43          0    / 0          60221/ 65536         |
+===========================+===============+====================================================+
| 7     910B3               | OK            | 161.6       43                0    / 0             |
| 0                         | 0000:42:00.0  | 25          0    / 0          33841/ 65536         |
+===========================+===============+====================================================+
+---------------------------+---------------+----------------------------------------------------+
| NPU     Chip              | Process id    | Process name             | Process memory(MB)      |
+===========================+===============+====================================================+
| 0       0                 | 1935459       | python                   | 4216                    |
+===========================+===============+====================================================+
| 1       0                 | 1935455       | python                   | 5748                    |
+===========================+===============+====================================================+
| 2       0                 | 1935458       | python                   | 4086                    |
+===========================+===============+====================================================+
| No running processes found in NPU 3                                                            |
+===========================+===============+====================================================+
| 4       0                 | 2999855       | VLLMEngineCor            | 55666                   |
+===========================+===============+====================================================+
| 5       0                 | 89602         | VLLMWorker_TP            | 56700                   |
| 5       0                 | 1935454       | python                   | 1416                    |
+===========================+===============+====================================================+
| 6       0                 | 91228         | VLLMWorker_TP            | 56701                   |
+===========================+===============+====================================================+
| 7       0                 | 439848        | python3                  | 21260                   |
| 7       0                 | 1820862       | python                   | 9102                    |
+===========================+===============+====================================================+
[ 50%] Building ASC object CMakeFiles/sync_barrier_elision_correctness.dir/support/correctness_runner.asc.o
[100%] Linking ASC executable sync_barrier_elision_correctness
[100%] Built target sync_barrier_elision_correctness
CORRECTNESS_RUNNER_BUILD_RC=0
CORRECTNESS device=3 dtype=fp16 rows=8 width=128 parent_candidate_bit_mismatch=0 result=PASS
CORRECTNESS device=3 dtype=fp16 rows=8 width=256 parent_candidate_bit_mismatch=0 result=PASS
CORRECTNESS device=3 dtype=fp16 rows=8 width=1024 parent_candidate_bit_mismatch=0 result=PASS
CORRECTNESS device=3 dtype=fp16 rows=8 width=2048 parent_candidate_bit_mismatch=0 result=PASS
CORRECTNESS device=3 dtype=fp16 rows=8 width=4096 parent_candidate_bit_mismatch=0 result=PASS
CORRECTNESS_SUMMARY result=PASS cases=5
CORRECTNESS_RUN_RC=0
+------------------------------------------------------------------------------------------------+
| npu-smi 25.0.rc1.1               Version: 25.0.rc1.1                                           |
+---------------------------+---------------+----------------------------------------------------+
| NPU   Name                | Health        | Power(W)    Temp(C)           Hugepages-Usage(page)|
| Chip                      | Bus-Id        | AICore(%)   Memory-Usage(MB)  HBM-Usage(MB)        |
+===========================+===============+====================================================+
| 0     910B3               | OK            | 106.6       30                0    / 0             |
| 0                         | 0000:C1:00.0  | 1           0    / 0          7591 / 65536         |
+===========================+===============+====================================================+
| 1     910B3               | OK            | 106.1       32                0    / 0             |
| 0                         | 0000:C2:00.0  | 1           0    / 0          9175 / 65536         |
+===========================+===============+====================================================+
| 2     910B3               | OK            | 104.1       32                0    / 0             |
| 0                         | 0000:81:00.0  | 1           0    / 0          7454 / 65536         |
+===========================+===============+====================================================+
| 3     910B3               | OK            | 91.2        30                0    / 0             |
| 0                         | 0000:82:00.0  | 0           0    / 0          3427 / 65536         |
+===========================+===============+====================================================+
| 4     910B3               | OK            | 90.3        36                0    / 0             |
| 0                         | 0000:01:00.0  | 0           0    / 0          59192/ 65536         |
+===========================+===============+====================================================+
| 5     910B3               | OK            | 184.9       52                0    / 0             |
| 0                         | 0000:02:00.0  | 51          0    / 0          61587/ 65536         |
+===========================+===============+====================================================+
| 6     910B3               | OK            | 157.7       46                0    / 0             |
| 0                         | 0000:41:00.0  | 35          0    / 0          60221/ 65536         |
+===========================+===============+====================================================+
| 7     910B3               | OK            | 171.8       44                0    / 0             |
| 0                         | 0000:42:00.0  | 22          0    / 0          33841/ 65536         |
+===========================+===============+====================================================+
+---------------------------+---------------+----------------------------------------------------+
| NPU     Chip              | Process id    | Process name             | Process memory(MB)      |
+===========================+===============+====================================================+
| 0       0                 | 1935459       | python                   | 4216                    |
+===========================+===============+====================================================+
| 1       0                 | 1935455       | python                   | 5748                    |
+===========================+===============+====================================================+
| 2       0                 | 1935458       | python                   | 4086                    |
+===========================+===============+====================================================+
| No running processes found in NPU 3                                                            |
+===========================+===============+====================================================+
| 4       0                 | 2999855       | VLLMEngineCor            | 55666                   |
+===========================+===============+====================================================+
| 5       0                 | 89602         | VLLMWorker_TP            | 56700                   |
| 5       0                 | 1935454       | python                   | 1416                    |
+===========================+===============+====================================================+
| 6       0                 | 91228         | VLLMWorker_TP            | 56701                   |
+===========================+===============+====================================================+
| 7       0                 | 439848        | python3                  | 21260                   |
| 7       0                 | 1820862       | python                   | 9102                    |
+===========================+===============+====================================================+
 15:14:14 up 242 days,  2:50, 34 users,  load average: 77.50, 64.98, 60.90
CORRECTNESS_END=2026-10-07T15:14:14Z
RESULT_RC=0
