2026-10-08 06:52:20 [INFO] [405770] [405770] [kernel_parser_worker.cpp:41] Start run KernelParserWorker
2026-10-08 06:52:20 [INFO] [405770] [405781] [kernel_parser_worker.cpp:53] Start parse hash data
2026-10-08 06:52:20 [INFO] [405770] [405780] [kernel_parser_worker.cpp:57] Start parse type info data
2026-10-08 06:52:20 [INFO] [405770] [405781] [kernel_parser_worker.cpp:73] Hash data load from path: /home/data4t2/lelinfeng/w4-r07/V002/results/timing-attribution-20261008/profile/PROF_000001_20261008065214077_RJGDCBJJRBCDABBB/host/data
2026-10-08 06:52:20 [INFO] [405770] [405780] [kernel_parser_worker.cpp:94] Typeinfo data load from path: /home/data4t2/lelinfeng/w4-r07/V002/results/timing-attribution-20261008/profile/PROF_000001_20261008065214077_RJGDCBJJRBCDABBB/host/data
2026-10-08 06:52:20 [INFO] [405770] [405781] [kernel_parser_worker.cpp:76] success get hash data
2026-10-08 06:52:20 [INFO] [405770] [405781] [kernel_parser_worker.cpp:83] success get hashDbDumper
2026-10-08 06:52:20 [INFO] [405770] [405781] [db_runner.cpp:49] Start create GeHashInfo
2026-10-08 06:52:20 [INFO] [405770] [405781] [db_runner.cpp:62] create GeHashInfo success
2026-10-08 06:52:20 [INFO] [405770] [405780] [db_runner.cpp:49] Start create TypeHashInfo
2026-10-08 06:52:20 [INFO] [405770] [405781] [db_runner.h:57] Start insert data to GeHashInfo
2026-10-08 06:52:20 [INFO] [405770] [405781] [db_runner.h:68] insert data to GeHashInfo success
2026-10-08 06:52:20 [INFO] [405770] [405781] [base_dumper.h:52] Dump GeHashInfo data success
2026-10-08 06:52:20 [INFO] [405770] [405780] [db_runner.cpp:62] create TypeHashInfo success
2026-10-08 06:52:20 [INFO] [405770] [405780] [db_runner.h:57] Start insert data to TypeHashInfo
2026-10-08 06:52:20 [INFO] [405770] [405780] [db_runner.h:68] insert data to TypeHashInfo success
2026-10-08 06:52:20 [INFO] [405770] [405780] [base_dumper.h:52] Dump TypeHashInfo data success
2026-10-08 06:52:20 [INFO] [405770] [405770] [time_logger.h:28] HostTraceWorker start
2026-10-08 06:52:20 [INFO] [405770] [405770] [time_logger.h:28] Group all events start
2026-10-08 06:52:20 [INFO] [405770] [405784] [time_logger.h:28] Group FusionOpInfo start
2026-10-08 06:52:20 [INFO] [405770] [405783] [time_logger.h:28] Group Kernel start
2026-10-08 06:52:20 [INFO] [405770] [405786] [time_logger.h:28] Group GraphIdMap start
2026-10-08 06:52:20 [INFO] [405770] [405785] [time_logger.h:28] Group NodeBasicInfo start
2026-10-08 06:52:20 [INFO] [405770] [405790] [time_logger.h:28] Group NodeAttrInfo start
2026-10-08 06:52:20 [INFO] [405770] [405784] [time_logger.h:35] Group FusionOpInfo end, cost time = 0 ms
2026-10-08 06:52:20 [INFO] [405770] [405787] [time_logger.h:28] Group TensorInfo start
2026-10-08 06:52:20 [INFO] [405770] [405788] [time_logger.h:28] Group ContextId start
2026-10-08 06:52:20 [INFO] [405770] [405786] [time_logger.h:35] Group GraphIdMap end, cost time = 0 ms
2026-10-08 06:52:20 [INFO] [405770] [405790] [time_logger.h:35] Group NodeAttrInfo end, cost time = 0 ms
2026-10-08 06:52:20 [INFO] [405770] [405787] [time_logger.h:35] Group TensorInfo end, cost time = 0 ms
2026-10-08 06:52:20 [INFO] [405770] [405786] [time_logger.h:28] Group HcclOpInfo start
2026-10-08 06:52:20 [INFO] [405770] [405789] [time_logger.h:28] Group HcclInfo start
2026-10-08 06:52:20 [INFO] [405770] [405784] [time_logger.h:28] Group TaskTrack start
2026-10-08 06:52:20 [INFO] [405770] [405788] [time_logger.h:35] Group ContextId end, cost time = 0 ms
2026-10-08 06:52:20 [INFO] [405770] [405786] [time_logger.h:35] Group HcclOpInfo end, cost time = 0 ms
2026-10-08 06:52:20 [INFO] [405770] [405789] [time_logger.h:35] Group HcclInfo end, cost time = 0 ms
2026-10-08 06:52:20 [INFO] [405770] [405785] [time_logger.h:35] Group NodeBasicInfo end, cost time = 0 ms
2026-10-08 06:52:20 [INFO] [405770] [405784] [time_logger.h:35] Group TaskTrack end, cost time = 0 ms
2026-10-08 06:52:20 [INFO] [405770] [405783] [time_logger.h:35] Group Kernel end, cost time = 1 ms
2026-10-08 06:52:20 [INFO] [405770] [405770] [event_grouper.cpp:122] After group events, Kernel: 951, GraphId: 0, FusionOp: 0, NodeBasic: 222, NodeAttr: 0, Tensor: 0, ContextId: 0, HcclInfo: 0, TaskTrack: 526, HcclOpInfo: 0, thread: 404720
2026-10-08 06:52:20 [INFO] [405770] [405770] [time_logger.h:35] Group all events end, cost time = 2 ms
2026-10-08 06:52:20 [INFO] [405770] [405791] [time_logger.h:28] Dump api data start start
2026-10-08 06:52:20 [INFO] [405770] [405792] [time_logger.h:28] Dump flip tasks data start start
2026-10-08 06:52:20 [INFO] [405770] [405800] [time_logger.h:28] Dump model name data start start
2026-10-08 06:52:20 [INFO] [405770] [405793] [time_logger.h:28] Multi thread build tree start
2026-10-08 06:52:20 [INFO] [405770] [405792] [db_runner.cpp:49] Start create HostTaskFlip
2026-10-08 06:52:20 [INFO] [405770] [405791] [db_runner.cpp:49] Start create ApiData
2026-10-08 06:52:20 [WARN] [405770] [405800] [base_dumper.h:38] Input data is empty, pass dump
2026-10-08 06:52:20 [INFO] [405770] [405800] [time_logger.h:35] Dump model name data start end, cost time = 0 ms
2026-10-08 06:52:20 [INFO] [405770] [405802] [host_trace_worker.cpp:66] Start multi thread build tree, threadId = 404720
2026-10-08 06:52:20 [INFO] [405770] [405791] [db_runner.cpp:62] create ApiData success
2026-10-08 06:52:20 [INFO] [405770] [405792] [db_runner.cpp:62] create HostTaskFlip success
2026-10-08 06:52:20 [INFO] [405770] [405792] [db_runner.h:57] Start insert data to HostTaskFlip
2026-10-08 06:52:20 [INFO] [405770] [405802] [event_queue.cpp:70] EventQueue for thread 404720 is empty
2026-10-08 06:52:20 [INFO] [405770] [405802] [event_queue.cpp:70] EventQueue for thread 404720 is empty
2026-10-08 06:52:20 [INFO] [405770] [405792] [db_runner.h:68] insert data to HostTaskFlip success
2026-10-08 06:52:20 [INFO] [405770] [405792] [base_dumper.h:52] Dump HostTaskFlip data success
2026-10-08 06:52:20 [INFO] [405770] [405792] [time_logger.h:35] Dump flip tasks data start end, cost time = 1 ms
2026-10-08 06:52:20 [WARN] [405770] [405812] [tree_builder.cpp:188] No Events, event type: 8, threadId = 404720
2026-10-08 06:52:20 [WARN] [405770] [405814] [tree_builder.cpp:188] No Events, event type: 6, threadId = 404720
2026-10-08 06:52:20 [INFO] [405770] [405813] [tree_builder.cpp:230] Add LevelEvents done, threadId = 404720, event type: 2, matchCnt = 222, mismatchCnt = 0 
2026-10-08 06:52:20 [WARN] [405770] [405813] [tree_builder.cpp:188] No Events, event type: 3, threadId = 404720
2026-10-08 06:52:20 [WARN] [405770] [405813] [tree_builder.cpp:188] No Events, event type: 4, threadId = 404720
2026-10-08 06:52:20 [WARN] [405770] [405814] [tree_builder.cpp:188] No Events, event type: 5, threadId = 404720
2026-10-08 06:52:20 [WARN] [405770] [405813] [tree_builder.cpp:188] No Events, event type: 6, threadId = 404720
2026-10-08 06:52:20 [WARN] [405770] [405813] [tree_builder.cpp:188] No Events, event type: 10, threadId = 404720
2026-10-08 06:52:20 [INFO] [405770] [405791] [db_runner.h:57] Start insert data to ApiData
2026-10-08 06:52:20 [INFO] [405770] [405802] [tree_builder.cpp:69] Build Tree End, ThreadId = 404720
2026-10-08 06:52:20 [INFO] [405770] [405802] [host_trace_worker.cpp:76] Multi thread build tree done, threadId = 404720
2026-10-08 06:52:20 [INFO] [405770] [405793] [time_logger.h:35] Multi thread build tree end, cost time = 2 ms
2026-10-08 06:52:20 [INFO] [405770] [405793] [time_logger.h:28] Multi thread analyze tree and dump data start
2026-10-08 06:52:20 [INFO] [405770] [405815] [host_trace_worker.cpp:92] Start analyze tree and dump data, threadId = 404720
2026-10-08 06:52:20 [INFO] [405770] [405815] [time_logger.h:28] Dump CANN data start
2026-10-08 06:52:20 [INFO] [405770] [405829] [cann_trace_db_dumper.cpp:142] Empty hccl OPs
2026-10-08 06:52:20 [INFO] [405770] [405827] [time_logger.h:28] Dump host tasks start
2026-10-08 06:52:20 [INFO] [405770] [405829] [cann_trace_db_dumper.cpp:361] Empty hccl tasks
2026-10-08 06:52:20 [INFO] [405770] [405826] [time_logger.h:28] DumpOpDesc Start start
2026-10-08 06:52:20 [INFO] [405770] [405828] [cann_trace_db_dumper.cpp:414] Empty geFusionOps
2026-10-08 06:52:20 [INFO] [405770] [405827] [db_runner.cpp:49] Start create HostTask
2026-10-08 06:52:20 [INFO] [405770] [405826] [db_runner.cpp:49] Start create TaskInfo
2026-10-08 06:52:20 [INFO] [405770] [405827] [db_runner.cpp:62] create HostTask success
2026-10-08 06:52:20 [INFO] [405770] [405826] [db_runner.cpp:62] create TaskInfo success
2026-10-08 06:52:20 [INFO] [405770] [405827] [db_runner.h:57] Start insert data to HostTask
2026-10-08 06:52:20 [INFO] [405770] [405826] [db_runner.h:57] Start insert data to TaskInfo
2026-10-08 06:52:20 [INFO] [405770] [405826] [db_runner.h:68] insert data to TaskInfo success
2026-10-08 06:52:20 [INFO] [405770] [405826] [time_logger.h:35] DumpOpDesc Start end, cost time = 4 ms
2026-10-08 06:52:20 [INFO] [405770] [405827] [db_runner.h:68] insert data to HostTask success
2026-10-08 06:52:20 [INFO] [405770] [405827] [time_logger.h:35] Dump host tasks end, cost time = 5 ms
2026-10-08 06:52:20 [INFO] [405770] [405815] [time_logger.h:35] Dump CANN data end, cost time = 6 ms
2026-10-08 06:52:20 [INFO] [405770] [405815] [host_trace_worker.cpp:100] Dump cann trace data done, threadId = 404720
2026-10-08 06:52:20 [INFO] [405770] [405793] [time_logger.h:35] Multi thread analyze tree and dump data end, cost time = 8 ms
2026-10-08 06:52:20 [INFO] [405770] [405791] [db_runner.h:68] insert data to ApiData success
2026-10-08 06:52:20 [INFO] [405770] [405791] [base_dumper.h:52] Dump ApiData data success
2026-10-08 06:52:20 [INFO] [405770] [405791] [time_logger.h:35] Dump api data start end, cost time = 17 ms
2026-10-08 06:52:20 [INFO] [405770] [405770] [time_logger.h:28] Dump memcpy info data start start
2026-10-08 06:52:20 [INFO] [405770] [405770] [db_runner.cpp:49] Start create MemcpyInfo
2026-10-08 06:52:20 [INFO] [405770] [405770] [db_runner.cpp:62] create MemcpyInfo success
2026-10-08 06:52:20 [INFO] [405770] [405770] [db_runner.h:75] Start query data
2026-10-08 06:52:20 [INFO] [405770] [405770] [db_runner.h:86] Query data success: SELECT thread_id, timestamp, stream_id, batch_id, task_id, device_id FROM HostTask WHERE task_type='MEMCPY_ASYNC' ORDER BY batch_id ASC, task_id ASC;
2026-10-08 06:52:20 [INFO] [405770] [405770] [db_runner.h:57] Start insert data to MemcpyInfo
2026-10-08 06:52:20 [INFO] [405770] [405770] [db_runner.h:68] insert data to MemcpyInfo success
2026-10-08 06:52:20 [INFO] [405770] [405770] [base_dumper.h:52] Dump MemcpyInfo data success
2026-10-08 06:52:20 [INFO] [405770] [405770] [time_logger.h:35] Dump memcpy info data start end, cost time = 1 ms
2026-10-08 06:52:20 [INFO] [405770] [405770] [time_logger.h:35] HostTraceWorker end, cost time = 22 ms
