V046_INITIAL_INVOCATION_FAILURE=rc:1; command used set -euo pipefail; exact stderr: /usr/local/Ascend/ascend-toolkit/set_env.sh: line 1: LD_LIBRARY_PATH: unbound variable
V046_COMPILE_RETRY_START_UTC=2026-10-07T19:17:02.965184431Z
HOST=hwnput3
CHANGE=kSmallFp32BatchMaxWidth 4480->4608
CPLUS_INCLUDE_PATH=/usr/include/c++/11:/usr/include/aarch64-linux-gnu/c++/11:/usr/include/c++/11/backward
LD_LIBRARY_PATH=/usr/lib/aarch64-linux-gnu:/usr/local/Ascend/ascend-toolkit/latest/tools/aml/lib64:/usr/local/Ascend/ascend-toolkit/latest/tools/aml/lib64/plugin:/usr/local/Ascend/ascend-toolkit/latest/lib64:/usr/local/Ascend/ascend-toolkit/latest/lib64/plugin/opskernel:/usr/local/Ascend/ascend-toolkit/latest/lib64/plugin/nnengine:/usr/local/Ascend/ascend-toolkit/latest/opp/built-in/op_impl/ai_core/tbe/op_tiling/lib/linux/aarch64:/usr/local/Ascend/driver/lib64:/usr/local/Ascend/driver/lib64/common:/usr/local/Ascend/driver/lib64/driver:
PARENT_SHA256=a8c19a1972207acc67e3fb0cd393cc70b0a4b183d1eaf5610edf80c2879b15e3  本地实验/R-W4-4/V046/partial-ranking/stage/parent.asc
CANDIDATE_SHA256=7ee85626738e5bf792731103bad358862d521b262bb0c35b2dcd096400aec285  本地实验/R-W4-4/V046/submission.asc
-- The CXX compiler identification is Clang 15.0.5
-- Detecting CXX compiler ABI info
-- Detecting CXX compiler ABI info - done
-- Check for working CXX compiler: /usr/local/Ascend/ascend-toolkit/8.5.0.alpha002/aarch64-linux/ccec_compiler/bin/bisheng - skipped
-- Detecting CXX compile features
-- Detecting CXX compile features - done
-- Configuring done
-- Generating done
-- Build files have been written to: /home/data4t2/lelinfeng/cann-r-w4-4/本地实验/R-W4-4/V046/build-cmake
Built target device
[100%] Building CXX object CMakeFiles/submission.dir/src/adapter.cpp.o
[100%] Built target submission
V046_ROUTE_COMPILE=PASS
CMake Warning at /usr/local/Ascend/ascend-toolkit/latest/aarch64-linux/tikcpp/ascendc_kernel_cmake/ASC_CMake/CMakeDetermineASCCompiler.cmake:7 (message):
  ASCEND_CANN_PACKAGE_PATH is not set.  Set to env variable ASCEND_HOME_PATH.
Call Stack (most recent call first):
  CMakeLists.txt:11 (project)


-- CMAKE_ASC_COMPILER: /usr/local/Ascend/ascend-toolkit/latest/compiler/ccec_compiler/bin/bisheng
CMake Warning at /usr/local/Ascend/ascend-toolkit/latest/aarch64-linux/tikcpp/ascendc_kernel_cmake/ASC_CMake/CMakeDetermineASCCompiler.cmake:47 (message):
  CMAKE_BUILD_TYPE is not set.  Set to default value Release.
Call Stack (most recent call first):
  CMakeLists.txt:11 (project)


CMake Warning at /usr/local/Ascend/ascend-toolkit/latest/aarch64-linux/tikcpp/ascendc_kernel_cmake/ASC_CMake/CMakeDetermineASCCompiler.cmake:57 (message):
  CMAKE_INSTALL_PREFIX is not set.  Set to default value
  /home/data4t2/lelinfeng/cann-r-w4-4/本地实验/R-W4-4/V046/partial-ranking/stage/out.
Call Stack (most recent call first):
  CMakeLists.txt:11 (project)


-- CMAKE_BUILD_TYPE: Release
-- CMAKE_INSTALL_PREFIX: /home/data4t2/lelinfeng/cann-r-w4-4/本地实验/R-W4-4/V046/partial-ranking/stage/out
-- ASCEND_CANN_PACKAGE_PATH: /usr/local/Ascend/ascend-toolkit/latest
-- CMAKE_ASC_LLD_LINKER: /usr/local/Ascend/ascend-toolkit/latest/tools/ccec_compiler/bin/ld.lld
-- The CXX compiler identification is GNU 11.4.0
-- Detecting CXX compiler ABI info
-- Detecting CXX compiler ABI info - done
-- Check for working CXX compiler: /usr/bin/c++ - skipped
-- Detecting CXX compile features
-- Detecting CXX compile features - done
-- Configuring done
-- Generating done
-- Build files have been written to: /home/data4t2/lelinfeng/cann-r-w4-4/本地实验/R-W4-4/V046/partial-ranking/stage/build-v046
[ 50%] Building ASC object CMakeFiles/clx_ref_parent_probe.dir/runner_ref_parent.asc.o
In file included from /home/data4t2/lelinfeng/cann-r-w4-4/本地实验/R-W4-4/V046/partial-ranking/stage/runner_ref_parent.asc:2:
/home/data4t2/lelinfeng/cann-r-w4-4/本地实验/R-W4-4/V046/partial-ranking/stage/runner_ref.inc:254:21: warning: 'cce_global' attribute ignored when parsing type [-Wignored-attributes]
        run_kernel((GM_ADDR)deviceX, infoX, (GM_ADDR)deviceR, infoR,
                    ^~~~~~~
/usr/local/Ascend/ascend-toolkit/8.5.0.alpha002/compiler/tikcpp/tikcfw/impl/utils/kernel_utils_macros.h:18:17: note: expanded from macro 'GM_ADDR'
#define GM_ADDR __gm__ uint8_t*
                ^~~~~~
/usr/local/Ascend/ascend-toolkit/8.5.0.alpha002/aarch64-linux/ccec_compiler/lib/clang/15.0.5/include/__clang_cce_defines.h:47:31: note: expanded from macro '__gm__'
#define __gm__ __attribute__((cce_global))
                              ^~~~~~~~~~
In file included from /home/data4t2/lelinfeng/cann-r-w4-4/本地实验/R-W4-4/V046/partial-ranking/stage/runner_ref_parent.asc:2:
/home/data4t2/lelinfeng/cann-r-w4-4/本地实验/R-W4-4/V046/partial-ranking/stage/runner_ref.inc:254:46: warning: 'cce_global' attribute ignored when parsing type [-Wignored-attributes]
        run_kernel((GM_ADDR)deviceX, infoX, (GM_ADDR)deviceR, infoR,
                                             ^~~~~~~
/usr/local/Ascend/ascend-toolkit/8.5.0.alpha002/compiler/tikcpp/tikcfw/impl/utils/kernel_utils_macros.h:18:17: note: expanded from macro 'GM_ADDR'
#define GM_ADDR __gm__ uint8_t*
                ^~~~~~
/usr/local/Ascend/ascend-toolkit/8.5.0.alpha002/aarch64-linux/ccec_compiler/lib/clang/15.0.5/include/__clang_cce_defines.h:47:31: note: expanded from macro '__gm__'
#define __gm__ __attribute__((cce_global))
                              ^~~~~~~~~~
In file included from /home/data4t2/lelinfeng/cann-r-w4-4/本地实验/R-W4-4/V046/partial-ranking/stage/runner_ref_parent.asc:2:
/home/data4t2/lelinfeng/cann-r-w4-4/本地实验/R-W4-4/V046/partial-ranking/stage/runner_ref.inc:255:21: warning: 'cce_global' attribute ignored when parsing type [-Wignored-attributes]
                   (GM_ADDR)deviceG, infoG, (GM_ADDR)deviceB, infoB,
                    ^~~~~~~
/usr/local/Ascend/ascend-toolkit/8.5.0.alpha002/compiler/tikcpp/tikcfw/impl/utils/kernel_utils_macros.h:18:17: note: expanded from macro 'GM_ADDR'
#define GM_ADDR __gm__ uint8_t*
                ^~~~~~
/usr/local/Ascend/ascend-toolkit/8.5.0.alpha002/aarch64-linux/ccec_compiler/lib/clang/15.0.5/include/__clang_cce_defines.h:47:31: note: expanded from macro '__gm__'
#define __gm__ __attribute__((cce_global))
                              ^~~~~~~~~~
In file included from /home/data4t2/lelinfeng/cann-r-w4-4/本地实验/R-W4-4/V046/partial-ranking/stage/runner_ref_parent.asc:2:
/home/data4t2/lelinfeng/cann-r-w4-4/本地实验/R-W4-4/V046/partial-ranking/stage/runner_ref.inc:255:46: warning: 'cce_global' attribute ignored when parsing type [-Wignored-attributes]
                   (GM_ADDR)deviceG, infoG, (GM_ADDR)deviceB, infoB,
                                             ^~~~~~~
/usr/local/Ascend/ascend-toolkit/8.5.0.alpha002/compiler/tikcpp/tikcfw/impl/utils/kernel_utils_macros.h:18:17: note: expanded from macro 'GM_ADDR'
#define GM_ADDR __gm__ uint8_t*
                ^~~~~~
/usr/local/Ascend/ascend-toolkit/8.5.0.alpha002/aarch64-linux/ccec_compiler/lib/clang/15.0.5/include/__clang_cce_defines.h:47:31: note: expanded from macro '__gm__'
#define __gm__ __attribute__((cce_global))
                              ^~~~~~~~~~
In file included from /home/data4t2/lelinfeng/cann-r-w4-4/本地实验/R-W4-4/V046/partial-ranking/stage/runner_ref_parent.asc:2:
/home/data4t2/lelinfeng/cann-r-w4-4/本地实验/R-W4-4/V046/partial-ranking/stage/runner_ref.inc:256:21: warning: 'cce_global' attribute ignored when parsing type [-Wignored-attributes]
                   (GM_ADDR)deviceOut, infoO, availableCoreNum, stream, kEpsilon);
                    ^~~~~~~
/usr/local/Ascend/ascend-toolkit/8.5.0.alpha002/compiler/tikcpp/tikcfw/impl/utils/kernel_utils_macros.h:18:17: note: expanded from macro 'GM_ADDR'
#define GM_ADDR __gm__ uint8_t*
                ^~~~~~
/usr/local/Ascend/ascend-toolkit/8.5.0.alpha002/aarch64-linux/ccec_compiler/lib/clang/15.0.5/include/__clang_cce_defines.h:47:31: note: expanded from macro '__gm__'
#define __gm__ __attribute__((cce_global))
                              ^~~~~~~~~~
In file included from /home/data4t2/lelinfeng/cann-r-w4-4/本地实验/R-W4-4/V046/partial-ranking/stage/runner_ref_parent.asc:2:
/home/data4t2/lelinfeng/cann-r-w4-4/本地实验/R-W4-4/V046/partial-ranking/stage/runner_ref.inc:385:57: warning: format specifies type 'int' but the argument has type 'int64_t' (aka 'long') [-Wformat]
                deviceId, static_cast<long long>(rows), width, dtype, warmup, samples, blocks, bad);
                                                        ^~~~~
6 warnings generated.
In file included from /home/data4t2/lelinfeng/cann-r-w4-4/本地实验/R-W4-4/V046/partial-ranking/stage/runner_ref_parent.asc:2:
/home/data4t2/lelinfeng/cann-r-w4-4/本地实验/R-W4-4/V046/partial-ranking/stage/runner_ref.inc:385:57: warning: format specifies type 'int' but the argument has type 'int64_t' (aka 'long') [-Wformat]
1 warning generated.
Warning: please refer to the above warning message. 
In file included from /home/data4t2/lelinfeng/cann-r-w4-4/本地实验/R-W4-4/V046/partial-ranking/stage/runner_ref_parent.asc:2:
/home/data4t2/lelinfeng/cann-r-w4-4/本地实验/R-W4-4/V046/partial-ranking/stage/runner_ref.inc:385:57: warning: format specifies type 'int' but the argument has type 'int64_t' (aka 'long') [-Wformat]
1 warning generated.
Warning: please refer to the above warning message. 
In file included from /home/data4t2/lelinfeng/cann-r-w4-4/本地实验/R-W4-4/V046/partial-ranking/stage/runner_ref_parent.asc:2:
/home/data4t2/lelinfeng/cann-r-w4-4/本地实验/R-W4-4/V046/partial-ranking/stage/runner_ref.inc:254:21: warning: 'cce_global' attribute ignored when parsing type [-Wignored-attributes]
/usr/local/Ascend/ascend-toolkit/8.5.0.alpha002/compiler/tikcpp/tikcfw/impl/utils/kernel_utils_macros.h:18:17: note: expanded from macro 'GM_ADDR'
/usr/local/Ascend/ascend-toolkit/8.5.0.alpha002/aarch64-linux/ccec_compiler/lib/clang/15.0.5/include/__clang_cce_defines.h:47:31: note: expanded from macro '__gm__'
In file included from /home/data4t2/lelinfeng/cann-r-w4-4/本地实验/R-W4-4/V046/partial-ranking/stage/runner_ref_parent.asc:2:
/home/data4t2/lelinfeng/cann-r-w4-4/本地实验/R-W4-4/V046/partial-ranking/stage/runner_ref.inc:254:46: warning: 'cce_global' attribute ignored when parsing type [-Wignored-attributes]
/usr/local/Ascend/ascend-toolkit/8.5.0.alpha002/compiler/tikcpp/tikcfw/impl/utils/kernel_utils_macros.h:18:17: note: expanded from macro 'GM_ADDR'
/usr/local/Ascend/ascend-toolkit/8.5.0.alpha002/aarch64-linux/ccec_compiler/lib/clang/15.0.5/include/__clang_cce_defines.h:47:31: note: expanded from macro '__gm__'
In file included from /home/data4t2/lelinfeng/cann-r-w4-4/本地实验/R-W4-4/V046/partial-ranking/stage/runner_ref_parent.asc:2:
/home/data4t2/lelinfeng/cann-r-w4-4/本地实验/R-W4-4/V046/partial-ranking/stage/runner_ref.inc:255:21: warning: 'cce_global' attribute ignored when parsing type [-Wignored-attributes]
/usr/local/Ascend/ascend-toolkit/8.5.0.alpha002/compiler/tikcpp/tikcfw/impl/utils/kernel_utils_macros.h:18:17: note: expanded from macro 'GM_ADDR'
/usr/local/Ascend/ascend-toolkit/8.5.0.alpha002/aarch64-linux/ccec_compiler/lib/clang/15.0.5/include/__clang_cce_defines.h:47:31: note: expanded from macro '__gm__'
In file included from /home/data4t2/lelinfeng/cann-r-w4-4/本地实验/R-W4-4/V046/partial-ranking/stage/runner_ref_parent.asc:2:
/home/data4t2/lelinfeng/cann-r-w4-4/本地实验/R-W4-4/V046/partial-ranking/stage/runner_ref.inc:255:46: warning: 'cce_global' attribute ignored when parsing type [-Wignored-attributes]
/usr/local/Ascend/ascend-toolkit/8.5.0.alpha002/compiler/tikcpp/tikcfw/impl/utils/kernel_utils_macros.h:18:17: note: expanded from macro 'GM_ADDR'
/usr/local/Ascend/ascend-toolkit/8.5.0.alpha002/aarch64-linux/ccec_compiler/lib/clang/15.0.5/include/__clang_cce_defines.h:47:31: note: expanded from macro '__gm__'
In file included from /home/data4t2/lelinfeng/cann-r-w4-4/本地实验/R-W4-4/V046/partial-ranking/stage/runner_ref_parent.asc:2:
/home/data4t2/lelinfeng/cann-r-w4-4/本地实验/R-W4-4/V046/partial-ranking/stage/runner_ref.inc:256:21: warning: 'cce_global' attribute ignored when parsing type [-Wignored-attributes]
/usr/local/Ascend/ascend-toolkit/8.5.0.alpha002/compiler/tikcpp/tikcfw/impl/utils/kernel_utils_macros.h:18:17: note: expanded from macro 'GM_ADDR'
/usr/local/Ascend/ascend-toolkit/8.5.0.alpha002/aarch64-linux/ccec_compiler/lib/clang/15.0.5/include/__clang_cce_defines.h:47:31: note: expanded from macro '__gm__'
In file included from /home/data4t2/lelinfeng/cann-r-w4-4/本地实验/R-W4-4/V046/partial-ranking/stage/runner_ref_parent.asc:2:
/home/data4t2/lelinfeng/cann-r-w4-4/本地实验/R-W4-4/V046/partial-ranking/stage/runner_ref.inc:385:57: warning: format specifies type 'int' but the argument has type 'int64_t' (aka 'long') [-Wformat]
6 warnings generated.
Warning: please refer to the above warning message. 
Warning: please refer to the above warning message. 
Warning: please refer to the above warning message. 
Warning: please refer to the above warning message. 
Warning: please refer to the above warning message. 
Warning: please refer to the above warning message. 
Warning: please refer to the above warning message. 
Warning: please refer to the above warning message. 
Warning: please refer to the above warning message. 
Warning: please refer to the above warning message. 
Warning: please refer to the above warning message. 
Warning: please refer to the above warning message. 
Warning: please refer to the above warning message. 
Warning: please refer to the above warning message. 
Warning: please refer to the above warning message. 
Warning: please refer to the above warning message. 
[100%] Linking ASC executable clx_ref_parent_probe
[100%] Built target clx_ref_parent_probe
[ 50%] Building ASC object CMakeFiles/clx_ref_candidate_probe.dir/runner_ref_candidate.asc.o
In file included from /home/data4t2/lelinfeng/cann-r-w4-4/本地实验/R-W4-4/V046/partial-ranking/stage/runner_ref_candidate.asc:2:
/home/data4t2/lelinfeng/cann-r-w4-4/本地实验/R-W4-4/V046/partial-ranking/stage/runner_ref.inc:254:21: warning: 'cce_global' attribute ignored when parsing type [-Wignored-attributes]
        run_kernel((GM_ADDR)deviceX, infoX, (GM_ADDR)deviceR, infoR,
                    ^~~~~~~
/usr/local/Ascend/ascend-toolkit/8.5.0.alpha002/compiler/tikcpp/tikcfw/impl/utils/kernel_utils_macros.h:18:17: note: expanded from macro 'GM_ADDR'
#define GM_ADDR __gm__ uint8_t*
                ^~~~~~
/usr/local/Ascend/ascend-toolkit/8.5.0.alpha002/aarch64-linux/ccec_compiler/lib/clang/15.0.5/include/__clang_cce_defines.h:47:31: note: expanded from macro '__gm__'
#define __gm__ __attribute__((cce_global))
                              ^~~~~~~~~~
In file included from /home/data4t2/lelinfeng/cann-r-w4-4/本地实验/R-W4-4/V046/partial-ranking/stage/runner_ref_candidate.asc:2:
/home/data4t2/lelinfeng/cann-r-w4-4/本地实验/R-W4-4/V046/partial-ranking/stage/runner_ref.inc:254:46: warning: 'cce_global' attribute ignored when parsing type [-Wignored-attributes]
        run_kernel((GM_ADDR)deviceX, infoX, (GM_ADDR)deviceR, infoR,
                                             ^~~~~~~
/usr/local/Ascend/ascend-toolkit/8.5.0.alpha002/compiler/tikcpp/tikcfw/impl/utils/kernel_utils_macros.h:18:17: note: expanded from macro 'GM_ADDR'
#define GM_ADDR __gm__ uint8_t*
                ^~~~~~
/usr/local/Ascend/ascend-toolkit/8.5.0.alpha002/aarch64-linux/ccec_compiler/lib/clang/15.0.5/include/__clang_cce_defines.h:47:31: note: expanded from macro '__gm__'
#define __gm__ __attribute__((cce_global))
                              ^~~~~~~~~~
In file included from /home/data4t2/lelinfeng/cann-r-w4-4/本地实验/R-W4-4/V046/partial-ranking/stage/runner_ref_candidate.asc:2:
/home/data4t2/lelinfeng/cann-r-w4-4/本地实验/R-W4-4/V046/partial-ranking/stage/runner_ref.inc:255:21: warning: 'cce_global' attribute ignored when parsing type [-Wignored-attributes]
                   (GM_ADDR)deviceG, infoG, (GM_ADDR)deviceB, infoB,
                    ^~~~~~~
/usr/local/Ascend/ascend-toolkit/8.5.0.alpha002/compiler/tikcpp/tikcfw/impl/utils/kernel_utils_macros.h:18:17: note: expanded from macro 'GM_ADDR'
#define GM_ADDR __gm__ uint8_t*
                ^~~~~~
/usr/local/Ascend/ascend-toolkit/8.5.0.alpha002/aarch64-linux/ccec_compiler/lib/clang/15.0.5/include/__clang_cce_defines.h:47:31: note: expanded from macro '__gm__'
#define __gm__ __attribute__((cce_global))
                              ^~~~~~~~~~
In file included from /home/data4t2/lelinfeng/cann-r-w4-4/本地实验/R-W4-4/V046/partial-ranking/stage/runner_ref_candidate.asc:2:
/home/data4t2/lelinfeng/cann-r-w4-4/本地实验/R-W4-4/V046/partial-ranking/stage/runner_ref.inc:255:46: warning: 'cce_global' attribute ignored when parsing type [-Wignored-attributes]
                   (GM_ADDR)deviceG, infoG, (GM_ADDR)deviceB, infoB,
                                             ^~~~~~~
/usr/local/Ascend/ascend-toolkit/8.5.0.alpha002/compiler/tikcpp/tikcfw/impl/utils/kernel_utils_macros.h:18:17: note: expanded from macro 'GM_ADDR'
#define GM_ADDR __gm__ uint8_t*
                ^~~~~~
/usr/local/Ascend/ascend-toolkit/8.5.0.alpha002/aarch64-linux/ccec_compiler/lib/clang/15.0.5/include/__clang_cce_defines.h:47:31: note: expanded from macro '__gm__'
#define __gm__ __attribute__((cce_global))
                              ^~~~~~~~~~
In file included from /home/data4t2/lelinfeng/cann-r-w4-4/本地实验/R-W4-4/V046/partial-ranking/stage/runner_ref_candidate.asc:2:
/home/data4t2/lelinfeng/cann-r-w4-4/本地实验/R-W4-4/V046/partial-ranking/stage/runner_ref.inc:256:21: warning: 'cce_global' attribute ignored when parsing type [-Wignored-attributes]
                   (GM_ADDR)deviceOut, infoO, availableCoreNum, stream, kEpsilon);
                    ^~~~~~~
/usr/local/Ascend/ascend-toolkit/8.5.0.alpha002/compiler/tikcpp/tikcfw/impl/utils/kernel_utils_macros.h:18:17: note: expanded from macro 'GM_ADDR'
#define GM_ADDR __gm__ uint8_t*
                ^~~~~~
/usr/local/Ascend/ascend-toolkit/8.5.0.alpha002/aarch64-linux/ccec_compiler/lib/clang/15.0.5/include/__clang_cce_defines.h:47:31: note: expanded from macro '__gm__'
#define __gm__ __attribute__((cce_global))
                              ^~~~~~~~~~
In file included from /home/data4t2/lelinfeng/cann-r-w4-4/本地实验/R-W4-4/V046/partial-ranking/stage/runner_ref_candidate.asc:2:
/home/data4t2/lelinfeng/cann-r-w4-4/本地实验/R-W4-4/V046/partial-ranking/stage/runner_ref.inc:385:57: warning: format specifies type 'int' but the argument has type 'int64_t' (aka 'long') [-Wformat]
                deviceId, static_cast<long long>(rows), width, dtype, warmup, samples, blocks, bad);
                                                        ^~~~~
6 warnings generated.
In file included from /home/data4t2/lelinfeng/cann-r-w4-4/本地实验/R-W4-4/V046/partial-ranking/stage/runner_ref_candidate.asc:2:
/home/data4t2/lelinfeng/cann-r-w4-4/本地实验/R-W4-4/V046/partial-ranking/stage/runner_ref.inc:385:57: warning: format specifies type 'int' but the argument has type 'int64_t' (aka 'long') [-Wformat]
1 warning generated.
Warning: please refer to the above warning message. 
In file included from /home/data4t2/lelinfeng/cann-r-w4-4/本地实验/R-W4-4/V046/partial-ranking/stage/runner_ref_candidate.asc:2:
/home/data4t2/lelinfeng/cann-r-w4-4/本地实验/R-W4-4/V046/partial-ranking/stage/runner_ref.inc:385:57: warning: format specifies type 'int' but the argument has type 'int64_t' (aka 'long') [-Wformat]
1 warning generated.
Warning: please refer to the above warning message. 
In file included from /home/data4t2/lelinfeng/cann-r-w4-4/本地实验/R-W4-4/V046/partial-ranking/stage/runner_ref_candidate.asc:2:
/home/data4t2/lelinfeng/cann-r-w4-4/本地实验/R-W4-4/V046/partial-ranking/stage/runner_ref.inc:254:21: warning: 'cce_global' attribute ignored when parsing type [-Wignored-attributes]
/usr/local/Ascend/ascend-toolkit/8.5.0.alpha002/compiler/tikcpp/tikcfw/impl/utils/kernel_utils_macros.h:18:17: note: expanded from macro 'GM_ADDR'
/usr/local/Ascend/ascend-toolkit/8.5.0.alpha002/aarch64-linux/ccec_compiler/lib/clang/15.0.5/include/__clang_cce_defines.h:47:31: note: expanded from macro '__gm__'
In file included from /home/data4t2/lelinfeng/cann-r-w4-4/本地实验/R-W4-4/V046/partial-ranking/stage/runner_ref_candidate.asc:2:
/home/data4t2/lelinfeng/cann-r-w4-4/本地实验/R-W4-4/V046/partial-ranking/stage/runner_ref.inc:254:46: warning: 'cce_global' attribute ignored when parsing type [-Wignored-attributes]
/usr/local/Ascend/ascend-toolkit/8.5.0.alpha002/compiler/tikcpp/tikcfw/impl/utils/kernel_utils_macros.h:18:17: note: expanded from macro 'GM_ADDR'
/usr/local/Ascend/ascend-toolkit/8.5.0.alpha002/aarch64-linux/ccec_compiler/lib/clang/15.0.5/include/__clang_cce_defines.h:47:31: note: expanded from macro '__gm__'
In file included from /home/data4t2/lelinfeng/cann-r-w4-4/本地实验/R-W4-4/V046/partial-ranking/stage/runner_ref_candidate.asc:2:
/home/data4t2/lelinfeng/cann-r-w4-4/本地实验/R-W4-4/V046/partial-ranking/stage/runner_ref.inc:255:21: warning: 'cce_global' attribute ignored when parsing type [-Wignored-attributes]
/usr/local/Ascend/ascend-toolkit/8.5.0.alpha002/compiler/tikcpp/tikcfw/impl/utils/kernel_utils_macros.h:18:17: note: expanded from macro 'GM_ADDR'
/usr/local/Ascend/ascend-toolkit/8.5.0.alpha002/aarch64-linux/ccec_compiler/lib/clang/15.0.5/include/__clang_cce_defines.h:47:31: note: expanded from macro '__gm__'
In file included from /home/data4t2/lelinfeng/cann-r-w4-4/本地实验/R-W4-4/V046/partial-ranking/stage/runner_ref_candidate.asc:2:
/home/data4t2/lelinfeng/cann-r-w4-4/本地实验/R-W4-4/V046/partial-ranking/stage/runner_ref.inc:255:46: warning: 'cce_global' attribute ignored when parsing type [-Wignored-attributes]
/usr/local/Ascend/ascend-toolkit/8.5.0.alpha002/compiler/tikcpp/tikcfw/impl/utils/kernel_utils_macros.h:18:17: note: expanded from macro 'GM_ADDR'
/usr/local/Ascend/ascend-toolkit/8.5.0.alpha002/aarch64-linux/ccec_compiler/lib/clang/15.0.5/include/__clang_cce_defines.h:47:31: note: expanded from macro '__gm__'
In file included from /home/data4t2/lelinfeng/cann-r-w4-4/本地实验/R-W4-4/V046/partial-ranking/stage/runner_ref_candidate.asc:2:
/home/data4t2/lelinfeng/cann-r-w4-4/本地实验/R-W4-4/V046/partial-ranking/stage/runner_ref.inc:256:21: warning: 'cce_global' attribute ignored when parsing type [-Wignored-attributes]
/usr/local/Ascend/ascend-toolkit/8.5.0.alpha002/compiler/tikcpp/tikcfw/impl/utils/kernel_utils_macros.h:18:17: note: expanded from macro 'GM_ADDR'
/usr/local/Ascend/ascend-toolkit/8.5.0.alpha002/aarch64-linux/ccec_compiler/lib/clang/15.0.5/include/__clang_cce_defines.h:47:31: note: expanded from macro '__gm__'
In file included from /home/data4t2/lelinfeng/cann-r-w4-4/本地实验/R-W4-4/V046/partial-ranking/stage/runner_ref_candidate.asc:2:
/home/data4t2/lelinfeng/cann-r-w4-4/本地实验/R-W4-4/V046/partial-ranking/stage/runner_ref.inc:385:57: warning: format specifies type 'int' but the argument has type 'int64_t' (aka 'long') [-Wformat]
6 warnings generated.
Warning: please refer to the above warning message. 
Warning: please refer to the above warning message. 
Warning: please refer to the above warning message. 
Warning: please refer to the above warning message. 
Warning: please refer to the above warning message. 
Warning: please refer to the above warning message. 
Warning: please refer to the above warning message. 
Warning: please refer to the above warning message. 
Warning: please refer to the above warning message. 
Warning: please refer to the above warning message. 
Warning: please refer to the above warning message. 
Warning: please refer to the above warning message. 
Warning: please refer to the above warning message. 
Warning: please refer to the above warning message. 
Warning: please refer to the above warning message. 
Warning: please refer to the above warning message. 
[100%] Linking ASC executable clx_ref_candidate_probe
[100%] Built target clx_ref_candidate_probe
V046_PROBE_BUILD=PASS
V046_COMPILE_RETRY_END_UTC=2026-10-07T19:17:57.111152944Z
