{
  "phase": "preflight",
  "source": "/tmp/cann-w4-online.ebUzS3/SYNC-BARRIER-ELISION-X/V002/submission.asc",
  "lines": 3553,
  "bytes": 189972,
  "sha256": "262b4693bf7f24f6a470760ac74c56d443a590a5200ce3a13755d514cd54e37d",
  "firstNonEmptyLine": "#include <cmath>",
  "lastNonEmptyLine": "#endif  // !defined(ASCENDC_CPU_DEBUG)",
  "identity": {
    "sourcePath": "/tmp/cann-w4-online.ebUzS3/SYNC-BARRIER-ELISION-X/V002/submission.asc",
    "lineCount": 3553,
    "byteCount": 189972,
    "localSha256": "262b4693bf7f24f6a470760ac74c56d443a590a5200ce3a13755d514cd54e37d",
    "firstNonEmptyLine": "#include <cmath>",
    "lastNonEmptyLine": "#endif  // !defined(ASCENDC_CPU_DEBUG)",
    "sidecarPath": "/tmp/cann-w4-online.ebUzS3/SYNC-BARRIER-ELISION-X/V002/submission.sha256",
    "sidecarSha256": "262b4693bf7f24f6a470760ac74c56d443a590a5200ce3a13755d514cd54e37d",
    "sidecarMatch": true
  }
}
Submitting one request for problem 6a9a9a99bf41025d6013eb85...
cannjudge-submit: 429: 提交过于频繁，请在 36 秒后再提交
{
  "phase": "preflight",
  "source": "/tmp/cann-w4-online.ebUzS3/SYNC-BARRIER-ELISION-X/V002/submission.asc",
  "lines": 3553,
  "bytes": 189972,
  "sha256": "262b4693bf7f24f6a470760ac74c56d443a590a5200ce3a13755d514cd54e37d",
  "firstNonEmptyLine": "#include <cmath>",
  "lastNonEmptyLine": "#endif  // !defined(ASCENDC_CPU_DEBUG)",
  "identity": {
    "sourcePath": "/tmp/cann-w4-online.ebUzS3/SYNC-BARRIER-ELISION-X/V002/submission.asc",
    "lineCount": 3553,
    "byteCount": 189972,
    "localSha256": "262b4693bf7f24f6a470760ac74c56d443a590a5200ce3a13755d514cd54e37d",
    "firstNonEmptyLine": "#include <cmath>",
    "lastNonEmptyLine": "#endif  // !defined(ASCENDC_CPU_DEBUG)",
    "sidecarPath": "/tmp/cann-w4-online.ebUzS3/SYNC-BARRIER-ELISION-X/V002/submission.sha256",
    "sidecarSha256": "262b4693bf7f24f6a470760ac74c56d443a590a5200ce3a13755d514cd54e37d",
    "sidecarMatch": true
  }
}
Submitting one request for problem 6a9a9a99bf41025d6013eb85...
cannjudge-submit: 429: 提交过于频繁，请在 73 秒后再提交
{
  "phase": "preflight",
  "source": "/tmp/cann-w4-online.ebUzS3/SYNC-BARRIER-ELISION-X/V002/submission.asc",
  "lines": 3553,
  "bytes": 189972,
  "sha256": "262b4693bf7f24f6a470760ac74c56d443a590a5200ce3a13755d514cd54e37d",
  "firstNonEmptyLine": "#include <cmath>",
  "lastNonEmptyLine": "#endif  // !defined(ASCENDC_CPU_DEBUG)",
  "identity": {
    "sourcePath": "/tmp/cann-w4-online.ebUzS3/SYNC-BARRIER-ELISION-X/V002/submission.asc",
    "lineCount": 3553,
    "byteCount": 189972,
    "localSha256": "262b4693bf7f24f6a470760ac74c56d443a590a5200ce3a13755d514cd54e37d",
    "firstNonEmptyLine": "#include <cmath>",
    "lastNonEmptyLine": "#endif  // !defined(ASCENDC_CPU_DEBUG)",
    "sidecarPath": "/tmp/cann-w4-online.ebUzS3/SYNC-BARRIER-ELISION-X/V002/submission.sha256",
    "sidecarSha256": "262b4693bf7f24f6a470760ac74c56d443a590a5200ce3a13755d514cd54e37d",
    "sidecarMatch": true
  }
}
Submitting one request for problem 6a9a9a99bf41025d6013eb85...
submissionId=6ac8abb3694b590c3c8c4a81
[CANNJudge] status=Running
[CANNJudge] status=Pass
{
  "submissionId": "6ac8abb3694b590c3c8c4a81",
  "status": "Pass",
  "statusKey": "pass",
  "passCount": 15,
  "testcaseCount": 15,
  "maxOutputErrorPercent": 0,
  "officialScore": 40.5,
  "calculatedScore": 40.50409342079324,
  "scoreFormula": "s_i = 100 / (1 + log_1.5(time_i / best_time_i)); total = mean(s_i)",
  "source": {
    "source": "/tmp/cann-w4-online.ebUzS3/SYNC-BARRIER-ELISION-X/V002/submission.asc",
    "lines": 3553,
    "bytes": 189972,
    "sha256": "262b4693bf7f24f6a470760ac74c56d443a590a5200ce3a13755d514cd54e37d",
    "firstNonEmptyLine": "#include <cmath>",
    "lastNonEmptyLine": "#endif  // !defined(ASCENDC_CPU_DEBUG)"
  },
  "identity": {
    "sourcePath": "/tmp/cann-w4-online.ebUzS3/SYNC-BARRIER-ELISION-X/V002/submission.asc",
    "lineCount": 3553,
    "byteCount": 189972,
    "localSha256": "262b4693bf7f24f6a470760ac74c56d443a590a5200ce3a13755d514cd54e37d",
    "firstNonEmptyLine": "#include <cmath>",
    "lastNonEmptyLine": "#endif  // !defined(ASCENDC_CPU_DEBUG)",
    "sidecarPath": "/tmp/cann-w4-online.ebUzS3/SYNC-BARRIER-ELISION-X/V002/submission.sha256",
    "sidecarSha256": "262b4693bf7f24f6a470760ac74c56d443a590a5200ce3a13755d514cd54e37d",
    "sidecarMatch": true,
    "remoteSha256": "262b4693bf7f24f6a470760ac74c56d443a590a5200ce3a13755d514cd54e37d",
    "remoteBytes": 189972,
    "remoteLines": 3553,
    "localEqualsRemote": "true",
    "identityStatus": "LOCAL_SHA_EQ_REMOTE_SHA",
    "formalResultEligible": true
  },
  "testcases": [
    {
      "index": 1,
      "testcaseId": "6a9a9a99bf41025d6013eb8a",
      "status": "Pass",
      "statusKey": "pass",
      "errorPercent": 0,
      "timeUs": 5.35,
      "bestTimeUs": 1.15,
      "score": 20.870144387409866
    },
    {
      "index": 2,
      "testcaseId": "6a9a9a99bf41025d6013eb8e",
      "status": "Pass",
      "statusKey": "pass",
      "errorPercent": 0,
      "timeUs": 3.27,
      "bestTimeUs": 1.62,
      "score": 36.599974245774355
    },
    {
      "index": 3,
      "testcaseId": "6a9a9a99bf41025d6013eb92",
      "status": "Pass",
      "statusKey": "pass",
      "errorPercent": 0,
      "timeUs": 5.4,
      "bestTimeUs": 2.12,
      "score": 30.24847784299917
    },
    {
      "index": 4,
      "testcaseId": "6a9a9a99bf41025d6013eb96",
      "status": "Pass",
      "statusKey": "pass",
      "errorPercent": 0,
      "timeUs": 17.79,
      "bestTimeUs": 4.12,
      "score": 21.70295438404669
    },
    {
      "index": 5,
      "testcaseId": "6a9a9a99bf41025d6013eb9a",
      "status": "Pass",
      "statusKey": "pass",
      "errorPercent": 0,
      "timeUs": 10.04,
      "bestTimeUs": 5.05,
      "score": 37.10828092603465
    },
    {
      "index": 6,
      "testcaseId": "6a9a9a99bf41025d6013eb9e",
      "status": "Pass",
      "statusKey": "pass",
      "errorPercent": 0,
      "timeUs": 29.7,
      "bestTimeUs": 7.91,
      "score": 23.457840559287806
    },
    {
      "index": 7,
      "testcaseId": "6a9a9a99bf41025d6013eba2",
      "status": "Pass",
      "statusKey": "pass",
      "errorPercent": 0,
      "timeUs": 52.09,
      "bestTimeUs": 10.41,
      "score": 20.115637145609508
    },
    {
      "index": 8,
      "testcaseId": "6a9a9a99bf41025d6013eba6",
      "status": "Pass",
      "statusKey": "pass",
      "errorPercent": 0,
      "timeUs": 69.76,
      "bestTimeUs": 30.16,
      "score": 32.59341337573301
    },
    {
      "index": 9,
      "testcaseId": "6a9a9a99bf41025d6013ebaa",
      "status": "Pass",
      "statusKey": "pass",
      "errorPercent": 0,
      "timeUs": 72.4,
      "bestTimeUs": 67.81,
      "score": 86.09300535224038
    },
    {
      "index": 10,
      "testcaseId": "6a9a9a99bf41025d6013ebae",
      "status": "Pass",
      "statusKey": "pass",
      "errorPercent": 0,
      "timeUs": 75.54,
      "bestTimeUs": 46.79,
      "score": 45.84334638242247
    },
    {
      "index": 11,
      "testcaseId": "6a9a9a99bf41025d6013ebb2",
      "status": "Pass",
      "statusKey": "pass",
      "errorPercent": 0,
      "timeUs": 162.11,
      "bestTimeUs": 127.03,
      "score": 62.44486771285746
    },
    {
      "index": 12,
      "testcaseId": "6a9a9a99bf41025d6013ebb6",
      "status": "Pass",
      "statusKey": "pass",
      "errorPercent": 0,
      "timeUs": 99.4,
      "bestTimeUs": 75.93,
      "score": 60.08623123297189
    },
    {
      "index": 13,
      "testcaseId": "6a9a9a99bf41025d6013ebba",
      "status": "Pass",
      "statusKey": "pass",
      "errorPercent": 0,
      "timeUs": 562.92,
      "bestTimeUs": 392.72,
      "score": 52.96695852997211
    },
    {
      "index": 14,
      "testcaseId": "6a9a9a99bf41025d6013ebbe",
      "status": "Pass",
      "statusKey": "pass",
      "errorPercent": 0,
      "timeUs": 16644.41,
      "bestTimeUs": 3593.1,
      "score": 20.91617476927681
    },
    {
      "index": 15,
      "testcaseId": "6a9a9a99bf41025d6013ebc2",
      "status": "Pass",
      "statusKey": "pass",
      "errorPercent": 0,
      "timeUs": 9665.78,
      "bestTimeUs": 7075.22,
      "score": 56.5140944652625
    }
  ],
  "result": [
    {
      "testcase_id": "6a9a9a99bf41025d6013eb8a",
      "time": 5.35,
      "precision_ratio": 1,
      "testcase_status": "Pass",
      "score": 0,
      "type": "default",
      "best_time": 1.15
    },
    {
      "testcase_id": "6a9a9a99bf41025d6013eb8e",
      "time": 3.27,
      "precision_ratio": 1,
      "testcase_status": "Pass",
      "score": 0,
      "type": "default",
      "best_time": 1.62
    },
    {
      "testcase_id": "6a9a9a99bf41025d6013eb92",
      "time": 5.4,
      "precision_ratio": 1,
      "testcase_status": "Pass",
      "score": 0,
      "type": "default",
      "best_time": 2.12
    },
    {
      "testcase_id": "6a9a9a99bf41025d6013eb96",
      "time": 17.79,
      "precision_ratio": 1,
      "testcase_status": "Pass",
      "score": 0,
      "type": "default",
      "best_time": 4.12
    },
    {
      "testcase_id": "6a9a9a99bf41025d6013eb9a",
      "time": 10.04,
      "precision_ratio": 1,
      "testcase_status": "Pass",
      "score": 0,
      "type": "default",
      "best_time": 5.05
    },
    {
      "testcase_id": "6a9a9a99bf41025d6013eb9e",
      "time": 29.7,
      "precision_ratio": 1,
      "testcase_status": "Pass",
      "score": 0,
      "type": "default",
      "best_time": 7.91
    },
    {
      "testcase_id": "6a9a9a99bf41025d6013eba2",
      "time": 52.09,
      "precision_ratio": 1,
      "testcase_status": "Pass",
      "score": 0,
      "type": "default",
      "best_time": 10.41
    },
    {
      "testcase_id": "6a9a9a99bf41025d6013eba6",
      "time": 69.76,
      "precision_ratio": 1,
      "testcase_status": "Pass",
      "score": 0,
      "type": "default",
      "best_time": 30.16
    },
    {
      "testcase_id": "6a9a9a99bf41025d6013ebaa",
      "time": 72.4,
      "precision_ratio": 1,
      "testcase_status": "Pass",
      "score": 0,
      "type": "default",
      "best_time": 67.81
    },
    {
      "testcase_id": "6a9a9a99bf41025d6013ebae",
      "time": 75.54,
      "precision_ratio": 1,
      "testcase_status": "Pass",
      "score": 0,
      "type": "default",
      "best_time": 46.79
    },
    {
      "testcase_id": "6a9a9a99bf41025d6013ebb2",
      "time": 162.11,
      "precision_ratio": 1,
      "testcase_status": "Pass",
      "score": 0,
      "type": "default",
      "best_time": 127.03
    },
    {
      "testcase_id": "6a9a9a99bf41025d6013ebb6",
      "time": 99.4,
      "precision_ratio": 1,
      "testcase_status": "Pass",
      "score": 0,
      "type": "default",
      "best_time": 75.93
    },
    {
      "testcase_id": "6a9a9a99bf41025d6013ebba",
      "time": 562.92,
      "precision_ratio": 1,
      "testcase_status": "Pass",
      "score": 0,
      "type": "default",
      "best_time": 392.72
    },
    {
      "testcase_id": "6a9a9a99bf41025d6013ebbe",
      "time": 16644.41,
      "precision_ratio": 1,
      "testcase_status": "Pass",
      "score": 0,
      "type": "default",
      "best_time": 3593.1
    },
    {
      "testcase_id": "6a9a9a99bf41025d6013ebc2",
      "time": 9665.78,
      "precision_ratio": 1,
      "testcase_status": "Pass",
      "score": 0,
      "type": "default",
      "best_time": 7075.22
    }
  ]
}
