V049_LOCAL_START_UTC=2026-10-07T20:07:22.473329957Z
HOST=hwnput3
DEVICE=4
PARENT=R31B-V011
DTYPE=FP32
SHAPES=128x5000
PAIRS=6
PAIR_ORDER=odd:PARENT/CANDIDATE,even:CANDIDATE/PARENT
WARMUP=45
SAMPLES_PER_BLOCK=31
BLOCKS=2
BATCH_N=64
GAP_SEC=0
PARTIAL_CORRECTNESS=YES
LOCAL_SCORE_COMPARABLE_TO_OFFICIAL=NO
RUN_BEGIN_UTC=2026-10-07T20:07:22.478710262Z
RUN_BEGIN shape=128x5000 pair=1 order=parent_candidate side=parent binary=本地实验/R-W4-4/V049/partial-ranking/stage/build-v049/clx_ref_parent_probe
RUN_END rc=0 shape=128x5000 pair=1 side=parent prefix=本地实验/R-W4-4/V049/partial-ranking/local-pair01-parent-r128-w5000-fp32
RUN_BEGIN_UTC=2026-10-07T20:07:30.232501080Z
RUN_BEGIN shape=128x5000 pair=1 order=parent_candidate side=candidate binary=本地实验/R-W4-4/V049/partial-ranking/stage/build-v049/clx_ref_candidate_probe
RUN_END rc=0 shape=128x5000 pair=1 side=candidate prefix=本地实验/R-W4-4/V049/partial-ranking/local-pair01-candidate-r128-w5000-fp32
RUN_BEGIN_UTC=2026-10-07T20:07:38.167344541Z
RUN_BEGIN shape=128x5000 pair=2 order=candidate_parent side=candidate binary=本地实验/R-W4-4/V049/partial-ranking/stage/build-v049/clx_ref_candidate_probe
RUN_END rc=0 shape=128x5000 pair=2 side=candidate prefix=本地实验/R-W4-4/V049/partial-ranking/local-pair02-candidate-r128-w5000-fp32
RUN_BEGIN_UTC=2026-10-07T20:07:44.331617375Z
RUN_BEGIN shape=128x5000 pair=2 order=candidate_parent side=parent binary=本地实验/R-W4-4/V049/partial-ranking/stage/build-v049/clx_ref_parent_probe
RUN_END rc=0 shape=128x5000 pair=2 side=parent prefix=本地实验/R-W4-4/V049/partial-ranking/local-pair02-parent-r128-w5000-fp32
RUN_BEGIN_UTC=2026-10-07T20:07:52.405007971Z
RUN_BEGIN shape=128x5000 pair=3 order=parent_candidate side=parent binary=本地实验/R-W4-4/V049/partial-ranking/stage/build-v049/clx_ref_parent_probe
RUN_END rc=0 shape=128x5000 pair=3 side=parent prefix=本地实验/R-W4-4/V049/partial-ranking/local-pair03-parent-r128-w5000-fp32
RUN_BEGIN_UTC=2026-10-07T20:08:00.346706860Z
RUN_BEGIN shape=128x5000 pair=3 order=parent_candidate side=candidate binary=本地实验/R-W4-4/V049/partial-ranking/stage/build-v049/clx_ref_candidate_probe
RUN_END rc=0 shape=128x5000 pair=3 side=candidate prefix=本地实验/R-W4-4/V049/partial-ranking/local-pair03-candidate-r128-w5000-fp32
RUN_BEGIN_UTC=2026-10-07T20:08:08.291542064Z
RUN_BEGIN shape=128x5000 pair=4 order=candidate_parent side=candidate binary=本地实验/R-W4-4/V049/partial-ranking/stage/build-v049/clx_ref_candidate_probe
RUN_END rc=0 shape=128x5000 pair=4 side=candidate prefix=本地实验/R-W4-4/V049/partial-ranking/local-pair04-candidate-r128-w5000-fp32
RUN_BEGIN_UTC=2026-10-07T20:08:15.831483490Z
RUN_BEGIN shape=128x5000 pair=4 order=candidate_parent side=parent binary=本地实验/R-W4-4/V049/partial-ranking/stage/build-v049/clx_ref_parent_probe
RUN_END rc=0 shape=128x5000 pair=4 side=parent prefix=本地实验/R-W4-4/V049/partial-ranking/local-pair04-parent-r128-w5000-fp32
RUN_BEGIN_UTC=2026-10-07T20:08:22.776322296Z
RUN_BEGIN shape=128x5000 pair=5 order=parent_candidate side=parent binary=本地实验/R-W4-4/V049/partial-ranking/stage/build-v049/clx_ref_parent_probe
RUN_END rc=0 shape=128x5000 pair=5 side=parent prefix=本地实验/R-W4-4/V049/partial-ranking/local-pair05-parent-r128-w5000-fp32
RUN_BEGIN_UTC=2026-10-07T20:08:29.129503189Z
RUN_BEGIN shape=128x5000 pair=5 order=parent_candidate side=candidate binary=本地实验/R-W4-4/V049/partial-ranking/stage/build-v049/clx_ref_candidate_probe
RUN_END rc=0 shape=128x5000 pair=5 side=candidate prefix=本地实验/R-W4-4/V049/partial-ranking/local-pair05-candidate-r128-w5000-fp32
RUN_BEGIN_UTC=2026-10-07T20:08:35.671051778Z
RUN_BEGIN shape=128x5000 pair=6 order=candidate_parent side=candidate binary=本地实验/R-W4-4/V049/partial-ranking/stage/build-v049/clx_ref_candidate_probe
RUN_END rc=0 shape=128x5000 pair=6 side=candidate prefix=本地实验/R-W4-4/V049/partial-ranking/local-pair06-candidate-r128-w5000-fp32
RUN_BEGIN_UTC=2026-10-07T20:08:42.442556406Z
RUN_BEGIN shape=128x5000 pair=6 order=candidate_parent side=parent binary=本地实验/R-W4-4/V049/partial-ranking/stage/build-v049/clx_ref_parent_probe
RUN_END rc=0 shape=128x5000 pair=6 side=parent prefix=本地实验/R-W4-4/V049/partial-ranking/local-pair06-parent-r128-w5000-fp32
V049_LOCAL_END_UTC=2026-10-07T20:08:51.194293506Z
