SNAPSHOT_UTC=2026-10-08T07:52:42Z
HOST_LOAD=53.83 60.89 61.10 193/15580 1026461

=== npu-smi info ===
+------------------------------------------------------------------------------------------------+
| npu-smi 25.0.rc1.1               Version: 25.0.rc1.1                                           |
+---------------------------+---------------+----------------------------------------------------+
| NPU   Name                | Health        | Power(W)    Temp(C)           Hugepages-Usage(page)|
| Chip                      | Bus-Id        | AICore(%)   Memory-Usage(MB)  HBM-Usage(MB)        |
+===========================+===============+====================================================+
| 0     910B3               | OK            | 117.8       33                0    / 0             |
| 0                         | 0000:C1:00.0  | 1           0    / 0          4814 / 65536         |
+===========================+===============+====================================================+
| 1     910B3               | OK            | 103.9       34                0    / 0             |
| 0                         | 0000:C2:00.0  | 2           0    / 0          24082/ 65536         |
+===========================+===============+====================================================+
| 2     910B3               | OK            | 97.9        33                0    / 0             |
| 0                         | 0000:81:00.0  | 1           0    / 0          6437 / 65536         |
+===========================+===============+====================================================+
| 3     910B3               | OK            | 90.7        32                0    / 0             |
| 0                         | 0000:82:00.0  | 0           0    / 0          3428 / 65536         |
+===========================+===============+====================================================+
| 4     910B3               | OK            | 207.8       59                0    / 0             |
| 0                         | 0000:01:00.0  | 62          0    / 0          59192/ 65536         |
+===========================+===============+====================================================+
| 5     910B3               | OK            | 172.2       54                0    / 0             |
| 0                         | 0000:02:00.0  | 44          0    / 0          60222/ 65536         |
+===========================+===============+====================================================+
| 6     910B3               | OK            | 172.4       51                0    / 0             |
| 0                         | 0000:41:00.0  | 45          0    / 0          60221/ 65536         |
+===========================+===============+====================================================+
| 7     910B3               | OK            | 131.6       41                0    / 0             |
| 0                         | 0000:42:00.0  | 11          0    / 0          28831/ 65536         |
+===========================+===============+====================================================+
+---------------------------+---------------+----------------------------------------------------+
| NPU     Chip              | Process id    | Process name             | Process memory(MB)      |
+===========================+===============+====================================================+
| 0       0                 | 251901        | python                   | 1434                    |
+===========================+===============+====================================================+
| 1       0                 | 3150467       | python                   | 5748                    |
| 1       0                 | 203339        | python                   | 14955                   |
+===========================+===============+====================================================+
| 2       0                 | 2532306       | python                   | 3066                    |
+===========================+===============+====================================================+
| No running processes found in NPU 3                                                            |
+===========================+===============+====================================================+
| 4       0                 | 2999855       | VLLMEngineCor            | 55666                   |
+===========================+===============+====================================================+
| 5       0                 | 89602         | VLLMWorker_TP            | 56700                   |
+===========================+===============+====================================================+
| 6       0                 | 91228         | VLLMWorker_TP            | 56701                   |
+===========================+===============+====================================================+
| 7       0                 | 439848        | python3                  | 21260                   |
| 7       0                 | 2532308       | python                   | 4094                    |
+===========================+===============+====================================================+
