SNAPSHOT_UTC=2026-10-08T07:50:48Z
HOST_LOAD=58.74 63.49 61.84 31/15601 1006149

=== npu-smi info ===
+------------------------------------------------------------------------------------------------+
| npu-smi 25.0.rc1.1               Version: 25.0.rc1.1                                           |
+---------------------------+---------------+----------------------------------------------------+
| NPU   Name                | Health        | Power(W)    Temp(C)           Hugepages-Usage(page)|
| Chip                      | Bus-Id        | AICore(%)   Memory-Usage(MB)  HBM-Usage(MB)        |
+===========================+===============+====================================================+
| 0     910B3               | OK            | 127.5       36                0    / 0             |
| 0                         | 0000:C1:00.0  | 5           0    / 0          4814 / 65536         |
+===========================+===============+====================================================+
| 1     910B3               | OK            | 194.8       43                0    / 0             |
| 0                         | 0000:C2:00.0  | 46          0    / 0          24082/ 65536         |
+===========================+===============+====================================================+
| 2     910B3               | OK            | 97.3        34                0    / 0             |
| 0                         | 0000:81:00.0  | 0           0    / 0          6436 / 65536         |
+===========================+===============+====================================================+
| 3     910B3               | OK            | 91.9        33                0    / 0             |
| 0                         | 0000:82:00.0  | 0           0    / 0          3428 / 65536         |
+===========================+===============+====================================================+
| 4     910B3               | OK            | 205.2       62                0    / 0             |
| 0                         | 0000:01:00.0  | 60          0    / 0          59193/ 65536         |
+===========================+===============+====================================================+
| 5     910B3               | OK            | 170.6       55                0    / 0             |
| 0                         | 0000:02:00.0  | 44          0    / 0          60222/ 65536         |
+===========================+===============+====================================================+
| 6     910B3               | OK            | 176.4       52                0    / 0             |
| 0                         | 0000:41:00.0  | 44          0    / 0          60222/ 65536         |
+===========================+===============+====================================================+
| 7     910B3               | OK            | 150.7       45                0    / 0             |
| 0                         | 0000:42:00.0  | 2           0    / 0          28832/ 65536         |
+===========================+===============+====================================================+
+---------------------------+---------------+----------------------------------------------------+
| NPU     Chip              | Process id    | Process name             | Process memory(MB)      |
+===========================+===============+====================================================+
| 0       0                 | 251901        | python                   | 1434                    |
+===========================+===============+====================================================+
| 1       0                 | 3150467       | python                   | 5748                    |
| 1       0                 | 203339        | python                   | 14955                   |
+===========================+===============+====================================================+
| 2       0                 | 2532306       | python                   | 3066                    |
+===========================+===============+====================================================+
| No running processes found in NPU 3                                                            |
+===========================+===============+====================================================+
| 4       0                 | 2999855       | VLLMEngineCor            | 55666                   |
+===========================+===============+====================================================+
| 5       0                 | 89602         | VLLMWorker_TP            | 56700                   |
+===========================+===============+====================================================+
| 6       0                 | 91228         | VLLMWorker_TP            | 56701                   |
+===========================+===============+====================================================+
| 7       0                 | 439848        | python3                  | 21260                   |
| 7       0                 | 2532308       | python                   | 4094                    |
+===========================+===============+====================================================+
