SAME_BINARY_SAMPLE binary=PARENT_R31B_V011 case=fp16-128x128 pair=01 order=A,B first_device_us=24.2600 second_device_us=35.2000 first_gelem_s=0.675350 second_gelem_s=0.465455 first_wall_us=164.4920 second_wall_us=91.6910 second_minus_first_us=10.9400
SAME_BINARY_SAMPLE binary=PARENT_R31B_V011 case=fp16-128x128 pair=02 order=B,A first_device_us=30.1000 second_device_us=18.7800 first_gelem_s=0.544319 second_gelem_s=0.872417 first_wall_us=87.2410 second_wall_us=69.8210 second_minus_first_us=-11.3200
SAME_BINARY_SAMPLE binary=PARENT_R31B_V011 case=fp16-128x128 pair=03 order=A,B first_device_us=17.1000 second_device_us=17.7200 first_gelem_s=0.958129 second_gelem_s=0.924605 first_wall_us=69.3110 second_wall_us=66.6410 second_minus_first_us=0.6200
SAME_BINARY_SAMPLE binary=PARENT_R31B_V011 case=fp16-128x128 pair=04 order=B,A first_device_us=17.9000 second_device_us=18.0800 first_gelem_s=0.915307 second_gelem_s=0.906195 first_wall_us=67.1310 second_wall_us=66.7310 second_minus_first_us=0.1800
SAME_BINARY_SAMPLE binary=PARENT_R31B_V011 case=fp16-128x128 pair=05 order=A,B first_device_us=15.6400 second_device_us=22.9800 first_gelem_s=1.047570 second_gelem_s=0.712968 first_wall_us=67.8810 second_wall_us=68.8810 second_minus_first_us=7.3400
SAME_BINARY_SAMPLE binary=PARENT_R31B_V011 case=fp16-128x128 pair=06 order=B,A first_device_us=21.7000 second_device_us=6.3600 first_gelem_s=0.755023 second_gelem_s=2.576101 first_wall_us=66.7910 second_wall_us=67.8810 second_minus_first_us=-15.3400
SAME_BINARY_SAMPLE binary=PARENT_R31B_V011 case=fp16-128x128 pair=07 order=A,B first_device_us=6.4400 second_device_us=7.7600 first_gelem_s=2.544099 second_gelem_s=2.111340 first_wall_us=68.1410 second_wall_us=66.2610 second_minus_first_us=1.3200
SAME_BINARY_SAMPLE binary=PARENT_R31B_V011 case=fp16-128x128 pair=08 order=B,A first_device_us=17.5400 second_device_us=9.1800 first_gelem_s=0.934093 second_gelem_s=1.784749 first_wall_us=70.3510 second_wall_us=102.4510 second_minus_first_us=-8.3600
SAME_BINARY_SAMPLE binary=PARENT_R31B_V011 case=fp16-128x128 pair=09 order=A,B first_device_us=6.3800 second_device_us=19.4800 first_gelem_s=2.568025 second_gelem_s=0.841068 first_wall_us=69.9810 second_wall_us=67.7010 second_minus_first_us=13.1000
SAME_BINARY_SAMPLE binary=PARENT_R31B_V011 case=fp16-128x128 pair=10 order=B,A first_device_us=19.3400 second_device_us=16.7600 first_gelem_s=0.847156 second_gelem_s=0.977566 first_wall_us=68.0210 second_wall_us=65.7810 second_minus_first_us=-2.5800
SAME_BINARY_SAMPLE binary=PARENT_R31B_V011 case=fp16-128x128 pair=11 order=A,B first_device_us=6.1600 second_device_us=16.5600 first_gelem_s=2.659740 second_gelem_s=0.989372 first_wall_us=68.2610 second_wall_us=77.5010 second_minus_first_us=10.4000
SAME_BINARY_SAMPLE binary=PARENT_R31B_V011 case=fp16-128x128 pair=12 order=B,A first_device_us=11.8200 second_device_us=6.6200 first_gelem_s=1.386125 second_gelem_s=2.474924 first_wall_us=68.8810 second_wall_us=68.5610 second_minus_first_us=-5.2000
SAME_BINARY_SAMPLE binary=PARENT_R31B_V011 case=fp16-128x128 pair=13 order=A,B first_device_us=5.9600 second_device_us=26.6400 first_gelem_s=2.748993 second_gelem_s=0.615015 first_wall_us=71.9910 second_wall_us=69.6010 second_minus_first_us=20.6800
SAME_BINARY_SAMPLE binary=PARENT_R31B_V011 case=fp16-128x128 pair=14 order=B,A first_device_us=18.0000 second_device_us=21.4400 first_gelem_s=0.910222 second_gelem_s=0.764179 first_wall_us=68.7810 second_wall_us=68.5410 second_minus_first_us=3.4400
SAME_BINARY_SAMPLE binary=PARENT_R31B_V011 case=fp16-128x128 pair=15 order=A,B first_device_us=23.1800 second_device_us=21.1800 first_gelem_s=0.706816 second_gelem_s=0.773560 first_wall_us=68.9010 second_wall_us=67.6210 second_minus_first_us=-2.0000
SAME_BINARY_SAMPLE binary=PARENT_R31B_V011 case=fp16-128x128 pair=16 order=B,A first_device_us=7.1000 second_device_us=7.5200 first_gelem_s=2.307606 second_gelem_s=2.178723 first_wall_us=68.9010 second_wall_us=67.8310 second_minus_first_us=0.4200
SAME_BINARY_SAMPLE binary=PARENT_R31B_V011 case=fp16-128x128 pair=17 order=A,B first_device_us=6.1400 second_device_us=7.0200 first_gelem_s=2.668404 second_gelem_s=2.333903 first_wall_us=68.7610 second_wall_us=67.3010 second_minus_first_us=0.8800
SAME_BINARY_SAMPLE binary=PARENT_R31B_V011 case=fp16-128x128 pair=18 order=B,A first_device_us=22.8200 second_device_us=12.6800 first_gelem_s=0.717967 second_gelem_s=1.292114 first_wall_us=73.7910 second_wall_us=69.6710 second_minus_first_us=-10.1400
SAME_BINARY_SAMPLE binary=PARENT_R31B_V011 case=fp16-128x128 pair=19 order=A,B first_device_us=11.8000 second_device_us=22.6000 first_gelem_s=1.388475 second_gelem_s=0.724956 first_wall_us=68.5010 second_wall_us=68.7510 second_minus_first_us=10.8000
SAME_BINARY_SAMPLE binary=PARENT_R31B_V011 case=fp16-128x128 pair=20 order=B,A first_device_us=20.6600 second_device_us=23.4200 first_gelem_s=0.793030 second_gelem_s=0.699573 first_wall_us=67.4210 second_wall_us=66.7520 second_minus_first_us=2.7600
SAME_BINARY_SAMPLE binary=PARENT_R31B_V011 case=fp16-128x128 pair=21 order=A,B first_device_us=7.2800 second_device_us=6.2200 first_gelem_s=2.250549 second_gelem_s=2.634084 first_wall_us=101.9410 second_wall_us=91.8020 second_minus_first_us=-1.0600
SAME_BINARY_SAMPLE binary=PARENT_R31B_V011 case=fp16-128x128 pair=22 order=B,A first_device_us=6.3000 second_device_us=23.2000 first_gelem_s=2.600635 second_gelem_s=0.706207 first_wall_us=71.4210 second_wall_us=77.7510 second_minus_first_us=16.9000
SAME_BINARY_SAMPLE binary=PARENT_R31B_V011 case=fp16-128x128 pair=23 order=A,B first_device_us=24.1000 second_device_us=24.2400 first_gelem_s=0.679834 second_gelem_s=0.675908 first_wall_us=70.4610 second_wall_us=68.4110 second_minus_first_us=0.1400
SAME_BINARY_SAMPLE binary=PARENT_R31B_V011 case=fp16-128x128 pair=24 order=B,A first_device_us=6.0200 second_device_us=40.8800 first_gelem_s=2.721595 second_gelem_s=0.400783 first_wall_us=68.6710 second_wall_us=89.9920 second_minus_first_us=34.8600
SAME_BINARY_SAMPLE binary=PARENT_R31B_V011 case=fp16-128x128 pair=25 order=A,B first_device_us=6.9600 second_device_us=6.9800 first_gelem_s=2.354023 second_gelem_s=2.347278 first_wall_us=80.6110 second_wall_us=67.2210 second_minus_first_us=0.0200
SAME_BINARY_SAMPLE binary=PARENT_R31B_V011 case=fp16-128x128 pair=26 order=B,A first_device_us=13.4800 second_device_us=6.1800 first_gelem_s=1.215430 second_gelem_s=2.651133 first_wall_us=66.7110 second_wall_us=66.1810 second_minus_first_us=-7.3000
SAME_BINARY_SAMPLE binary=PARENT_R31B_V011 case=fp16-128x128 pair=27 order=A,B first_device_us=5.9200 second_device_us=7.2400 first_gelem_s=2.767568 second_gelem_s=2.262983 first_wall_us=62.7010 second_wall_us=65.0610 second_minus_first_us=1.3200
SAME_BINARY_SAMPLE binary=PARENT_R31B_V011 case=fp16-128x128 pair=28 order=B,A first_device_us=18.7800 second_device_us=8.4000 first_gelem_s=0.872417 second_gelem_s=1.950476 first_wall_us=67.6210 second_wall_us=66.6710 second_minus_first_us=-10.3800
SAME_BINARY_SAMPLE binary=PARENT_R31B_V011 case=fp16-128x128 pair=29 order=A,B first_device_us=7.1800 second_device_us=15.8400 first_gelem_s=2.281894 second_gelem_s=1.034343 first_wall_us=59.2910 second_wall_us=66.1610 second_minus_first_us=8.6600
SAME_BINARY_SAMPLE binary=PARENT_R31B_V011 case=fp16-128x128 pair=30 order=B,A first_device_us=6.8000 second_device_us=15.5600 first_gelem_s=2.409412 second_gelem_s=1.052956 first_wall_us=65.7110 second_wall_us=65.5410 second_minus_first_us=8.7600
SAME_BINARY_SAMPLE binary=PARENT_R31B_V011 case=fp16-128x128 pair=31 order=A,B first_device_us=18.7000 second_device_us=19.4800 first_gelem_s=0.876150 second_gelem_s=0.841068 first_wall_us=68.6310 second_wall_us=66.8810 second_minus_first_us=0.7800
LOCAL_STATS case=PARENT_R31B_V011 metric=device_us binary=same_binary_first n=31 median=13.4800 mean=13.9213 stdev=7.3107 cv=0.52515 min=5.9200 max=30.1000 mad=6.6800 p10=6.1400 p90=23.1800
LOCAL_STATS case=PARENT_R31B_V011 metric=device_us binary=same_binary_second n=31 median=16.7600 mean=16.5226 stdev=8.7998 cv=0.53259 min=6.1800 max=40.8800 mad=6.6600 p10=6.6200 p90=24.2400
LOCAL_STATS case=PARENT_R31B_V011 metric=paired_delta_us binary=same_binary_second_minus_first n=31 median=0.7800 mean=2.6013 stdev=10.3302 cv=3.97118 min=-15.3400 max=34.8600 mad=6.5600 p10=-10.1400 p90=13.1000
LOCAL_STATS case=PARENT_R31B_V011 metric=gelem_s binary=same_binary_first n=31 median=1.2154 mean=1.5841 stdev=0.8438 cv=0.53269 min=0.5443 max=2.7676 mad=0.5356 p10=0.7068 p90=2.6684
LOCAL_STATS case=PARENT_R31B_V011 metric=gelem_s binary=same_binary_second n=31 median=0.9776 mean=1.3412 stdev=0.7592 cv=0.56608 min=0.4008 max=2.6511 mad=0.3017 p10=0.6759 p90=2.4749
LOCAL_STATS case=PARENT_R31B_V011 metric=wall_us binary=same_binary_first n=31 median=68.7610 mean=73.4614 stdev=18.4969 cv=0.25179 min=59.2910 max=164.4920 mad=1.3400 p10=66.7110 p90=80.6110
LOCAL_STATS case=PARENT_R31B_V011 metric=wall_us binary=same_binary_second n=31 median=67.8310 mean=71.5369 stdev=9.3904 cv=0.13127 min=65.0610 max=102.4510 mad=1.1900 p10=66.1610 p90=89.9920
SAME_BINARY_QUALIFICATION binary=PARENT_R31B_V011 case=fp16-128x128 samples=31 first_mad_over_median=0.495549 second_mad_over_median=0.397375 median_drift_fraction=0.216931
SAME_BINARY_SUMMARY binary=PARENT_R31B_V011 device=3 shape=128x128 dtype=fp16 samples=31
