CASE_BEGIN name=fp16-tail-d12288 dtype=fp16 rows=2 width=12288 device=5 warmup_each=45 pairs=21 samples_per_binary=21
SAMPLE case=fp16-tail-d12288 pair=01 order=P,C parent_device_us=6.220 candidate_device_us=5.740 parent_wall_us=145.962 candidate_wall_us=194.773 paired_device_delta_us=-0.480
SAMPLE case=fp16-tail-d12288 pair=02 order=C,P parent_device_us=7.420 candidate_device_us=7.440 parent_wall_us=72.722 candidate_wall_us=86.831 paired_device_delta_us=0.020
SAMPLE case=fp16-tail-d12288 pair=03 order=P,C parent_device_us=5.580 candidate_device_us=5.540 parent_wall_us=77.031 candidate_wall_us=67.372 paired_device_delta_us=-0.040
SAMPLE case=fp16-tail-d12288 pair=04 order=C,P parent_device_us=6.460 candidate_device_us=7.560 parent_wall_us=135.462 candidate_wall_us=106.312 paired_device_delta_us=1.100
SAMPLE case=fp16-tail-d12288 pair=05 order=P,C parent_device_us=5.260 candidate_device_us=5.320 parent_wall_us=73.572 candidate_wall_us=125.822 paired_device_delta_us=0.060
SAMPLE case=fp16-tail-d12288 pair=06 order=C,P parent_device_us=7.220 candidate_device_us=7.340 parent_wall_us=125.673 candidate_wall_us=186.463 paired_device_delta_us=0.120
SAMPLE case=fp16-tail-d12288 pair=07 order=P,C parent_device_us=5.960 candidate_device_us=5.800 parent_wall_us=71.321 candidate_wall_us=69.701 paired_device_delta_us=-0.160
SAMPLE case=fp16-tail-d12288 pair=08 order=C,P parent_device_us=7.200 candidate_device_us=7.160 parent_wall_us=199.834 candidate_wall_us=141.222 paired_device_delta_us=-0.040
SAMPLE case=fp16-tail-d12288 pair=09 order=P,C parent_device_us=5.640 candidate_device_us=76.080 parent_wall_us=125.022 candidate_wall_us=131.003 paired_device_delta_us=70.440
SAMPLE case=fp16-tail-d12288 pair=10 order=C,P parent_device_us=7.520 candidate_device_us=6.920 parent_wall_us=159.593 candidate_wall_us=149.742 paired_device_delta_us=-0.600
SAMPLE case=fp16-tail-d12288 pair=11 order=P,C parent_device_us=5.520 candidate_device_us=5.600 parent_wall_us=106.242 candidate_wall_us=129.283 paired_device_delta_us=0.080
SAMPLE case=fp16-tail-d12288 pair=12 order=C,P parent_device_us=5.740 candidate_device_us=5.740 parent_wall_us=118.392 candidate_wall_us=169.143 paired_device_delta_us=0.000
SAMPLE case=fp16-tail-d12288 pair=13 order=P,C parent_device_us=6.000 candidate_device_us=6.060 parent_wall_us=128.622 candidate_wall_us=222.973 paired_device_delta_us=0.060
SAMPLE case=fp16-tail-d12288 pair=14 order=C,P parent_device_us=5.600 candidate_device_us=5.740 parent_wall_us=75.571 candidate_wall_us=173.193 paired_device_delta_us=0.140
SAMPLE case=fp16-tail-d12288 pair=15 order=P,C parent_device_us=5.420 candidate_device_us=5.060 parent_wall_us=136.243 candidate_wall_us=174.453 paired_device_delta_us=-0.360
SAMPLE case=fp16-tail-d12288 pair=16 order=C,P parent_device_us=5.020 candidate_device_us=5.420 parent_wall_us=132.893 candidate_wall_us=119.412 paired_device_delta_us=0.400
SAMPLE case=fp16-tail-d12288 pair=17 order=P,C parent_device_us=5.600 candidate_device_us=5.500 parent_wall_us=181.383 candidate_wall_us=127.582 paired_device_delta_us=-0.100
SAMPLE case=fp16-tail-d12288 pair=18 order=C,P parent_device_us=6.240 candidate_device_us=90.800 parent_wall_us=145.373 candidate_wall_us=142.162 paired_device_delta_us=84.560
SAMPLE case=fp16-tail-d12288 pair=19 order=P,C parent_device_us=6.300 candidate_device_us=5.600 parent_wall_us=185.373 candidate_wall_us=117.192 paired_device_delta_us=-0.700
SAMPLE case=fp16-tail-d12288 pair=20 order=C,P parent_device_us=5.780 candidate_device_us=5.600 parent_wall_us=68.541 candidate_wall_us=72.091 paired_device_delta_us=-0.180
SAMPLE case=fp16-tail-d12288 pair=21 order=P,C parent_device_us=5.520 candidate_device_us=5.320 parent_wall_us=144.173 candidate_wall_us=266.855 paired_device_delta_us=-0.200
PAIR_BLOCK case=fp16-tail-d12288 block=1 pairs=21 parent_median_us=5.780 candidate_median_us=5.740 paired_delta_median_us=0.000
CORRECTNESS case=fp16-tail-d12288 binary=PARENT_V017 result=PASS failures=0 max_abs=0.0009765625 max_rel=0.0015923567
CORRECTNESS case=fp16-tail-d12288 binary=CAND_V018 result=PASS failures=0 max_abs=0.0009765625 max_rel=0.0015923567
BITWISE case=fp16-tail-d12288 parent_vs_candidate=IDENTICAL diff_elements=0
SUMMARY case=fp16-tail-d12288 metric=device_us binary=PARENT_V017 n=21 median=5.780 mean=6.058 stdev=0.729 cv=0.12040 min=5.020 max=7.520 max_min=1.498 mad=0.360 p10=5.420 p90=7.220 spread=2.500 core_cv=0.06795
SUMMARY case=fp16-tail-d12288 metric=device_us binary=CAND_V018 n=21 median=5.740 mean=13.397 stdev=23.415 cv=1.74774 min=5.060 max=90.800 max_min=17.945 mad=0.320 p10=5.320 p90=7.560 spread=85.740 core_cv=0.04438
SUMMARY case=fp16-tail-d12288 metric=wall_us binary=PARENT_V017 n=21 median=128.622 mean=124.238 stdev=39.830 cv=0.32060 min=68.541 max=199.834 max_min=2.916 mad=22.380 p10=72.722 p90=181.383 spread=131.293 core_cv=0.09316
SUMMARY case=fp16-tail-d12288 metric=wall_us binary=CAND_V018 n=21 median=131.003 mean=141.599 stdev=50.797 cv=0.35874 min=67.372 max=266.855 max_min=3.961 mad=38.140 p10=72.091 p90=194.773 spread=199.483 core_cv=0.10060
SUMMARY case=fp16-tail-d12288 metric=paired_device_delta_us binary=CAND_V018_minus_PARENT_V017 n=21 median=0.000 mean=7.339 stdev=23.435 cv=3.19317 min=-0.700 max=84.560 max_min=-120.800 mad=0.160 p10=-0.480 p90=1.100 spread=85.260 core_cv=0.00000
CASE_END name=fp16-tail-d12288 correctness=PASS
CASE_BEGIN name=fp16-wide-d32768 dtype=fp16 rows=2 width=32768 device=5 warmup_each=45 pairs=21 samples_per_binary=21
SAMPLE case=fp16-wide-d32768 pair=01 order=P,C parent_device_us=8.900 candidate_device_us=8.740 parent_wall_us=94.571 candidate_wall_us=145.372 paired_device_delta_us=-0.160
SAMPLE case=fp16-wide-d32768 pair=02 order=C,P parent_device_us=11.320 candidate_device_us=11.940 parent_wall_us=246.144 candidate_wall_us=216.113 paired_device_delta_us=0.620
SAMPLE case=fp16-wide-d32768 pair=03 order=P,C parent_device_us=8.600 candidate_device_us=8.440 parent_wall_us=233.834 candidate_wall_us=206.904 paired_device_delta_us=-0.160
SAMPLE case=fp16-wide-d32768 pair=04 order=C,P parent_device_us=238.140 candidate_device_us=176.720 parent_wall_us=287.375 candidate_wall_us=231.994 paired_device_delta_us=-61.420
SAMPLE case=fp16-wide-d32768 pair=05 order=P,C parent_device_us=8.360 candidate_device_us=8.200 parent_wall_us=232.964 candidate_wall_us=127.332 paired_device_delta_us=-0.160
SAMPLE case=fp16-wide-d32768 pair=06 order=C,P parent_device_us=156.680 candidate_device_us=11.140 parent_wall_us=217.603 candidate_wall_us=86.672 paired_device_delta_us=-145.540
SAMPLE case=fp16-wide-d32768 pair=07 order=P,C parent_device_us=8.960 candidate_device_us=159.060 parent_wall_us=244.274 candidate_wall_us=212.574 paired_device_delta_us=150.100
SAMPLE case=fp16-wide-d32768 pair=08 order=C,P parent_device_us=11.080 candidate_device_us=11.580 parent_wall_us=150.012 candidate_wall_us=76.081 paired_device_delta_us=0.500
SAMPLE case=fp16-wide-d32768 pair=09 order=P,C parent_device_us=144.320 candidate_device_us=8.240 parent_wall_us=197.964 candidate_wall_us=75.141 paired_device_delta_us=-136.080
SAMPLE case=fp16-wide-d32768 pair=10 order=C,P parent_device_us=170.280 candidate_device_us=11.140 parent_wall_us=218.314 candidate_wall_us=160.473 paired_device_delta_us=-159.140
SAMPLE case=fp16-wide-d32768 pair=11 order=P,C parent_device_us=155.820 candidate_device_us=8.300 parent_wall_us=212.064 candidate_wall_us=74.541 paired_device_delta_us=-147.520
SAMPLE case=fp16-wide-d32768 pair=12 order=C,P parent_device_us=8.820 candidate_device_us=8.860 parent_wall_us=72.651 candidate_wall_us=129.332 paired_device_delta_us=0.040
SAMPLE case=fp16-wide-d32768 pair=13 order=P,C parent_device_us=8.840 candidate_device_us=8.220 parent_wall_us=143.652 candidate_wall_us=168.673 paired_device_delta_us=-0.620
SAMPLE case=fp16-wide-d32768 pair=14 order=C,P parent_device_us=8.540 candidate_device_us=8.280 parent_wall_us=209.514 candidate_wall_us=207.174 paired_device_delta_us=-0.260
SAMPLE case=fp16-wide-d32768 pair=15 order=P,C parent_device_us=8.380 candidate_device_us=8.300 parent_wall_us=78.711 candidate_wall_us=152.213 paired_device_delta_us=-0.080
SAMPLE case=fp16-wide-d32768 pair=16 order=C,P parent_device_us=8.420 candidate_device_us=8.260 parent_wall_us=194.154 candidate_wall_us=173.503 paired_device_delta_us=-0.160
SAMPLE case=fp16-wide-d32768 pair=17 order=P,C parent_device_us=8.580 candidate_device_us=7.900 parent_wall_us=85.601 candidate_wall_us=106.802 paired_device_delta_us=-0.680
SAMPLE case=fp16-wide-d32768 pair=18 order=C,P parent_device_us=8.360 candidate_device_us=8.400 parent_wall_us=162.153 candidate_wall_us=193.704 paired_device_delta_us=0.040
SAMPLE case=fp16-wide-d32768 pair=19 order=P,C parent_device_us=8.820 candidate_device_us=8.660 parent_wall_us=190.303 candidate_wall_us=198.624 paired_device_delta_us=-0.160
SAMPLE case=fp16-wide-d32768 pair=20 order=C,P parent_device_us=8.360 candidate_device_us=8.100 parent_wall_us=132.182 candidate_wall_us=84.882 paired_device_delta_us=-0.260
SAMPLE case=fp16-wide-d32768 pair=21 order=P,C parent_device_us=8.600 candidate_device_us=8.460 parent_wall_us=206.214 candidate_wall_us=162.303 paired_device_delta_us=-0.140
PAIR_BLOCK case=fp16-wide-d32768 block=1 pairs=21 parent_median_us=8.820 candidate_median_us=8.440 paired_delta_median_us=-0.160
CORRECTNESS case=fp16-wide-d32768 binary=PARENT_V017 result=PASS failures=0 max_abs=0.001953125 max_rel=0.010989011
CORRECTNESS case=fp16-wide-d32768 binary=CAND_V018 result=PASS failures=0 max_abs=0.001953125 max_rel=0.010989011
BITWISE case=fp16-wide-d32768 parent_vs_candidate=IDENTICAL diff_elements=0
SUMMARY case=fp16-wide-d32768 metric=device_us binary=PARENT_V017 n=21 median=8.820 mean=48.009 stdev=73.570 cv=1.53243 min=8.360 max=238.140 max_min=28.486 mad=0.440 p10=8.360 p90=156.680 spread=229.780 core_cv=0.02557
SUMMARY case=fp16-wide-d32768 metric=device_us binary=CAND_V018 n=21 median=8.440 mean=24.140 stdev=47.888 cv=1.98378 min=7.900 max=176.720 max_min=22.370 mad=0.240 p10=8.200 p90=11.940 spread=168.820 core_cv=0.02974
SUMMARY case=fp16-wide-d32768 metric=wall_us binary=PARENT_V017 n=21 median=197.964 mean=181.441 stdev=61.078 cv=0.33663 min=72.651 max=287.375 max_min=3.956 mad=35.870 p10=85.601 p90=244.274 spread=214.724 core_cv=0.09913
SUMMARY case=fp16-wide-d32768 metric=wall_us binary=CAND_V018 n=21 median=160.473 mean=151.924 stdev=52.307 cv=0.34430 min=74.541 max=231.994 max_min=3.112 mad=46.431 p10=76.081 p90=212.574 spread=157.453 core_cv=0.09670
SUMMARY case=fp16-wide-d32768 metric=paired_device_delta_us binary=CAND_V018_minus_PARENT_V017 n=21 median=-0.160 mean=-23.869 stdev=71.108 cv=-2.97916 min=-159.140 max=150.100 max_min=-0.943 mad=0.200 p10=-145.540 p90=0.500 spread=309.240 core_cv=0.00000
CASE_END name=fp16-wide-d32768 correctness=PASS
CASE_BEGIN name=bf16-tail-d12288 dtype=bf16 rows=2 width=12288 device=5 warmup_each=45 pairs=21 samples_per_binary=21
SAMPLE case=bf16-tail-d12288 pair=01 order=P,C parent_device_us=6.320 candidate_device_us=6.160 parent_wall_us=103.172 candidate_wall_us=165.393 paired_device_delta_us=-0.160
SAMPLE case=bf16-tail-d12288 pair=02 order=C,P parent_device_us=6.860 candidate_device_us=7.200 parent_wall_us=283.885 candidate_wall_us=197.453 paired_device_delta_us=0.340
SAMPLE case=bf16-tail-d12288 pair=03 order=P,C parent_device_us=6.400 candidate_device_us=6.320 parent_wall_us=82.381 candidate_wall_us=122.342 paired_device_delta_us=-0.080
SAMPLE case=bf16-tail-d12288 pair=04 order=C,P parent_device_us=7.200 candidate_device_us=24.580 parent_wall_us=254.414 candidate_wall_us=77.741 paired_device_delta_us=17.380
SAMPLE case=bf16-tail-d12288 pair=05 order=P,C parent_device_us=6.500 candidate_device_us=6.440 parent_wall_us=241.654 candidate_wall_us=260.025 paired_device_delta_us=-0.060
SAMPLE case=bf16-tail-d12288 pair=06 order=C,P parent_device_us=7.260 candidate_device_us=7.280 parent_wall_us=156.553 candidate_wall_us=130.302 paired_device_delta_us=0.020
SAMPLE case=bf16-tail-d12288 pair=07 order=P,C parent_device_us=6.460 candidate_device_us=6.600 parent_wall_us=233.104 candidate_wall_us=77.412 paired_device_delta_us=0.140
SAMPLE case=bf16-tail-d12288 pair=08 order=C,P parent_device_us=7.280 candidate_device_us=7.620 parent_wall_us=233.044 candidate_wall_us=207.864 paired_device_delta_us=0.340
SAMPLE case=bf16-tail-d12288 pair=09 order=P,C parent_device_us=6.500 candidate_device_us=6.080 parent_wall_us=217.344 candidate_wall_us=79.452 paired_device_delta_us=-0.420
SAMPLE case=bf16-tail-d12288 pair=10 order=C,P parent_device_us=6.980 candidate_device_us=7.480 parent_wall_us=280.595 candidate_wall_us=186.243 paired_device_delta_us=0.500
SAMPLE case=bf16-tail-d12288 pair=11 order=P,C parent_device_us=6.320 candidate_device_us=197.120 parent_wall_us=268.315 candidate_wall_us=254.595 paired_device_delta_us=190.800
SAMPLE case=bf16-tail-d12288 pair=12 order=C,P parent_device_us=6.420 candidate_device_us=6.600 parent_wall_us=291.865 candidate_wall_us=293.565 paired_device_delta_us=0.180
SAMPLE case=bf16-tail-d12288 pair=13 order=P,C parent_device_us=6.240 candidate_device_us=6.840 parent_wall_us=271.755 candidate_wall_us=272.385 paired_device_delta_us=0.600
SAMPLE case=bf16-tail-d12288 pair=14 order=C,P parent_device_us=6.600 candidate_device_us=6.620 parent_wall_us=85.511 candidate_wall_us=240.044 paired_device_delta_us=0.020
SAMPLE case=bf16-tail-d12288 pair=15 order=P,C parent_device_us=6.320 candidate_device_us=6.140 parent_wall_us=245.185 candidate_wall_us=255.824 paired_device_delta_us=-0.180
SAMPLE case=bf16-tail-d12288 pair=16 order=C,P parent_device_us=6.620 candidate_device_us=6.760 parent_wall_us=191.874 candidate_wall_us=93.452 paired_device_delta_us=0.140
SAMPLE case=bf16-tail-d12288 pair=17 order=P,C parent_device_us=6.060 candidate_device_us=6.600 parent_wall_us=225.024 candidate_wall_us=132.932 paired_device_delta_us=0.540
SAMPLE case=bf16-tail-d12288 pair=18 order=C,P parent_device_us=6.500 candidate_device_us=6.660 parent_wall_us=251.115 candidate_wall_us=149.152 paired_device_delta_us=0.160
SAMPLE case=bf16-tail-d12288 pair=19 order=P,C parent_device_us=6.600 candidate_device_us=206.100 parent_wall_us=246.574 candidate_wall_us=265.965 paired_device_delta_us=199.500
SAMPLE case=bf16-tail-d12288 pair=20 order=C,P parent_device_us=6.500 candidate_device_us=6.160 parent_wall_us=90.411 candidate_wall_us=138.993 paired_device_delta_us=-0.340
SAMPLE case=bf16-tail-d12288 pair=21 order=P,C parent_device_us=6.160 candidate_device_us=6.000 parent_wall_us=96.901 candidate_wall_us=263.184 paired_device_delta_us=-0.160
PAIR_BLOCK case=bf16-tail-d12288 block=1 pairs=21 parent_median_us=6.500 candidate_median_us=6.620 paired_delta_median_us=0.140
CORRECTNESS case=bf16-tail-d12288 binary=PARENT_V017 result=PASS failures=0 max_abs=0.0078125 max_rel=0.0073529412
CORRECTNESS case=bf16-tail-d12288 binary=CAND_V018 result=PASS failures=0 max_abs=0.0078125 max_rel=0.0073529412
BITWISE case=bf16-tail-d12288 parent_vs_candidate=IDENTICAL diff_elements=0
SUMMARY case=bf16-tail-d12288 metric=device_us binary=PARENT_V017 n=21 median=6.500 mean=6.576 stdev=0.349 cv=0.05312 min=6.060 max=7.280 max_min=1.201 mad=0.180 p10=6.240 p90=7.200 spread=1.220 core_cv=0.05312
SUMMARY case=bf16-tail-d12288 metric=device_us binary=CAND_V018 n=21 median=6.620 mean=26.065 stdev=58.510 cv=2.24480 min=6.000 max=206.100 max_min=34.350 mad=0.460 p10=6.140 p90=24.580 spread=200.100 core_cv=0.07326
SUMMARY case=bf16-tail-d12288 metric=wall_us binary=PARENT_V017 n=21 median=233.104 mean=207.175 stdev=72.887 cv=0.35181 min=82.381 max=291.865 max_min=3.543 mad=38.651 p10=90.411 p90=280.595 spread=209.484 core_cv=0.09203
SUMMARY case=bf16-tail-d12288 metric=wall_us binary=CAND_V018 n=21 median=186.243 mean=184.015 stdev=73.241 cv=0.39801 min=77.412 max=293.565 max_min=3.792 mad=68.352 p10=79.452 p90=265.965 spread=216.153 core_cv=0.13167
SUMMARY case=bf16-tail-d12288 metric=paired_device_delta_us binary=CAND_V018_minus_PARENT_V017 n=21 median=0.140 mean=19.489 stdev=58.537 cv=3.00368 min=-0.420 max=199.500 max_min=-475.000 mad=0.300 p10=-0.180 p90=17.380 spread=199.920 core_cv=0.07873
CASE_END name=bf16-tail-d12288 correctness=PASS
CASE_BEGIN name=bf16-wide-d32768 dtype=bf16 rows=2 width=32768 device=5 warmup_each=45 pairs=21 samples_per_binary=21
SAMPLE case=bf16-wide-d32768 pair=01 order=P,C parent_device_us=12.480 candidate_device_us=140.860 parent_wall_us=138.102 candidate_wall_us=199.193 paired_device_delta_us=128.380
SAMPLE case=bf16-wide-d32768 pair=02 order=C,P parent_device_us=144.680 candidate_device_us=12.020 parent_wall_us=201.503 candidate_wall_us=202.194 paired_device_delta_us=-132.660
SAMPLE case=bf16-wide-d32768 pair=03 order=P,C parent_device_us=12.000 candidate_device_us=11.880 parent_wall_us=227.533 candidate_wall_us=200.203 paired_device_delta_us=-0.120
SAMPLE case=bf16-wide-d32768 pair=04 order=C,P parent_device_us=159.960 candidate_device_us=12.120 parent_wall_us=219.804 candidate_wall_us=208.074 paired_device_delta_us=-147.840
SAMPLE case=bf16-wide-d32768 pair=05 order=P,C parent_device_us=12.220 candidate_device_us=12.160 parent_wall_us=192.924 candidate_wall_us=74.591 paired_device_delta_us=-0.060
SAMPLE case=bf16-wide-d32768 pair=06 order=C,P parent_device_us=12.040 candidate_device_us=12.260 parent_wall_us=182.334 candidate_wall_us=180.143 paired_device_delta_us=0.220
SAMPLE case=bf16-wide-d32768 pair=07 order=P,C parent_device_us=11.700 candidate_device_us=11.620 parent_wall_us=214.544 candidate_wall_us=80.021 paired_device_delta_us=-0.080
SAMPLE case=bf16-wide-d32768 pair=08 order=C,P parent_device_us=12.240 candidate_device_us=11.980 parent_wall_us=72.182 candidate_wall_us=161.223 paired_device_delta_us=-0.260
SAMPLE case=bf16-wide-d32768 pair=09 order=P,C parent_device_us=11.880 candidate_device_us=72.960 parent_wall_us=81.981 candidate_wall_us=123.612 paired_device_delta_us=61.080
SAMPLE case=bf16-wide-d32768 pair=10 order=C,P parent_device_us=12.360 candidate_device_us=12.160 parent_wall_us=190.943 candidate_wall_us=160.392 paired_device_delta_us=-0.200
SAMPLE case=bf16-wide-d32768 pair=11 order=P,C parent_device_us=12.320 candidate_device_us=12.280 parent_wall_us=205.294 candidate_wall_us=99.042 paired_device_delta_us=-0.040
SAMPLE case=bf16-wide-d32768 pair=12 order=C,P parent_device_us=12.200 candidate_device_us=12.340 parent_wall_us=131.373 candidate_wall_us=132.282 paired_device_delta_us=0.140
SAMPLE case=bf16-wide-d32768 pair=13 order=P,C parent_device_us=12.080 candidate_device_us=12.100 parent_wall_us=81.301 candidate_wall_us=208.514 paired_device_delta_us=0.020
SAMPLE case=bf16-wide-d32768 pair=14 order=C,P parent_device_us=11.780 candidate_device_us=179.760 parent_wall_us=238.234 candidate_wall_us=232.464 paired_device_delta_us=167.980
SAMPLE case=bf16-wide-d32768 pair=15 order=P,C parent_device_us=11.720 candidate_device_us=11.920 parent_wall_us=109.942 candidate_wall_us=86.561 paired_device_delta_us=0.200
SAMPLE case=bf16-wide-d32768 pair=16 order=C,P parent_device_us=11.580 candidate_device_us=11.720 parent_wall_us=234.624 candidate_wall_us=180.624 paired_device_delta_us=0.140
SAMPLE case=bf16-wide-d32768 pair=17 order=P,C parent_device_us=11.540 candidate_device_us=11.600 parent_wall_us=202.384 candidate_wall_us=81.491 paired_device_delta_us=0.060
SAMPLE case=bf16-wide-d32768 pair=18 order=C,P parent_device_us=12.220 candidate_device_us=11.980 parent_wall_us=172.653 candidate_wall_us=145.283 paired_device_delta_us=-0.240
SAMPLE case=bf16-wide-d32768 pair=19 order=P,C parent_device_us=12.280 candidate_device_us=12.080 parent_wall_us=197.104 candidate_wall_us=196.473 paired_device_delta_us=-0.200
SAMPLE case=bf16-wide-d32768 pair=20 order=C,P parent_device_us=12.160 candidate_device_us=11.960 parent_wall_us=138.003 candidate_wall_us=93.801 paired_device_delta_us=-0.200
SAMPLE case=bf16-wide-d32768 pair=21 order=P,C parent_device_us=11.740 candidate_device_us=11.780 parent_wall_us=230.684 candidate_wall_us=195.374 paired_device_delta_us=0.040
PAIR_BLOCK case=bf16-wide-d32768 block=1 pairs=21 parent_median_us=12.160 candidate_median_us=12.080 paired_delta_median_us=-0.040
CORRECTNESS case=bf16-wide-d32768 binary=PARENT_V017 result=PASS failures=0 max_abs=0.0078125 max_rel=0.01754386
CORRECTNESS case=bf16-wide-d32768 binary=CAND_V018 result=PASS failures=0 max_abs=0.0078125 max_rel=0.01754386
BITWISE case=bf16-wide-d32768 parent_vs_candidate=IDENTICAL diff_elements=0
SUMMARY case=bf16-wide-d32768 metric=device_us binary=PARENT_V017 n=21 median=12.160 mean=25.390 stdev=42.269 cv=1.66481 min=11.540 max=159.960 max_min=13.861 mad=0.200 p10=11.700 p90=12.480 spread=148.420 core_cv=0.02352
SUMMARY case=bf16-wide-d32768 metric=device_us binary=CAND_V018 n=21 median=12.080 mean=29.026 stdev=46.031 cv=1.58588 min=11.600 max=179.760 max_min=15.497 mad=0.180 p10=11.720 p90=72.960 spread=168.160 core_cv=0.01806
SUMMARY case=bf16-wide-d32768 metric=wall_us binary=PARENT_V017 n=21 median=192.924 mean=174.450 stdev=53.545 cv=0.30694 min=72.182 max=238.234 max_min=3.300 mad=34.609 p10=81.981 p90=230.684 spread=166.052 core_cv=0.08682
SUMMARY case=bf16-wide-d32768 metric=wall_us binary=CAND_V018 n=21 median=161.223 mean=154.360 stdev=51.600 cv=0.33428 min=74.591 max=232.464 max_min=3.117 mad=38.980 p10=81.491 p90=208.074 spread=157.873 core_cv=0.11917
SUMMARY case=bf16-wide-d32768 metric=paired_device_delta_us binary=CAND_V018_minus_PARENT_V017 n=21 median=-0.040 mean=3.636 stdev=66.184 cv=18.20158 min=-147.840 max=167.980 max_min=-1.136 mad=0.180 p10=-0.260 p90=61.080 spread=315.820 core_cv=0.00000
CASE_END name=bf16-wide-d32768 correctness=PASS
CASE_BEGIN name=fp16-ctrl-d8192 dtype=fp16 rows=2 width=8192 device=5 warmup_each=45 pairs=21 samples_per_binary=21
SAMPLE case=fp16-ctrl-d8192 pair=01 order=P,C parent_device_us=5.360 candidate_device_us=5.200 parent_wall_us=147.952 candidate_wall_us=167.463 paired_device_delta_us=-0.160
SAMPLE case=fp16-ctrl-d8192 pair=02 order=C,P parent_device_us=5.900 candidate_device_us=5.800 parent_wall_us=152.153 candidate_wall_us=138.062 paired_device_delta_us=-0.100
SAMPLE case=fp16-ctrl-d8192 pair=03 order=P,C parent_device_us=81.000 candidate_device_us=4.720 parent_wall_us=135.213 candidate_wall_us=148.082 paired_device_delta_us=-76.280
SAMPLE case=fp16-ctrl-d8192 pair=04 order=C,P parent_device_us=5.880 candidate_device_us=6.000 parent_wall_us=107.762 candidate_wall_us=179.954 paired_device_delta_us=0.120
SAMPLE case=fp16-ctrl-d8192 pair=05 order=P,C parent_device_us=4.860 candidate_device_us=14.200 parent_wall_us=75.571 candidate_wall_us=68.171 paired_device_delta_us=9.340
SAMPLE case=fp16-ctrl-d8192 pair=06 order=C,P parent_device_us=6.460 candidate_device_us=5.800 parent_wall_us=172.163 candidate_wall_us=149.352 paired_device_delta_us=-0.660
SAMPLE case=fp16-ctrl-d8192 pair=07 order=P,C parent_device_us=5.300 candidate_device_us=4.980 parent_wall_us=137.632 candidate_wall_us=74.911 paired_device_delta_us=-0.320
SAMPLE case=fp16-ctrl-d8192 pair=08 order=C,P parent_device_us=5.620 candidate_device_us=5.680 parent_wall_us=141.042 candidate_wall_us=70.221 paired_device_delta_us=0.060
SAMPLE case=fp16-ctrl-d8192 pair=09 order=P,C parent_device_us=4.600 candidate_device_us=5.100 parent_wall_us=74.871 candidate_wall_us=86.502 paired_device_delta_us=0.500
SAMPLE case=fp16-ctrl-d8192 pair=10 order=C,P parent_device_us=5.860 candidate_device_us=5.800 parent_wall_us=88.112 candidate_wall_us=131.422 paired_device_delta_us=-0.060
SAMPLE case=fp16-ctrl-d8192 pair=11 order=P,C parent_device_us=134.780 candidate_device_us=4.900 parent_wall_us=183.933 candidate_wall_us=300.135 paired_device_delta_us=-129.880
SAMPLE case=fp16-ctrl-d8192 pair=12 order=C,P parent_device_us=5.160 candidate_device_us=5.160 parent_wall_us=70.211 candidate_wall_us=97.221 paired_device_delta_us=0.000
SAMPLE case=fp16-ctrl-d8192 pair=13 order=P,C parent_device_us=5.340 candidate_device_us=5.420 parent_wall_us=130.442 candidate_wall_us=158.453 paired_device_delta_us=0.080
SAMPLE case=fp16-ctrl-d8192 pair=14 order=C,P parent_device_us=99.780 candidate_device_us=4.820 parent_wall_us=150.023 candidate_wall_us=137.793 paired_device_delta_us=-94.960
SAMPLE case=fp16-ctrl-d8192 pair=15 order=P,C parent_device_us=4.900 candidate_device_us=4.820 parent_wall_us=73.801 candidate_wall_us=71.701 paired_device_delta_us=-0.080
SAMPLE case=fp16-ctrl-d8192 pair=16 order=C,P parent_device_us=4.980 candidate_device_us=5.160 parent_wall_us=82.682 candidate_wall_us=142.272 paired_device_delta_us=0.180
SAMPLE case=fp16-ctrl-d8192 pair=17 order=P,C parent_device_us=4.700 candidate_device_us=4.720 parent_wall_us=146.202 candidate_wall_us=144.902 paired_device_delta_us=0.020
SAMPLE case=fp16-ctrl-d8192 pair=18 order=C,P parent_device_us=154.700 candidate_device_us=5.200 parent_wall_us=209.673 candidate_wall_us=210.124 paired_device_delta_us=-149.500
SAMPLE case=fp16-ctrl-d8192 pair=19 order=P,C parent_device_us=5.320 candidate_device_us=4.780 parent_wall_us=80.031 candidate_wall_us=161.353 paired_device_delta_us=-0.540
SAMPLE case=fp16-ctrl-d8192 pair=20 order=C,P parent_device_us=4.760 candidate_device_us=4.720 parent_wall_us=236.715 candidate_wall_us=239.794 paired_device_delta_us=-0.040
SAMPLE case=fp16-ctrl-d8192 pair=21 order=P,C parent_device_us=159.860 candidate_device_us=163.580 parent_wall_us=212.983 candidate_wall_us=222.223 paired_device_delta_us=3.720
PAIR_BLOCK case=fp16-ctrl-d8192 block=1 pairs=21 parent_median_us=5.360 candidate_median_us=5.160 paired_delta_median_us=-0.060
CORRECTNESS case=fp16-ctrl-d8192 binary=PARENT_V017 result=PASS failures=0 max_abs=0.0009765625 max_rel=0.0012618296
CORRECTNESS case=fp16-ctrl-d8192 binary=CAND_V018 result=PASS failures=0 max_abs=0.0009765625 max_rel=0.0012618296
BITWISE case=fp16-ctrl-d8192 parent_vs_candidate=IDENTICAL diff_elements=0
SUMMARY case=fp16-ctrl-d8192 metric=device_us binary=PARENT_V017 n=21 median=5.360 mean=34.053 stdev=54.897 cv=1.61209 min=4.600 max=159.860 max_min=34.752 mad=0.520 p10=4.760 p90=134.780 spread=155.260 core_cv=0.08346
SUMMARY case=fp16-ctrl-d8192 metric=device_us binary=CAND_V018 n=21 median=5.160 mean=13.170 stdev=34.522 cv=2.62132 min=4.720 max=163.580 max_min=34.657 mad=0.380 p10=4.720 p90=6.000 spread=158.860 core_cv=0.08244
SUMMARY case=fp16-ctrl-d8192 metric=wall_us binary=PARENT_V017 n=21 median=137.632 mean=133.770 stdev=50.207 cv=0.37532 min=70.211 max=236.715 max_min=3.371 mad=46.301 p10=74.871 p90=209.673 spread=166.504 core_cv=0.05416
SUMMARY case=fp16-ctrl-d8192 metric=wall_us binary=CAND_V018 n=21 median=144.902 mean=147.624 stdev=60.453 cv=0.40951 min=68.171 max=300.135 max_min=4.403 mad=35.052 p10=71.701 p90=222.223 spread=231.964 core_cv=0.07768
SUMMARY case=fp16-ctrl-d8192 metric=paired_device_delta_us binary=CAND_V018_minus_PARENT_V017 n=21 median=-0.060 mean=-20.884 stdev=47.433 cv=-2.27130 min=-149.500 max=9.340 max_min=-0.062 mad=0.240 p10=-94.960 p90=0.500 spread=158.840 core_cv=0.00000
CASE_END name=fp16-ctrl-d8192 correctness=PASS
CASE_BEGIN name=bf16-ctrl-d8192 dtype=bf16 rows=2 width=8192 device=5 warmup_each=45 pairs=21 samples_per_binary=21
SAMPLE case=bf16-ctrl-d8192 pair=01 order=P,C parent_device_us=5.420 candidate_device_us=5.260 parent_wall_us=168.393 candidate_wall_us=140.653 paired_device_delta_us=-0.160
SAMPLE case=bf16-ctrl-d8192 pair=02 order=C,P parent_device_us=6.380 candidate_device_us=6.680 parent_wall_us=87.881 candidate_wall_us=149.693 paired_device_delta_us=0.300
SAMPLE case=bf16-ctrl-d8192 pair=03 order=P,C parent_device_us=15.700 candidate_device_us=5.500 parent_wall_us=69.191 candidate_wall_us=70.211 paired_device_delta_us=-10.200
SAMPLE case=bf16-ctrl-d8192 pair=04 order=C,P parent_device_us=6.200 candidate_device_us=6.620 parent_wall_us=175.733 candidate_wall_us=79.732 paired_device_delta_us=0.420
SAMPLE case=bf16-ctrl-d8192 pair=05 order=P,C parent_device_us=5.580 candidate_device_us=5.820 parent_wall_us=118.802 candidate_wall_us=73.142 paired_device_delta_us=0.240
SAMPLE case=bf16-ctrl-d8192 pair=06 order=C,P parent_device_us=6.660 candidate_device_us=6.540 parent_wall_us=135.433 candidate_wall_us=71.021 paired_device_delta_us=-0.120
SAMPLE case=bf16-ctrl-d8192 pair=07 order=P,C parent_device_us=5.740 candidate_device_us=5.640 parent_wall_us=233.714 candidate_wall_us=152.523 paired_device_delta_us=-0.100
SAMPLE case=bf16-ctrl-d8192 pair=08 order=C,P parent_device_us=6.480 candidate_device_us=6.620 parent_wall_us=155.063 candidate_wall_us=182.593 paired_device_delta_us=0.140
SAMPLE case=bf16-ctrl-d8192 pair=09 order=P,C parent_device_us=5.600 candidate_device_us=5.560 parent_wall_us=158.183 candidate_wall_us=167.223 paired_device_delta_us=-0.040
SAMPLE case=bf16-ctrl-d8192 pair=10 order=C,P parent_device_us=6.280 candidate_device_us=6.720 parent_wall_us=77.792 candidate_wall_us=136.772 paired_device_delta_us=0.440
SAMPLE case=bf16-ctrl-d8192 pair=11 order=P,C parent_device_us=5.280 candidate_device_us=5.380 parent_wall_us=61.111 candidate_wall_us=141.862 paired_device_delta_us=0.100
SAMPLE case=bf16-ctrl-d8192 pair=12 order=C,P parent_device_us=5.820 candidate_device_us=5.500 parent_wall_us=125.412 candidate_wall_us=183.743 paired_device_delta_us=-0.320
SAMPLE case=bf16-ctrl-d8192 pair=13 order=P,C parent_device_us=91.500 candidate_device_us=5.740 parent_wall_us=142.643 candidate_wall_us=144.713 paired_device_delta_us=-85.760
SAMPLE case=bf16-ctrl-d8192 pair=14 order=C,P parent_device_us=5.220 candidate_device_us=5.340 parent_wall_us=111.532 candidate_wall_us=179.223 paired_device_delta_us=0.120
SAMPLE case=bf16-ctrl-d8192 pair=15 order=P,C parent_device_us=5.380 candidate_device_us=5.700 parent_wall_us=73.551 candidate_wall_us=70.231 paired_device_delta_us=0.320
SAMPLE case=bf16-ctrl-d8192 pair=16 order=C,P parent_device_us=5.660 candidate_device_us=5.780 parent_wall_us=161.342 candidate_wall_us=147.273 paired_device_delta_us=0.120
SAMPLE case=bf16-ctrl-d8192 pair=17 order=P,C parent_device_us=5.760 candidate_device_us=5.640 parent_wall_us=131.182 candidate_wall_us=74.711 paired_device_delta_us=-0.120
SAMPLE case=bf16-ctrl-d8192 pair=18 order=C,P parent_device_us=6.020 candidate_device_us=6.020 parent_wall_us=139.342 candidate_wall_us=70.871 paired_device_delta_us=0.000
SAMPLE case=bf16-ctrl-d8192 pair=19 order=P,C parent_device_us=5.920 candidate_device_us=5.340 parent_wall_us=194.523 candidate_wall_us=123.252 paired_device_delta_us=-0.580
SAMPLE case=bf16-ctrl-d8192 pair=20 order=C,P parent_device_us=5.280 candidate_device_us=5.380 parent_wall_us=69.181 candidate_wall_us=75.141 paired_device_delta_us=0.100
SAMPLE case=bf16-ctrl-d8192 pair=21 order=P,C parent_device_us=5.480 candidate_device_us=5.520 parent_wall_us=141.862 candidate_wall_us=185.203 paired_device_delta_us=0.040
PAIR_BLOCK case=bf16-ctrl-d8192 block=1 pairs=21 parent_median_us=5.760 candidate_median_us=5.640 paired_delta_median_us=0.040
CORRECTNESS case=bf16-ctrl-d8192 binary=PARENT_V017 result=PASS failures=0 max_abs=0.0078125 max_rel=0.0075757578
CORRECTNESS case=bf16-ctrl-d8192 binary=CAND_V018 result=PASS failures=0 max_abs=0.0078125 max_rel=0.0075757578
BITWISE case=bf16-ctrl-d8192 parent_vs_candidate=IDENTICAL diff_elements=0
SUMMARY case=bf16-ctrl-d8192 metric=device_us binary=PARENT_V017 n=21 median=5.760 mean=10.350 stdev=18.723 cv=1.80891 min=5.220 max=91.500 max_min=17.529 mad=0.380 p10=5.280 p90=6.660 spread=86.280 core_cv=0.07502
SUMMARY case=bf16-ctrl-d8192 metric=device_us binary=CAND_V018 n=21 median=5.640 mean=5.824 stdev=0.500 cv=0.08584 min=5.260 max=6.720 max_min=1.278 mad=0.260 p10=5.340 p90=6.620 spread=1.460 core_cv=0.08584
SUMMARY case=bf16-ctrl-d8192 metric=wall_us binary=PARENT_V017 n=21 median=135.433 mean=130.089 stdev=45.621 cv=0.35069 min=61.111 max=233.714 max_min=3.824 mad=25.909 p10=69.191 p90=175.733 spread=172.603 core_cv=0.11576
SUMMARY case=bf16-ctrl-d8192 metric=wall_us binary=CAND_V018 n=21 median=140.653 mean=124.752 stdev=44.517 cv=0.35684 min=70.211 max=185.203 max_min=2.638 mad=41.940 p10=70.871 p90=182.593 spread=114.992 core_cv=0.08265
SUMMARY case=bf16-ctrl-d8192 metric=paired_device_delta_us binary=CAND_V018_minus_PARENT_V017 n=21 median=0.040 mean=-4.527 stdev=18.748 cv=-4.14167 min=-85.760 max=0.440 max_min=-0.005 mad=0.160 p10=-0.580 p90=0.320 spread=86.200 core_cv=0.00000
CASE_END name=bf16-ctrl-d8192 correctness=PASS
RUNNER_COMPLETE mode=PAIRED correctness=PASS cases=4 warmup_each=45 pairs_each=21 timing=DEVICE_EVENT_PRIMARY wall=DIAGNOSTIC
