CASE_BEGIN name=fp16-tail-d12288 dtype=fp16 rows=2 width=12288 device=5 warmup_each=45 pairs=21 samples_per_binary=21
SAMPLE case=fp16-tail-d12288 pair=01 order=P,C parent_device_us=6.720 candidate_device_us=5.920 parent_wall_us=151.253 candidate_wall_us=210.037 paired_device_delta_us=-0.800
SAMPLE case=fp16-tail-d12288 pair=02 order=C,P parent_device_us=7.100 candidate_device_us=7.380 parent_wall_us=76.492 candidate_wall_us=111.458 paired_device_delta_us=0.280
SAMPLE case=fp16-tail-d12288 pair=03 order=P,C parent_device_us=14.040 candidate_device_us=5.320 parent_wall_us=67.043 candidate_wall_us=156.693 paired_device_delta_us=-8.720
SAMPLE case=fp16-tail-d12288 pair=04 order=C,P parent_device_us=7.400 candidate_device_us=7.120 parent_wall_us=160.162 candidate_wall_us=175.451 paired_device_delta_us=-0.280
SAMPLE case=fp16-tail-d12288 pair=05 order=P,C parent_device_us=5.780 candidate_device_us=5.700 parent_wall_us=69.212 candidate_wall_us=102.169 paired_device_delta_us=-0.080
SAMPLE case=fp16-tail-d12288 pair=06 order=C,P parent_device_us=7.080 candidate_device_us=7.800 parent_wall_us=198.698 candidate_wall_us=140.565 paired_device_delta_us=0.720
SAMPLE case=fp16-tail-d12288 pair=07 order=P,C parent_device_us=5.900 candidate_device_us=5.600 parent_wall_us=156.493 candidate_wall_us=168.361 paired_device_delta_us=-0.300
SAMPLE case=fp16-tail-d12288 pair=08 order=C,P parent_device_us=7.320 candidate_device_us=7.560 parent_wall_us=98.629 candidate_wall_us=70.932 paired_device_delta_us=0.240
SAMPLE case=fp16-tail-d12288 pair=09 order=P,C parent_device_us=5.420 candidate_device_us=5.560 parent_wall_us=145.475 candidate_wall_us=306.386 paired_device_delta_us=0.140
SAMPLE case=fp16-tail-d12288 pair=10 order=C,P parent_device_us=6.760 candidate_device_us=7.320 parent_wall_us=170.961 candidate_wall_us=173.941 paired_device_delta_us=0.560
SAMPLE case=fp16-tail-d12288 pair=11 order=P,C parent_device_us=5.440 candidate_device_us=5.500 parent_wall_us=192.069 candidate_wall_us=162.323 paired_device_delta_us=0.060
SAMPLE case=fp16-tail-d12288 pair=12 order=C,P parent_device_us=5.680 candidate_device_us=5.640 parent_wall_us=72.202 candidate_wall_us=162.223 paired_device_delta_us=-0.040
SAMPLE case=fp16-tail-d12288 pair=13 order=P,C parent_device_us=6.040 candidate_device_us=5.860 parent_wall_us=195.489 candidate_wall_us=70.303 paired_device_delta_us=-0.180
SAMPLE case=fp16-tail-d12288 pair=14 order=C,P parent_device_us=5.460 candidate_device_us=5.880 parent_wall_us=176.931 candidate_wall_us=159.883 paired_device_delta_us=0.420
SAMPLE case=fp16-tail-d12288 pair=15 order=P,C parent_device_us=5.260 candidate_device_us=5.420 parent_wall_us=159.043 candidate_wall_us=69.283 paired_device_delta_us=0.160
SAMPLE case=fp16-tail-d12288 pair=16 order=C,P parent_device_us=5.520 candidate_device_us=5.660 parent_wall_us=157.713 candidate_wall_us=68.023 paired_device_delta_us=0.140
SAMPLE case=fp16-tail-d12288 pair=17 order=P,C parent_device_us=5.500 candidate_device_us=5.680 parent_wall_us=198.498 candidate_wall_us=152.244 paired_device_delta_us=0.180
SAMPLE case=fp16-tail-d12288 pair=18 order=C,P parent_device_us=6.020 candidate_device_us=5.300 parent_wall_us=78.481 candidate_wall_us=173.812 paired_device_delta_us=-0.720
SAMPLE case=fp16-tail-d12288 pair=19 order=P,C parent_device_us=6.180 candidate_device_us=5.900 parent_wall_us=68.822 candidate_wall_us=156.383 paired_device_delta_us=-0.280
SAMPLE case=fp16-tail-d12288 pair=20 order=C,P parent_device_us=5.260 candidate_device_us=5.740 parent_wall_us=157.873 candidate_wall_us=172.911 paired_device_delta_us=0.480
SAMPLE case=fp16-tail-d12288 pair=21 order=P,C parent_device_us=5.740 candidate_device_us=5.660 parent_wall_us=69.113 candidate_wall_us=99.489 paired_device_delta_us=-0.080
PAIR_BLOCK case=fp16-tail-d12288 block=1 pairs=21 parent_median_us=5.900 candidate_median_us=5.700 paired_delta_median_us=0.060
CORRECTNESS case=fp16-tail-d12288 binary=PARENT_V017 result=PASS failures=0 max_abs=0.0009765625 max_rel=0.0015923567
CORRECTNESS case=fp16-tail-d12288 binary=CAND_V018 result=PASS failures=0 max_abs=0.0009765625 max_rel=0.0015923567
BITWISE case=fp16-tail-d12288 parent_vs_candidate=IDENTICAL diff_elements=0
SUMMARY case=fp16-tail-d12288 metric=device_us binary=PARENT_V017 n=21 median=5.900 mean=6.458 stdev=1.873 cv=0.29008 min=5.260 max=14.040 max_min=2.669 mad=0.460 p10=5.420 p90=7.320 spread=8.780 core_cv=0.09282
SUMMARY case=fp16-tail-d12288 metric=device_us binary=CAND_V018 n=21 median=5.700 mean=6.072 stdev=0.807 cv=0.13291 min=5.300 max=7.800 max_min=1.472 mad=0.200 p10=5.420 p90=7.380 spread=2.500 core_cv=0.03426
SUMMARY case=fp16-tail-d12288 metric=wall_us binary=PARENT_V017 n=21 median=156.493 mean=134.317 stdev=50.341 cv=0.37479 min=67.043 max=198.698 max_min=2.964 mad=38.996 p10=69.113 p90=195.489 spread=131.655 core_cv=0.05927
SUMMARY case=fp16-tail-d12288 metric=wall_us binary=CAND_V018 n=21 median=156.693 mean=145.851 stdev=56.166 cv=0.38509 min=68.023 max=306.386 max_min=4.504 mad=17.248 p10=70.303 p90=175.451 spread=238.363 core_cv=0.06496
SUMMARY case=fp16-tail-d12288 metric=paired_device_delta_us binary=CAND_V018_minus_PARENT_V017 n=21 median=0.060 mean=-0.386 stdev=1.947 cv=-5.04863 min=-8.720 max=0.720 max_min=-0.083 mad=0.240 p10=-0.720 p90=0.480 spread=9.440 core_cv=0.00000
CASE_END name=fp16-tail-d12288 correctness=PASS
CASE_BEGIN name=fp16-wide-d32768 dtype=fp16 rows=2 width=32768 device=5 warmup_each=45 pairs=21 samples_per_binary=21
SAMPLE case=fp16-wide-d32768 pair=01 order=P,C parent_device_us=108.340 candidate_device_us=8.660 parent_wall_us=166.602 candidate_wall_us=161.673 paired_device_delta_us=-99.680
SAMPLE case=fp16-wide-d32768 pair=02 order=C,P parent_device_us=11.380 candidate_device_us=11.120 parent_wall_us=214.577 candidate_wall_us=205.377 paired_device_delta_us=-0.260
SAMPLE case=fp16-wide-d32768 pair=03 order=P,C parent_device_us=8.360 candidate_device_us=8.740 parent_wall_us=217.737 candidate_wall_us=132.795 paired_device_delta_us=0.380
SAMPLE case=fp16-wide-d32768 pair=04 order=C,P parent_device_us=11.440 candidate_device_us=11.080 parent_wall_us=253.453 candidate_wall_us=152.293 paired_device_delta_us=-0.360
SAMPLE case=fp16-wide-d32768 pair=05 order=P,C parent_device_us=8.620 candidate_device_us=8.460 parent_wall_us=197.149 candidate_wall_us=156.823 paired_device_delta_us=-0.160
SAMPLE case=fp16-wide-d32768 pair=06 order=C,P parent_device_us=11.200 candidate_device_us=10.920 parent_wall_us=170.742 candidate_wall_us=227.926 paired_device_delta_us=-0.280
SAMPLE case=fp16-wide-d32768 pair=07 order=P,C parent_device_us=8.920 candidate_device_us=90.840 parent_wall_us=171.031 candidate_wall_us=145.605 paired_device_delta_us=81.920
SAMPLE case=fp16-wide-d32768 pair=08 order=C,P parent_device_us=82.620 candidate_device_us=11.200 parent_wall_us=192.199 candidate_wall_us=123.937 paired_device_delta_us=-71.420
SAMPLE case=fp16-wide-d32768 pair=09 order=P,C parent_device_us=8.520 candidate_device_us=103.020 parent_wall_us=168.932 candidate_wall_us=153.113 paired_device_delta_us=94.500
SAMPLE case=fp16-wide-d32768 pair=10 order=C,P parent_device_us=11.340 candidate_device_us=11.180 parent_wall_us=186.979 candidate_wall_us=183.670 paired_device_delta_us=-0.160
SAMPLE case=fp16-wide-d32768 pair=11 order=P,C parent_device_us=8.560 candidate_device_us=9.020 parent_wall_us=115.757 candidate_wall_us=84.411 paired_device_delta_us=0.460
SAMPLE case=fp16-wide-d32768 pair=12 order=C,P parent_device_us=8.800 candidate_device_us=136.260 parent_wall_us=198.598 candidate_wall_us=193.589 paired_device_delta_us=127.460
SAMPLE case=fp16-wide-d32768 pair=13 order=P,C parent_device_us=8.920 candidate_device_us=8.160 parent_wall_us=144.784 candidate_wall_us=77.962 paired_device_delta_us=-0.760
SAMPLE case=fp16-wide-d32768 pair=14 order=C,P parent_device_us=8.360 candidate_device_us=8.300 parent_wall_us=141.995 candidate_wall_us=75.502 paired_device_delta_us=-0.060
SAMPLE case=fp16-wide-d32768 pair=15 order=P,C parent_device_us=8.320 candidate_device_us=8.660 parent_wall_us=88.980 candidate_wall_us=82.851 paired_device_delta_us=0.340
SAMPLE case=fp16-wide-d32768 pair=16 order=C,P parent_device_us=8.180 candidate_device_us=8.160 parent_wall_us=73.202 candidate_wall_us=121.797 paired_device_delta_us=-0.020
SAMPLE case=fp16-wide-d32768 pair=17 order=P,C parent_device_us=8.400 candidate_device_us=8.740 parent_wall_us=237.245 candidate_wall_us=172.092 paired_device_delta_us=0.340
SAMPLE case=fp16-wide-d32768 pair=18 order=C,P parent_device_us=8.880 candidate_device_us=8.500 parent_wall_us=153.903 candidate_wall_us=170.522 paired_device_delta_us=-0.380
SAMPLE case=fp16-wide-d32768 pair=19 order=P,C parent_device_us=8.940 candidate_device_us=99.620 parent_wall_us=131.885 candidate_wall_us=148.534 paired_device_delta_us=90.680
SAMPLE case=fp16-wide-d32768 pair=20 order=C,P parent_device_us=8.600 candidate_device_us=8.640 parent_wall_us=280.130 candidate_wall_us=142.154 paired_device_delta_us=0.040
SAMPLE case=fp16-wide-d32768 pair=21 order=P,C parent_device_us=8.680 candidate_device_us=8.660 parent_wall_us=139.835 candidate_wall_us=160.993 paired_device_delta_us=-0.020
PAIR_BLOCK case=fp16-wide-d32768 block=1 pairs=21 parent_median_us=8.800 candidate_median_us=8.740 paired_delta_median_us=-0.020
CORRECTNESS case=fp16-wide-d32768 binary=PARENT_V017 result=PASS failures=0 max_abs=0.001953125 max_rel=0.010989011
CORRECTNESS case=fp16-wide-d32768 binary=CAND_V018 result=PASS failures=0 max_abs=0.001953125 max_rel=0.010989011
BITWISE case=fp16-wide-d32768 parent_vs_candidate=IDENTICAL diff_elements=0
SUMMARY case=fp16-wide-d32768 metric=device_us binary=PARENT_V017 n=21 median=8.800 mean=17.399 stdev=26.298 cv=1.51148 min=8.180 max=108.340 max_min=13.244 mad=0.400 p10=8.360 p90=11.440 spread=100.160 core_cv=0.02886
SUMMARY case=fp16-wide-d32768 metric=device_us binary=CAND_V018 n=21 median=8.740 mean=27.997 stdev=40.244 cv=1.43742 min=8.160 max=136.260 max_min=16.699 mad=0.580 p10=8.300 p90=99.620 spread=128.100 core_cv=0.02977
SUMMARY case=fp16-wide-d32768 metric=wall_us binary=PARENT_V017 n=21 median=170.742 mean=173.605 stdev=51.418 cv=0.29618 min=73.202 max=280.130 max_min=3.827 mad=28.747 p10=115.757 p90=237.245 spread=206.928 core_cv=0.12504
SUMMARY case=fp16-wide-d32768 metric=wall_us binary=CAND_V018 n=21 median=152.293 mean=146.363 stdev=41.549 cv=0.28388 min=75.502 max=227.926 max_min=3.019 mad=19.799 p10=82.851 p90=193.589 spread=152.424 core_cv=0.09429
SUMMARY case=fp16-wide-d32768 metric=paired_device_delta_us binary=CAND_V018_minus_PARENT_V017 n=21 median=-0.020 mean=10.598 stdev=51.376 cv=4.84767 min=-99.680 max=127.460 max_min=-1.279 mad=0.360 p10=-0.760 p90=90.680 spread=227.140 core_cv=0.00000
CASE_END name=fp16-wide-d32768 correctness=PASS
CASE_BEGIN name=bf16-tail-d12288 dtype=bf16 rows=2 width=12288 device=5 warmup_each=45 pairs=21 samples_per_binary=21
SAMPLE case=bf16-tail-d12288 pair=01 order=P,C parent_device_us=6.700 candidate_device_us=116.720 parent_wall_us=127.616 candidate_wall_us=163.073 paired_device_delta_us=110.020
SAMPLE case=bf16-tail-d12288 pair=02 order=C,P parent_device_us=6.800 candidate_device_us=7.620 parent_wall_us=121.586 candidate_wall_us=81.421 paired_device_delta_us=0.820
SAMPLE case=bf16-tail-d12288 pair=03 order=P,C parent_device_us=6.060 candidate_device_us=6.080 parent_wall_us=133.725 candidate_wall_us=151.674 paired_device_delta_us=0.020
SAMPLE case=bf16-tail-d12288 pair=04 order=C,P parent_device_us=6.800 candidate_device_us=6.780 parent_wall_us=140.655 candidate_wall_us=166.552 paired_device_delta_us=-0.020
SAMPLE case=bf16-tail-d12288 pair=05 order=P,C parent_device_us=7.440 candidate_device_us=69.800 parent_wall_us=160.262 candidate_wall_us=118.987 paired_device_delta_us=62.360
SAMPLE case=bf16-tail-d12288 pair=06 order=C,P parent_device_us=64.200 candidate_device_us=6.840 parent_wall_us=118.067 candidate_wall_us=117.247 paired_device_delta_us=-57.360
SAMPLE case=bf16-tail-d12288 pair=07 order=P,C parent_device_us=6.340 candidate_device_us=5.960 parent_wall_us=121.427 candidate_wall_us=142.165 paired_device_delta_us=-0.380
SAMPLE case=bf16-tail-d12288 pair=08 order=C,P parent_device_us=7.180 candidate_device_us=7.200 parent_wall_us=152.733 candidate_wall_us=148.994 paired_device_delta_us=0.020
SAMPLE case=bf16-tail-d12288 pair=09 order=P,C parent_device_us=69.000 candidate_device_us=6.440 parent_wall_us=117.667 candidate_wall_us=118.877 paired_device_delta_us=-62.560
SAMPLE case=bf16-tail-d12288 pair=10 order=C,P parent_device_us=7.100 candidate_device_us=7.040 parent_wall_us=169.912 candidate_wall_us=140.245 paired_device_delta_us=-0.060
SAMPLE case=bf16-tail-d12288 pair=11 order=P,C parent_device_us=6.320 candidate_device_us=6.200 parent_wall_us=136.146 candidate_wall_us=153.063 paired_device_delta_us=-0.120
SAMPLE case=bf16-tail-d12288 pair=12 order=C,P parent_device_us=85.420 candidate_device_us=6.080 parent_wall_us=133.336 candidate_wall_us=144.074 paired_device_delta_us=-79.340
SAMPLE case=bf16-tail-d12288 pair=13 order=P,C parent_device_us=97.820 candidate_device_us=103.320 parent_wall_us=143.325 candidate_wall_us=146.334 paired_device_delta_us=5.500
SAMPLE case=bf16-tail-d12288 pair=14 order=C,P parent_device_us=6.100 candidate_device_us=102.040 parent_wall_us=169.712 candidate_wall_us=147.384 paired_device_delta_us=95.940
SAMPLE case=bf16-tail-d12288 pair=15 order=P,C parent_device_us=5.920 candidate_device_us=6.300 parent_wall_us=160.762 candidate_wall_us=142.995 paired_device_delta_us=0.380
SAMPLE case=bf16-tail-d12288 pair=16 order=C,P parent_device_us=5.980 candidate_device_us=5.940 parent_wall_us=126.286 candidate_wall_us=144.575 paired_device_delta_us=-0.040
SAMPLE case=bf16-tail-d12288 pair=17 order=P,C parent_device_us=11.400 candidate_device_us=6.180 parent_wall_us=75.372 candidate_wall_us=72.562 paired_device_delta_us=-5.220
SAMPLE case=bf16-tail-d12288 pair=18 order=C,P parent_device_us=142.360 candidate_device_us=86.880 parent_wall_us=194.859 candidate_wall_us=136.375 paired_device_delta_us=-55.480
SAMPLE case=bf16-tail-d12288 pair=19 order=P,C parent_device_us=6.460 candidate_device_us=6.600 parent_wall_us=163.632 candidate_wall_us=153.993 paired_device_delta_us=0.140
SAMPLE case=bf16-tail-d12288 pair=20 order=C,P parent_device_us=98.300 candidate_device_us=76.560 parent_wall_us=145.754 candidate_wall_us=124.946 paired_device_delta_us=-21.740
SAMPLE case=bf16-tail-d12288 pair=21 order=P,C parent_device_us=92.760 candidate_device_us=95.220 parent_wall_us=143.354 candidate_wall_us=145.284 paired_device_delta_us=2.460
PAIR_BLOCK case=bf16-tail-d12288 block=1 pairs=21 parent_median_us=7.100 candidate_median_us=6.840 paired_delta_median_us=-0.020
CORRECTNESS case=bf16-tail-d12288 binary=PARENT_V017 result=PASS failures=0 max_abs=0.0078125 max_rel=0.0073529412
CORRECTNESS case=bf16-tail-d12288 binary=CAND_V018 result=PASS failures=0 max_abs=0.0078125 max_rel=0.0073529412
BITWISE case=bf16-tail-d12288 parent_vs_candidate=IDENTICAL diff_elements=0
SUMMARY case=bf16-tail-d12288 metric=device_us binary=PARENT_V017 n=21 median=7.100 mean=35.546 stdev=43.840 cv=1.23335 min=5.920 max=142.360 max_min=24.047 mad=1.040 p10=6.060 p90=97.820 spread=136.440 core_cv=0.07512
SUMMARY case=bf16-tail-d12288 metric=device_us binary=CAND_V018 n=21 median=6.840 mean=35.324 stdev=42.693 cv=1.20863 min=5.940 max=116.720 max_min=19.650 mad=0.760 p10=6.080 p90=102.040 spread=110.780 core_cv=0.07879
SUMMARY case=bf16-tail-d12288 metric=wall_us binary=PARENT_V017 n=21 median=140.655 mean=140.771 stdev=25.173 cv=0.17882 min=75.372 max=194.859 max_min=2.585 mad=19.069 p10=118.067 p90=169.712 spread=119.487 core_cv=0.10951
SUMMARY case=bf16-tail-d12288 metric=wall_us binary=CAND_V018 n=21 median=144.074 mean=136.230 stdev=23.792 cv=0.17464 min=72.562 max=166.552 max_min=2.295 mad=7.699 p10=117.247 p90=153.993 spread=93.990 core_cv=0.09822
SUMMARY case=bf16-tail-d12288 metric=paired_device_delta_us binary=CAND_V018_minus_PARENT_V017 n=21 median=-0.020 mean=-0.222 stdev=45.995 cv=-207.27310 min=-79.340 max=110.020 max_min=-1.387 mad=2.480 p10=-57.360 p90=62.360 spread=189.360 core_cv=0.00000
CASE_END name=bf16-tail-d12288 correctness=PASS
CASE_BEGIN name=bf16-wide-d32768 dtype=bf16 rows=2 width=32768 device=5 warmup_each=45 pairs=21 samples_per_binary=21
SAMPLE case=bf16-wide-d32768 pair=01 order=P,C parent_device_us=12.500 candidate_device_us=12.380 parent_wall_us=118.257 candidate_wall_us=240.794 paired_device_delta_us=-0.120
SAMPLE case=bf16-wide-d32768 pair=02 order=C,P parent_device_us=11.680 candidate_device_us=11.820 parent_wall_us=162.562 candidate_wall_us=87.890 paired_device_delta_us=0.140
SAMPLE case=bf16-wide-d32768 pair=03 order=P,C parent_device_us=11.720 candidate_device_us=14.080 parent_wall_us=88.900 candidate_wall_us=68.333 paired_device_delta_us=2.360
SAMPLE case=bf16-wide-d32768 pair=04 order=C,P parent_device_us=11.940 candidate_device_us=11.820 parent_wall_us=166.892 candidate_wall_us=158.853 paired_device_delta_us=-0.120
SAMPLE case=bf16-wide-d32768 pair=05 order=P,C parent_device_us=11.740 candidate_device_us=11.800 parent_wall_us=154.193 candidate_wall_us=93.070 paired_device_delta_us=0.060
SAMPLE case=bf16-wide-d32768 pair=06 order=C,P parent_device_us=12.260 candidate_device_us=20.940 parent_wall_us=158.863 candidate_wall_us=67.863 paired_device_delta_us=8.680
SAMPLE case=bf16-wide-d32768 pair=07 order=P,C parent_device_us=12.060 candidate_device_us=12.180 parent_wall_us=94.609 candidate_wall_us=128.017 paired_device_delta_us=0.120
SAMPLE case=bf16-wide-d32768 pair=08 order=C,P parent_device_us=11.600 candidate_device_us=11.920 parent_wall_us=110.418 candidate_wall_us=200.518 paired_device_delta_us=0.320
SAMPLE case=bf16-wide-d32768 pair=09 order=P,C parent_device_us=12.000 candidate_device_us=20.300 parent_wall_us=90.130 candidate_wall_us=68.932 paired_device_delta_us=8.300
SAMPLE case=bf16-wide-d32768 pair=10 order=C,P parent_device_us=11.700 candidate_device_us=11.960 parent_wall_us=130.165 candidate_wall_us=161.903 paired_device_delta_us=0.260
SAMPLE case=bf16-wide-d32768 pair=11 order=P,C parent_device_us=11.700 candidate_device_us=12.840 parent_wall_us=76.132 candidate_wall_us=67.092 paired_device_delta_us=1.140
SAMPLE case=bf16-wide-d32768 pair=12 order=C,P parent_device_us=12.260 candidate_device_us=11.780 parent_wall_us=168.252 candidate_wall_us=265.201 paired_device_delta_us=-0.480
SAMPLE case=bf16-wide-d32768 pair=13 order=P,C parent_device_us=12.240 candidate_device_us=12.180 parent_wall_us=179.740 candidate_wall_us=118.037 paired_device_delta_us=-0.060
SAMPLE case=bf16-wide-d32768 pair=14 order=C,P parent_device_us=174.860 candidate_device_us=12.120 parent_wall_us=257.552 candidate_wall_us=88.850 paired_device_delta_us=-162.740
SAMPLE case=bf16-wide-d32768 pair=15 order=P,C parent_device_us=12.160 candidate_device_us=11.840 parent_wall_us=136.915 candidate_wall_us=96.440 paired_device_delta_us=-0.320
SAMPLE case=bf16-wide-d32768 pair=16 order=C,P parent_device_us=11.860 candidate_device_us=150.740 parent_wall_us=118.557 candidate_wall_us=197.289 paired_device_delta_us=138.880
SAMPLE case=bf16-wide-d32768 pair=17 order=P,C parent_device_us=12.960 candidate_device_us=151.120 parent_wall_us=84.160 candidate_wall_us=200.258 paired_device_delta_us=138.160
SAMPLE case=bf16-wide-d32768 pair=18 order=C,P parent_device_us=11.800 candidate_device_us=11.800 parent_wall_us=236.374 candidate_wall_us=274.531 paired_device_delta_us=0.000
SAMPLE case=bf16-wide-d32768 pair=19 order=P,C parent_device_us=62.500 candidate_device_us=12.360 parent_wall_us=115.648 candidate_wall_us=108.078 paired_device_delta_us=-50.140
SAMPLE case=bf16-wide-d32768 pair=20 order=C,P parent_device_us=12.140 candidate_device_us=11.940 parent_wall_us=281.509 candidate_wall_us=122.447 paired_device_delta_us=-0.200
SAMPLE case=bf16-wide-d32768 pair=21 order=P,C parent_device_us=11.960 candidate_device_us=11.940 parent_wall_us=164.842 candidate_wall_us=197.178 paired_device_delta_us=-0.020
PAIR_BLOCK case=bf16-wide-d32768 block=1 pairs=21 parent_median_us=12.000 candidate_median_us=12.120 paired_delta_median_us=0.060
CORRECTNESS case=bf16-wide-d32768 binary=PARENT_V017 result=PASS failures=0 max_abs=0.0078125 max_rel=0.01754386
CORRECTNESS case=bf16-wide-d32768 binary=CAND_V018 result=PASS failures=0 max_abs=0.0078125 max_rel=0.01754386
BITWISE case=bf16-wide-d32768 parent_vs_candidate=IDENTICAL diff_elements=0
SUMMARY case=bf16-wide-d32768 metric=device_us binary=PARENT_V017 n=21 median=12.000 mean=22.173 stdev=36.676 cv=1.65405 min=11.600 max=174.860 max_min=15.074 mad=0.260 p10=11.700 p90=12.960 spread=163.260 core_cv=0.02817
SUMMARY case=bf16-wide-d32768 metric=device_us binary=CAND_V018 n=21 median=12.120 mean=26.184 stdev=41.553 cv=1.58697 min=11.780 max=151.120 max_min=12.829 mad=0.300 p10=11.800 p90=20.940 spread=139.340 core_cv=0.04674
SUMMARY case=bf16-wide-d32768 metric=wall_us binary=PARENT_V017 n=21 median=136.915 mean=147.365 stdev=56.409 cv=0.38278 min=76.132 max=281.509 max_min=3.698 mad=29.977 p10=88.900 p90=236.374 spread=205.377 core_cv=0.15033
SUMMARY case=bf16-wide-d32768 metric=wall_us binary=CAND_V018 n=21 median=122.447 mean=143.408 stdev=67.253 cv=0.46896 min=67.092 max=274.531 max_min=4.092 mad=53.515 p10=68.333 p90=240.794 spread=207.439 core_cv=0.07078
SUMMARY case=bf16-wide-d32768 metric=paired_device_delta_us binary=CAND_V018_minus_PARENT_V017 n=21 median=0.060 mean=4.010 stdev=57.960 cv=14.45224 min=-162.740 max=138.880 max_min=-0.853 mad=0.260 p10=-0.480 p90=8.680 spread=301.620 core_cv=0.00000
CASE_END name=bf16-wide-d32768 correctness=PASS
CASE_BEGIN name=fp16-ctrl-d8192 dtype=fp16 rows=2 width=8192 device=5 warmup_each=45 pairs=21 samples_per_binary=21
SAMPLE case=fp16-ctrl-d8192 pair=01 order=P,C parent_device_us=72.320 candidate_device_us=5.140 parent_wall_us=126.486 candidate_wall_us=95.770 paired_device_delta_us=-67.180
SAMPLE case=fp16-ctrl-d8192 pair=02 order=C,P parent_device_us=6.240 candidate_device_us=6.340 parent_wall_us=158.472 candidate_wall_us=156.523 paired_device_delta_us=0.100
SAMPLE case=fp16-ctrl-d8192 pair=03 order=P,C parent_device_us=83.780 candidate_device_us=4.760 parent_wall_us=130.576 candidate_wall_us=146.254 paired_device_delta_us=-79.020
SAMPLE case=fp16-ctrl-d8192 pair=04 order=C,P parent_device_us=6.180 candidate_device_us=5.440 parent_wall_us=107.949 candidate_wall_us=73.902 paired_device_delta_us=-0.740
SAMPLE case=fp16-ctrl-d8192 pair=05 order=P,C parent_device_us=4.820 candidate_device_us=4.820 parent_wall_us=144.364 candidate_wall_us=234.005 paired_device_delta_us=0.000
SAMPLE case=fp16-ctrl-d8192 pair=06 order=C,P parent_device_us=104.780 candidate_device_us=5.920 parent_wall_us=156.283 candidate_wall_us=144.824 paired_device_delta_us=-98.860
SAMPLE case=fp16-ctrl-d8192 pair=07 order=P,C parent_device_us=5.440 candidate_device_us=5.340 parent_wall_us=151.354 candidate_wall_us=302.987 paired_device_delta_us=-0.100
SAMPLE case=fp16-ctrl-d8192 pair=08 order=C,P parent_device_us=6.200 candidate_device_us=6.180 parent_wall_us=189.579 candidate_wall_us=164.212 paired_device_delta_us=-0.020
SAMPLE case=fp16-ctrl-d8192 pair=09 order=P,C parent_device_us=6.240 candidate_device_us=119.560 parent_wall_us=198.298 candidate_wall_us=165.772 paired_device_delta_us=113.320
SAMPLE case=fp16-ctrl-d8192 pair=10 order=C,P parent_device_us=6.380 candidate_device_us=6.120 parent_wall_us=195.729 candidate_wall_us=154.483 paired_device_delta_us=-0.260
SAMPLE case=fp16-ctrl-d8192 pair=11 order=P,C parent_device_us=5.000 candidate_device_us=4.820 parent_wall_us=240.794 candidate_wall_us=251.293 paired_device_delta_us=-0.180
SAMPLE case=fp16-ctrl-d8192 pair=12 order=C,P parent_device_us=5.160 candidate_device_us=4.920 parent_wall_us=158.103 candidate_wall_us=243.654 paired_device_delta_us=-0.240
SAMPLE case=fp16-ctrl-d8192 pair=13 order=P,C parent_device_us=6.380 candidate_device_us=5.460 parent_wall_us=107.709 candidate_wall_us=118.627 paired_device_delta_us=-0.920
SAMPLE case=fp16-ctrl-d8192 pair=14 order=C,P parent_device_us=82.320 candidate_device_us=4.800 parent_wall_us=133.576 candidate_wall_us=192.089 paired_device_delta_us=-77.520
SAMPLE case=fp16-ctrl-d8192 pair=15 order=P,C parent_device_us=4.880 candidate_device_us=4.780 parent_wall_us=127.677 candidate_wall_us=112.407 paired_device_delta_us=-0.100
SAMPLE case=fp16-ctrl-d8192 pair=16 order=C,P parent_device_us=5.180 candidate_device_us=4.960 parent_wall_us=199.368 candidate_wall_us=108.268 paired_device_delta_us=-0.220
SAMPLE case=fp16-ctrl-d8192 pair=17 order=P,C parent_device_us=86.100 candidate_device_us=5.020 parent_wall_us=139.115 candidate_wall_us=135.735 paired_device_delta_us=-81.080
SAMPLE case=fp16-ctrl-d8192 pair=18 order=C,P parent_device_us=5.200 candidate_device_us=30.580 parent_wall_us=89.651 candidate_wall_us=80.511 paired_device_delta_us=25.380
SAMPLE case=fp16-ctrl-d8192 pair=19 order=P,C parent_device_us=5.460 candidate_device_us=4.760 parent_wall_us=111.218 candidate_wall_us=73.832 paired_device_delta_us=-0.700
SAMPLE case=fp16-ctrl-d8192 pair=20 order=C,P parent_device_us=17.400 candidate_device_us=4.800 parent_wall_us=71.963 candidate_wall_us=77.681 paired_device_delta_us=-12.600
SAMPLE case=fp16-ctrl-d8192 pair=21 order=P,C parent_device_us=9.520 candidate_device_us=11.960 parent_wall_us=65.513 candidate_wall_us=65.213 paired_device_delta_us=2.440
PAIR_BLOCK case=fp16-ctrl-d8192 block=1 pairs=21 parent_median_us=6.240 candidate_median_us=5.140 paired_delta_median_us=-0.240
CORRECTNESS case=fp16-ctrl-d8192 binary=PARENT_V017 result=PASS failures=0 max_abs=0.0009765625 max_rel=0.0012618296
CORRECTNESS case=fp16-ctrl-d8192 binary=CAND_V018 result=PASS failures=0 max_abs=0.0009765625 max_rel=0.0012618296
BITWISE case=fp16-ctrl-d8192 parent_vs_candidate=IDENTICAL diff_elements=0
SUMMARY case=fp16-ctrl-d8192 metric=device_us binary=PARENT_V017 n=21 median=6.240 mean=25.475 stdev=35.093 cv=1.37754 min=4.820 max=104.780 max_min=21.739 mad=1.080 p10=5.000 p90=83.780 spread=99.960 core_cv=0.09631
SUMMARY case=fp16-ctrl-d8192 metric=device_us binary=CAND_V018 n=21 median=5.140 mean=12.213 stdev=25.239 cv=2.06652 min=4.760 max=119.560 max_min=25.118 mad=0.340 p10=4.780 p90=11.960 spread=114.800 core_cv=0.08356
SUMMARY case=fp16-ctrl-d8192 metric=wall_us binary=PARENT_V017 n=21 median=139.115 mean=143.037 stdev=44.503 cv=0.31113 min=65.513 max=240.794 max_min=3.676 mad=27.897 p10=89.651 p90=198.298 spread=175.281 core_cv=0.08992
SUMMARY case=fp16-ctrl-d8192 metric=wall_us binary=CAND_V018 n=21 median=144.824 mean=147.526 stdev=66.262 cv=0.44916 min=65.213 max=302.987 max_min=4.646 mad=47.265 p10=73.902 p90=243.654 spread=237.774 core_cv=0.10566
SUMMARY case=fp16-ctrl-d8192 metric=paired_device_delta_us binary=CAND_V018_minus_PARENT_V017 n=21 median=-0.240 mean=-13.262 stdev=46.407 cv=-3.49930 min=-98.860 max=113.320 max_min=-1.146 mad=0.500 p10=-79.020 p90=2.440 spread=212.180 core_cv=0.00000
CASE_END name=fp16-ctrl-d8192 correctness=PASS
CASE_BEGIN name=bf16-ctrl-d8192 dtype=bf16 rows=2 width=8192 device=5 warmup_each=45 pairs=21 samples_per_binary=21
SAMPLE case=bf16-ctrl-d8192 pair=01 order=P,C parent_device_us=5.880 candidate_device_us=5.700 parent_wall_us=231.655 candidate_wall_us=211.177 paired_device_delta_us=-0.180
SAMPLE case=bf16-ctrl-d8192 pair=02 order=C,P parent_device_us=6.680 candidate_device_us=6.660 parent_wall_us=247.113 candidate_wall_us=218.926 paired_device_delta_us=-0.020
SAMPLE case=bf16-ctrl-d8192 pair=03 order=P,C parent_device_us=5.300 candidate_device_us=5.320 parent_wall_us=214.536 candidate_wall_us=243.374 paired_device_delta_us=0.020
SAMPLE case=bf16-ctrl-d8192 pair=04 order=C,P parent_device_us=6.320 candidate_device_us=14.780 parent_wall_us=184.230 candidate_wall_us=77.531 paired_device_delta_us=8.460
SAMPLE case=bf16-ctrl-d8192 pair=05 order=P,C parent_device_us=5.400 candidate_device_us=5.220 parent_wall_us=211.027 candidate_wall_us=223.246 paired_device_delta_us=-0.180
SAMPLE case=bf16-ctrl-d8192 pair=06 order=C,P parent_device_us=25.180 candidate_device_us=6.740 parent_wall_us=74.362 candidate_wall_us=162.322 paired_device_delta_us=-18.440
SAMPLE case=bf16-ctrl-d8192 pair=07 order=P,C parent_device_us=5.360 candidate_device_us=29.940 parent_wall_us=75.222 candidate_wall_us=79.511 paired_device_delta_us=24.580
SAMPLE case=bf16-ctrl-d8192 pair=08 order=C,P parent_device_us=6.180 candidate_device_us=6.660 parent_wall_us=130.106 candidate_wall_us=186.820 paired_device_delta_us=0.480
SAMPLE case=bf16-ctrl-d8192 pair=09 order=P,C parent_device_us=5.500 candidate_device_us=5.340 parent_wall_us=175.471 candidate_wall_us=77.892 paired_device_delta_us=-0.160
SAMPLE case=bf16-ctrl-d8192 pair=10 order=C,P parent_device_us=6.200 candidate_device_us=6.240 parent_wall_us=76.842 candidate_wall_us=170.391 paired_device_delta_us=0.040
SAMPLE case=bf16-ctrl-d8192 pair=11 order=P,C parent_device_us=5.380 candidate_device_us=5.780 parent_wall_us=198.598 candidate_wall_us=168.252 paired_device_delta_us=0.400
SAMPLE case=bf16-ctrl-d8192 pair=12 order=C,P parent_device_us=5.560 candidate_device_us=5.300 parent_wall_us=209.887 candidate_wall_us=159.173 paired_device_delta_us=-0.260
SAMPLE case=bf16-ctrl-d8192 pair=13 order=P,C parent_device_us=5.380 candidate_device_us=83.560 parent_wall_us=139.095 candidate_wall_us=133.685 paired_device_delta_us=78.180
SAMPLE case=bf16-ctrl-d8192 pair=14 order=C,P parent_device_us=6.020 candidate_device_us=5.880 parent_wall_us=176.871 candidate_wall_us=151.224 paired_device_delta_us=-0.140
SAMPLE case=bf16-ctrl-d8192 pair=15 order=P,C parent_device_us=5.580 candidate_device_us=5.400 parent_wall_us=147.364 candidate_wall_us=234.145 paired_device_delta_us=-0.180
SAMPLE case=bf16-ctrl-d8192 pair=16 order=C,P parent_device_us=5.500 candidate_device_us=91.040 parent_wall_us=149.164 candidate_wall_us=142.695 paired_device_delta_us=85.540
SAMPLE case=bf16-ctrl-d8192 pair=17 order=P,C parent_device_us=5.280 candidate_device_us=5.440 parent_wall_us=186.670 candidate_wall_us=127.416 paired_device_delta_us=0.160
SAMPLE case=bf16-ctrl-d8192 pair=18 order=C,P parent_device_us=5.420 candidate_device_us=90.920 parent_wall_us=155.753 candidate_wall_us=145.474 paired_device_delta_us=85.500
SAMPLE case=bf16-ctrl-d8192 pair=19 order=P,C parent_device_us=5.680 candidate_device_us=5.900 parent_wall_us=189.469 candidate_wall_us=128.326 paired_device_delta_us=0.220
SAMPLE case=bf16-ctrl-d8192 pair=20 order=C,P parent_device_us=5.160 candidate_device_us=5.480 parent_wall_us=77.011 candidate_wall_us=167.582 paired_device_delta_us=0.320
SAMPLE case=bf16-ctrl-d8192 pair=21 order=P,C parent_device_us=5.400 candidate_device_us=5.240 parent_wall_us=66.783 candidate_wall_us=153.683 paired_device_delta_us=-0.160
PAIR_BLOCK case=bf16-ctrl-d8192 block=1 pairs=21 parent_median_us=5.500 candidate_median_us=5.880 paired_delta_median_us=0.040
CORRECTNESS case=bf16-ctrl-d8192 binary=PARENT_V017 result=PASS failures=0 max_abs=0.0078125 max_rel=0.0075757578
CORRECTNESS case=bf16-ctrl-d8192 binary=CAND_V018 result=PASS failures=0 max_abs=0.0078125 max_rel=0.0075757578
BITWISE case=bf16-ctrl-d8192 parent_vs_candidate=IDENTICAL diff_elements=0
SUMMARY case=bf16-ctrl-d8192 metric=device_us binary=PARENT_V017 n=21 median=5.500 mean=6.589 stdev=4.279 cv=0.64943 min=5.160 max=25.180 max_min=4.880 mad=0.180 p10=5.300 p90=6.320 spread=20.020 core_cv=0.06166
SUMMARY case=bf16-ctrl-d8192 metric=device_us binary=CAND_V018 n=21 median=5.880 mean=19.169 stdev=29.557 cv=1.54196 min=5.220 max=91.040 max_min=17.441 mad=0.580 p10=5.300 p90=83.560 spread=85.820 core_cv=0.09283
SUMMARY case=bf16-ctrl-d8192 metric=wall_us binary=PARENT_V017 n=21 median=175.471 mean=157.963 stdev=56.357 cv=0.35677 min=66.783 max=247.113 max_min=3.700 mad=35.556 p10=75.222 p90=214.536 spread=180.330 core_cv=0.11820
SUMMARY case=bf16-ctrl-d8192 metric=wall_us binary=CAND_V018 n=21 median=159.173 mean=160.135 stdev=48.428 cv=0.30242 min=77.531 max=243.374 max_min=3.139 mad=27.647 p10=79.511 p90=223.246 spread=165.843 core_cv=0.11606
SUMMARY case=bf16-ctrl-d8192 metric=paired_device_delta_us binary=CAND_V018_minus_PARENT_V017 n=21 median=0.040 mean=12.580 stdev=30.358 cv=2.41323 min=-18.440 max=85.540 max_min=-4.639 mad=0.220 p10=-0.180 p90=78.180 spread=103.980 core_cv=0.00000
CASE_END name=bf16-ctrl-d8192 correctness=PASS
RUNNER_COMPLETE mode=PAIRED correctness=PASS cases=4 warmup_each=45 pairs_each=21 timing=DEVICE_EVENT_PRIMARY wall=DIAGNOSTIC
