/usr/bin/cmake -S/home/data4t2/lelinfeng/phase4-workspaces/DTYPE-SPECIAL-X/V001/src -B/home/data4t2/lelinfeng/phase4-workspaces/DTYPE-SPECIAL-X/V001/build --check-build-system CMakeFiles/Makefile.cmake 0
/usr/bin/gmake  -f CMakeFiles/Makefile2 dtype_special_x_v001_npu_correctness
gmake[1]: Entering directory '/home/data4t2/lelinfeng/phase4-workspaces/DTYPE-SPECIAL-X/V001/build'
/usr/bin/cmake -S/home/data4t2/lelinfeng/phase4-workspaces/DTYPE-SPECIAL-X/V001/src -B/home/data4t2/lelinfeng/phase4-workspaces/DTYPE-SPECIAL-X/V001/build --check-build-system CMakeFiles/Makefile.cmake 0
/usr/bin/cmake -E cmake_progress_start /home/data4t2/lelinfeng/phase4-workspaces/DTYPE-SPECIAL-X/V001/build/CMakeFiles 2
/usr/bin/gmake  -f CMakeFiles/Makefile2 CMakeFiles/dtype_special_x_v001_npu_correctness.dir/all
gmake[2]: Entering directory '/home/data4t2/lelinfeng/phase4-workspaces/DTYPE-SPECIAL-X/V001/build'
/usr/bin/gmake  -f CMakeFiles/dtype_special_x_v001_npu_correctness.dir/build.make CMakeFiles/dtype_special_x_v001_npu_correctness.dir/depend
gmake[3]: Entering directory '/home/data4t2/lelinfeng/phase4-workspaces/DTYPE-SPECIAL-X/V001/build'
cd /home/data4t2/lelinfeng/phase4-workspaces/DTYPE-SPECIAL-X/V001/build && /usr/bin/cmake -E cmake_depends "Unix Makefiles" /home/data4t2/lelinfeng/phase4-workspaces/DTYPE-SPECIAL-X/V001/src /home/data4t2/lelinfeng/phase4-workspaces/DTYPE-SPECIAL-X/V001/src /home/data4t2/lelinfeng/phase4-workspaces/DTYPE-SPECIAL-X/V001/build /home/data4t2/lelinfeng/phase4-workspaces/DTYPE-SPECIAL-X/V001/build /home/data4t2/lelinfeng/phase4-workspaces/DTYPE-SPECIAL-X/V001/build/CMakeFiles/dtype_special_x_v001_npu_correctness.dir/DependInfo.cmake --color=
Dependencies file "CMakeFiles/dtype_special_x_v001_npu_correctness.dir/npu_correctness.cpp.o.d" is newer than depends file "/home/data4t2/lelinfeng/phase4-workspaces/DTYPE-SPECIAL-X/V001/build/CMakeFiles/dtype_special_x_v001_npu_correctness.dir/compiler_depend.internal".
Consolidate compiler generated dependencies of target dtype_special_x_v001_npu_correctness
gmake[3]: Leaving directory '/home/data4t2/lelinfeng/phase4-workspaces/DTYPE-SPECIAL-X/V001/build'
/usr/bin/gmake  -f CMakeFiles/dtype_special_x_v001_npu_correctness.dir/build.make CMakeFiles/dtype_special_x_v001_npu_correctness.dir/build
gmake[3]: Entering directory '/home/data4t2/lelinfeng/phase4-workspaces/DTYPE-SPECIAL-X/V001/build'
[ 50%] Building CXX object CMakeFiles/dtype_special_x_v001_npu_correctness.dir/npu_correctness.cpp.o
/usr/local/Ascend/ascend-toolkit/8.5.0.alpha002/aarch64-linux/ccec_compiler/bin/bisheng  -I/usr/local/Ascend/ascend-toolkit/8.5.0.alpha002/aarch64-linux/include -I/usr/local/Ascend/ascend-toolkit/8.5.0.alpha002/aarch64-linux/ascendc/include -I/usr/local/Ascend/ascend-toolkit/8.5.0.alpha002/aarch64-linux/ascendc/include/basic_api/impl -I/usr/local/Ascend/ascend-toolkit/8.5.0.alpha002/aarch64-linux/asc/include/basic_api -I/usr/local/Ascend/ascend-toolkit/8.5.0.alpha002/aarch64-linux/asc/include -I/usr/local/Ascend/ascend-toolkit/8.5.0.alpha002/aarch64-linux -I/usr/local/Ascend/ascend-toolkit/8.5.0.alpha002/aarch64-linux/asc -I/usr/local/Ascend/ascend-toolkit/8.5.0.alpha002/aarch64-linux/asc/include/interface --cce-aicore-lang --cce-aicore-arch=dav-c220-vec --cce-auto-sync --npu-arch=dav-2201 --npu-soc=Ascend910B3 -std=c++17 -std=gnu++17 -MD -MT CMakeFiles/dtype_special_x_v001_npu_correctness.dir/npu_correctness.cpp.o -MF CMakeFiles/dtype_special_x_v001_npu_correctness.dir/npu_correctness.cpp.o.d -o CMakeFiles/dtype_special_x_v001_npu_correctness.dir/npu_correctness.cpp.o -c /home/data4t2/lelinfeng/phase4-workspaces/DTYPE-SPECIAL-X/V001/src/npu_correctness.cpp
/home/data4t2/lelinfeng/phase4-workspaces/DTYPE-SPECIAL-X/V001/src/npu_correctness.cpp:93:25: warning: 'cce_global' attribute ignored when parsing type [-Wignored-attributes]
            run_kernel((GM_ADDR)dx, dataGroup,
                        ^~~~~~~
/usr/local/Ascend/ascend-toolkit/8.5.0.alpha002/aarch64-linux/ascendc/include/basic_api/impl/utils/kernel_utils_macros.h:18:17: note: expanded from macro 'GM_ADDR'
#define GM_ADDR __gm__ uint8_t*
                ^~~~~~
/usr/local/Ascend/ascend-toolkit/8.5.0.alpha002/aarch64-linux/ccec_compiler/lib/clang/15.0.5/include/__clang_cce_defines.h:47:31: note: expanded from macro '__gm__'
#define __gm__ __attribute__((cce_global))
                              ^~~~~~~~~~
/home/data4t2/lelinfeng/phase4-workspaces/DTYPE-SPECIAL-X/V001/src/npu_correctness.cpp:94:25: warning: 'cce_global' attribute ignored when parsing type [-Wignored-attributes]
                       (GM_ADDR)dr, dataGroup,
                        ^~~~~~~
/usr/local/Ascend/ascend-toolkit/8.5.0.alpha002/aarch64-linux/ascendc/include/basic_api/impl/utils/kernel_utils_macros.h:18:17: note: expanded from macro 'GM_ADDR'
#define GM_ADDR __gm__ uint8_t*
                ^~~~~~
/usr/local/Ascend/ascend-toolkit/8.5.0.alpha002/aarch64-linux/ccec_compiler/lib/clang/15.0.5/include/__clang_cce_defines.h:47:31: note: expanded from macro '__gm__'
#define __gm__ __attribute__((cce_global))
                              ^~~~~~~~~~
/home/data4t2/lelinfeng/phase4-workspaces/DTYPE-SPECIAL-X/V001/src/npu_correctness.cpp:95:25: warning: 'cce_global' attribute ignored when parsing type [-Wignored-attributes]
                       (GM_ADDR)dg, paramGroup,
                        ^~~~~~~
/usr/local/Ascend/ascend-toolkit/8.5.0.alpha002/aarch64-linux/ascendc/include/basic_api/impl/utils/kernel_utils_macros.h:18:17: note: expanded from macro 'GM_ADDR'
#define GM_ADDR __gm__ uint8_t*
                ^~~~~~
/usr/local/Ascend/ascend-toolkit/8.5.0.alpha002/aarch64-linux/ccec_compiler/lib/clang/15.0.5/include/__clang_cce_defines.h:47:31: note: expanded from macro '__gm__'
#define __gm__ __attribute__((cce_global))
                              ^~~~~~~~~~
/home/data4t2/lelinfeng/phase4-workspaces/DTYPE-SPECIAL-X/V001/src/npu_correctness.cpp:96:25: warning: 'cce_global' attribute ignored when parsing type [-Wignored-attributes]
                       (GM_ADDR)db, paramGroup,
                        ^~~~~~~
/usr/local/Ascend/ascend-toolkit/8.5.0.alpha002/aarch64-linux/ascendc/include/basic_api/impl/utils/kernel_utils_macros.h:18:17: note: expanded from macro 'GM_ADDR'
#define GM_ADDR __gm__ uint8_t*
                ^~~~~~
/usr/local/Ascend/ascend-toolkit/8.5.0.alpha002/aarch64-linux/ccec_compiler/lib/clang/15.0.5/include/__clang_cce_defines.h:47:31: note: expanded from macro '__gm__'
#define __gm__ __attribute__((cce_global))
                              ^~~~~~~~~~
/home/data4t2/lelinfeng/phase4-workspaces/DTYPE-SPECIAL-X/V001/src/npu_correctness.cpp:97:25: warning: 'cce_global' attribute ignored when parsing type [-Wignored-attributes]
                       (GM_ADDR)dout, dataGroup,
                        ^~~~~~~
/usr/local/Ascend/ascend-toolkit/8.5.0.alpha002/aarch64-linux/ascendc/include/basic_api/impl/utils/kernel_utils_macros.h:18:17: note: expanded from macro 'GM_ADDR'
#define GM_ADDR __gm__ uint8_t*
                ^~~~~~
/usr/local/Ascend/ascend-toolkit/8.5.0.alpha002/aarch64-linux/ccec_compiler/lib/clang/15.0.5/include/__clang_cce_defines.h:47:31: note: expanded from macro '__gm__'
#define __gm__ __attribute__((cce_global))
                              ^~~~~~~~~~
5 warnings generated.
[100%] Linking CXX executable dtype_special_x_v001_npu_correctness
/usr/bin/cmake -E cmake_link_script CMakeFiles/dtype_special_x_v001_npu_correctness.dir/link.txt --verbose=1
/usr/local/Ascend/ascend-toolkit/8.5.0.alpha002/aarch64-linux/ccec_compiler/bin/bisheng CMakeFiles/dtype_special_x_v001_npu_correctness.dir/npu_correctness.cpp.o -o dtype_special_x_v001_npu_correctness   -L/usr/lib/gcc/aarch64-linux-gnu/11  -L/usr/local/Ascend/ascend-toolkit/8.5.0.alpha002/aarch64-linux/lib64  -Wl,-rpath,/usr/lib/gcc/aarch64-linux-gnu/11:/usr/local/Ascend/ascend-toolkit/8.5.0.alpha002/aarch64-linux/lib64 -lascendc_runtime -lascendcl -lruntime -lregister -lerror_manager -lprofapi -lge_common_base -lascendalog -lmmpa -ldl -lascend_dump -lc_sec -lstdc++ -lm 
ld.lld: error: undefined symbol: rtLinkedDevBinaryRegisterDelay
>>> referenced by npu_correctness.cpp
>>>               CMakeFiles/dtype_special_x_v001_npu_correctness.dir/npu_correctness.cpp.o:(cceModuleCtor)

ld.lld: error: undefined symbol: __cce_rtKernelLaunch
>>> referenced by npu_correctness.cpp
>>>               CMakeFiles/dtype_special_x_v001_npu_correctness.dir/npu_correctness.cpp.o:(void add_rms_norm_bias_custom<float>(unsigned char*, unsigned char*, unsigned char*, unsigned char*, unsigned char*, unsigned long, unsigned long, unsigned int, float, float))
>>> referenced by npu_correctness.cpp
>>>               CMakeFiles/dtype_special_x_v001_npu_correctness.dir/npu_correctness.cpp.o:(void add_rms_norm_bias_custom<half>(unsigned char*, unsigned char*, unsigned char*, unsigned char*, unsigned char*, unsigned long, unsigned long, unsigned int, float, float))
>>> referenced by npu_correctness.cpp
>>>               CMakeFiles/dtype_special_x_v001_npu_correctness.dir/npu_correctness.cpp.o:(void add_rms_norm_bias_custom<__bf16>(unsigned char*, __bf16, __bf16, __bf16, __bf16, unsigned long, unsigned long, unsigned int, float, float))
cceld: Linker ReturnCode: 1
cceld: ExecutionFailed: 0
cceld: ErrMsg: 
bisheng: error: linker command failed with exit code 1 (use -v to see invocation)
gmake[3]: *** [CMakeFiles/dtype_special_x_v001_npu_correctness.dir/build.make:97: dtype_special_x_v001_npu_correctness] Error 1
gmake[3]: Leaving directory '/home/data4t2/lelinfeng/phase4-workspaces/DTYPE-SPECIAL-X/V001/build'
gmake[2]: *** [CMakeFiles/Makefile2:111: CMakeFiles/dtype_special_x_v001_npu_correctness.dir/all] Error 2
gmake[2]: Leaving directory '/home/data4t2/lelinfeng/phase4-workspaces/DTYPE-SPECIAL-X/V001/build'
gmake[1]: *** [CMakeFiles/Makefile2:118: CMakeFiles/dtype_special_x_v001_npu_correctness.dir/rule] Error 2
gmake[1]: Leaving directory '/home/data4t2/lelinfeng/phase4-workspaces/DTYPE-SPECIAL-X/V001/build'
gmake: *** [Makefile:137: dtype_special_x_v001_npu_correctness] Error 2
