/usr/bin/cmake -S/home/data4t2/lelinfeng/phase4-workspaces/DTYPE-SPECIAL-X/V001/src -B/home/data4t2/lelinfeng/phase4-workspaces/DTYPE-SPECIAL-X/V001/build --check-build-system CMakeFiles/Makefile.cmake 0
/usr/bin/gmake  -f CMakeFiles/Makefile2 dtype_special_x_v001
gmake[1]: Entering directory '/home/data4t2/lelinfeng/phase4-workspaces/DTYPE-SPECIAL-X/V001/build'
/usr/bin/cmake -S/home/data4t2/lelinfeng/phase4-workspaces/DTYPE-SPECIAL-X/V001/src -B/home/data4t2/lelinfeng/phase4-workspaces/DTYPE-SPECIAL-X/V001/build --check-build-system CMakeFiles/Makefile.cmake 0
/usr/bin/cmake -E cmake_progress_start /home/data4t2/lelinfeng/phase4-workspaces/DTYPE-SPECIAL-X/V001/build/CMakeFiles 2
/usr/bin/gmake  -f CMakeFiles/Makefile2 CMakeFiles/dtype_special_x_v001.dir/all
gmake[2]: Entering directory '/home/data4t2/lelinfeng/phase4-workspaces/DTYPE-SPECIAL-X/V001/build'
/usr/bin/gmake  -f CMakeFiles/dtype_special_x_v001.dir/build.make CMakeFiles/dtype_special_x_v001.dir/depend
gmake[3]: Entering directory '/home/data4t2/lelinfeng/phase4-workspaces/DTYPE-SPECIAL-X/V001/build'
cd /home/data4t2/lelinfeng/phase4-workspaces/DTYPE-SPECIAL-X/V001/build && /usr/bin/cmake -E cmake_depends "Unix Makefiles" /home/data4t2/lelinfeng/phase4-workspaces/DTYPE-SPECIAL-X/V001/src /home/data4t2/lelinfeng/phase4-workspaces/DTYPE-SPECIAL-X/V001/src /home/data4t2/lelinfeng/phase4-workspaces/DTYPE-SPECIAL-X/V001/build /home/data4t2/lelinfeng/phase4-workspaces/DTYPE-SPECIAL-X/V001/build /home/data4t2/lelinfeng/phase4-workspaces/DTYPE-SPECIAL-X/V001/build/CMakeFiles/dtype_special_x_v001.dir/DependInfo.cmake --color=
gmake[3]: Leaving directory '/home/data4t2/lelinfeng/phase4-workspaces/DTYPE-SPECIAL-X/V001/build'
/usr/bin/gmake  -f CMakeFiles/dtype_special_x_v001.dir/build.make CMakeFiles/dtype_special_x_v001.dir/build
gmake[3]: Entering directory '/home/data4t2/lelinfeng/phase4-workspaces/DTYPE-SPECIAL-X/V001/build'
[ 50%] Building ASC object CMakeFiles/dtype_special_x_v001.dir/compile_adapter.asc.o
/usr/local/Ascend/ascend-toolkit/8.5.0.alpha002/compiler/ccec_compiler/bin/bisheng    --cce-aicore-arch=dav-c220 -I/usr/local/Ascend/ascend-toolkit/8.5.0.alpha002/toolkit/toolchain/hcc/aarch64-target-linux-gnu/include/c++/7.3.0 -I/usr/local/Ascend/ascend-toolkit/8.5.0.alpha002/toolkit/toolchain/hcc/aarch64-target-linux-gnu/include/c++/7.3.0/aarch64-target-linux-gnu -I/usr/local/Ascend/ascend-toolkit/8.5.0.alpha002/toolkit/toolchain/hcc/aarch64-target-linux-gnu/include/c++/7.3.0/backward -Xaicore-start -O3 -std=c++17 -Xaicore-end -Xhost-start -I/usr/local/Ascend/ascend-toolkit/8.5.0.alpha002/toolkit/toolchain/hcc/aarch64-target-linux-gnu/include/c++/7.3.0 -I/usr/local/Ascend/ascend-toolkit/8.5.0.alpha002/toolkit/toolchain/hcc/aarch64-target-linux-gnu/include/c++/7.3.0/aarch64-target-linux-gnu -I/usr/local/Ascend/ascend-toolkit/8.5.0.alpha002/toolkit/toolchain/hcc/aarch64-target-linux-gnu/include/c++/7.3.0/backward -fPIC -O2 -Xhost-end --npu-arch=dav-2201 -MD -MT CMakeFiles/dtype_special_x_v001.dir/compile_adapter.asc.o -MF CMakeFiles/dtype_special_x_v001.dir/compile_adapter.asc.o.d -o CMakeFiles/dtype_special_x_v001.dir/compile_adapter.asc.o -c -x asc /home/data4t2/lelinfeng/phase4-workspaces/DTYPE-SPECIAL-X/V001/src/compile_adapter.asc
/tmp/asc_plugin_binary_register_code-bc22e6.c:3:10: fatal error: 'vector' file not found
#include <vector>
         ^~~~~~~~
1 error generated.
cceld: ccec ReturnCode: 1
cceld: ExecutionFailed: 0
cceld: ErrMsg: 
/usr/local/Ascend/ascend-toolkit/8.5.0.alpha002/aarch64-linux/ccec_compiler/bin/llvm-objcopy: error: '/tmp/cce_all_link-200934.o': No such file or directory
cceld: ccec ReturnCode: 1
cceld: ObjcopyExecutionFailed: 0
cceld: ObjcopyErrMsg: 
ld.lld: error: cannot open /tmp/cce_all_link-200934.o: No such file or directory
cceld: ccec ReturnCode: 1
cceld: RelocatedLinkedExecutionFailed: 0
cceld: RelocatedLinkedObjcopyErrMsg: 
/usr/local/Ascend/ascend-toolkit/8.5.0.alpha002/aarch64-linux/ccec_compiler/bin/llvm-objcopy: error: '/tmp/cce_relocated_linked_static_object-666632.o': The file was not recognized as a valid object file
cceld: ccec ReturnCode: 1
cceld: LocalFixedExecutionFailed: 0
cceld: LocalFixedErrMsg: 
ld.lld: error: target emulation unknown: -m or at least one .o file required
cceld: Linker ReturnCode: 1
cceld: ExecutionFailed: 0
cceld: ErrMsg: 
bisheng: error: linker command failed with exit code 1 (use -v to see invocation)
gmake[3]: *** [CMakeFiles/dtype_special_x_v001.dir/build.make:76: CMakeFiles/dtype_special_x_v001.dir/compile_adapter.asc.o] Error 1
gmake[3]: Leaving directory '/home/data4t2/lelinfeng/phase4-workspaces/DTYPE-SPECIAL-X/V001/build'
gmake[2]: *** [CMakeFiles/Makefile2:83: CMakeFiles/dtype_special_x_v001.dir/all] Error 2
gmake[2]: Leaving directory '/home/data4t2/lelinfeng/phase4-workspaces/DTYPE-SPECIAL-X/V001/build'
gmake[1]: *** [CMakeFiles/Makefile2:90: CMakeFiles/dtype_special_x_v001.dir/rule] Error 2
gmake[1]: Leaving directory '/home/data4t2/lelinfeng/phase4-workspaces/DTYPE-SPECIAL-X/V001/build'
gmake: *** [Makefile:124: dtype_special_x_v001] Error 2
