/usr/bin/cmake -S/home/data4t2/lelinfeng/phase4-workspaces/DTYPE-SPECIAL-X/V001/src -B/home/data4t2/lelinfeng/phase4-workspaces/DTYPE-SPECIAL-X/V001/build --check-build-system CMakeFiles/Makefile.cmake 0
/usr/bin/gmake  -f CMakeFiles/Makefile2 dtype_special_x_v001_npu_correctness
gmake[1]: Entering directory '/home/data4t2/lelinfeng/phase4-workspaces/DTYPE-SPECIAL-X/V001/build'
/usr/bin/cmake -S/home/data4t2/lelinfeng/phase4-workspaces/DTYPE-SPECIAL-X/V001/src -B/home/data4t2/lelinfeng/phase4-workspaces/DTYPE-SPECIAL-X/V001/build --check-build-system CMakeFiles/Makefile.cmake 0
/usr/bin/cmake -E cmake_progress_start /home/data4t2/lelinfeng/phase4-workspaces/DTYPE-SPECIAL-X/V001/build/CMakeFiles 2
/usr/bin/gmake  -f CMakeFiles/Makefile2 CMakeFiles/dtype_special_x_v001_npu_correctness.dir/all
gmake[2]: Entering directory '/home/data4t2/lelinfeng/phase4-workspaces/DTYPE-SPECIAL-X/V001/build'
/usr/bin/gmake  -f CMakeFiles/dtype_special_x_v001_npu_correctness.dir/build.make CMakeFiles/dtype_special_x_v001_npu_correctness.dir/depend
gmake[3]: Entering directory '/home/data4t2/lelinfeng/phase4-workspaces/DTYPE-SPECIAL-X/V001/build'
cd /home/data4t2/lelinfeng/phase4-workspaces/DTYPE-SPECIAL-X/V001/build && /usr/bin/cmake -E cmake_depends "Unix Makefiles" /home/data4t2/lelinfeng/phase4-workspaces/DTYPE-SPECIAL-X/V001/src /home/data4t2/lelinfeng/phase4-workspaces/DTYPE-SPECIAL-X/V001/src /home/data4t2/lelinfeng/phase4-workspaces/DTYPE-SPECIAL-X/V001/build /home/data4t2/lelinfeng/phase4-workspaces/DTYPE-SPECIAL-X/V001/build /home/data4t2/lelinfeng/phase4-workspaces/DTYPE-SPECIAL-X/V001/build/CMakeFiles/dtype_special_x_v001_npu_correctness.dir/DependInfo.cmake --color=
gmake[3]: Leaving directory '/home/data4t2/lelinfeng/phase4-workspaces/DTYPE-SPECIAL-X/V001/build'
/usr/bin/gmake  -f CMakeFiles/dtype_special_x_v001_npu_correctness.dir/build.make CMakeFiles/dtype_special_x_v001_npu_correctness.dir/build
gmake[3]: Entering directory '/home/data4t2/lelinfeng/phase4-workspaces/DTYPE-SPECIAL-X/V001/build'
[ 50%] Building CXX object CMakeFiles/dtype_special_x_v001_npu_correctness.dir/npu_correctness.cpp.o
/usr/local/Ascend/ascend-toolkit/8.5.0.alpha002/aarch64-linux/ccec_compiler/bin/bisheng  -I/usr/local/Ascend/ascend-toolkit/8.5.0.alpha002/aarch64-linux/include -I/usr/local/Ascend/ascend-toolkit/8.5.0.alpha002/aarch64-linux/ascendc/include -I/usr/local/Ascend/ascend-toolkit/8.5.0.alpha002/aarch64-linux/ascendc/include/basic_api/impl -I/usr/local/Ascend/ascend-toolkit/8.5.0.alpha002/aarch64-linux/asc/include/basic_api -I/usr/local/Ascend/ascend-toolkit/8.5.0.alpha002/aarch64-linux/asc/include -I/usr/local/Ascend/ascend-toolkit/8.5.0.alpha002/aarch64-linux -I/usr/local/Ascend/ascend-toolkit/8.5.0.alpha002/aarch64-linux/asc -I/usr/local/Ascend/ascend-toolkit/8.5.0.alpha002/aarch64-linux/asc/include/interface --cce-aicore-lang --cce-aicore-arch=dav-c220-vec --cce-auto-sync --npu-arch=dav-2201 --npu-soc=Ascend910B3 -std=c++17 -std=gnu++17 -MD -MT CMakeFiles/dtype_special_x_v001_npu_correctness.dir/npu_correctness.cpp.o -MF CMakeFiles/dtype_special_x_v001_npu_correctness.dir/npu_correctness.cpp.o.d -o CMakeFiles/dtype_special_x_v001_npu_correctness.dir/npu_correctness.cpp.o -c /home/data4t2/lelinfeng/phase4-workspaces/DTYPE-SPECIAL-X/V001/src/npu_correctness.cpp
/home/data4t2/lelinfeng/phase4-workspaces/DTYPE-SPECIAL-X/V001/src/npu_correctness.cpp:93:24: error: static_cast from 'void *' to '__gm__ uint8_t *' (aka '__gm__ unsigned char *') casts away qualifiers
            run_kernel(static_cast<GM_ADDR>(dx), dataGroup,
                       ^~~~~~~~~~~~~~~~~~~~~~~~
/home/data4t2/lelinfeng/phase4-workspaces/DTYPE-SPECIAL-X/V001/src/npu_correctness.cpp:94:24: error: static_cast from 'void *' to '__gm__ uint8_t *' (aka '__gm__ unsigned char *') casts away qualifiers
                       static_cast<GM_ADDR>(dr), dataGroup,
                       ^~~~~~~~~~~~~~~~~~~~~~~~
/home/data4t2/lelinfeng/phase4-workspaces/DTYPE-SPECIAL-X/V001/src/npu_correctness.cpp:95:24: error: static_cast from 'void *' to '__gm__ uint8_t *' (aka '__gm__ unsigned char *') casts away qualifiers
                       static_cast<GM_ADDR>(dg), paramGroup,
                       ^~~~~~~~~~~~~~~~~~~~~~~~
/home/data4t2/lelinfeng/phase4-workspaces/DTYPE-SPECIAL-X/V001/src/npu_correctness.cpp:96:24: error: static_cast from 'void *' to '__gm__ uint8_t *' (aka '__gm__ unsigned char *') casts away qualifiers
                       static_cast<GM_ADDR>(db), paramGroup,
                       ^~~~~~~~~~~~~~~~~~~~~~~~
/home/data4t2/lelinfeng/phase4-workspaces/DTYPE-SPECIAL-X/V001/src/npu_correctness.cpp:97:24: error: static_cast from 'void *' to '__gm__ uint8_t *' (aka '__gm__ unsigned char *') casts away qualifiers
                       static_cast<GM_ADDR>(dout), dataGroup,
                       ^~~~~~~~~~~~~~~~~~~~~~~~~~
5 errors generated.
/home/data4t2/lelinfeng/phase4-workspaces/DTYPE-SPECIAL-X/V001/src/npu_correctness.cpp:93:24: error: static_cast from 'void *' to '__gm__ uint8_t *' (aka '__gm__ unsigned char *') casts away qualifiers
            run_kernel(static_cast<GM_ADDR>(dx), dataGroup,
                       ^~~~~~~~~~~~~~~~~~~~~~~~
/home/data4t2/lelinfeng/phase4-workspaces/DTYPE-SPECIAL-X/V001/src/npu_correctness.cpp:94:24: error: static_cast from 'void *' to '__gm__ uint8_t *' (aka '__gm__ unsigned char *') casts away qualifiers
                       static_cast<GM_ADDR>(dr), dataGroup,
                       ^~~~~~~~~~~~~~~~~~~~~~~~
/home/data4t2/lelinfeng/phase4-workspaces/DTYPE-SPECIAL-X/V001/src/npu_correctness.cpp:95:24: error: static_cast from 'void *' to '__gm__ uint8_t *' (aka '__gm__ unsigned char *') casts away qualifiers
                       static_cast<GM_ADDR>(dg), paramGroup,
                       ^~~~~~~~~~~~~~~~~~~~~~~~
/home/data4t2/lelinfeng/phase4-workspaces/DTYPE-SPECIAL-X/V001/src/npu_correctness.cpp:96:24: error: static_cast from 'void *' to '__gm__ uint8_t *' (aka '__gm__ unsigned char *') casts away qualifiers
                       static_cast<GM_ADDR>(db), paramGroup,
                       ^~~~~~~~~~~~~~~~~~~~~~~~
/home/data4t2/lelinfeng/phase4-workspaces/DTYPE-SPECIAL-X/V001/src/npu_correctness.cpp:97:24: error: static_cast from 'void *' to '__gm__ uint8_t *' (aka '__gm__ unsigned char *') casts away qualifiers
                       static_cast<GM_ADDR>(dout), dataGroup,
                       ^~~~~~~~~~~~~~~~~~~~~~~~~~
5 errors generated.
gmake[3]: *** [CMakeFiles/dtype_special_x_v001_npu_correctness.dir/build.make:76: CMakeFiles/dtype_special_x_v001_npu_correctness.dir/npu_correctness.cpp.o] Error 1
gmake[3]: Leaving directory '/home/data4t2/lelinfeng/phase4-workspaces/DTYPE-SPECIAL-X/V001/build'
gmake[2]: *** [CMakeFiles/Makefile2:111: CMakeFiles/dtype_special_x_v001_npu_correctness.dir/all] Error 2
gmake[2]: Leaving directory '/home/data4t2/lelinfeng/phase4-workspaces/DTYPE-SPECIAL-X/V001/build'
gmake[1]: *** [CMakeFiles/Makefile2:118: CMakeFiles/dtype_special_x_v001_npu_correctness.dir/rule] Error 2
gmake[1]: Leaving directory '/home/data4t2/lelinfeng/phase4-workspaces/DTYPE-SPECIAL-X/V001/build'
gmake: *** [Makefile:137: dtype_special_x_v001_npu_correctness] Error 2
