route=DTYPE-SPECIAL-X revision=V001 mode=paired device=6 owner=MAIN-1 lease_id=M1-DTYPE-V001-D6-S07T-20260927T000739Z
route=DTYPE-SPECIAL-X
revision=V001
mode=paired
implementation=
shape_index=7
shape=12x8192
rows=12
epsilon=9.99999975e-06
available_core_num=8
device=6
owner=MAIN-1
lease_id=M1-DTYPE-V001-D6-S07T-20260927T000739Z
preflight_utc=2026-09-27T00:10:37Z
runner_sha256=b14b57e32d3b9029bf01f1dca339599063b6be05bda750e189de01c7c2a81306
parent_source_sha256=a8c19a1972207acc67e3fb0cd393cc70b0a4b183d1eaf5610edf80c2879b15e3
candidate_source_sha256=e2717055199f541d98d85ceef2e011e52e2749d932ca954dc887868de7db880f
pair=0 order=PC parent_median_us=8.280000 candidate_median_us=8.100000 delta_pct=-2.1739
pair=1 order=CP parent_median_us=7.640000 candidate_median_us=8.060000 delta_pct=5.4974
pair=2 order=PC parent_median_us=7.820000 candidate_median_us=7.820000 delta_pct=0.0000
pair=3 order=CP parent_median_us=7.560000 candidate_median_us=7.920000 delta_pct=4.7619
runner_exit_status=0
