LOCAL_PAIRED_START_UTC=2026-10-07T13:54:28Z
HOST=hwnput3
P1_START_UTC=2026-10-07T13:54:28Z
DISPATCH_AUDIT={"label":"PARENT","dtype":"fp32","shape":[128,8192],"vector_cores":40,"launch_blocks":40,"local_rows_min":3,"local_rows_max":4,"selected_branch":"ProcessFp32FullRowOutputPipelined","candidate_source_delta_executed":false}
CORRECTNESS status=PASS matched_ratio=1.000000000 max_abs_error=5.96046448e-06
RUNNER_RESULT={"label":"PARENT","device":0,"dtype":"fp32","shape":[128,8192],"vector_cores":40,"warmups":20,"samples":32,"full_logical_io_bytes":12648448,"raw_device_us":[22.379999,30.360001,20.780001,21.640001,19.740000,39.700001,12.840000,12.980000,12.720000,21.000000,12.540000,26.380001,23.080000,33.879997,19.360001,22.940001,26.580000,12.740000,15.220000,12.740000,12.419999,17.020000,22.160000,12.920000,13.600000,16.740000,21.559999,12.679999,13.040000,12.160001,31.520002,15.540000],"median_device_us":18.190001,"mean_device_us":19.404999,"mad_device_us":5.786249}
P1_RC=0
C1_START_UTC=2026-10-07T13:54:32Z
DISPATCH_AUDIT={"label":"CANDIDATE","dtype":"fp32","shape":[128,8192],"vector_cores":40,"launch_blocks":40,"local_rows_min":3,"local_rows_max":4,"selected_branch":"ProcessFp32FullRowOutputPipelined","candidate_source_delta_executed":true}
CORRECTNESS status=PASS matched_ratio=1.000000000 max_abs_error=5.96046448e-06
RUNNER_RESULT={"label":"CANDIDATE","device":0,"dtype":"fp32","shape":[128,8192],"vector_cores":40,"warmups":20,"samples":32,"full_logical_io_bytes":12648448,"raw_device_us":[20.700001,21.779999,26.160000,12.260000,12.620000,12.900001,19.840000,23.320000,12.679999,20.660000,12.440000,21.460001,21.160000,15.940000,24.280001,14.139999,27.740000,20.919998,23.719999,12.260000,22.100000,17.080000,18.340000,15.380000,14.020000,14.300000,14.020000,12.440000,12.340000,21.160000,17.139999,20.900000],"median_device_us":17.740000,"mean_device_us":18.006250,"mad_device_us":4.133750}
C1_RC=0
P2_START_UTC=2026-10-07T13:54:36Z
DISPATCH_AUDIT={"label":"PARENT","dtype":"fp32","shape":[128,8192],"vector_cores":40,"launch_blocks":40,"local_rows_min":3,"local_rows_max":4,"selected_branch":"ProcessFp32FullRowOutputPipelined","candidate_source_delta_executed":false}
CORRECTNESS status=PASS matched_ratio=1.000000000 max_abs_error=5.96046448e-06
RUNNER_RESULT={"label":"PARENT","device":0,"dtype":"fp32","shape":[128,8192],"vector_cores":40,"warmups":20,"samples":32,"full_logical_io_bytes":12648448,"raw_device_us":[20.980000,35.239998,16.960001,16.340000,13.500000,20.679998,13.920000,25.860001,31.840000,13.360001,18.619999,20.700001,13.660000,13.160000,14.820000,17.219999,21.640001,19.440001,20.580000,13.940000,13.660000,12.760000,25.080000,13.380000,19.440001,13.559999,23.299999,13.840000,29.080000,13.800000,13.380000,13.580000],"median_device_us":16.650002,"mean_device_us":18.353752,"mad_device_us":4.562500}
P2_RC=0
C2_START_UTC=2026-10-07T13:54:40Z
DISPATCH_AUDIT={"label":"CANDIDATE","dtype":"fp32","shape":[128,8192],"vector_cores":40,"launch_blocks":40,"local_rows_min":3,"local_rows_max":4,"selected_branch":"ProcessFp32FullRowOutputPipelined","candidate_source_delta_executed":true}
CORRECTNESS status=PASS matched_ratio=1.000000000 max_abs_error=5.96046448e-06
RUNNER_RESULT={"label":"CANDIDATE","device":0,"dtype":"fp32","shape":[128,8192],"vector_cores":40,"warmups":20,"samples":32,"full_logical_io_bytes":12648448,"raw_device_us":[18.580000,25.780001,12.860001,25.440001,23.539999,20.439999,13.540000,13.380000,13.440000,12.980000,22.500000,13.240000,25.119999,12.840000,22.740002,21.240000,32.380001,17.020000,13.020000,13.040000,21.000000,21.980001,13.080000,33.119999,12.679999,13.179999,13.720000,18.360001,28.260000,24.539999,12.400001,27.340000],"median_device_us":18.470001,"mean_device_us":19.149374,"mad_device_us":5.475625}
C2_RC=0
P3_START_UTC=2026-10-07T13:54:44Z
DISPATCH_AUDIT={"label":"PARENT","dtype":"fp32","shape":[128,8192],"vector_cores":40,"launch_blocks":40,"local_rows_min":3,"local_rows_max":4,"selected_branch":"ProcessFp32FullRowOutputPipelined","candidate_source_delta_executed":false}
CORRECTNESS status=PASS matched_ratio=1.000000000 max_abs_error=5.96046448e-06
RUNNER_RESULT={"label":"PARENT","device":0,"dtype":"fp32","shape":[128,8192],"vector_cores":40,"warmups":20,"samples":32,"full_logical_io_bytes":12648448,"raw_device_us":[22.539999,23.320000,23.760000,13.520000,13.040000,19.980000,13.480000,24.100000,13.200000,12.600000,19.780001,22.779999,13.400000,24.520000,24.760000,12.820000,12.980000,17.940001,14.020000,13.300000,13.040000,19.760000,17.080000,17.699999,39.139999,12.780001,20.120001,19.420000,13.280000,23.220001,12.960000,13.620000],"median_device_us":17.389999,"mean_device_us":18.061251,"mad_device_us":4.616250}
P3_RC=0
C3_START_UTC=2026-10-07T13:54:48Z
DISPATCH_AUDIT={"label":"CANDIDATE","dtype":"fp32","shape":[128,8192],"vector_cores":40,"launch_blocks":40,"local_rows_min":3,"local_rows_max":4,"selected_branch":"ProcessFp32FullRowOutputPipelined","candidate_source_delta_executed":true}
CORRECTNESS status=PASS matched_ratio=1.000000000 max_abs_error=5.96046448e-06
RUNNER_RESULT={"label":"CANDIDATE","device":0,"dtype":"fp32","shape":[128,8192],"vector_cores":40,"warmups":20,"samples":32,"full_logical_io_bytes":12648448,"raw_device_us":[24.320002,28.340000,31.160000,26.280001,25.380001,35.300003,13.600000,20.900000,25.860001,13.179999,34.540001,40.259998,26.440001,22.439999,27.820000,20.300001,28.000000,20.099998,19.799999,39.620003,16.219999,30.080000,19.440001,32.699997,19.880001,27.340000,23.620001,17.880001,23.700001,19.980000,19.760000,59.799999],"median_device_us":24.850002,"mean_device_us":26.063751,"mad_device_us":6.368750}
C3_RC=0
LOCAL_PAIRED_RC=0
