V042_LOCAL_START_UTC=2026-10-07T17:55:36,885573846+00:00
HOST=hwnput3
DEVICE=4
PARENT=R31B-V011
CANDIDATE_SOURCE_IDENTICAL_TO_PARENT=YES
DTYPE=FP32
SHAPES=128x4088,128x4096,128x4104
PAIRS_PER_SHAPE=6
WARMUP=45
SAMPLES_PER_BLOCK=31
BLOCKS=2
BATCH_N=64
GAP_SEC=0
RUN_BEGIN_UTC=2026-10-07T17:55:38,210595688+00:00
RUN_BEGIN shape=128x4088 pair=1 order=parent candidate side=parent binary=本地实验/R-W4-4/V042/partial-ranking/stage/build-v042/clx_ref_parent_probe
RUN_END rc=0 shape=128x4088 pair=1 side=parent prefix=本地实验/R-W4-4/V042/partial-ranking/local-pair01-parent-r128-w4088-fp32
RUN_BEGIN_UTC=2026-10-07T17:55:44,971574467+00:00
RUN_BEGIN shape=128x4088 pair=1 order=parent candidate side=candidate binary=本地实验/R-W4-4/V042/partial-ranking/stage/build-v042/clx_ref_candidate_probe
RUN_END rc=0 shape=128x4088 pair=1 side=candidate prefix=本地实验/R-W4-4/V042/partial-ranking/local-pair01-candidate-r128-w4088-fp32
RUN_BEGIN_UTC=2026-10-07T17:55:51,150008520+00:00
RUN_BEGIN shape=128x4088 pair=2 order=candidate parent side=candidate binary=本地实验/R-W4-4/V042/partial-ranking/stage/build-v042/clx_ref_candidate_probe
RUN_END rc=0 shape=128x4088 pair=2 side=candidate prefix=本地实验/R-W4-4/V042/partial-ranking/local-pair02-candidate-r128-w4088-fp32
RUN_BEGIN_UTC=2026-10-07T17:55:57,514478758+00:00
RUN_BEGIN shape=128x4088 pair=2 order=candidate parent side=parent binary=本地实验/R-W4-4/V042/partial-ranking/stage/build-v042/clx_ref_parent_probe
RUN_END rc=0 shape=128x4088 pair=2 side=parent prefix=本地实验/R-W4-4/V042/partial-ranking/local-pair02-parent-r128-w4088-fp32
RUN_BEGIN_UTC=2026-10-07T17:56:04,825989841+00:00
RUN_BEGIN shape=128x4088 pair=3 order=parent candidate side=parent binary=本地实验/R-W4-4/V042/partial-ranking/stage/build-v042/clx_ref_parent_probe
RUN_END rc=0 shape=128x4088 pair=3 side=parent prefix=本地实验/R-W4-4/V042/partial-ranking/local-pair03-parent-r128-w4088-fp32
RUN_BEGIN_UTC=2026-10-07T17:56:11,773488318+00:00
RUN_BEGIN shape=128x4088 pair=3 order=parent candidate side=candidate binary=本地实验/R-W4-4/V042/partial-ranking/stage/build-v042/clx_ref_candidate_probe
RUN_END rc=0 shape=128x4088 pair=3 side=candidate prefix=本地实验/R-W4-4/V042/partial-ranking/local-pair03-candidate-r128-w4088-fp32
RUN_BEGIN_UTC=2026-10-07T17:56:18,519548102+00:00
RUN_BEGIN shape=128x4088 pair=4 order=candidate parent side=candidate binary=本地实验/R-W4-4/V042/partial-ranking/stage/build-v042/clx_ref_candidate_probe
RUN_END rc=0 shape=128x4088 pair=4 side=candidate prefix=本地实验/R-W4-4/V042/partial-ranking/local-pair04-candidate-r128-w4088-fp32
RUN_BEGIN_UTC=2026-10-07T17:56:26,672815478+00:00
RUN_BEGIN shape=128x4088 pair=4 order=candidate parent side=parent binary=本地实验/R-W4-4/V042/partial-ranking/stage/build-v042/clx_ref_parent_probe
RUN_END rc=0 shape=128x4088 pair=4 side=parent prefix=本地实验/R-W4-4/V042/partial-ranking/local-pair04-parent-r128-w4088-fp32
RUN_BEGIN_UTC=2026-10-07T17:56:34,016077744+00:00
RUN_BEGIN shape=128x4088 pair=5 order=parent candidate side=parent binary=本地实验/R-W4-4/V042/partial-ranking/stage/build-v042/clx_ref_parent_probe
RUN_END rc=0 shape=128x4088 pair=5 side=parent prefix=本地实验/R-W4-4/V042/partial-ranking/local-pair05-parent-r128-w4088-fp32
RUN_BEGIN_UTC=2026-10-07T17:56:40,347965811+00:00
RUN_BEGIN shape=128x4088 pair=5 order=parent candidate side=candidate binary=本地实验/R-W4-4/V042/partial-ranking/stage/build-v042/clx_ref_candidate_probe
RUN_END rc=0 shape=128x4088 pair=5 side=candidate prefix=本地实验/R-W4-4/V042/partial-ranking/local-pair05-candidate-r128-w4088-fp32
RUN_BEGIN_UTC=2026-10-07T17:56:46,889102191+00:00
RUN_BEGIN shape=128x4088 pair=6 order=candidate parent side=candidate binary=本地实验/R-W4-4/V042/partial-ranking/stage/build-v042/clx_ref_candidate_probe
RUN_END rc=0 shape=128x4088 pair=6 side=candidate prefix=本地实验/R-W4-4/V042/partial-ranking/local-pair06-candidate-r128-w4088-fp32
RUN_BEGIN_UTC=2026-10-07T17:56:53,555347599+00:00
RUN_BEGIN shape=128x4088 pair=6 order=candidate parent side=parent binary=本地实验/R-W4-4/V042/partial-ranking/stage/build-v042/clx_ref_parent_probe
RUN_END rc=0 shape=128x4088 pair=6 side=parent prefix=本地实验/R-W4-4/V042/partial-ranking/local-pair06-parent-r128-w4088-fp32
RUN_BEGIN_UTC=2026-10-07T17:57:00,887607806+00:00
RUN_BEGIN shape=128x4096 pair=1 order=parent candidate side=parent binary=本地实验/R-W4-4/V042/partial-ranking/stage/build-v042/clx_ref_parent_probe
RUN_END rc=0 shape=128x4096 pair=1 side=parent prefix=本地实验/R-W4-4/V042/partial-ranking/local-pair01-parent-r128-w4096-fp32
RUN_BEGIN_UTC=2026-10-07T17:57:08,054925769+00:00
RUN_BEGIN shape=128x4096 pair=1 order=parent candidate side=candidate binary=本地实验/R-W4-4/V042/partial-ranking/stage/build-v042/clx_ref_candidate_probe
RUN_END rc=0 shape=128x4096 pair=1 side=candidate prefix=本地实验/R-W4-4/V042/partial-ranking/local-pair01-candidate-r128-w4096-fp32
RUN_BEGIN_UTC=2026-10-07T17:57:14,594309727+00:00
RUN_BEGIN shape=128x4096 pair=2 order=candidate parent side=candidate binary=本地实验/R-W4-4/V042/partial-ranking/stage/build-v042/clx_ref_candidate_probe
RUN_END rc=0 shape=128x4096 pair=2 side=candidate prefix=本地实验/R-W4-4/V042/partial-ranking/local-pair02-candidate-r128-w4096-fp32
RUN_BEGIN_UTC=2026-10-07T17:57:22,131326261+00:00
RUN_BEGIN shape=128x4096 pair=2 order=candidate parent side=parent binary=本地实验/R-W4-4/V042/partial-ranking/stage/build-v042/clx_ref_parent_probe
RUN_END rc=0 shape=128x4096 pair=2 side=parent prefix=本地实验/R-W4-4/V042/partial-ranking/local-pair02-parent-r128-w4096-fp32
RUN_BEGIN_UTC=2026-10-07T17:57:28,897636645+00:00
RUN_BEGIN shape=128x4096 pair=3 order=parent candidate side=parent binary=本地实验/R-W4-4/V042/partial-ranking/stage/build-v042/clx_ref_parent_probe
RUN_END rc=0 shape=128x4096 pair=3 side=parent prefix=本地实验/R-W4-4/V042/partial-ranking/local-pair03-parent-r128-w4096-fp32
RUN_BEGIN_UTC=2026-10-07T17:57:35,487002234+00:00
RUN_BEGIN shape=128x4096 pair=3 order=parent candidate side=candidate binary=本地实验/R-W4-4/V042/partial-ranking/stage/build-v042/clx_ref_candidate_probe
RUN_END rc=0 shape=128x4096 pair=3 side=candidate prefix=本地实验/R-W4-4/V042/partial-ranking/local-pair03-candidate-r128-w4096-fp32
RUN_BEGIN_UTC=2026-10-07T17:57:43,618200704+00:00
RUN_BEGIN shape=128x4096 pair=4 order=candidate parent side=candidate binary=本地实验/R-W4-4/V042/partial-ranking/stage/build-v042/clx_ref_candidate_probe
RUN_END rc=0 shape=128x4096 pair=4 side=candidate prefix=本地实验/R-W4-4/V042/partial-ranking/local-pair04-candidate-r128-w4096-fp32
RUN_BEGIN_UTC=2026-10-07T17:57:51,158278974+00:00
RUN_BEGIN shape=128x4096 pair=4 order=candidate parent side=parent binary=本地实验/R-W4-4/V042/partial-ranking/stage/build-v042/clx_ref_parent_probe
RUN_END rc=0 shape=128x4096 pair=4 side=parent prefix=本地实验/R-W4-4/V042/partial-ranking/local-pair04-parent-r128-w4096-fp32
RUN_BEGIN_UTC=2026-10-07T17:57:57,494933577+00:00
RUN_BEGIN shape=128x4096 pair=5 order=parent candidate side=parent binary=本地实验/R-W4-4/V042/partial-ranking/stage/build-v042/clx_ref_parent_probe
RUN_END rc=0 shape=128x4096 pair=5 side=parent prefix=本地实验/R-W4-4/V042/partial-ranking/local-pair05-parent-r128-w4096-fp32
RUN_BEGIN_UTC=2026-10-07T17:58:05,433648854+00:00
RUN_BEGIN shape=128x4096 pair=5 order=parent candidate side=candidate binary=本地实验/R-W4-4/V042/partial-ranking/stage/build-v042/clx_ref_candidate_probe
RUN_END rc=0 shape=128x4096 pair=5 side=candidate prefix=本地实验/R-W4-4/V042/partial-ranking/local-pair05-candidate-r128-w4096-fp32
RUN_BEGIN_UTC=2026-10-07T17:58:12,389137035+00:00
RUN_BEGIN shape=128x4096 pair=6 order=candidate parent side=candidate binary=本地实验/R-W4-4/V042/partial-ranking/stage/build-v042/clx_ref_candidate_probe
RUN_END rc=0 shape=128x4096 pair=6 side=candidate prefix=本地实验/R-W4-4/V042/partial-ranking/local-pair06-candidate-r128-w4096-fp32
RUN_BEGIN_UTC=2026-10-07T17:58:19,550249455+00:00
RUN_BEGIN shape=128x4096 pair=6 order=candidate parent side=parent binary=本地实验/R-W4-4/V042/partial-ranking/stage/build-v042/clx_ref_parent_probe
RUN_END rc=0 shape=128x4096 pair=6 side=parent prefix=本地实验/R-W4-4/V042/partial-ranking/local-pair06-parent-r128-w4096-fp32
RUN_BEGIN_UTC=2026-10-07T17:58:27,296533829+00:00
RUN_BEGIN shape=128x4104 pair=1 order=parent candidate side=parent binary=本地实验/R-W4-4/V042/partial-ranking/stage/build-v042/clx_ref_parent_probe
RUN_END rc=0 shape=128x4104 pair=1 side=parent prefix=本地实验/R-W4-4/V042/partial-ranking/local-pair01-parent-r128-w4104-fp32
RUN_BEGIN_UTC=2026-10-07T17:58:33,840602786+00:00
RUN_BEGIN shape=128x4104 pair=1 order=parent candidate side=candidate binary=本地实验/R-W4-4/V042/partial-ranking/stage/build-v042/clx_ref_candidate_probe
RUN_END rc=0 shape=128x4104 pair=1 side=candidate prefix=本地实验/R-W4-4/V042/partial-ranking/local-pair01-candidate-r128-w4104-fp32
RUN_BEGIN_UTC=2026-10-07T17:58:40,414539791+00:00
RUN_BEGIN shape=128x4104 pair=2 order=candidate parent side=candidate binary=本地实验/R-W4-4/V042/partial-ranking/stage/build-v042/clx_ref_candidate_probe
RUN_END rc=0 shape=128x4104 pair=2 side=candidate prefix=本地实验/R-W4-4/V042/partial-ranking/local-pair02-candidate-r128-w4104-fp32
RUN_BEGIN_UTC=2026-10-07T17:58:47,387610904+00:00
RUN_BEGIN shape=128x4104 pair=2 order=candidate parent side=parent binary=本地实验/R-W4-4/V042/partial-ranking/stage/build-v042/clx_ref_parent_probe
RUN_END rc=0 shape=128x4104 pair=2 side=parent prefix=本地实验/R-W4-4/V042/partial-ranking/local-pair02-parent-r128-w4104-fp32
RUN_BEGIN_UTC=2026-10-07T17:58:54,129987952+00:00
RUN_BEGIN shape=128x4104 pair=3 order=parent candidate side=parent binary=本地实验/R-W4-4/V042/partial-ranking/stage/build-v042/clx_ref_parent_probe
RUN_END rc=0 shape=128x4104 pair=3 side=parent prefix=本地实验/R-W4-4/V042/partial-ranking/local-pair03-parent-r128-w4104-fp32
RUN_BEGIN_UTC=2026-10-07T17:59:01,080258816+00:00
RUN_BEGIN shape=128x4104 pair=3 order=parent candidate side=candidate binary=本地实验/R-W4-4/V042/partial-ranking/stage/build-v042/clx_ref_candidate_probe
RUN_END rc=0 shape=128x4104 pair=3 side=candidate prefix=本地实验/R-W4-4/V042/partial-ranking/local-pair03-candidate-r128-w4104-fp32
RUN_BEGIN_UTC=2026-10-07T17:59:08,055245528+00:00
RUN_BEGIN shape=128x4104 pair=4 order=candidate parent side=candidate binary=本地实验/R-W4-4/V042/partial-ranking/stage/build-v042/clx_ref_candidate_probe
RUN_END rc=0 shape=128x4104 pair=4 side=candidate prefix=本地实验/R-W4-4/V042/partial-ranking/local-pair04-candidate-r128-w4104-fp32
RUN_BEGIN_UTC=2026-10-07T17:59:14,805291085+00:00
RUN_BEGIN shape=128x4104 pair=4 order=candidate parent side=parent binary=本地实验/R-W4-4/V042/partial-ranking/stage/build-v042/clx_ref_parent_probe
RUN_END rc=0 shape=128x4104 pair=4 side=parent prefix=本地实验/R-W4-4/V042/partial-ranking/local-pair04-parent-r128-w4104-fp32
RUN_BEGIN_UTC=2026-10-07T17:59:21,777690076+00:00
RUN_BEGIN shape=128x4104 pair=5 order=parent candidate side=parent binary=本地实验/R-W4-4/V042/partial-ranking/stage/build-v042/clx_ref_parent_probe
RUN_END rc=0 shape=128x4104 pair=5 side=parent prefix=本地实验/R-W4-4/V042/partial-ranking/local-pair05-parent-r128-w4104-fp32
RUN_BEGIN_UTC=2026-10-07T17:59:28,557563885+00:00
RUN_BEGIN shape=128x4104 pair=5 order=parent candidate side=candidate binary=本地实验/R-W4-4/V042/partial-ranking/stage/build-v042/clx_ref_candidate_probe
RUN_END rc=0 shape=128x4104 pair=5 side=candidate prefix=本地实验/R-W4-4/V042/partial-ranking/local-pair05-candidate-r128-w4104-fp32
RUN_BEGIN_UTC=2026-10-07T17:59:36,501188088+00:00
RUN_BEGIN shape=128x4104 pair=6 order=candidate parent side=candidate binary=本地实验/R-W4-4/V042/partial-ranking/stage/build-v042/clx_ref_candidate_probe
RUN_END rc=0 shape=128x4104 pair=6 side=candidate prefix=本地实验/R-W4-4/V042/partial-ranking/local-pair06-candidate-r128-w4104-fp32
RUN_BEGIN_UTC=2026-10-07T17:59:43,812693014+00:00
RUN_BEGIN shape=128x4104 pair=6 order=candidate parent side=parent binary=本地实验/R-W4-4/V042/partial-ranking/stage/build-v042/clx_ref_parent_probe
RUN_END rc=0 shape=128x4104 pair=6 side=parent prefix=本地实验/R-W4-4/V042/partial-ranking/local-pair06-parent-r128-w4104-fp32
V042_LOCAL_END_UTC=2026-10-07T17:59:51,962171859+00:00
