# S3 TAIL-COST MICRO-PROBE — device 5, iters=10000, 5 reps, median
# variant 4=FLOOR(Muls only) 3=RT-only(+2 V/S RT,3 scalar ops,Duplicate) 0=PARENT(+Sqrt) 2=FORM_A(pure-V+broadcast) 1=FORM_B(pure-V+1pull Muls)
## valid=64
REP variant=4 rep=0 iters=10000 valid=64 total_us=593.600 us_per_row=0.059360
REP variant=4 rep=1 iters=10000 valid=64 total_us=595.620 us_per_row=0.059562
REP variant=4 rep=2 iters=10000 valid=64 total_us=593.360 us_per_row=0.059336
REP variant=4 rep=3 iters=10000 valid=64 total_us=595.260 us_per_row=0.059526
REP variant=4 rep=4 iters=10000 valid=64 total_us=593.080 us_per_row=0.059308
RESULT variant=4 median_total_us=593.600 median_us_per_row=0.059360
REP variant=3 rep=0 iters=10000 valid=64 total_us=1087.800 us_per_row=0.108780
REP variant=3 rep=1 iters=10000 valid=64 total_us=1090.380 us_per_row=0.109038
REP variant=3 rep=2 iters=10000 valid=64 total_us=1088.440 us_per_row=0.108844
REP variant=3 rep=3 iters=10000 valid=64 total_us=1090.220 us_per_row=0.109022
REP variant=3 rep=4 iters=10000 valid=64 total_us=1088.120 us_per_row=0.108812
RESULT variant=3 median_total_us=1088.440 median_us_per_row=0.108844
REP variant=0 rep=0 iters=10000 valid=64 total_us=1287.700 us_per_row=0.128770
REP variant=0 rep=1 iters=10000 valid=64 total_us=1519.000 us_per_row=0.151900
REP variant=0 rep=2 iters=10000 valid=64 total_us=1288.200 us_per_row=0.128820
REP variant=0 rep=3 iters=10000 valid=64 total_us=1290.480 us_per_row=0.129048
REP variant=0 rep=4 iters=10000 valid=64 total_us=1288.360 us_per_row=0.128836
RESULT variant=0 median_total_us=1288.360 median_us_per_row=0.128836
REP variant=2 rep=0 iters=10000 valid=64 total_us=1393.600 us_per_row=0.139360
REP variant=2 rep=1 iters=10000 valid=64 total_us=1464.300 us_per_row=0.146430
REP variant=2 rep=2 iters=10000 valid=64 total_us=1393.340 us_per_row=0.139334
REP variant=2 rep=3 iters=10000 valid=64 total_us=1394.980 us_per_row=0.139498
REP variant=2 rep=4 iters=10000 valid=64 total_us=1393.140 us_per_row=0.139314
RESULT variant=2 median_total_us=1393.600 median_us_per_row=0.139360
REP variant=1 rep=0 iters=10000 valid=64 total_us=1481.700 us_per_row=0.148170
REP variant=1 rep=1 iters=10000 valid=64 total_us=1713.100 us_per_row=0.171310
REP variant=1 rep=2 iters=10000 valid=64 total_us=1482.760 us_per_row=0.148276
REP variant=1 rep=3 iters=10000 valid=64 total_us=1485.080 us_per_row=0.148508
REP variant=1 rep=4 iters=10000 valid=64 total_us=1483.960 us_per_row=0.148396
RESULT variant=1 median_total_us=1483.960 median_us_per_row=0.148396
## valid=256
REP variant=4 rep=0 iters=10000 valid=256 total_us=610.140 us_per_row=0.061014
REP variant=4 rep=1 iters=10000 valid=256 total_us=778.980 us_per_row=0.077898
REP variant=4 rep=2 iters=10000 valid=256 total_us=697.060 us_per_row=0.069706
REP variant=4 rep=3 iters=10000 valid=256 total_us=612.900 us_per_row=0.061290
REP variant=4 rep=4 iters=10000 valid=256 total_us=610.240 us_per_row=0.061024
RESULT variant=4 median_total_us=612.900 median_us_per_row=0.061290
REP variant=3 rep=0 iters=10000 valid=256 total_us=1107.620 us_per_row=0.110762
REP variant=3 rep=1 iters=10000 valid=256 total_us=1321.820 us_per_row=0.132182
REP variant=3 rep=2 iters=10000 valid=256 total_us=1108.840 us_per_row=0.110884
REP variant=3 rep=3 iters=10000 valid=256 total_us=1107.560 us_per_row=0.110756
REP variant=3 rep=4 iters=10000 valid=256 total_us=1105.660 us_per_row=0.110566
RESULT variant=3 median_total_us=1107.620 median_us_per_row=0.110762
REP variant=0 rep=0 iters=10000 valid=256 total_us=1305.160 us_per_row=0.130516
REP variant=0 rep=1 iters=10000 valid=256 total_us=1307.080 us_per_row=0.130708
REP variant=0 rep=2 iters=10000 valid=256 total_us=1304.500 us_per_row=0.130450
REP variant=0 rep=3 iters=10000 valid=256 total_us=1307.580 us_per_row=0.130758
REP variant=0 rep=4 iters=10000 valid=256 total_us=1304.480 us_per_row=0.130448
RESULT variant=0 median_total_us=1305.160 median_us_per_row=0.130516
REP variant=2 rep=0 iters=10000 valid=256 total_us=1421.240 us_per_row=0.142124
REP variant=2 rep=1 iters=10000 valid=256 total_us=1643.960 us_per_row=0.164396
REP variant=2 rep=2 iters=10000 valid=256 total_us=1421.300 us_per_row=0.142130
REP variant=2 rep=3 iters=10000 valid=256 total_us=1423.520 us_per_row=0.142352
REP variant=2 rep=4 iters=10000 valid=256 total_us=1421.160 us_per_row=0.142116
RESULT variant=2 median_total_us=1421.300 median_us_per_row=0.142130
REP variant=1 rep=0 iters=10000 valid=256 total_us=1499.020 us_per_row=0.149902
REP variant=1 rep=1 iters=10000 valid=256 total_us=1671.720 us_per_row=0.167172
REP variant=1 rep=2 iters=10000 valid=256 total_us=1498.920 us_per_row=0.149892
REP variant=1 rep=3 iters=10000 valid=256 total_us=1501.140 us_per_row=0.150114
REP variant=1 rep=4 iters=10000 valid=256 total_us=1498.620 us_per_row=0.149862
RESULT variant=1 median_total_us=1499.020 median_us_per_row=0.149902
