=== REDUCE-HIER-X V004 compile 2026-09-28T20:57:37Z ===
SOURCE_SHA=1926a2f91491981f06424502dde96356661b5d5c5dc30ae190a0e5935265218d
--- build targets ---
Consolidate compiler generated dependencies of target rhx_v001_submission
[100%] Building ASC object CMakeFiles/rhx_v001_submission.dir/submission_shim.asc.o
[100%] Built target rhx_v001_submission
Consolidate compiler generated dependencies of target rhx_candidate_probe
[ 50%] Building ASC object CMakeFiles/rhx_candidate_probe.dir/runner_candidate.asc.o
In file included from /home/data4t2/lelinfeng/phase4-workspaces/REDUCE-HIER-X/runner_candidate.asc:2:
/home/data4t2/lelinfeng/phase4-workspaces/REDUCE-HIER-X/runner_main.inc:162:21: warning: 'cce_global' attribute ignored when parsing type [-Wignored-attributes]
        run_kernel((GM_ADDR)deviceX, infoX, (GM_ADDR)deviceR, infoR,
                    ^~~~~~~
/usr/local/Ascend/ascend-toolkit/8.5.0.alpha002/compiler/tikcpp/tikcfw/impl/utils/kernel_utils_macros.h:18:17: note: expanded from macro 'GM_ADDR'
#define GM_ADDR __gm__ uint8_t*
                ^~~~~~
/usr/local/Ascend/ascend-toolkit/8.5.0.alpha002/aarch64-linux/ccec_compiler/lib/clang/15.0.5/include/__clang_cce_defines.h:47:31: note: expanded from macro '__gm__'
#define __gm__ __attribute__((cce_global))
                              ^~~~~~~~~~
In file included from /home/data4t2/lelinfeng/phase4-workspaces/REDUCE-HIER-X/runner_candidate.asc:2:
/home/data4t2/lelinfeng/phase4-workspaces/REDUCE-HIER-X/runner_main.inc:162:46: warning: 'cce_global' attribute ignored when parsing type [-Wignored-attributes]
        run_kernel((GM_ADDR)deviceX, infoX, (GM_ADDR)deviceR, infoR,
                                             ^~~~~~~
/usr/local/Ascend/ascend-toolkit/8.5.0.alpha002/compiler/tikcpp/tikcfw/impl/utils/kernel_utils_macros.h:18:17: note: expanded from macro 'GM_ADDR'
#define GM_ADDR __gm__ uint8_t*
                ^~~~~~
/usr/local/Ascend/ascend-toolkit/8.5.0.alpha002/aarch64-linux/ccec_compiler/lib/clang/15.0.5/include/__clang_cce_defines.h:47:31: note: expanded from macro '__gm__'
#define __gm__ __attribute__((cce_global))
                              ^~~~~~~~~~
In file included from /home/data4t2/lelinfeng/phase4-workspaces/REDUCE-HIER-X/runner_candidate.asc:2:
/home/data4t2/lelinfeng/phase4-workspaces/REDUCE-HIER-X/runner_main.inc:163:21: warning: 'cce_global' attribute ignored when parsing type [-Wignored-attributes]
                   (GM_ADDR)deviceG, infoG, (GM_ADDR)deviceB, infoB,
                    ^~~~~~~
/usr/local/Ascend/ascend-toolkit/8.5.0.alpha002/compiler/tikcpp/tikcfw/impl/utils/kernel_utils_macros.h:18:17: note: expanded from macro 'GM_ADDR'
#define GM_ADDR __gm__ uint8_t*
                ^~~~~~
/usr/local/Ascend/ascend-toolkit/8.5.0.alpha002/aarch64-linux/ccec_compiler/lib/clang/15.0.5/include/__clang_cce_defines.h:47:31: note: expanded from macro '__gm__'
#define __gm__ __attribute__((cce_global))
                              ^~~~~~~~~~
In file included from /home/data4t2/lelinfeng/phase4-workspaces/REDUCE-HIER-X/runner_candidate.asc:2:
/home/data4t2/lelinfeng/phase4-workspaces/REDUCE-HIER-X/runner_main.inc:163:46: warning: 'cce_global' attribute ignored when parsing type [-Wignored-attributes]
                   (GM_ADDR)deviceG, infoG, (GM_ADDR)deviceB, infoB,
                                             ^~~~~~~
/usr/local/Ascend/ascend-toolkit/8.5.0.alpha002/compiler/tikcpp/tikcfw/impl/utils/kernel_utils_macros.h:18:17: note: expanded from macro 'GM_ADDR'
#define GM_ADDR __gm__ uint8_t*
                ^~~~~~
/usr/local/Ascend/ascend-toolkit/8.5.0.alpha002/aarch64-linux/ccec_compiler/lib/clang/15.0.5/include/__clang_cce_defines.h:47:31: note: expanded from macro '__gm__'
#define __gm__ __attribute__((cce_global))
                              ^~~~~~~~~~
In file included from /home/data4t2/lelinfeng/phase4-workspaces/REDUCE-HIER-X/runner_candidate.asc:2:
/home/data4t2/lelinfeng/phase4-workspaces/REDUCE-HIER-X/runner_main.inc:164:21: warning: 'cce_global' attribute ignored when parsing type [-Wignored-attributes]
                   (GM_ADDR)deviceOut, infoO, availableCoreNum, stream, kEpsilon);
                    ^~~~~~~
/usr/local/Ascend/ascend-toolkit/8.5.0.alpha002/compiler/tikcpp/tikcfw/impl/utils/kernel_utils_macros.h:18:17: note: expanded from macro 'GM_ADDR'
#define GM_ADDR __gm__ uint8_t*
                ^~~~~~
/usr/local/Ascend/ascend-toolkit/8.5.0.alpha002/aarch64-linux/ccec_compiler/lib/clang/15.0.5/include/__clang_cce_defines.h:47:31: note: expanded from macro '__gm__'
#define __gm__ __attribute__((cce_global))
                              ^~~~~~~~~~
5 warnings generated.
In file included from /home/data4t2/lelinfeng/phase4-workspaces/REDUCE-HIER-X/runner_candidate.asc:2:
/home/data4t2/lelinfeng/phase4-workspaces/REDUCE-HIER-X/runner_main.inc:162:21: warning: 'cce_global' attribute ignored when parsing type [-Wignored-attributes]
/usr/local/Ascend/ascend-toolkit/8.5.0.alpha002/compiler/tikcpp/tikcfw/impl/utils/kernel_utils_macros.h:18:17: note: expanded from macro 'GM_ADDR'
/usr/local/Ascend/ascend-toolkit/8.5.0.alpha002/aarch64-linux/ccec_compiler/lib/clang/15.0.5/include/__clang_cce_defines.h:47:31: note: expanded from macro '__gm__'
In file included from /home/data4t2/lelinfeng/phase4-workspaces/REDUCE-HIER-X/runner_candidate.asc:2:
/home/data4t2/lelinfeng/phase4-workspaces/REDUCE-HIER-X/runner_main.inc:162:46: warning: 'cce_global' attribute ignored when parsing type [-Wignored-attributes]
/usr/local/Ascend/ascend-toolkit/8.5.0.alpha002/compiler/tikcpp/tikcfw/impl/utils/kernel_utils_macros.h:18:17: note: expanded from macro 'GM_ADDR'
/usr/local/Ascend/ascend-toolkit/8.5.0.alpha002/aarch64-linux/ccec_compiler/lib/clang/15.0.5/include/__clang_cce_defines.h:47:31: note: expanded from macro '__gm__'
In file included from /home/data4t2/lelinfeng/phase4-workspaces/REDUCE-HIER-X/runner_candidate.asc:2:
/home/data4t2/lelinfeng/phase4-workspaces/REDUCE-HIER-X/runner_main.inc:163:21: warning: 'cce_global' attribute ignored when parsing type [-Wignored-attributes]
/usr/local/Ascend/ascend-toolkit/8.5.0.alpha002/compiler/tikcpp/tikcfw/impl/utils/kernel_utils_macros.h:18:17: note: expanded from macro 'GM_ADDR'
/usr/local/Ascend/ascend-toolkit/8.5.0.alpha002/aarch64-linux/ccec_compiler/lib/clang/15.0.5/include/__clang_cce_defines.h:47:31: note: expanded from macro '__gm__'
In file included from /home/data4t2/lelinfeng/phase4-workspaces/REDUCE-HIER-X/runner_candidate.asc:2:
/home/data4t2/lelinfeng/phase4-workspaces/REDUCE-HIER-X/runner_main.inc:163:46: warning: 'cce_global' attribute ignored when parsing type [-Wignored-attributes]
/usr/local/Ascend/ascend-toolkit/8.5.0.alpha002/compiler/tikcpp/tikcfw/impl/utils/kernel_utils_macros.h:18:17: note: expanded from macro 'GM_ADDR'
/usr/local/Ascend/ascend-toolkit/8.5.0.alpha002/aarch64-linux/ccec_compiler/lib/clang/15.0.5/include/__clang_cce_defines.h:47:31: note: expanded from macro '__gm__'
In file included from /home/data4t2/lelinfeng/phase4-workspaces/REDUCE-HIER-X/runner_candidate.asc:2:
/home/data4t2/lelinfeng/phase4-workspaces/REDUCE-HIER-X/runner_main.inc:164:21: warning: 'cce_global' attribute ignored when parsing type [-Wignored-attributes]
/usr/local/Ascend/ascend-toolkit/8.5.0.alpha002/compiler/tikcpp/tikcfw/impl/utils/kernel_utils_macros.h:18:17: note: expanded from macro 'GM_ADDR'
/usr/local/Ascend/ascend-toolkit/8.5.0.alpha002/aarch64-linux/ccec_compiler/lib/clang/15.0.5/include/__clang_cce_defines.h:47:31: note: expanded from macro '__gm__'
5 warnings generated.
Warning: please refer to the above warning message. 
Warning: please refer to the above warning message. 
Warning: please refer to the above warning message. 
Warning: please refer to the above warning message. 
Warning: please refer to the above warning message. 
Warning: please refer to the above warning message. 
Warning: please refer to the above warning message. 
Warning: please refer to the above warning message. 
Warning: please refer to the above warning message. 
Warning: please refer to the above warning message. 
Warning: please refer to the above warning message. 
Warning: please refer to the above warning message. 
Warning: please refer to the above warning message. 
Warning: please refer to the above warning message. 
Warning: please refer to the above warning message. 
[100%] Linking ASC executable rhx_candidate_probe
[100%] Built target rhx_candidate_probe
Consolidate compiler generated dependencies of target rhx_ref_candidate_probe
[ 50%] Building ASC object CMakeFiles/rhx_ref_candidate_probe.dir/runner_ref_candidate.asc.o
In file included from /home/data4t2/lelinfeng/phase4-workspaces/REDUCE-HIER-X/runner_ref_candidate.asc:2:
/home/data4t2/lelinfeng/phase4-workspaces/REDUCE-HIER-X/runner_ref.inc:254:21: warning: 'cce_global' attribute ignored when parsing type [-Wignored-attributes]
        run_kernel((GM_ADDR)deviceX, infoX, (GM_ADDR)deviceR, infoR,
                    ^~~~~~~
/usr/local/Ascend/ascend-toolkit/8.5.0.alpha002/compiler/tikcpp/tikcfw/impl/utils/kernel_utils_macros.h:18:17: note: expanded from macro 'GM_ADDR'
#define GM_ADDR __gm__ uint8_t*
                ^~~~~~
/usr/local/Ascend/ascend-toolkit/8.5.0.alpha002/aarch64-linux/ccec_compiler/lib/clang/15.0.5/include/__clang_cce_defines.h:47:31: note: expanded from macro '__gm__'
#define __gm__ __attribute__((cce_global))
                              ^~~~~~~~~~
In file included from /home/data4t2/lelinfeng/phase4-workspaces/REDUCE-HIER-X/runner_ref_candidate.asc:2:
/home/data4t2/lelinfeng/phase4-workspaces/REDUCE-HIER-X/runner_ref.inc:254:46: warning: 'cce_global' attribute ignored when parsing type [-Wignored-attributes]
        run_kernel((GM_ADDR)deviceX, infoX, (GM_ADDR)deviceR, infoR,
                                             ^~~~~~~
/usr/local/Ascend/ascend-toolkit/8.5.0.alpha002/compiler/tikcpp/tikcfw/impl/utils/kernel_utils_macros.h:18:17: note: expanded from macro 'GM_ADDR'
#define GM_ADDR __gm__ uint8_t*
                ^~~~~~
/usr/local/Ascend/ascend-toolkit/8.5.0.alpha002/aarch64-linux/ccec_compiler/lib/clang/15.0.5/include/__clang_cce_defines.h:47:31: note: expanded from macro '__gm__'
#define __gm__ __attribute__((cce_global))
                              ^~~~~~~~~~
In file included from /home/data4t2/lelinfeng/phase4-workspaces/REDUCE-HIER-X/runner_ref_candidate.asc:2:
/home/data4t2/lelinfeng/phase4-workspaces/REDUCE-HIER-X/runner_ref.inc:255:21: warning: 'cce_global' attribute ignored when parsing type [-Wignored-attributes]
                   (GM_ADDR)deviceG, infoG, (GM_ADDR)deviceB, infoB,
                    ^~~~~~~
/usr/local/Ascend/ascend-toolkit/8.5.0.alpha002/compiler/tikcpp/tikcfw/impl/utils/kernel_utils_macros.h:18:17: note: expanded from macro 'GM_ADDR'
#define GM_ADDR __gm__ uint8_t*
                ^~~~~~
/usr/local/Ascend/ascend-toolkit/8.5.0.alpha002/aarch64-linux/ccec_compiler/lib/clang/15.0.5/include/__clang_cce_defines.h:47:31: note: expanded from macro '__gm__'
#define __gm__ __attribute__((cce_global))
                              ^~~~~~~~~~
In file included from /home/data4t2/lelinfeng/phase4-workspaces/REDUCE-HIER-X/runner_ref_candidate.asc:2:
/home/data4t2/lelinfeng/phase4-workspaces/REDUCE-HIER-X/runner_ref.inc:255:46: warning: 'cce_global' attribute ignored when parsing type [-Wignored-attributes]
                   (GM_ADDR)deviceG, infoG, (GM_ADDR)deviceB, infoB,
                                             ^~~~~~~
/usr/local/Ascend/ascend-toolkit/8.5.0.alpha002/compiler/tikcpp/tikcfw/impl/utils/kernel_utils_macros.h:18:17: note: expanded from macro 'GM_ADDR'
#define GM_ADDR __gm__ uint8_t*
                ^~~~~~
/usr/local/Ascend/ascend-toolkit/8.5.0.alpha002/aarch64-linux/ccec_compiler/lib/clang/15.0.5/include/__clang_cce_defines.h:47:31: note: expanded from macro '__gm__'
#define __gm__ __attribute__((cce_global))
                              ^~~~~~~~~~
In file included from /home/data4t2/lelinfeng/phase4-workspaces/REDUCE-HIER-X/runner_ref_candidate.asc:2:
/home/data4t2/lelinfeng/phase4-workspaces/REDUCE-HIER-X/runner_ref.inc:256:21: warning: 'cce_global' attribute ignored when parsing type [-Wignored-attributes]
                   (GM_ADDR)deviceOut, infoO, availableCoreNum, stream, kEpsilon);
                    ^~~~~~~
/usr/local/Ascend/ascend-toolkit/8.5.0.alpha002/compiler/tikcpp/tikcfw/impl/utils/kernel_utils_macros.h:18:17: note: expanded from macro 'GM_ADDR'
#define GM_ADDR __gm__ uint8_t*
                ^~~~~~
/usr/local/Ascend/ascend-toolkit/8.5.0.alpha002/aarch64-linux/ccec_compiler/lib/clang/15.0.5/include/__clang_cce_defines.h:47:31: note: expanded from macro '__gm__'
#define __gm__ __attribute__((cce_global))
                              ^~~~~~~~~~
In file included from /home/data4t2/lelinfeng/phase4-workspaces/REDUCE-HIER-X/runner_ref_candidate.asc:2:
/home/data4t2/lelinfeng/phase4-workspaces/REDUCE-HIER-X/runner_ref.inc:385:57: warning: format specifies type 'int' but the argument has type 'int64_t' (aka 'long') [-Wformat]
                deviceId, static_cast<long long>(rows), width, dtype, warmup, samples, blocks, bad);
                                                        ^~~~~
6 warnings generated.
In file included from /home/data4t2/lelinfeng/phase4-workspaces/REDUCE-HIER-X/runner_ref_candidate.asc:2:
/home/data4t2/lelinfeng/phase4-workspaces/REDUCE-HIER-X/runner_ref.inc:385:57: warning: format specifies type 'int' but the argument has type 'int64_t' (aka 'long') [-Wformat]
1 warning generated.
Warning: please refer to the above warning message. 
In file included from /home/data4t2/lelinfeng/phase4-workspaces/REDUCE-HIER-X/runner_ref_candidate.asc:2:
/home/data4t2/lelinfeng/phase4-workspaces/REDUCE-HIER-X/runner_ref.inc:385:57: warning: format specifies type 'int' but the argument has type 'int64_t' (aka 'long') [-Wformat]
1 warning generated.
Warning: please refer to the above warning message. 
In file included from /home/data4t2/lelinfeng/phase4-workspaces/REDUCE-HIER-X/runner_ref_candidate.asc:2:
/home/data4t2/lelinfeng/phase4-workspaces/REDUCE-HIER-X/runner_ref.inc:254:21: warning: 'cce_global' attribute ignored when parsing type [-Wignored-attributes]
/usr/local/Ascend/ascend-toolkit/8.5.0.alpha002/compiler/tikcpp/tikcfw/impl/utils/kernel_utils_macros.h:18:17: note: expanded from macro 'GM_ADDR'
/usr/local/Ascend/ascend-toolkit/8.5.0.alpha002/aarch64-linux/ccec_compiler/lib/clang/15.0.5/include/__clang_cce_defines.h:47:31: note: expanded from macro '__gm__'
In file included from /home/data4t2/lelinfeng/phase4-workspaces/REDUCE-HIER-X/runner_ref_candidate.asc:2:
/home/data4t2/lelinfeng/phase4-workspaces/REDUCE-HIER-X/runner_ref.inc:254:46: warning: 'cce_global' attribute ignored when parsing type [-Wignored-attributes]
/usr/local/Ascend/ascend-toolkit/8.5.0.alpha002/compiler/tikcpp/tikcfw/impl/utils/kernel_utils_macros.h:18:17: note: expanded from macro 'GM_ADDR'
/usr/local/Ascend/ascend-toolkit/8.5.0.alpha002/aarch64-linux/ccec_compiler/lib/clang/15.0.5/include/__clang_cce_defines.h:47:31: note: expanded from macro '__gm__'
In file included from /home/data4t2/lelinfeng/phase4-workspaces/REDUCE-HIER-X/runner_ref_candidate.asc:2:
/home/data4t2/lelinfeng/phase4-workspaces/REDUCE-HIER-X/runner_ref.inc:255:21: warning: 'cce_global' attribute ignored when parsing type [-Wignored-attributes]
/usr/local/Ascend/ascend-toolkit/8.5.0.alpha002/compiler/tikcpp/tikcfw/impl/utils/kernel_utils_macros.h:18:17: note: expanded from macro 'GM_ADDR'
/usr/local/Ascend/ascend-toolkit/8.5.0.alpha002/aarch64-linux/ccec_compiler/lib/clang/15.0.5/include/__clang_cce_defines.h:47:31: note: expanded from macro '__gm__'
In file included from /home/data4t2/lelinfeng/phase4-workspaces/REDUCE-HIER-X/runner_ref_candidate.asc:2:
/home/data4t2/lelinfeng/phase4-workspaces/REDUCE-HIER-X/runner_ref.inc:255:46: warning: 'cce_global' attribute ignored when parsing type [-Wignored-attributes]
/usr/local/Ascend/ascend-toolkit/8.5.0.alpha002/compiler/tikcpp/tikcfw/impl/utils/kernel_utils_macros.h:18:17: note: expanded from macro 'GM_ADDR'
/usr/local/Ascend/ascend-toolkit/8.5.0.alpha002/aarch64-linux/ccec_compiler/lib/clang/15.0.5/include/__clang_cce_defines.h:47:31: note: expanded from macro '__gm__'
In file included from /home/data4t2/lelinfeng/phase4-workspaces/REDUCE-HIER-X/runner_ref_candidate.asc:2:
/home/data4t2/lelinfeng/phase4-workspaces/REDUCE-HIER-X/runner_ref.inc:256:21: warning: 'cce_global' attribute ignored when parsing type [-Wignored-attributes]
/usr/local/Ascend/ascend-toolkit/8.5.0.alpha002/compiler/tikcpp/tikcfw/impl/utils/kernel_utils_macros.h:18:17: note: expanded from macro 'GM_ADDR'
/usr/local/Ascend/ascend-toolkit/8.5.0.alpha002/aarch64-linux/ccec_compiler/lib/clang/15.0.5/include/__clang_cce_defines.h:47:31: note: expanded from macro '__gm__'
In file included from /home/data4t2/lelinfeng/phase4-workspaces/REDUCE-HIER-X/runner_ref_candidate.asc:2:
/home/data4t2/lelinfeng/phase4-workspaces/REDUCE-HIER-X/runner_ref.inc:385:57: warning: format specifies type 'int' but the argument has type 'int64_t' (aka 'long') [-Wformat]
6 warnings generated.
Warning: please refer to the above warning message. 
Warning: please refer to the above warning message. 
Warning: please refer to the above warning message. 
Warning: please refer to the above warning message. 
Warning: please refer to the above warning message. 
Warning: please refer to the above warning message. 
Warning: please refer to the above warning message. 
Warning: please refer to the above warning message. 
Warning: please refer to the above warning message. 
Warning: please refer to the above warning message. 
Warning: please refer to the above warning message. 
Warning: please refer to the above warning message. 
Warning: please refer to the above warning message. 
Warning: please refer to the above warning message. 
Warning: please refer to the above warning message. 
Warning: please refer to the above warning message. 
[100%] Linking ASC executable rhx_ref_candidate_probe
[100%] Built target rhx_ref_candidate_probe
BUILD_RC=0
rhx_v001_submission MISSING
rhx_candidate_probe SHA=ef1db6265c6cdd68636fd4dfcc6ea79e53a7a846105b5221d4b608d64c66b02d BYTES=485608
rhx_ref_candidate_probe SHA=c539481225735e06e46bd8719e10ed5f42a94edc5c3f9fbcb20a329c0767ec2e BYTES=493912
