2026-09-19T05:28:53Z
VERSION=R018-V001
Filesystem      Size  Used Avail Use% Mounted on
/dev/nvme1n1p1  3.5T  3.2T   82G  98% /home/data4t2
-- System processer: aarch64
-- CMAKE_ASC_COMPILER: /home/data4t2/lelinfeng/cann_game/.toolchains/cann-9.0/cann-9.0.0/bin/bisheng
-- ASCEND_CANN_PACKAGE_LINUX_PATH: /home/data4t2/lelinfeng/cann_game/.toolchains/cann-9.0/cann-9.0.0/aarch64-linux
-- CMAKE_ASC_LLD_LINKER: /home/data4t2/lelinfeng/cann_game/.toolchains/cann-9.0/cann-9.0.0/aarch64-linux/ccec_compiler/bin/ld.lld
-- The CXX compiler identification is GNU 11.4.0
-- Detecting CXX compiler ABI info
-- Detecting CXX compiler ABI info - done
-- Check for working CXX compiler: /usr/bin/c++ - skipped
-- Detecting CXX compile features
-- Detecting CXX compile features - done
-- Configuring done
-- Generating done
-- Build files have been written to: /home/data4t2/lelinfeng/cann/fast/lane-d/R018-V001/build
CONFIG_STATUS=0
[ 50%] Building ASC object CMakeFiles/add_rms_norm_bias_custom.dir/main.asc.o
/home/data4t2/lelinfeng/cann/fast/lane-d/R018-V001/main.asc:161:17: warning: 'cce_global' attribute ignored when parsing type [-Wignored-attributes]
    run_kernel((GM_ADDR)deviceX, infoX,
                ^~~~~~~
/home/data4t2/lelinfeng/cann_game/.toolchains/cann-9.0/cann-9.0.0/aarch64-linux/tikcpp/tikcfw/impl/utils/kernel_utils_macros.h:23:17: note: expanded from macro 'GM_ADDR'
#define GM_ADDR __gm__ uint8_t*
                ^~~~~~
/home/data4t2/lelinfeng/cann_game/.toolchains/cann-9.0/cann-9.0.0/tools/bisheng_compiler/lib/clang/15.0.5/include/__clang_cce_defines.h:61:31: note: expanded from macro '__gm__'
#define __gm__ __attribute__((cce_global))
                              ^~~~~~~~~~
/home/data4t2/lelinfeng/cann/fast/lane-d/R018-V001/main.asc:162:17: warning: 'cce_global' attribute ignored when parsing type [-Wignored-attributes]
               (GM_ADDR)deviceResidual, infoResidual,
                ^~~~~~~
/home/data4t2/lelinfeng/cann_game/.toolchains/cann-9.0/cann-9.0.0/aarch64-linux/tikcpp/tikcfw/impl/utils/kernel_utils_macros.h:23:17: note: expanded from macro 'GM_ADDR'
#define GM_ADDR __gm__ uint8_t*
                ^~~~~~
/home/data4t2/lelinfeng/cann_game/.toolchains/cann-9.0/cann-9.0.0/tools/bisheng_compiler/lib/clang/15.0.5/include/__clang_cce_defines.h:61:31: note: expanded from macro '__gm__'
#define __gm__ __attribute__((cce_global))
                              ^~~~~~~~~~
/home/data4t2/lelinfeng/cann/fast/lane-d/R018-V001/main.asc:163:17: warning: 'cce_global' attribute ignored when parsing type [-Wignored-attributes]
               (GM_ADDR)deviceGamma, infoGamma,
                ^~~~~~~
/home/data4t2/lelinfeng/cann_game/.toolchains/cann-9.0/cann-9.0.0/aarch64-linux/tikcpp/tikcfw/impl/utils/kernel_utils_macros.h:23:17: note: expanded from macro 'GM_ADDR'
#define GM_ADDR __gm__ uint8_t*
                ^~~~~~
/home/data4t2/lelinfeng/cann_game/.toolchains/cann-9.0/cann-9.0.0/tools/bisheng_compiler/lib/clang/15.0.5/include/__clang_cce_defines.h:61:31: note: expanded from macro '__gm__'
#define __gm__ __attribute__((cce_global))
                              ^~~~~~~~~~
/home/data4t2/lelinfeng/cann/fast/lane-d/R018-V001/main.asc:164:17: warning: 'cce_global' attribute ignored when parsing type [-Wignored-attributes]
               (GM_ADDR)deviceBias, infoBias,
                ^~~~~~~
/home/data4t2/lelinfeng/cann_game/.toolchains/cann-9.0/cann-9.0.0/aarch64-linux/tikcpp/tikcfw/impl/utils/kernel_utils_macros.h:23:17: note: expanded from macro 'GM_ADDR'
#define GM_ADDR __gm__ uint8_t*
                ^~~~~~
/home/data4t2/lelinfeng/cann_game/.toolchains/cann-9.0/cann-9.0.0/tools/bisheng_compiler/lib/clang/15.0.5/include/__clang_cce_defines.h:61:31: note: expanded from macro '__gm__'
#define __gm__ __attribute__((cce_global))
                              ^~~~~~~~~~
/home/data4t2/lelinfeng/cann/fast/lane-d/R018-V001/main.asc:165:17: warning: 'cce_global' attribute ignored when parsing type [-Wignored-attributes]
               (GM_ADDR)deviceOutput, infoOutput,
                ^~~~~~~
/home/data4t2/lelinfeng/cann_game/.toolchains/cann-9.0/cann-9.0.0/aarch64-linux/tikcpp/tikcfw/impl/utils/kernel_utils_macros.h:23:17: note: expanded from macro 'GM_ADDR'
#define GM_ADDR __gm__ uint8_t*
                ^~~~~~
/home/data4t2/lelinfeng/cann_game/.toolchains/cann-9.0/cann-9.0.0/tools/bisheng_compiler/lib/clang/15.0.5/include/__clang_cce_defines.h:61:31: note: expanded from macro '__gm__'
#define __gm__ __attribute__((cce_global))
                              ^~~~~~~~~~
5 warnings generated.
[100%] Linking ASC executable add_rms_norm_bias_custom
[100%] Built target add_rms_norm_bias_custom
BUILD_STATUS=0
2026-09-19T05:29:04Z
Filesystem      Size  Used Avail Use% Mounted on
/dev/nvme1n1p1  3.5T  3.2T   82G  98% /home/data4t2
