SNAPSHOT_UTC=2026-10-08T15:13:14.884983276Z

=== device 3 memory ===
	DDR Capacity(MB)               : 0
	DDR Clock Speed(MHz)           : 0
	HBM Capacity(MB)               : 65536
	HBM Clock Speed(MHz)           : 1600
	HBM Temperature(C)             : 35
	HBM Manufacturer ID            : 0x57

=== device 3 usages ===
	DDR Capacity(MB)               : 0
	DDR Usage Rate(%)              : 0
	DDR Hugepages Total(page)      : 0
	DDR Hugepages Usage Rate(%)    : 0
	HBM Capacity(MB)               : 65536
	HBM Usage Rate(%)              : 5
	Aicore Usage Rate(%)           : 0
	Aivector Usage Rate(%)         : 0
	Aicpu Usage Rate(%)            : 0
	Ctrlcpu Usage Rate(%)          : 2
	DDR Bandwidth Usage Rate(%)    : 0
	HBM Bandwidth Usage Rate(%)    : 0

=== device 3 processes ===
	No process in device.

=== host load ===
 15:13:16 up 243 days,  2:49, 36 users,  load average: 63.97, 51.81, 54.60

=== V064 runner processes ===
