SNAPSHOT_UTC=2026-10-08T15:14:34.485272574Z

=== device 3 memory ===
	DDR Capacity(MB)               : 0
	DDR Clock Speed(MHz)           : 0
	HBM Capacity(MB)               : 65536
	HBM Clock Speed(MHz)           : 1600
	HBM Temperature(C)             : 37
	HBM Manufacturer ID            : 0x57

=== device 3 usages ===
	DDR Capacity(MB)               : 0
	DDR Usage Rate(%)              : 0
	DDR Hugepages Total(page)      : 0
	DDR Hugepages Usage Rate(%)    : 0
	HBM Capacity(MB)               : 65536
	HBM Usage Rate(%)              : 5
	Aicore Usage Rate(%)           : 0
	Aivector Usage Rate(%)         : 0
	Aicpu Usage Rate(%)            : 0
	Ctrlcpu Usage Rate(%)          : 4
	DDR Bandwidth Usage Rate(%)    : 0
	HBM Bandwidth Usage Rate(%)    : 0

=== device 3 processes ===
	No process in device.

=== host load ===
 15:14:36 up 243 days,  2:50, 36 users,  load average: 46.56, 49.68, 53.65

=== V064 runner processes ===

=== explicit release ===
DEVICE=3
ROUTE=SYNC-BARRIER-ELISION-X
REVISION=V064
RELEASE_UTC=2026-10-08T15:14:36.468579289Z
RELEASE_REASON=two_local_blocks_raw_capture_complete
LEASE_STATE=RELEASED_ROUTE_LOCAL
