2026-10-08T05:09:57+00:00
DEVICE=0 FREE_HBM_MB=53739 PHASE=correctness
COMMAND=/home/data4t2/lelinfeng/w4-r07/V002/build/w4r07_runner 0 12288 fp16 correctness-only parent 0 0 1 /home/data4t2/lelinfeng/w4-r07/V002/logs/correctness-a1-12288-parent.tsv
CORRECTNESS_ONLY side=parent rows=128 width=12288 dtype=fp16 max_abs_error=0.001953125 mismatches=0 nonfinite=0
CASE_RC=0 WIDTH=12288 SIDE=parent
COMMAND=/home/data4t2/lelinfeng/w4-r07/V002/build/w4r07_runner 0 12288 fp16 correctness-only candidate 0 0 1 /home/data4t2/lelinfeng/w4-r07/V002/logs/correctness-a1-12288-candidate.tsv
CORRECTNESS_ONLY side=candidate rows=128 width=12288 dtype=fp16 max_abs_error=0.001953125 mismatches=0 nonfinite=0
CASE_RC=0 WIDTH=12288 SIDE=candidate
COMMAND=/home/data4t2/lelinfeng/w4-r07/V002/build/w4r07_runner 0 12304 fp16 correctness-only parent 0 0 1 /home/data4t2/lelinfeng/w4-r07/V002/logs/correctness-a1-12304-parent.tsv
CORRECTNESS_ONLY side=parent rows=128 width=12304 dtype=fp16 max_abs_error=0.001953125 mismatches=0 nonfinite=0
CASE_RC=0 WIDTH=12304 SIDE=parent
COMMAND=/home/data4t2/lelinfeng/w4-r07/V002/build/w4r07_runner 0 12304 fp16 correctness-only candidate 0 0 1 /home/data4t2/lelinfeng/w4-r07/V002/logs/correctness-a1-12304-candidate.tsv
CORRECTNESS_ONLY side=candidate rows=128 width=12304 dtype=fp16 max_abs_error=0.001953125 mismatches=0 nonfinite=0
CASE_RC=0 WIDTH=12304 SIDE=candidate
COMMAND=/home/data4t2/lelinfeng/w4-r07/V002/build/w4r07_runner 0 8192 fp16 correctness-only parent 0 0 1 /home/data4t2/lelinfeng/w4-r07/V002/logs/correctness-a1-8192-parent.tsv
CORRECTNESS_ONLY side=parent rows=128 width=8192 dtype=fp16 max_abs_error=0.001953125 mismatches=0 nonfinite=0
CASE_RC=0 WIDTH=8192 SIDE=parent
COMMAND=/home/data4t2/lelinfeng/w4-r07/V002/build/w4r07_runner 0 8192 fp16 correctness-only candidate 0 0 1 /home/data4t2/lelinfeng/w4-r07/V002/logs/correctness-a1-8192-candidate.tsv
CORRECTNESS_ONLY side=candidate rows=128 width=8192 dtype=fp16 max_abs_error=0.001953125 mismatches=0 nonfinite=0
CASE_RC=0 WIDTH=8192 SIDE=candidate
PHASE_RC=0
2026-10-08T05:10:44+00:00
