Thu Oct  8 20:56:34 UTC 2026
TOOLKIT_ENV=/usr/local/Ascend/ascend-toolkit/set_env.sh
ASCEND_RT_VISIBLE_DEVICES=3
ASCEND_HOME_PATH=/usr/local/Ascend/ascend-toolkit/latest
ASCEND_CANN_PACKAGE_PATH=
ASCEND_TOOLKIT_HOME=/usr/local/Ascend/ascend-toolkit/latest
	linux-vdso.so.1 (0x0000ffff81763000)
	libascendcl.so => /usr/local/Ascend/ascend-toolkit/latest/lib64/libascendcl.so (0x0000ffff81480000)
	libregister.so => /usr/local/Ascend/ascend-toolkit/latest/lib64/libregister.so (0x0000ffff807d0000)
	libplatform.so => /usr/local/Ascend/ascend-toolkit/latest/lib64/libplatform.so (0x0000ffff80670000)
	libunified_dlog.so => /usr/local/Ascend/ascend-toolkit/latest/lib64/libunified_dlog.so (0x0000ffff80620000)
	libm.so.6 => /lib/aarch64-linux-gnu/libm.so.6 (0x0000ffff80580000)
	libgraph_base.so => /usr/local/Ascend/ascend-toolkit/latest/lib64/libgraph_base.so (0x0000ffff7fdc0000)
	libgcc_s.so.1 => /lib/aarch64-linux-gnu/libgcc_s.so.1 (0x0000ffff7fd90000)
	libc.so.6 => /lib/aarch64-linux-gnu/libc.so.6 (0x0000ffff7fbe0000)
	/lib/ld-linux-aarch64.so.1 (0x0000ffff8172a000)
	libruntime.so => /usr/local/Ascend/ascend-toolkit/latest/lib64/libruntime.so (0x0000ffff7fb10000)
	liberror_manager.so => /usr/local/Ascend/ascend-toolkit/latest/lib64/liberror_manager.so (0x0000ffff7fa90000)
	libprofapi.so => /usr/local/Ascend/ascend-toolkit/latest/lib64/libprofapi.so (0x0000ffff7fa50000)
	libascendalog.so => /usr/local/Ascend/ascend-toolkit/latest/lib64/libascendalog.so (0x0000ffff7fa00000)
	libmmpa.so => /usr/local/Ascend/ascend-toolkit/latest/lib64/libmmpa.so (0x0000ffff7f9d0000)
	libascend_dump.so => /usr/local/Ascend/ascend-toolkit/latest/lib64/libascend_dump.so (0x0000ffff7f890000)
	libc_sec.so => /usr/local/Ascend/ascend-toolkit/latest/lib64/libc_sec.so (0x0000ffff7f850000)
	libstdc++.so.6 => /lib/aarch64-linux-gnu/libstdc++.so.6 (0x0000ffff7f620000)
	libmsprofiler.so => /usr/local/Ascend/ascend-toolkit/latest/lib64/libmsprofiler.so (0x0000ffff7f270000)
	libgert.so => /usr/local/Ascend/ascend-toolkit/latest/lib64/libgert.so (0x0000ffff7ea10000)
	libascendcl_impl.so => /usr/local/Ascend/ascend-toolkit/latest/lib64/libascendcl_impl.so (0x0000ffff7e950000)
	librt.so.1 => /lib/aarch64-linux-gnu/librt.so.1 (0x0000ffff7e930000)
	libdl.so.2 => /lib/aarch64-linux-gnu/libdl.so.2 (0x0000ffff7e910000)
	libge_executor.so => /usr/local/Ascend/ascend-toolkit/latest/lib64/libge_executor.so (0x0000ffff7e800000)
	libgraph.so => /usr/local/Ascend/ascend-toolkit/latest/lib64/libgraph.so (0x0000ffff7e5e0000)
	libascend_watchdog.so => /usr/local/Ascend/ascend-toolkit/latest/lib64/libascend_watchdog.so (0x0000ffff7e5b0000)
	libascend_protobuf.so.3.13.0.0 => /usr/local/Ascend/ascend-toolkit/latest/lib64/libascend_protobuf.so.3.13.0.0 (0x0000ffff7e080000)
	libpthread.so.0 => /lib/aarch64-linux-gnu/libpthread.so.0 (0x0000ffff7e060000)
	libopp_registry.so => /usr/local/Ascend/ascend-toolkit/latest/lib64/libopp_registry.so (0x0000ffff7dfd0000)
	libmetadef.so => /usr/local/Ascend/ascend-toolkit/latest/lib64/libmetadef.so (0x0000ffff7de90000)
	libruntime_common.so => /usr/local/Ascend/ascend-toolkit/latest/lib64/libruntime_common.so (0x0000ffff7de30000)
	libascend_hal.so => /usr/local/Ascend/driver/lib64/driver/libascend_hal.so (0x0000ffff7d9c0000)
	libhybrid_executor.so => /usr/local/Ascend/ascend-toolkit/latest/lib64/libhybrid_executor.so (0x0000ffff7d560000)
	libdavinci_executor.so => /usr/local/Ascend/ascend-toolkit/latest/lib64/libdavinci_executor.so (0x0000ffff7d080000)
	libge_common.so => /usr/local/Ascend/ascend-toolkit/latest/lib64/libge_common.so (0x0000ffff7cf40000)
	libge_common_base.so => /usr/local/Ascend/ascend-toolkit/latest/lib64/libge_common_base.so (0x0000ffff7c990000)
	libexe_graph.so => /usr/local/Ascend/ascend-toolkit/latest/lib64/libexe_graph.so (0x0000ffff7c930000)
	liblowering.so => /usr/local/Ascend/ascend-toolkit/latest/lib64/liblowering.so (0x0000ffff7c840000)
	libascend_trace.so => /usr/local/Ascend/ascend-toolkit/latest/lib64/libascend_trace.so (0x0000ffff7be00000)
