PROFILE_START_UTC=2026-10-09T04:41:54Z
HOST=hwnput3
DEVICE_ID=0
SHAPE=128x12288
DTYPE=BF16
RUNNER=r10_probe_timing diagnose
	NPU ID                         : 0
	Chip Count                     : 1

	DDR Capacity(MB)               : 0
	DDR Usage Rate(%)              : 0
	DDR Hugepages Total(page)      : 0
	DDR Hugepages Usage Rate(%)    : 0
	HBM Capacity(MB)               : 65536
	HBM Usage Rate(%)              : 22
	Aicore Usage Rate(%)           : 2
	Aivector Usage Rate(%)         : 8
	Aicpu Usage Rate(%)            : 0
	Ctrlcpu Usage Rate(%)          : 4
	DDR Bandwidth Usage Rate(%)    : 0
	HBM Bandwidth Usage Rate(%)    : 1
	Chip ID                        : 0

HOST_LOADAVG=30.39 35.15 46.38 17/16098 1395479
[INFO] Start profiling...
RESOURCE stage=before_allocation free_hbm_mb=50646.000000 total_hbm_mb=62420.000000
PROBE mode=diagnose device=0 rows=128 width=12288 dtype=2 availableCoreNum=40 predicted_parent_blocks=40 predicted_candidate_blocks=32 resident_rows=2 max_rows=4 guard=ON output_address=0x12c041a00000 epsilon=9.99999975e-06
LIBRARIES parent_path=libr10_parent.so parent_base=0xffff7f800000 parent_function=0xffff7f849f70 candidate_path=libr10_candidate.so candidate_base=0xffff7f760000 candidate_function=0xffff7f7aa000
ADDRESSES x=0x12c041200000 residual=0x12c041600000 gamma=0x12c0c0013000 bias=0x12c0c001a000 output_A=0x12c041a00000 output_B=0x12c041e00000 stream=0xaaab06d55680
CORRECTNESS side=PRE_P_A reference=CPU_FP64 failures=0 nonfinite=0 elements=1572864 max_abs=0.0078120810018278419 require_all=YES result=PASS
CORRECTNESS side=PRE_P_B reference=CPU_FP64 failures=0 nonfinite=0 elements=1572864 max_abs=0.0078120810018278419 require_all=YES result=PASS
CORRECTNESS side=PRE_C_A reference=CPU_FP64 failures=0 nonfinite=0 elements=1572864 max_abs=0.0078120810018278419 require_all=YES result=PASS
CORRECTNESS side=PRE_C_B reference=CPU_FP64 failures=0 nonfinite=0 elements=1572864 max_abs=0.0078120810018278419 require_all=YES result=PASS
RESOURCE stage=before_diagnostic free_hbm_mb=50629.937500 total_hbm_mb=62420.000000
DIAGNOSTIC_PHASE phase=PP output_A=0x12c041a00000 output_B=0x12c041e00000 parent_base=0xffff7f800000 candidate_base=0xffff7f760000 start_event=0xaaab06d4cec0 stop_event=0xaaab06d1ce70 next_ordinal=125
DIAGNOSTIC_SAMPLES phase=PP count=256 probes=128 conditioners=128 blocks=2 cells=32 warmup_per_library=60 raw_flush=AFTER_PHASE first_ordinal=125 last_ordinal=380
DIAGNOSTIC_PHASE phase=PC output_A=0x12c041a00000 output_B=0x12c041e00000 parent_base=0xffff7f800000 candidate_base=0xffff7f760000 start_event=0xaaab06d4cec0 stop_event=0xaaab06d1ce70 next_ordinal=501
DIAGNOSTIC_SAMPLES phase=PC count=256 probes=128 conditioners=128 blocks=2 cells=32 warmup_per_library=60 raw_flush=AFTER_PHASE first_ordinal=501 last_ordinal=756
CORRECTNESS side=POST_A reference=CPU_FP64 failures=0 nonfinite=0 elements=1572864 max_abs=0.0078120810018278419 require_all=YES result=PASS
CORRECTNESS side=POST_B reference=CPU_FP64 failures=0 nonfinite=0 elements=1572864 max_abs=0.0078120810018278419 require_all=YES result=PASS
RESOURCE stage=after_diagnostic free_hbm_mb=50629.937500 total_hbm_mb=62420.000000
RUN_COMPLETE result=0 host_launch_calls=756 RUNNING_DEVICE_OPERATION=NONE
[INFO] Start export data in PROF_000001_20261009044156740_OILAEKDJLKQJAEAB.
Fri 09 Oct 2026 04:42:03 [INFO] [MSVP] [1396545] msprof_common.py: Start analyzing data in "/home/data4t2/lelinfeng/cann/w4/R10-active-core-d-aware-x/V002/results/qualification-device0-round2/target-capture/PROF_000001_20261009044156740_OILAEKDJLKQJAEAB/host" ...
Fri 09 Oct 2026 04:42:03 [INFO] [MSVP] [1396545] msprof_common.py: It may take few minutes, please be patient ...
Fri 09 Oct 2026 04:42:03 [INFO] [MSVP] [1396545] msprof_common.py: Analysis data in "/home/data4t2/lelinfeng/cann/w4/R10-active-core-d-aware-x/V002/results/qualification-device0-round2/target-capture/PROF_000001_20261009044156740_OILAEKDJLKQJAEAB/host" finished.
Fri 09 Oct 2026 04:42:03 [INFO] [MSVP] [1396545] msprof_common.py: Start analyzing data in "/home/data4t2/lelinfeng/cann/w4/R10-active-core-d-aware-x/V002/results/qualification-device0-round2/target-capture/PROF_000001_20261009044156740_OILAEKDJLKQJAEAB/device_0" ...
Fri 09 Oct 2026 04:42:03 [INFO] [MSVP] [1396545] msprof_common.py: It may take few minutes, please be patient ...
Fri 09 Oct 2026 04:42:03 [INFO] [MSVP] [1396545] msprof_common.py: Analysis data in "/home/data4t2/lelinfeng/cann/w4/R10-active-core-d-aware-x/V002/results/qualification-device0-round2/target-capture/PROF_000001_20261009044156740_OILAEKDJLKQJAEAB/device_0" finished.
Fri 09 Oct 2026 04:42:04 [INFO] [MSVP] [1396545] msprof_export.py: All collected data will be exported, path is: /home/data4t2/lelinfeng/cann/w4/R10-active-core-d-aware-x/V002/results/qualification-device0-round2/target-capture/PROF_000001_20261009044156740_OILAEKDJLKQJAEAB/device_0.
Fri 09 Oct 2026 04:42:04 [INFO] [MSVP] [1396545] msprof_export.py: There is no timeline data to export for "/home/data4t2/lelinfeng/cann/w4/R10-active-core-d-aware-x/V002/results/qualification-device0-round2/target-capture/PROF_000001_20261009044156740_OILAEKDJLKQJAEAB/host"
Fri 09 Oct 2026 04:42:05 [INFO] [MSVP] [1396949] msprof_export.py: The data in "/home/data4t2/lelinfeng/cann/w4/R10-active-core-d-aware-x/V002/results/qualification-device0-round2/target-capture/PROF_000001_20261009044156740_OILAEKDJLKQJAEAB/host" has been analyzed. Parsing phase will be skipped.
Fri 09 Oct 2026 04:42:05 [INFO] [MSVP] [1396949] msprof_export.py: The data in "/home/data4t2/lelinfeng/cann/w4/R10-active-core-d-aware-x/V002/results/qualification-device0-round2/target-capture/PROF_000001_20261009044156740_OILAEKDJLKQJAEAB/device_0" has been analyzed. Parsing phase will be skipped.
Fri 09 Oct 2026 04:42:05 [INFO] [MSVP] [1396949] msprof_export.py: All collected data will be exported, path is: /home/data4t2/lelinfeng/cann/w4/R10-active-core-d-aware-x/V002/results/qualification-device0-round2/target-capture/PROF_000001_20261009044156740_OILAEKDJLKQJAEAB/device_0.
Fri 09 Oct 2026 04:42:05 [INFO] [MSVP] [1396949] msprof_export.py: There is no summary data to export for "/home/data4t2/lelinfeng/cann/w4/R10-active-core-d-aware-x/V002/results/qualification-device0-round2/target-capture/PROF_000001_20261009044156740_OILAEKDJLKQJAEAB/host"
Fri 09 Oct 2026 04:42:05 [INFO] [MSVP] [1396949] msprof_export.py: All collected data will be exported, path is: /home/data4t2/lelinfeng/cann/w4/R10-active-core-d-aware-x/V002/results/qualification-device0-round2/target-capture/PROF_000001_20261009044156740_OILAEKDJLKQJAEAB/device_0.
Fri 09 Oct 2026 04:42:05 [INFO] [MSVP] [1396949] msprof_export.py: There is no summary data to export for "/home/data4t2/lelinfeng/cann/w4/R10-active-core-d-aware-x/V002/results/qualification-device0-round2/target-capture/PROF_000001_20261009044156740_OILAEKDJLKQJAEAB/device_0"
Fri 09 Oct 2026 04:42:05 [INFO] [MSVP] [1396949] msprof_common.py: Start exporting summary output_file.
Fri 09 Oct 2026 04:42:05 [INFO] [MSVP] [1396949] msprof_common.py: End exporting summary output_file.The file is stored in the /home/data4t2/lelinfeng/cann/w4/R10-active-core-d-aware-x/V002/results/qualification-device0-round2/target-capture/PROF_000001_20261009044156740_OILAEKDJLKQJAEAB/mindstudio_profiler_output path.
[INFO] Export all data in PROF_000001_20261009044156740_OILAEKDJLKQJAEAB done.
[INFO] Start query data in PROF_000001_20261009044156740_OILAEKDJLKQJAEAB.
Job Info	Device ID	Dir Name	Collection Time           	Model ID	Iteration Number	Top Time Iteration	Rank ID	

NA      	         	host    	2026-10-09 04:41:56.744612	N/A     	N/A             	N/A               	-1     	

NA      	0        	device_0	2026-10-09 04:41:57.177764	N/A     	N/A             	N/A               	-1     	

[INFO] Query all data in PROF_000001_20261009044156740_OILAEKDJLKQJAEAB done.
[INFO] Profiling finished.
[INFO] Process profiling data complete. Data is saved in /home/data4t2/lelinfeng/cann/w4/R10-active-core-d-aware-x/V002/results/qualification-device0-round2/target-capture/PROF_000001_20261009044156740_OILAEKDJLKQJAEAB
PROFILE_END_UTC=2026-10-09T04:42:06Z
HOST=hwnput3
DEVICE_ID=0
	NPU ID                         : 0
	Chip Count                     : 1

	DDR Capacity(MB)               : 0
	DDR Usage Rate(%)              : 0
	DDR Hugepages Total(page)      : 0
	DDR Hugepages Usage Rate(%)    : 0
	HBM Capacity(MB)               : 65536
	HBM Usage Rate(%)              : 22
	Aicore Usage Rate(%)           : 9
	Aivector Usage Rate(%)         : 16
	Aicpu Usage Rate(%)            : 0
	Ctrlcpu Usage Rate(%)          : 4
	DDR Bandwidth Usage Rate(%)    : 0
	HBM Bandwidth Usage Rate(%)    : 6
	Chip ID                        : 0

HOST_LOADAVG=56.03 40.80 48.06 19/16072 1397205
RUNNING_DEVICE_OPERATION=NONE
