PROFILE_START_UTC=2026-10-09T04:41:47Z
ROUTE=W4-R10
REVISION=V002
DEVICE_ID=0
FREE_HBM_MB=51118
	NPU ID                         : 0
	Chip Count                     : 1

	DDR Capacity(MB)               : 0
	DDR Usage Rate(%)              : 0
	DDR Hugepages Total(page)      : 0
	DDR Hugepages Usage Rate(%)    : 0
	HBM Capacity(MB)               : 65536
	HBM Usage Rate(%)              : 22
	Aicore Usage Rate(%)           : 10
	Aivector Usage Rate(%)         : 7
	Aicpu Usage Rate(%)            : 0
	Ctrlcpu Usage Rate(%)          : 4
	DDR Bandwidth Usage Rate(%)    : 0
	HBM Bandwidth Usage Rate(%)    : 7
	Chip ID                        : 0

HOST_LOADAVG=30.69 35.29 46.48 19/16088 1394905
