ROUTE=SYNC-BARRIER-ELISION-X
REVISION=V040
PARENT=R31B-V011
DEVICE=3
SHAPE=fp16-8x128
WARMUPS=60
PAIRS=31
ORDER=alternating P,C then C,P
METHOD=ACL device event latency plus wall-clock diagnostics
HOST=hwnput3
USER=lelinfeng
START_UTC=2026-10-07T21:30:05Z
COMMAND=/tmp/sync-barrier-elision-v040.jA4F03/sync_barrier_elision_correctness 3 --local

===== PRE-RUN DEVICE SNAPSHOT =====
+------------------------------------------------------------------------------------------------+
| npu-smi 25.0.rc1.1               Version: 25.0.rc1.1                                           |
+---------------------------+---------------+----------------------------------------------------+
| NPU   Name                | Health        | Power(W)    Temp(C)           Hugepages-Usage(page)|
| Chip                      | Bus-Id        | AICore(%)   Memory-Usage(MB)  HBM-Usage(MB)        |
+===========================+===============+====================================================+
| 0     910B3               | OK            | 92.2        35                0    / 0             |
| 0                         | 0000:C1:00.0  | 0           0    / 0          3432 / 65536         |
+===========================+===============+====================================================+
| 1     910B3               | OK            | 101.6       37                0    / 0             |
| 0                         | 0000:C2:00.0  | 1           0    / 0          9174 / 65536         |
+===========================+===============+====================================================+
| 2     910B3               | OK            | 131.1       39                0    / 0             |
| 0                         | 0000:81:00.0  | 15          0    / 0          7456 / 65536         |
+===========================+===============+====================================================+
| 3     910B3               | OK            | 92.3        35                0    / 0             |
| 0                         | 0000:82:00.0  | 0           0    / 0          3426 / 65536         |
+===========================+===============+====================================================+
| 4     910B3               | OK            | 196.5       60                0    / 0             |
| 0                         | 0000:01:00.0  | 64          0    / 0          59192/ 65536         |
+===========================+===============+====================================================+
| 5     910B3               | OK            | 171.8       54                0    / 0             |
| 0                         | 0000:02:00.0  | 45          0    / 0          60221/ 65536         |
+===========================+===============+====================================================+
| 6     910B3               | OK            | 168.6       53                0    / 0             |
| 0                         | 0000:41:00.0  | 44          0    / 0          60222/ 65536         |
+===========================+===============+====================================================+
| 7     910B3               | OK            | 148.9       43                0    / 0             |
| 0                         | 0000:42:00.0  | 45          0    / 0          24790/ 65536         |
+===========================+===============+====================================================+
+---------------------------+---------------+----------------------------------------------------+
| NPU     Chip              | Process id    | Process name             | Process memory(MB)      |
+===========================+===============+====================================================+
| No running processes found in NPU 0                                                            |
+===========================+===============+====================================================+
| 1       0                 | 3150467       | python                   | 5746                    |
+===========================+===============+====================================================+
| 2       0                 | 1935458       | python                   | 4088                    |
+===========================+===============+====================================================+
| No running processes found in NPU 3                                                            |
+===========================+===============+====================================================+
| 4       0                 | 2999855       | VLLMEngineCor            | 55666                   |
+===========================+===============+====================================================+
| 5       0                 | 89602         | VLLMWorker_TP            | 56700                   |
+===========================+===============+====================================================+
| 6       0                 | 91228         | VLLMWorker_TP            | 56701                   |
+===========================+===============+====================================================+
| 7       0                 | 439848        | python3                  | 21260                   |
+===========================+===============+====================================================+

===== LOCAL RAW SAMPLES =====
LOCAL_SAMPLE case=fp16-8x128 pair=01 order=P,C parent_device_us=30.7000 candidate_device_us=23.2000 parent_wall_us=168.1290 candidate_wall_us=84.2800 paired_delta_us=-7.5000
LOCAL_SAMPLE case=fp16-8x128 pair=02 order=C,P parent_device_us=23.3000 candidate_device_us=27.2400 parent_wall_us=92.5890 candidate_wall_us=94.8900 paired_delta_us=3.9400
LOCAL_SAMPLE case=fp16-8x128 pair=03 order=P,C parent_device_us=5.5000 candidate_device_us=6.1800 parent_wall_us=76.1600 candidate_wall_us=73.5400 paired_delta_us=0.6800
LOCAL_SAMPLE case=fp16-8x128 pair=04 order=C,P parent_device_us=7.4800 candidate_device_us=8.0000 parent_wall_us=76.7800 candidate_wall_us=67.6190 paired_delta_us=0.5200
LOCAL_SAMPLE case=fp16-8x128 pair=05 order=P,C parent_device_us=3.9600 candidate_device_us=20.9800 parent_wall_us=93.8300 candidate_wall_us=77.7090 paired_delta_us=17.0200
LOCAL_SAMPLE case=fp16-8x128 pair=06 order=C,P parent_device_us=31.3600 candidate_device_us=7.2400 parent_wall_us=97.7800 candidate_wall_us=75.2400 paired_delta_us=-24.1200
LOCAL_SAMPLE case=fp16-8x128 pair=07 order=P,C parent_device_us=18.0000 candidate_device_us=6.0200 parent_wall_us=75.6100 candidate_wall_us=69.7500 paired_delta_us=-11.9800
LOCAL_SAMPLE case=fp16-8x128 pair=08 order=C,P parent_device_us=4.7200 candidate_device_us=4.3200 parent_wall_us=74.3400 candidate_wall_us=73.3000 paired_delta_us=-0.4000
LOCAL_SAMPLE case=fp16-8x128 pair=09 order=P,C parent_device_us=5.8400 candidate_device_us=6.7000 parent_wall_us=69.4890 candidate_wall_us=88.1700 paired_delta_us=0.8600
LOCAL_SAMPLE case=fp16-8x128 pair=10 order=C,P parent_device_us=8.0400 candidate_device_us=24.7600 parent_wall_us=71.0200 candidate_wall_us=79.0900 paired_delta_us=16.7200
LOCAL_SAMPLE case=fp16-8x128 pair=11 order=P,C parent_device_us=27.0000 candidate_device_us=6.7000 parent_wall_us=72.1190 candidate_wall_us=71.7800 paired_delta_us=-20.3000
LOCAL_SAMPLE case=fp16-8x128 pair=12 order=C,P parent_device_us=6.4200 candidate_device_us=8.3200 parent_wall_us=69.5990 candidate_wall_us=76.5600 paired_delta_us=1.9000
LOCAL_SAMPLE case=fp16-8x128 pair=13 order=P,C parent_device_us=5.9200 candidate_device_us=7.3400 parent_wall_us=74.8600 candidate_wall_us=74.4900 paired_delta_us=1.4200
LOCAL_SAMPLE case=fp16-8x128 pair=14 order=C,P parent_device_us=4.4200 candidate_device_us=6.4200 parent_wall_us=72.0190 candidate_wall_us=75.1500 paired_delta_us=2.0000
LOCAL_SAMPLE case=fp16-8x128 pair=15 order=P,C parent_device_us=4.9600 candidate_device_us=24.8600 parent_wall_us=74.9100 candidate_wall_us=69.2500 paired_delta_us=19.9000
LOCAL_SAMPLE case=fp16-8x128 pair=16 order=C,P parent_device_us=30.9800 candidate_device_us=7.8000 parent_wall_us=80.4700 candidate_wall_us=74.0100 paired_delta_us=-23.1800
LOCAL_SAMPLE case=fp16-8x128 pair=17 order=P,C parent_device_us=6.3200 candidate_device_us=18.3000 parent_wall_us=73.5900 candidate_wall_us=79.9100 paired_delta_us=11.9800
LOCAL_SAMPLE case=fp16-8x128 pair=18 order=C,P parent_device_us=6.4600 candidate_device_us=7.0400 parent_wall_us=73.2100 candidate_wall_us=70.0490 paired_delta_us=0.5800
LOCAL_SAMPLE case=fp16-8x128 pair=19 order=P,C parent_device_us=6.4400 candidate_device_us=21.6200 parent_wall_us=71.2100 candidate_wall_us=69.1000 paired_delta_us=15.1800
LOCAL_SAMPLE case=fp16-8x128 pair=20 order=C,P parent_device_us=7.0200 candidate_device_us=6.7000 parent_wall_us=72.7900 candidate_wall_us=71.7390 paired_delta_us=-0.3200
LOCAL_SAMPLE case=fp16-8x128 pair=21 order=P,C parent_device_us=4.5000 candidate_device_us=22.2000 parent_wall_us=70.6300 candidate_wall_us=71.0190 paired_delta_us=17.7000
LOCAL_SAMPLE case=fp16-8x128 pair=22 order=C,P parent_device_us=7.0000 candidate_device_us=3.8000 parent_wall_us=70.7200 candidate_wall_us=73.6400 paired_delta_us=-3.2000
LOCAL_SAMPLE case=fp16-8x128 pair=23 order=P,C parent_device_us=4.2600 candidate_device_us=8.2600 parent_wall_us=62.3000 candidate_wall_us=70.1690 paired_delta_us=4.0000
LOCAL_SAMPLE case=fp16-8x128 pair=24 order=C,P parent_device_us=6.9800 candidate_device_us=25.3000 parent_wall_us=60.6100 candidate_wall_us=80.6100 paired_delta_us=18.3200
LOCAL_SAMPLE case=fp16-8x128 pair=25 order=P,C parent_device_us=3.5400 candidate_device_us=19.7000 parent_wall_us=74.0900 candidate_wall_us=69.7790 paired_delta_us=16.1600
LOCAL_SAMPLE case=fp16-8x128 pair=26 order=C,P parent_device_us=17.2200 candidate_device_us=4.1400 parent_wall_us=67.3600 candidate_wall_us=70.5300 paired_delta_us=-13.0800
LOCAL_SAMPLE case=fp16-8x128 pair=27 order=P,C parent_device_us=22.3600 candidate_device_us=16.8200 parent_wall_us=70.2100 candidate_wall_us=69.7690 paired_delta_us=-5.5400
LOCAL_SAMPLE case=fp16-8x128 pair=28 order=C,P parent_device_us=41.4400 candidate_device_us=5.3800 parent_wall_us=110.4800 candidate_wall_us=72.8300 paired_delta_us=-36.0600
LOCAL_SAMPLE case=fp16-8x128 pair=29 order=P,C parent_device_us=5.0200 candidate_device_us=7.1000 parent_wall_us=78.2390 candidate_wall_us=71.8100 paired_delta_us=2.0800
LOCAL_SAMPLE case=fp16-8x128 pair=30 order=C,P parent_device_us=7.1400 candidate_device_us=13.0600 parent_wall_us=75.6990 candidate_wall_us=119.6300 paired_delta_us=5.9200
LOCAL_SAMPLE case=fp16-8x128 pair=31 order=P,C parent_device_us=17.1600 candidate_device_us=7.4400 parent_wall_us=73.2400 candidate_wall_us=74.3400 paired_delta_us=-9.7200
LOCAL_STATS case=fp16-8x128 metric=device_us binary=PARENT_R31B_V011 n=31 median=6.9800 mean=12.3052 stdev=10.5459 cv=0.85703 min=3.5400 max=41.4400 mad=2.2600 p10=4.4200 p90=30.7000
LOCAL_STATS case=fp16-8x128 metric=device_us binary=CANDIDATE_V040 n=31 median=7.8000 mean=12.3529 stdev=7.8556 cv=0.63593 min=3.8000 max=27.2400 mad=2.4200 p10=5.3800 p90=24.7600
LOCAL_STATS case=fp16-8x128 metric=wall_us binary=PARENT_R31B_V011 n=31 median=73.5900 mean=78.8414 stdev=19.4178 cv=0.24629 min=60.6100 max=168.1290 mad=2.8700 p10=69.4890 p90=93.8300
LOCAL_STATS case=fp16-8x128 metric=wall_us binary=CANDIDATE_V040 n=31 median=73.5400 mean=76.1210 stdev=10.0380 cv=0.13187 min=67.6190 max=119.6300 mad=3.3710 p10=69.7500 p90=84.2800
LOCAL_STATS case=fp16-8x128 metric=paired_delta_us binary=CANDIDATE_MINUS_PARENT n=31 median=0.8600 mean=0.0477 stdev=13.7472 cv=287.94753 min=-36.0600 max=19.9000 mad=8.3600 p10=-20.3000 p90=17.0200
LOCAL_RESULT route=SYNC-BARRIER-ELISION-X revision=V040 device=3 shape=8x128 dtype=fp16 samples=31 parent_median_us=6.9800 candidate_median_us=7.8000 local_delta_us=0.8600 local_score_percent=-12.320911 candidate_minus_parent_percent=12.320911
CORRECTNESS_SUMMARY result=PASS cases=5
RUNNER_RC=0

===== POST-RUN DEVICE SNAPSHOT =====
+------------------------------------------------------------------------------------------------+
| npu-smi 25.0.rc1.1               Version: 25.0.rc1.1                                           |
+---------------------------+---------------+----------------------------------------------------+
| NPU   Name                | Health        | Power(W)    Temp(C)           Hugepages-Usage(page)|
| Chip                      | Bus-Id        | AICore(%)   Memory-Usage(MB)  HBM-Usage(MB)        |
+===========================+===============+====================================================+
| 0     910B3               | OK            | 92.6        34                0    / 0             |
| 0                         | 0000:C1:00.0  | 0           0    / 0          3432 / 65536         |
+===========================+===============+====================================================+
| 1     910B3               | OK            | 99.7        37                0    / 0             |
| 0                         | 0000:C2:00.0  | 0           0    / 0          9174 / 65536         |
+===========================+===============+====================================================+
| 2     910B3               | OK            | 127.2       39                0    / 0             |
| 0                         | 0000:81:00.0  | 10          0    / 0          7456 / 65536         |
+===========================+===============+====================================================+
| 3     910B3               | OK            | 91.3        36                0    / 0             |
| 0                         | 0000:82:00.0  | 0           0    / 0          3428 / 65536         |
+===========================+===============+====================================================+
| 4     910B3               | OK            | 199.7       61                0    / 0             |
| 0                         | 0000:01:00.0  | 64          0    / 0          59192/ 65536         |
+===========================+===============+====================================================+
| 5     910B3               | OK            | 175.3       55                0    / 0             |
| 0                         | 0000:02:00.0  | 45          0    / 0          60222/ 65536         |
+===========================+===============+====================================================+
| 6     910B3               | OK            | 171.3       54                0    / 0             |
| 0                         | 0000:41:00.0  | 44          0    / 0          60221/ 65536         |
+===========================+===============+====================================================+
| 7     910B3               | OK            | 143.2       42                0    / 0             |
| 0                         | 0000:42:00.0  | 0           0    / 0          24790/ 65536         |
+===========================+===============+====================================================+
+---------------------------+---------------+----------------------------------------------------+
| NPU     Chip              | Process id    | Process name             | Process memory(MB)      |
+===========================+===============+====================================================+
| No running processes found in NPU 0                                                            |
+===========================+===============+====================================================+
| 1       0                 | 3150467       | python                   | 5746                    |
+===========================+===============+====================================================+
| 2       0                 | 1935458       | python                   | 4088                    |
+===========================+===============+====================================================+
| No running processes found in NPU 3                                                            |
+===========================+===============+====================================================+
| 4       0                 | 2999855       | VLLMEngineCor            | 55666                   |
+===========================+===============+====================================================+
| 5       0                 | 89602         | VLLMWorker_TP            | 56700                   |
+===========================+===============+====================================================+
| 6       0                 | 91228         | VLLMWorker_TP            | 56701                   |
+===========================+===============+====================================================+
| 7       0                 | 439848        | python3                  | 21260                   |
+===========================+===============+====================================================+
 21:30:14 up 242 days,  9:06, 33 users,  load average: 56.97, 57.01, 56.75
END_UTC=2026-10-07T21:30:14Z
