CASE_BEGIN name=fp16-tail-d12288 dtype=fp16 rows=2 width=12288 device=4 warmup_each=45 pairs=21 samples_per_binary=21
SAMPLE case=fp16-tail-d12288 pair=01 order=P,C parent_device_us=112.420 candidate_device_us=110.080 parent_wall_us=191.182 candidate_wall_us=167.972 paired_device_delta_us=-2.340
SAMPLE case=fp16-tail-d12288 pair=02 order=C,P parent_device_us=7.100 candidate_device_us=111.720 parent_wall_us=70.861 candidate_wall_us=164.883 paired_device_delta_us=104.620
SAMPLE case=fp16-tail-d12288 pair=03 order=P,C parent_device_us=6.220 candidate_device_us=5.540 parent_wall_us=135.272 candidate_wall_us=182.182 paired_device_delta_us=-0.680
SAMPLE case=fp16-tail-d12288 pair=04 order=C,P parent_device_us=7.280 candidate_device_us=7.200 parent_wall_us=184.512 candidate_wall_us=180.303 paired_device_delta_us=-0.080
SAMPLE case=fp16-tail-d12288 pair=05 order=P,C parent_device_us=5.660 candidate_device_us=5.400 parent_wall_us=185.202 candidate_wall_us=187.803 paired_device_delta_us=-0.260
SAMPLE case=fp16-tail-d12288 pair=06 order=C,P parent_device_us=7.540 candidate_device_us=7.060 parent_wall_us=187.252 candidate_wall_us=190.293 paired_device_delta_us=-0.480
SAMPLE case=fp16-tail-d12288 pair=07 order=P,C parent_device_us=6.040 candidate_device_us=5.640 parent_wall_us=185.803 candidate_wall_us=83.271 paired_device_delta_us=-0.400
SAMPLE case=fp16-tail-d12288 pair=08 order=C,P parent_device_us=7.380 candidate_device_us=7.460 parent_wall_us=106.081 candidate_wall_us=81.791 paired_device_delta_us=0.080
SAMPLE case=fp16-tail-d12288 pair=09 order=P,C parent_device_us=5.420 candidate_device_us=5.420 parent_wall_us=70.511 candidate_wall_us=102.342 paired_device_delta_us=0.000
SAMPLE case=fp16-tail-d12288 pair=10 order=C,P parent_device_us=7.360 candidate_device_us=7.340 parent_wall_us=160.572 candidate_wall_us=80.081 paired_device_delta_us=-0.020
SAMPLE case=fp16-tail-d12288 pair=11 order=P,C parent_device_us=5.600 candidate_device_us=5.380 parent_wall_us=171.543 candidate_wall_us=183.992 paired_device_delta_us=-0.220
SAMPLE case=fp16-tail-d12288 pair=12 order=C,P parent_device_us=5.800 candidate_device_us=5.420 parent_wall_us=182.832 candidate_wall_us=180.323 paired_device_delta_us=-0.380
SAMPLE case=fp16-tail-d12288 pair=13 order=P,C parent_device_us=5.580 candidate_device_us=5.900 parent_wall_us=183.683 candidate_wall_us=181.383 paired_device_delta_us=0.320
SAMPLE case=fp16-tail-d12288 pair=14 order=C,P parent_device_us=5.700 candidate_device_us=5.840 parent_wall_us=180.203 candidate_wall_us=180.022 paired_device_delta_us=0.140
SAMPLE case=fp16-tail-d12288 pair=15 order=P,C parent_device_us=5.580 candidate_device_us=5.320 parent_wall_us=197.533 candidate_wall_us=184.462 paired_device_delta_us=-0.260
SAMPLE case=fp16-tail-d12288 pair=16 order=C,P parent_device_us=5.640 candidate_device_us=5.640 parent_wall_us=85.191 candidate_wall_us=178.993 paired_device_delta_us=0.000
SAMPLE case=fp16-tail-d12288 pair=17 order=P,C parent_device_us=5.780 candidate_device_us=5.480 parent_wall_us=82.801 candidate_wall_us=107.392 paired_device_delta_us=-0.300
SAMPLE case=fp16-tail-d12288 pair=18 order=C,P parent_device_us=5.900 candidate_device_us=5.440 parent_wall_us=106.241 candidate_wall_us=73.301 paired_device_delta_us=-0.460
SAMPLE case=fp16-tail-d12288 pair=19 order=P,C parent_device_us=6.080 candidate_device_us=5.800 parent_wall_us=69.311 candidate_wall_us=115.131 paired_device_delta_us=-0.280
SAMPLE case=fp16-tail-d12288 pair=20 order=C,P parent_device_us=5.500 candidate_device_us=5.800 parent_wall_us=193.093 candidate_wall_us=183.593 paired_device_delta_us=0.300
SAMPLE case=fp16-tail-d12288 pair=21 order=P,C parent_device_us=5.860 candidate_device_us=5.680 parent_wall_us=188.982 candidate_wall_us=192.793 paired_device_delta_us=-0.180
PAIR_BLOCK case=fp16-tail-d12288 block=1 pairs=21 parent_median_us=5.860 candidate_median_us=5.680 paired_delta_median_us=-0.220
CORRECTNESS case=fp16-tail-d12288 binary=PARENT_V016 result=PASS failures=0 max_abs=0.0009765625 max_rel=0.0015923567
CORRECTNESS case=fp16-tail-d12288 binary=CAND_V017 result=PASS failures=0 max_abs=0.0009765625 max_rel=0.0015923567
SUMMARY case=fp16-tail-d12288 metric=device_us binary=PARENT_V016 n=21 median=5.860 mean=11.211 stdev=23.201 cv=2.06938 min=5.420 max=112.420 max_min=20.742 mad=0.280 p10=5.580 p90=7.380 spread=107.000 core_cv=0.03954
SUMMARY case=fp16-tail-d12288 metric=device_us binary=CAND_V017 n=21 median=5.680 mean=15.931 stdev=31.581 cv=1.98233 min=5.320 max=111.720 max_min=21.000 mad=0.260 p10=5.400 p90=7.460 spread=106.400 core_cv=0.03408
SUMMARY case=fp16-tail-d12288 metric=wall_us binary=PARENT_V016 n=21 median=180.203 mean=148.508 stdev=48.966 cv=0.32972 min=69.311 max=197.533 max_min=2.850 mad=12.890 p10=70.861 p90=191.182 spread=128.222 core_cv=0.05149
SUMMARY case=fp16-tail-d12288 metric=wall_us binary=CAND_V017 n=21 median=180.022 mean=151.538 stdev=44.514 cv=0.29375 min=73.301 max=192.793 max_min=2.630 mad=10.271 p10=81.791 p90=187.803 spread=119.492 core_cv=0.04145
SUMMARY case=fp16-tail-d12288 metric=paired_device_delta_us binary=CAND_V017_minus_PARENT_V016 n=21 median=-0.220 mean=4.720 stdev=22.896 cv=4.85091 min=-2.340 max=104.620 max_min=-44.709 mad=0.220 p10=-0.480 p90=0.300 spread=106.960 core_cv=0.00000
CASE_END name=fp16-tail-d12288 correctness=PASS
CASE_BEGIN name=fp16-wide-d32768 dtype=fp16 rows=2 width=32768 device=4 warmup_each=45 pairs=21 samples_per_binary=21
SAMPLE case=fp16-wide-d32768 pair=01 order=P,C parent_device_us=9.620 candidate_device_us=8.780 parent_wall_us=173.402 candidate_wall_us=130.251 paired_device_delta_us=-0.840
SAMPLE case=fp16-wide-d32768 pair=02 order=C,P parent_device_us=11.680 candidate_device_us=11.800 parent_wall_us=75.821 candidate_wall_us=92.731 paired_device_delta_us=0.120
SAMPLE case=fp16-wide-d32768 pair=03 order=P,C parent_device_us=9.380 candidate_device_us=8.400 parent_wall_us=68.901 candidate_wall_us=67.971 paired_device_delta_us=-0.980
SAMPLE case=fp16-wide-d32768 pair=04 order=C,P parent_device_us=62.960 candidate_device_us=11.780 parent_wall_us=106.171 candidate_wall_us=97.892 paired_device_delta_us=-51.180
SAMPLE case=fp16-wide-d32768 pair=05 order=P,C parent_device_us=18.700 candidate_device_us=18.680 parent_wall_us=68.231 candidate_wall_us=60.891 paired_device_delta_us=-0.020
SAMPLE case=fp16-wide-d32768 pair=06 order=C,P parent_device_us=11.260 candidate_device_us=11.280 parent_wall_us=204.282 candidate_wall_us=170.923 paired_device_delta_us=0.020
SAMPLE case=fp16-wide-d32768 pair=07 order=P,C parent_device_us=10.100 candidate_device_us=8.820 parent_wall_us=192.072 candidate_wall_us=189.283 paired_device_delta_us=-1.280
SAMPLE case=fp16-wide-d32768 pair=08 order=C,P parent_device_us=11.320 candidate_device_us=11.720 parent_wall_us=179.592 candidate_wall_us=182.723 paired_device_delta_us=0.400
SAMPLE case=fp16-wide-d32768 pair=09 order=P,C parent_device_us=9.460 candidate_device_us=8.420 parent_wall_us=177.923 candidate_wall_us=191.822 paired_device_delta_us=-1.040
SAMPLE case=fp16-wide-d32768 pair=10 order=C,P parent_device_us=12.080 candidate_device_us=11.260 parent_wall_us=87.651 candidate_wall_us=179.753 paired_device_delta_us=-0.820
SAMPLE case=fp16-wide-d32768 pair=11 order=P,C parent_device_us=9.040 candidate_device_us=9.040 parent_wall_us=68.081 candidate_wall_us=80.141 paired_device_delta_us=0.000
SAMPLE case=fp16-wide-d32768 pair=12 order=C,P parent_device_us=19.200 candidate_device_us=18.820 parent_wall_us=63.110 candidate_wall_us=62.840 paired_device_delta_us=-0.380
SAMPLE case=fp16-wide-d32768 pair=13 order=P,C parent_device_us=15.620 candidate_device_us=8.840 parent_wall_us=64.470 candidate_wall_us=67.230 paired_device_delta_us=-6.780
SAMPLE case=fp16-wide-d32768 pair=14 order=C,P parent_device_us=9.300 candidate_device_us=20.740 parent_wall_us=64.101 candidate_wall_us=67.691 paired_device_delta_us=11.440
SAMPLE case=fp16-wide-d32768 pair=15 order=P,C parent_device_us=9.620 candidate_device_us=8.380 parent_wall_us=67.501 candidate_wall_us=67.131 paired_device_delta_us=-1.240
SAMPLE case=fp16-wide-d32768 pair=16 order=C,P parent_device_us=9.400 candidate_device_us=8.720 parent_wall_us=79.081 candidate_wall_us=64.771 paired_device_delta_us=-0.680
SAMPLE case=fp16-wide-d32768 pair=17 order=P,C parent_device_us=9.200 candidate_device_us=14.500 parent_wall_us=112.871 candidate_wall_us=69.201 paired_device_delta_us=5.300
SAMPLE case=fp16-wide-d32768 pair=18 order=C,P parent_device_us=9.280 candidate_device_us=8.240 parent_wall_us=189.322 candidate_wall_us=169.893 paired_device_delta_us=-1.040
SAMPLE case=fp16-wide-d32768 pair=19 order=P,C parent_device_us=9.340 candidate_device_us=8.400 parent_wall_us=180.063 candidate_wall_us=185.232 paired_device_delta_us=-0.940
SAMPLE case=fp16-wide-d32768 pair=20 order=C,P parent_device_us=9.640 candidate_device_us=9.020 parent_wall_us=164.982 candidate_wall_us=180.742 paired_device_delta_us=-0.620
SAMPLE case=fp16-wide-d32768 pair=21 order=P,C parent_device_us=9.540 candidate_device_us=7.920 parent_wall_us=196.882 candidate_wall_us=205.003 paired_device_delta_us=-1.620
PAIR_BLOCK case=fp16-wide-d32768 block=1 pairs=21 parent_median_us=9.620 candidate_median_us=9.020 paired_delta_median_us=-0.820
CORRECTNESS case=fp16-wide-d32768 binary=PARENT_V016 result=PASS failures=0 max_abs=0.001953125 max_rel=0.010989011
CORRECTNESS case=fp16-wide-d32768 binary=CAND_V017 result=PASS failures=0 max_abs=0.001953125 max_rel=0.010989011
SUMMARY case=fp16-wide-d32768 metric=device_us binary=PARENT_V016 n=21 median=9.620 mean=13.607 stdev=11.702 cv=0.86001 min=9.040 max=62.960 max_min=6.965 mad=0.420 p10=9.280 p90=18.700 spread=53.920 core_cv=0.07111
SUMMARY case=fp16-wide-d32768 metric=device_us binary=CAND_V017 n=21 median=9.020 mean=11.122 stdev=3.875 cv=0.34841 min=7.920 max=20.740 max_min=2.619 mad=0.780 p10=8.380 p90=18.680 spread=12.820 core_cv=0.03962
SUMMARY case=fp16-wide-d32768 metric=wall_us binary=PARENT_V016 n=21 median=106.171 mean=123.072 stdev=56.262 cv=0.45714 min=63.110 max=204.282 max_min=3.237 mad=42.070 p10=64.470 p90=192.072 spread=141.172 core_cv=0.12778
SUMMARY case=fp16-wide-d32768 metric=wall_us binary=CAND_V017 n=21 median=97.892 mean=123.053 stdev=56.507 cv=0.45921 min=60.891 max=205.003 max_min=3.367 mad=35.052 p10=64.771 p90=189.283 spread=144.112 core_cv=0.10117
SUMMARY case=fp16-wide-d32768 metric=paired_device_delta_us binary=CAND_V017_minus_PARENT_V016 n=21 median=-0.820 mean=-2.485 stdev=11.634 cv=-4.68216 min=-51.180 max=11.440 max_min=-0.224 mad=0.460 p10=-1.620 p90=0.400 spread=62.620 core_cv=0.00000
CASE_END name=fp16-wide-d32768 correctness=PASS
CASE_BEGIN name=bf16-tail-d12288 dtype=bf16 rows=2 width=12288 device=4 warmup_each=45 pairs=21 samples_per_binary=21
SAMPLE case=bf16-tail-d12288 pair=01 order=P,C parent_device_us=6.620 candidate_device_us=6.420 parent_wall_us=194.083 candidate_wall_us=71.091 paired_device_delta_us=-0.200
SAMPLE case=bf16-tail-d12288 pair=02 order=C,P parent_device_us=7.820 candidate_device_us=7.040 parent_wall_us=182.213 candidate_wall_us=159.302 paired_device_delta_us=-0.780
SAMPLE case=bf16-tail-d12288 pair=03 order=P,C parent_device_us=6.900 candidate_device_us=6.020 parent_wall_us=178.062 candidate_wall_us=184.633 paired_device_delta_us=-0.880
SAMPLE case=bf16-tail-d12288 pair=04 order=C,P parent_device_us=7.100 candidate_device_us=6.800 parent_wall_us=94.321 candidate_wall_us=169.222 paired_device_delta_us=-0.300
SAMPLE case=bf16-tail-d12288 pair=05 order=P,C parent_device_us=6.280 candidate_device_us=6.540 parent_wall_us=105.851 candidate_wall_us=194.192 paired_device_delta_us=0.260
SAMPLE case=bf16-tail-d12288 pair=06 order=C,P parent_device_us=7.240 candidate_device_us=7.140 parent_wall_us=103.382 candidate_wall_us=149.012 paired_device_delta_us=-0.100
SAMPLE case=bf16-tail-d12288 pair=07 order=P,C parent_device_us=6.080 candidate_device_us=6.360 parent_wall_us=154.092 candidate_wall_us=151.172 paired_device_delta_us=0.280
SAMPLE case=bf16-tail-d12288 pair=08 order=C,P parent_device_us=6.880 candidate_device_us=15.240 parent_wall_us=133.731 candidate_wall_us=73.131 paired_device_delta_us=8.360
SAMPLE case=bf16-tail-d12288 pair=09 order=P,C parent_device_us=6.800 candidate_device_us=6.420 parent_wall_us=176.823 candidate_wall_us=181.532 paired_device_delta_us=-0.380
SAMPLE case=bf16-tail-d12288 pair=10 order=C,P parent_device_us=7.060 candidate_device_us=7.280 parent_wall_us=197.913 candidate_wall_us=147.952 paired_device_delta_us=0.220
SAMPLE case=bf16-tail-d12288 pair=11 order=P,C parent_device_us=6.340 candidate_device_us=6.320 parent_wall_us=70.711 candidate_wall_us=159.952 paired_device_delta_us=-0.020
SAMPLE case=bf16-tail-d12288 pair=12 order=C,P parent_device_us=6.480 candidate_device_us=6.220 parent_wall_us=179.723 candidate_wall_us=215.443 paired_device_delta_us=-0.260
SAMPLE case=bf16-tail-d12288 pair=13 order=P,C parent_device_us=6.540 candidate_device_us=6.260 parent_wall_us=177.902 candidate_wall_us=151.342 paired_device_delta_us=-0.280
SAMPLE case=bf16-tail-d12288 pair=14 order=C,P parent_device_us=6.760 candidate_device_us=6.160 parent_wall_us=124.342 candidate_wall_us=75.011 paired_device_delta_us=-0.600
SAMPLE case=bf16-tail-d12288 pair=15 order=P,C parent_device_us=6.800 candidate_device_us=6.580 parent_wall_us=69.751 candidate_wall_us=151.792 paired_device_delta_us=-0.220
SAMPLE case=bf16-tail-d12288 pair=16 order=C,P parent_device_us=6.720 candidate_device_us=6.280 parent_wall_us=185.343 candidate_wall_us=174.392 paired_device_delta_us=-0.440
SAMPLE case=bf16-tail-d12288 pair=17 order=P,C parent_device_us=6.460 candidate_device_us=6.260 parent_wall_us=187.723 candidate_wall_us=73.451 paired_device_delta_us=-0.200
SAMPLE case=bf16-tail-d12288 pair=18 order=C,P parent_device_us=6.200 candidate_device_us=6.060 parent_wall_us=200.433 candidate_wall_us=134.142 paired_device_delta_us=-0.140
SAMPLE case=bf16-tail-d12288 pair=19 order=P,C parent_device_us=6.200 candidate_device_us=5.920 parent_wall_us=188.902 candidate_wall_us=192.693 paired_device_delta_us=-0.280
SAMPLE case=bf16-tail-d12288 pair=20 order=C,P parent_device_us=6.800 candidate_device_us=97.020 parent_wall_us=84.541 candidate_wall_us=143.392 paired_device_delta_us=90.220
SAMPLE case=bf16-tail-d12288 pair=21 order=P,C parent_device_us=6.620 candidate_device_us=6.160 parent_wall_us=155.002 candidate_wall_us=170.682 paired_device_delta_us=-0.460
PAIR_BLOCK case=bf16-tail-d12288 block=1 pairs=21 parent_median_us=6.720 candidate_median_us=6.360 paired_delta_median_us=-0.220
CORRECTNESS case=bf16-tail-d12288 binary=PARENT_V016 result=PASS failures=0 max_abs=0.0078125 max_rel=0.0073529412
CORRECTNESS case=bf16-tail-d12288 binary=CAND_V017 result=PASS failures=0 max_abs=0.0078125 max_rel=0.0073529412
SUMMARY case=bf16-tail-d12288 metric=device_us binary=PARENT_V016 n=21 median=6.720 mean=6.700 stdev=0.405 cv=0.06041 min=6.080 max=7.820 max_min=1.286 mad=0.240 p10=6.200 p90=7.100 spread=1.740 core_cv=0.06041
SUMMARY case=bf16-tail-d12288 metric=device_us binary=CAND_V017 n=21 median=6.360 mean=11.167 stdev=19.768 cv=1.77029 min=5.920 max=97.020 max_min=16.389 mad=0.200 p10=6.060 p90=7.280 spread=91.100 core_cv=0.05933
SUMMARY case=bf16-tail-d12288 metric=wall_us binary=PARENT_V016 n=21 median=176.823 mean=149.754 stdev=44.929 cv=0.30002 min=69.751 max=200.433 max_min=2.874 mad=21.821 p10=84.541 p90=194.083 spread=130.682 core_cv=0.07793
SUMMARY case=bf16-tail-d12288 metric=wall_us binary=CAND_V017 n=21 median=151.792 mean=148.740 stdev=42.262 cv=0.28414 min=71.091 max=215.443 max_min=3.031 mad=18.890 p10=73.451 p90=192.693 spread=144.352 core_cv=0.08613
SUMMARY case=bf16-tail-d12288 metric=paired_device_delta_us binary=CAND_V017_minus_PARENT_V016 n=21 median=-0.220 mean=4.467 stdev=19.740 cv=4.41945 min=-0.880 max=90.220 max_min=-102.523 mad=0.200 p10=-0.600 p90=0.280 spread=91.100 core_cv=0.00000
CASE_END name=bf16-tail-d12288 correctness=PASS
CASE_BEGIN name=bf16-wide-d32768 dtype=bf16 rows=2 width=32768 device=4 warmup_each=45 pairs=21 samples_per_binary=21
SAMPLE case=bf16-wide-d32768 pair=01 order=P,C parent_device_us=14.180 candidate_device_us=11.920 parent_wall_us=190.183 candidate_wall_us=170.342 paired_device_delta_us=-2.260
SAMPLE case=bf16-wide-d32768 pair=02 order=C,P parent_device_us=14.240 candidate_device_us=12.180 parent_wall_us=160.942 candidate_wall_us=163.453 paired_device_delta_us=-2.060
SAMPLE case=bf16-wide-d32768 pair=03 order=P,C parent_device_us=14.060 candidate_device_us=11.940 parent_wall_us=141.531 candidate_wall_us=192.032 paired_device_delta_us=-2.120
SAMPLE case=bf16-wide-d32768 pair=04 order=C,P parent_device_us=13.800 candidate_device_us=11.820 parent_wall_us=107.752 candidate_wall_us=138.642 paired_device_delta_us=-1.980
SAMPLE case=bf16-wide-d32768 pair=05 order=P,C parent_device_us=15.060 candidate_device_us=12.020 parent_wall_us=198.113 candidate_wall_us=177.422 paired_device_delta_us=-3.040
SAMPLE case=bf16-wide-d32768 pair=06 order=C,P parent_device_us=13.940 candidate_device_us=11.940 parent_wall_us=179.833 candidate_wall_us=202.293 paired_device_delta_us=-2.000
SAMPLE case=bf16-wide-d32768 pair=07 order=P,C parent_device_us=14.060 candidate_device_us=12.140 parent_wall_us=175.122 candidate_wall_us=189.343 paired_device_delta_us=-1.920
SAMPLE case=bf16-wide-d32768 pair=08 order=C,P parent_device_us=13.720 candidate_device_us=12.520 parent_wall_us=183.682 candidate_wall_us=183.322 paired_device_delta_us=-1.200
SAMPLE case=bf16-wide-d32768 pair=09 order=P,C parent_device_us=13.720 candidate_device_us=11.760 parent_wall_us=106.192 candidate_wall_us=69.641 paired_device_delta_us=-1.960
SAMPLE case=bf16-wide-d32768 pair=10 order=C,P parent_device_us=13.900 candidate_device_us=115.960 parent_wall_us=70.461 candidate_wall_us=167.102 paired_device_delta_us=102.060
SAMPLE case=bf16-wide-d32768 pair=11 order=P,C parent_device_us=13.940 candidate_device_us=11.900 parent_wall_us=153.272 candidate_wall_us=175.042 paired_device_delta_us=-2.040
SAMPLE case=bf16-wide-d32768 pair=12 order=C,P parent_device_us=13.920 candidate_device_us=12.060 parent_wall_us=189.982 candidate_wall_us=178.312 paired_device_delta_us=-1.860
SAMPLE case=bf16-wide-d32768 pair=13 order=P,C parent_device_us=14.360 candidate_device_us=12.260 parent_wall_us=180.593 candidate_wall_us=193.982 paired_device_delta_us=-2.100
SAMPLE case=bf16-wide-d32768 pair=14 order=C,P parent_device_us=14.080 candidate_device_us=12.140 parent_wall_us=115.542 candidate_wall_us=127.561 paired_device_delta_us=-1.940
SAMPLE case=bf16-wide-d32768 pair=15 order=P,C parent_device_us=13.960 candidate_device_us=11.760 parent_wall_us=112.272 candidate_wall_us=188.982 paired_device_delta_us=-2.200
SAMPLE case=bf16-wide-d32768 pair=16 order=C,P parent_device_us=13.900 candidate_device_us=11.880 parent_wall_us=127.682 candidate_wall_us=96.391 paired_device_delta_us=-2.020
SAMPLE case=bf16-wide-d32768 pair=17 order=P,C parent_device_us=13.900 candidate_device_us=11.820 parent_wall_us=223.153 candidate_wall_us=72.631 paired_device_delta_us=-2.080
SAMPLE case=bf16-wide-d32768 pair=18 order=C,P parent_device_us=13.560 candidate_device_us=11.940 parent_wall_us=192.362 candidate_wall_us=101.031 paired_device_delta_us=-1.620
SAMPLE case=bf16-wide-d32768 pair=19 order=P,C parent_device_us=13.520 candidate_device_us=11.580 parent_wall_us=189.563 candidate_wall_us=205.423 paired_device_delta_us=-1.940
SAMPLE case=bf16-wide-d32768 pair=20 order=C,P parent_device_us=14.220 candidate_device_us=12.220 parent_wall_us=149.082 candidate_wall_us=172.442 paired_device_delta_us=-2.000
SAMPLE case=bf16-wide-d32768 pair=21 order=P,C parent_device_us=13.900 candidate_device_us=12.220 parent_wall_us=78.491 candidate_wall_us=155.172 paired_device_delta_us=-1.680
PAIR_BLOCK case=bf16-wide-d32768 block=1 pairs=21 parent_median_us=13.940 candidate_median_us=11.940 paired_delta_median_us=-2.000
CORRECTNESS case=bf16-wide-d32768 binary=PARENT_V016 result=PASS failures=0 max_abs=0.0078125 max_rel=0.01754386
CORRECTNESS case=bf16-wide-d32768 binary=CAND_V017 result=PASS failures=0 max_abs=0.0078125 max_rel=0.01754386
SUMMARY case=bf16-wide-d32768 metric=device_us binary=PARENT_V016 n=21 median=13.940 mean=13.997 stdev=0.323 cv=0.02305 min=13.520 max=15.060 max_min=1.114 mad=0.140 p10=13.720 p90=14.240 spread=1.540 core_cv=0.02305
SUMMARY case=bf16-wide-d32768 metric=device_us binary=CAND_V017 n=21 median=11.940 mean=16.951 stdev=22.687 cv=1.33834 min=11.580 max=115.960 max_min=10.014 mad=0.180 p10=11.760 p90=12.260 spread=104.380 core_cv=0.01822
SUMMARY case=bf16-wide-d32768 metric=wall_us binary=PARENT_V016 n=21 median=160.942 mean=153.610 stdev=42.434 cv=0.27625 min=70.461 max=223.153 max_min=3.167 mad=29.241 p10=106.192 p90=192.362 spread=152.692 core_cv=0.10325
SUMMARY case=bf16-wide-d32768 metric=wall_us binary=CAND_V017 n=21 median=172.442 mean=158.122 stdev=41.380 cv=0.26170 min=69.641 max=205.423 max_min=2.950 mad=17.270 p10=96.391 p90=193.982 spread=135.782 core_cv=0.09787
SUMMARY case=bf16-wide-d32768 metric=paired_device_delta_us binary=CAND_V017_minus_PARENT_V016 n=21 median=-2.000 mean=2.954 stdev=22.710 cv=7.68725 min=-3.040 max=102.060 max_min=-33.572 mad=0.080 p10=-2.200 p90=-1.620 spread=105.100 core_cv=0.00000
CASE_END name=bf16-wide-d32768 correctness=PASS
CASE_BEGIN name=fp16-ctrl-d8192 dtype=fp16 rows=2 width=8192 device=4 warmup_each=45 pairs=21 samples_per_binary=21
SAMPLE case=fp16-ctrl-d8192 pair=01 order=P,C parent_device_us=4.920 candidate_device_us=4.840 parent_wall_us=74.411 candidate_wall_us=161.453 paired_device_delta_us=-0.080
SAMPLE case=fp16-ctrl-d8192 pair=02 order=C,P parent_device_us=6.540 candidate_device_us=5.920 parent_wall_us=198.963 candidate_wall_us=188.222 paired_device_delta_us=-0.620
SAMPLE case=fp16-ctrl-d8192 pair=03 order=P,C parent_device_us=5.280 candidate_device_us=5.180 parent_wall_us=192.843 candidate_wall_us=130.252 paired_device_delta_us=-0.100
SAMPLE case=fp16-ctrl-d8192 pair=04 order=C,P parent_device_us=6.560 candidate_device_us=111.200 parent_wall_us=73.351 candidate_wall_us=158.292 paired_device_delta_us=104.640
SAMPLE case=fp16-ctrl-d8192 pair=05 order=P,C parent_device_us=5.300 candidate_device_us=4.640 parent_wall_us=81.811 candidate_wall_us=66.070 paired_device_delta_us=-0.660
SAMPLE case=fp16-ctrl-d8192 pair=06 order=C,P parent_device_us=6.420 candidate_device_us=14.460 parent_wall_us=65.040 candidate_wall_us=65.710 paired_device_delta_us=8.040
SAMPLE case=fp16-ctrl-d8192 pair=07 order=P,C parent_device_us=5.000 candidate_device_us=4.980 parent_wall_us=125.131 candidate_wall_us=70.481 paired_device_delta_us=-0.020
SAMPLE case=fp16-ctrl-d8192 pair=08 order=C,P parent_device_us=6.660 candidate_device_us=5.780 parent_wall_us=66.221 candidate_wall_us=76.961 paired_device_delta_us=-0.880
SAMPLE case=fp16-ctrl-d8192 pair=09 order=P,C parent_device_us=5.260 candidate_device_us=14.540 parent_wall_us=89.071 candidate_wall_us=64.811 paired_device_delta_us=9.280
SAMPLE case=fp16-ctrl-d8192 pair=10 order=C,P parent_device_us=5.980 candidate_device_us=5.640 parent_wall_us=81.991 candidate_wall_us=189.663 paired_device_delta_us=-0.340
SAMPLE case=fp16-ctrl-d8192 pair=11 order=P,C parent_device_us=5.100 candidate_device_us=5.320 parent_wall_us=77.311 candidate_wall_us=64.311 paired_device_delta_us=0.220
SAMPLE case=fp16-ctrl-d8192 pair=12 order=C,P parent_device_us=5.060 candidate_device_us=4.820 parent_wall_us=101.652 candidate_wall_us=72.051 paired_device_delta_us=-0.240
SAMPLE case=fp16-ctrl-d8192 pair=13 order=P,C parent_device_us=5.020 candidate_device_us=5.160 parent_wall_us=77.231 candidate_wall_us=65.081 paired_device_delta_us=0.140
SAMPLE case=fp16-ctrl-d8192 pair=14 order=C,P parent_device_us=5.640 candidate_device_us=4.980 parent_wall_us=103.052 candidate_wall_us=74.281 paired_device_delta_us=-0.660
SAMPLE case=fp16-ctrl-d8192 pair=15 order=P,C parent_device_us=5.340 candidate_device_us=6.200 parent_wall_us=67.721 candidate_wall_us=64.521 paired_device_delta_us=0.860
SAMPLE case=fp16-ctrl-d8192 pair=16 order=C,P parent_device_us=53.360 candidate_device_us=4.900 parent_wall_us=99.461 candidate_wall_us=154.812 paired_device_delta_us=-48.460
SAMPLE case=fp16-ctrl-d8192 pair=17 order=P,C parent_device_us=58.560 candidate_device_us=4.800 parent_wall_us=105.152 candidate_wall_us=70.741 paired_device_delta_us=-53.760
SAMPLE case=fp16-ctrl-d8192 pair=18 order=C,P parent_device_us=4.880 candidate_device_us=46.020 parent_wall_us=75.221 candidate_wall_us=93.701 paired_device_delta_us=41.140
SAMPLE case=fp16-ctrl-d8192 pair=19 order=P,C parent_device_us=14.380 candidate_device_us=5.100 parent_wall_us=64.070 candidate_wall_us=107.141 paired_device_delta_us=-9.280
SAMPLE case=fp16-ctrl-d8192 pair=20 order=C,P parent_device_us=5.100 candidate_device_us=5.060 parent_wall_us=138.272 candidate_wall_us=175.392 paired_device_delta_us=-0.040
SAMPLE case=fp16-ctrl-d8192 pair=21 order=P,C parent_device_us=5.260 candidate_device_us=4.760 parent_wall_us=132.132 candidate_wall_us=87.071 paired_device_delta_us=-0.500
PAIR_BLOCK case=fp16-ctrl-d8192 block=1 pairs=21 parent_median_us=5.300 candidate_median_us=5.160 paired_delta_median_us=-0.100
CORRECTNESS case=fp16-ctrl-d8192 binary=PARENT_V016 result=PASS failures=0 max_abs=0.0009765625 max_rel=0.0012618296
CORRECTNESS case=fp16-ctrl-d8192 binary=CAND_V017 result=PASS failures=0 max_abs=0.0009765625 max_rel=0.0012618296
SUMMARY case=fp16-ctrl-d8192 metric=device_us binary=PARENT_V016 n=21 median=5.300 mean=10.744 stdev=15.189 cv=1.41372 min=4.880 max=58.560 max_min=12.000 mad=0.340 p10=5.000 p90=14.380 spread=53.680 core_cv=0.05643
SUMMARY case=fp16-ctrl-d8192 metric=device_us binary=CAND_V017 n=21 median=5.160 mean=13.062 stdev=24.270 cv=1.85806 min=4.640 max=111.200 max_min=23.966 mad=0.360 p10=4.800 p90=14.540 spread=106.560 core_cv=0.07335
SUMMARY case=fp16-ctrl-d8192 metric=wall_us binary=PARENT_V016 n=21 median=81.991 mean=99.529 stdev=38.768 cv=0.38952 min=64.070 max=198.963 max_min=3.105 mad=16.951 p10=66.221 p90=138.272 spread=134.893 core_cv=0.08897
SUMMARY case=fp16-ctrl-d8192 metric=wall_us binary=CAND_V017 n=21 median=76.961 mean=104.810 stdev=46.578 cv=0.44440 min=64.311 max=189.663 max_min=2.949 mad=12.440 p10=64.811 p90=175.392 spread=125.352 core_cv=0.09705
SUMMARY case=fp16-ctrl-d8192 metric=paired_device_delta_us binary=CAND_V017_minus_PARENT_V016 n=21 median=-0.100 mean=2.318 stdev=30.007 cv=12.94448 min=-53.760 max=104.640 max_min=-1.946 mad=0.560 p10=-9.280 p90=9.280 spread=158.400 core_cv=0.00000
CASE_END name=fp16-ctrl-d8192 correctness=PASS
CASE_BEGIN name=bf16-ctrl-d8192 dtype=bf16 rows=2 width=8192 device=4 warmup_each=45 pairs=21 samples_per_binary=21
SAMPLE case=bf16-ctrl-d8192 pair=01 order=P,C parent_device_us=5.540 candidate_device_us=5.340 parent_wall_us=78.691 candidate_wall_us=79.541 paired_device_delta_us=-0.200
SAMPLE case=bf16-ctrl-d8192 pair=02 order=C,P parent_device_us=6.120 candidate_device_us=6.100 parent_wall_us=134.232 candidate_wall_us=109.862 paired_device_delta_us=-0.020
SAMPLE case=bf16-ctrl-d8192 pair=03 order=P,C parent_device_us=12.640 candidate_device_us=5.680 parent_wall_us=67.741 candidate_wall_us=134.862 paired_device_delta_us=-6.960
SAMPLE case=bf16-ctrl-d8192 pair=04 order=C,P parent_device_us=6.640 candidate_device_us=6.520 parent_wall_us=129.242 candidate_wall_us=240.923 paired_device_delta_us=-0.120
SAMPLE case=bf16-ctrl-d8192 pair=05 order=P,C parent_device_us=5.320 candidate_device_us=5.620 parent_wall_us=174.643 candidate_wall_us=70.151 paired_device_delta_us=0.300
SAMPLE case=bf16-ctrl-d8192 pair=06 order=C,P parent_device_us=6.300 candidate_device_us=23.400 parent_wall_us=65.491 candidate_wall_us=63.261 paired_device_delta_us=17.100
SAMPLE case=bf16-ctrl-d8192 pair=07 order=P,C parent_device_us=35.760 candidate_device_us=14.080 parent_wall_us=70.471 candidate_wall_us=71.281 paired_device_delta_us=-21.680
SAMPLE case=bf16-ctrl-d8192 pair=08 order=C,P parent_device_us=6.220 candidate_device_us=31.660 parent_wall_us=54.651 candidate_wall_us=67.471 paired_device_delta_us=25.440
SAMPLE case=bf16-ctrl-d8192 pair=09 order=P,C parent_device_us=26.640 candidate_device_us=5.660 parent_wall_us=67.601 candidate_wall_us=132.862 paired_device_delta_us=-20.980
SAMPLE case=bf16-ctrl-d8192 pair=10 order=C,P parent_device_us=15.700 candidate_device_us=6.540 parent_wall_us=61.541 candidate_wall_us=66.421 paired_device_delta_us=-9.160
SAMPLE case=bf16-ctrl-d8192 pair=11 order=P,C parent_device_us=17.040 candidate_device_us=31.420 parent_wall_us=60.361 candidate_wall_us=78.241 paired_device_delta_us=14.380
SAMPLE case=bf16-ctrl-d8192 pair=12 order=C,P parent_device_us=27.160 candidate_device_us=12.000 parent_wall_us=59.821 candidate_wall_us=60.861 paired_device_delta_us=-15.160
SAMPLE case=bf16-ctrl-d8192 pair=13 order=P,C parent_device_us=13.880 candidate_device_us=14.980 parent_wall_us=65.641 candidate_wall_us=61.001 paired_device_delta_us=1.100
SAMPLE case=bf16-ctrl-d8192 pair=14 order=C,P parent_device_us=111.340 candidate_device_us=5.740 parent_wall_us=158.522 candidate_wall_us=125.232 paired_device_delta_us=-105.600
SAMPLE case=bf16-ctrl-d8192 pair=15 order=P,C parent_device_us=5.340 candidate_device_us=112.120 parent_wall_us=111.682 candidate_wall_us=152.962 paired_device_delta_us=106.780
SAMPLE case=bf16-ctrl-d8192 pair=16 order=C,P parent_device_us=5.520 candidate_device_us=5.340 parent_wall_us=195.602 candidate_wall_us=117.952 paired_device_delta_us=-0.180
SAMPLE case=bf16-ctrl-d8192 pair=17 order=P,C parent_device_us=5.800 candidate_device_us=5.680 parent_wall_us=88.921 candidate_wall_us=120.922 paired_device_delta_us=-0.120
SAMPLE case=bf16-ctrl-d8192 pair=18 order=C,P parent_device_us=5.660 candidate_device_us=5.720 parent_wall_us=188.892 candidate_wall_us=70.951 paired_device_delta_us=0.060
SAMPLE case=bf16-ctrl-d8192 pair=19 order=P,C parent_device_us=5.140 candidate_device_us=5.460 parent_wall_us=205.793 candidate_wall_us=68.981 paired_device_delta_us=0.320
SAMPLE case=bf16-ctrl-d8192 pair=20 order=C,P parent_device_us=5.480 candidate_device_us=5.340 parent_wall_us=192.133 candidate_wall_us=203.883 paired_device_delta_us=-0.140
SAMPLE case=bf16-ctrl-d8192 pair=21 order=P,C parent_device_us=5.540 candidate_device_us=6.260 parent_wall_us=183.623 candidate_wall_us=187.962 paired_device_delta_us=0.720
PAIR_BLOCK case=bf16-ctrl-d8192 block=1 pairs=21 parent_median_us=6.220 candidate_median_us=6.100 paired_delta_median_us=-0.120
CORRECTNESS case=bf16-ctrl-d8192 binary=PARENT_V016 result=PASS failures=0 max_abs=0.0078125 max_rel=0.0075757578
CORRECTNESS case=bf16-ctrl-d8192 binary=CAND_V017 result=PASS failures=0 max_abs=0.0078125 max_rel=0.0075757578
SUMMARY case=bf16-ctrl-d8192 metric=device_us binary=PARENT_V016 n=21 median=6.220 mean=15.942 stdev=23.564 cv=1.47815 min=5.140 max=111.340 max_min=21.661 mad=0.880 p10=5.340 p90=27.160 spread=106.200 core_cv=0.07792
SUMMARY case=bf16-ctrl-d8192 metric=device_us binary=CAND_V017 n=21 median=6.100 mean=15.270 stdev=23.716 cv=1.55317 min=5.340 max=112.120 max_min=20.996 mad=0.640 p10=5.340 p90=31.420 spread=106.780 core_cv=0.07120
SUMMARY case=bf16-ctrl-d8192 metric=wall_us binary=PARENT_V016 n=21 median=88.921 mean=115.014 stdev=56.024 cv=0.48710 min=54.651 max=205.793 max_min=3.766 mad=29.100 p10=60.361 p90=192.133 spread=151.142 core_cv=0.08631
SUMMARY case=bf16-ctrl-d8192 metric=wall_us binary=CAND_V017 n=21 median=79.541 mean=108.837 stdev=52.127 cv=0.47894 min=60.861 max=240.923 max_min=3.959 mad=18.680 p10=63.261 p90=187.962 spread=180.062 core_cv=0.06685
SUMMARY case=bf16-ctrl-d8192 metric=paired_device_delta_us binary=CAND_V017_minus_PARENT_V016 n=21 median=-0.120 mean=-0.672 stdev=35.330 cv=-52.54510 min=-105.600 max=106.780 max_min=-1.011 mad=1.220 p10=-20.980 p90=17.100 spread=212.380 core_cv=0.00000
CASE_END name=bf16-ctrl-d8192 correctness=PASS
RUNNER_COMPLETE mode=PAIRED correctness=PASS cases=4 warmup_each=45 pairs_each=21 timing=DEVICE_EVENT_PRIMARY wall=DIAGNOSTIC
