CASE_BEGIN name=fp16-tail-d12288 dtype=fp16 rows=2 width=12288 device=4 warmup_each=45 pairs=21 samples_per_binary=21
SAME_BINARY_SAMPLE case=fp16-tail-d12288 block=1 sample=01 device_us=6.120 wall_us=134.642 binary=PARENT_V016
SAME_BINARY_SAMPLE case=fp16-tail-d12288 block=1 sample=02 device_us=120.320 wall_us=170.533 binary=PARENT_V016
SAME_BINARY_SAMPLE case=fp16-tail-d12288 block=1 sample=03 device_us=5.380 wall_us=144.972 binary=PARENT_V016
SAME_BINARY_SAMPLE case=fp16-tail-d12288 block=1 sample=04 device_us=6.080 wall_us=74.161 binary=PARENT_V016
SAME_BINARY_SAMPLE case=fp16-tail-d12288 block=1 sample=05 device_us=62.080 wall_us=107.402 binary=PARENT_V016
SAME_BINARY_SAMPLE case=fp16-tail-d12288 block=1 sample=06 device_us=5.980 wall_us=114.722 binary=PARENT_V016
SAME_BINARY_SAMPLE case=fp16-tail-d12288 block=1 sample=07 device_us=100.440 wall_us=146.972 binary=PARENT_V016
SAME_BINARY_SAMPLE case=fp16-tail-d12288 block=1 sample=08 device_us=6.020 wall_us=138.212 binary=PARENT_V016
SAME_BINARY_SAMPLE case=fp16-tail-d12288 block=1 sample=09 device_us=5.800 wall_us=150.142 binary=PARENT_V016
SAME_BINARY_SAMPLE case=fp16-tail-d12288 block=1 sample=10 device_us=5.760 wall_us=153.812 binary=PARENT_V016
SAME_BINARY_SAMPLE case=fp16-tail-d12288 block=1 sample=11 device_us=124.080 wall_us=166.382 binary=PARENT_V016
SAME_BINARY_SAMPLE case=fp16-tail-d12288 block=1 sample=12 device_us=5.740 wall_us=68.761 binary=PARENT_V016
SAME_BINARY_SAMPLE case=fp16-tail-d12288 block=1 sample=13 device_us=5.720 wall_us=120.082 binary=PARENT_V016
SAME_BINARY_SAMPLE case=fp16-tail-d12288 block=1 sample=14 device_us=5.580 wall_us=159.682 binary=PARENT_V016
SAME_BINARY_SAMPLE case=fp16-tail-d12288 block=1 sample=15 device_us=5.820 wall_us=97.602 binary=PARENT_V016
SAME_BINARY_SAMPLE case=fp16-tail-d12288 block=1 sample=16 device_us=6.140 wall_us=104.051 binary=PARENT_V016
SAME_BINARY_SAMPLE case=fp16-tail-d12288 block=1 sample=17 device_us=5.640 wall_us=150.322 binary=PARENT_V016
SAME_BINARY_SAMPLE case=fp16-tail-d12288 block=1 sample=18 device_us=5.620 wall_us=71.271 binary=PARENT_V016
SAME_BINARY_SAMPLE case=fp16-tail-d12288 block=1 sample=19 device_us=6.420 wall_us=119.031 binary=PARENT_V016
SAME_BINARY_SAMPLE case=fp16-tail-d12288 block=1 sample=20 device_us=5.700 wall_us=79.061 binary=PARENT_V016
SAME_BINARY_SAMPLE case=fp16-tail-d12288 block=1 sample=21 device_us=5.600 wall_us=82.111 binary=PARENT_V016
SAME_BINARY_SAMPLE case=fp16-tail-d12288 block=1 sample=22 device_us=5.880 wall_us=110.182 binary=PARENT_V016
SAME_BINARY_SAMPLE case=fp16-tail-d12288 block=1 sample=23 device_us=39.480 wall_us=79.681 binary=PARENT_V016
SAME_BINARY_SAMPLE case=fp16-tail-d12288 block=1 sample=24 device_us=5.460 wall_us=168.842 binary=PARENT_V016
SAME_BINARY_SAMPLE case=fp16-tail-d12288 block=1 sample=25 device_us=5.520 wall_us=174.073 binary=PARENT_V016
SAME_BINARY_SAMPLE case=fp16-tail-d12288 block=1 sample=26 device_us=5.760 wall_us=177.232 binary=PARENT_V016
SAME_BINARY_SAMPLE case=fp16-tail-d12288 block=1 sample=27 device_us=6.200 wall_us=187.122 binary=PARENT_V016
SAME_BINARY_SAMPLE case=fp16-tail-d12288 block=1 sample=28 device_us=50.060 wall_us=100.622 binary=PARENT_V016
SAME_BINARY_SAMPLE case=fp16-tail-d12288 block=1 sample=29 device_us=5.880 wall_us=83.911 binary=PARENT_V016
SAME_BINARY_SAMPLE case=fp16-tail-d12288 block=1 sample=30 device_us=5.760 wall_us=71.611 binary=PARENT_V016
SAME_BINARY_SAMPLE case=fp16-tail-d12288 block=1 sample=31 device_us=5.920 wall_us=68.601 binary=PARENT_V016
SUMMARY case=fp16-tail-d12288 metric=device_us binary=PARENT_V016_BLOCK_1 n=31 median=5.880 mean=20.708 stdev=34.368 cv=1.65960 min=5.380 max=124.080 max_min=23.063 mad=0.240 p10=5.580 p90=62.080 spread=118.700 core_cv=0.04268
SAME_BINARY_SAMPLE case=fp16-tail-d12288 block=2 sample=01 device_us=11.120 wall_us=68.591 binary=PARENT_V016
SAME_BINARY_SAMPLE case=fp16-tail-d12288 block=2 sample=02 device_us=19.620 wall_us=78.411 binary=PARENT_V016
SAME_BINARY_SAMPLE case=fp16-tail-d12288 block=2 sample=03 device_us=5.580 wall_us=82.481 binary=PARENT_V016
SAME_BINARY_SAMPLE case=fp16-tail-d12288 block=2 sample=04 device_us=17.160 wall_us=65.381 binary=PARENT_V016
SAME_BINARY_SAMPLE case=fp16-tail-d12288 block=2 sample=05 device_us=52.620 wall_us=106.112 binary=PARENT_V016
SAME_BINARY_SAMPLE case=fp16-tail-d12288 block=2 sample=06 device_us=5.580 wall_us=111.402 binary=PARENT_V016
SAME_BINARY_SAMPLE case=fp16-tail-d12288 block=2 sample=07 device_us=5.840 wall_us=148.932 binary=PARENT_V016
SAME_BINARY_SAMPLE case=fp16-tail-d12288 block=2 sample=08 device_us=6.120 wall_us=74.371 binary=PARENT_V016
SAME_BINARY_SAMPLE case=fp16-tail-d12288 block=2 sample=09 device_us=5.840 wall_us=187.833 binary=PARENT_V016
SAME_BINARY_SAMPLE case=fp16-tail-d12288 block=2 sample=10 device_us=6.440 wall_us=200.153 binary=PARENT_V016
SAME_BINARY_SAMPLE case=fp16-tail-d12288 block=2 sample=11 device_us=5.940 wall_us=204.713 binary=PARENT_V016
SAME_BINARY_SAMPLE case=fp16-tail-d12288 block=2 sample=12 device_us=5.440 wall_us=176.492 binary=PARENT_V016
SAME_BINARY_SAMPLE case=fp16-tail-d12288 block=2 sample=13 device_us=118.500 wall_us=166.023 binary=PARENT_V016
SAME_BINARY_SAMPLE case=fp16-tail-d12288 block=2 sample=14 device_us=5.860 wall_us=89.011 binary=PARENT_V016
SAME_BINARY_SAMPLE case=fp16-tail-d12288 block=2 sample=15 device_us=5.800 wall_us=182.793 binary=PARENT_V016
SAME_BINARY_SAMPLE case=fp16-tail-d12288 block=2 sample=16 device_us=6.140 wall_us=198.463 binary=PARENT_V016
SAME_BINARY_SAMPLE case=fp16-tail-d12288 block=2 sample=17 device_us=5.700 wall_us=235.873 binary=PARENT_V016
SAME_BINARY_SAMPLE case=fp16-tail-d12288 block=2 sample=18 device_us=5.820 wall_us=213.623 binary=PARENT_V016
SAME_BINARY_SAMPLE case=fp16-tail-d12288 block=2 sample=19 device_us=6.140 wall_us=207.723 binary=PARENT_V016
SAME_BINARY_SAMPLE case=fp16-tail-d12288 block=2 sample=20 device_us=6.040 wall_us=245.284 binary=PARENT_V016
SAME_BINARY_SAMPLE case=fp16-tail-d12288 block=2 sample=21 device_us=6.360 wall_us=211.883 binary=PARENT_V016
SAME_BINARY_SAMPLE case=fp16-tail-d12288 block=2 sample=22 device_us=5.880 wall_us=211.603 binary=PARENT_V016
SAME_BINARY_SAMPLE case=fp16-tail-d12288 block=2 sample=23 device_us=5.560 wall_us=205.433 binary=PARENT_V016
SAME_BINARY_SAMPLE case=fp16-tail-d12288 block=2 sample=24 device_us=5.780 wall_us=214.853 binary=PARENT_V016
SAME_BINARY_SAMPLE case=fp16-tail-d12288 block=2 sample=25 device_us=5.660 wall_us=216.533 binary=PARENT_V016
SAME_BINARY_SAMPLE case=fp16-tail-d12288 block=2 sample=26 device_us=5.560 wall_us=219.894 binary=PARENT_V016
SAME_BINARY_SAMPLE case=fp16-tail-d12288 block=2 sample=27 device_us=5.620 wall_us=217.393 binary=PARENT_V016
SAME_BINARY_SAMPLE case=fp16-tail-d12288 block=2 sample=28 device_us=6.080 wall_us=273.874 binary=PARENT_V016
SAME_BINARY_SAMPLE case=fp16-tail-d12288 block=2 sample=29 device_us=6.260 wall_us=236.533 binary=PARENT_V016
SAME_BINARY_SAMPLE case=fp16-tail-d12288 block=2 sample=30 device_us=5.820 wall_us=202.653 binary=PARENT_V016
SAME_BINARY_SAMPLE case=fp16-tail-d12288 block=2 sample=31 device_us=6.120 wall_us=264.014 binary=PARENT_V016
SUMMARY case=fp16-tail-d12288 metric=device_us binary=PARENT_V016_BLOCK_2 n=31 median=5.880 mean=12.000 stdev=21.643 cv=1.80355 min=5.440 max=118.500 max_min=21.783 mad=0.260 p10=5.580 p90=17.160 spread=113.060 core_cv=0.04512
SUMMARY case=fp16-tail-d12288 metric=device_us binary=PARENT_V016_ALL n=62 median=5.880 mean=16.354 stdev=28.819 cv=1.76216 min=5.380 max=124.080 max_min=23.063 mad=0.250 p10=5.580 p90=49.002 spread=118.700 core_cv=0.04386
SUMMARY case=fp16-tail-d12288 metric=wall_us binary=PARENT_V016_ALL n=62 median=150.232 mean=149.905 stdev=58.278 cv=0.38876 min=65.381 max=273.874 max_min=4.189 mad=52.525 p10=74.182 p90=217.307 spread=208.493 core_cv=0.08698
SAME_BINARY_QUAL case=fp16-tail-d12288 result=PASS samples=62 median_us=5.880 mad_over_median=0.04252 block_drift=0.00000
CORRECTNESS case=fp16-tail-d12288 binary=PARENT_V016 result=PASS failures=0 max_abs=0.0009765625 max_rel=0.0015923567
CASE_END name=fp16-tail-d12288 same_binary=PARENT_V016 correctness=PASS
CASE_BEGIN name=fp16-wide-d32768 dtype=fp16 rows=2 width=32768 device=4 warmup_each=45 pairs=21 samples_per_binary=21
SAME_BINARY_SAMPLE case=fp16-wide-d32768 block=1 sample=01 device_us=9.740 wall_us=173.282 binary=PARENT_V016
SAME_BINARY_SAMPLE case=fp16-wide-d32768 block=1 sample=02 device_us=9.260 wall_us=171.863 binary=PARENT_V016
SAME_BINARY_SAMPLE case=fp16-wide-d32768 block=1 sample=03 device_us=9.360 wall_us=212.023 binary=PARENT_V016
SAME_BINARY_SAMPLE case=fp16-wide-d32768 block=1 sample=04 device_us=9.280 wall_us=193.672 binary=PARENT_V016
SAME_BINARY_SAMPLE case=fp16-wide-d32768 block=1 sample=05 device_us=9.180 wall_us=156.082 binary=PARENT_V016
SAME_BINARY_SAMPLE case=fp16-wide-d32768 block=1 sample=06 device_us=9.120 wall_us=219.223 binary=PARENT_V016
SAME_BINARY_SAMPLE case=fp16-wide-d32768 block=1 sample=07 device_us=9.180 wall_us=88.031 binary=PARENT_V016
SAME_BINARY_SAMPLE case=fp16-wide-d32768 block=1 sample=08 device_us=9.180 wall_us=67.740 binary=PARENT_V016
SAME_BINARY_SAMPLE case=fp16-wide-d32768 block=1 sample=09 device_us=52.700 wall_us=165.152 binary=PARENT_V016
SAME_BINARY_SAMPLE case=fp16-wide-d32768 block=1 sample=10 device_us=13.760 wall_us=98.601 binary=PARENT_V016
SAME_BINARY_SAMPLE case=fp16-wide-d32768 block=1 sample=11 device_us=9.500 wall_us=184.682 binary=PARENT_V016
SAME_BINARY_SAMPLE case=fp16-wide-d32768 block=1 sample=12 device_us=9.540 wall_us=189.863 binary=PARENT_V016
SAME_BINARY_SAMPLE case=fp16-wide-d32768 block=1 sample=13 device_us=9.400 wall_us=190.703 binary=PARENT_V016
SAME_BINARY_SAMPLE case=fp16-wide-d32768 block=1 sample=14 device_us=9.440 wall_us=189.552 binary=PARENT_V016
SAME_BINARY_SAMPLE case=fp16-wide-d32768 block=1 sample=15 device_us=9.200 wall_us=155.262 binary=PARENT_V016
SAME_BINARY_SAMPLE case=fp16-wide-d32768 block=1 sample=16 device_us=18.060 wall_us=66.551 binary=PARENT_V016
SAME_BINARY_SAMPLE case=fp16-wide-d32768 block=1 sample=17 device_us=9.180 wall_us=171.312 binary=PARENT_V016
SAME_BINARY_SAMPLE case=fp16-wide-d32768 block=1 sample=18 device_us=9.300 wall_us=186.762 binary=PARENT_V016
SAME_BINARY_SAMPLE case=fp16-wide-d32768 block=1 sample=19 device_us=8.980 wall_us=203.803 binary=PARENT_V016
SAME_BINARY_SAMPLE case=fp16-wide-d32768 block=1 sample=20 device_us=8.980 wall_us=175.513 binary=PARENT_V016
SAME_BINARY_SAMPLE case=fp16-wide-d32768 block=1 sample=21 device_us=9.420 wall_us=71.371 binary=PARENT_V016
SAME_BINARY_SAMPLE case=fp16-wide-d32768 block=1 sample=22 device_us=74.360 wall_us=120.972 binary=PARENT_V016
SAME_BINARY_SAMPLE case=fp16-wide-d32768 block=1 sample=23 device_us=60.620 wall_us=105.891 binary=PARENT_V016
SAME_BINARY_SAMPLE case=fp16-wide-d32768 block=1 sample=24 device_us=9.480 wall_us=101.492 binary=PARENT_V016
SAME_BINARY_SAMPLE case=fp16-wide-d32768 block=1 sample=25 device_us=9.140 wall_us=203.013 binary=PARENT_V016
SAME_BINARY_SAMPLE case=fp16-wide-d32768 block=1 sample=26 device_us=9.920 wall_us=199.393 binary=PARENT_V016
SAME_BINARY_SAMPLE case=fp16-wide-d32768 block=1 sample=27 device_us=9.340 wall_us=201.873 binary=PARENT_V016
SAME_BINARY_SAMPLE case=fp16-wide-d32768 block=1 sample=28 device_us=9.480 wall_us=131.962 binary=PARENT_V016
SAME_BINARY_SAMPLE case=fp16-wide-d32768 block=1 sample=29 device_us=9.080 wall_us=85.151 binary=PARENT_V016
SAME_BINARY_SAMPLE case=fp16-wide-d32768 block=1 sample=30 device_us=9.120 wall_us=100.262 binary=PARENT_V016
SAME_BINARY_SAMPLE case=fp16-wide-d32768 block=1 sample=31 device_us=8.960 wall_us=105.091 binary=PARENT_V016
SUMMARY case=fp16-wide-d32768 metric=device_us binary=PARENT_V016_BLOCK_1 n=31 median=9.340 mean=14.879 stdev=16.210 cv=1.08944 min=8.960 max=74.360 max_min=8.299 mad=0.160 p10=9.080 p90=18.060 spread=65.400 core_cv=0.02470
SAME_BINARY_SAMPLE case=fp16-wide-d32768 block=2 sample=01 device_us=136.040 wall_us=183.453 binary=PARENT_V016
SAME_BINARY_SAMPLE case=fp16-wide-d32768 block=2 sample=02 device_us=9.480 wall_us=82.711 binary=PARENT_V016
SAME_BINARY_SAMPLE case=fp16-wide-d32768 block=2 sample=03 device_us=9.640 wall_us=124.002 binary=PARENT_V016
SAME_BINARY_SAMPLE case=fp16-wide-d32768 block=2 sample=04 device_us=9.200 wall_us=73.951 binary=PARENT_V016
SAME_BINARY_SAMPLE case=fp16-wide-d32768 block=2 sample=05 device_us=9.440 wall_us=91.261 binary=PARENT_V016
SAME_BINARY_SAMPLE case=fp16-wide-d32768 block=2 sample=06 device_us=9.340 wall_us=71.891 binary=PARENT_V016
SAME_BINARY_SAMPLE case=fp16-wide-d32768 block=2 sample=07 device_us=9.500 wall_us=77.941 binary=PARENT_V016
SAME_BINARY_SAMPLE case=fp16-wide-d32768 block=2 sample=08 device_us=9.180 wall_us=123.671 binary=PARENT_V016
SAME_BINARY_SAMPLE case=fp16-wide-d32768 block=2 sample=09 device_us=9.800 wall_us=90.261 binary=PARENT_V016
SAME_BINARY_SAMPLE case=fp16-wide-d32768 block=2 sample=10 device_us=9.480 wall_us=77.881 binary=PARENT_V016
SAME_BINARY_SAMPLE case=fp16-wide-d32768 block=2 sample=11 device_us=9.540 wall_us=127.542 binary=PARENT_V016
SAME_BINARY_SAMPLE case=fp16-wide-d32768 block=2 sample=12 device_us=169.300 wall_us=219.783 binary=PARENT_V016
SAME_BINARY_SAMPLE case=fp16-wide-d32768 block=2 sample=13 device_us=9.220 wall_us=79.911 binary=PARENT_V016
SAME_BINARY_SAMPLE case=fp16-wide-d32768 block=2 sample=14 device_us=9.400 wall_us=130.881 binary=PARENT_V016
SAME_BINARY_SAMPLE case=fp16-wide-d32768 block=2 sample=15 device_us=9.560 wall_us=69.111 binary=PARENT_V016
SAME_BINARY_SAMPLE case=fp16-wide-d32768 block=2 sample=16 device_us=9.820 wall_us=136.702 binary=PARENT_V016
SAME_BINARY_SAMPLE case=fp16-wide-d32768 block=2 sample=17 device_us=131.620 wall_us=179.432 binary=PARENT_V016
SAME_BINARY_SAMPLE case=fp16-wide-d32768 block=2 sample=18 device_us=10.360 wall_us=71.651 binary=PARENT_V016
SAME_BINARY_SAMPLE case=fp16-wide-d32768 block=2 sample=19 device_us=9.340 wall_us=140.231 binary=PARENT_V016
SAME_BINARY_SAMPLE case=fp16-wide-d32768 block=2 sample=20 device_us=149.200 wall_us=190.642 binary=PARENT_V016
SAME_BINARY_SAMPLE case=fp16-wide-d32768 block=2 sample=21 device_us=145.500 wall_us=192.453 binary=PARENT_V016
SAME_BINARY_SAMPLE case=fp16-wide-d32768 block=2 sample=22 device_us=9.360 wall_us=71.281 binary=PARENT_V016
SAME_BINARY_SAMPLE case=fp16-wide-d32768 block=2 sample=23 device_us=9.760 wall_us=88.872 binary=PARENT_V016
SAME_BINARY_SAMPLE case=fp16-wide-d32768 block=2 sample=24 device_us=9.140 wall_us=115.051 binary=PARENT_V016
SAME_BINARY_SAMPLE case=fp16-wide-d32768 block=2 sample=25 device_us=9.120 wall_us=117.732 binary=PARENT_V016
SAME_BINARY_SAMPLE case=fp16-wide-d32768 block=2 sample=26 device_us=143.480 wall_us=187.403 binary=PARENT_V016
SAME_BINARY_SAMPLE case=fp16-wide-d32768 block=2 sample=27 device_us=9.740 wall_us=71.861 binary=PARENT_V016
SAME_BINARY_SAMPLE case=fp16-wide-d32768 block=2 sample=28 device_us=9.460 wall_us=137.022 binary=PARENT_V016
SAME_BINARY_SAMPLE case=fp16-wide-d32768 block=2 sample=29 device_us=9.580 wall_us=209.423 binary=PARENT_V016
SAME_BINARY_SAMPLE case=fp16-wide-d32768 block=2 sample=30 device_us=9.480 wall_us=149.922 binary=PARENT_V016
SAME_BINARY_SAMPLE case=fp16-wide-d32768 block=2 sample=31 device_us=42.620 wall_us=80.172 binary=PARENT_V016
SUMMARY case=fp16-wide-d32768 metric=device_us binary=PARENT_V016_BLOCK_2 n=31 median=9.540 mean=36.958 stdev=54.818 cv=1.48325 min=9.120 max=169.300 max_min=18.564 mad=0.220 p10=9.200 p90=143.480 spread=160.180 core_cv=0.02880
SUMMARY case=fp16-wide-d32768 metric=device_us binary=PARENT_V016_ALL n=62 median=9.470 mean=25.919 stdev=41.605 cv=1.60521 min=8.960 max=169.300 max_min=18.895 mad=0.280 p10=9.122 p90=72.986 spread=160.340 core_cv=0.02858
SUMMARY case=fp16-wide-d32768 metric=wall_us binary=PARENT_V016_ALL n=62 median=131.421 mean=136.294 stdev=50.015 cv=0.36696 min=66.551 max=219.783 max_min=3.302 mad=49.980 p10=71.864 p90=201.625 spread=153.232 core_cv=0.11134
SAME_BINARY_QUAL case=fp16-wide-d32768 result=PASS samples=62 median_us=9.470 mad_over_median=0.02957 block_drift=0.02112
CORRECTNESS case=fp16-wide-d32768 binary=PARENT_V016 result=PASS failures=0 max_abs=0.001953125 max_rel=0.010989011
CASE_END name=fp16-wide-d32768 same_binary=PARENT_V016 correctness=PASS
CASE_BEGIN name=bf16-tail-d12288 dtype=bf16 rows=2 width=12288 device=4 warmup_each=45 pairs=21 samples_per_binary=21
SAME_BINARY_SAMPLE case=bf16-tail-d12288 block=1 sample=01 device_us=6.780 wall_us=84.601 binary=PARENT_V016
SAME_BINARY_SAMPLE case=bf16-tail-d12288 block=1 sample=02 device_us=6.300 wall_us=184.402 binary=PARENT_V016
SAME_BINARY_SAMPLE case=bf16-tail-d12288 block=1 sample=03 device_us=6.420 wall_us=186.453 binary=PARENT_V016
SAME_BINARY_SAMPLE case=bf16-tail-d12288 block=1 sample=04 device_us=6.500 wall_us=236.443 binary=PARENT_V016
SAME_BINARY_SAMPLE case=bf16-tail-d12288 block=1 sample=05 device_us=6.800 wall_us=204.342 binary=PARENT_V016
SAME_BINARY_SAMPLE case=bf16-tail-d12288 block=1 sample=06 device_us=6.880 wall_us=206.702 binary=PARENT_V016
SAME_BINARY_SAMPLE case=bf16-tail-d12288 block=1 sample=07 device_us=6.240 wall_us=208.052 binary=PARENT_V016
SAME_BINARY_SAMPLE case=bf16-tail-d12288 block=1 sample=08 device_us=6.300 wall_us=218.993 binary=PARENT_V016
SAME_BINARY_SAMPLE case=bf16-tail-d12288 block=1 sample=09 device_us=6.600 wall_us=69.201 binary=PARENT_V016
SAME_BINARY_SAMPLE case=bf16-tail-d12288 block=1 sample=10 device_us=6.460 wall_us=127.012 binary=PARENT_V016
SAME_BINARY_SAMPLE case=bf16-tail-d12288 block=1 sample=11 device_us=6.560 wall_us=202.083 binary=PARENT_V016
SAME_BINARY_SAMPLE case=bf16-tail-d12288 block=1 sample=12 device_us=7.120 wall_us=189.482 binary=PARENT_V016
SAME_BINARY_SAMPLE case=bf16-tail-d12288 block=1 sample=13 device_us=6.400 wall_us=188.682 binary=PARENT_V016
SAME_BINARY_SAMPLE case=bf16-tail-d12288 block=1 sample=14 device_us=6.560 wall_us=192.483 binary=PARENT_V016
SAME_BINARY_SAMPLE case=bf16-tail-d12288 block=1 sample=15 device_us=6.580 wall_us=148.182 binary=PARENT_V016
SAME_BINARY_SAMPLE case=bf16-tail-d12288 block=1 sample=16 device_us=6.420 wall_us=70.461 binary=PARENT_V016
SAME_BINARY_SAMPLE case=bf16-tail-d12288 block=1 sample=17 device_us=6.480 wall_us=99.662 binary=PARENT_V016
SAME_BINARY_SAMPLE case=bf16-tail-d12288 block=1 sample=18 device_us=6.800 wall_us=96.641 binary=PARENT_V016
SAME_BINARY_SAMPLE case=bf16-tail-d12288 block=1 sample=19 device_us=6.680 wall_us=168.523 binary=PARENT_V016
SAME_BINARY_SAMPLE case=bf16-tail-d12288 block=1 sample=20 device_us=6.640 wall_us=291.104 binary=PARENT_V016
SAME_BINARY_SAMPLE case=bf16-tail-d12288 block=1 sample=21 device_us=73.180 wall_us=130.082 binary=PARENT_V016
SAME_BINARY_SAMPLE case=bf16-tail-d12288 block=1 sample=22 device_us=6.260 wall_us=142.722 binary=PARENT_V016
SAME_BINARY_SAMPLE case=bf16-tail-d12288 block=1 sample=23 device_us=117.000 wall_us=165.553 binary=PARENT_V016
SAME_BINARY_SAMPLE case=bf16-tail-d12288 block=1 sample=24 device_us=18.760 wall_us=85.551 binary=PARENT_V016
SAME_BINARY_SAMPLE case=bf16-tail-d12288 block=1 sample=25 device_us=6.400 wall_us=149.252 binary=PARENT_V016
SAME_BINARY_SAMPLE case=bf16-tail-d12288 block=1 sample=26 device_us=6.700 wall_us=187.512 binary=PARENT_V016
SAME_BINARY_SAMPLE case=bf16-tail-d12288 block=1 sample=27 device_us=6.580 wall_us=186.073 binary=PARENT_V016
SAME_BINARY_SAMPLE case=bf16-tail-d12288 block=1 sample=28 device_us=6.740 wall_us=188.903 binary=PARENT_V016
SAME_BINARY_SAMPLE case=bf16-tail-d12288 block=1 sample=29 device_us=6.720 wall_us=96.321 binary=PARENT_V016
SAME_BINARY_SAMPLE case=bf16-tail-d12288 block=1 sample=30 device_us=6.700 wall_us=76.501 binary=PARENT_V016
SAME_BINARY_SAMPLE case=bf16-tail-d12288 block=1 sample=31 device_us=7.000 wall_us=84.121 binary=PARENT_V016
SUMMARY case=bf16-tail-d12288 metric=device_us binary=PARENT_V016_BLOCK_1 n=31 median=6.600 mean=12.695 stdev=22.817 cv=1.79725 min=6.240 max=117.000 max_min=18.750 mad=0.180 p10=6.300 p90=7.120 spread=110.760 core_cv=0.03328
SAME_BINARY_SAMPLE case=bf16-tail-d12288 block=2 sample=01 device_us=6.840 wall_us=156.892 binary=PARENT_V016
SAME_BINARY_SAMPLE case=bf16-tail-d12288 block=2 sample=02 device_us=6.780 wall_us=203.022 binary=PARENT_V016
SAME_BINARY_SAMPLE case=bf16-tail-d12288 block=2 sample=03 device_us=7.020 wall_us=205.482 binary=PARENT_V016
SAME_BINARY_SAMPLE case=bf16-tail-d12288 block=2 sample=04 device_us=6.820 wall_us=220.553 binary=PARENT_V016
SAME_BINARY_SAMPLE case=bf16-tail-d12288 block=2 sample=05 device_us=6.180 wall_us=170.683 binary=PARENT_V016
SAME_BINARY_SAMPLE case=bf16-tail-d12288 block=2 sample=06 device_us=6.460 wall_us=185.803 binary=PARENT_V016
SAME_BINARY_SAMPLE case=bf16-tail-d12288 block=2 sample=07 device_us=7.080 wall_us=209.873 binary=PARENT_V016
SAME_BINARY_SAMPLE case=bf16-tail-d12288 block=2 sample=08 device_us=6.240 wall_us=207.773 binary=PARENT_V016
SAME_BINARY_SAMPLE case=bf16-tail-d12288 block=2 sample=09 device_us=6.940 wall_us=195.193 binary=PARENT_V016
SAME_BINARY_SAMPLE case=bf16-tail-d12288 block=2 sample=10 device_us=6.860 wall_us=198.073 binary=PARENT_V016
SAME_BINARY_SAMPLE case=bf16-tail-d12288 block=2 sample=11 device_us=127.800 wall_us=179.332 binary=PARENT_V016
SAME_BINARY_SAMPLE case=bf16-tail-d12288 block=2 sample=12 device_us=6.540 wall_us=88.012 binary=PARENT_V016
SAME_BINARY_SAMPLE case=bf16-tail-d12288 block=2 sample=13 device_us=6.440 wall_us=161.222 binary=PARENT_V016
SAME_BINARY_SAMPLE case=bf16-tail-d12288 block=2 sample=14 device_us=6.720 wall_us=83.641 binary=PARENT_V016
SAME_BINARY_SAMPLE case=bf16-tail-d12288 block=2 sample=15 device_us=6.300 wall_us=91.251 binary=PARENT_V016
SAME_BINARY_SAMPLE case=bf16-tail-d12288 block=2 sample=16 device_us=6.700 wall_us=92.331 binary=PARENT_V016
SAME_BINARY_SAMPLE case=bf16-tail-d12288 block=2 sample=17 device_us=5.920 wall_us=116.482 binary=PARENT_V016
SAME_BINARY_SAMPLE case=bf16-tail-d12288 block=2 sample=18 device_us=6.360 wall_us=85.861 binary=PARENT_V016
SAME_BINARY_SAMPLE case=bf16-tail-d12288 block=2 sample=19 device_us=6.340 wall_us=105.161 binary=PARENT_V016
SAME_BINARY_SAMPLE case=bf16-tail-d12288 block=2 sample=20 device_us=6.520 wall_us=88.272 binary=PARENT_V016
SAME_BINARY_SAMPLE case=bf16-tail-d12288 block=2 sample=21 device_us=6.680 wall_us=111.831 binary=PARENT_V016
SAME_BINARY_SAMPLE case=bf16-tail-d12288 block=2 sample=22 device_us=6.760 wall_us=83.392 binary=PARENT_V016
SAME_BINARY_SAMPLE case=bf16-tail-d12288 block=2 sample=23 device_us=6.420 wall_us=113.371 binary=PARENT_V016
SAME_BINARY_SAMPLE case=bf16-tail-d12288 block=2 sample=24 device_us=6.440 wall_us=87.292 binary=PARENT_V016
SAME_BINARY_SAMPLE case=bf16-tail-d12288 block=2 sample=25 device_us=6.560 wall_us=103.401 binary=PARENT_V016
SAME_BINARY_SAMPLE case=bf16-tail-d12288 block=2 sample=26 device_us=6.940 wall_us=88.051 binary=PARENT_V016
SAME_BINARY_SAMPLE case=bf16-tail-d12288 block=2 sample=27 device_us=6.280 wall_us=106.441 binary=PARENT_V016
SAME_BINARY_SAMPLE case=bf16-tail-d12288 block=2 sample=28 device_us=6.540 wall_us=85.191 binary=PARENT_V016
SAME_BINARY_SAMPLE case=bf16-tail-d12288 block=2 sample=29 device_us=7.560 wall_us=102.771 binary=PARENT_V016
SAME_BINARY_SAMPLE case=bf16-tail-d12288 block=2 sample=30 device_us=6.860 wall_us=86.722 binary=PARENT_V016
SAME_BINARY_SAMPLE case=bf16-tail-d12288 block=2 sample=31 device_us=6.240 wall_us=121.152 binary=PARENT_V016
SUMMARY case=bf16-tail-d12288 metric=device_us binary=PARENT_V016_BLOCK_2 n=31 median=6.560 mean=10.521 stdev=21.769 cv=2.06913 min=5.920 max=127.800 max_min=21.588 mad=0.260 p10=6.240 p90=7.020 spread=121.880 core_cv=0.05040
SUMMARY case=bf16-tail-d12288 metric=device_us binary=PARENT_V016_ALL n=62 median=6.590 mean=11.608 stdev=22.143 cv=1.90752 min=5.920 max=127.800 max_min=21.588 mad=0.190 p10=6.282 p90=7.074 spread=121.880 core_cv=0.04267
SUMMARY case=bf16-tail-d12288 metric=wall_us binary=PARENT_V016_ALL n=62 median=145.452 mean=145.171 stdev=53.822 cv=0.37075 min=69.201 max=291.104 max_min=4.207 mad=49.436 p10=84.660 p90=207.666 spread=221.903 core_cv=0.12978
SAME_BINARY_QUAL case=bf16-tail-d12288 result=PASS samples=62 median_us=6.590 mad_over_median=0.02883 block_drift=0.00607
CORRECTNESS case=bf16-tail-d12288 binary=PARENT_V016 result=PASS failures=0 max_abs=0.0078125 max_rel=0.0073529412
CASE_END name=bf16-tail-d12288 same_binary=PARENT_V016 correctness=PASS
CASE_BEGIN name=bf16-wide-d32768 dtype=bf16 rows=2 width=32768 device=4 warmup_each=45 pairs=21 samples_per_binary=21
SAME_BINARY_SAMPLE case=bf16-wide-d32768 block=1 sample=01 device_us=14.020 wall_us=182.213 binary=PARENT_V016
SAME_BINARY_SAMPLE case=bf16-wide-d32768 block=1 sample=02 device_us=125.860 wall_us=175.673 binary=PARENT_V016
SAME_BINARY_SAMPLE case=bf16-wide-d32768 block=1 sample=03 device_us=14.640 wall_us=210.423 binary=PARENT_V016
SAME_BINARY_SAMPLE case=bf16-wide-d32768 block=1 sample=04 device_us=13.760 wall_us=198.343 binary=PARENT_V016
SAME_BINARY_SAMPLE case=bf16-wide-d32768 block=1 sample=05 device_us=13.680 wall_us=198.073 binary=PARENT_V016
SAME_BINARY_SAMPLE case=bf16-wide-d32768 block=1 sample=06 device_us=13.680 wall_us=215.813 binary=PARENT_V016
SAME_BINARY_SAMPLE case=bf16-wide-d32768 block=1 sample=07 device_us=13.900 wall_us=204.693 binary=PARENT_V016
SAME_BINARY_SAMPLE case=bf16-wide-d32768 block=1 sample=08 device_us=14.000 wall_us=191.713 binary=PARENT_V016
SAME_BINARY_SAMPLE case=bf16-wide-d32768 block=1 sample=09 device_us=17.060 wall_us=67.621 binary=PARENT_V016
SAME_BINARY_SAMPLE case=bf16-wide-d32768 block=1 sample=10 device_us=13.940 wall_us=158.992 binary=PARENT_V016
SAME_BINARY_SAMPLE case=bf16-wide-d32768 block=1 sample=11 device_us=13.860 wall_us=179.443 binary=PARENT_V016
SAME_BINARY_SAMPLE case=bf16-wide-d32768 block=1 sample=12 device_us=13.820 wall_us=179.573 binary=PARENT_V016
SAME_BINARY_SAMPLE case=bf16-wide-d32768 block=1 sample=13 device_us=154.640 wall_us=201.553 binary=PARENT_V016
SAME_BINARY_SAMPLE case=bf16-wide-d32768 block=1 sample=14 device_us=14.220 wall_us=269.473 binary=PARENT_V016
SAME_BINARY_SAMPLE case=bf16-wide-d32768 block=1 sample=15 device_us=13.920 wall_us=101.111 binary=PARENT_V016
SAME_BINARY_SAMPLE case=bf16-wide-d32768 block=1 sample=16 device_us=13.520 wall_us=76.751 binary=PARENT_V016
SAME_BINARY_SAMPLE case=bf16-wide-d32768 block=1 sample=17 device_us=14.140 wall_us=67.681 binary=PARENT_V016
SAME_BINARY_SAMPLE case=bf16-wide-d32768 block=1 sample=18 device_us=14.520 wall_us=66.161 binary=PARENT_V016
SAME_BINARY_SAMPLE case=bf16-wide-d32768 block=1 sample=19 device_us=14.240 wall_us=62.101 binary=PARENT_V016
SAME_BINARY_SAMPLE case=bf16-wide-d32768 block=1 sample=20 device_us=14.040 wall_us=65.191 binary=PARENT_V016
SAME_BINARY_SAMPLE case=bf16-wide-d32768 block=1 sample=21 device_us=13.940 wall_us=75.171 binary=PARENT_V016
SAME_BINARY_SAMPLE case=bf16-wide-d32768 block=1 sample=22 device_us=13.220 wall_us=73.081 binary=PARENT_V016
SAME_BINARY_SAMPLE case=bf16-wide-d32768 block=1 sample=23 device_us=16.740 wall_us=65.271 binary=PARENT_V016
SAME_BINARY_SAMPLE case=bf16-wide-d32768 block=1 sample=24 device_us=13.980 wall_us=74.181 binary=PARENT_V016
SAME_BINARY_SAMPLE case=bf16-wide-d32768 block=1 sample=25 device_us=14.120 wall_us=166.172 binary=PARENT_V016
SAME_BINARY_SAMPLE case=bf16-wide-d32768 block=1 sample=26 device_us=14.120 wall_us=112.681 binary=PARENT_V016
SAME_BINARY_SAMPLE case=bf16-wide-d32768 block=1 sample=27 device_us=14.220 wall_us=221.803 binary=PARENT_V016
SAME_BINARY_SAMPLE case=bf16-wide-d32768 block=1 sample=28 device_us=14.060 wall_us=245.484 binary=PARENT_V016
SAME_BINARY_SAMPLE case=bf16-wide-d32768 block=1 sample=29 device_us=14.100 wall_us=208.243 binary=PARENT_V016
SAME_BINARY_SAMPLE case=bf16-wide-d32768 block=1 sample=30 device_us=13.860 wall_us=203.783 binary=PARENT_V016
SAME_BINARY_SAMPLE case=bf16-wide-d32768 block=1 sample=31 device_us=15.180 wall_us=182.383 binary=PARENT_V016
SUMMARY case=bf16-wide-d32768 metric=device_us binary=PARENT_V016_BLOCK_1 n=31 median=14.040 mean=22.355 stdev=31.701 cv=1.41809 min=13.220 max=154.640 max_min=11.697 mad=0.180 p10=13.680 p90=16.740 spread=141.420 core_cv=0.04431
SAME_BINARY_SAMPLE case=bf16-wide-d32768 block=2 sample=01 device_us=14.520 wall_us=216.383 binary=PARENT_V016
SAME_BINARY_SAMPLE case=bf16-wide-d32768 block=2 sample=02 device_us=13.960 wall_us=208.773 binary=PARENT_V016
SAME_BINARY_SAMPLE case=bf16-wide-d32768 block=2 sample=03 device_us=13.740 wall_us=205.083 binary=PARENT_V016
SAME_BINARY_SAMPLE case=bf16-wide-d32768 block=2 sample=04 device_us=13.660 wall_us=202.793 binary=PARENT_V016
SAME_BINARY_SAMPLE case=bf16-wide-d32768 block=2 sample=05 device_us=13.540 wall_us=202.363 binary=PARENT_V016
SAME_BINARY_SAMPLE case=bf16-wide-d32768 block=2 sample=06 device_us=14.860 wall_us=76.071 binary=PARENT_V016
SAME_BINARY_SAMPLE case=bf16-wide-d32768 block=2 sample=07 device_us=13.780 wall_us=78.021 binary=PARENT_V016
SAME_BINARY_SAMPLE case=bf16-wide-d32768 block=2 sample=08 device_us=13.920 wall_us=181.502 binary=PARENT_V016
SAME_BINARY_SAMPLE case=bf16-wide-d32768 block=2 sample=09 device_us=158.640 wall_us=210.423 binary=PARENT_V016
SAME_BINARY_SAMPLE case=bf16-wide-d32768 block=2 sample=10 device_us=28.060 wall_us=68.741 binary=PARENT_V016
SAME_BINARY_SAMPLE case=bf16-wide-d32768 block=2 sample=11 device_us=13.220 wall_us=178.622 binary=PARENT_V016
SAME_BINARY_SAMPLE case=bf16-wide-d32768 block=2 sample=12 device_us=13.640 wall_us=208.593 binary=PARENT_V016
SAME_BINARY_SAMPLE case=bf16-wide-d32768 block=2 sample=13 device_us=13.620 wall_us=196.943 binary=PARENT_V016
SAME_BINARY_SAMPLE case=bf16-wide-d32768 block=2 sample=14 device_us=13.880 wall_us=277.244 binary=PARENT_V016
SAME_BINARY_SAMPLE case=bf16-wide-d32768 block=2 sample=15 device_us=13.300 wall_us=211.063 binary=PARENT_V016
SAME_BINARY_SAMPLE case=bf16-wide-d32768 block=2 sample=16 device_us=13.560 wall_us=210.283 binary=PARENT_V016
SAME_BINARY_SAMPLE case=bf16-wide-d32768 block=2 sample=17 device_us=14.060 wall_us=210.093 binary=PARENT_V016
SAME_BINARY_SAMPLE case=bf16-wide-d32768 block=2 sample=18 device_us=14.060 wall_us=211.093 binary=PARENT_V016
SAME_BINARY_SAMPLE case=bf16-wide-d32768 block=2 sample=19 device_us=15.340 wall_us=85.571 binary=PARENT_V016
SAME_BINARY_SAMPLE case=bf16-wide-d32768 block=2 sample=20 device_us=14.020 wall_us=82.131 binary=PARENT_V016
SAME_BINARY_SAMPLE case=bf16-wide-d32768 block=2 sample=21 device_us=14.120 wall_us=73.241 binary=PARENT_V016
SAME_BINARY_SAMPLE case=bf16-wide-d32768 block=2 sample=22 device_us=14.500 wall_us=99.431 binary=PARENT_V016
SAME_BINARY_SAMPLE case=bf16-wide-d32768 block=2 sample=23 device_us=14.260 wall_us=107.332 binary=PARENT_V016
SAME_BINARY_SAMPLE case=bf16-wide-d32768 block=2 sample=24 device_us=13.980 wall_us=190.462 binary=PARENT_V016
SAME_BINARY_SAMPLE case=bf16-wide-d32768 block=2 sample=25 device_us=13.620 wall_us=210.773 binary=PARENT_V016
SAME_BINARY_SAMPLE case=bf16-wide-d32768 block=2 sample=26 device_us=13.880 wall_us=207.932 binary=PARENT_V016
SAME_BINARY_SAMPLE case=bf16-wide-d32768 block=2 sample=27 device_us=13.660 wall_us=161.992 binary=PARENT_V016
SAME_BINARY_SAMPLE case=bf16-wide-d32768 block=2 sample=28 device_us=19.000 wall_us=69.331 binary=PARENT_V016
SAME_BINARY_SAMPLE case=bf16-wide-d32768 block=2 sample=29 device_us=13.940 wall_us=159.092 binary=PARENT_V016
SAME_BINARY_SAMPLE case=bf16-wide-d32768 block=2 sample=30 device_us=20.440 wall_us=69.821 binary=PARENT_V016
SAME_BINARY_SAMPLE case=bf16-wide-d32768 block=2 sample=31 device_us=13.600 wall_us=184.112 binary=PARENT_V016
SUMMARY case=bf16-wide-d32768 metric=device_us binary=PARENT_V016_BLOCK_2 n=31 median=13.940 mean=19.432 stdev=25.997 cv=1.33789 min=13.220 max=158.640 max_min=12.000 mad=0.320 p10=13.560 p90=19.000 spread=145.420 core_cv=0.03301
SUMMARY case=bf16-wide-d32768 metric=device_us binary=PARENT_V016_ALL n=62 median=13.990 mean=20.893 stdev=28.789 cv=1.37791 min=13.220 max=158.640 max_min=12.000 mad=0.250 p10=13.602 p90=17.028 spread=145.420 core_cv=0.03947
SUMMARY case=bf16-wide-d32768 metric=wall_us binary=PARENT_V016_ALL n=62 median=181.858 mean=157.357 stdev=63.134 cv=0.40121 min=62.101 max=277.244 max_min=4.464 mad=28.740 p10=68.800 p90=211.090 spread=215.143 core_cv=0.08682
SAME_BINARY_QUAL case=bf16-wide-d32768 result=PASS samples=62 median_us=13.990 mad_over_median=0.01787 block_drift=0.00715
CORRECTNESS case=bf16-wide-d32768 binary=PARENT_V016 result=PASS failures=0 max_abs=0.0078125 max_rel=0.01754386
CASE_END name=bf16-wide-d32768 same_binary=PARENT_V016 correctness=PASS
CASE_BEGIN name=fp16-ctrl-d8192 dtype=fp16 rows=2 width=8192 device=4 warmup_each=45 pairs=21 samples_per_binary=21
SAME_BINARY_SAMPLE case=fp16-ctrl-d8192 block=1 sample=01 device_us=4.820 wall_us=158.973 binary=PARENT_V016
SAME_BINARY_SAMPLE case=fp16-ctrl-d8192 block=1 sample=02 device_us=4.660 wall_us=133.442 binary=PARENT_V016
SAME_BINARY_SAMPLE case=fp16-ctrl-d8192 block=1 sample=03 device_us=4.940 wall_us=182.433 binary=PARENT_V016
SAME_BINARY_SAMPLE case=fp16-ctrl-d8192 block=1 sample=04 device_us=4.880 wall_us=206.073 binary=PARENT_V016
SAME_BINARY_SAMPLE case=fp16-ctrl-d8192 block=1 sample=05 device_us=4.860 wall_us=173.182 binary=PARENT_V016
SAME_BINARY_SAMPLE case=fp16-ctrl-d8192 block=1 sample=06 device_us=5.300 wall_us=189.412 binary=PARENT_V016
SAME_BINARY_SAMPLE case=fp16-ctrl-d8192 block=1 sample=07 device_us=4.880 wall_us=187.073 binary=PARENT_V016
SAME_BINARY_SAMPLE case=fp16-ctrl-d8192 block=1 sample=08 device_us=5.200 wall_us=200.273 binary=PARENT_V016
SAME_BINARY_SAMPLE case=fp16-ctrl-d8192 block=1 sample=09 device_us=5.180 wall_us=212.253 binary=PARENT_V016
SAME_BINARY_SAMPLE case=fp16-ctrl-d8192 block=1 sample=10 device_us=5.400 wall_us=211.363 binary=PARENT_V016
SAME_BINARY_SAMPLE case=fp16-ctrl-d8192 block=1 sample=11 device_us=5.080 wall_us=110.232 binary=PARENT_V016
SAME_BINARY_SAMPLE case=fp16-ctrl-d8192 block=1 sample=12 device_us=4.740 wall_us=112.702 binary=PARENT_V016
SAME_BINARY_SAMPLE case=fp16-ctrl-d8192 block=1 sample=13 device_us=4.800 wall_us=140.792 binary=PARENT_V016
SAME_BINARY_SAMPLE case=fp16-ctrl-d8192 block=1 sample=14 device_us=5.060 wall_us=172.992 binary=PARENT_V016
SAME_BINARY_SAMPLE case=fp16-ctrl-d8192 block=1 sample=15 device_us=4.880 wall_us=169.783 binary=PARENT_V016
SAME_BINARY_SAMPLE case=fp16-ctrl-d8192 block=1 sample=16 device_us=5.180 wall_us=181.412 binary=PARENT_V016
SAME_BINARY_SAMPLE case=fp16-ctrl-d8192 block=1 sample=17 device_us=5.020 wall_us=184.862 binary=PARENT_V016
SAME_BINARY_SAMPLE case=fp16-ctrl-d8192 block=1 sample=18 device_us=5.020 wall_us=186.183 binary=PARENT_V016
SAME_BINARY_SAMPLE case=fp16-ctrl-d8192 block=1 sample=19 device_us=5.240 wall_us=183.613 binary=PARENT_V016
SAME_BINARY_SAMPLE case=fp16-ctrl-d8192 block=1 sample=20 device_us=5.440 wall_us=182.262 binary=PARENT_V016
SAME_BINARY_SAMPLE case=fp16-ctrl-d8192 block=1 sample=21 device_us=5.360 wall_us=182.373 binary=PARENT_V016
SAME_BINARY_SAMPLE case=fp16-ctrl-d8192 block=1 sample=22 device_us=15.480 wall_us=66.751 binary=PARENT_V016
SAME_BINARY_SAMPLE case=fp16-ctrl-d8192 block=1 sample=23 device_us=4.800 wall_us=131.672 binary=PARENT_V016
SAME_BINARY_SAMPLE case=fp16-ctrl-d8192 block=1 sample=24 device_us=4.660 wall_us=169.392 binary=PARENT_V016
SAME_BINARY_SAMPLE case=fp16-ctrl-d8192 block=1 sample=25 device_us=4.820 wall_us=170.642 binary=PARENT_V016
SAME_BINARY_SAMPLE case=fp16-ctrl-d8192 block=1 sample=26 device_us=4.900 wall_us=146.622 binary=PARENT_V016
SAME_BINARY_SAMPLE case=fp16-ctrl-d8192 block=1 sample=27 device_us=137.740 wall_us=182.093 binary=PARENT_V016
SAME_BINARY_SAMPLE case=fp16-ctrl-d8192 block=1 sample=28 device_us=4.740 wall_us=194.873 binary=PARENT_V016
SAME_BINARY_SAMPLE case=fp16-ctrl-d8192 block=1 sample=29 device_us=4.840 wall_us=181.912 binary=PARENT_V016
SAME_BINARY_SAMPLE case=fp16-ctrl-d8192 block=1 sample=30 device_us=4.960 wall_us=180.982 binary=PARENT_V016
SAME_BINARY_SAMPLE case=fp16-ctrl-d8192 block=1 sample=31 device_us=5.240 wall_us=185.183 binary=PARENT_V016
SUMMARY case=fp16-ctrl-d8192 metric=device_us binary=PARENT_V016_BLOCK_1 n=31 median=4.960 mean=9.617 stdev=23.854 cv=2.48046 min=4.660 max=137.740 max_min=29.558 mad=0.160 p10=4.740 p90=5.400 spread=133.080 core_cv=0.04505
SAME_BINARY_SAMPLE case=fp16-ctrl-d8192 block=2 sample=01 device_us=5.380 wall_us=180.893 binary=PARENT_V016
SAME_BINARY_SAMPLE case=fp16-ctrl-d8192 block=2 sample=02 device_us=4.660 wall_us=181.162 binary=PARENT_V016
SAME_BINARY_SAMPLE case=fp16-ctrl-d8192 block=2 sample=03 device_us=119.160 wall_us=161.893 binary=PARENT_V016
SAME_BINARY_SAMPLE case=fp16-ctrl-d8192 block=2 sample=04 device_us=14.980 wall_us=68.021 binary=PARENT_V016
SAME_BINARY_SAMPLE case=fp16-ctrl-d8192 block=2 sample=05 device_us=5.020 wall_us=139.502 binary=PARENT_V016
SAME_BINARY_SAMPLE case=fp16-ctrl-d8192 block=2 sample=06 device_us=5.180 wall_us=130.532 binary=PARENT_V016
SAME_BINARY_SAMPLE case=fp16-ctrl-d8192 block=2 sample=07 device_us=5.360 wall_us=176.063 binary=PARENT_V016
SAME_BINARY_SAMPLE case=fp16-ctrl-d8192 block=2 sample=08 device_us=4.960 wall_us=175.412 binary=PARENT_V016
SAME_BINARY_SAMPLE case=fp16-ctrl-d8192 block=2 sample=09 device_us=4.940 wall_us=177.132 binary=PARENT_V016
SAME_BINARY_SAMPLE case=fp16-ctrl-d8192 block=2 sample=10 device_us=4.920 wall_us=177.013 binary=PARENT_V016
SAME_BINARY_SAMPLE case=fp16-ctrl-d8192 block=2 sample=11 device_us=4.580 wall_us=182.502 binary=PARENT_V016
SAME_BINARY_SAMPLE case=fp16-ctrl-d8192 block=2 sample=12 device_us=5.120 wall_us=181.213 binary=PARENT_V016
SAME_BINARY_SAMPLE case=fp16-ctrl-d8192 block=2 sample=13 device_us=5.200 wall_us=180.713 binary=PARENT_V016
SAME_BINARY_SAMPLE case=fp16-ctrl-d8192 block=2 sample=14 device_us=5.300 wall_us=180.102 binary=PARENT_V016
SAME_BINARY_SAMPLE case=fp16-ctrl-d8192 block=2 sample=15 device_us=5.060 wall_us=182.693 binary=PARENT_V016
SAME_BINARY_SAMPLE case=fp16-ctrl-d8192 block=2 sample=16 device_us=4.940 wall_us=181.713 binary=PARENT_V016
SAME_BINARY_SAMPLE case=fp16-ctrl-d8192 block=2 sample=17 device_us=4.840 wall_us=179.482 binary=PARENT_V016
SAME_BINARY_SAMPLE case=fp16-ctrl-d8192 block=2 sample=18 device_us=4.900 wall_us=180.993 binary=PARENT_V016
SAME_BINARY_SAMPLE case=fp16-ctrl-d8192 block=2 sample=19 device_us=4.760 wall_us=183.873 binary=PARENT_V016
SAME_BINARY_SAMPLE case=fp16-ctrl-d8192 block=2 sample=20 device_us=4.940 wall_us=181.682 binary=PARENT_V016
SAME_BINARY_SAMPLE case=fp16-ctrl-d8192 block=2 sample=21 device_us=4.680 wall_us=183.313 binary=PARENT_V016
SAME_BINARY_SAMPLE case=fp16-ctrl-d8192 block=2 sample=22 device_us=6.880 wall_us=158.452 binary=PARENT_V016
SAME_BINARY_SAMPLE case=fp16-ctrl-d8192 block=2 sample=23 device_us=156.240 wall_us=204.293 binary=PARENT_V016
SAME_BINARY_SAMPLE case=fp16-ctrl-d8192 block=2 sample=24 device_us=136.100 wall_us=184.143 binary=PARENT_V016
SAME_BINARY_SAMPLE case=fp16-ctrl-d8192 block=2 sample=25 device_us=134.440 wall_us=183.273 binary=PARENT_V016
SAME_BINARY_SAMPLE case=fp16-ctrl-d8192 block=2 sample=26 device_us=140.800 wall_us=186.372 binary=PARENT_V016
SAME_BINARY_SAMPLE case=fp16-ctrl-d8192 block=2 sample=27 device_us=4.780 wall_us=195.842 binary=PARENT_V016
SAME_BINARY_SAMPLE case=fp16-ctrl-d8192 block=2 sample=28 device_us=122.060 wall_us=168.653 binary=PARENT_V016
SAME_BINARY_SAMPLE case=fp16-ctrl-d8192 block=2 sample=29 device_us=4.840 wall_us=209.083 binary=PARENT_V016
SAME_BINARY_SAMPLE case=fp16-ctrl-d8192 block=2 sample=30 device_us=5.120 wall_us=189.593 binary=PARENT_V016
SAME_BINARY_SAMPLE case=fp16-ctrl-d8192 block=2 sample=31 device_us=4.820 wall_us=186.132 binary=PARENT_V016
SUMMARY case=fp16-ctrl-d8192 metric=device_us binary=PARENT_V016_BLOCK_2 n=31 median=5.060 mean=30.483 stdev=52.271 cv=1.71477 min=4.580 max=156.240 max_min=34.114 mad=0.240 p10=4.760 p90=134.440 spread=151.660 core_cv=0.04418
SUMMARY case=fp16-ctrl-d8192 metric=device_us binary=PARENT_V016_ALL n=62 median=5.020 mean=20.050 stdev=41.644 cv=2.07702 min=4.580 max=156.240 max_min=34.114 mad=0.200 p10=4.742 p90=108.792 spread=151.660 core_cv=0.04432
SUMMARY case=fp16-ctrl-d8192 metric=wall_us binary=PARENT_V016_ALL n=62 median=181.312 mean=172.638 stdev=28.630 cv=0.16584 min=66.751 max=212.253 max_min=3.180 mad=5.505 p10=134.048 p90=195.745 spread=145.502 core_cv=0.06863
SAME_BINARY_QUAL case=fp16-ctrl-d8192 result=PASS samples=62 median_us=5.020 mad_over_median=0.03984 block_drift=0.01992
CORRECTNESS case=fp16-ctrl-d8192 binary=PARENT_V016 result=PASS failures=0 max_abs=0.0009765625 max_rel=0.0012618296
CASE_END name=fp16-ctrl-d8192 same_binary=PARENT_V016 correctness=PASS
CASE_BEGIN name=bf16-ctrl-d8192 dtype=bf16 rows=2 width=8192 device=4 warmup_each=45 pairs=21 samples_per_binary=21
SAME_BINARY_SAMPLE case=bf16-ctrl-d8192 block=1 sample=01 device_us=5.740 wall_us=103.571 binary=PARENT_V016
SAME_BINARY_SAMPLE case=bf16-ctrl-d8192 block=1 sample=02 device_us=91.780 wall_us=136.342 binary=PARENT_V016
SAME_BINARY_SAMPLE case=bf16-ctrl-d8192 block=1 sample=03 device_us=5.780 wall_us=212.453 binary=PARENT_V016
SAME_BINARY_SAMPLE case=bf16-ctrl-d8192 block=1 sample=04 device_us=5.360 wall_us=193.323 binary=PARENT_V016
SAME_BINARY_SAMPLE case=bf16-ctrl-d8192 block=1 sample=05 device_us=5.400 wall_us=198.813 binary=PARENT_V016
SAME_BINARY_SAMPLE case=bf16-ctrl-d8192 block=1 sample=06 device_us=5.740 wall_us=200.813 binary=PARENT_V016
SAME_BINARY_SAMPLE case=bf16-ctrl-d8192 block=1 sample=07 device_us=5.720 wall_us=70.901 binary=PARENT_V016
SAME_BINARY_SAMPLE case=bf16-ctrl-d8192 block=1 sample=08 device_us=5.280 wall_us=136.542 binary=PARENT_V016
SAME_BINARY_SAMPLE case=bf16-ctrl-d8192 block=1 sample=09 device_us=5.380 wall_us=149.512 binary=PARENT_V016
SAME_BINARY_SAMPLE case=bf16-ctrl-d8192 block=1 sample=10 device_us=25.060 wall_us=68.601 binary=PARENT_V016
SAME_BINARY_SAMPLE case=bf16-ctrl-d8192 block=1 sample=11 device_us=5.520 wall_us=180.033 binary=PARENT_V016
SAME_BINARY_SAMPLE case=bf16-ctrl-d8192 block=1 sample=12 device_us=5.700 wall_us=138.532 binary=PARENT_V016
SAME_BINARY_SAMPLE case=bf16-ctrl-d8192 block=1 sample=13 device_us=5.920 wall_us=144.592 binary=PARENT_V016
SAME_BINARY_SAMPLE case=bf16-ctrl-d8192 block=1 sample=14 device_us=6.060 wall_us=136.922 binary=PARENT_V016
SAME_BINARY_SAMPLE case=bf16-ctrl-d8192 block=1 sample=15 device_us=83.260 wall_us=125.112 binary=PARENT_V016
SAME_BINARY_SAMPLE case=bf16-ctrl-d8192 block=1 sample=16 device_us=5.480 wall_us=118.872 binary=PARENT_V016
SAME_BINARY_SAMPLE case=bf16-ctrl-d8192 block=1 sample=17 device_us=5.460 wall_us=195.453 binary=PARENT_V016
SAME_BINARY_SAMPLE case=bf16-ctrl-d8192 block=1 sample=18 device_us=6.020 wall_us=149.162 binary=PARENT_V016
SAME_BINARY_SAMPLE case=bf16-ctrl-d8192 block=1 sample=19 device_us=5.540 wall_us=209.113 binary=PARENT_V016
SAME_BINARY_SAMPLE case=bf16-ctrl-d8192 block=1 sample=20 device_us=5.560 wall_us=127.162 binary=PARENT_V016
SAME_BINARY_SAMPLE case=bf16-ctrl-d8192 block=1 sample=21 device_us=5.580 wall_us=149.752 binary=PARENT_V016
SAME_BINARY_SAMPLE case=bf16-ctrl-d8192 block=1 sample=22 device_us=5.460 wall_us=114.552 binary=PARENT_V016
SAME_BINARY_SAMPLE case=bf16-ctrl-d8192 block=1 sample=23 device_us=5.960 wall_us=105.011 binary=PARENT_V016
SAME_BINARY_SAMPLE case=bf16-ctrl-d8192 block=1 sample=24 device_us=6.020 wall_us=74.581 binary=PARENT_V016
SAME_BINARY_SAMPLE case=bf16-ctrl-d8192 block=1 sample=25 device_us=6.280 wall_us=160.912 binary=PARENT_V016
SAME_BINARY_SAMPLE case=bf16-ctrl-d8192 block=1 sample=26 device_us=5.320 wall_us=118.642 binary=PARENT_V016
SAME_BINARY_SAMPLE case=bf16-ctrl-d8192 block=1 sample=27 device_us=5.160 wall_us=113.051 binary=PARENT_V016
SAME_BINARY_SAMPLE case=bf16-ctrl-d8192 block=1 sample=28 device_us=5.500 wall_us=113.751 binary=PARENT_V016
SAME_BINARY_SAMPLE case=bf16-ctrl-d8192 block=1 sample=29 device_us=5.360 wall_us=123.672 binary=PARENT_V016
SAME_BINARY_SAMPLE case=bf16-ctrl-d8192 block=1 sample=30 device_us=5.640 wall_us=101.822 binary=PARENT_V016
SAME_BINARY_SAMPLE case=bf16-ctrl-d8192 block=1 sample=31 device_us=5.340 wall_us=76.131 binary=PARENT_V016
SUMMARY case=bf16-ctrl-d8192 metric=device_us binary=PARENT_V016_BLOCK_1 n=31 median=5.580 mean=11.528 stdev=20.615 cv=1.78819 min=5.160 max=91.780 max_min=17.787 mad=0.200 p10=5.340 p90=6.280 spread=86.620 core_cv=0.04929
SAME_BINARY_SAMPLE case=bf16-ctrl-d8192 block=2 sample=01 device_us=5.600 wall_us=205.993 binary=PARENT_V016
SAME_BINARY_SAMPLE case=bf16-ctrl-d8192 block=2 sample=02 device_us=5.700 wall_us=127.892 binary=PARENT_V016
SAME_BINARY_SAMPLE case=bf16-ctrl-d8192 block=2 sample=03 device_us=5.900 wall_us=157.612 binary=PARENT_V016
SAME_BINARY_SAMPLE case=bf16-ctrl-d8192 block=2 sample=04 device_us=87.980 wall_us=128.612 binary=PARENT_V016
SAME_BINARY_SAMPLE case=bf16-ctrl-d8192 block=2 sample=05 device_us=14.100 wall_us=70.591 binary=PARENT_V016
SAME_BINARY_SAMPLE case=bf16-ctrl-d8192 block=2 sample=06 device_us=5.360 wall_us=105.672 binary=PARENT_V016
SAME_BINARY_SAMPLE case=bf16-ctrl-d8192 block=2 sample=07 device_us=5.280 wall_us=171.492 binary=PARENT_V016
SAME_BINARY_SAMPLE case=bf16-ctrl-d8192 block=2 sample=08 device_us=5.360 wall_us=116.752 binary=PARENT_V016
SAME_BINARY_SAMPLE case=bf16-ctrl-d8192 block=2 sample=09 device_us=5.400 wall_us=158.382 binary=PARENT_V016
SAME_BINARY_SAMPLE case=bf16-ctrl-d8192 block=2 sample=10 device_us=95.320 wall_us=159.932 binary=PARENT_V016
SAME_BINARY_SAMPLE case=bf16-ctrl-d8192 block=2 sample=11 device_us=5.420 wall_us=152.742 binary=PARENT_V016
SAME_BINARY_SAMPLE case=bf16-ctrl-d8192 block=2 sample=12 device_us=5.460 wall_us=73.661 binary=PARENT_V016
SAME_BINARY_SAMPLE case=bf16-ctrl-d8192 block=2 sample=13 device_us=6.100 wall_us=72.161 binary=PARENT_V016
SAME_BINARY_SAMPLE case=bf16-ctrl-d8192 block=2 sample=14 device_us=13.940 wall_us=67.131 binary=PARENT_V016
SAME_BINARY_SAMPLE case=bf16-ctrl-d8192 block=2 sample=15 device_us=6.000 wall_us=118.032 binary=PARENT_V016
SAME_BINARY_SAMPLE case=bf16-ctrl-d8192 block=2 sample=16 device_us=5.820 wall_us=167.552 binary=PARENT_V016
SAME_BINARY_SAMPLE case=bf16-ctrl-d8192 block=2 sample=17 device_us=10.380 wall_us=74.822 binary=PARENT_V016
SAME_BINARY_SAMPLE case=bf16-ctrl-d8192 block=2 sample=18 device_us=89.980 wall_us=136.692 binary=PARENT_V016
SAME_BINARY_SAMPLE case=bf16-ctrl-d8192 block=2 sample=19 device_us=5.520 wall_us=121.691 binary=PARENT_V016
SAME_BINARY_SAMPLE case=bf16-ctrl-d8192 block=2 sample=20 device_us=5.380 wall_us=234.923 binary=PARENT_V016
SAME_BINARY_SAMPLE case=bf16-ctrl-d8192 block=2 sample=21 device_us=5.820 wall_us=140.202 binary=PARENT_V016
SAME_BINARY_SAMPLE case=bf16-ctrl-d8192 block=2 sample=22 device_us=5.420 wall_us=174.842 binary=PARENT_V016
SAME_BINARY_SAMPLE case=bf16-ctrl-d8192 block=2 sample=23 device_us=5.720 wall_us=168.652 binary=PARENT_V016
SAME_BINARY_SAMPLE case=bf16-ctrl-d8192 block=2 sample=24 device_us=104.640 wall_us=146.512 binary=PARENT_V016
SAME_BINARY_SAMPLE case=bf16-ctrl-d8192 block=2 sample=25 device_us=5.260 wall_us=172.753 binary=PARENT_V016
SAME_BINARY_SAMPLE case=bf16-ctrl-d8192 block=2 sample=26 device_us=5.460 wall_us=84.251 binary=PARENT_V016
SAME_BINARY_SAMPLE case=bf16-ctrl-d8192 block=2 sample=27 device_us=44.240 wall_us=88.771 binary=PARENT_V016
SAME_BINARY_SAMPLE case=bf16-ctrl-d8192 block=2 sample=28 device_us=5.340 wall_us=148.742 binary=PARENT_V016
SAME_BINARY_SAMPLE case=bf16-ctrl-d8192 block=2 sample=29 device_us=5.840 wall_us=116.321 binary=PARENT_V016
SAME_BINARY_SAMPLE case=bf16-ctrl-d8192 block=2 sample=30 device_us=5.400 wall_us=132.531 binary=PARENT_V016
SAME_BINARY_SAMPLE case=bf16-ctrl-d8192 block=2 sample=31 device_us=61.080 wall_us=105.122 binary=PARENT_V016
SUMMARY case=bf16-ctrl-d8192 metric=device_us binary=PARENT_V016_BLOCK_2 n=31 median=5.720 mean=20.781 stdev=31.282 cv=1.50531 min=5.260 max=104.640 max_min=19.894 mad=0.340 p10=5.360 p90=87.980 spread=99.380 core_cv=0.04466
SUMMARY case=bf16-ctrl-d8192 metric=device_us binary=PARENT_V016_ALL n=62 median=5.670 mean=16.155 stdev=26.684 cv=1.65176 min=5.160 max=104.640 max_min=20.279 mad=0.290 p10=5.342 p90=59.396 spread=99.480 core_cv=0.04703
SUMMARY case=bf16-ctrl-d8192 metric=wall_us binary=PARENT_V016_ALL n=62 median=134.437 mean=134.657 stdev=41.067 cv=0.30497 min=67.131 max=234.923 max_min=3.499 mad=25.985 p10=74.605 p90=195.240 spread=167.792 core_cv=0.11265
SAME_BINARY_QUAL case=bf16-ctrl-d8192 result=PASS samples=62 median_us=5.670 mad_over_median=0.05115 block_drift=0.02469
CORRECTNESS case=bf16-ctrl-d8192 binary=PARENT_V016 result=PASS failures=0 max_abs=0.0078125 max_rel=0.0075757578
CASE_END name=bf16-ctrl-d8192 same_binary=PARENT_V016 correctness=PASS
RUNNER_COMPLETE mode=QUALIFY_PARENT_V016 correctness=PASS cases=4 warmup_each=45 pairs_each=21 timing=DEVICE_EVENT_PRIMARY wall=DIAGNOSTIC
