=== STORE-EPILOGUE-X V001 compile 2026-09-28T22:29:24Z ===
ASCEND_HOME_PATH=/usr/local/Ascend/ascend-toolkit/8.5.0.alpha002
SOC: Ascend910B3 arch dav-2201
SOURCE_SHA=0cdef265459d4683a1813593a881a5cf25ae75246aab49279d121896b71184ca
--- cmake configure ---
-- Configuring done
-- Generating done
-- Build files have been written to: /home/data4t2/lelinfeng/phase4-workspaces/STORE-EPILOGUE-X/build
CMAKE_RC=0
--- compile submission object ---
Consolidate compiler generated dependencies of target se_v001_submission
[100%] Building ASC object CMakeFiles/se_v001_submission.dir/submission_shim.asc.o
[100%] Built target se_v001_submission
OBJ_RC=0
--- link target se_full_link ---
Consolidate compiler generated dependencies of target se_full_link
[ 50%] Building ASC object CMakeFiles/se_full_link.dir/main.asc.o
[100%] Linking ASC executable se_full_link
[100%] Built target se_full_link
LINK_RC=0
EXECUTABLE_SHA=7bc64714b73bac8e1b930593729dde2b3d603ff0e73710626d1386bd4d78af85
EXECUTABLE_BYTES=470368
--- build correctness probes ---
Consolidate compiler generated dependencies of target se_parent_probe
[ 50%] Building ASC object CMakeFiles/se_parent_probe.dir/runner_parent.asc.o
In file included from /home/data4t2/lelinfeng/phase4-workspaces/STORE-EPILOGUE-X/runner_parent.asc:2:
/home/data4t2/lelinfeng/phase4-workspaces/STORE-EPILOGUE-X/runner_main.inc:162:21: warning: 'cce_global' attribute ignored when parsing type [-Wignored-attributes]
        run_kernel((GM_ADDR)deviceX, infoX, (GM_ADDR)deviceR, infoR,
                    ^~~~~~~
/usr/local/Ascend/ascend-toolkit/8.5.0.alpha002/compiler/tikcpp/tikcfw/impl/utils/kernel_utils_macros.h:18:17: note: expanded from macro 'GM_ADDR'
#define GM_ADDR __gm__ uint8_t*
                ^~~~~~
/usr/local/Ascend/ascend-toolkit/8.5.0.alpha002/aarch64-linux/ccec_compiler/lib/clang/15.0.5/include/__clang_cce_defines.h:47:31: note: expanded from macro '__gm__'
#define __gm__ __attribute__((cce_global))
                              ^~~~~~~~~~
In file included from /home/data4t2/lelinfeng/phase4-workspaces/STORE-EPILOGUE-X/runner_parent.asc:2:
/home/data4t2/lelinfeng/phase4-workspaces/STORE-EPILOGUE-X/runner_main.inc:162:46: warning: 'cce_global' attribute ignored when parsing type [-Wignored-attributes]
        run_kernel((GM_ADDR)deviceX, infoX, (GM_ADDR)deviceR, infoR,
                                             ^~~~~~~
/usr/local/Ascend/ascend-toolkit/8.5.0.alpha002/compiler/tikcpp/tikcfw/impl/utils/kernel_utils_macros.h:18:17: note: expanded from macro 'GM_ADDR'
#define GM_ADDR __gm__ uint8_t*
                ^~~~~~
/usr/local/Ascend/ascend-toolkit/8.5.0.alpha002/aarch64-linux/ccec_compiler/lib/clang/15.0.5/include/__clang_cce_defines.h:47:31: note: expanded from macro '__gm__'
#define __gm__ __attribute__((cce_global))
                              ^~~~~~~~~~
In file included from /home/data4t2/lelinfeng/phase4-workspaces/STORE-EPILOGUE-X/runner_parent.asc:2:
/home/data4t2/lelinfeng/phase4-workspaces/STORE-EPILOGUE-X/runner_main.inc:163:21: warning: 'cce_global' attribute ignored when parsing type [-Wignored-attributes]
                   (GM_ADDR)deviceG, infoG, (GM_ADDR)deviceB, infoB,
                    ^~~~~~~
/usr/local/Ascend/ascend-toolkit/8.5.0.alpha002/compiler/tikcpp/tikcfw/impl/utils/kernel_utils_macros.h:18:17: note: expanded from macro 'GM_ADDR'
#define GM_ADDR __gm__ uint8_t*
                ^~~~~~
/usr/local/Ascend/ascend-toolkit/8.5.0.alpha002/aarch64-linux/ccec_compiler/lib/clang/15.0.5/include/__clang_cce_defines.h:47:31: note: expanded from macro '__gm__'
#define __gm__ __attribute__((cce_global))
                              ^~~~~~~~~~
In file included from /home/data4t2/lelinfeng/phase4-workspaces/STORE-EPILOGUE-X/runner_parent.asc:2:
/home/data4t2/lelinfeng/phase4-workspaces/STORE-EPILOGUE-X/runner_main.inc:163:46: warning: 'cce_global' attribute ignored when parsing type [-Wignored-attributes]
                   (GM_ADDR)deviceG, infoG, (GM_ADDR)deviceB, infoB,
                                             ^~~~~~~
/usr/local/Ascend/ascend-toolkit/8.5.0.alpha002/compiler/tikcpp/tikcfw/impl/utils/kernel_utils_macros.h:18:17: note: expanded from macro 'GM_ADDR'
#define GM_ADDR __gm__ uint8_t*
                ^~~~~~
/usr/local/Ascend/ascend-toolkit/8.5.0.alpha002/aarch64-linux/ccec_compiler/lib/clang/15.0.5/include/__clang_cce_defines.h:47:31: note: expanded from macro '__gm__'
#define __gm__ __attribute__((cce_global))
                              ^~~~~~~~~~
In file included from /home/data4t2/lelinfeng/phase4-workspaces/STORE-EPILOGUE-X/runner_parent.asc:2:
/home/data4t2/lelinfeng/phase4-workspaces/STORE-EPILOGUE-X/runner_main.inc:164:21: warning: 'cce_global' attribute ignored when parsing type [-Wignored-attributes]
                   (GM_ADDR)deviceOut, infoO, availableCoreNum, stream, kEpsilon);
                    ^~~~~~~
/usr/local/Ascend/ascend-toolkit/8.5.0.alpha002/compiler/tikcpp/tikcfw/impl/utils/kernel_utils_macros.h:18:17: note: expanded from macro 'GM_ADDR'
#define GM_ADDR __gm__ uint8_t*
                ^~~~~~
/usr/local/Ascend/ascend-toolkit/8.5.0.alpha002/aarch64-linux/ccec_compiler/lib/clang/15.0.5/include/__clang_cce_defines.h:47:31: note: expanded from macro '__gm__'
#define __gm__ __attribute__((cce_global))
                              ^~~~~~~~~~
5 warnings generated.
In file included from /home/data4t2/lelinfeng/phase4-workspaces/STORE-EPILOGUE-X/runner_parent.asc:2:
/home/data4t2/lelinfeng/phase4-workspaces/STORE-EPILOGUE-X/runner_main.inc:162:21: warning: 'cce_global' attribute ignored when parsing type [-Wignored-attributes]
/usr/local/Ascend/ascend-toolkit/8.5.0.alpha002/compiler/tikcpp/tikcfw/impl/utils/kernel_utils_macros.h:18:17: note: expanded from macro 'GM_ADDR'
/usr/local/Ascend/ascend-toolkit/8.5.0.alpha002/aarch64-linux/ccec_compiler/lib/clang/15.0.5/include/__clang_cce_defines.h:47:31: note: expanded from macro '__gm__'
In file included from /home/data4t2/lelinfeng/phase4-workspaces/STORE-EPILOGUE-X/runner_parent.asc:2:
/home/data4t2/lelinfeng/phase4-workspaces/STORE-EPILOGUE-X/runner_main.inc:162:46: warning: 'cce_global' attribute ignored when parsing type [-Wignored-attributes]
/usr/local/Ascend/ascend-toolkit/8.5.0.alpha002/compiler/tikcpp/tikcfw/impl/utils/kernel_utils_macros.h:18:17: note: expanded from macro 'GM_ADDR'
/usr/local/Ascend/ascend-toolkit/8.5.0.alpha002/aarch64-linux/ccec_compiler/lib/clang/15.0.5/include/__clang_cce_defines.h:47:31: note: expanded from macro '__gm__'
In file included from /home/data4t2/lelinfeng/phase4-workspaces/STORE-EPILOGUE-X/runner_parent.asc:2:
/home/data4t2/lelinfeng/phase4-workspaces/STORE-EPILOGUE-X/runner_main.inc:163:21: warning: 'cce_global' attribute ignored when parsing type [-Wignored-attributes]
/usr/local/Ascend/ascend-toolkit/8.5.0.alpha002/compiler/tikcpp/tikcfw/impl/utils/kernel_utils_macros.h:18:17: note: expanded from macro 'GM_ADDR'
/usr/local/Ascend/ascend-toolkit/8.5.0.alpha002/aarch64-linux/ccec_compiler/lib/clang/15.0.5/include/__clang_cce_defines.h:47:31: note: expanded from macro '__gm__'
In file included from /home/data4t2/lelinfeng/phase4-workspaces/STORE-EPILOGUE-X/runner_parent.asc:2:
/home/data4t2/lelinfeng/phase4-workspaces/STORE-EPILOGUE-X/runner_main.inc:163:46: warning: 'cce_global' attribute ignored when parsing type [-Wignored-attributes]
/usr/local/Ascend/ascend-toolkit/8.5.0.alpha002/compiler/tikcpp/tikcfw/impl/utils/kernel_utils_macros.h:18:17: note: expanded from macro 'GM_ADDR'
/usr/local/Ascend/ascend-toolkit/8.5.0.alpha002/aarch64-linux/ccec_compiler/lib/clang/15.0.5/include/__clang_cce_defines.h:47:31: note: expanded from macro '__gm__'
In file included from /home/data4t2/lelinfeng/phase4-workspaces/STORE-EPILOGUE-X/runner_parent.asc:2:
/home/data4t2/lelinfeng/phase4-workspaces/STORE-EPILOGUE-X/runner_main.inc:164:21: warning: 'cce_global' attribute ignored when parsing type [-Wignored-attributes]
/usr/local/Ascend/ascend-toolkit/8.5.0.alpha002/compiler/tikcpp/tikcfw/impl/utils/kernel_utils_macros.h:18:17: note: expanded from macro 'GM_ADDR'
/usr/local/Ascend/ascend-toolkit/8.5.0.alpha002/aarch64-linux/ccec_compiler/lib/clang/15.0.5/include/__clang_cce_defines.h:47:31: note: expanded from macro '__gm__'
5 warnings generated.
Warning: please refer to the above warning message. 
Warning: please refer to the above warning message. 
Warning: please refer to the above warning message. 
Warning: please refer to the above warning message. 
Warning: please refer to the above warning message. 
Warning: please refer to the above warning message. 
Warning: please refer to the above warning message. 
Warning: please refer to the above warning message. 
Warning: please refer to the above warning message. 
Warning: please refer to the above warning message. 
Warning: please refer to the above warning message. 
Warning: please refer to the above warning message. 
Warning: please refer to the above warning message. 
Warning: please refer to the above warning message. 
Warning: please refer to the above warning message. 
[100%] Linking ASC executable se_parent_probe
[100%] Built target se_parent_probe
Consolidate compiler generated dependencies of target se_candidate_probe
[ 50%] Building ASC object CMakeFiles/se_candidate_probe.dir/runner_candidate.asc.o
In file included from /home/data4t2/lelinfeng/phase4-workspaces/STORE-EPILOGUE-X/runner_candidate.asc:2:
/home/data4t2/lelinfeng/phase4-workspaces/STORE-EPILOGUE-X/runner_main.inc:162:21: warning: 'cce_global' attribute ignored when parsing type [-Wignored-attributes]
        run_kernel((GM_ADDR)deviceX, infoX, (GM_ADDR)deviceR, infoR,
                    ^~~~~~~
/usr/local/Ascend/ascend-toolkit/8.5.0.alpha002/compiler/tikcpp/tikcfw/impl/utils/kernel_utils_macros.h:18:17: note: expanded from macro 'GM_ADDR'
#define GM_ADDR __gm__ uint8_t*
                ^~~~~~
/usr/local/Ascend/ascend-toolkit/8.5.0.alpha002/aarch64-linux/ccec_compiler/lib/clang/15.0.5/include/__clang_cce_defines.h:47:31: note: expanded from macro '__gm__'
#define __gm__ __attribute__((cce_global))
                              ^~~~~~~~~~
In file included from /home/data4t2/lelinfeng/phase4-workspaces/STORE-EPILOGUE-X/runner_candidate.asc:2:
/home/data4t2/lelinfeng/phase4-workspaces/STORE-EPILOGUE-X/runner_main.inc:162:46: warning: 'cce_global' attribute ignored when parsing type [-Wignored-attributes]
        run_kernel((GM_ADDR)deviceX, infoX, (GM_ADDR)deviceR, infoR,
                                             ^~~~~~~
/usr/local/Ascend/ascend-toolkit/8.5.0.alpha002/compiler/tikcpp/tikcfw/impl/utils/kernel_utils_macros.h:18:17: note: expanded from macro 'GM_ADDR'
#define GM_ADDR __gm__ uint8_t*
                ^~~~~~
/usr/local/Ascend/ascend-toolkit/8.5.0.alpha002/aarch64-linux/ccec_compiler/lib/clang/15.0.5/include/__clang_cce_defines.h:47:31: note: expanded from macro '__gm__'
#define __gm__ __attribute__((cce_global))
                              ^~~~~~~~~~
In file included from /home/data4t2/lelinfeng/phase4-workspaces/STORE-EPILOGUE-X/runner_candidate.asc:2:
/home/data4t2/lelinfeng/phase4-workspaces/STORE-EPILOGUE-X/runner_main.inc:163:21: warning: 'cce_global' attribute ignored when parsing type [-Wignored-attributes]
                   (GM_ADDR)deviceG, infoG, (GM_ADDR)deviceB, infoB,
                    ^~~~~~~
/usr/local/Ascend/ascend-toolkit/8.5.0.alpha002/compiler/tikcpp/tikcfw/impl/utils/kernel_utils_macros.h:18:17: note: expanded from macro 'GM_ADDR'
#define GM_ADDR __gm__ uint8_t*
                ^~~~~~
/usr/local/Ascend/ascend-toolkit/8.5.0.alpha002/aarch64-linux/ccec_compiler/lib/clang/15.0.5/include/__clang_cce_defines.h:47:31: note: expanded from macro '__gm__'
#define __gm__ __attribute__((cce_global))
                              ^~~~~~~~~~
In file included from /home/data4t2/lelinfeng/phase4-workspaces/STORE-EPILOGUE-X/runner_candidate.asc:2:
/home/data4t2/lelinfeng/phase4-workspaces/STORE-EPILOGUE-X/runner_main.inc:163:46: warning: 'cce_global' attribute ignored when parsing type [-Wignored-attributes]
                   (GM_ADDR)deviceG, infoG, (GM_ADDR)deviceB, infoB,
                                             ^~~~~~~
/usr/local/Ascend/ascend-toolkit/8.5.0.alpha002/compiler/tikcpp/tikcfw/impl/utils/kernel_utils_macros.h:18:17: note: expanded from macro 'GM_ADDR'
#define GM_ADDR __gm__ uint8_t*
                ^~~~~~
/usr/local/Ascend/ascend-toolkit/8.5.0.alpha002/aarch64-linux/ccec_compiler/lib/clang/15.0.5/include/__clang_cce_defines.h:47:31: note: expanded from macro '__gm__'
#define __gm__ __attribute__((cce_global))
                              ^~~~~~~~~~
In file included from /home/data4t2/lelinfeng/phase4-workspaces/STORE-EPILOGUE-X/runner_candidate.asc:2:
/home/data4t2/lelinfeng/phase4-workspaces/STORE-EPILOGUE-X/runner_main.inc:164:21: warning: 'cce_global' attribute ignored when parsing type [-Wignored-attributes]
                   (GM_ADDR)deviceOut, infoO, availableCoreNum, stream, kEpsilon);
                    ^~~~~~~
/usr/local/Ascend/ascend-toolkit/8.5.0.alpha002/compiler/tikcpp/tikcfw/impl/utils/kernel_utils_macros.h:18:17: note: expanded from macro 'GM_ADDR'
#define GM_ADDR __gm__ uint8_t*
                ^~~~~~
/usr/local/Ascend/ascend-toolkit/8.5.0.alpha002/aarch64-linux/ccec_compiler/lib/clang/15.0.5/include/__clang_cce_defines.h:47:31: note: expanded from macro '__gm__'
#define __gm__ __attribute__((cce_global))
                              ^~~~~~~~~~
5 warnings generated.
In file included from /home/data4t2/lelinfeng/phase4-workspaces/STORE-EPILOGUE-X/runner_candidate.asc:2:
/home/data4t2/lelinfeng/phase4-workspaces/STORE-EPILOGUE-X/runner_main.inc:162:21: warning: 'cce_global' attribute ignored when parsing type [-Wignored-attributes]
/usr/local/Ascend/ascend-toolkit/8.5.0.alpha002/compiler/tikcpp/tikcfw/impl/utils/kernel_utils_macros.h:18:17: note: expanded from macro 'GM_ADDR'
/usr/local/Ascend/ascend-toolkit/8.5.0.alpha002/aarch64-linux/ccec_compiler/lib/clang/15.0.5/include/__clang_cce_defines.h:47:31: note: expanded from macro '__gm__'
In file included from /home/data4t2/lelinfeng/phase4-workspaces/STORE-EPILOGUE-X/runner_candidate.asc:2:
/home/data4t2/lelinfeng/phase4-workspaces/STORE-EPILOGUE-X/runner_main.inc:162:46: warning: 'cce_global' attribute ignored when parsing type [-Wignored-attributes]
/usr/local/Ascend/ascend-toolkit/8.5.0.alpha002/compiler/tikcpp/tikcfw/impl/utils/kernel_utils_macros.h:18:17: note: expanded from macro 'GM_ADDR'
/usr/local/Ascend/ascend-toolkit/8.5.0.alpha002/aarch64-linux/ccec_compiler/lib/clang/15.0.5/include/__clang_cce_defines.h:47:31: note: expanded from macro '__gm__'
In file included from /home/data4t2/lelinfeng/phase4-workspaces/STORE-EPILOGUE-X/runner_candidate.asc:2:
/home/data4t2/lelinfeng/phase4-workspaces/STORE-EPILOGUE-X/runner_main.inc:163:21: warning: 'cce_global' attribute ignored when parsing type [-Wignored-attributes]
/usr/local/Ascend/ascend-toolkit/8.5.0.alpha002/compiler/tikcpp/tikcfw/impl/utils/kernel_utils_macros.h:18:17: note: expanded from macro 'GM_ADDR'
/usr/local/Ascend/ascend-toolkit/8.5.0.alpha002/aarch64-linux/ccec_compiler/lib/clang/15.0.5/include/__clang_cce_defines.h:47:31: note: expanded from macro '__gm__'
In file included from /home/data4t2/lelinfeng/phase4-workspaces/STORE-EPILOGUE-X/runner_candidate.asc:2:
/home/data4t2/lelinfeng/phase4-workspaces/STORE-EPILOGUE-X/runner_main.inc:163:46: warning: 'cce_global' attribute ignored when parsing type [-Wignored-attributes]
/usr/local/Ascend/ascend-toolkit/8.5.0.alpha002/compiler/tikcpp/tikcfw/impl/utils/kernel_utils_macros.h:18:17: note: expanded from macro 'GM_ADDR'
/usr/local/Ascend/ascend-toolkit/8.5.0.alpha002/aarch64-linux/ccec_compiler/lib/clang/15.0.5/include/__clang_cce_defines.h:47:31: note: expanded from macro '__gm__'
In file included from /home/data4t2/lelinfeng/phase4-workspaces/STORE-EPILOGUE-X/runner_candidate.asc:2:
/home/data4t2/lelinfeng/phase4-workspaces/STORE-EPILOGUE-X/runner_main.inc:164:21: warning: 'cce_global' attribute ignored when parsing type [-Wignored-attributes]
/usr/local/Ascend/ascend-toolkit/8.5.0.alpha002/compiler/tikcpp/tikcfw/impl/utils/kernel_utils_macros.h:18:17: note: expanded from macro 'GM_ADDR'
/usr/local/Ascend/ascend-toolkit/8.5.0.alpha002/aarch64-linux/ccec_compiler/lib/clang/15.0.5/include/__clang_cce_defines.h:47:31: note: expanded from macro '__gm__'
5 warnings generated.
Warning: please refer to the above warning message. 
Warning: please refer to the above warning message. 
Warning: please refer to the above warning message. 
Warning: please refer to the above warning message. 
Warning: please refer to the above warning message. 
Warning: please refer to the above warning message. 
Warning: please refer to the above warning message. 
Warning: please refer to the above warning message. 
Warning: please refer to the above warning message. 
Warning: please refer to the above warning message. 
Warning: please refer to the above warning message. 
Warning: please refer to the above warning message. 
Warning: please refer to the above warning message. 
Warning: please refer to the above warning message. 
Warning: please refer to the above warning message. 
[100%] Linking ASC executable se_candidate_probe
[100%] Built target se_candidate_probe
PROBE_RC=0
PROBE_SHA_se_parent_probe=6d865aaaf57d00c13b7b64f1067b978d82c474b76e4ae8a97221bc5c00ac1c28
PROBE_SHA_se_candidate_probe=c5a255b7b8d2c2a47d1a4c55eb8f3ba7d869cbb59e51dc159327b484b2e2e969
=== COMPILE_DONE CMAKE_RC=0 BUILD_RC=0 ===
