=== PHASE 1: same-binary (blocks=2, samples=41, warmup=45) ===
--- same-binary P 1x32768_fp32 ---
rc=3
--- same-binary C 1x32768_fp32 ---
rc=3
--- same-binary P 1x16384_fp32 ---
rc=3
--- same-binary C 1x16384_fp32 ---
rc=3
--- same-binary P 2x16384_fp32 ---
rc=3
--- same-binary C 2x16384_fp32 ---
rc=3
--- same-binary P 8x16384_fp32 ---
rc=3
--- same-binary C 8x16384_fp32 ---
rc=3
--- same-binary P 2x32768_fp32 ---
rc=3
--- same-binary C 2x32768_fp32 ---
rc=3
--- same-binary P 2x12288_fp32 ---
rc=3
--- same-binary C 2x12288_fp32 ---
rc=3
--- same-binary P 2x8192_fp32 ---
rc=0
--- same-binary C 2x8192_fp32 ---
rc=0
--- same-binary P 2x256_fp32 ---
rc=0
--- same-binary C 2x256_fp32 ---
rc=0
--- same-binary P 8x8192_fp32 ---
rc=0
--- same-binary C 8x8192_fp32 ---
rc=0
--- same-binary P 1x16384_fp16 ---
rc=0
--- same-binary C 1x16384_fp16 ---
rc=0
=== PHASE 2: interleaved P/C pairs x6 ===
--- pair1 P 1x32768_fp32 ---
rc=3
--- pair1 C 1x32768_fp32 ---
rc=3
--- pair2 C 1x32768_fp32 ---
rc=3
--- pair2 P 1x32768_fp32 ---
rc=3
--- pair3 P 1x32768_fp32 ---
rc=3
--- pair3 C 1x32768_fp32 ---
rc=3
--- pair4 C 1x32768_fp32 ---
rc=3
--- pair4 P 1x32768_fp32 ---
rc=3
--- pair5 P 1x32768_fp32 ---
rc=3
--- pair5 C 1x32768_fp32 ---
rc=3
--- pair6 C 1x32768_fp32 ---
rc=3
--- pair6 P 1x32768_fp32 ---
rc=3
--- pair1 P 1x16384_fp32 ---
rc=3
--- pair1 C 1x16384_fp32 ---
rc=3
--- pair2 C 1x16384_fp32 ---
rc=3
--- pair2 P 1x16384_fp32 ---
rc=3
--- pair3 P 1x16384_fp32 ---
rc=3
--- pair3 C 1x16384_fp32 ---
rc=3
--- pair4 C 1x16384_fp32 ---
rc=3
--- pair4 P 1x16384_fp32 ---
rc=3
--- pair5 P 1x16384_fp32 ---
rc=3
--- pair5 C 1x16384_fp32 ---
rc=3
--- pair6 C 1x16384_fp32 ---
rc=3
--- pair6 P 1x16384_fp32 ---
rc=3
--- pair1 P 2x16384_fp32 ---
rc=3
--- pair1 C 2x16384_fp32 ---
rc=3
--- pair2 C 2x16384_fp32 ---
rc=3
--- pair2 P 2x16384_fp32 ---
rc=3
--- pair3 P 2x16384_fp32 ---
rc=3
--- pair3 C 2x16384_fp32 ---
rc=3
--- pair4 C 2x16384_fp32 ---
rc=3
--- pair4 P 2x16384_fp32 ---
rc=3
--- pair5 P 2x16384_fp32 ---
rc=3
--- pair5 C 2x16384_fp32 ---
rc=3
--- pair6 C 2x16384_fp32 ---
rc=3
--- pair6 P 2x16384_fp32 ---
rc=3
--- pair1 P 8x16384_fp32 ---
rc=3
--- pair1 C 8x16384_fp32 ---
rc=3
--- pair2 C 8x16384_fp32 ---
rc=3
--- pair2 P 8x16384_fp32 ---
rc=3
--- pair3 P 8x16384_fp32 ---
rc=3
--- pair3 C 8x16384_fp32 ---
rc=3
--- pair4 C 8x16384_fp32 ---
rc=3
--- pair4 P 8x16384_fp32 ---
rc=3
--- pair5 P 8x16384_fp32 ---
rc=3
--- pair5 C 8x16384_fp32 ---
rc=3
--- pair6 C 8x16384_fp32 ---
rc=3
--- pair6 P 8x16384_fp32 ---
rc=3
--- pair1 P 2x32768_fp32 ---
rc=3
--- pair1 C 2x32768_fp32 ---
rc=3
--- pair2 C 2x32768_fp32 ---
rc=3
--- pair2 P 2x32768_fp32 ---
rc=3
--- pair3 P 2x32768_fp32 ---
rc=3
--- pair3 C 2x32768_fp32 ---
rc=3
--- pair4 C 2x32768_fp32 ---
rc=3
--- pair4 P 2x32768_fp32 ---
rc=3
--- pair5 P 2x32768_fp32 ---
rc=3
--- pair5 C 2x32768_fp32 ---
rc=3
--- pair6 C 2x32768_fp32 ---
rc=3
--- pair6 P 2x32768_fp32 ---
rc=3
--- pair1 P 2x12288_fp32 ---
rc=3
--- pair1 C 2x12288_fp32 ---
rc=3
--- pair2 C 2x12288_fp32 ---
rc=3
--- pair2 P 2x12288_fp32 ---
rc=3
--- pair3 P 2x12288_fp32 ---
rc=3
--- pair3 C 2x12288_fp32 ---
rc=3
--- pair4 C 2x12288_fp32 ---
rc=3
--- pair4 P 2x12288_fp32 ---
rc=3
--- pair5 P 2x12288_fp32 ---
rc=3
--- pair5 C 2x12288_fp32 ---
rc=3
--- pair6 C 2x12288_fp32 ---
rc=3
--- pair6 P 2x12288_fp32 ---
rc=3
--- pair1 P 2x8192_fp32 ---
rc=0
--- pair1 C 2x8192_fp32 ---
rc=0
--- pair2 C 2x8192_fp32 ---
rc=0
--- pair2 P 2x8192_fp32 ---
rc=0
--- pair3 P 2x8192_fp32 ---
rc=0
--- pair3 C 2x8192_fp32 ---
rc=0
--- pair4 C 2x8192_fp32 ---
rc=0
--- pair4 P 2x8192_fp32 ---
rc=0
--- pair5 P 2x8192_fp32 ---
rc=0
--- pair5 C 2x8192_fp32 ---
rc=0
--- pair6 C 2x8192_fp32 ---
rc=0
--- pair6 P 2x8192_fp32 ---
rc=0
--- pair1 P 2x256_fp32 ---
rc=0
--- pair1 C 2x256_fp32 ---
rc=0
--- pair2 C 2x256_fp32 ---
rc=0
--- pair2 P 2x256_fp32 ---
rc=0
--- pair3 P 2x256_fp32 ---
rc=0
--- pair3 C 2x256_fp32 ---
rc=0
--- pair4 C 2x256_fp32 ---
rc=0
--- pair4 P 2x256_fp32 ---
rc=0
--- pair5 P 2x256_fp32 ---
rc=0
--- pair5 C 2x256_fp32 ---
rc=0
--- pair6 C 2x256_fp32 ---
rc=0
--- pair6 P 2x256_fp32 ---
rc=0
--- pair1 P 8x8192_fp32 ---
rc=0
--- pair1 C 8x8192_fp32 ---
rc=0
--- pair2 C 8x8192_fp32 ---
rc=0
--- pair2 P 8x8192_fp32 ---
rc=0
--- pair3 P 8x8192_fp32 ---
rc=0
--- pair3 C 8x8192_fp32 ---
rc=0
--- pair4 C 8x8192_fp32 ---
rc=0
--- pair4 P 8x8192_fp32 ---
rc=0
--- pair5 P 8x8192_fp32 ---
rc=0
--- pair5 C 8x8192_fp32 ---
rc=0
--- pair6 C 8x8192_fp32 ---
rc=0
--- pair6 P 8x8192_fp32 ---
rc=0
--- pair1 P 1x16384_fp16 ---
rc=0
--- pair1 C 1x16384_fp16 ---
rc=0
--- pair2 C 1x16384_fp16 ---
rc=0
--- pair2 P 1x16384_fp16 ---
rc=0
--- pair3 P 1x16384_fp16 ---
rc=0
--- pair3 C 1x16384_fp16 ---
rc=0
--- pair4 C 1x16384_fp16 ---
rc=0
--- pair4 P 1x16384_fp16 ---
rc=0
--- pair5 P 1x16384_fp16 ---
rc=0
--- pair5 C 1x16384_fp16 ---
rc=0
--- pair6 C 1x16384_fp16 ---
rc=0
--- pair6 P 1x16384_fp16 ---
rc=0
=== TIMING RUN DONE -> /home/data4t2/lelinfeng/phase4-workspaces/STORE-EPILOGUE-X/results-timing-v003-20260929 ===
424
