=== PERFORMANCE CALIBRATION FINAL ENVIRONMENT ===
2026-09-17T17:08:36Z
hwnput3
lelinfeng
--- SOURCE IDS ---
afd5b8eef071e2e849064b1913290b485e0689cf9da40987fb1ffc67dc36bd9c  /home/data4t2/lelinfeng/cann/实验/V005/工程/kernel.asc
35525ce93b068ef928d1e9a60e4f2c6fdec45fbc7c5511b73b509186dfd0635e  /home/data4t2/lelinfeng/cann/实验/参考候选验证/工程/kernel.asc
   394  16690 /home/data4t2/lelinfeng/cann/实验/V005/工程/kernel.asc
  2947 160461 /home/data4t2/lelinfeng/cann/实验/参考候选验证/工程/kernel.asc
  3341 177151 total
--- EXECUTABLE IDS ---
19f5f499f3c979f27b95c9f9baf9693f5e1eee11dd53798a404e953288ea8843  /home/data4t2/lelinfeng/cann/实验/性能校准-20260918/v005/build/add_rms_norm_bias_custom
34659fd0fa8bebe4fefb352f119f62d6f808901f4c502462a54de5673a54a800  /home/data4t2/lelinfeng/cann/实验/性能校准-20260918/reference/build/add_rms_norm_bias_custom
--- DISK ---
Filesystem      Size  Used Avail Use% Mounted on
/dev/nvme1n1p1  3.5T  3.2T   87G  98% /home/data4t2
--- OUTPUT SIZE ---
107M	/home/data4t2/lelinfeng/cann/实验/性能校准-20260918
--- NPU ---
+------------------------------------------------------------------------------------------------+
| npu-smi 25.0.rc1.1               Version: 25.0.rc1.1                                           |
+---------------------------+---------------+----------------------------------------------------+
| NPU   Name                | Health        | Power(W)    Temp(C)           Hugepages-Usage(page)|
| Chip                      | Bus-Id        | AICore(%)   Memory-Usage(MB)  HBM-Usage(MB)        |
+===========================+===============+====================================================+
| 0     910B3               | OK            | 90.4        25                0    / 0             |
| 0                         | 0000:C1:00.0  | 0           0    / 0          60262/ 65536         |
+===========================+===============+====================================================+
| 1     910B3               | OK            | 98.6        25                0    / 0             |
| 0                         | 0000:C2:00.0  | 0           0    / 0          61556/ 65536         |
+===========================+===============+====================================================+
| 2     910B3               | OK            | 103.3       28                0    / 0             |
| 0                         | 0000:81:00.0  | 2           0    / 0          64079/ 65536         |
+===========================+===============+====================================================+
| 3     910B3               | OK            | 89.5        26                0    / 0             |
| 0                         | 0000:82:00.0  | 0           0    / 0          60260/ 65536         |
+===========================+===============+====================================================+
| 4     910B3               | OK            | 88.0        30                0    / 0             |
| 0                         | 0000:01:00.0  | 0           0    / 0          58794/ 65536         |
+===========================+===============+====================================================+
| 5     910B3               | OK            | 90.0        28                0    / 0             |
| 0                         | 0000:02:00.0  | 0           0    / 0          60192/ 65536         |
+===========================+===============+====================================================+
| 6     910B3               | OK            | 91.9        32                0    / 0             |
| 0                         | 0000:41:00.0  | 0           0    / 0          60193/ 65536         |
+===========================+===============+====================================================+
| 7     910B3               | OK            | 116.9       32                0    / 0             |
| 0                         | 0000:42:00.0  | 9           0    / 0          65534/ 65536         |
+===========================+===============+====================================================+
+---------------------------+---------------+----------------------------------------------------+
| NPU     Chip              | Process id    | Process name             | Process memory(MB)      |
+===========================+===============+====================================================+
| 0       0                 | 3152124       | VLLMWorker_TP            | 56744                   |
+===========================+===============+====================================================+
| 1       0                 | 3154641       | VLLMWorker_TP            | 56744                   |
| 1       0                 | 2967926       | python                   | 1292                    |
+===========================+===============+====================================================+
| 2       0                 | 3157283       | VLLMWorker_TP            | 56745                   |
| 2       0                 | 1820174       | python                   | 3874                    |
+===========================+===============+====================================================+
| 3       0                 | 3159860       | VLLMWorker_TP            | 56745                   |
+===========================+===============+====================================================+
| 4       0                 | 2999855       | VLLMEngineCor            | 55281                   |
+===========================+===============+====================================================+
| 5       0                 | 1317804       | VLLMWorker_TP            | 56678                   |
+===========================+===============+====================================================+
| 6       0                 | 1320273       | VLLMWorker_TP            | 56679                   |
+===========================+===============+====================================================+
| 7       0                 | 3458196       | python                   | 62080                   |
+===========================+===============+====================================================+
--- CALIBRATION REPORT ---
=== V005 VS ONLINE REFERENCE 317643 PERFORMANCE CALIBRATION ===
measurement=local representative workload matrix; official online shape mapping unavailable
device=4; shared server; each case sequence=A B B A A B B A A B; 5 valid samples/version
kernel metric=median task_time(us); e2e metric=median process wall time(us)

| Case | dtype | shape | V005 median us | Ref median us | ratio | V005 std | Ref std | V005 E2E median us | Ref E2E median us |
|---:|---|---|---:|---:|---:|---:|---:|---:|---:|
| 1 | fp16 | rank2, rows=1, D=64 | 6.256 | 6.880 | 0.909302 | 0.340 | 0.407 | 2649274.1 | 2662422.5 |
| 2 | fp16 | rank2, rows=1, D=67 | 6.304 | 7.440 | 0.847312 | 0.104 | 0.255 | 1668010.2 | 1672701.2 |
| 3 | bf16 | rank2, rows=1, D=96 | 6.600 | 7.480 | 0.882353 | 0.238 | 0.335 | 2659150.8 | 1663609.9 |
| 4 | fp32 | rank2, rows=1, D=128 | 6.440 | 7.136 | 0.902466 | 0.270 | 0.187 | 1671122.2 | 2667516.4 |
| 5 | fp16 | rank2, rows=2, D=129 | 7.640 | 7.976 | 0.957874 | 0.331 | 0.400 | 1668069.9 | 1666232.6 |
| 6 | fp16 | rank2, rows=2, D=1000 | 8.400 | 8.220 | 1.021898 | 0.140 | 0.324 | 2664771.1 | 2663042.6 |
| 7 | fp16 | rank3, rows=4, D=1024 | 6.960 | 7.840 | 0.887755 | 0.278 | 0.180 | 2650637.1 | 2657840.4 |
| 8 | bf16 | rank3, rows=4, D=2048 | 7.740 | 8.504 | 0.910160 | 0.185 | 0.357 | 2668125.2 | 2655738.4 |
| 9 | fp16 | rank3, rows=8, D=4096 | 10.560 | 10.856 | 0.972734 | 0.439 | 0.348 | 2665353.2 | 2658140.4 |
| 10 | bf16 | rank3, rows=8, D=4096 | 10.340 | 10.980 | 0.941712 | 0.353 | 0.570 | 2658420.5 | 2665866.0 |
| 11 | fp32 | rank3, rows=8, D=4096 | 13.160 | 13.224 | 0.995160 | 0.571 | 0.326 | 1686886.9 | 1685323.3 |
| 12 | fp16 | rank2, rows=2, D=4097 | 13.060 | 10.096 | 1.293582 | 0.311 | 0.297 | 1667251.2 | 2670025.5 |
| 13 | fp16 | rank3, rows=4, D=8192 | 12.640 | 11.620 | 1.087780 | 0.426 | 0.502 | 2665952.8 | 1663876.9 |
| 14 | fp16 | rank2, rows=2, D=16384 | 19.720 | 15.360 | 1.283854 | 0.139 | 0.409 | 1669806.6 | 2659279.9 |
| 15 | fp16 | rank2, rows=1, D=32768 | 30.924 | 21.100 | 1.465592 | 0.435 | 0.853 | 2664576.8 | 2667868.2 |

geometric_mean_ratio=1.010589313
arithmetic_mean_ratio=1.023968953
median_ratio=0.957873621
best_case=case_2 ratio=0.847311828 advantage=15.269%
worst_case=case_15 ratio=1.465592417 regression=46.559%
valid_cases=15/15

dtype_bf16_cases=3 arithmetic_mean=0.911408357 geometric_mean=0.911086088 median=0.910159925
dtype_fp16_cases=10 arithmetic_mean=1.072768255 geometric_mean=1.055994898 median=0.997315891
dtype_fp32_cases=2 arithmetic_mean=0.948813341 geometric_mean=0.947680703 median=0.948813341
=== END ===
