V005 THREE-DTYPE MATRIX START
2026-09-15T09:53:50Z
KERNEL_SHA256 afd5b8eef071e2e849064b1913290b485e0689cf9da40987fb1ffc67dc36bd9c  kernel.asc
EXECUTABLE add_rms_norm_bias_custom size=390856 mode=775 mtime=2026-09-15 06:08:36.484234984 +0000
Filesystem      Size  Used Avail Use% Mounted on
/dev/nvme1n1p1  3.5T  3.2T   95G  98% /home/data4t2
4.0K	/home/data4t2/lelinfeng/cann/临时
4.0K	/home/data4t2/lelinfeng/cann/提交
4.0K	/home/data4t2/lelinfeng/cann/文档
4.0K	/home/data4t2/lelinfeng/cann/源码
4.0K	/home/data4t2/lelinfeng/cann/缓存
4.0K	/home/data4t2/lelinfeng/cann/调研
3.6M	/home/data4t2/lelinfeng/cann/实验
	NPU ID                         : 7
	Chip Count                     : 1

	DDR Capacity(MB)               : 0
	DDR Usage Rate(%)              : 0
	DDR Hugepages Total(page)      : 0
	DDR Hugepages Usage Rate(%)    : 0
	HBM Capacity(MB)               : 65536
	HBM Usage Rate(%)              : 5
	Aicore Usage Rate(%)           : 0
	Aivector Usage Rate(%)         : 0
	Aicpu Usage Rate(%)            : 0
	Ctrlcpu Usage Rate(%)          : 4
	DDR Bandwidth Usage Rate(%)    : 0
	HBM Bandwidth Usage Rate(%)    : 0
	Chip ID                        : 0

--- CASE id=1 dtype=fp16 D=64 rows=1 rank=2 seed=501 ---
DATA_STATUS=0
PROBE width=64 rows=1 rank=2 dtype=1 device=7 bytes=128
PROBE_STATUS=0 CORES=40
RUN_STATUS=0 ELAPSED_MS=1658
VERIFY_STATUS=0 elements=64 max_abs=0.000631175674 max_rel=0.000379956624 mismatches=0 atol=1.0e-03 rtol=1.0e-03
VERIFY_STATUS_CODE=0
CASE_RESULT=PASS
--- CASE id=2 dtype=fp16 D=67 rows=1 rank=2 seed=502 ---
DATA_STATUS=0
PROBE width=67 rows=1 rank=2 dtype=1 device=7 bytes=134
PROBE_STATUS=0 CORES=40
RUN_STATUS=0 ELAPSED_MS=2664
VERIFY_STATUS=0 elements=67 max_abs=0.000668934919 max_rel=0.00043556138 mismatches=0 atol=1.0e-03 rtol=1.0e-03
VERIFY_STATUS_CODE=0
CASE_RESULT=PASS
--- CASE id=3 dtype=fp16 D=129 rows=2 rank=3 seed=503 ---
DATA_STATUS=0
PROBE width=129 rows=2 rank=3 dtype=1 device=7 bytes=516
PROBE_STATUS=0 CORES=40
RUN_STATUS=0 ELAPSED_MS=1657
VERIFY_STATUS=0 elements=258 max_abs=0.00093211052 max_rel=0.00047358252 mismatches=0 atol=1.0e-03 rtol=1.0e-03
VERIFY_STATUS_CODE=0
CASE_RESULT=PASS
--- CASE id=4 dtype=fp16 D=1000 rows=3 rank=4 seed=504 ---
DATA_STATUS=0
PROBE width=1000 rows=3 rank=4 dtype=1 device=7 bytes=6000
PROBE_STATUS=0 CORES=40
RUN_STATUS=0 ELAPSED_MS=1660
VERIFY_STATUS=0 elements=3000 max_abs=0.000970826474 max_rel=0.00047641563 mismatches=0 atol=1.0e-03 rtol=1.0e-03
VERIFY_STATUS_CODE=0
CASE_RESULT=PASS
--- CASE id=5 dtype=fp16 D=4096 rows=1 rank=2 seed=505 ---
DATA_STATUS=0
PROBE width=4096 rows=1 rank=2 dtype=1 device=7 bytes=8192
PROBE_STATUS=0 CORES=40
RUN_STATUS=0 ELAPSED_MS=1661
VERIFY_STATUS=0 elements=4096 max_abs=0.000974040219 max_rel=0.000483294053 mismatches=0 atol=1.0e-03 rtol=1.0e-03
VERIFY_STATUS_CODE=0
CASE_RESULT=PASS
--- CASE id=6 dtype=fp16 D=8192 rows=2 rank=3 seed=506 ---
DATA_STATUS=0
PROBE width=8192 rows=2 rank=3 dtype=1 device=7 bytes=32768
PROBE_STATUS=0 CORES=40
RUN_STATUS=0 ELAPSED_MS=2666
VERIFY_STATUS=0 elements=16384 max_abs=0.000976412363 max_rel=0.00129309734 mismatches=0 atol=1.0e-03 rtol=1.0e-03
VERIFY_STATUS_CODE=0
CASE_RESULT=PASS
--- CASE id=7 dtype=fp16 D=32768 rows=1 rank=4 seed=507 ---
DATA_STATUS=0
PROBE width=32768 rows=1 rank=4 dtype=1 device=7 bytes=65536
PROBE_STATUS=0 CORES=40
RUN_STATUS=0 ELAPSED_MS=1657
VERIFY_STATUS=0 elements=32768 max_abs=0.000976193428 max_rel=0.000704175392 mismatches=0 atol=1.0e-03 rtol=1.0e-03
VERIFY_STATUS_CODE=0
CASE_RESULT=PASS
--- CASE id=8 dtype=bf16 D=64 rows=1 rank=2 seed=601 ---
DATA_STATUS=0
PROBE width=64 rows=1 rank=2 dtype=2 device=7 bytes=128
PROBE_STATUS=0 CORES=40
RUN_STATUS=0 ELAPSED_MS=1661
VERIFY_STATUS=1 elements=64 max_abs=0.0066660588 max_rel=0.00351068702 mismatches=25 atol=1.0e-03 rtol=1.0e-03
VERIFY_STATUS_CODE=1
CASE_RESULT=FAIL reason=precision
--- CASE id=9 dtype=bf16 D=67 rows=1 rank=2 seed=602 ---
DATA_STATUS=0
PROBE width=67 rows=1 rank=2 dtype=2 device=7 bytes=134
PROBE_STATUS=0 CORES=40
RUN_STATUS=0 ELAPSED_MS=1667
VERIFY_STATUS=1 elements=67 max_abs=0.00453313673 max_rel=0.00355284788 mismatches=21 atol=1.0e-03 rtol=1.0e-03
VERIFY_STATUS_CODE=1
CASE_RESULT=FAIL reason=precision
--- CASE id=10 dtype=bf16 D=129 rows=2 rank=3 seed=603 ---
DATA_STATUS=0
PROBE width=129 rows=2 rank=3 dtype=2 device=7 bytes=516
PROBE_STATUS=0 CORES=40
RUN_STATUS=0 ELAPSED_MS=1665
VERIFY_STATUS=1 elements=258 max_abs=0.00745336303 max_rel=0.00374603879 mismatches=92 atol=1.0e-03 rtol=1.0e-03
VERIFY_STATUS_CODE=1
CASE_RESULT=FAIL reason=precision
--- CASE id=11 dtype=bf16 D=1000 rows=3 rank=4 seed=604 ---
DATA_STATUS=0
PROBE width=1000 rows=3 rank=4 dtype=2 device=7 bytes=6000
PROBE_STATUS=0 CORES=40
RUN_STATUS=0 ELAPSED_MS=2664
VERIFY_STATUS=1 elements=3000 max_abs=0.00780866754 max_rel=0.00384013907 mismatches=1158 atol=1.0e-03 rtol=1.0e-03
VERIFY_STATUS_CODE=1
CASE_RESULT=FAIL reason=precision
--- CASE id=12 dtype=bf16 D=4096 rows=1 rank=2 seed=605 ---
DATA_STATUS=0
PROBE width=4096 rows=1 rank=2 dtype=2 device=7 bytes=8192
PROBE_STATUS=0 CORES=40
RUN_STATUS=0 ELAPSED_MS=1656
VERIFY_STATUS=1 elements=4096 max_abs=0.00777346383 max_rel=0.00388120796 mismatches=1560 atol=1.0e-03 rtol=1.0e-03
VERIFY_STATUS_CODE=1
CASE_RESULT=FAIL reason=precision
--- CASE id=13 dtype=bf16 D=8192 rows=2 rank=3 seed=606 ---
DATA_STATUS=0
PROBE width=8192 rows=2 rank=3 dtype=2 device=7 bytes=32768
PROBE_STATUS=0 CORES=40
RUN_STATUS=0 ELAPSED_MS=1661
VERIFY_STATUS=1 elements=16384 max_abs=0.00781145699 max_rel=0.00388349451 mismatches=6070 atol=1.0e-03 rtol=1.0e-03
VERIFY_STATUS_CODE=1
CASE_RESULT=FAIL reason=precision
--- CASE id=14 dtype=bf16 D=32768 rows=1 rank=4 seed=607 ---
DATA_STATUS=0
PROBE width=32768 rows=1 rank=4 dtype=2 device=7 bytes=65536
PROBE_STATUS=0 CORES=40
RUN_STATUS=0 ELAPSED_MS=1649
VERIFY_STATUS=1 elements=32768 max_abs=0.00781069248 max_rel=0.00388397408 mismatches=11951 atol=1.0e-03 rtol=1.0e-03
VERIFY_STATUS_CODE=1
CASE_RESULT=FAIL reason=precision
--- CASE id=15 dtype=fp32 D=64 rows=1 rank=2 seed=701 ---
DATA_STATUS=0
PROBE width=64 rows=1 rank=2 dtype=0 device=7 bytes=256
PROBE_STATUS=0 CORES=40
RUN_STATUS=0 ELAPSED_MS=1661
VERIFY_STATUS=0 elements=64 max_abs=1.6442578e-07 max_rel=2.93765765e-06 mismatches=0 atol=1.0e-04 rtol=1.0e-04
VERIFY_STATUS_CODE=0
CASE_RESULT=PASS
--- CASE id=16 dtype=fp32 D=67 rows=1 rank=2 seed=702 ---
DATA_STATUS=0
PROBE width=67 rows=1 rank=2 dtype=0 device=7 bytes=268
PROBE_STATUS=0 CORES=40
RUN_STATUS=0 ELAPSED_MS=2662
VERIFY_STATUS=0 elements=67 max_abs=1.56661043e-07 max_rel=2.24653693e-07 mismatches=0 atol=1.0e-04 rtol=1.0e-04
VERIFY_STATUS_CODE=0
CASE_RESULT=PASS
--- CASE id=17 dtype=fp32 D=1000 rows=3 rank=3 seed=703 ---
DATA_STATUS=0
PROBE width=1000 rows=3 rank=3 dtype=0 device=7 bytes=12000
PROBE_STATUS=0 CORES=40
RUN_STATUS=0 ELAPSED_MS=1653
VERIFY_STATUS=0 elements=3000 max_abs=6.01695016e-07 max_rel=0.000357186849 mismatches=0 atol=1.0e-04 rtol=1.0e-04
VERIFY_STATUS_CODE=0
CASE_RESULT=PASS
--- CASE id=18 dtype=fp32 D=4096 rows=1 rank=4 seed=704 ---
DATA_STATUS=0
PROBE width=4096 rows=1 rank=4 dtype=0 device=7 bytes=16384
PROBE_STATUS=0 CORES=40
RUN_STATUS=0 ELAPSED_MS=1658
VERIFY_STATUS=0 elements=4096 max_abs=6.05934066e-07 max_rel=0.00214786662 mismatches=0 atol=1.0e-04 rtol=1.0e-04
VERIFY_STATUS_CODE=0
CASE_RESULT=PASS
--- CASE id=19 dtype=fp32 D=32768 rows=1 rank=2 seed=705 ---
DATA_STATUS=0
PROBE width=32768 rows=1 rank=2 dtype=0 device=7 bytes=131072
PROBE_STATUS=0 CORES=40
RUN_STATUS=0 ELAPSED_MS=1653
VERIFY_STATUS=0 elements=32768 max_abs=5.12102715e-07 max_rel=0.000297022121 mismatches=0 atol=1.0e-04 rtol=1.0e-04
VERIFY_STATUS_CODE=0
CASE_RESULT=PASS
MATRIX_TOTAL=19 MATRIX_FAILURES=7
DATA_CLEANUP_STATUS=0_FAILURE_LOG_PRESERVED
2026-09-15T09:54:29Z
Filesystem      Size  Used Avail Use% Mounted on
/dev/nvme1n1p1  3.5T  3.2T   95G  98% /home/data4t2
4.0K	/home/data4t2/lelinfeng/cann/临时
4.0K	/home/data4t2/lelinfeng/cann/提交
4.0K	/home/data4t2/lelinfeng/cann/文档
4.0K	/home/data4t2/lelinfeng/cann/源码
4.0K	/home/data4t2/lelinfeng/cann/缓存
4.0K	/home/data4t2/lelinfeng/cann/调研
3.6M	/home/data4t2/lelinfeng/cann/实验
V005 THREE-DTYPE MATRIX END
