V005 D-BOUNDARY THREE-DTYPE MATRIX START
2026-09-15T10:00:05Z
KERNEL_SHA256 afd5b8eef071e2e849064b1913290b485e0689cf9da40987fb1ffc67dc36bd9c  kernel.asc
--- CASE id=1 dtype=fp16 D=1 rows=3 rank=2 seed=1001 ---
DATA_STATUS=0
PROBE width=1 rows=3 rank=2 dtype=1 device=7 bytes=6
PROBE_STATUS=0 CORES=40
RUN_STATUS=0 ELAPSED_MS=2666
VERIFY_STATUS=0 elements=3 max_abs=0.000336494126 max_rel=0.000317970063 mismatches=0
VERIFY_STATUS_CODE=0
CASE_RESULT=PASS
--- CASE id=2 dtype=fp16 D=31 rows=3 rank=3 seed=1002 ---
DATA_STATUS=0
PROBE width=31 rows=3 rank=3 dtype=1 device=7 bytes=186
PROBE_STATUS=0 CORES=40
RUN_STATUS=0 ELAPSED_MS=1662
VERIFY_STATUS=0 elements=93 max_abs=0.00059250548 max_rel=0.000468336782 mismatches=0
VERIFY_STATUS_CODE=0
CASE_RESULT=PASS
--- CASE id=3 dtype=fp16 D=32 rows=3 rank=4 seed=1003 ---
DATA_STATUS=0
PROBE width=32 rows=3 rank=4 dtype=1 device=7 bytes=192
PROBE_STATUS=0 CORES=40
RUN_STATUS=0 ELAPSED_MS=1661
VERIFY_STATUS=0 elements=96 max_abs=0.000855583416 max_rel=0.000402835551 mismatches=0
VERIFY_STATUS_CODE=0
CASE_RESULT=PASS
--- CASE id=4 dtype=fp16 D=33 rows=3 rank=2 seed=1004 ---
DATA_STATUS=0
PROBE width=33 rows=3 rank=2 dtype=1 device=7 bytes=198
PROBE_STATUS=0 CORES=40
RUN_STATUS=0 ELAPSED_MS=1657
VERIFY_STATUS=0 elements=99 max_abs=0.000747960978 max_rel=0.000425600494 mismatches=0
VERIFY_STATUS_CODE=0
CASE_RESULT=PASS
--- CASE id=5 dtype=fp16 D=127 rows=3 rank=3 seed=1005 ---
DATA_STATUS=0
PROBE width=127 rows=3 rank=3 dtype=1 device=7 bytes=762
PROBE_STATUS=0 CORES=40
RUN_STATUS=0 ELAPSED_MS=2659
VERIFY_STATUS=0 elements=381 max_abs=0.000845215442 max_rel=0.000472356142 mismatches=0
VERIFY_STATUS_CODE=0
CASE_RESULT=PASS
--- CASE id=6 dtype=fp16 D=128 rows=3 rank=4 seed=1006 ---
DATA_STATUS=0
PROBE width=128 rows=3 rank=4 dtype=1 device=7 bytes=768
PROBE_STATUS=0 CORES=40
RUN_STATUS=0 ELAPSED_MS=1663
VERIFY_STATUS=0 elements=384 max_abs=0.000937634245 max_rel=0.000467046981 mismatches=0
VERIFY_STATUS_CODE=0
CASE_RESULT=PASS
--- CASE id=7 dtype=fp16 D=129 rows=3 rank=2 seed=1007 ---
DATA_STATUS=0
PROBE width=129 rows=3 rank=2 dtype=1 device=7 bytes=774
PROBE_STATUS=0 CORES=40
RUN_STATUS=0 ELAPSED_MS=1661
VERIFY_STATUS=0 elements=387 max_abs=0.00097286309 max_rel=0.000453165046 mismatches=0
VERIFY_STATUS_CODE=0
CASE_RESULT=PASS
--- CASE id=8 dtype=bf16 D=1 rows=3 rank=2 seed=1101 ---
DATA_STATUS=0
PROBE width=1 rows=3 rank=2 dtype=2 device=7 bytes=6
PROBE_STATUS=0 CORES=40
RUN_STATUS=0 ELAPSED_MS=1660
VERIFY_STATUS=0 elements=3 max_abs=0 max_rel=0 mismatches=0
VERIFY_STATUS_CODE=0
CASE_RESULT=PASS
--- CASE id=9 dtype=bf16 D=31 rows=3 rank=3 seed=1102 ---
DATA_STATUS=0
PROBE width=31 rows=3 rank=3 dtype=2 device=7 bytes=186
PROBE_STATUS=0 CORES=40
RUN_STATUS=0 ELAPSED_MS=2664
VERIFY_STATUS=0 elements=93 max_abs=0 max_rel=0 mismatches=0
VERIFY_STATUS_CODE=0
CASE_RESULT=PASS
--- CASE id=10 dtype=bf16 D=32 rows=3 rank=4 seed=1103 ---
DATA_STATUS=0
PROBE width=32 rows=3 rank=4 dtype=2 device=7 bytes=192
PROBE_STATUS=0 CORES=40
RUN_STATUS=0 ELAPSED_MS=1652
VERIFY_STATUS=0 elements=96 max_abs=0 max_rel=0 mismatches=0
VERIFY_STATUS_CODE=0
CASE_RESULT=PASS
--- CASE id=11 dtype=bf16 D=33 rows=3 rank=2 seed=1104 ---
DATA_STATUS=0
PROBE width=33 rows=3 rank=2 dtype=2 device=7 bytes=198
PROBE_STATUS=0 CORES=40
RUN_STATUS=0 ELAPSED_MS=1663
VERIFY_STATUS=0 elements=99 max_abs=0 max_rel=0 mismatches=0
VERIFY_STATUS_CODE=0
CASE_RESULT=PASS
--- CASE id=12 dtype=bf16 D=127 rows=3 rank=3 seed=1105 ---
DATA_STATUS=0
PROBE width=127 rows=3 rank=3 dtype=2 device=7 bytes=762
PROBE_STATUS=0 CORES=40
RUN_STATUS=0 ELAPSED_MS=1666
VERIFY_STATUS=0 elements=381 max_abs=0 max_rel=0 mismatches=0
VERIFY_STATUS_CODE=0
CASE_RESULT=PASS
--- CASE id=13 dtype=bf16 D=128 rows=3 rank=4 seed=1106 ---
DATA_STATUS=0
PROBE width=128 rows=3 rank=4 dtype=2 device=7 bytes=768
PROBE_STATUS=0 CORES=40
RUN_STATUS=0 ELAPSED_MS=2670
VERIFY_STATUS=0 elements=384 max_abs=0 max_rel=0 mismatches=0
VERIFY_STATUS_CODE=0
CASE_RESULT=PASS
--- CASE id=14 dtype=bf16 D=129 rows=3 rank=2 seed=1107 ---
DATA_STATUS=0
PROBE width=129 rows=3 rank=2 dtype=2 device=7 bytes=774
PROBE_STATUS=0 CORES=40
RUN_STATUS=0 ELAPSED_MS=1481
VERIFY_STATUS=0 elements=387 max_abs=0 max_rel=0 mismatches=0
VERIFY_STATUS_CODE=0
CASE_RESULT=PASS
--- CASE id=15 dtype=fp32 D=1 rows=3 rank=2 seed=1201 ---
DATA_STATUS=0
PROBE width=1 rows=3 rank=2 dtype=0 device=7 bytes=12
PROBE_STATUS=0 CORES=40
RUN_STATUS=0 ELAPSED_MS=1667
VERIFY_STATUS=0 elements=3 max_abs=1.1642887e-07 max_rel=8.48890681e-08 mismatches=0
VERIFY_STATUS_CODE=0
CASE_RESULT=PASS
--- CASE id=16 dtype=fp32 D=31 rows=3 rank=3 seed=1202 ---
DATA_STATUS=0
PROBE width=31 rows=3 rank=3 dtype=0 device=7 bytes=372
PROBE_STATUS=0 CORES=40
RUN_STATUS=0 ELAPSED_MS=2658
VERIFY_STATUS=0 elements=93 max_abs=2.10734856e-07 max_rel=1.23829082e-06 mismatches=0
VERIFY_STATUS_CODE=0
CASE_RESULT=PASS
--- CASE id=17 dtype=fp32 D=32 rows=3 rank=4 seed=1203 ---
DATA_STATUS=0
PROBE width=32 rows=3 rank=4 dtype=0 device=7 bytes=384
PROBE_STATUS=0 CORES=40
RUN_STATUS=0 ELAPSED_MS=1663
VERIFY_STATUS=0 elements=96 max_abs=2.22885302e-07 max_rel=2.5900727e-06 mismatches=0
VERIFY_STATUS_CODE=0
CASE_RESULT=PASS
--- CASE id=18 dtype=fp32 D=33 rows=3 rank=2 seed=1204 ---
DATA_STATUS=0
PROBE width=33 rows=3 rank=2 dtype=0 device=7 bytes=396
PROBE_STATUS=0 CORES=40
RUN_STATUS=0 ELAPSED_MS=1657
VERIFY_STATUS=0 elements=99 max_abs=2.64515789e-07 max_rel=2.25802851e-07 mismatches=0
VERIFY_STATUS_CODE=0
CASE_RESULT=PASS
--- CASE id=19 dtype=fp32 D=127 rows=3 rank=3 seed=1205 ---
DATA_STATUS=0
PROBE width=127 rows=3 rank=3 dtype=0 device=7 bytes=1524
PROBE_STATUS=0 CORES=40
RUN_STATUS=0 ELAPSED_MS=1679
VERIFY_STATUS=0 elements=381 max_abs=3.42973805e-07 max_rel=3.72400503e-05 mismatches=0
VERIFY_STATUS_CODE=0
CASE_RESULT=PASS
--- CASE id=20 dtype=fp32 D=128 rows=3 rank=4 seed=1206 ---
DATA_STATUS=0
PROBE width=128 rows=3 rank=4 dtype=0 device=7 bytes=1536
PROBE_STATUS=0 CORES=40
RUN_STATUS=0 ELAPSED_MS=2664
VERIFY_STATUS=0 elements=384 max_abs=1.81420909e-07 max_rel=1.03495587e-05 mismatches=0
VERIFY_STATUS_CODE=0
CASE_RESULT=PASS
--- CASE id=21 dtype=fp32 D=129 rows=3 rank=2 seed=1207 ---
DATA_STATUS=0
PROBE width=129 rows=3 rank=2 dtype=0 device=7 bytes=1548
PROBE_STATUS=0 CORES=40
RUN_STATUS=0 ELAPSED_MS=1656
VERIFY_STATUS=0 elements=387 max_abs=2.63404313e-07 max_rel=2.62044382e-06 mismatches=0
VERIFY_STATUS_CODE=0
CASE_RESULT=PASS
MATRIX_TOTAL=21 MATRIX_FAILURES=0
DATA_CLEANUP_STATUS=0
2026-09-15T10:00:47Z
Filesystem      Size  Used Avail Use% Mounted on
/dev/nvme1n1p1  3.5T  3.2T   95G  98% /home/data4t2
4.0K	/home/data4t2/lelinfeng/cann/临时
4.0K	/home/data4t2/lelinfeng/cann/提交
4.0K	/home/data4t2/lelinfeng/cann/文档
4.0K	/home/data4t2/lelinfeng/cann/源码
4.0K	/home/data4t2/lelinfeng/cann/缓存
4.0K	/home/data4t2/lelinfeng/cann/调研
3.6M	/home/data4t2/lelinfeng/cann/实验
V005 D-BOUNDARY THREE-DTYPE MATRIX END
