-- CMAKE_ASC_COMPILER: /usr/local/Ascend/ascend-toolkit/8.5.0.alpha002/compiler/ccec_compiler/bin/bisheng
CMake Warning at /usr/local/Ascend/ascend-toolkit/8.5.0.alpha002/aarch64-linux/tikcpp/ascendc_kernel_cmake/ASC_CMake/CMakeDetermineASCCompiler.cmake:57 (message):
  CMAKE_INSTALL_PREFIX is not set.  Set to default value
  /home/data4t2/lelinfeng/cann-staging-liveness-x/本地实验/STAGING-LIVENESS-X/V034/support/runner/out.
Call Stack (most recent call first):
  CMakeLists.txt:10 (project)


-- CMAKE_BUILD_TYPE: Release
-- CMAKE_INSTALL_PREFIX: /home/data4t2/lelinfeng/cann-staging-liveness-x/本地实验/STAGING-LIVENESS-X/V034/support/runner/out
-- ASCEND_CANN_PACKAGE_PATH: /usr/local/Ascend/ascend-toolkit/8.5.0.alpha002
-- CMAKE_ASC_LLD_LINKER: /usr/local/Ascend/ascend-toolkit/8.5.0.alpha002/tools/ccec_compiler/bin/ld.lld
-- The CXX compiler identification is GNU 11.4.0
-- Detecting CXX compiler ABI info
-- Detecting CXX compiler ABI info - done
-- Check for working CXX compiler: /usr/bin/c++ - skipped
-- Detecting CXX compile features
-- Detecting CXX compile features - done
-- Pinned kernel source: /home/data4t2/lelinfeng/cann-staging-liveness-x/本地实验/STAGING-LIVENESS-X/V034/src/submission.asc
-- Pinned kernel SHA-256: 75131108d32bc587c3c289d53ded04a15c5224417c675cb37a46df032e104d33
-- Host runner: CXX direct call to source-defined run_kernel
-- ASC adapter: exact source include only; no replacement wrapper
-- Configuring done
-- Generating done
-- Build files have been written to: /home/data4t2/lelinfeng/cann-staging-liveness-x/本地实验/STAGING-LIVENESS-X/V034/support/runner/build/exact-source-candidate-20261007T133609Z
