REVISION=V078
STAGE=LOCAL_DEVICE_CONTEXT_PRE
CAPTURE_UTC=2026-10-08T19:45:33Z
DEVICE=3
+------------------------------------------------------------------------------------------------+
| npu-smi 25.0.rc1.1               Version: 25.0.rc1.1                                           |
+---------------------------+---------------+----------------------------------------------------+
| NPU   Name                | Health        | Power(W)    Temp(C)           Hugepages-Usage(page)|
| Chip                      | Bus-Id        | AICore(%)   Memory-Usage(MB)  HBM-Usage(MB)        |
+===========================+===============+====================================================+
| 0     910B3               | OK            | 128.7       37                0    / 0             |
| 0                         | 0000:C1:00.0  | 9           0    / 0          10497/ 65536         |
+===========================+===============+====================================================+
| 1     910B3               | OK            | 204.4       46                0    / 0             |
| 0                         | 0000:C2:00.0  | 38          0    / 0          11885/ 65536         |
+===========================+===============+====================================================+
| 2     910B3               | OK            | 98.6        37                0    / 0             |
| 0                         | 0000:81:00.0  | 0           0    / 0          6436 / 65536         |
+===========================+===============+====================================================+
| 3     910B3               | OK            | 110.7       36                0    / 0             |
| 0                         | 0000:82:00.0  | 4           0    / 0          7225 / 65536         |
+===========================+===============+====================================================+
| 4     910B3               | OK            | 201.7       62                0    / 0             |
| 0                         | 0000:01:00.0  | 61          0    / 0          59192/ 65536         |
+===========================+===============+====================================================+
| 5     910B3               | OK            | 171.1       58                0    / 0             |
| 0                         | 0000:02:00.0  | 44          0    / 0          60222/ 65536         |
+===========================+===============+====================================================+
| 6     910B3               | OK            | 174.3       52                0    / 0             |
| 0                         | 0000:41:00.0  | 44          0    / 0          60221/ 65536         |
+===========================+===============+====================================================+
| 7     910B3               | OK            | 129.9       45                0    / 0             |
| 0                         | 0000:42:00.0  | 10          0    / 0          51036/ 65536         |
+===========================+===============+====================================================+
+---------------------------+---------------+----------------------------------------------------+
| NPU     Chip              | Process id    | Process name             | Process memory(MB)      |
+===========================+===============+====================================================+
| 0       0                 | 4183472       | python                   | 1416                    |
| 0       0                 | 251901        | python                   | 5754                    |
+===========================+===============+====================================================+
| 1       0                 | 3150467       | python                   | 5748                    |
| 1       0                 | 4066169       | python                   | 2760                    |
+===========================+===============+====================================================+
| 2       0                 | 2055832       | python                   | 3066                    |
+===========================+===============+====================================================+
| 3       0                 | 3456615       | python                   | 3850                    |
+===========================+===============+====================================================+
| 4       0                 | 2999855       | VLLMEngineCor            | 55666                   |
+===========================+===============+====================================================+
| 5       0                 | 89602         | VLLMWorker_TP            | 56700                   |
+===========================+===============+====================================================+
| 6       0                 | 91228         | VLLMWorker_TP            | 56701                   |
+===========================+===============+====================================================+
| 7       0                 | 439848        | python3                  | 21260                   |
| 7       0                 | 2055831       | python                   | 4082                    |
| 7       0                 | 186351        | python                   | 22142                   |
+===========================+===============+====================================================+
