REVISION=V078
STAGE=LOCAL_RUN_1
LOCAL_START_UTC=2026-10-08T19:45:58Z
DEVICE=3
SHAPE=128x256
DTYPE=bf16
METHOD=device-event; warmup=60; interleaved_parent_candidate_pairs=31
LOCAL_SAMPLE case=bf16-128x256 pair=01 order=P,C parent_device_us=11.9600 candidate_device_us=25.4400 parent_gelem_s=2.739799 candidate_gelem_s=1.288050 parent_wall_us=113.4300 candidate_wall_us=83.1610 paired_delta_us=13.4800
LOCAL_SAMPLE case=bf16-128x256 pair=02 order=C,P parent_device_us=8.2000 candidate_device_us=21.7200 parent_gelem_s=3.996098 candidate_gelem_s=1.508656 parent_wall_us=71.4400 candidate_wall_us=76.9400 paired_delta_us=13.5200
LOCAL_SAMPLE case=bf16-128x256 pair=03 order=P,C parent_device_us=15.6000 candidate_device_us=31.1800 parent_gelem_s=2.100513 candidate_gelem_s=1.050930 parent_wall_us=70.1410 candidate_wall_us=98.8200 paired_delta_us=15.5800
LOCAL_SAMPLE case=bf16-128x256 pair=04 order=C,P parent_device_us=8.7400 candidate_device_us=30.1200 parent_gelem_s=3.749199 candidate_gelem_s=1.087915 parent_wall_us=69.9100 candidate_wall_us=83.1000 paired_delta_us=21.3800
LOCAL_SAMPLE case=bf16-128x256 pair=05 order=P,C parent_device_us=16.8000 candidate_device_us=9.0800 parent_gelem_s=1.950476 candidate_gelem_s=3.608810 parent_wall_us=66.8100 candidate_wall_us=67.7900 paired_delta_us=-7.7200
LOCAL_SAMPLE case=bf16-128x256 pair=06 order=C,P parent_device_us=20.0000 candidate_device_us=18.2400 parent_gelem_s=1.638400 candidate_gelem_s=1.796491 parent_wall_us=68.5900 candidate_wall_us=67.6010 paired_delta_us=-1.7600
LOCAL_SAMPLE case=bf16-128x256 pair=07 order=P,C parent_device_us=8.3800 candidate_device_us=8.8000 parent_gelem_s=3.910263 candidate_gelem_s=3.723636 parent_wall_us=67.9000 candidate_wall_us=80.7010 paired_delta_us=0.4200
LOCAL_SAMPLE case=bf16-128x256 pair=08 order=C,P parent_device_us=18.1000 candidate_device_us=8.5600 parent_gelem_s=1.810387 candidate_gelem_s=3.828037 parent_wall_us=67.0000 candidate_wall_us=67.9700 paired_delta_us=-9.5400
LOCAL_SAMPLE case=bf16-128x256 pair=09 order=P,C parent_device_us=23.3400 candidate_device_us=20.3800 parent_gelem_s=1.403942 candidate_gelem_s=1.607851 parent_wall_us=68.1010 candidate_wall_us=65.8500 paired_delta_us=-2.9600
LOCAL_SAMPLE case=bf16-128x256 pair=10 order=C,P parent_device_us=17.2400 candidate_device_us=14.9600 parent_gelem_s=1.900696 candidate_gelem_s=2.190374 parent_wall_us=77.1800 candidate_wall_us=66.7400 paired_delta_us=-2.2800
LOCAL_SAMPLE case=bf16-128x256 pair=11 order=P,C parent_device_us=19.3200 candidate_device_us=14.5800 parent_gelem_s=1.696066 candidate_gelem_s=2.247462 parent_wall_us=66.3000 candidate_wall_us=66.0000 paired_delta_us=-4.7400
LOCAL_SAMPLE case=bf16-128x256 pair=12 order=C,P parent_device_us=8.9000 candidate_device_us=7.9800 parent_gelem_s=3.681798 candidate_gelem_s=4.106266 parent_wall_us=66.3410 candidate_wall_us=72.6000 paired_delta_us=-0.9200
LOCAL_SAMPLE case=bf16-128x256 pair=13 order=P,C parent_device_us=16.1400 candidate_device_us=8.7600 parent_gelem_s=2.030235 candidate_gelem_s=3.740639 parent_wall_us=67.5400 candidate_wall_us=68.0200 paired_delta_us=-7.3800
LOCAL_SAMPLE case=bf16-128x256 pair=14 order=C,P parent_device_us=18.4800 candidate_device_us=8.8000 parent_gelem_s=1.773160 candidate_gelem_s=3.723636 parent_wall_us=66.0000 candidate_wall_us=68.3110 paired_delta_us=-9.6800
LOCAL_SAMPLE case=bf16-128x256 pair=15 order=P,C parent_device_us=15.5200 candidate_device_us=17.1000 parent_gelem_s=2.111340 candidate_gelem_s=1.916257 parent_wall_us=66.4300 candidate_wall_us=66.4800 paired_delta_us=1.5800
LOCAL_SAMPLE case=bf16-128x256 pair=16 order=C,P parent_device_us=12.5400 candidate_device_us=17.1600 parent_gelem_s=2.613078 candidate_gelem_s=1.909557 parent_wall_us=64.4600 candidate_wall_us=66.5300 paired_delta_us=4.6200
LOCAL_SAMPLE case=bf16-128x256 pair=17 order=P,C parent_device_us=8.9200 candidate_device_us=12.7600 parent_gelem_s=3.673543 candidate_gelem_s=2.568025 parent_wall_us=68.2500 candidate_wall_us=66.9610 paired_delta_us=3.8400
LOCAL_SAMPLE case=bf16-128x256 pair=18 order=C,P parent_device_us=8.7800 candidate_device_us=9.0400 parent_gelem_s=3.732119 candidate_gelem_s=3.624779 parent_wall_us=66.5600 candidate_wall_us=67.4300 paired_delta_us=0.2600
LOCAL_SAMPLE case=bf16-128x256 pair=19 order=P,C parent_device_us=8.2400 candidate_device_us=9.5400 parent_gelem_s=3.976699 candidate_gelem_s=3.434801 parent_wall_us=67.8210 candidate_wall_us=71.9000 paired_delta_us=1.3000
LOCAL_SAMPLE case=bf16-128x256 pair=20 order=C,P parent_device_us=8.7000 candidate_device_us=20.8600 parent_gelem_s=3.766437 candidate_gelem_s=1.570853 parent_wall_us=68.7510 candidate_wall_us=71.5000 paired_delta_us=12.1600
LOCAL_SAMPLE case=bf16-128x256 pair=21 order=P,C parent_device_us=16.5600 candidate_device_us=18.0400 parent_gelem_s=1.978744 candidate_gelem_s=1.816408 parent_wall_us=69.1000 candidate_wall_us=67.1700 paired_delta_us=1.4800
LOCAL_SAMPLE case=bf16-128x256 pair=22 order=C,P parent_device_us=24.1200 candidate_device_us=22.5400 parent_gelem_s=1.358541 candidate_gelem_s=1.453771 parent_wall_us=75.9600 candidate_wall_us=82.9410 paired_delta_us=-1.5800
LOCAL_SAMPLE case=bf16-128x256 pair=23 order=P,C parent_device_us=23.1800 candidate_device_us=20.6400 parent_gelem_s=1.413632 candidate_gelem_s=1.587597 parent_wall_us=73.0700 candidate_wall_us=76.0910 paired_delta_us=-2.5400
LOCAL_SAMPLE case=bf16-128x256 pair=24 order=C,P parent_device_us=8.2200 candidate_device_us=8.4600 parent_gelem_s=3.986375 candidate_gelem_s=3.873286 parent_wall_us=77.9000 candidate_wall_us=78.8400 paired_delta_us=0.2400
LOCAL_SAMPLE case=bf16-128x256 pair=25 order=P,C parent_device_us=21.9400 candidate_device_us=18.7800 parent_gelem_s=1.493528 candidate_gelem_s=1.744835 parent_wall_us=79.7710 candidate_wall_us=77.1800 paired_delta_us=-3.1600
LOCAL_SAMPLE case=bf16-128x256 pair=26 order=C,P parent_device_us=31.1200 candidate_device_us=18.6800 parent_gelem_s=1.052956 candidate_gelem_s=1.754176 parent_wall_us=82.4510 candidate_wall_us=81.6200 paired_delta_us=-12.4400
LOCAL_SAMPLE case=bf16-128x256 pair=27 order=P,C parent_device_us=17.9000 candidate_device_us=8.3000 parent_gelem_s=1.830615 candidate_gelem_s=3.947952 parent_wall_us=75.0500 candidate_wall_us=78.4700 paired_delta_us=-9.6000
LOCAL_SAMPLE case=bf16-128x256 pair=28 order=C,P parent_device_us=8.1800 candidate_device_us=8.0600 parent_gelem_s=4.005868 candidate_gelem_s=4.065509 parent_wall_us=72.9500 candidate_wall_us=93.6610 paired_delta_us=-0.1200
LOCAL_SAMPLE case=bf16-128x256 pair=29 order=P,C parent_device_us=7.7000 candidate_device_us=24.4400 parent_gelem_s=4.255584 candidate_gelem_s=1.340753 parent_wall_us=80.1200 candidate_wall_us=77.5000 paired_delta_us=16.7400
LOCAL_SAMPLE case=bf16-128x256 pair=30 order=C,P parent_device_us=18.9200 candidate_device_us=19.6600 parent_gelem_s=1.731924 candidate_gelem_s=1.666735 parent_wall_us=79.0110 candidate_wall_us=77.0800 paired_delta_us=0.7400
LOCAL_SAMPLE case=bf16-128x256 pair=31 order=P,C parent_device_us=19.7000 candidate_device_us=7.9400 parent_gelem_s=1.663350 candidate_gelem_s=4.126952 parent_wall_us=72.0400 candidate_wall_us=72.9700 paired_delta_us=-11.7600
LOCAL_STATS case=bf16-128x256 metric=device_us binary=PARENT_R31B_V011 n=31 median=16.1400 mean=15.2077 stdev=6.1611 cv=0.40513 min=7.7000 max=31.1200 mad=5.8000 p10=8.2200 p90=23.1800
LOCAL_STATS case=bf16-128x256 metric=device_us binary=CANDIDATE_V078 n=31 median=17.1000 mean=15.8258 stdev=6.9298 cv=0.43788 min=7.9400 max=31.1800 mad=7.3400 p10=8.3000 p90=24.4400
LOCAL_STATS case=bf16-128x256 metric=wall_us binary=PARENT_R31B_V011 n=31 median=69.1000 mean=72.4638 stdev=9.0834 cv=0.12535 min=64.4600 max=113.4300 mad=2.7590 p10=66.3410 p90=79.7710
LOCAL_STATS case=bf16-128x256 metric=wall_us binary=CANDIDATE_V078 n=31 median=72.6000 mean=74.4493 stdev=8.3001 cv=0.11149 min=65.8500 max=98.8200 mad=5.4300 p10=66.5300 p90=83.1000
LOCAL_STATS case=bf16-128x256 metric=gelem_s binary=PARENT_R31B_V011 n=31 median=2.0302 mean=2.5492 stdev=1.0615 cv=0.41641 min=1.0530 max=4.2556 mad=0.6166 p10=1.4136 p90=3.9864
LOCAL_STATS case=bf16-128x256 metric=gelem_s binary=CANDIDATE_V078 n=31 median=1.9163 mean=2.5133 stdev=1.1020 cv=0.43848 min=1.0509 max=4.1270 mad=0.6282 p10=1.3408 p90=3.9480
LOCAL_STATS case=bf16-128x256 metric=paired_delta_us binary=CANDIDATE_MINUS_PARENT n=31 median=-0.1200 mean=0.6181 stdev=8.6933 cv=14.06540 min=-12.4400 max=21.3800 mad=3.9600 p10=-9.6000 p90=13.5200
LOCAL_RESULT route=SYNC-BARRIER-ELISION-X revision=V078 device=3 shape=128x256 dtype=bf16 samples=31 parent_median_us=16.1400 candidate_median_us=17.1000 parent_median_gelem_s=2.030235 candidate_median_gelem_s=1.916257 local_delta_us=-0.1200 local_score_percent=0.743494 candidate_minus_parent_percent=-0.743494
LOCAL_END_UTC=2026-10-08T19:46:05Z
