REVISION=V078
STAGE=LOCAL_FINAL_RUN_2
LOCAL_START_UTC=2026-10-08T19:52:07Z
DEVICE=3
SHAPE=128x256
DTYPE=bf16
METHOD=device-event; warmup=60; interleaved_parent_candidate_pairs=31
LOCAL_SAMPLE case=bf16-128x256 pair=01 order=P,C parent_device_us=21.7400 candidate_device_us=21.9400 parent_gelem_s=1.507268 candidate_gelem_s=1.493528 parent_wall_us=136.2010 candidate_wall_us=79.8810 paired_delta_us=0.2000
LOCAL_SAMPLE case=bf16-128x256 pair=02 order=C,P parent_device_us=19.7000 candidate_device_us=7.5000 parent_gelem_s=1.663350 candidate_gelem_s=4.369067 parent_wall_us=63.4610 candidate_wall_us=69.7000 paired_delta_us=-12.2000
LOCAL_SAMPLE case=bf16-128x256 pair=03 order=P,C parent_device_us=16.9400 candidate_device_us=15.8200 parent_gelem_s=1.934357 candidate_gelem_s=2.071302 parent_wall_us=62.4600 candidate_wall_us=61.4400 paired_delta_us=-1.1200
LOCAL_SAMPLE case=bf16-128x256 pair=04 order=C,P parent_device_us=8.1000 candidate_device_us=7.6800 parent_gelem_s=4.045432 candidate_gelem_s=4.266667 parent_wall_us=65.3900 candidate_wall_us=63.2000 paired_delta_us=-0.4200
LOCAL_SAMPLE case=bf16-128x256 pair=05 order=P,C parent_device_us=20.0400 candidate_device_us=8.5600 parent_gelem_s=1.635130 candidate_gelem_s=3.828037 parent_wall_us=61.7810 candidate_wall_us=64.2500 paired_delta_us=-11.4800
LOCAL_SAMPLE case=bf16-128x256 pair=06 order=C,P parent_device_us=8.6400 candidate_device_us=8.5600 parent_gelem_s=3.792593 candidate_gelem_s=3.828037 parent_wall_us=61.4210 candidate_wall_us=55.6500 paired_delta_us=-0.0800
LOCAL_SAMPLE case=bf16-128x256 pair=07 order=P,C parent_device_us=8.9600 candidate_device_us=7.5400 parent_gelem_s=3.657143 candidate_gelem_s=4.345889 parent_wall_us=62.6600 candidate_wall_us=63.2610 paired_delta_us=-1.4200
LOCAL_SAMPLE case=bf16-128x256 pair=08 order=C,P parent_device_us=8.4200 candidate_device_us=28.3000 parent_gelem_s=3.891687 candidate_gelem_s=1.157880 parent_wall_us=61.2500 candidate_wall_us=70.1900 paired_delta_us=19.8800
LOCAL_SAMPLE case=bf16-128x256 pair=09 order=P,C parent_device_us=8.8200 candidate_device_us=9.0000 parent_gelem_s=3.715193 candidate_gelem_s=3.640889 parent_wall_us=61.4910 candidate_wall_us=74.1400 paired_delta_us=0.1800
LOCAL_SAMPLE case=bf16-128x256 pair=10 order=C,P parent_device_us=8.7400 candidate_device_us=8.6400 parent_gelem_s=3.749199 candidate_gelem_s=3.792593 parent_wall_us=59.4100 candidate_wall_us=61.0010 paired_delta_us=-0.1000
LOCAL_SAMPLE case=bf16-128x256 pair=11 order=P,C parent_device_us=8.3600 candidate_device_us=20.7200 parent_gelem_s=3.919617 candidate_gelem_s=1.581467 parent_wall_us=62.2600 candidate_wall_us=58.9510 paired_delta_us=12.3600
LOCAL_SAMPLE case=bf16-128x256 pair=12 order=C,P parent_device_us=8.9200 candidate_device_us=8.7000 parent_gelem_s=3.673543 candidate_gelem_s=3.766437 parent_wall_us=65.1410 candidate_wall_us=81.1000 paired_delta_us=-0.2200
LOCAL_SAMPLE case=bf16-128x256 pair=13 order=P,C parent_device_us=21.0400 candidate_device_us=9.2800 parent_gelem_s=1.557414 candidate_gelem_s=3.531035 parent_wall_us=69.5800 candidate_wall_us=61.5600 paired_delta_us=-11.7600
LOCAL_SAMPLE case=bf16-128x256 pair=14 order=C,P parent_device_us=8.9800 candidate_device_us=8.7400 parent_gelem_s=3.648998 candidate_gelem_s=3.749199 parent_wall_us=61.5700 candidate_wall_us=59.9510 paired_delta_us=-0.2400
LOCAL_SAMPLE case=bf16-128x256 pair=15 order=P,C parent_device_us=8.5600 candidate_device_us=16.6400 parent_gelem_s=3.828037 candidate_gelem_s=1.969231 parent_wall_us=54.9500 candidate_wall_us=60.9300 paired_delta_us=8.0800
LOCAL_SAMPLE case=bf16-128x256 pair=16 order=C,P parent_device_us=8.3800 candidate_device_us=20.1800 parent_gelem_s=3.910263 candidate_gelem_s=1.623786 parent_wall_us=60.0010 candidate_wall_us=59.5900 paired_delta_us=11.8000
LOCAL_SAMPLE case=bf16-128x256 pair=17 order=P,C parent_device_us=13.1600 candidate_device_us=17.7200 parent_gelem_s=2.489970 candidate_gelem_s=1.849210 parent_wall_us=61.4600 candidate_wall_us=59.9000 paired_delta_us=4.5600
LOCAL_SAMPLE case=bf16-128x256 pair=18 order=C,P parent_device_us=20.1000 candidate_device_us=15.5000 parent_gelem_s=1.630249 candidate_gelem_s=2.114065 parent_wall_us=60.4200 candidate_wall_us=58.5410 paired_delta_us=-4.6000
LOCAL_SAMPLE case=bf16-128x256 pair=19 order=P,C parent_device_us=9.1200 candidate_device_us=8.9200 parent_gelem_s=3.592983 candidate_gelem_s=3.673543 parent_wall_us=62.7800 candidate_wall_us=59.8400 paired_delta_us=-0.2000
LOCAL_SAMPLE case=bf16-128x256 pair=20 order=C,P parent_device_us=21.6600 candidate_device_us=9.0000 parent_gelem_s=1.512835 candidate_gelem_s=3.640889 parent_wall_us=70.3510 candidate_wall_us=63.3000 paired_delta_us=-12.6600
LOCAL_SAMPLE case=bf16-128x256 pair=21 order=P,C parent_device_us=9.3000 candidate_device_us=24.1200 parent_gelem_s=3.523441 candidate_gelem_s=1.358541 parent_wall_us=66.8400 candidate_wall_us=71.2610 paired_delta_us=14.8200
LOCAL_SAMPLE case=bf16-128x256 pair=22 order=C,P parent_device_us=20.0200 candidate_device_us=8.6600 parent_gelem_s=1.636763 candidate_gelem_s=3.783834 parent_wall_us=62.2200 candidate_wall_us=64.1300 paired_delta_us=-11.3600
LOCAL_SAMPLE case=bf16-128x256 pair=23 order=P,C parent_device_us=21.3600 candidate_device_us=19.9400 parent_gelem_s=1.534082 candidate_gelem_s=1.643330 parent_wall_us=60.1610 candidate_wall_us=60.2600 paired_delta_us=-1.4200
LOCAL_SAMPLE case=bf16-128x256 pair=24 order=C,P parent_device_us=9.2200 candidate_device_us=16.3200 parent_gelem_s=3.554013 candidate_gelem_s=2.007843 parent_wall_us=61.4600 candidate_wall_us=59.7310 paired_delta_us=7.1000
LOCAL_SAMPLE case=bf16-128x256 pair=25 order=P,C parent_device_us=18.2600 candidate_device_us=8.4200 parent_gelem_s=1.794524 candidate_gelem_s=3.891687 parent_wall_us=60.0300 candidate_wall_us=62.4510 paired_delta_us=-9.8400
LOCAL_SAMPLE case=bf16-128x256 pair=26 order=C,P parent_device_us=8.6400 candidate_device_us=18.0600 parent_gelem_s=3.792593 candidate_gelem_s=1.814396 parent_wall_us=63.5000 candidate_wall_us=70.0800 paired_delta_us=9.4200
LOCAL_SAMPLE case=bf16-128x256 pair=27 order=P,C parent_device_us=21.1200 candidate_device_us=14.9800 parent_gelem_s=1.551515 candidate_gelem_s=2.187450 parent_wall_us=63.1300 candidate_wall_us=59.7500 paired_delta_us=-6.1400
LOCAL_SAMPLE case=bf16-128x256 pair=28 order=C,P parent_device_us=8.8200 candidate_device_us=18.3800 parent_gelem_s=3.715193 candidate_gelem_s=1.782807 parent_wall_us=61.0300 candidate_wall_us=58.7810 paired_delta_us=9.5600
LOCAL_SAMPLE case=bf16-128x256 pair=29 order=P,C parent_device_us=17.5000 candidate_device_us=8.5400 parent_gelem_s=1.872457 candidate_gelem_s=3.837002 parent_wall_us=63.3800 candidate_wall_us=60.8710 paired_delta_us=-8.9600
LOCAL_SAMPLE case=bf16-128x256 pair=30 order=C,P parent_device_us=8.4400 candidate_device_us=11.6800 parent_gelem_s=3.882464 candidate_gelem_s=2.805479 parent_wall_us=61.5000 candidate_wall_us=60.4800 paired_delta_us=3.2400
LOCAL_SAMPLE case=bf16-128x256 pair=31 order=P,C parent_device_us=15.3800 candidate_device_us=9.5400 parent_gelem_s=2.130559 candidate_gelem_s=3.434801 parent_wall_us=59.5100 candidate_wall_us=67.8900 paired_delta_us=-5.8400
LOCAL_STATS case=bf16-128x256 metric=device_us binary=PARENT_R31B_V011 n=31 median=9.2200 mean=13.4335 stdev=5.5406 cv=0.41244 min=8.1000 max=21.7400 mad=0.8600 p10=8.4200 p90=21.1200
LOCAL_STATS case=bf16-128x256 metric=device_us binary=CANDIDATE_V078 n=31 median=9.5400 mean=13.4703 stdev=5.8557 cv=0.43471 min=7.5000 max=28.3000 mad=2.0400 p10=8.4200 p90=20.7200
LOCAL_STATS case=bf16-128x256 metric=wall_us binary=PARENT_R31B_V011 n=31 median=61.7810 mean=64.7355 stdev=13.5822 cv=0.20981 min=54.9500 max=136.2010 mad=1.3610 p10=60.0010 p90=66.8400
LOCAL_STATS case=bf16-128x256 metric=wall_us binary=CANDIDATE_V078 n=31 median=61.4400 mean=63.9375 stdev=6.1986 cv=0.09695 min=55.6500 max=81.1000 mad=1.8500 p10=58.9510 p90=71.2610
LOCAL_STATS case=bf16-128x256 metric=gelem_s binary=PARENT_R31B_V011 n=31 median=3.5540 mean=2.8498 stdev=1.0398 cv=0.36487 min=1.5073 max=4.0454 mad=0.3656 p10=1.5515 p90=3.8917
LOCAL_STATS case=bf16-128x256 metric=gelem_s binary=CANDIDATE_V078 n=31 median=3.4348 mean=2.8658 stdev=1.0715 cv=0.37390 min=1.1579 max=4.3691 mad=0.9111 p10=1.5815 p90=3.8917
LOCAL_STATS case=bf16-128x256 metric=paired_delta_us binary=CANDIDATE_MINUS_PARENT n=31 median=-0.2200 mean=0.0368 stdev=8.5984 cv=233.81568 min=-12.6600 max=19.8800 mad=5.9200 p10=-11.4800 p90=11.8000
LOCAL_RESULT route=SYNC-BARRIER-ELISION-X revision=V078 device=3 shape=128x256 dtype=bf16 samples=31 parent_median_us=9.2200 candidate_median_us=9.5400 parent_median_gelem_s=3.554013 candidate_median_gelem_s=3.434801 local_delta_us=-0.2200 local_score_percent=2.386115 candidate_minus_parent_percent=-2.386115
LOCAL_END_UTC=2026-10-08T19:52:14Z
