REVISION=V078
STAGE=LOCAL_RUN_3
LOCAL_START_UTC=2026-10-08T19:47:00Z
DEVICE=3
SHAPE=128x256
DTYPE=bf16
METHOD=device-event; warmup=60; interleaved_parent_candidate_pairs=31
LOCAL_SAMPLE case=bf16-128x256 pair=01 order=P,C parent_device_us=16.4800 candidate_device_us=21.0600 parent_gelem_s=1.988349 candidate_gelem_s=1.555935 parent_wall_us=103.5000 candidate_wall_us=82.5110 paired_delta_us=4.5800
LOCAL_SAMPLE case=bf16-128x256 pair=02 order=C,P parent_device_us=35.8400 candidate_device_us=25.0800 parent_gelem_s=0.914286 candidate_gelem_s=1.306539 parent_wall_us=85.4010 candidate_wall_us=85.0700 paired_delta_us=-10.7600
LOCAL_SAMPLE case=bf16-128x256 pair=03 order=P,C parent_device_us=21.5800 candidate_device_us=16.2600 parent_gelem_s=1.518443 candidate_gelem_s=2.015252 parent_wall_us=69.8800 candidate_wall_us=68.8700 paired_delta_us=-5.3200
LOCAL_SAMPLE case=bf16-128x256 pair=04 order=C,P parent_device_us=9.5800 candidate_device_us=9.0800 parent_gelem_s=3.420459 candidate_gelem_s=3.608810 parent_wall_us=69.1200 candidate_wall_us=67.2510 paired_delta_us=-0.5000
LOCAL_SAMPLE case=bf16-128x256 pair=05 order=P,C parent_device_us=8.0200 candidate_device_us=15.3800 parent_gelem_s=4.085786 candidate_gelem_s=2.130559 parent_wall_us=60.3600 candidate_wall_us=69.2710 paired_delta_us=7.3600
LOCAL_SAMPLE case=bf16-128x256 pair=06 order=C,P parent_device_us=21.8000 candidate_device_us=21.6000 parent_gelem_s=1.503119 candidate_gelem_s=1.517037 parent_wall_us=67.8000 candidate_wall_us=68.6600 paired_delta_us=-0.2000
LOCAL_SAMPLE case=bf16-128x256 pair=07 order=P,C parent_device_us=16.9600 candidate_device_us=21.2000 parent_gelem_s=1.932075 candidate_gelem_s=1.545660 parent_wall_us=67.4210 candidate_wall_us=70.1800 paired_delta_us=4.2400
LOCAL_SAMPLE case=bf16-128x256 pair=08 order=C,P parent_device_us=19.5400 candidate_device_us=7.8600 parent_gelem_s=1.676970 candidate_gelem_s=4.168957 parent_wall_us=66.6010 candidate_wall_us=69.5600 paired_delta_us=-11.6800
LOCAL_SAMPLE case=bf16-128x256 pair=09 order=P,C parent_device_us=20.1200 candidate_device_us=8.7400 parent_gelem_s=1.628628 candidate_gelem_s=3.749199 parent_wall_us=67.5400 candidate_wall_us=69.0400 paired_delta_us=-11.3800
LOCAL_SAMPLE case=bf16-128x256 pair=10 order=C,P parent_device_us=7.4600 candidate_device_us=7.5400 parent_gelem_s=4.392493 candidate_gelem_s=4.345889 parent_wall_us=73.5600 candidate_wall_us=68.2910 paired_delta_us=0.0800
LOCAL_SAMPLE case=bf16-128x256 pair=11 order=P,C parent_device_us=7.2400 candidate_device_us=7.0000 parent_gelem_s=4.525967 candidate_gelem_s=4.681143 parent_wall_us=62.6500 candidate_wall_us=68.0310 paired_delta_us=-0.2400
LOCAL_SAMPLE case=bf16-128x256 pair=12 order=C,P parent_device_us=24.2400 candidate_device_us=13.9000 parent_gelem_s=1.351815 candidate_gelem_s=2.357410 parent_wall_us=78.0100 candidate_wall_us=67.2400 paired_delta_us=-10.3400
LOCAL_SAMPLE case=bf16-128x256 pair=13 order=P,C parent_device_us=8.7200 candidate_device_us=8.3000 parent_gelem_s=3.757798 candidate_gelem_s=3.947952 parent_wall_us=69.1410 candidate_wall_us=74.3000 paired_delta_us=-0.4200
LOCAL_SAMPLE case=bf16-128x256 pair=14 order=C,P parent_device_us=23.1600 candidate_device_us=8.4400 parent_gelem_s=1.414853 candidate_gelem_s=3.882464 parent_wall_us=66.0410 candidate_wall_us=62.4100 paired_delta_us=-14.7200
LOCAL_SAMPLE case=bf16-128x256 pair=15 order=P,C parent_device_us=12.1800 candidate_device_us=19.5200 parent_gelem_s=2.690312 candidate_gelem_s=1.678689 parent_wall_us=69.0100 candidate_wall_us=67.0900 paired_delta_us=7.3400
LOCAL_SAMPLE case=bf16-128x256 pair=16 order=C,P parent_device_us=19.5600 candidate_device_us=19.5800 parent_gelem_s=1.675256 candidate_gelem_s=1.673545 parent_wall_us=65.7200 candidate_wall_us=66.2210 paired_delta_us=0.0200
LOCAL_SAMPLE case=bf16-128x256 pair=17 order=P,C parent_device_us=17.7800 candidate_device_us=21.3000 parent_gelem_s=1.842970 candidate_gelem_s=1.538404 parent_wall_us=66.7100 candidate_wall_us=66.7800 paired_delta_us=3.5200
LOCAL_SAMPLE case=bf16-128x256 pair=18 order=C,P parent_device_us=18.1000 candidate_device_us=18.9400 parent_gelem_s=1.810387 candidate_gelem_s=1.730095 parent_wall_us=67.5900 candidate_wall_us=66.8700 paired_delta_us=0.8400
LOCAL_SAMPLE case=bf16-128x256 pair=19 order=P,C parent_device_us=20.4800 candidate_device_us=9.2000 parent_gelem_s=1.600000 candidate_gelem_s=3.561739 parent_wall_us=67.8200 candidate_wall_us=69.6600 paired_delta_us=-11.2800
LOCAL_SAMPLE case=bf16-128x256 pair=20 order=C,P parent_device_us=12.7800 candidate_device_us=9.2600 parent_gelem_s=2.564006 candidate_gelem_s=3.538661 parent_wall_us=69.6410 candidate_wall_us=63.0300 paired_delta_us=-3.5200
LOCAL_SAMPLE case=bf16-128x256 pair=21 order=P,C parent_device_us=8.3600 candidate_device_us=21.4800 parent_gelem_s=3.919617 candidate_gelem_s=1.525512 parent_wall_us=77.2600 candidate_wall_us=70.3900 paired_delta_us=13.1200
LOCAL_SAMPLE case=bf16-128x256 pair=22 order=C,P parent_device_us=15.0800 candidate_device_us=6.9000 parent_gelem_s=2.172944 candidate_gelem_s=4.748986 parent_wall_us=69.8600 candidate_wall_us=70.4210 paired_delta_us=-8.1800
LOCAL_SAMPLE case=bf16-128x256 pair=23 order=P,C parent_device_us=21.8600 candidate_device_us=21.9400 parent_gelem_s=1.498994 candidate_gelem_s=1.493528 parent_wall_us=69.2400 candidate_wall_us=66.1110 paired_delta_us=0.0800
LOCAL_SAMPLE case=bf16-128x256 pair=24 order=C,P parent_device_us=8.2200 candidate_device_us=15.6000 parent_gelem_s=3.986375 candidate_gelem_s=2.100513 parent_wall_us=69.6300 candidate_wall_us=69.9100 paired_delta_us=7.3800
LOCAL_SAMPLE case=bf16-128x256 pair=25 order=P,C parent_device_us=19.1200 candidate_device_us=22.1600 parent_gelem_s=1.713808 candidate_gelem_s=1.478700 parent_wall_us=70.7210 candidate_wall_us=69.2000 paired_delta_us=3.0400
LOCAL_SAMPLE case=bf16-128x256 pair=26 order=C,P parent_device_us=16.0000 candidate_device_us=8.7600 parent_gelem_s=2.048000 candidate_gelem_s=3.740639 parent_wall_us=83.9310 candidate_wall_us=75.1300 paired_delta_us=-7.2400
LOCAL_SAMPLE case=bf16-128x256 pair=27 order=P,C parent_device_us=23.9000 candidate_device_us=22.4000 parent_gelem_s=1.371046 candidate_gelem_s=1.462857 parent_wall_us=70.1800 candidate_wall_us=69.1900 paired_delta_us=-1.5000
LOCAL_SAMPLE case=bf16-128x256 pair=28 order=C,P parent_device_us=8.3800 candidate_device_us=8.7000 parent_gelem_s=3.910263 candidate_gelem_s=3.766437 parent_wall_us=70.3500 candidate_wall_us=71.0110 paired_delta_us=0.3200
LOCAL_SAMPLE case=bf16-128x256 pair=29 order=P,C parent_device_us=8.1200 candidate_device_us=8.6200 parent_gelem_s=4.035468 candidate_gelem_s=3.801392 parent_wall_us=68.6800 candidate_wall_us=67.9210 paired_delta_us=0.5000
LOCAL_SAMPLE case=bf16-128x256 pair=30 order=C,P parent_device_us=17.2000 candidate_device_us=19.5600 parent_gelem_s=1.905116 candidate_gelem_s=1.675256 parent_wall_us=70.0900 candidate_wall_us=69.5100 paired_delta_us=2.3600
LOCAL_SAMPLE case=bf16-128x256 pair=31 order=P,C parent_device_us=8.2800 candidate_device_us=8.4400 parent_gelem_s=3.957488 candidate_gelem_s=3.882464 parent_wall_us=67.4610 candidate_wall_us=69.4700 paired_delta_us=0.1600
LOCAL_STATS case=bf16-128x256 metric=device_us binary=PARENT_R31B_V011 n=31 median=16.9600 mean=16.0045 stdev=6.8032 cv=0.42508 min=7.2400 max=35.8400 mad=4.8400 p10=8.1200 p90=23.1600
LOCAL_STATS case=bf16-128x256 metric=device_us binary=CANDIDATE_V078 n=31 median=15.3800 mean=14.6387 stdev=6.2197 cv=0.42488 min=6.9000 max=25.0800 mad=6.3000 p10=7.8600 p90=21.9400
LOCAL_STATS case=bf16-128x256 metric=wall_us binary=PARENT_R31B_V011 n=31 median=69.1410 mean=70.9974 stdev=7.9496 cv=0.11197 min=60.3600 max=103.5000 mad=1.5800 p10=66.0410 p90=78.0100
LOCAL_STATS case=bf16-128x256 metric=wall_us binary=CANDIDATE_V078 n=31 median=69.1900 mean=69.6323 stdev=4.5564 cv=0.06543 min=62.4100 max=85.0700 mad=1.2310 p10=66.2210 p90=74.3000
LOCAL_STATS case=bf16-128x256 metric=gelem_s binary=PARENT_R31B_V011 n=31 median=1.9321 mean=2.4778 stdev=1.1298 cv=0.45598 min=0.9143 max=4.5260 mad=0.5172 p10=1.4149 p90=4.0355
LOCAL_STATS case=bf16-128x256 metric=gelem_s binary=CANDIDATE_V078 n=31 median=2.1306 mean=2.7165 stdev=1.1929 cv=0.43912 min=1.3065 max=4.7490 mad=0.6677 p10=1.4935 p90=4.1690
LOCAL_STATS case=bf16-128x256 metric=paired_delta_us binary=CANDIDATE_MINUS_PARENT n=31 median=0.0200 mean=-1.3658 stdev=6.6818 cv=-4.89221 min=-14.7200 max=13.1200 mad=3.5400 p10=-11.2800 p90=7.3400
LOCAL_RESULT route=SYNC-BARRIER-ELISION-X revision=V078 device=3 shape=128x256 dtype=bf16 samples=31 parent_median_us=16.9600 candidate_median_us=15.3800 parent_median_gelem_s=1.932075 candidate_median_gelem_s=2.130559 local_delta_us=0.0200 local_score_percent=-0.117920 candidate_minus_parent_percent=0.117920
LOCAL_END_UTC=2026-10-08T19:47:07Z
