REVISION=V078
STAGE=LOCAL_RUN_2
LOCAL_START_UTC=2026-10-08T19:46:29Z
DEVICE=3
SHAPE=128x256
DTYPE=bf16
METHOD=device-event; warmup=60; interleaved_parent_candidate_pairs=31
LOCAL_SAMPLE case=bf16-128x256 pair=01 order=P,C parent_device_us=27.8600 candidate_device_us=27.8000 parent_gelem_s=1.176167 candidate_gelem_s=1.178705 parent_wall_us=110.4610 candidate_wall_us=81.4300 paired_delta_us=-0.0600
LOCAL_SAMPLE case=bf16-128x256 pair=02 order=C,P parent_device_us=24.2600 candidate_device_us=9.0400 parent_gelem_s=1.350701 candidate_gelem_s=3.624779 parent_wall_us=75.5300 candidate_wall_us=71.0910 paired_delta_us=-15.2200
LOCAL_SAMPLE case=bf16-128x256 pair=03 order=P,C parent_device_us=17.0200 candidate_device_us=8.3800 parent_gelem_s=1.925264 candidate_gelem_s=3.910263 parent_wall_us=62.9100 candidate_wall_us=65.4900 paired_delta_us=-8.6400
LOCAL_SAMPLE case=bf16-128x256 pair=04 order=C,P parent_device_us=8.4600 candidate_device_us=21.5600 parent_gelem_s=3.873286 candidate_gelem_s=1.519852 parent_wall_us=66.6100 candidate_wall_us=71.9500 paired_delta_us=13.1000
LOCAL_SAMPLE case=bf16-128x256 pair=05 order=P,C parent_device_us=17.6400 candidate_device_us=8.0000 parent_gelem_s=1.857596 candidate_gelem_s=4.096000 parent_wall_us=61.7400 candidate_wall_us=67.0610 paired_delta_us=-9.6400
LOCAL_SAMPLE case=bf16-128x256 pair=06 order=C,P parent_device_us=12.0200 candidate_device_us=20.0200 parent_gelem_s=2.726123 candidate_gelem_s=1.636763 parent_wall_us=68.3000 candidate_wall_us=86.7400 paired_delta_us=8.0000
LOCAL_SAMPLE case=bf16-128x256 pair=07 order=P,C parent_device_us=17.4600 candidate_device_us=15.8600 parent_gelem_s=1.876747 candidate_gelem_s=2.066078 parent_wall_us=62.8310 candidate_wall_us=62.2600 paired_delta_us=-1.6000
LOCAL_SAMPLE case=bf16-128x256 pair=08 order=C,P parent_device_us=8.5600 candidate_device_us=8.1000 parent_gelem_s=3.828037 candidate_gelem_s=4.045432 parent_wall_us=63.1910 candidate_wall_us=63.6300 paired_delta_us=-0.4600
LOCAL_SAMPLE case=bf16-128x256 pair=09 order=P,C parent_device_us=22.2200 candidate_device_us=8.3600 parent_gelem_s=1.474707 candidate_gelem_s=3.919617 parent_wall_us=65.6600 candidate_wall_us=63.5500 paired_delta_us=-13.8600
LOCAL_SAMPLE case=bf16-128x256 pair=10 order=C,P parent_device_us=16.8400 candidate_device_us=15.6000 parent_gelem_s=1.945843 candidate_gelem_s=2.100513 parent_wall_us=64.6900 candidate_wall_us=64.5810 paired_delta_us=-1.2400
LOCAL_SAMPLE case=bf16-128x256 pair=11 order=P,C parent_device_us=8.7400 candidate_device_us=13.7400 parent_gelem_s=3.749199 candidate_gelem_s=2.384862 parent_wall_us=63.7400 candidate_wall_us=61.8200 paired_delta_us=5.0000
LOCAL_SAMPLE case=bf16-128x256 pair=12 order=C,P parent_device_us=22.0800 candidate_device_us=17.9200 parent_gelem_s=1.484058 candidate_gelem_s=1.828571 parent_wall_us=62.7900 candidate_wall_us=64.0510 paired_delta_us=-4.1600
LOCAL_SAMPLE case=bf16-128x256 pair=13 order=P,C parent_device_us=18.2800 candidate_device_us=15.8200 parent_gelem_s=1.792560 candidate_gelem_s=2.071302 parent_wall_us=61.8700 candidate_wall_us=61.0110 paired_delta_us=-2.4600
LOCAL_SAMPLE case=bf16-128x256 pair=14 order=C,P parent_device_us=16.5400 candidate_device_us=20.5800 parent_gelem_s=1.981137 candidate_gelem_s=1.592226 parent_wall_us=61.5600 candidate_wall_us=62.1400 paired_delta_us=4.0400
LOCAL_SAMPLE case=bf16-128x256 pair=15 order=P,C parent_device_us=8.5600 candidate_device_us=17.5400 parent_gelem_s=3.828037 candidate_gelem_s=1.868187 parent_wall_us=65.2100 candidate_wall_us=61.2810 paired_delta_us=8.9800
LOCAL_SAMPLE case=bf16-128x256 pair=16 order=C,P parent_device_us=67.7800 candidate_device_us=26.4400 parent_gelem_s=0.483446 candidate_gelem_s=1.239334 parent_wall_us=120.5110 candidate_wall_us=71.9900 paired_delta_us=-41.3400
LOCAL_SAMPLE case=bf16-128x256 pair=17 order=P,C parent_device_us=9.2600 candidate_device_us=21.1200 parent_gelem_s=3.538661 candidate_gelem_s=1.551515 parent_wall_us=76.2500 candidate_wall_us=62.2400 paired_delta_us=11.8600
LOCAL_SAMPLE case=bf16-128x256 pair=18 order=C,P parent_device_us=9.3200 candidate_device_us=9.5600 parent_gelem_s=3.515880 candidate_gelem_s=3.427615 parent_wall_us=62.1400 candidate_wall_us=63.5210 paired_delta_us=0.2400
LOCAL_SAMPLE case=bf16-128x256 pair=19 order=P,C parent_device_us=8.8000 candidate_device_us=8.3600 parent_gelem_s=3.723636 candidate_gelem_s=3.919617 parent_wall_us=75.0800 candidate_wall_us=63.7200 paired_delta_us=-0.4400
LOCAL_SAMPLE case=bf16-128x256 pair=20 order=C,P parent_device_us=9.8600 candidate_device_us=32.9400 parent_gelem_s=3.323327 candidate_gelem_s=0.994778 parent_wall_us=64.8800 candidate_wall_us=76.8100 paired_delta_us=23.0800
LOCAL_SAMPLE case=bf16-128x256 pair=21 order=P,C parent_device_us=27.7800 candidate_device_us=23.8600 parent_gelem_s=1.179554 candidate_gelem_s=1.373345 parent_wall_us=72.4200 candidate_wall_us=73.0900 paired_delta_us=-3.9200
LOCAL_SAMPLE case=bf16-128x256 pair=22 order=C,P parent_device_us=27.7800 candidate_device_us=8.4000 parent_gelem_s=1.179554 candidate_gelem_s=3.900953 parent_wall_us=71.1600 candidate_wall_us=63.2200 paired_delta_us=-19.3800
LOCAL_SAMPLE case=bf16-128x256 pair=23 order=P,C parent_device_us=8.3000 candidate_device_us=8.9600 parent_gelem_s=3.947952 candidate_gelem_s=3.657143 parent_wall_us=76.3310 candidate_wall_us=74.3200 paired_delta_us=0.6600
LOCAL_SAMPLE case=bf16-128x256 pair=24 order=C,P parent_device_us=8.3000 candidate_device_us=8.4000 parent_gelem_s=3.947952 candidate_gelem_s=3.900953 parent_wall_us=63.0300 candidate_wall_us=75.9600 paired_delta_us=0.1000
LOCAL_SAMPLE case=bf16-128x256 pair=25 order=P,C parent_device_us=31.4400 candidate_device_us=8.4600 parent_gelem_s=1.042239 candidate_gelem_s=3.873286 parent_wall_us=81.2500 candidate_wall_us=68.1400 paired_delta_us=-22.9800
LOCAL_SAMPLE case=bf16-128x256 pair=26 order=C,P parent_device_us=8.4800 candidate_device_us=9.0000 parent_gelem_s=3.864151 candidate_gelem_s=3.640889 parent_wall_us=67.2100 candidate_wall_us=63.5400 paired_delta_us=0.5200
LOCAL_SAMPLE case=bf16-128x256 pair=27 order=P,C parent_device_us=7.4600 candidate_device_us=8.7000 parent_gelem_s=4.392493 candidate_gelem_s=3.766437 parent_wall_us=64.7300 candidate_wall_us=56.2710 paired_delta_us=1.2400
LOCAL_SAMPLE case=bf16-128x256 pair=28 order=C,P parent_device_us=9.5800 candidate_device_us=18.2600 parent_gelem_s=3.420459 candidate_gelem_s=1.794524 parent_wall_us=60.5200 candidate_wall_us=62.0400 paired_delta_us=8.6800
LOCAL_SAMPLE case=bf16-128x256 pair=29 order=P,C parent_device_us=9.1800 candidate_device_us=26.0600 parent_gelem_s=3.569499 candidate_gelem_s=1.257406 parent_wall_us=62.1200 candidate_wall_us=70.6100 paired_delta_us=16.8800
LOCAL_SAMPLE case=bf16-128x256 pair=30 order=C,P parent_device_us=19.8400 candidate_device_us=9.1200 parent_gelem_s=1.651613 candidate_gelem_s=3.592983 parent_wall_us=60.1900 candidate_wall_us=53.0500 paired_delta_us=-10.7200
LOCAL_SAMPLE case=bf16-128x256 pair=31 order=P,C parent_device_us=9.3000 candidate_device_us=16.8200 parent_gelem_s=3.523441 candidate_gelem_s=1.948157 parent_wall_us=63.9910 candidate_wall_us=60.3900 paired_delta_us=7.5200
LOCAL_STATS case=bf16-128x256 metric=device_us binary=PARENT_R31B_V011 n=31 median=12.0200 mean=16.7419 stdev=11.9551 cv=0.71408 min=7.4600 max=67.7800 mad=4.5200 p10=8.4600 p90=27.7800
LOCAL_STATS case=bf16-128x256 metric=device_us binary=CANDIDATE_V078 n=31 median=15.6000 mean=15.2510 stdev=7.1993 cv=0.47206 min=8.0000 max=32.9400 mad=6.6000 p10=8.3600 p90=26.0600
LOCAL_STATS case=bf16-128x256 metric=wall_us binary=PARENT_R31B_V011 n=31 median=64.7300 mean=69.6421 stdev=13.4652 cv=0.19335 min=60.1900 max=120.5110 mad=2.6100 p10=61.7400 p90=76.3310
LOCAL_STATS case=bf16-128x256 metric=wall_us binary=CANDIDATE_V078 n=31 median=63.7200 mean=66.6774 stdev=7.2427 cv=0.10862 min=53.0500 max=86.7400 mad=2.7090 p10=61.0110 p90=75.9600
LOCAL_STATS case=bf16-128x256 metric=gelem_s binary=PARENT_R31B_V011 n=31 median=2.7261 mean=2.6185 stdev=1.1735 cv=0.44816 min=0.4834 max=4.3925 mad=1.0745 p10=1.1796 p90=3.8733
LOCAL_STATS case=bf16-128x256 metric=gelem_s binary=CANDIDATE_V078 n=31 median=2.1005 mean=2.6349 stdev=1.1226 cv=0.42605 min=0.9948 max=4.0960 mad=0.9218 p10=1.2574 p90=3.9196
LOCAL_STATS case=bf16-128x256 metric=paired_delta_us binary=CANDIDATE_MINUS_PARENT n=31 median=-0.0600 mean=-1.4910 stdev=12.5742 cv=-8.43355 min=-41.3400 max=23.0800 mad=7.5800 p10=-15.2200 p90=11.8600
LOCAL_RESULT route=SYNC-BARRIER-ELISION-X revision=V078 device=3 shape=128x256 dtype=bf16 samples=31 parent_median_us=12.0200 candidate_median_us=15.6000 parent_median_gelem_s=2.726123 candidate_median_gelem_s=2.100513 local_delta_us=-0.0600 local_score_percent=0.499180 candidate_minus_parent_percent=-0.499180
LOCAL_END_UTC=2026-10-08T19:46:36Z
