gmake: *** No rule to make target 'mix_a_v007_unified_probe'.  Stop.
-- Configuring done
-- Generating done
-- Build files have been written to: /home/data4t2/lelinfeng/phase4-workspaces/MIX-A/runner-v007/build
/usr/bin/cmake -S/home/data4t2/lelinfeng/phase4-workspaces/MIX-A/runner-v007 -B/home/data4t2/lelinfeng/phase4-workspaces/MIX-A/runner-v007/build --check-build-system CMakeFiles/Makefile.cmake 0
/usr/bin/gmake  -f CMakeFiles/Makefile2 mix_a_v007_unified_probe
gmake[1]: Entering directory '/home/data4t2/lelinfeng/phase4-workspaces/MIX-A/runner-v007/build'
/usr/bin/cmake -S/home/data4t2/lelinfeng/phase4-workspaces/MIX-A/runner-v007 -B/home/data4t2/lelinfeng/phase4-workspaces/MIX-A/runner-v007/build --check-build-system CMakeFiles/Makefile.cmake 0
/usr/bin/cmake -E cmake_progress_start /home/data4t2/lelinfeng/phase4-workspaces/MIX-A/runner-v007/build/CMakeFiles 2
/usr/bin/gmake  -f CMakeFiles/Makefile2 CMakeFiles/mix_a_v007_unified_probe.dir/all
gmake[2]: Entering directory '/home/data4t2/lelinfeng/phase4-workspaces/MIX-A/runner-v007/build'
/usr/bin/gmake  -f CMakeFiles/mix_a_v007_unified_probe.dir/build.make CMakeFiles/mix_a_v007_unified_probe.dir/depend
gmake[3]: Entering directory '/home/data4t2/lelinfeng/phase4-workspaces/MIX-A/runner-v007/build'
cd /home/data4t2/lelinfeng/phase4-workspaces/MIX-A/runner-v007/build && /usr/bin/cmake -E cmake_depends "Unix Makefiles" /home/data4t2/lelinfeng/phase4-workspaces/MIX-A/runner-v007 /home/data4t2/lelinfeng/phase4-workspaces/MIX-A/runner-v007 /home/data4t2/lelinfeng/phase4-workspaces/MIX-A/runner-v007/build /home/data4t2/lelinfeng/phase4-workspaces/MIX-A/runner-v007/build /home/data4t2/lelinfeng/phase4-workspaces/MIX-A/runner-v007/build/CMakeFiles/mix_a_v007_unified_probe.dir/DependInfo.cmake --color=
gmake[3]: Leaving directory '/home/data4t2/lelinfeng/phase4-workspaces/MIX-A/runner-v007/build'
/usr/bin/gmake  -f CMakeFiles/mix_a_v007_unified_probe.dir/build.make CMakeFiles/mix_a_v007_unified_probe.dir/build
gmake[3]: Entering directory '/home/data4t2/lelinfeng/phase4-workspaces/MIX-A/runner-v007/build'
[ 50%] Building ASC object CMakeFiles/mix_a_v007_unified_probe.dir/runner_unified.asc.o
/usr/local/Ascend/ascend-toolkit/8.5.0.alpha002/compiler/ccec_compiler/bin/bisheng --npu-arch=dav-2201 --npu-soc=Ascend910B3  -I/home/data4t2/lelinfeng/phase4-workspaces/MIX-A/runner-v007 -I/home/data4t2/lelinfeng/phase4-workspaces/MIX-A/runner-v007/.. -I/usr/local/Ascend/ascend-toolkit/latest/toolkit/toolchain/hcc/aarch64-target-linux-gnu/include/c++/7.3.0 -I/usr/local/Ascend/ascend-toolkit/latest/toolkit/toolchain/hcc/aarch64-target-linux-gnu/include/c++/7.3.0/aarch64-target-linux-gnu -I/usr/local/Ascend/ascend-toolkit/latest/toolkit/toolchain/hcc/aarch64-target-linux-gnu/include/c++/7.3.0/backward -I/usr/local/Ascend/ascend-toolkit/latest/toolkit/toolchain/hcc/aarch64-target-linux-gnu/include --cce-aicore-arch=dav-c220 -Xaicore-start -O3 -std=c++17 -Xaicore-end -Xhost-start -I/usr/local/Ascend/ascend-toolkit/latest/toolkit/toolchain/hcc/aarch64-target-linux-gnu/include/c++/7.3.0 -I/usr/local/Ascend/ascend-toolkit/latest/toolkit/toolchain/hcc/aarch64-target-linux-gnu/include/c++/7.3.0/aarch64-target-linux-gnu -I/usr/local/Ascend/ascend-toolkit/latest/toolkit/toolchain/hcc/aarch64-target-linux-gnu/include/c++/7.3.0/backward -I/usr/local/Ascend/ascend-toolkit/latest/toolkit/toolchain/hcc/aarch64-target-linux-gnu/include -fPIC -O2 -std=c++17 -Xhost-end --npu-arch=dav-2201 -MD -MT CMakeFiles/mix_a_v007_unified_probe.dir/runner_unified.asc.o -MF CMakeFiles/mix_a_v007_unified_probe.dir/runner_unified.asc.o.d -o CMakeFiles/mix_a_v007_unified_probe.dir/runner_unified.asc.o -c -x asc /home/data4t2/lelinfeng/phase4-workspaces/MIX-A/runner-v007/runner_unified.asc
/home/data4t2/lelinfeng/phase4-workspaces/MIX-A/runner-v007/runner_unified.asc:426:26: error: static_cast from 'void *' to '__gm__ uint8_t *' (aka '__gm__ unsigned char *') casts away qualifiers
Fatal Err: A fatal error occurred in iternel process, and Diagnostic info can not be reported correctly
/home/data4t2/lelinfeng/phase4-workspaces/MIX-A/runner-v007/runner_unified.asc:426:26: error: static_cast from 'void *' to '__gm__ uint8_t *' (aka '__gm__ unsigned char *') casts away qualifiers
Fatal Err: A fatal error occurred in iternel process, and Diagnostic info can not be reported correctly
gmake[3]: *** [CMakeFiles/mix_a_v007_unified_probe.dir/build.make:76: CMakeFiles/mix_a_v007_unified_probe.dir/runner_unified.asc.o] Error 1
gmake[3]: Leaving directory '/home/data4t2/lelinfeng/phase4-workspaces/MIX-A/runner-v007/build'
gmake[2]: Leaving directory '/home/data4t2/lelinfeng/phase4-workspaces/MIX-A/runner-v007/build'
gmake[2]: *** [CMakeFiles/Makefile2:139: CMakeFiles/mix_a_v007_unified_probe.dir/all] Error 2
gmake[1]: *** [CMakeFiles/Makefile2:146: CMakeFiles/mix_a_v007_unified_probe.dir/rule] Error 2
gmake[1]: Leaving directory '/home/data4t2/lelinfeng/phase4-workspaces/MIX-A/runner-v007/build'
gmake: *** [Makefile:150: mix_a_v007_unified_probe] Error 2
/usr/bin/cmake -S/home/data4t2/lelinfeng/phase4-workspaces/MIX-A/runner-v007 -B/home/data4t2/lelinfeng/phase4-workspaces/MIX-A/runner-v007/build --check-build-system CMakeFiles/Makefile.cmake 0
/usr/bin/gmake  -f CMakeFiles/Makefile2 mix_a_v007_unified_probe
gmake[1]: Entering directory '/home/data4t2/lelinfeng/phase4-workspaces/MIX-A/runner-v007/build'
/usr/bin/cmake -S/home/data4t2/lelinfeng/phase4-workspaces/MIX-A/runner-v007 -B/home/data4t2/lelinfeng/phase4-workspaces/MIX-A/runner-v007/build --check-build-system CMakeFiles/Makefile.cmake 0
/usr/bin/cmake -E cmake_progress_start /home/data4t2/lelinfeng/phase4-workspaces/MIX-A/runner-v007/build/CMakeFiles 2
/usr/bin/gmake  -f CMakeFiles/Makefile2 CMakeFiles/mix_a_v007_unified_probe.dir/all
gmake[2]: Entering directory '/home/data4t2/lelinfeng/phase4-workspaces/MIX-A/runner-v007/build'
/usr/bin/gmake  -f CMakeFiles/mix_a_v007_unified_probe.dir/build.make CMakeFiles/mix_a_v007_unified_probe.dir/depend
gmake[3]: Entering directory '/home/data4t2/lelinfeng/phase4-workspaces/MIX-A/runner-v007/build'
cd /home/data4t2/lelinfeng/phase4-workspaces/MIX-A/runner-v007/build && /usr/bin/cmake -E cmake_depends "Unix Makefiles" /home/data4t2/lelinfeng/phase4-workspaces/MIX-A/runner-v007 /home/data4t2/lelinfeng/phase4-workspaces/MIX-A/runner-v007 /home/data4t2/lelinfeng/phase4-workspaces/MIX-A/runner-v007/build /home/data4t2/lelinfeng/phase4-workspaces/MIX-A/runner-v007/build /home/data4t2/lelinfeng/phase4-workspaces/MIX-A/runner-v007/build/CMakeFiles/mix_a_v007_unified_probe.dir/DependInfo.cmake --color=
Dependencies file "CMakeFiles/mix_a_v007_unified_probe.dir/runner_unified.asc.o.d" is newer than depends file "/home/data4t2/lelinfeng/phase4-workspaces/MIX-A/runner-v007/build/CMakeFiles/mix_a_v007_unified_probe.dir/compiler_depend.internal".
Consolidate compiler generated dependencies of target mix_a_v007_unified_probe
gmake[3]: Leaving directory '/home/data4t2/lelinfeng/phase4-workspaces/MIX-A/runner-v007/build'
/usr/bin/gmake  -f CMakeFiles/mix_a_v007_unified_probe.dir/build.make CMakeFiles/mix_a_v007_unified_probe.dir/build
gmake[3]: Entering directory '/home/data4t2/lelinfeng/phase4-workspaces/MIX-A/runner-v007/build'
[ 50%] Building ASC object CMakeFiles/mix_a_v007_unified_probe.dir/runner_unified.asc.o
/usr/local/Ascend/ascend-toolkit/8.5.0.alpha002/compiler/ccec_compiler/bin/bisheng --npu-arch=dav-2201 --npu-soc=Ascend910B3  -I/home/data4t2/lelinfeng/phase4-workspaces/MIX-A/runner-v007 -I/home/data4t2/lelinfeng/phase4-workspaces/MIX-A/runner-v007/.. -I/usr/local/Ascend/ascend-toolkit/latest/toolkit/toolchain/hcc/aarch64-target-linux-gnu/include/c++/7.3.0 -I/usr/local/Ascend/ascend-toolkit/latest/toolkit/toolchain/hcc/aarch64-target-linux-gnu/include/c++/7.3.0/aarch64-target-linux-gnu -I/usr/local/Ascend/ascend-toolkit/latest/toolkit/toolchain/hcc/aarch64-target-linux-gnu/include/c++/7.3.0/backward -I/usr/local/Ascend/ascend-toolkit/latest/toolkit/toolchain/hcc/aarch64-target-linux-gnu/include --cce-aicore-arch=dav-c220 -Xaicore-start -O3 -std=c++17 -Xaicore-end -Xhost-start -I/usr/local/Ascend/ascend-toolkit/latest/toolkit/toolchain/hcc/aarch64-target-linux-gnu/include/c++/7.3.0 -I/usr/local/Ascend/ascend-toolkit/latest/toolkit/toolchain/hcc/aarch64-target-linux-gnu/include/c++/7.3.0/aarch64-target-linux-gnu -I/usr/local/Ascend/ascend-toolkit/latest/toolkit/toolchain/hcc/aarch64-target-linux-gnu/include/c++/7.3.0/backward -I/usr/local/Ascend/ascend-toolkit/latest/toolkit/toolchain/hcc/aarch64-target-linux-gnu/include -fPIC -O2 -std=c++17 -Xhost-end --npu-arch=dav-2201 -MD -MT CMakeFiles/mix_a_v007_unified_probe.dir/runner_unified.asc.o -MF CMakeFiles/mix_a_v007_unified_probe.dir/runner_unified.asc.o.d -o CMakeFiles/mix_a_v007_unified_probe.dir/runner_unified.asc.o -c -x asc /home/data4t2/lelinfeng/phase4-workspaces/MIX-A/runner-v007/runner_unified.asc
/home/data4t2/lelinfeng/phase4-workspaces/MIX-A/runner-v007/runner_unified.asc:426:27: warning: 'cce_global' attribute ignored when parsing type [-Wignored-attributes]
        GM_ADDR output = (GM_ADDR)(variant == Variant::V003 ? deviceOutputV003_ : deviceOutputV007_);
                          ^~~~~~~
/usr/local/Ascend/ascend-toolkit/8.5.0.alpha002/compiler/tikcpp/tikcfw/impl/utils/kernel_utils_macros.h:18:17: note: expanded from macro 'GM_ADDR'
#define GM_ADDR __gm__ uint8_t*
                ^~~~~~
/usr/local/Ascend/ascend-toolkit/8.5.0.alpha002/aarch64-linux/ccec_compiler/lib/clang/15.0.5/include/__clang_cce_defines.h:47:31: note: expanded from macro '__gm__'
#define __gm__ __attribute__((cce_global))
                              ^~~~~~~~~~
/home/data4t2/lelinfeng/phase4-workspaces/MIX-A/runner-v007/runner_unified.asc:427:29: warning: 'cce_global' attribute ignored when parsing type [-Wignored-attributes]
        KernelFor(variant)((GM_ADDR)deviceX_, infoX_,
                            ^~~~~~~
/usr/local/Ascend/ascend-toolkit/8.5.0.alpha002/compiler/tikcpp/tikcfw/impl/utils/kernel_utils_macros.h:18:17: note: expanded from macro 'GM_ADDR'
#define GM_ADDR __gm__ uint8_t*
                ^~~~~~
/usr/local/Ascend/ascend-toolkit/8.5.0.alpha002/aarch64-linux/ccec_compiler/lib/clang/15.0.5/include/__clang_cce_defines.h:47:31: note: expanded from macro '__gm__'
#define __gm__ __attribute__((cce_global))
                              ^~~~~~~~~~
/home/data4t2/lelinfeng/phase4-workspaces/MIX-A/runner-v007/runner_unified.asc:428:29: warning: 'cce_global' attribute ignored when parsing type [-Wignored-attributes]
                           (GM_ADDR)deviceResidual_, infoResidual_,
                            ^~~~~~~
/usr/local/Ascend/ascend-toolkit/8.5.0.alpha002/compiler/tikcpp/tikcfw/impl/utils/kernel_utils_macros.h:18:17: note: expanded from macro 'GM_ADDR'
#define GM_ADDR __gm__ uint8_t*
                ^~~~~~
/usr/local/Ascend/ascend-toolkit/8.5.0.alpha002/aarch64-linux/ccec_compiler/lib/clang/15.0.5/include/__clang_cce_defines.h:47:31: note: expanded from macro '__gm__'
#define __gm__ __attribute__((cce_global))
                              ^~~~~~~~~~
/home/data4t2/lelinfeng/phase4-workspaces/MIX-A/runner-v007/runner_unified.asc:429:29: warning: 'cce_global' attribute ignored when parsing type [-Wignored-attributes]
                           (GM_ADDR)deviceGamma_, infoGamma_,
                            ^~~~~~~
/usr/local/Ascend/ascend-toolkit/8.5.0.alpha002/compiler/tikcpp/tikcfw/impl/utils/kernel_utils_macros.h:18:17: note: expanded from macro 'GM_ADDR'
#define GM_ADDR __gm__ uint8_t*
                ^~~~~~
/usr/local/Ascend/ascend-toolkit/8.5.0.alpha002/aarch64-linux/ccec_compiler/lib/clang/15.0.5/include/__clang_cce_defines.h:47:31: note: expanded from macro '__gm__'
#define __gm__ __attribute__((cce_global))
                              ^~~~~~~~~~
/home/data4t2/lelinfeng/phase4-workspaces/MIX-A/runner-v007/runner_unified.asc:430:29: warning: 'cce_global' attribute ignored when parsing type [-Wignored-attributes]
                           (GM_ADDR)deviceBias_, infoBias_, output, infoOutput_,
                            ^~~~~~~
/usr/local/Ascend/ascend-toolkit/8.5.0.alpha002/compiler/tikcpp/tikcfw/impl/utils/kernel_utils_macros.h:18:17: note: expanded from macro 'GM_ADDR'
#define GM_ADDR __gm__ uint8_t*
                ^~~~~~
/usr/local/Ascend/ascend-toolkit/8.5.0.alpha002/aarch64-linux/ccec_compiler/lib/clang/15.0.5/include/__clang_cce_defines.h:47:31: note: expanded from macro '__gm__'
#define __gm__ __attribute__((cce_global))
                              ^~~~~~~~~~
5 warnings generated.
/home/data4t2/lelinfeng/phase4-workspaces/MIX-A/runner-v007/runner_unified.asc:426:27: warning: 'cce_global' attribute ignored when parsing type [-Wignored-attributes]
/usr/local/Ascend/ascend-toolkit/8.5.0.alpha002/compiler/tikcpp/tikcfw/impl/utils/kernel_utils_macros.h:18:17: note: expanded from macro 'GM_ADDR'
/usr/local/Ascend/ascend-toolkit/8.5.0.alpha002/aarch64-linux/ccec_compiler/lib/clang/15.0.5/include/__clang_cce_defines.h:47:31: note: expanded from macro '__gm__'
/home/data4t2/lelinfeng/phase4-workspaces/MIX-A/runner-v007/runner_unified.asc:427:29: warning: 'cce_global' attribute ignored when parsing type [-Wignored-attributes]
/usr/local/Ascend/ascend-toolkit/8.5.0.alpha002/compiler/tikcpp/tikcfw/impl/utils/kernel_utils_macros.h:18:17: note: expanded from macro 'GM_ADDR'
/usr/local/Ascend/ascend-toolkit/8.5.0.alpha002/aarch64-linux/ccec_compiler/lib/clang/15.0.5/include/__clang_cce_defines.h:47:31: note: expanded from macro '__gm__'
/home/data4t2/lelinfeng/phase4-workspaces/MIX-A/runner-v007/runner_unified.asc:428:29: warning: 'cce_global' attribute ignored when parsing type [-Wignored-attributes]
/usr/local/Ascend/ascend-toolkit/8.5.0.alpha002/compiler/tikcpp/tikcfw/impl/utils/kernel_utils_macros.h:18:17: note: expanded from macro 'GM_ADDR'
/usr/local/Ascend/ascend-toolkit/8.5.0.alpha002/aarch64-linux/ccec_compiler/lib/clang/15.0.5/include/__clang_cce_defines.h:47:31: note: expanded from macro '__gm__'
/home/data4t2/lelinfeng/phase4-workspaces/MIX-A/runner-v007/runner_unified.asc:429:29: warning: 'cce_global' attribute ignored when parsing type [-Wignored-attributes]
/usr/local/Ascend/ascend-toolkit/8.5.0.alpha002/compiler/tikcpp/tikcfw/impl/utils/kernel_utils_macros.h:18:17: note: expanded from macro 'GM_ADDR'
/usr/local/Ascend/ascend-toolkit/8.5.0.alpha002/aarch64-linux/ccec_compiler/lib/clang/15.0.5/include/__clang_cce_defines.h:47:31: note: expanded from macro '__gm__'
/home/data4t2/lelinfeng/phase4-workspaces/MIX-A/runner-v007/runner_unified.asc:430:29: warning: 'cce_global' attribute ignored when parsing type [-Wignored-attributes]
/usr/local/Ascend/ascend-toolkit/8.5.0.alpha002/compiler/tikcpp/tikcfw/impl/utils/kernel_utils_macros.h:18:17: note: expanded from macro 'GM_ADDR'
/usr/local/Ascend/ascend-toolkit/8.5.0.alpha002/aarch64-linux/ccec_compiler/lib/clang/15.0.5/include/__clang_cce_defines.h:47:31: note: expanded from macro '__gm__'
5 warnings generated.
Warning: please refer to the above warning message.
Warning: please refer to the above warning message.
Warning: please refer to the above warning message.
Warning: please refer to the above warning message.
Warning: please refer to the above warning message.
Warning: please refer to the above warning message.
Warning: please refer to the above warning message.
Warning: please refer to the above warning message.
Warning: please refer to the above warning message.
Warning: please refer to the above warning message.
Warning: please refer to the above warning message.
Warning: please refer to the above warning message.
Warning: please refer to the above warning message.
Warning: please refer to the above warning message.
Warning: please refer to the above warning message.
/tmp/asc_plugin_binary_register_code-da699d.c:3:10: fatal error: 'vector' file not found
#include <vector>
         ^~~~~~~~
1 error generated.
cceld: ccec ReturnCode: 1
cceld: ExecutionFailed: 0
cceld: ErrMsg:
/usr/local/Ascend/ascend-toolkit/8.5.0.alpha002/aarch64-linux/ccec_compiler/bin/llvm-objcopy: error: cceld: ccec ReturnCode: 1
cceld: ObjcopyExecutionFailed: 0
cceld: ObjcopyErrMsg:
'/tmp/cce_all_link-5e53f6.o': No such file or directory
ld.lld: error: cannot open /tmp/cce_all_link-5e53f6.o: No such file or directory
cceld: ccec ReturnCode: 1
cceld: RelocatedLinkedExecutionFailed: 0
cceld: RelocatedLinkedObjcopyErrMsg:
cceld: ccec ReturnCode: 1
cceld: LocalFixedExecutionFailed: 0
cceld: LocalFixedErrMsg:
/usr/local/Ascend/ascend-toolkit/8.5.0.alpha002/aarch64-linux/ccec_compiler/bin/llvm-objcopy: error: '/tmp/cce_relocated_linked_static_object-e5fb89.o': The file was not recognized as a valid object file
ld.lld: error: target emulation unknown: -m or at least one .o file required
cceld: Linker ReturnCode: 1
cceld: ExecutionFailed: 0
cceld: ErrMsg:
bisheng: error: linker command failed with exit code 1 (use -v to see invocation)
gmake[3]: *** [CMakeFiles/mix_a_v007_unified_probe.dir/build.make:76: CMakeFiles/mix_a_v007_unified_probe.dir/runner_unified.asc.o] Error 1
gmake[3]: Leaving directory '/home/data4t2/lelinfeng/phase4-workspaces/MIX-A/runner-v007/build'
gmake[2]: *** [CMakeFiles/Makefile2:139: CMakeFiles/mix_a_v007_unified_probe.dir/all] Error 2
gmake[2]: Leaving directory '/home/data4t2/lelinfeng/phase4-workspaces/MIX-A/runner-v007/build'
gmake[1]: Leaving directory '/home/data4t2/lelinfeng/phase4-workspaces/MIX-A/runner-v007/build'
gmake[1]: *** [CMakeFiles/Makefile2:146: CMakeFiles/mix_a_v007_unified_probe.dir/rule] Error 2
gmake: *** [Makefile:150: mix_a_v007_unified_probe] Error 2
/usr/bin/cmake -S/home/data4t2/lelinfeng/phase4-workspaces/MIX-A/runner-v007 -B/home/data4t2/lelinfeng/phase4-workspaces/MIX-A/runner-v007/build --check-build-system CMakeFiles/Makefile.cmake 0
/usr/bin/gmake  -f CMakeFiles/Makefile2 mix_a_v007_unified_probe
gmake[1]: Entering directory '/home/data4t2/lelinfeng/phase4-workspaces/MIX-A/runner-v007/build'
/usr/bin/cmake -S/home/data4t2/lelinfeng/phase4-workspaces/MIX-A/runner-v007 -B/home/data4t2/lelinfeng/phase4-workspaces/MIX-A/runner-v007/build --check-build-system CMakeFiles/Makefile.cmake 0
/usr/bin/cmake -E cmake_progress_start /home/data4t2/lelinfeng/phase4-workspaces/MIX-A/runner-v007/build/CMakeFiles 2
/usr/bin/gmake  -f CMakeFiles/Makefile2 CMakeFiles/mix_a_v007_unified_probe.dir/all
gmake[2]: Entering directory '/home/data4t2/lelinfeng/phase4-workspaces/MIX-A/runner-v007/build'
/usr/bin/gmake  -f CMakeFiles/mix_a_v007_unified_probe.dir/build.make CMakeFiles/mix_a_v007_unified_probe.dir/depend
gmake[3]: Entering directory '/home/data4t2/lelinfeng/phase4-workspaces/MIX-A/runner-v007/build'
cd /home/data4t2/lelinfeng/phase4-workspaces/MIX-A/runner-v007/build && /usr/bin/cmake -E cmake_depends "Unix Makefiles" /home/data4t2/lelinfeng/phase4-workspaces/MIX-A/runner-v007 /home/data4t2/lelinfeng/phase4-workspaces/MIX-A/runner-v007 /home/data4t2/lelinfeng/phase4-workspaces/MIX-A/runner-v007/build /home/data4t2/lelinfeng/phase4-workspaces/MIX-A/runner-v007/build /home/data4t2/lelinfeng/phase4-workspaces/MIX-A/runner-v007/build/CMakeFiles/mix_a_v007_unified_probe.dir/DependInfo.cmake --color=
Dependencies file "CMakeFiles/mix_a_v007_unified_probe.dir/runner_unified.asc.o.d" is newer than depends file "/home/data4t2/lelinfeng/phase4-workspaces/MIX-A/runner-v007/build/CMakeFiles/mix_a_v007_unified_probe.dir/compiler_depend.internal".
Consolidate compiler generated dependencies of target mix_a_v007_unified_probe
gmake[3]: Leaving directory '/home/data4t2/lelinfeng/phase4-workspaces/MIX-A/runner-v007/build'
/usr/bin/gmake  -f CMakeFiles/mix_a_v007_unified_probe.dir/build.make CMakeFiles/mix_a_v007_unified_probe.dir/build
gmake[3]: Entering directory '/home/data4t2/lelinfeng/phase4-workspaces/MIX-A/runner-v007/build'
[ 50%] Building ASC object CMakeFiles/mix_a_v007_unified_probe.dir/runner_unified.asc.o
/usr/local/Ascend/ascend-toolkit/8.5.0.alpha002/compiler/ccec_compiler/bin/bisheng --npu-arch=dav-2201 --npu-soc=Ascend910B3  -I/home/data4t2/lelinfeng/phase4-workspaces/MIX-A/runner-v007 -I/home/data4t2/lelinfeng/phase4-workspaces/MIX-A/runner-v007/.. -I/usr/local/Ascend/ascend-toolkit/latest/toolkit/toolchain/hcc/aarch64-target-linux-gnu/include/c++/7.3.0 -I/usr/local/Ascend/ascend-toolkit/latest/toolkit/toolchain/hcc/aarch64-target-linux-gnu/include/c++/7.3.0/aarch64-target-linux-gnu -I/usr/local/Ascend/ascend-toolkit/latest/toolkit/toolchain/hcc/aarch64-target-linux-gnu/include/c++/7.3.0/backward -I/usr/local/Ascend/ascend-toolkit/latest/toolkit/toolchain/hcc/aarch64-target-linux-gnu/include --cce-aicore-arch=dav-c220 -Xaicore-start -O3 -std=c++17 -Xaicore-end -Xhost-start -I/usr/local/Ascend/ascend-toolkit/latest/toolkit/toolchain/hcc/aarch64-target-linux-gnu/include/c++/7.3.0 -I/usr/local/Ascend/ascend-toolkit/latest/toolkit/toolchain/hcc/aarch64-target-linux-gnu/include/c++/7.3.0/aarch64-target-linux-gnu -I/usr/local/Ascend/ascend-toolkit/latest/toolkit/toolchain/hcc/aarch64-target-linux-gnu/include/c++/7.3.0/backward -I/usr/local/Ascend/ascend-toolkit/latest/toolkit/toolchain/hcc/aarch64-target-linux-gnu/include -fPIC -O2 -std=c++17 -Xhost-end --npu-arch=dav-2201 -MD -MT CMakeFiles/mix_a_v007_unified_probe.dir/runner_unified.asc.o -MF CMakeFiles/mix_a_v007_unified_probe.dir/runner_unified.asc.o.d -o CMakeFiles/mix_a_v007_unified_probe.dir/runner_unified.asc.o -c -x asc /home/data4t2/lelinfeng/phase4-workspaces/MIX-A/runner-v007/runner_unified.asc
/home/data4t2/lelinfeng/phase4-workspaces/MIX-A/runner-v007/runner_unified.asc:426:27: warning: 'cce_global' attribute ignored when parsing type [-Wignored-attributes]
        GM_ADDR output = (GM_ADDR)(variant == Variant::V003 ? deviceOutputV003_ : deviceOutputV007_);
                          ^~~~~~~
/usr/local/Ascend/ascend-toolkit/8.5.0.alpha002/compiler/tikcpp/tikcfw/impl/utils/kernel_utils_macros.h:18:17: note: expanded from macro 'GM_ADDR'
#define GM_ADDR __gm__ uint8_t*
                ^~~~~~
/usr/local/Ascend/ascend-toolkit/8.5.0.alpha002/aarch64-linux/ccec_compiler/lib/clang/15.0.5/include/__clang_cce_defines.h:47:31: note: expanded from macro '__gm__'
#define __gm__ __attribute__((cce_global))
                              ^~~~~~~~~~
/home/data4t2/lelinfeng/phase4-workspaces/MIX-A/runner-v007/runner_unified.asc:427:29: warning: 'cce_global' attribute ignored when parsing type [-Wignored-attributes]
        KernelFor(variant)((GM_ADDR)deviceX_, infoX_,
                            ^~~~~~~
/usr/local/Ascend/ascend-toolkit/8.5.0.alpha002/compiler/tikcpp/tikcfw/impl/utils/kernel_utils_macros.h:18:17: note: expanded from macro 'GM_ADDR'
#define GM_ADDR __gm__ uint8_t*
                ^~~~~~
/usr/local/Ascend/ascend-toolkit/8.5.0.alpha002/aarch64-linux/ccec_compiler/lib/clang/15.0.5/include/__clang_cce_defines.h:47:31: note: expanded from macro '__gm__'
#define __gm__ __attribute__((cce_global))
                              ^~~~~~~~~~
/home/data4t2/lelinfeng/phase4-workspaces/MIX-A/runner-v007/runner_unified.asc:428:29: warning: 'cce_global' attribute ignored when parsing type [-Wignored-attributes]
                           (GM_ADDR)deviceResidual_, infoResidual_,
                            ^~~~~~~
/usr/local/Ascend/ascend-toolkit/8.5.0.alpha002/compiler/tikcpp/tikcfw/impl/utils/kernel_utils_macros.h:18:17: note: expanded from macro 'GM_ADDR'
#define GM_ADDR __gm__ uint8_t*
                ^~~~~~
/usr/local/Ascend/ascend-toolkit/8.5.0.alpha002/aarch64-linux/ccec_compiler/lib/clang/15.0.5/include/__clang_cce_defines.h:47:31: note: expanded from macro '__gm__'
#define __gm__ __attribute__((cce_global))
                              ^~~~~~~~~~
/home/data4t2/lelinfeng/phase4-workspaces/MIX-A/runner-v007/runner_unified.asc:429:29: warning: 'cce_global' attribute ignored when parsing type [-Wignored-attributes]
                           (GM_ADDR)deviceGamma_, infoGamma_,
                            ^~~~~~~
/usr/local/Ascend/ascend-toolkit/8.5.0.alpha002/compiler/tikcpp/tikcfw/impl/utils/kernel_utils_macros.h:18:17: note: expanded from macro 'GM_ADDR'
#define GM_ADDR __gm__ uint8_t*
                ^~~~~~
/usr/local/Ascend/ascend-toolkit/8.5.0.alpha002/aarch64-linux/ccec_compiler/lib/clang/15.0.5/include/__clang_cce_defines.h:47:31: note: expanded from macro '__gm__'
#define __gm__ __attribute__((cce_global))
                              ^~~~~~~~~~
/home/data4t2/lelinfeng/phase4-workspaces/MIX-A/runner-v007/runner_unified.asc:430:29: warning: 'cce_global' attribute ignored when parsing type [-Wignored-attributes]
                           (GM_ADDR)deviceBias_, infoBias_, output, infoOutput_,
                            ^~~~~~~
/usr/local/Ascend/ascend-toolkit/8.5.0.alpha002/compiler/tikcpp/tikcfw/impl/utils/kernel_utils_macros.h:18:17: note: expanded from macro 'GM_ADDR'
#define GM_ADDR __gm__ uint8_t*
                ^~~~~~
/usr/local/Ascend/ascend-toolkit/8.5.0.alpha002/aarch64-linux/ccec_compiler/lib/clang/15.0.5/include/__clang_cce_defines.h:47:31: note: expanded from macro '__gm__'
#define __gm__ __attribute__((cce_global))
                              ^~~~~~~~~~
5 warnings generated.
/home/data4t2/lelinfeng/phase4-workspaces/MIX-A/runner-v007/runner_unified.asc:426:27: warning: 'cce_global' attribute ignored when parsing type [-Wignored-attributes]
/usr/local/Ascend/ascend-toolkit/8.5.0.alpha002/compiler/tikcpp/tikcfw/impl/utils/kernel_utils_macros.h:18:17: note: expanded from macro 'GM_ADDR'
/usr/local/Ascend/ascend-toolkit/8.5.0.alpha002/aarch64-linux/ccec_compiler/lib/clang/15.0.5/include/__clang_cce_defines.h:47:31: note: expanded from macro '__gm__'
/home/data4t2/lelinfeng/phase4-workspaces/MIX-A/runner-v007/runner_unified.asc:427:29: warning: 'cce_global' attribute ignored when parsing type [-Wignored-attributes]
/usr/local/Ascend/ascend-toolkit/8.5.0.alpha002/compiler/tikcpp/tikcfw/impl/utils/kernel_utils_macros.h:18:17: note: expanded from macro 'GM_ADDR'
/usr/local/Ascend/ascend-toolkit/8.5.0.alpha002/aarch64-linux/ccec_compiler/lib/clang/15.0.5/include/__clang_cce_defines.h:47:31: note: expanded from macro '__gm__'
/home/data4t2/lelinfeng/phase4-workspaces/MIX-A/runner-v007/runner_unified.asc:428:29: warning: 'cce_global' attribute ignored when parsing type [-Wignored-attributes]
/usr/local/Ascend/ascend-toolkit/8.5.0.alpha002/compiler/tikcpp/tikcfw/impl/utils/kernel_utils_macros.h:18:17: note: expanded from macro 'GM_ADDR'
/usr/local/Ascend/ascend-toolkit/8.5.0.alpha002/aarch64-linux/ccec_compiler/lib/clang/15.0.5/include/__clang_cce_defines.h:47:31: note: expanded from macro '__gm__'
/home/data4t2/lelinfeng/phase4-workspaces/MIX-A/runner-v007/runner_unified.asc:429:29: warning: 'cce_global' attribute ignored when parsing type [-Wignored-attributes]
/usr/local/Ascend/ascend-toolkit/8.5.0.alpha002/compiler/tikcpp/tikcfw/impl/utils/kernel_utils_macros.h:18:17: note: expanded from macro 'GM_ADDR'
/usr/local/Ascend/ascend-toolkit/8.5.0.alpha002/aarch64-linux/ccec_compiler/lib/clang/15.0.5/include/__clang_cce_defines.h:47:31: note: expanded from macro '__gm__'
/home/data4t2/lelinfeng/phase4-workspaces/MIX-A/runner-v007/runner_unified.asc:430:29: warning: 'cce_global' attribute ignored when parsing type [-Wignored-attributes]
/usr/local/Ascend/ascend-toolkit/8.5.0.alpha002/compiler/tikcpp/tikcfw/impl/utils/kernel_utils_macros.h:18:17: note: expanded from macro 'GM_ADDR'
/usr/local/Ascend/ascend-toolkit/8.5.0.alpha002/aarch64-linux/ccec_compiler/lib/clang/15.0.5/include/__clang_cce_defines.h:47:31: note: expanded from macro '__gm__'
5 warnings generated.
Warning: please refer to the above warning message.
Warning: please refer to the above warning message.
Warning: please refer to the above warning message.
Warning: please refer to the above warning message.
Warning: please refer to the above warning message.
Warning: please refer to the above warning message.
Warning: please refer to the above warning message.
Warning: please refer to the above warning message.
Warning: please refer to the above warning message.
Warning: please refer to the above warning message.
Warning: please refer to the above warning message.
Warning: please refer to the above warning message.
Warning: please refer to the above warning message.
Warning: please refer to the above warning message.
Warning: please refer to the above warning message.
/tmp/asc_plugin_binary_register_code-08b2d1.c:3:10: fatal error: 'vector' file not found
#include <vector>
         ^~~~~~~~
1 error generated.
cceld: ccec ReturnCode: 1
cceld: ExecutionFailed: 0
cceld: ErrMsg:
/usr/local/Ascend/ascend-toolkit/8.5.0.alpha002/aarch64-linux/ccec_compiler/bin/llvm-objcopy: error: '/tmp/cce_all_link-02cf76.o': No such file or directory
cceld: ccec ReturnCode: 1
cceld: ObjcopyExecutionFailed: 0
cceld: ObjcopyErrMsg:
ld.lld: error: cannot open /tmp/cce_all_link-02cf76.o: No such file or directory
cceld: ccec ReturnCode: 1
cceld: RelocatedLinkedExecutionFailed: 0
cceld: RelocatedLinkedObjcopyErrMsg:
cceld: ccec ReturnCode: 1
cceld: LocalFixedExecutionFailed: 0
cceld: LocalFixedErrMsg:
cceld: Linker ReturnCode: 1
cceld: ExecutionFailed: 0
cceld: ErrMsg:
gmake[3]: Leaving directory '/home/data4t2/lelinfeng/phase4-workspaces/MIX-A/runner-v007/build'
gmake[2]: Leaving directory '/home/data4t2/lelinfeng/phase4-workspaces/MIX-A/runner-v007/build'
gmake[1]: Leaving directory '/home/data4t2/lelinfeng/phase4-workspaces/MIX-A/runner-v007/build'
/usr/local/Ascend/ascend-toolkit/8.5.0.alpha002/aarch64-linux/ccec_compiler/bin/llvm-objcopy: error: '/tmp/cce_relocated_linked_static_object-c4af37.o': The file was not recognized as a valid object file
ld.lld: error: target emulation unknown: -m or at least one .o file required
bisheng: error: linker command failed with exit code 1 (use -v to see invocation)
gmake[3]: *** [CMakeFiles/mix_a_v007_unified_probe.dir/build.make:76: CMakeFiles/mix_a_v007_unified_probe.dir/runner_unified.asc.o] Error 1
gmake[2]: *** [CMakeFiles/Makefile2:139: CMakeFiles/mix_a_v007_unified_probe.dir/all] Error 2
gmake[1]: *** [CMakeFiles/Makefile2:146: CMakeFiles/mix_a_v007_unified_probe.dir/rule] Error 2
gmake: *** [Makefile:150: mix_a_v007_unified_probe] Error 2
-- Configuring done
-- Generating done
-- Build files have been written to: /home/data4t2/lelinfeng/phase4-workspaces/MIX-A/runner-v007/build
/usr/bin/cmake -S/home/data4t2/lelinfeng/phase4-workspaces/MIX-A/runner-v007 -B/home/data4t2/lelinfeng/phase4-workspaces/MIX-A/runner-v007/build --check-build-system CMakeFiles/Makefile.cmake 0
/usr/bin/gmake  -f CMakeFiles/Makefile2 mix_a_v007_unified_probe
gmake[1]: Entering directory '/home/data4t2/lelinfeng/phase4-workspaces/MIX-A/runner-v007/build'
/usr/bin/cmake -S/home/data4t2/lelinfeng/phase4-workspaces/MIX-A/runner-v007 -B/home/data4t2/lelinfeng/phase4-workspaces/MIX-A/runner-v007/build --check-build-system CMakeFiles/Makefile.cmake 0
/usr/bin/cmake -E cmake_progress_start /home/data4t2/lelinfeng/phase4-workspaces/MIX-A/runner-v007/build/CMakeFiles 2
/usr/bin/gmake  -f CMakeFiles/Makefile2 CMakeFiles/mix_a_v007_unified_probe.dir/all
gmake[2]: Entering directory '/home/data4t2/lelinfeng/phase4-workspaces/MIX-A/runner-v007/build'
/usr/bin/gmake  -f CMakeFiles/mix_a_v007_unified_probe.dir/build.make CMakeFiles/mix_a_v007_unified_probe.dir/depend
gmake[3]: Entering directory '/home/data4t2/lelinfeng/phase4-workspaces/MIX-A/runner-v007/build'
cd /home/data4t2/lelinfeng/phase4-workspaces/MIX-A/runner-v007/build && /usr/bin/cmake -E cmake_depends "Unix Makefiles" /home/data4t2/lelinfeng/phase4-workspaces/MIX-A/runner-v007 /home/data4t2/lelinfeng/phase4-workspaces/MIX-A/runner-v007 /home/data4t2/lelinfeng/phase4-workspaces/MIX-A/runner-v007/build /home/data4t2/lelinfeng/phase4-workspaces/MIX-A/runner-v007/build /home/data4t2/lelinfeng/phase4-workspaces/MIX-A/runner-v007/build/CMakeFiles/mix_a_v007_unified_probe.dir/DependInfo.cmake --color=
Dependencies file "CMakeFiles/mix_a_v007_unified_probe.dir/runner_unified.asc.o.d" is newer than depends file "/home/data4t2/lelinfeng/phase4-workspaces/MIX-A/runner-v007/build/CMakeFiles/mix_a_v007_unified_probe.dir/compiler_depend.internal".
Consolidate compiler generated dependencies of target mix_a_v007_unified_probe
gmake[3]: Leaving directory '/home/data4t2/lelinfeng/phase4-workspaces/MIX-A/runner-v007/build'
/usr/bin/gmake  -f CMakeFiles/mix_a_v007_unified_probe.dir/build.make CMakeFiles/mix_a_v007_unified_probe.dir/build
gmake[3]: Entering directory '/home/data4t2/lelinfeng/phase4-workspaces/MIX-A/runner-v007/build'
[ 50%] Building ASC object CMakeFiles/mix_a_v007_unified_probe.dir/runner_unified.asc.o
/usr/local/Ascend/ascend-toolkit/8.5.0.alpha002/compiler/ccec_compiler/bin/bisheng --npu-arch=dav-2201 --npu-soc=Ascend910B3  -I/home/data4t2/lelinfeng/phase4-workspaces/MIX-A/runner-v007 -I/home/data4t2/lelinfeng/phase4-workspaces/MIX-A/runner-v007/.. -I/usr/local/Ascend/ascend-toolkit/8.5.0.alpha002/toolkit/toolchain/hcc/aarch64-target-linux-gnu/include/c++/7.3.0 -I/usr/local/Ascend/ascend-toolkit/8.5.0.alpha002/toolkit/toolchain/hcc/aarch64-target-linux-gnu/include/c++/7.3.0/aarch64-target-linux-gnu -I/usr/local/Ascend/ascend-toolkit/8.5.0.alpha002/toolkit/toolchain/hcc/aarch64-target-linux-gnu/include/c++/7.3.0/backward -I/usr/local/Ascend/ascend-toolkit/8.5.0.alpha002/toolkit/toolchain/hcc/aarch64-target-linux-gnu/include --cce-aicore-arch=dav-c220 -Xaicore-start -O3 -std=c++17 -Xaicore-end -Xhost-start -I/usr/local/Ascend/ascend-toolkit/8.5.0.alpha002/toolkit/toolchain/hcc/aarch64-target-linux-gnu/include/c++/7.3.0 -I/usr/local/Ascend/ascend-toolkit/8.5.0.alpha002/toolkit/toolchain/hcc/aarch64-target-linux-gnu/include/c++/7.3.0/aarch64-target-linux-gnu -I/usr/local/Ascend/ascend-toolkit/8.5.0.alpha002/toolkit/toolchain/hcc/aarch64-target-linux-gnu/include/c++/7.3.0/backward -I/usr/local/Ascend/ascend-toolkit/8.5.0.alpha002/toolkit/toolchain/hcc/aarch64-target-linux-gnu/include -fPIC -O2 -std=c++17 -Xhost-end --npu-arch=dav-2201 -MD -MT CMakeFiles/mix_a_v007_unified_probe.dir/runner_unified.asc.o -MF CMakeFiles/mix_a_v007_unified_probe.dir/runner_unified.asc.o.d -o CMakeFiles/mix_a_v007_unified_probe.dir/runner_unified.asc.o -c -x asc /home/data4t2/lelinfeng/phase4-workspaces/MIX-A/runner-v007/runner_unified.asc
/home/data4t2/lelinfeng/phase4-workspaces/MIX-A/runner-v007/runner_unified.asc:426:27: warning: 'cce_global' attribute ignored when parsing type [-Wignored-attributes]
        GM_ADDR output = (GM_ADDR)(variant == Variant::V003 ? deviceOutputV003_ : deviceOutputV007_);
                          ^~~~~~~
/usr/local/Ascend/ascend-toolkit/8.5.0.alpha002/compiler/tikcpp/tikcfw/impl/utils/kernel_utils_macros.h:18:17: note: expanded from macro 'GM_ADDR'
#define GM_ADDR __gm__ uint8_t*
                ^~~~~~
/usr/local/Ascend/ascend-toolkit/8.5.0.alpha002/aarch64-linux/ccec_compiler/lib/clang/15.0.5/include/__clang_cce_defines.h:47:31: note: expanded from macro '__gm__'
#define __gm__ __attribute__((cce_global))
                              ^~~~~~~~~~
/home/data4t2/lelinfeng/phase4-workspaces/MIX-A/runner-v007/runner_unified.asc:427:29: warning: 'cce_global' attribute ignored when parsing type [-Wignored-attributes]
        KernelFor(variant)((GM_ADDR)deviceX_, infoX_,
                            ^~~~~~~
/usr/local/Ascend/ascend-toolkit/8.5.0.alpha002/compiler/tikcpp/tikcfw/impl/utils/kernel_utils_macros.h:18:17: note: expanded from macro 'GM_ADDR'
#define GM_ADDR __gm__ uint8_t*
                ^~~~~~
/usr/local/Ascend/ascend-toolkit/8.5.0.alpha002/aarch64-linux/ccec_compiler/lib/clang/15.0.5/include/__clang_cce_defines.h:47:31: note: expanded from macro '__gm__'
#define __gm__ __attribute__((cce_global))
                              ^~~~~~~~~~
/home/data4t2/lelinfeng/phase4-workspaces/MIX-A/runner-v007/runner_unified.asc:428:29: warning: 'cce_global' attribute ignored when parsing type [-Wignored-attributes]
                           (GM_ADDR)deviceResidual_, infoResidual_,
                            ^~~~~~~
/usr/local/Ascend/ascend-toolkit/8.5.0.alpha002/compiler/tikcpp/tikcfw/impl/utils/kernel_utils_macros.h:18:17: note: expanded from macro 'GM_ADDR'
#define GM_ADDR __gm__ uint8_t*
                ^~~~~~
/usr/local/Ascend/ascend-toolkit/8.5.0.alpha002/aarch64-linux/ccec_compiler/lib/clang/15.0.5/include/__clang_cce_defines.h:47:31: note: expanded from macro '__gm__'
#define __gm__ __attribute__((cce_global))
                              ^~~~~~~~~~
/home/data4t2/lelinfeng/phase4-workspaces/MIX-A/runner-v007/runner_unified.asc:429:29: warning: 'cce_global' attribute ignored when parsing type [-Wignored-attributes]
                           (GM_ADDR)deviceGamma_, infoGamma_,
                            ^~~~~~~
/usr/local/Ascend/ascend-toolkit/8.5.0.alpha002/compiler/tikcpp/tikcfw/impl/utils/kernel_utils_macros.h:18:17: note: expanded from macro 'GM_ADDR'
#define GM_ADDR __gm__ uint8_t*
                ^~~~~~
/usr/local/Ascend/ascend-toolkit/8.5.0.alpha002/aarch64-linux/ccec_compiler/lib/clang/15.0.5/include/__clang_cce_defines.h:47:31: note: expanded from macro '__gm__'
#define __gm__ __attribute__((cce_global))
                              ^~~~~~~~~~
/home/data4t2/lelinfeng/phase4-workspaces/MIX-A/runner-v007/runner_unified.asc:430:29: warning: 'cce_global' attribute ignored when parsing type [-Wignored-attributes]
                           (GM_ADDR)deviceBias_, infoBias_, output, infoOutput_,
                            ^~~~~~~
/usr/local/Ascend/ascend-toolkit/8.5.0.alpha002/compiler/tikcpp/tikcfw/impl/utils/kernel_utils_macros.h:18:17: note: expanded from macro 'GM_ADDR'
#define GM_ADDR __gm__ uint8_t*
                ^~~~~~
/usr/local/Ascend/ascend-toolkit/8.5.0.alpha002/aarch64-linux/ccec_compiler/lib/clang/15.0.5/include/__clang_cce_defines.h:47:31: note: expanded from macro '__gm__'
#define __gm__ __attribute__((cce_global))
                              ^~~~~~~~~~
5 warnings generated.
/home/data4t2/lelinfeng/phase4-workspaces/MIX-A/runner-v007/runner_unified.asc:426:27: warning: 'cce_global' attribute ignored when parsing type [-Wignored-attributes]
/usr/local/Ascend/ascend-toolkit/8.5.0.alpha002/compiler/tikcpp/tikcfw/impl/utils/kernel_utils_macros.h:18:17: note: expanded from macro 'GM_ADDR'
/usr/local/Ascend/ascend-toolkit/8.5.0.alpha002/aarch64-linux/ccec_compiler/lib/clang/15.0.5/include/__clang_cce_defines.h:47:31: note: expanded from macro '__gm__'
/home/data4t2/lelinfeng/phase4-workspaces/MIX-A/runner-v007/runner_unified.asc:427:29: warning: 'cce_global' attribute ignored when parsing type [-Wignored-attributes]
/usr/local/Ascend/ascend-toolkit/8.5.0.alpha002/compiler/tikcpp/tikcfw/impl/utils/kernel_utils_macros.h:18:17: note: expanded from macro 'GM_ADDR'
/usr/local/Ascend/ascend-toolkit/8.5.0.alpha002/aarch64-linux/ccec_compiler/lib/clang/15.0.5/include/__clang_cce_defines.h:47:31: note: expanded from macro '__gm__'
/home/data4t2/lelinfeng/phase4-workspaces/MIX-A/runner-v007/runner_unified.asc:428:29: warning: 'cce_global' attribute ignored when parsing type [-Wignored-attributes]
/usr/local/Ascend/ascend-toolkit/8.5.0.alpha002/compiler/tikcpp/tikcfw/impl/utils/kernel_utils_macros.h:18:17: note: expanded from macro 'GM_ADDR'
/usr/local/Ascend/ascend-toolkit/8.5.0.alpha002/aarch64-linux/ccec_compiler/lib/clang/15.0.5/include/__clang_cce_defines.h:47:31: note: expanded from macro '__gm__'
/home/data4t2/lelinfeng/phase4-workspaces/MIX-A/runner-v007/runner_unified.asc:429:29: warning: 'cce_global' attribute ignored when parsing type [-Wignored-attributes]
/usr/local/Ascend/ascend-toolkit/8.5.0.alpha002/compiler/tikcpp/tikcfw/impl/utils/kernel_utils_macros.h:18:17: note: expanded from macro 'GM_ADDR'
/usr/local/Ascend/ascend-toolkit/8.5.0.alpha002/aarch64-linux/ccec_compiler/lib/clang/15.0.5/include/__clang_cce_defines.h:47:31: note: expanded from macro '__gm__'
/home/data4t2/lelinfeng/phase4-workspaces/MIX-A/runner-v007/runner_unified.asc:430:29: warning: 'cce_global' attribute ignored when parsing type [-Wignored-attributes]
/usr/local/Ascend/ascend-toolkit/8.5.0.alpha002/compiler/tikcpp/tikcfw/impl/utils/kernel_utils_macros.h:18:17: note: expanded from macro 'GM_ADDR'
/usr/local/Ascend/ascend-toolkit/8.5.0.alpha002/aarch64-linux/ccec_compiler/lib/clang/15.0.5/include/__clang_cce_defines.h:47:31: note: expanded from macro '__gm__'
5 warnings generated.
Warning: please refer to the above warning message.
Warning: please refer to the above warning message.
Warning: please refer to the above warning message.
Warning: please refer to the above warning message.
Warning: please refer to the above warning message.
Warning: please refer to the above warning message.
Warning: please refer to the above warning message.
Warning: please refer to the above warning message.
Warning: please refer to the above warning message.
Warning: please refer to the above warning message.
Warning: please refer to the above warning message.
Warning: please refer to the above warning message.
Warning: please refer to the above warning message.
Warning: please refer to the above warning message.
Warning: please refer to the above warning message.
[100%] Linking ASC executable mix_a_v007_unified_probe
/usr/bin/cmake -E cmake_link_script CMakeFiles/mix_a_v007_unified_probe.dir/link.txt --verbose=1
/usr/local/Ascend/ascend-toolkit/8.5.0.alpha002/compiler/ccec_compiler/bin/bisheng CMakeFiles/mix_a_v007_unified_probe.dir/runner_unified.asc.o -o mix_a_v007_unified_probe   -L/usr/local/Ascend/ascend-toolkit/8.5.0.alpha002/toolkit/toolchain/hcc/aarch64-target-linux-gnu/lib64  -L/usr/local/Ascend/ascend-toolkit/8.5.0.alpha002/toolkit/toolchain/hcc/lib64  -Wl,-rpath,/usr/local/Ascend/ascend-toolkit/8.5.0.alpha002/toolkit/toolchain/hcc/aarch64-target-linux-gnu/lib64 -Wl,-rpath,/usr/local/Ascend/ascend-toolkit/8.5.0.alpha002/toolkit/toolchain/hcc/lib64 -ltiling_api -lregister -lplatform -lunified_dlog -lstdc++ -ldl -lm -lgraph_base
gmake[3]: Leaving directory '/home/data4t2/lelinfeng/phase4-workspaces/MIX-A/runner-v007/build'
[100%] Built target mix_a_v007_unified_probe
gmake[2]: Leaving directory '/home/data4t2/lelinfeng/phase4-workspaces/MIX-A/runner-v007/build'
/usr/bin/cmake -E cmake_progress_start /home/data4t2/lelinfeng/phase4-workspaces/MIX-A/runner-v007/build/CMakeFiles 0
gmake[1]: Leaving directory '/home/data4t2/lelinfeng/phase4-workspaces/MIX-A/runner-v007/build'
-- Configuring done
-- Generating done
-- Build files have been written to: /home/data4t2/lelinfeng/phase4-workspaces/MIX-A/runner-v007/build
/usr/bin/cmake -S/home/data4t2/lelinfeng/phase4-workspaces/MIX-A/runner-v007 -B/home/data4t2/lelinfeng/phase4-workspaces/MIX-A/runner-v007/build --check-build-system CMakeFiles/Makefile.cmake 0
/usr/bin/gmake  -f CMakeFiles/Makefile2 mix_a_v007_unified_probe
gmake[1]: Entering directory '/home/data4t2/lelinfeng/phase4-workspaces/MIX-A/runner-v007/build'
/usr/bin/cmake -S/home/data4t2/lelinfeng/phase4-workspaces/MIX-A/runner-v007 -B/home/data4t2/lelinfeng/phase4-workspaces/MIX-A/runner-v007/build --check-build-system CMakeFiles/Makefile.cmake 0
/usr/bin/cmake -E cmake_progress_start /home/data4t2/lelinfeng/phase4-workspaces/MIX-A/runner-v007/build/CMakeFiles 2
/usr/bin/gmake  -f CMakeFiles/Makefile2 CMakeFiles/mix_a_v007_unified_probe.dir/all
gmake[2]: Entering directory '/home/data4t2/lelinfeng/phase4-workspaces/MIX-A/runner-v007/build'
/usr/bin/gmake  -f CMakeFiles/mix_a_v007_unified_probe.dir/build.make CMakeFiles/mix_a_v007_unified_probe.dir/depend
gmake[3]: Entering directory '/home/data4t2/lelinfeng/phase4-workspaces/MIX-A/runner-v007/build'
cd /home/data4t2/lelinfeng/phase4-workspaces/MIX-A/runner-v007/build && /usr/bin/cmake -E cmake_depends "Unix Makefiles" /home/data4t2/lelinfeng/phase4-workspaces/MIX-A/runner-v007 /home/data4t2/lelinfeng/phase4-workspaces/MIX-A/runner-v007 /home/data4t2/lelinfeng/phase4-workspaces/MIX-A/runner-v007/build /home/data4t2/lelinfeng/phase4-workspaces/MIX-A/runner-v007/build /home/data4t2/lelinfeng/phase4-workspaces/MIX-A/runner-v007/build/CMakeFiles/mix_a_v007_unified_probe.dir/DependInfo.cmake --color=
Dependencies file "CMakeFiles/mix_a_v007_unified_probe.dir/runner_unified.asc.o.d" is newer than depends file "/home/data4t2/lelinfeng/phase4-workspaces/MIX-A/runner-v007/build/CMakeFiles/mix_a_v007_unified_probe.dir/compiler_depend.internal".
Consolidate compiler generated dependencies of target mix_a_v007_unified_probe
gmake[3]: Leaving directory '/home/data4t2/lelinfeng/phase4-workspaces/MIX-A/runner-v007/build'
/usr/bin/gmake  -f CMakeFiles/mix_a_v007_unified_probe.dir/build.make CMakeFiles/mix_a_v007_unified_probe.dir/build
gmake[3]: Entering directory '/home/data4t2/lelinfeng/phase4-workspaces/MIX-A/runner-v007/build'
[ 50%] Building ASC object CMakeFiles/mix_a_v007_unified_probe.dir/runner_unified.asc.o
/usr/bin/cmake -E env CPATH=/usr/local/Ascend/ascend-toolkit/8.5.0.alpha002/toolkit/toolchain/hcc/aarch64-target-linux-gnu/include/c++/7.3.0:/usr/local/Ascend/ascend-toolkit/8.5.0.alpha002/toolkit/toolchain/hcc/aarch64-target-linux-gnu/include/c++/7.3.0/aarch64-target-linux-gnu:/usr/local/Ascend/ascend-toolkit/8.5.0.alpha002/toolkit/toolchain/hcc/aarch64-target-linux-gnu/include/c++/7.3.0/backward:/usr/local/Ascend/ascend-toolkit/8.5.0.alpha002/toolkit/toolchain/hcc/aarch64-target-linux-gnu/include CPLUS_INCLUDE_PATH=/usr/local/Ascend/ascend-toolkit/8.5.0.alpha002/toolkit/toolchain/hcc/aarch64-target-linux-gnu/include/c++/7.3.0:/usr/local/Ascend/ascend-toolkit/8.5.0.alpha002/toolkit/toolchain/hcc/aarch64-target-linux-gnu/include/c++/7.3.0/aarch64-target-linux-gnu:/usr/local/Ascend/ascend-toolkit/8.5.0.alpha002/toolkit/toolchain/hcc/aarch64-target-linux-gnu/include/c++/7.3.0/backward:/usr/local/Ascend/ascend-toolkit/8.5.0.alpha002/toolkit/toolchain/hcc/aarch64-target-linux-gnu/include /usr/local/Ascend/ascend-toolkit/8.5.0.alpha002/compiler/ccec_compiler/bin/bisheng --npu-arch=dav-2201 --npu-soc=Ascend910B3  -I/home/data4t2/lelinfeng/phase4-workspaces/MIX-A/runner-v007 -I/home/data4t2/lelinfeng/phase4-workspaces/MIX-A/runner-v007/.. -I/usr/local/Ascend/ascend-toolkit/8.5.0.alpha002/toolkit/toolchain/hcc/aarch64-target-linux-gnu/include/c++/7.3.0 -I/usr/local/Ascend/ascend-toolkit/8.5.0.alpha002/toolkit/toolchain/hcc/aarch64-target-linux-gnu/include/c++/7.3.0/aarch64-target-linux-gnu -I/usr/local/Ascend/ascend-toolkit/8.5.0.alpha002/toolkit/toolchain/hcc/aarch64-target-linux-gnu/include/c++/7.3.0/backward -I/usr/local/Ascend/ascend-toolkit/8.5.0.alpha002/toolkit/toolchain/hcc/aarch64-target-linux-gnu/include --cce-aicore-arch=dav-c220 -Xaicore-start -O3 -std=c++17 -Xaicore-end -Xhost-start -I/usr/local/Ascend/ascend-toolkit/8.5.0.alpha002/toolkit/toolchain/hcc/aarch64-target-linux-gnu/include/c++/7.3.0 -I/usr/local/Ascend/ascend-toolkit/8.5.0.alpha002/toolkit/toolchain/hcc/aarch64-target-linux-gnu/include/c++/7.3.0/aarch64-target-linux-gnu -I/usr/local/Ascend/ascend-toolkit/8.5.0.alpha002/toolkit/toolchain/hcc/aarch64-target-linux-gnu/include/c++/7.3.0/backward -I/usr/local/Ascend/ascend-toolkit/8.5.0.alpha002/toolkit/toolchain/hcc/aarch64-target-linux-gnu/include -fPIC -O2 -std=c++17 -Xhost-end --npu-arch=dav-2201 -MD -MT CMakeFiles/mix_a_v007_unified_probe.dir/runner_unified.asc.o -MF CMakeFiles/mix_a_v007_unified_probe.dir/runner_unified.asc.o.d -o CMakeFiles/mix_a_v007_unified_probe.dir/runner_unified.asc.o -c -x asc /home/data4t2/lelinfeng/phase4-workspaces/MIX-A/runner-v007/runner_unified.asc
/home/data4t2/lelinfeng/phase4-workspaces/MIX-A/runner-v007/runner_unified.asc:426:27: warning: 'cce_global' attribute ignored when parsing type [-Wignored-attributes]
        GM_ADDR output = (GM_ADDR)(variant == Variant::V003 ? deviceOutputV003_ : deviceOutputV007_);
                          ^~~~~~~
/usr/local/Ascend/ascend-toolkit/8.5.0.alpha002/compiler/tikcpp/tikcfw/impl/utils/kernel_utils_macros.h:18:17: note: expanded from macro 'GM_ADDR'
#define GM_ADDR __gm__ uint8_t*
                ^~~~~~
/usr/local/Ascend/ascend-toolkit/8.5.0.alpha002/aarch64-linux/ccec_compiler/lib/clang/15.0.5/include/__clang_cce_defines.h:47:31: note: expanded from macro '__gm__'
#define __gm__ __attribute__((cce_global))
                              ^~~~~~~~~~
/home/data4t2/lelinfeng/phase4-workspaces/MIX-A/runner-v007/runner_unified.asc:427:29: warning: 'cce_global' attribute ignored when parsing type [-Wignored-attributes]
        KernelFor(variant)((GM_ADDR)deviceX_, infoX_,
                            ^~~~~~~
/usr/local/Ascend/ascend-toolkit/8.5.0.alpha002/compiler/tikcpp/tikcfw/impl/utils/kernel_utils_macros.h:18:17: note: expanded from macro 'GM_ADDR'
#define GM_ADDR __gm__ uint8_t*
                ^~~~~~
/usr/local/Ascend/ascend-toolkit/8.5.0.alpha002/aarch64-linux/ccec_compiler/lib/clang/15.0.5/include/__clang_cce_defines.h:47:31: note: expanded from macro '__gm__'
#define __gm__ __attribute__((cce_global))
                              ^~~~~~~~~~
/home/data4t2/lelinfeng/phase4-workspaces/MIX-A/runner-v007/runner_unified.asc:428:29: warning: 'cce_global' attribute ignored when parsing type [-Wignored-attributes]
                           (GM_ADDR)deviceResidual_, infoResidual_,
                            ^~~~~~~
/usr/local/Ascend/ascend-toolkit/8.5.0.alpha002/compiler/tikcpp/tikcfw/impl/utils/kernel_utils_macros.h:18:17: note: expanded from macro 'GM_ADDR'
#define GM_ADDR __gm__ uint8_t*
                ^~~~~~
/usr/local/Ascend/ascend-toolkit/8.5.0.alpha002/aarch64-linux/ccec_compiler/lib/clang/15.0.5/include/__clang_cce_defines.h:47:31: note: expanded from macro '__gm__'
#define __gm__ __attribute__((cce_global))
                              ^~~~~~~~~~
/home/data4t2/lelinfeng/phase4-workspaces/MIX-A/runner-v007/runner_unified.asc:429:29: warning: 'cce_global' attribute ignored when parsing type [-Wignored-attributes]
                           (GM_ADDR)deviceGamma_, infoGamma_,
                            ^~~~~~~
/usr/local/Ascend/ascend-toolkit/8.5.0.alpha002/compiler/tikcpp/tikcfw/impl/utils/kernel_utils_macros.h:18:17: note: expanded from macro 'GM_ADDR'
#define GM_ADDR __gm__ uint8_t*
                ^~~~~~
/usr/local/Ascend/ascend-toolkit/8.5.0.alpha002/aarch64-linux/ccec_compiler/lib/clang/15.0.5/include/__clang_cce_defines.h:47:31: note: expanded from macro '__gm__'
#define __gm__ __attribute__((cce_global))
                              ^~~~~~~~~~
/home/data4t2/lelinfeng/phase4-workspaces/MIX-A/runner-v007/runner_unified.asc:430:29: warning: 'cce_global' attribute ignored when parsing type [-Wignored-attributes]
                           (GM_ADDR)deviceBias_, infoBias_, output, infoOutput_,
                            ^~~~~~~
/usr/local/Ascend/ascend-toolkit/8.5.0.alpha002/compiler/tikcpp/tikcfw/impl/utils/kernel_utils_macros.h:18:17: note: expanded from macro 'GM_ADDR'
#define GM_ADDR __gm__ uint8_t*
                ^~~~~~
/usr/local/Ascend/ascend-toolkit/8.5.0.alpha002/aarch64-linux/ccec_compiler/lib/clang/15.0.5/include/__clang_cce_defines.h:47:31: note: expanded from macro '__gm__'
#define __gm__ __attribute__((cce_global))
                              ^~~~~~~~~~
5 warnings generated.
/home/data4t2/lelinfeng/phase4-workspaces/MIX-A/runner-v007/runner_unified.asc:426:27: warning: 'cce_global' attribute ignored when parsing type [-Wignored-attributes]
/usr/local/Ascend/ascend-toolkit/8.5.0.alpha002/compiler/tikcpp/tikcfw/impl/utils/kernel_utils_macros.h:18:17: note: expanded from macro 'GM_ADDR'
/usr/local/Ascend/ascend-toolkit/8.5.0.alpha002/aarch64-linux/ccec_compiler/lib/clang/15.0.5/include/__clang_cce_defines.h:47:31: note: expanded from macro '__gm__'
/home/data4t2/lelinfeng/phase4-workspaces/MIX-A/runner-v007/runner_unified.asc:427:29: warning: 'cce_global' attribute ignored when parsing type [-Wignored-attributes]
/usr/local/Ascend/ascend-toolkit/8.5.0.alpha002/compiler/tikcpp/tikcfw/impl/utils/kernel_utils_macros.h:18:17: note: expanded from macro 'GM_ADDR'
/usr/local/Ascend/ascend-toolkit/8.5.0.alpha002/aarch64-linux/ccec_compiler/lib/clang/15.0.5/include/__clang_cce_defines.h:47:31: note: expanded from macro '__gm__'
/home/data4t2/lelinfeng/phase4-workspaces/MIX-A/runner-v007/runner_unified.asc:428:29: warning: 'cce_global' attribute ignored when parsing type [-Wignored-attributes]
/usr/local/Ascend/ascend-toolkit/8.5.0.alpha002/compiler/tikcpp/tikcfw/impl/utils/kernel_utils_macros.h:18:17: note: expanded from macro 'GM_ADDR'
/usr/local/Ascend/ascend-toolkit/8.5.0.alpha002/aarch64-linux/ccec_compiler/lib/clang/15.0.5/include/__clang_cce_defines.h:47:31: note: expanded from macro '__gm__'
/home/data4t2/lelinfeng/phase4-workspaces/MIX-A/runner-v007/runner_unified.asc:429:29: warning: 'cce_global' attribute ignored when parsing type [-Wignored-attributes]
/usr/local/Ascend/ascend-toolkit/8.5.0.alpha002/compiler/tikcpp/tikcfw/impl/utils/kernel_utils_macros.h:18:17: note: expanded from macro 'GM_ADDR'
/usr/local/Ascend/ascend-toolkit/8.5.0.alpha002/aarch64-linux/ccec_compiler/lib/clang/15.0.5/include/__clang_cce_defines.h:47:31: note: expanded from macro '__gm__'
/home/data4t2/lelinfeng/phase4-workspaces/MIX-A/runner-v007/runner_unified.asc:430:29: warning: 'cce_global' attribute ignored when parsing type [-Wignored-attributes]
/usr/local/Ascend/ascend-toolkit/8.5.0.alpha002/compiler/tikcpp/tikcfw/impl/utils/kernel_utils_macros.h:18:17: note: expanded from macro 'GM_ADDR'
/usr/local/Ascend/ascend-toolkit/8.5.0.alpha002/aarch64-linux/ccec_compiler/lib/clang/15.0.5/include/__clang_cce_defines.h:47:31: note: expanded from macro '__gm__'
5 warnings generated.
Warning: please refer to the above warning message.
Warning: please refer to the above warning message.
Warning: please refer to the above warning message.
Warning: please refer to the above warning message.
Warning: please refer to the above warning message.
Warning: please refer to the above warning message.
Warning: please refer to the above warning message.
Warning: please refer to the above warning message.
Warning: please refer to the above warning message.
Warning: please refer to the above warning message.
Warning: please refer to the above warning message.
Warning: please refer to the above warning message.
Warning: please refer to the above warning message.
Warning: please refer to the above warning message.
Warning: please refer to the above warning message.
[100%] Linking ASC executable mix_a_v007_unified_probe
/usr/bin/cmake -E cmake_link_script CMakeFiles/mix_a_v007_unified_probe.dir/link.txt --verbose=1
/usr/local/Ascend/ascend-toolkit/8.5.0.alpha002/compiler/ccec_compiler/bin/bisheng CMakeFiles/mix_a_v007_unified_probe.dir/runner_unified.asc.o -o mix_a_v007_unified_probe   -L/usr/local/Ascend/ascend-toolkit/8.5.0.alpha002/toolkit/toolchain/hcc/aarch64-target-linux-gnu/lib64  -L/usr/local/Ascend/ascend-toolkit/8.5.0.alpha002/toolkit/toolchain/hcc/lib64  -Wl,-rpath,/usr/local/Ascend/ascend-toolkit/8.5.0.alpha002/toolkit/toolchain/hcc/aarch64-target-linux-gnu/lib64 -Wl,-rpath,/usr/local/Ascend/ascend-toolkit/8.5.0.alpha002/toolkit/toolchain/hcc/lib64 -ltiling_api -lregister -lplatform -lunified_dlog -lstdc++ -ldl -lm -lgraph_base
gmake[3]: Leaving directory '/home/data4t2/lelinfeng/phase4-workspaces/MIX-A/runner-v007/build'
[100%] Built target mix_a_v007_unified_probe
gmake[2]: Leaving directory '/home/data4t2/lelinfeng/phase4-workspaces/MIX-A/runner-v007/build'
/usr/bin/cmake -E cmake_progress_start /home/data4t2/lelinfeng/phase4-workspaces/MIX-A/runner-v007/build/CMakeFiles 0
gmake[1]: Leaving directory '/home/data4t2/lelinfeng/phase4-workspaces/MIX-A/runner-v007/build'
/usr/bin/cmake -S/home/data4t2/lelinfeng/phase4-workspaces/MIX-A/runner-v007 -B/home/data4t2/lelinfeng/phase4-workspaces/MIX-A/runner-v007/build --check-build-system CMakeFiles/Makefile.cmake 0
/usr/bin/gmake  -f CMakeFiles/Makefile2 mix_a_v007_unified_probe
gmake[1]: Entering directory '/home/data4t2/lelinfeng/phase4-workspaces/MIX-A/runner-v007/build'
/usr/bin/cmake -S/home/data4t2/lelinfeng/phase4-workspaces/MIX-A/runner-v007 -B/home/data4t2/lelinfeng/phase4-workspaces/MIX-A/runner-v007/build --check-build-system CMakeFiles/Makefile.cmake 0
/usr/bin/cmake -E cmake_progress_start /home/data4t2/lelinfeng/phase4-workspaces/MIX-A/runner-v007/build/CMakeFiles 2
/usr/bin/gmake  -f CMakeFiles/Makefile2 CMakeFiles/mix_a_v007_unified_probe.dir/all
gmake[2]: Entering directory '/home/data4t2/lelinfeng/phase4-workspaces/MIX-A/runner-v007/build'
/usr/bin/gmake  -f CMakeFiles/mix_a_v007_unified_probe.dir/build.make CMakeFiles/mix_a_v007_unified_probe.dir/depend
gmake[3]: Entering directory '/home/data4t2/lelinfeng/phase4-workspaces/MIX-A/runner-v007/build'
cd /home/data4t2/lelinfeng/phase4-workspaces/MIX-A/runner-v007/build && /usr/bin/cmake -E cmake_depends "Unix Makefiles" /home/data4t2/lelinfeng/phase4-workspaces/MIX-A/runner-v007 /home/data4t2/lelinfeng/phase4-workspaces/MIX-A/runner-v007 /home/data4t2/lelinfeng/phase4-workspaces/MIX-A/runner-v007/build /home/data4t2/lelinfeng/phase4-workspaces/MIX-A/runner-v007/build /home/data4t2/lelinfeng/phase4-workspaces/MIX-A/runner-v007/build/CMakeFiles/mix_a_v007_unified_probe.dir/DependInfo.cmake --color=
Dependencies file "CMakeFiles/mix_a_v007_unified_probe.dir/runner_unified.asc.o.d" is newer than depends file "/home/data4t2/lelinfeng/phase4-workspaces/MIX-A/runner-v007/build/CMakeFiles/mix_a_v007_unified_probe.dir/compiler_depend.internal".
Consolidate compiler generated dependencies of target mix_a_v007_unified_probe
gmake[3]: Leaving directory '/home/data4t2/lelinfeng/phase4-workspaces/MIX-A/runner-v007/build'
/usr/bin/gmake  -f CMakeFiles/mix_a_v007_unified_probe.dir/build.make CMakeFiles/mix_a_v007_unified_probe.dir/build
gmake[3]: Entering directory '/home/data4t2/lelinfeng/phase4-workspaces/MIX-A/runner-v007/build'
[ 50%] Building ASC object CMakeFiles/mix_a_v007_unified_probe.dir/runner_unified.asc.o
/usr/bin/cmake -E env CPATH=/usr/local/Ascend/ascend-toolkit/8.5.0.alpha002/toolkit/toolchain/hcc/aarch64-target-linux-gnu/include/c++/7.3.0:/usr/local/Ascend/ascend-toolkit/8.5.0.alpha002/toolkit/toolchain/hcc/aarch64-target-linux-gnu/include/c++/7.3.0/aarch64-target-linux-gnu:/usr/local/Ascend/ascend-toolkit/8.5.0.alpha002/toolkit/toolchain/hcc/aarch64-target-linux-gnu/include/c++/7.3.0/backward:/usr/local/Ascend/ascend-toolkit/8.5.0.alpha002/toolkit/toolchain/hcc/aarch64-target-linux-gnu/include CPLUS_INCLUDE_PATH=/usr/local/Ascend/ascend-toolkit/8.5.0.alpha002/toolkit/toolchain/hcc/aarch64-target-linux-gnu/include/c++/7.3.0:/usr/local/Ascend/ascend-toolkit/8.5.0.alpha002/toolkit/toolchain/hcc/aarch64-target-linux-gnu/include/c++/7.3.0/aarch64-target-linux-gnu:/usr/local/Ascend/ascend-toolkit/8.5.0.alpha002/toolkit/toolchain/hcc/aarch64-target-linux-gnu/include/c++/7.3.0/backward:/usr/local/Ascend/ascend-toolkit/8.5.0.alpha002/toolkit/toolchain/hcc/aarch64-target-linux-gnu/include /usr/local/Ascend/ascend-toolkit/8.5.0.alpha002/compiler/ccec_compiler/bin/bisheng --npu-arch=dav-2201 --npu-soc=Ascend910B3  -I/home/data4t2/lelinfeng/phase4-workspaces/MIX-A/runner-v007 -I/home/data4t2/lelinfeng/phase4-workspaces/MIX-A/runner-v007/.. -I/usr/local/Ascend/ascend-toolkit/8.5.0.alpha002/toolkit/toolchain/hcc/aarch64-target-linux-gnu/include/c++/7.3.0 -I/usr/local/Ascend/ascend-toolkit/8.5.0.alpha002/toolkit/toolchain/hcc/aarch64-target-linux-gnu/include/c++/7.3.0/aarch64-target-linux-gnu -I/usr/local/Ascend/ascend-toolkit/8.5.0.alpha002/toolkit/toolchain/hcc/aarch64-target-linux-gnu/include/c++/7.3.0/backward -I/usr/local/Ascend/ascend-toolkit/8.5.0.alpha002/toolkit/toolchain/hcc/aarch64-target-linux-gnu/include --cce-aicore-arch=dav-c220 -Xaicore-start -O3 -std=c++17 -Xaicore-end -Xhost-start -I/usr/local/Ascend/ascend-toolkit/8.5.0.alpha002/toolkit/toolchain/hcc/aarch64-target-linux-gnu/include/c++/7.3.0 -I/usr/local/Ascend/ascend-toolkit/8.5.0.alpha002/toolkit/toolchain/hcc/aarch64-target-linux-gnu/include/c++/7.3.0/aarch64-target-linux-gnu -I/usr/local/Ascend/ascend-toolkit/8.5.0.alpha002/toolkit/toolchain/hcc/aarch64-target-linux-gnu/include/c++/7.3.0/backward -I/usr/local/Ascend/ascend-toolkit/8.5.0.alpha002/toolkit/toolchain/hcc/aarch64-target-linux-gnu/include -fPIC -O2 -std=c++17 -Xhost-end --npu-arch=dav-2201 -MD -MT CMakeFiles/mix_a_v007_unified_probe.dir/runner_unified.asc.o -MF CMakeFiles/mix_a_v007_unified_probe.dir/runner_unified.asc.o.d -o CMakeFiles/mix_a_v007_unified_probe.dir/runner_unified.asc.o -c -x asc /home/data4t2/lelinfeng/phase4-workspaces/MIX-A/runner-v007/runner_unified.asc
/home/data4t2/lelinfeng/phase4-workspaces/MIX-A/runner-v007/runner_unified.asc:463:27: warning: 'cce_global' attribute ignored when parsing type [-Wignored-attributes]
        GM_ADDR output = (GM_ADDR)(variant == Variant::V003 ? deviceOutputV003_ : deviceOutputV007_);
                          ^~~~~~~
/usr/local/Ascend/ascend-toolkit/8.5.0.alpha002/compiler/tikcpp/tikcfw/impl/utils/kernel_utils_macros.h:18:17: note: expanded from macro 'GM_ADDR'
#define GM_ADDR __gm__ uint8_t*
                ^~~~~~
/usr/local/Ascend/ascend-toolkit/8.5.0.alpha002/aarch64-linux/ccec_compiler/lib/clang/15.0.5/include/__clang_cce_defines.h:47:31: note: expanded from macro '__gm__'
#define __gm__ __attribute__((cce_global))
                              ^~~~~~~~~~
/home/data4t2/lelinfeng/phase4-workspaces/MIX-A/runner-v007/runner_unified.asc:464:29: warning: 'cce_global' attribute ignored when parsing type [-Wignored-attributes]
        KernelFor(variant)((GM_ADDR)deviceX_, infoX_,
                            ^~~~~~~
/usr/local/Ascend/ascend-toolkit/8.5.0.alpha002/compiler/tikcpp/tikcfw/impl/utils/kernel_utils_macros.h:18:17: note: expanded from macro 'GM_ADDR'
#define GM_ADDR __gm__ uint8_t*
                ^~~~~~
/usr/local/Ascend/ascend-toolkit/8.5.0.alpha002/aarch64-linux/ccec_compiler/lib/clang/15.0.5/include/__clang_cce_defines.h:47:31: note: expanded from macro '__gm__'
#define __gm__ __attribute__((cce_global))
                              ^~~~~~~~~~
/home/data4t2/lelinfeng/phase4-workspaces/MIX-A/runner-v007/runner_unified.asc:465:29: warning: 'cce_global' attribute ignored when parsing type [-Wignored-attributes]
                           (GM_ADDR)deviceResidual_, infoResidual_,
                            ^~~~~~~
/usr/local/Ascend/ascend-toolkit/8.5.0.alpha002/compiler/tikcpp/tikcfw/impl/utils/kernel_utils_macros.h:18:17: note: expanded from macro 'GM_ADDR'
#define GM_ADDR __gm__ uint8_t*
                ^~~~~~
/usr/local/Ascend/ascend-toolkit/8.5.0.alpha002/aarch64-linux/ccec_compiler/lib/clang/15.0.5/include/__clang_cce_defines.h:47:31: note: expanded from macro '__gm__'
#define __gm__ __attribute__((cce_global))
                              ^~~~~~~~~~
/home/data4t2/lelinfeng/phase4-workspaces/MIX-A/runner-v007/runner_unified.asc:466:29: warning: 'cce_global' attribute ignored when parsing type [-Wignored-attributes]
                           (GM_ADDR)deviceGamma_, infoGamma_,
                            ^~~~~~~
/usr/local/Ascend/ascend-toolkit/8.5.0.alpha002/compiler/tikcpp/tikcfw/impl/utils/kernel_utils_macros.h:18:17: note: expanded from macro 'GM_ADDR'
#define GM_ADDR __gm__ uint8_t*
                ^~~~~~
/usr/local/Ascend/ascend-toolkit/8.5.0.alpha002/aarch64-linux/ccec_compiler/lib/clang/15.0.5/include/__clang_cce_defines.h:47:31: note: expanded from macro '__gm__'
#define __gm__ __attribute__((cce_global))
                              ^~~~~~~~~~
/home/data4t2/lelinfeng/phase4-workspaces/MIX-A/runner-v007/runner_unified.asc:467:29: warning: 'cce_global' attribute ignored when parsing type [-Wignored-attributes]
                           (GM_ADDR)deviceBias_, infoBias_, output, infoOutput_,
                            ^~~~~~~
/usr/local/Ascend/ascend-toolkit/8.5.0.alpha002/compiler/tikcpp/tikcfw/impl/utils/kernel_utils_macros.h:18:17: note: expanded from macro 'GM_ADDR'
#define GM_ADDR __gm__ uint8_t*
                ^~~~~~
/usr/local/Ascend/ascend-toolkit/8.5.0.alpha002/aarch64-linux/ccec_compiler/lib/clang/15.0.5/include/__clang_cce_defines.h:47:31: note: expanded from macro '__gm__'
#define __gm__ __attribute__((cce_global))
                              ^~~~~~~~~~
5 warnings generated.
/home/data4t2/lelinfeng/phase4-workspaces/MIX-A/runner-v007/runner_unified.asc:463:27: warning: 'cce_global' attribute ignored when parsing type [-Wignored-attributes]
/usr/local/Ascend/ascend-toolkit/8.5.0.alpha002/compiler/tikcpp/tikcfw/impl/utils/kernel_utils_macros.h:18:17: note: expanded from macro 'GM_ADDR'
/usr/local/Ascend/ascend-toolkit/8.5.0.alpha002/aarch64-linux/ccec_compiler/lib/clang/15.0.5/include/__clang_cce_defines.h:47:31: note: expanded from macro '__gm__'
/home/data4t2/lelinfeng/phase4-workspaces/MIX-A/runner-v007/runner_unified.asc:464:29: warning: 'cce_global' attribute ignored when parsing type [-Wignored-attributes]
/usr/local/Ascend/ascend-toolkit/8.5.0.alpha002/compiler/tikcpp/tikcfw/impl/utils/kernel_utils_macros.h:18:17: note: expanded from macro 'GM_ADDR'
/usr/local/Ascend/ascend-toolkit/8.5.0.alpha002/aarch64-linux/ccec_compiler/lib/clang/15.0.5/include/__clang_cce_defines.h:47:31: note: expanded from macro '__gm__'
/home/data4t2/lelinfeng/phase4-workspaces/MIX-A/runner-v007/runner_unified.asc:465:29: warning: 'cce_global' attribute ignored when parsing type [-Wignored-attributes]
/usr/local/Ascend/ascend-toolkit/8.5.0.alpha002/compiler/tikcpp/tikcfw/impl/utils/kernel_utils_macros.h:18:17: note: expanded from macro 'GM_ADDR'
/usr/local/Ascend/ascend-toolkit/8.5.0.alpha002/aarch64-linux/ccec_compiler/lib/clang/15.0.5/include/__clang_cce_defines.h:47:31: note: expanded from macro '__gm__'
/home/data4t2/lelinfeng/phase4-workspaces/MIX-A/runner-v007/runner_unified.asc:466:29: warning: 'cce_global' attribute ignored when parsing type [-Wignored-attributes]
/usr/local/Ascend/ascend-toolkit/8.5.0.alpha002/compiler/tikcpp/tikcfw/impl/utils/kernel_utils_macros.h:18:17: note: expanded from macro 'GM_ADDR'
/usr/local/Ascend/ascend-toolkit/8.5.0.alpha002/aarch64-linux/ccec_compiler/lib/clang/15.0.5/include/__clang_cce_defines.h:47:31: note: expanded from macro '__gm__'
/home/data4t2/lelinfeng/phase4-workspaces/MIX-A/runner-v007/runner_unified.asc:467:29: warning: 'cce_global' attribute ignored when parsing type [-Wignored-attributes]
/usr/local/Ascend/ascend-toolkit/8.5.0.alpha002/compiler/tikcpp/tikcfw/impl/utils/kernel_utils_macros.h:18:17: note: expanded from macro 'GM_ADDR'
/usr/local/Ascend/ascend-toolkit/8.5.0.alpha002/aarch64-linux/ccec_compiler/lib/clang/15.0.5/include/__clang_cce_defines.h:47:31: note: expanded from macro '__gm__'
Warning: please refer to the above warning message.
Warning: please refer to the above warning message.
Warning: please refer to the above warning message.
Warning: please refer to the above warning message.
Warning: please refer to the above warning message.
Warning: please refer to the above warning message.
Warning: please refer to the above warning message.
Warning: please refer to the above warning message.
Warning: please refer to the above warning message.
Warning: please refer to the above warning message.
Warning: please refer to the above warning message.
Warning: please refer to the above warning message.
Warning: please refer to the above warning message.
Warning: please refer to the above warning message.
Warning: please refer to the above warning message.
5 warnings generated.
[100%] Linking ASC executable mix_a_v007_unified_probe
/usr/bin/cmake -E cmake_link_script CMakeFiles/mix_a_v007_unified_probe.dir/link.txt --verbose=1
/usr/local/Ascend/ascend-toolkit/8.5.0.alpha002/compiler/ccec_compiler/bin/bisheng CMakeFiles/mix_a_v007_unified_probe.dir/runner_unified.asc.o -o mix_a_v007_unified_probe   -L/usr/local/Ascend/ascend-toolkit/8.5.0.alpha002/toolkit/toolchain/hcc/aarch64-target-linux-gnu/lib64  -L/usr/local/Ascend/ascend-toolkit/8.5.0.alpha002/toolkit/toolchain/hcc/lib64  -Wl,-rpath,/usr/local/Ascend/ascend-toolkit/8.5.0.alpha002/toolkit/toolchain/hcc/aarch64-target-linux-gnu/lib64 -Wl,-rpath,/usr/local/Ascend/ascend-toolkit/8.5.0.alpha002/toolkit/toolchain/hcc/lib64 -ltiling_api -lregister -lplatform -lunified_dlog -lstdc++ -ldl -lm -lgraph_base
gmake[3]: Leaving directory '/home/data4t2/lelinfeng/phase4-workspaces/MIX-A/runner-v007/build'
[100%] Built target mix_a_v007_unified_probe
gmake[2]: Leaving directory '/home/data4t2/lelinfeng/phase4-workspaces/MIX-A/runner-v007/build'
/usr/bin/cmake -E cmake_progress_start /home/data4t2/lelinfeng/phase4-workspaces/MIX-A/runner-v007/build/CMakeFiles 0
gmake[1]: Leaving directory '/home/data4t2/lelinfeng/phase4-workspaces/MIX-A/runner-v007/build'
/usr/bin/cmake -S/home/data4t2/lelinfeng/phase4-workspaces/MIX-A/runner-v007 -B/home/data4t2/lelinfeng/phase4-workspaces/MIX-A/runner-v007/build --check-build-system CMakeFiles/Makefile.cmake 0
/usr/bin/gmake  -f CMakeFiles/Makefile2 mix_a_v007_unified_probe
gmake[1]: Entering directory '/home/data4t2/lelinfeng/phase4-workspaces/MIX-A/runner-v007/build'
/usr/bin/cmake -S/home/data4t2/lelinfeng/phase4-workspaces/MIX-A/runner-v007 -B/home/data4t2/lelinfeng/phase4-workspaces/MIX-A/runner-v007/build --check-build-system CMakeFiles/Makefile.cmake 0
/usr/bin/cmake -E cmake_progress_start /home/data4t2/lelinfeng/phase4-workspaces/MIX-A/runner-v007/build/CMakeFiles 2
/usr/bin/gmake  -f CMakeFiles/Makefile2 CMakeFiles/mix_a_v007_unified_probe.dir/all
gmake[2]: Entering directory '/home/data4t2/lelinfeng/phase4-workspaces/MIX-A/runner-v007/build'
/usr/bin/gmake  -f CMakeFiles/mix_a_v007_unified_probe.dir/build.make CMakeFiles/mix_a_v007_unified_probe.dir/depend
gmake[3]: Entering directory '/home/data4t2/lelinfeng/phase4-workspaces/MIX-A/runner-v007/build'
cd /home/data4t2/lelinfeng/phase4-workspaces/MIX-A/runner-v007/build && /usr/bin/cmake -E cmake_depends "Unix Makefiles" /home/data4t2/lelinfeng/phase4-workspaces/MIX-A/runner-v007 /home/data4t2/lelinfeng/phase4-workspaces/MIX-A/runner-v007 /home/data4t2/lelinfeng/phase4-workspaces/MIX-A/runner-v007/build /home/data4t2/lelinfeng/phase4-workspaces/MIX-A/runner-v007/build /home/data4t2/lelinfeng/phase4-workspaces/MIX-A/runner-v007/build/CMakeFiles/mix_a_v007_unified_probe.dir/DependInfo.cmake --color=
Dependencies file "CMakeFiles/mix_a_v007_unified_probe.dir/runner_unified.asc.o.d" is newer than depends file "/home/data4t2/lelinfeng/phase4-workspaces/MIX-A/runner-v007/build/CMakeFiles/mix_a_v007_unified_probe.dir/compiler_depend.internal".
Consolidate compiler generated dependencies of target mix_a_v007_unified_probe
gmake[3]: Leaving directory '/home/data4t2/lelinfeng/phase4-workspaces/MIX-A/runner-v007/build'
/usr/bin/gmake  -f CMakeFiles/mix_a_v007_unified_probe.dir/build.make CMakeFiles/mix_a_v007_unified_probe.dir/build
gmake[3]: Entering directory '/home/data4t2/lelinfeng/phase4-workspaces/MIX-A/runner-v007/build'
[ 50%] Building ASC object CMakeFiles/mix_a_v007_unified_probe.dir/runner_unified.asc.o
/usr/bin/cmake -E env CPATH=/usr/local/Ascend/ascend-toolkit/8.5.0.alpha002/toolkit/toolchain/hcc/aarch64-target-linux-gnu/include/c++/7.3.0:/usr/local/Ascend/ascend-toolkit/8.5.0.alpha002/toolkit/toolchain/hcc/aarch64-target-linux-gnu/include/c++/7.3.0/aarch64-target-linux-gnu:/usr/local/Ascend/ascend-toolkit/8.5.0.alpha002/toolkit/toolchain/hcc/aarch64-target-linux-gnu/include/c++/7.3.0/backward:/usr/local/Ascend/ascend-toolkit/8.5.0.alpha002/toolkit/toolchain/hcc/aarch64-target-linux-gnu/include CPLUS_INCLUDE_PATH=/usr/local/Ascend/ascend-toolkit/8.5.0.alpha002/toolkit/toolchain/hcc/aarch64-target-linux-gnu/include/c++/7.3.0:/usr/local/Ascend/ascend-toolkit/8.5.0.alpha002/toolkit/toolchain/hcc/aarch64-target-linux-gnu/include/c++/7.3.0/aarch64-target-linux-gnu:/usr/local/Ascend/ascend-toolkit/8.5.0.alpha002/toolkit/toolchain/hcc/aarch64-target-linux-gnu/include/c++/7.3.0/backward:/usr/local/Ascend/ascend-toolkit/8.5.0.alpha002/toolkit/toolchain/hcc/aarch64-target-linux-gnu/include /usr/local/Ascend/ascend-toolkit/8.5.0.alpha002/compiler/ccec_compiler/bin/bisheng --npu-arch=dav-2201 --npu-soc=Ascend910B3  -I/home/data4t2/lelinfeng/phase4-workspaces/MIX-A/runner-v007 -I/home/data4t2/lelinfeng/phase4-workspaces/MIX-A/runner-v007/.. -I/usr/local/Ascend/ascend-toolkit/8.5.0.alpha002/toolkit/toolchain/hcc/aarch64-target-linux-gnu/include/c++/7.3.0 -I/usr/local/Ascend/ascend-toolkit/8.5.0.alpha002/toolkit/toolchain/hcc/aarch64-target-linux-gnu/include/c++/7.3.0/aarch64-target-linux-gnu -I/usr/local/Ascend/ascend-toolkit/8.5.0.alpha002/toolkit/toolchain/hcc/aarch64-target-linux-gnu/include/c++/7.3.0/backward -I/usr/local/Ascend/ascend-toolkit/8.5.0.alpha002/toolkit/toolchain/hcc/aarch64-target-linux-gnu/include --cce-aicore-arch=dav-c220 -Xaicore-start -O3 -std=c++17 -Xaicore-end -Xhost-start -I/usr/local/Ascend/ascend-toolkit/8.5.0.alpha002/toolkit/toolchain/hcc/aarch64-target-linux-gnu/include/c++/7.3.0 -I/usr/local/Ascend/ascend-toolkit/8.5.0.alpha002/toolkit/toolchain/hcc/aarch64-target-linux-gnu/include/c++/7.3.0/aarch64-target-linux-gnu -I/usr/local/Ascend/ascend-toolkit/8.5.0.alpha002/toolkit/toolchain/hcc/aarch64-target-linux-gnu/include/c++/7.3.0/backward -I/usr/local/Ascend/ascend-toolkit/8.5.0.alpha002/toolkit/toolchain/hcc/aarch64-target-linux-gnu/include -fPIC -O2 -std=c++17 -Xhost-end --npu-arch=dav-2201 -MD -MT CMakeFiles/mix_a_v007_unified_probe.dir/runner_unified.asc.o -MF CMakeFiles/mix_a_v007_unified_probe.dir/runner_unified.asc.o.d -o CMakeFiles/mix_a_v007_unified_probe.dir/runner_unified.asc.o -c -x asc /home/data4t2/lelinfeng/phase4-workspaces/MIX-A/runner-v007/runner_unified.asc
/home/data4t2/lelinfeng/phase4-workspaces/MIX-A/runner-v007/runner_unified.asc:463:27: warning: 'cce_global' attribute ignored when parsing type [-Wignored-attributes]
        GM_ADDR output = (GM_ADDR)(variant == Variant::V003 ? deviceOutputV003_ : deviceOutputV007_);
                          ^~~~~~~
/usr/local/Ascend/ascend-toolkit/8.5.0.alpha002/compiler/tikcpp/tikcfw/impl/utils/kernel_utils_macros.h:18:17: note: expanded from macro 'GM_ADDR'
#define GM_ADDR __gm__ uint8_t*
                ^~~~~~
/usr/local/Ascend/ascend-toolkit/8.5.0.alpha002/aarch64-linux/ccec_compiler/lib/clang/15.0.5/include/__clang_cce_defines.h:47:31: note: expanded from macro '__gm__'
#define __gm__ __attribute__((cce_global))
                              ^~~~~~~~~~
/home/data4t2/lelinfeng/phase4-workspaces/MIX-A/runner-v007/runner_unified.asc:464:29: warning: 'cce_global' attribute ignored when parsing type [-Wignored-attributes]
        KernelFor(variant)((GM_ADDR)deviceX_, infoX_,
                            ^~~~~~~
/usr/local/Ascend/ascend-toolkit/8.5.0.alpha002/compiler/tikcpp/tikcfw/impl/utils/kernel_utils_macros.h:18:17: note: expanded from macro 'GM_ADDR'
#define GM_ADDR __gm__ uint8_t*
                ^~~~~~
/usr/local/Ascend/ascend-toolkit/8.5.0.alpha002/aarch64-linux/ccec_compiler/lib/clang/15.0.5/include/__clang_cce_defines.h:47:31: note: expanded from macro '__gm__'
#define __gm__ __attribute__((cce_global))
                              ^~~~~~~~~~
/home/data4t2/lelinfeng/phase4-workspaces/MIX-A/runner-v007/runner_unified.asc:465:29: warning: 'cce_global' attribute ignored when parsing type [-Wignored-attributes]
                           (GM_ADDR)deviceResidual_, infoResidual_,
                            ^~~~~~~
/usr/local/Ascend/ascend-toolkit/8.5.0.alpha002/compiler/tikcpp/tikcfw/impl/utils/kernel_utils_macros.h:18:17: note: expanded from macro 'GM_ADDR'
#define GM_ADDR __gm__ uint8_t*
                ^~~~~~
/usr/local/Ascend/ascend-toolkit/8.5.0.alpha002/aarch64-linux/ccec_compiler/lib/clang/15.0.5/include/__clang_cce_defines.h:47:31: note: expanded from macro '__gm__'
#define __gm__ __attribute__((cce_global))
                              ^~~~~~~~~~
/home/data4t2/lelinfeng/phase4-workspaces/MIX-A/runner-v007/runner_unified.asc:466:29: warning: 'cce_global' attribute ignored when parsing type [-Wignored-attributes]
                           (GM_ADDR)deviceGamma_, infoGamma_,
                            ^~~~~~~
/usr/local/Ascend/ascend-toolkit/8.5.0.alpha002/compiler/tikcpp/tikcfw/impl/utils/kernel_utils_macros.h:18:17: note: expanded from macro 'GM_ADDR'
#define GM_ADDR __gm__ uint8_t*
                ^~~~~~
/usr/local/Ascend/ascend-toolkit/8.5.0.alpha002/aarch64-linux/ccec_compiler/lib/clang/15.0.5/include/__clang_cce_defines.h:47:31: note: expanded from macro '__gm__'
#define __gm__ __attribute__((cce_global))
                              ^~~~~~~~~~
/home/data4t2/lelinfeng/phase4-workspaces/MIX-A/runner-v007/runner_unified.asc:467:29: warning: 'cce_global' attribute ignored when parsing type [-Wignored-attributes]
                           (GM_ADDR)deviceBias_, infoBias_, output, infoOutput_,
                            ^~~~~~~
/usr/local/Ascend/ascend-toolkit/8.5.0.alpha002/compiler/tikcpp/tikcfw/impl/utils/kernel_utils_macros.h:18:17: note: expanded from macro 'GM_ADDR'
#define GM_ADDR __gm__ uint8_t*
                ^~~~~~
/usr/local/Ascend/ascend-toolkit/8.5.0.alpha002/aarch64-linux/ccec_compiler/lib/clang/15.0.5/include/__clang_cce_defines.h:47:31: note: expanded from macro '__gm__'
#define __gm__ __attribute__((cce_global))
                              ^~~~~~~~~~
5 warnings generated.
/home/data4t2/lelinfeng/phase4-workspaces/MIX-A/runner-v007/runner_unified.asc:463:27: warning: 'cce_global' attribute ignored when parsing type [-Wignored-attributes]
/usr/local/Ascend/ascend-toolkit/8.5.0.alpha002/compiler/tikcpp/tikcfw/impl/utils/kernel_utils_macros.h:18:17: note: expanded from macro 'GM_ADDR'
/usr/local/Ascend/ascend-toolkit/8.5.0.alpha002/aarch64-linux/ccec_compiler/lib/clang/15.0.5/include/__clang_cce_defines.h:47:31: note: expanded from macro '__gm__'
/home/data4t2/lelinfeng/phase4-workspaces/MIX-A/runner-v007/runner_unified.asc:464:29: warning: 'cce_global' attribute ignored when parsing type [-Wignored-attributes]
/usr/local/Ascend/ascend-toolkit/8.5.0.alpha002/compiler/tikcpp/tikcfw/impl/utils/kernel_utils_macros.h:18:17: note: expanded from macro 'GM_ADDR'
/usr/local/Ascend/ascend-toolkit/8.5.0.alpha002/aarch64-linux/ccec_compiler/lib/clang/15.0.5/include/__clang_cce_defines.h:47:31: note: expanded from macro '__gm__'
/home/data4t2/lelinfeng/phase4-workspaces/MIX-A/runner-v007/runner_unified.asc:465:29: warning: 'cce_global' attribute ignored when parsing type [-Wignored-attributes]
/usr/local/Ascend/ascend-toolkit/8.5.0.alpha002/compiler/tikcpp/tikcfw/impl/utils/kernel_utils_macros.h:18:17: note: expanded from macro 'GM_ADDR'
/usr/local/Ascend/ascend-toolkit/8.5.0.alpha002/aarch64-linux/ccec_compiler/lib/clang/15.0.5/include/__clang_cce_defines.h:47:31: note: expanded from macro '__gm__'
/home/data4t2/lelinfeng/phase4-workspaces/MIX-A/runner-v007/runner_unified.asc:466:29: warning: 'cce_global' attribute ignored when parsing type [-Wignored-attributes]
/usr/local/Ascend/ascend-toolkit/8.5.0.alpha002/compiler/tikcpp/tikcfw/impl/utils/kernel_utils_macros.h:18:17: note: expanded from macro 'GM_ADDR'
/usr/local/Ascend/ascend-toolkit/8.5.0.alpha002/aarch64-linux/ccec_compiler/lib/clang/15.0.5/include/__clang_cce_defines.h:47:31: note: expanded from macro '__gm__'
/home/data4t2/lelinfeng/phase4-workspaces/MIX-A/runner-v007/runner_unified.asc:467:29: warning: 'cce_global' attribute ignored when parsing type [-Wignored-attributes]
/usr/local/Ascend/ascend-toolkit/8.5.0.alpha002/compiler/tikcpp/tikcfw/impl/utils/kernel_utils_macros.h:18:17: note: expanded from macro 'GM_ADDR'
/usr/local/Ascend/ascend-toolkit/8.5.0.alpha002/aarch64-linux/ccec_compiler/lib/clang/15.0.5/include/__clang_cce_defines.h:47:31: note: expanded from macro '__gm__'
5 warnings generated.
Warning: please refer to the above warning message.
Warning: please refer to the above warning message.
Warning: please refer to the above warning message.
Warning: please refer to the above warning message.
Warning: please refer to the above warning message.
Warning: please refer to the above warning message.
Warning: please refer to the above warning message.
Warning: please refer to the above warning message.
Warning: please refer to the above warning message.
Warning: please refer to the above warning message.
Warning: please refer to the above warning message.
Warning: please refer to the above warning message.
Warning: please refer to the above warning message.
Warning: please refer to the above warning message.
Warning: please refer to the above warning message.
[100%] Linking ASC executable mix_a_v007_unified_probe
/usr/bin/cmake -E cmake_link_script CMakeFiles/mix_a_v007_unified_probe.dir/link.txt --verbose=1
/usr/local/Ascend/ascend-toolkit/8.5.0.alpha002/compiler/ccec_compiler/bin/bisheng CMakeFiles/mix_a_v007_unified_probe.dir/runner_unified.asc.o -o mix_a_v007_unified_probe   -L/usr/local/Ascend/ascend-toolkit/8.5.0.alpha002/toolkit/toolchain/hcc/aarch64-target-linux-gnu/lib64  -L/usr/local/Ascend/ascend-toolkit/8.5.0.alpha002/toolkit/toolchain/hcc/lib64  -Wl,-rpath,/usr/local/Ascend/ascend-toolkit/8.5.0.alpha002/toolkit/toolchain/hcc/aarch64-target-linux-gnu/lib64 -Wl,-rpath,/usr/local/Ascend/ascend-toolkit/8.5.0.alpha002/toolkit/toolchain/hcc/lib64 -ltiling_api -lregister -lplatform -lunified_dlog -lstdc++ -ldl -lm -lgraph_base
gmake[3]: Leaving directory '/home/data4t2/lelinfeng/phase4-workspaces/MIX-A/runner-v007/build'
[100%] Built target mix_a_v007_unified_probe
gmake[2]: Leaving directory '/home/data4t2/lelinfeng/phase4-workspaces/MIX-A/runner-v007/build'
/usr/bin/cmake -E cmake_progress_start /home/data4t2/lelinfeng/phase4-workspaces/MIX-A/runner-v007/build/CMakeFiles 0
gmake[1]: Leaving directory '/home/data4t2/lelinfeng/phase4-workspaces/MIX-A/runner-v007/build'
