2026-10-07 21:30:56 [WARN]  The option "--application" will be deprecated in future version. It is recommended to specify <app> [arguments] instead.
2026-10-07 21:30:56 [INFO]  Op profiling analysis start.
2026-10-07 21:30:56 [INFO]  Running device task: DeviceProf
[INFO] <ProfData> Start profiling on device 0, kernel: _Z24add_rms_norm_bias_customIfEvPhS0_S0_S0_S0_mmjff
[INFO] <WarmUp> Warm Up enabled. times:3
[INFO] <DumpInputData> Addr info is null, can not dump
[ERROR] <Save> Kernel context save failed, dump kernel args failed
[WARN] <Launch> Msopt dump kernel failed
PARENT_RUN_OK rows=2 width=8192 dtype=fp32 device=0 vector_cores=40 bytes=65536
2026-10-07 21:31:03 [INFO]  Profiling running finished. All task success.
2026-10-07 21:31:03 [INFO]  Start parse dump file
2026-10-07 21:31:03 [WARN]  Failed to get any available dump file to parse, please check
2026-10-07 21:31:03 [ERROR] Parse kernel data failed, kernel name is _Z24add_rms_norm_bias_customIfEvPhS0_S0_S0_S0_mmjff, the order is 0
2026-10-07 21:31:03 [INFO]  Profiling results saved in /home/data4t2/lelinfeng/server_runs/W4-R14/param-mte2-fingerprint-20261008/timeline_2x8192_fp32/OPPROF_20261007213056_RZZHMAHZGDUCYVRF
2026-10-07 21:31:03 [WARN]  Profiling kernels result is: 0 success, 1 failed. Please check
2026-10-07 21:31:03 [INFO]  Start analyze kernel on device: device0, kernel: _Z24add_rms_norm_bias_customIfEvPhS0_S0_S0_S0_mmjff, name is: 0
2026-10-07 21:31:05 [INFO]  Operator Basic Information:

	Op Name: add_rms_norm_bias_custom
	Op Type: vector
	Task Duration(us): 10.100202
	Block Dim: 2
	Mix Block Dim: 
	Device Id: 0
	Pid: 2076442
	Current Freq: 1800
	Rated Freq: 1800

2026-10-07 21:31:05 [INFO]  Profiling results saved in /home/data4t2/lelinfeng/server_runs/W4-R14/param-mte2-fingerprint-20261008/timeline_2x8192_fp32/OPPROF_20261007213056_RZZHMAHZGDUCYVRF
2026-10-07 21:31:05 [INFO]  Profiling data parse finished.
2026-10-07 21:31:05 [WARN]  TimelineDetail data collection failed
2026-10-07 21:31:05 [INFO]  Op profiling finish. Welcome to next use.
