2026-10-08T11:56:02Z
hwnput3
lelinfeng
 11:56:02 up 242 days, 23:32, 36 users,  load average: 48.93, 56.49, 60.65
	NPU ID                         : 1
	Chip Count                     : 1

	DDR Capacity(MB)               : 0
	DDR Usage Rate(%)              : 0
	DDR Hugepages Total(page)      : 0
	DDR Hugepages Usage Rate(%)    : 0
	HBM Capacity(MB)               : 65536
	HBM Usage Rate(%)              : 36
	Aicore Usage Rate(%)           : 18
	Aivector Usage Rate(%)         : 17
	Aicpu Usage Rate(%)            : 0
	Ctrlcpu Usage Rate(%)          : 4
	DDR Bandwidth Usage Rate(%)    : 0
	HBM Bandwidth Usage Rate(%)    : 6
	Chip ID                        : 0

	NPU ID                         : 1
	Chip Count                     : 1

	Process id:3150467 Process name:python            Process memory(MB):5748
	Process id:203339  Process name:python            Process memory(MB):14957
	Chip ID                        : 0

48.93 56.49 60.65 21/15824 3497691
DEVICE=1 FREE_HBM_MB=41943
[INFO] Start profiling...
RUN_META device=1 available_vector_cores=40 dtype=FP32 epsilon=9.99999974738e-06 warmup_parent=45 warmup_candidate=45 output_address_shared_per_case=YES
LIBRARY variant=P path=/home/data4t2/lelinfeng/cann/server_runs/W4-R04/V002/build-server3-v002/libr04_parent.so
LIBRARY variant=C path=/home/data4t2/lelinfeng/cann/server_runs/W4-R04/V002/build-server3-v002/libr04_candidate.so
PROTOCOL cases=3 pp_samples_per_case=128 pc_samples_per_case=128 total_timed=768 blocks=4 pc_cycle=PPPCCPCC pc_cycle_repetitions=16 output_address_and_inputs_fixed_within_case=YES
CASE_META case=target-fp32-16x2048 rows=16 width=2048 input_x=0x12c0c0013000 input_residual=0x12c0c0034000 gamma=0x12c0c0055000 bias=0x12c0c0058000 shared_output=0x12c0c005b000
REFERENCE phase=before case=target-fp32-16x2048 parent_failures=0 parent_max_abs=7.15255737305e-07 candidate_failures=0 candidate_max_abs=7.15255737305e-07 parent_candidate_bitwise_mismatches=0 golden=CPU_FP64 atol=1e-5 rtol=1e-4 max_abs_limit=1e-2
REFERENCE phase=after case=target-fp32-16x2048 parent_failures=0 parent_max_abs=7.15255737305e-07 candidate_failures=0 candidate_max_abs=7.15255737305e-07 parent_candidate_bitwise_mismatches=0 golden=CPU_FP64 atol=1e-5 rtol=1e-4 max_abs_limit=1e-2
CASE_META case=target-fp32-16x2056 rows=16 width=2056 input_x=0x12c0c0013000 input_residual=0x12c0c0034000 gamma=0x12c0c0055000 bias=0x12c0c0058000 shared_output=0x12c0c005b000
REFERENCE phase=before case=target-fp32-16x2056 parent_failures=0 parent_max_abs=7.15255737305e-07 candidate_failures=0 candidate_max_abs=7.15255737305e-07 parent_candidate_bitwise_mismatches=0 golden=CPU_FP64 atol=1e-5 rtol=1e-4 max_abs_limit=1e-2
REFERENCE phase=after case=target-fp32-16x2056 parent_failures=0 parent_max_abs=7.15255737305e-07 candidate_failures=0 candidate_max_abs=7.15255737305e-07 parent_candidate_bitwise_mismatches=0 golden=CPU_FP64 atol=1e-5 rtol=1e-4 max_abs_limit=1e-2
CASE_META case=guard-off-fp32-12x8192 rows=12 width=8192 input_x=0x12c0c0013000 input_residual=0x12c0c0074000 gamma=0x12c0c00d5000 bias=0x12c0c00de000 shared_output=0x12c0c00e7000
REFERENCE phase=before case=guard-off-fp32-12x8192 parent_failures=0 parent_max_abs=4.76837158203e-07 candidate_failures=0 candidate_max_abs=4.76837158203e-07 parent_candidate_bitwise_mismatches=0 golden=CPU_FP64 atol=1e-5 rtol=1e-4 max_abs_limit=1e-2
REFERENCE phase=after case=guard-off-fp32-12x8192 parent_failures=0 parent_max_abs=4.76837158203e-07 candidate_failures=0 candidate_max_abs=4.76837158203e-07 parent_candidate_bitwise_mismatches=0 golden=CPU_FP64 atol=1e-5 rtol=1e-4 max_abs_limit=1e-2
RUN_COMPLETE=YES timed_samples=768
[INFO] Start export data in PROF_000001_20261008115603933_QOORIFHRLHIDGNQB.
Thu 08 Oct 2026 11:56:08 [INFO] [MSVP] [3498331] msprof_common.py: Start analyzing data in "/home/data4t2/lelinfeng/cann/server_runs/W4-R04/V002/results/timing-attribution-20261008/profile-timing-attribution-20261008T1155Z/PROF_000001_20261008115603933_QOORIFHRLHIDGNQB/host" ...
Thu 08 Oct 2026 11:56:08 [INFO] [MSVP] [3498331] msprof_common.py: It may take few minutes, please be patient ...
Thu 08 Oct 2026 11:56:08 [INFO] [MSVP] [3498331] msprof_common.py: Analysis data in "/home/data4t2/lelinfeng/cann/server_runs/W4-R04/V002/results/timing-attribution-20261008/profile-timing-attribution-20261008T1155Z/PROF_000001_20261008115603933_QOORIFHRLHIDGNQB/host" finished.
Thu 08 Oct 2026 11:56:08 [INFO] [MSVP] [3498331] msprof_common.py: Start analyzing data in "/home/data4t2/lelinfeng/cann/server_runs/W4-R04/V002/results/timing-attribution-20261008/profile-timing-attribution-20261008T1155Z/PROF_000001_20261008115603933_QOORIFHRLHIDGNQB/device_1" ...
Thu 08 Oct 2026 11:56:08 [INFO] [MSVP] [3498331] msprof_common.py: It may take few minutes, please be patient ...
Thu 08 Oct 2026 11:56:09 [INFO] [MSVP] [3498331] msprof_common.py: Analysis data in "/home/data4t2/lelinfeng/cann/server_runs/W4-R04/V002/results/timing-attribution-20261008/profile-timing-attribution-20261008T1155Z/PROF_000001_20261008115603933_QOORIFHRLHIDGNQB/device_1" finished.
Thu 08 Oct 2026 11:56:09 [INFO] [MSVP] [3498331] msprof_export.py: All collected data will be exported, path is: /home/data4t2/lelinfeng/cann/server_runs/W4-R04/V002/results/timing-attribution-20261008/profile-timing-attribution-20261008T1155Z/PROF_000001_20261008115603933_QOORIFHRLHIDGNQB/device_1.
Thu 08 Oct 2026 11:56:09 [INFO] [MSVP] [3498331] msprof_export.py: There is no timeline data to export for "/home/data4t2/lelinfeng/cann/server_runs/W4-R04/V002/results/timing-attribution-20261008/profile-timing-attribution-20261008T1155Z/PROF_000001_20261008115603933_QOORIFHRLHIDGNQB/host"
Thu 08 Oct 2026 11:56:11 [INFO] [MSVP] [3498837] msprof_export.py: The data in "/home/data4t2/lelinfeng/cann/server_runs/W4-R04/V002/results/timing-attribution-20261008/profile-timing-attribution-20261008T1155Z/PROF_000001_20261008115603933_QOORIFHRLHIDGNQB/host" has been analyzed. Parsing phase will be skipped.
Thu 08 Oct 2026 11:56:11 [INFO] [MSVP] [3498837] msprof_export.py: The data in "/home/data4t2/lelinfeng/cann/server_runs/W4-R04/V002/results/timing-attribution-20261008/profile-timing-attribution-20261008T1155Z/PROF_000001_20261008115603933_QOORIFHRLHIDGNQB/device_1" has been analyzed. Parsing phase will be skipped.
Thu 08 Oct 2026 11:56:11 [INFO] [MSVP] [3498837] msprof_export.py: All collected data will be exported, path is: /home/data4t2/lelinfeng/cann/server_runs/W4-R04/V002/results/timing-attribution-20261008/profile-timing-attribution-20261008T1155Z/PROF_000001_20261008115603933_QOORIFHRLHIDGNQB/device_1.
Thu 08 Oct 2026 11:56:11 [INFO] [MSVP] [3498837] msprof_export.py: There is no summary data to export for "/home/data4t2/lelinfeng/cann/server_runs/W4-R04/V002/results/timing-attribution-20261008/profile-timing-attribution-20261008T1155Z/PROF_000001_20261008115603933_QOORIFHRLHIDGNQB/host"
Thu 08 Oct 2026 11:56:11 [INFO] [MSVP] [3498837] msprof_export.py: All collected data will be exported, path is: /home/data4t2/lelinfeng/cann/server_runs/W4-R04/V002/results/timing-attribution-20261008/profile-timing-attribution-20261008T1155Z/PROF_000001_20261008115603933_QOORIFHRLHIDGNQB/device_1.
Thu 08 Oct 2026 11:56:11 [INFO] [MSVP] [3498837] msprof_export.py: There is no summary data to export for "/home/data4t2/lelinfeng/cann/server_runs/W4-R04/V002/results/timing-attribution-20261008/profile-timing-attribution-20261008T1155Z/PROF_000001_20261008115603933_QOORIFHRLHIDGNQB/device_1"
Thu 08 Oct 2026 11:56:11 [INFO] [MSVP] [3498837] msprof_common.py: Start exporting summary output_file.
Thu 08 Oct 2026 11:56:11 [INFO] [MSVP] [3498837] msprof_common.py: End exporting summary output_file.The file is stored in the /home/data4t2/lelinfeng/cann/server_runs/W4-R04/V002/results/timing-attribution-20261008/profile-timing-attribution-20261008T1155Z/PROF_000001_20261008115603933_QOORIFHRLHIDGNQB/mindstudio_profiler_output path.
[INFO] Export all data in PROF_000001_20261008115603933_QOORIFHRLHIDGNQB done.
[INFO] Start query data in PROF_000001_20261008115603933_QOORIFHRLHIDGNQB.
Job Info	Device ID	Dir Name	Collection Time           	Model ID	Iteration Number	Top Time Iteration	Rank ID	

NA      	         	host    	2026-10-08 11:56:03.937114	N/A     	N/A             	N/A               	-1     	

NA      	1        	device_1	2026-10-08 11:56:04.418741	N/A     	N/A             	N/A               	-1     	

[INFO] Query all data in PROF_000001_20261008115603933_QOORIFHRLHIDGNQB done.
[INFO] Profiling finished.
[INFO] Process profiling data complete. Data is saved in /home/data4t2/lelinfeng/cann/server_runs/W4-R04/V002/results/timing-attribution-20261008/profile-timing-attribution-20261008T1155Z/PROF_000001_20261008115603933_QOORIFHRLHIDGNQB
MSPROF_RC=0
2026-10-08T11:56:13Z
 11:56:13 up 242 days, 23:32, 36 users,  load average: 48.13, 56.06, 60.46
	NPU ID                         : 1
	Chip Count                     : 1

	DDR Capacity(MB)               : 0
	DDR Usage Rate(%)              : 0
	DDR Hugepages Total(page)      : 0
	DDR Hugepages Usage Rate(%)    : 0
	HBM Capacity(MB)               : 65536
	HBM Usage Rate(%)              : 36
	Aicore Usage Rate(%)           : 2
	Aivector Usage Rate(%)         : 7
	Aicpu Usage Rate(%)            : 0
	Ctrlcpu Usage Rate(%)          : 3
	DDR Bandwidth Usage Rate(%)    : 0
	HBM Bandwidth Usage Rate(%)    : 36
	Chip ID                        : 0

	NPU ID                         : 1
	Chip Count                     : 1

	Process id:3150467 Process name:python            Process memory(MB):5748
	Process id:203339  Process name:python            Process memory(MB):14957
	Chip ID                        : 0

47.40 55.78 60.35 25/15830 3499298
