route=W4-R08 revision=V001 mode=noise-floor shape=17x257 dtype=fp32 device=2 owner=W4-R08 lease_id=local-v002-20261009T152233Z-2
route=W4-R08
revision=V001
mode=noise-floor
implementation=parent
shape=17x257
rows=17
width=257
dtype=fp32
epsilon=9.99999975e-06
available_core_num=8
device=2
owner=W4-R08
lease_id=local-v002-20261009T152233Z-2
preflight_utc=2026-10-09T15:22:37Z
runner_sha256=30f5c146373c5ca8e714b31758070347b26ab58b26c25526236a29dbb182a6bf
parent_source_sha256=a8c19a1972207acc67e3fb0cd393cc70b0a4b183d1eaf5610edf80c2879b15e3
candidate_source_sha256=dc2cd6b8e24acaa8a56774d2c3fec93a525ee8540d46e35b145dc09ef55333fb
batch_n=1
method=DEVICE_EVENT_PRIMARY+HOST_WALL_SECONDARY
block=0 implementation=parent median_us=27.380001 mad_us=2.300000 mad_over_median=0.084003 cv=0.286649 p90_us=36.619999 verdict=PASS
block=1 implementation=parent median_us=25.739999 mad_us=3.400000 mad_over_median=0.132090 cv=0.259339 p90_us=31.099999 verdict=NEEDS_VALIDATION
shape=17x257 implementation=parent blocks=2 block_median_drift=0.061747 qualification=NEEDS_VALIDATION
verify rows=17 width=257 failures=0 max_abs=7.15255737e-07
post_timing_verify=PASS
