ROUTE=MULTIROW-PANEL-RMS-CHAMPION-X
PARENT_SOURCE_SHA256=822546543fce0c38297a8f66e4a6d197438d1cf685f2d5778c35c1576bb9068b
CANDIDATE_SOURCE_SHA256=b16983cfd294cf36075e988acf526886f8e9c32c1e4cb821e4e70df904294773
-- CMAKE_ASC_COMPILER: /usr/local/Ascend/ascend-toolkit/8.5.0.alpha002/compiler/ccec_compiler/bin/bisheng
CMake Warning at /usr/local/Ascend/ascend-toolkit/8.5.0.alpha002/aarch64-linux/tikcpp/ascendc_kernel_cmake/ASC_CMake/CMakeDetermineASCCompiler.cmake:57 (message):
  CMAKE_INSTALL_PREFIX is not set.  Set to default value
  /home/data4t2/lelinfeng/cann/server_runs/MULTIROW-PANEL-RMS-CHAMPION-X/V009/support/out.
Call Stack (most recent call first):
  CMakeLists.txt:3 (project)


-- CMAKE_BUILD_TYPE: Release
-- CMAKE_INSTALL_PREFIX: /home/data4t2/lelinfeng/cann/server_runs/MULTIROW-PANEL-RMS-CHAMPION-X/V009/support/out
-- ASCEND_CANN_PACKAGE_PATH: /usr/local/Ascend/ascend-toolkit/8.5.0.alpha002
-- CMAKE_ASC_LLD_LINKER: /usr/local/Ascend/ascend-toolkit/8.5.0.alpha002/tools/ccec_compiler/bin/ld.lld
-- The CXX compiler identification is GNU 11.4.0
-- Detecting CXX compiler ABI info
-- Detecting CXX compiler ABI info - done
-- Check for working CXX compiler: /usr/bin/c++ - skipped
-- Detecting CXX compile features
-- Detecting CXX compile features - done
-- Configuring done
-- Generating done
-- Build files have been written to: /home/data4t2/lelinfeng/cann/server_runs/MULTIROW-PANEL-RMS-CHAMPION-X/V009/support/build
[ 33%] Building ASC object CMakeFiles/multirow_panel_rms_parent.dir/parent_kernel.asc.o
[ 33%] Building ASC object CMakeFiles/multirow_panel_rms_candidate.dir/candidate_kernel.asc.o
[ 50%] Linking ASC shared library libmultirow_panel_rms_candidate.so
[ 50%] Built target multirow_panel_rms_candidate
[ 66%] Linking ASC shared library libmultirow_panel_rms_parent.so
[ 66%] Built target multirow_panel_rms_parent
[ 83%] Building CXX object CMakeFiles/multirow_panel_rms_runner.dir/runner_main.cpp.o
[100%] Linking CXX executable multirow_panel_rms_runner
[100%] Built target multirow_panel_rms_runner

ARTIFACT=/home/data4t2/lelinfeng/cann/server_runs/MULTIROW-PANEL-RMS-CHAMPION-X/V009/support/build/multirow_panel_rms_runner
8e684acaefaa6e09a88144668afe97ad786800a997a3c7bdb35dadae5dbae60b  /home/data4t2/lelinfeng/cann/server_runs/MULTIROW-PANEL-RMS-CHAMPION-X/V009/support/build/multirow_panel_rms_runner
	linux-vdso.so.1 (0x0000ffff95fb6000)
	libmultirow_panel_rms_parent.so => /home/data4t2/lelinfeng/cann/server_runs/MULTIROW-PANEL-RMS-CHAMPION-X/V009/support/build/libmultirow_panel_rms_parent.so (0x0000ffff95ec0000)
	libmultirow_panel_rms_candidate.so => /home/data4t2/lelinfeng/cann/server_runs/MULTIROW-PANEL-RMS-CHAMPION-X/V009/support/build/libmultirow_panel_rms_candidate.so (0x0000ffff95e20000)
	libascendcl.so => /usr/local/Ascend/ascend-toolkit/8.5.0.alpha002/aarch64-linux/lib64/libascendcl.so (0x0000ffff95c00000)
	libstdc++.so.6 => /lib/aarch64-linux-gnu/libstdc++.so.6 (0x0000ffff959d0000)
	libm.so.6 => /lib/aarch64-linux-gnu/libm.so.6 (0x0000ffff95930000)
	libgcc_s.so.1 => /lib/aarch64-linux-gnu/libgcc_s.so.1 (0x0000ffff95900000)
	libc.so.6 => /lib/aarch64-linux-gnu/libc.so.6 (0x0000ffff95750000)
	/lib/ld-linux-aarch64.so.1 (0x0000ffff95f7d000)
	libruntime.so => /usr/local/Ascend/ascend-toolkit/8.5.0.alpha002/aarch64-linux/lib64/libruntime.so (0x0000ffff95680000)
	liberror_manager.so => /usr/local/Ascend/ascend-toolkit/8.5.0.alpha002/aarch64-linux/lib64/liberror_manager.so (0x0000ffff95600000)
	libprofapi.so => /usr/local/Ascend/ascend-toolkit/8.5.0.alpha002/aarch64-linux/lib64/libprofapi.so (0x0000ffff955c0000)
	libascendalog.so => /usr/local/Ascend/ascend-toolkit/8.5.0.alpha002/aarch64-linux/lib64/libascendalog.so (0x0000ffff95570000)
	libmmpa.so => /usr/local/Ascend/ascend-toolkit/8.5.0.alpha002/aarch64-linux/lib64/libmmpa.so (0x0000ffff95540000)
	libascend_dump.so => /usr/local/Ascend/ascend-toolkit/8.5.0.alpha002/aarch64-linux/lib64/libascend_dump.so (0x0000ffff95400000)
	libc_sec.so => /usr/local/Ascend/ascend-toolkit/8.5.0.alpha002/aarch64-linux/lib64/libc_sec.so (0x0000ffff953c0000)
	libmsprofiler.so => /usr/local/Ascend/ascend-toolkit/8.5.0.alpha002/aarch64-linux/lib64/libmsprofiler.so (0x0000ffff95010000)
	libgert.so => /usr/local/Ascend/ascend-toolkit/8.5.0.alpha002/aarch64-linux/lib64/libgert.so (0x0000ffff947b0000)
	libascendcl_impl.so => /usr/local/Ascend/ascend-toolkit/8.5.0.alpha002/aarch64-linux/lib64/libascendcl_impl.so (0x0000ffff946f0000)
	librt.so.1 => /lib/aarch64-linux-gnu/librt.so.1 (0x0000ffff946d0000)
	libdl.so.2 => /lib/aarch64-linux-gnu/libdl.so.2 (0x0000ffff946b0000)
	libge_executor.so => /usr/local/Ascend/ascend-toolkit/8.5.0.alpha002/aarch64-linux/lib64/libge_executor.so (0x0000ffff945a0000)
	libgraph.so => /usr/local/Ascend/ascend-toolkit/8.5.0.alpha002/aarch64-linux/lib64/libgraph.so (0x0000ffff94380000)
	libascend_watchdog.so => /usr/local/Ascend/ascend-toolkit/8.5.0.alpha002/aarch64-linux/lib64/libascend_watchdog.so (0x0000ffff94350000)
	libascend_protobuf.so.3.13.0.0 => /usr/local/Ascend/ascend-toolkit/8.5.0.alpha002/aarch64-linux/lib64/libascend_protobuf.so.3.13.0.0 (0x0000ffff93e20000)
	libpthread.so.0 => /lib/aarch64-linux-gnu/libpthread.so.0 (0x0000ffff93e00000)
	libruntime_common.so => /usr/local/Ascend/ascend-toolkit/8.5.0.alpha002/aarch64-linux/lib64/libruntime_common.so (0x0000ffff93da0000)
	libascend_hal.so => /usr/local/Ascend/driver/lib64/driver/libascend_hal.so (0x0000ffff93930000)
	libunified_dlog.so => /usr/local/Ascend/ascend-toolkit/8.5.0.alpha002/aarch64-linux/lib64/libunified_dlog.so (0x0000ffff938e0000)
	libgraph_base.so => /usr/local/Ascend/ascend-toolkit/8.5.0.alpha002/aarch64-linux/lib64/libgraph_base.so (0x0000ffff93120000)
	libhybrid_executor.so => /usr/local/Ascend/ascend-toolkit/8.5.0.alpha002/aarch64-linux/lib64/libhybrid_executor.so (0x0000ffff92cc0000)
	libdavinci_executor.so => /usr/local/Ascend/ascend-toolkit/8.5.0.alpha002/aarch64-linux/lib64/libdavinci_executor.so (0x0000ffff927e0000)
	libge_common.so => /usr/local/Ascend/ascend-toolkit/8.5.0.alpha002/aarch64-linux/lib64/libge_common.so (0x0000ffff926a0000)
	libge_common_base.so => /usr/local/Ascend/ascend-toolkit/8.5.0.alpha002/aarch64-linux/lib64/libge_common_base.so (0x0000ffff920f0000)
	libexe_graph.so => /usr/local/Ascend/ascend-toolkit/8.5.0.alpha002/aarch64-linux/lib64/libexe_graph.so (0x0000ffff92090000)
	liblowering.so => /usr/local/Ascend/ascend-toolkit/8.5.0.alpha002/aarch64-linux/lib64/liblowering.so (0x0000ffff91fa0000)
	libregister.so => /usr/local/Ascend/ascend-toolkit/8.5.0.alpha002/aarch64-linux/lib64/libregister.so (0x0000ffff912f0000)
	libopp_registry.so => /usr/local/Ascend/ascend-toolkit/8.5.0.alpha002/aarch64-linux/lib64/libopp_registry.so (0x0000ffff91260000)
	libplatform.so => /usr/local/Ascend/ascend-toolkit/8.5.0.alpha002/aarch64-linux/lib64/libplatform.so (0x0000ffff91100000)
	libmetadef.so => /usr/local/Ascend/ascend-toolkit/8.5.0.alpha002/aarch64-linux/lib64/libmetadef.so (0x0000ffff90fc0000)
	libascend_trace.so => /usr/local/Ascend/ascend-toolkit/8.5.0.alpha002/aarch64-linux/lib64/libascend_trace.so (0x0000ffff90580000)

ARTIFACT=/home/data4t2/lelinfeng/cann/server_runs/MULTIROW-PANEL-RMS-CHAMPION-X/V009/support/build/libmultirow_panel_rms_parent.so
9abf85e75a1662336b15754f005e0eebc4c696149b6b278173f4122f4931fb66  /home/data4t2/lelinfeng/cann/server_runs/MULTIROW-PANEL-RMS-CHAMPION-X/V009/support/build/libmultirow_panel_rms_parent.so
	linux-vdso.so.1 (0x0000ffff8b532000)
	libgcc_s.so.1 => /lib/aarch64-linux-gnu/libgcc_s.so.1 (0x0000ffff8b420000)
	libc.so.6 => /lib/aarch64-linux-gnu/libc.so.6 (0x0000ffff8b270000)
	/lib/ld-linux-aarch64.so.1 (0x0000ffff8b4f9000)
	libascendcl.so => /usr/local/Ascend/ascend-toolkit/8.5.0.alpha002/aarch64-linux/lib64/libascendcl.so (0x0000ffff8b050000)
	libruntime.so => /usr/local/Ascend/ascend-toolkit/8.5.0.alpha002/aarch64-linux/lib64/libruntime.so (0x0000ffff8af80000)
	liberror_manager.so => /usr/local/Ascend/ascend-toolkit/8.5.0.alpha002/aarch64-linux/lib64/liberror_manager.so (0x0000ffff8af00000)
	libprofapi.so => /usr/local/Ascend/ascend-toolkit/8.5.0.alpha002/aarch64-linux/lib64/libprofapi.so (0x0000ffff8aec0000)
	libascendalog.so => /usr/local/Ascend/ascend-toolkit/8.5.0.alpha002/aarch64-linux/lib64/libascendalog.so (0x0000ffff8ae70000)
	libmmpa.so => /usr/local/Ascend/ascend-toolkit/8.5.0.alpha002/aarch64-linux/lib64/libmmpa.so (0x0000ffff8ae40000)
	libascend_dump.so => /usr/local/Ascend/ascend-toolkit/8.5.0.alpha002/aarch64-linux/lib64/libascend_dump.so (0x0000ffff8ad00000)
	libc_sec.so => /usr/local/Ascend/ascend-toolkit/8.5.0.alpha002/aarch64-linux/lib64/libc_sec.so (0x0000ffff8acc0000)
	libstdc++.so.6 => /lib/aarch64-linux-gnu/libstdc++.so.6 (0x0000ffff8aa90000)
	libmsprofiler.so => /usr/local/Ascend/ascend-toolkit/8.5.0.alpha002/aarch64-linux/lib64/libmsprofiler.so (0x0000ffff8a6e0000)
	libgert.so => /usr/local/Ascend/ascend-toolkit/8.5.0.alpha002/aarch64-linux/lib64/libgert.so (0x0000ffff89e80000)
	libascendcl_impl.so => /usr/local/Ascend/ascend-toolkit/8.5.0.alpha002/aarch64-linux/lib64/libascendcl_impl.so (0x0000ffff89dc0000)
	librt.so.1 => /lib/aarch64-linux-gnu/librt.so.1 (0x0000ffff89da0000)
	libdl.so.2 => /lib/aarch64-linux-gnu/libdl.so.2 (0x0000ffff89d80000)
	libge_executor.so => /usr/local/Ascend/ascend-toolkit/8.5.0.alpha002/aarch64-linux/lib64/libge_executor.so (0x0000ffff89c70000)
	libgraph.so => /usr/local/Ascend/ascend-toolkit/8.5.0.alpha002/aarch64-linux/lib64/libgraph.so (0x0000ffff89a50000)
	libascend_watchdog.so => /usr/local/Ascend/ascend-toolkit/8.5.0.alpha002/aarch64-linux/lib64/libascend_watchdog.so (0x0000ffff89a20000)
	libascend_protobuf.so.3.13.0.0 => /usr/local/Ascend/ascend-toolkit/8.5.0.alpha002/aarch64-linux/lib64/libascend_protobuf.so.3.13.0.0 (0x0000ffff894f0000)
	libpthread.so.0 => /lib/aarch64-linux-gnu/libpthread.so.0 (0x0000ffff894d0000)
	libruntime_common.so => /usr/local/Ascend/ascend-toolkit/8.5.0.alpha002/aarch64-linux/lib64/libruntime_common.so (0x0000ffff89470000)
	libascend_hal.so => /usr/local/Ascend/driver/lib64/driver/libascend_hal.so (0x0000ffff89000000)
	libunified_dlog.so => /usr/local/Ascend/ascend-toolkit/8.5.0.alpha002/aarch64-linux/lib64/libunified_dlog.so (0x0000ffff88fb0000)
	libm.so.6 => /lib/aarch64-linux-gnu/libm.so.6 (0x0000ffff88f10000)
	libgraph_base.so => /usr/local/Ascend/ascend-toolkit/8.5.0.alpha002/aarch64-linux/lib64/libgraph_base.so (0x0000ffff88750000)
	libhybrid_executor.so => /usr/local/Ascend/ascend-toolkit/8.5.0.alpha002/aarch64-linux/lib64/libhybrid_executor.so (0x0000ffff882f0000)
	libdavinci_executor.so => /usr/local/Ascend/ascend-toolkit/8.5.0.alpha002/aarch64-linux/lib64/libdavinci_executor.so (0x0000ffff87e10000)
	libge_common.so => /usr/local/Ascend/ascend-toolkit/8.5.0.alpha002/aarch64-linux/lib64/libge_common.so (0x0000ffff87cd0000)
	libge_common_base.so => /usr/local/Ascend/ascend-toolkit/8.5.0.alpha002/aarch64-linux/lib64/libge_common_base.so (0x0000ffff87720000)
	libexe_graph.so => /usr/local/Ascend/ascend-toolkit/8.5.0.alpha002/aarch64-linux/lib64/libexe_graph.so (0x0000ffff876c0000)
	liblowering.so => /usr/local/Ascend/ascend-toolkit/8.5.0.alpha002/aarch64-linux/lib64/liblowering.so (0x0000ffff875d0000)
	libregister.so => /usr/local/Ascend/ascend-toolkit/8.5.0.alpha002/aarch64-linux/lib64/libregister.so (0x0000ffff86920000)
	libopp_registry.so => /usr/local/Ascend/ascend-toolkit/8.5.0.alpha002/aarch64-linux/lib64/libopp_registry.so (0x0000ffff86890000)
	libplatform.so => /usr/local/Ascend/ascend-toolkit/8.5.0.alpha002/aarch64-linux/lib64/libplatform.so (0x0000ffff86730000)
	libmetadef.so => /usr/local/Ascend/ascend-toolkit/8.5.0.alpha002/aarch64-linux/lib64/libmetadef.so (0x0000ffff865f0000)
	libascend_trace.so => /usr/local/Ascend/ascend-toolkit/8.5.0.alpha002/aarch64-linux/lib64/libascend_trace.so (0x0000ffff85bb0000)

ARTIFACT=/home/data4t2/lelinfeng/cann/server_runs/MULTIROW-PANEL-RMS-CHAMPION-X/V009/support/build/libmultirow_panel_rms_candidate.so
363ad922daefe47d235cdf714dc6411b0b46fb5c3df3d8a32d7ecb6d0e0b40a9  /home/data4t2/lelinfeng/cann/server_runs/MULTIROW-PANEL-RMS-CHAMPION-X/V009/support/build/libmultirow_panel_rms_candidate.so
	linux-vdso.so.1 (0x0000ffff8cab7000)
	libgcc_s.so.1 => /lib/aarch64-linux-gnu/libgcc_s.so.1 (0x0000ffff8c9b0000)
	libc.so.6 => /lib/aarch64-linux-gnu/libc.so.6 (0x0000ffff8c800000)
	/lib/ld-linux-aarch64.so.1 (0x0000ffff8ca7e000)
	libascendcl.so => /usr/local/Ascend/ascend-toolkit/8.5.0.alpha002/aarch64-linux/lib64/libascendcl.so (0x0000ffff8c5e0000)
	libruntime.so => /usr/local/Ascend/ascend-toolkit/8.5.0.alpha002/aarch64-linux/lib64/libruntime.so (0x0000ffff8c510000)
	liberror_manager.so => /usr/local/Ascend/ascend-toolkit/8.5.0.alpha002/aarch64-linux/lib64/liberror_manager.so (0x0000ffff8c490000)
	libprofapi.so => /usr/local/Ascend/ascend-toolkit/8.5.0.alpha002/aarch64-linux/lib64/libprofapi.so (0x0000ffff8c450000)
	libascendalog.so => /usr/local/Ascend/ascend-toolkit/8.5.0.alpha002/aarch64-linux/lib64/libascendalog.so (0x0000ffff8c400000)
	libmmpa.so => /usr/local/Ascend/ascend-toolkit/8.5.0.alpha002/aarch64-linux/lib64/libmmpa.so (0x0000ffff8c3d0000)
	libascend_dump.so => /usr/local/Ascend/ascend-toolkit/8.5.0.alpha002/aarch64-linux/lib64/libascend_dump.so (0x0000ffff8c290000)
	libc_sec.so => /usr/local/Ascend/ascend-toolkit/8.5.0.alpha002/aarch64-linux/lib64/libc_sec.so (0x0000ffff8c250000)
	libstdc++.so.6 => /lib/aarch64-linux-gnu/libstdc++.so.6 (0x0000ffff8c020000)
	libmsprofiler.so => /usr/local/Ascend/ascend-toolkit/8.5.0.alpha002/aarch64-linux/lib64/libmsprofiler.so (0x0000ffff8bc70000)
	libgert.so => /usr/local/Ascend/ascend-toolkit/8.5.0.alpha002/aarch64-linux/lib64/libgert.so (0x0000ffff8b410000)
	libascendcl_impl.so => /usr/local/Ascend/ascend-toolkit/8.5.0.alpha002/aarch64-linux/lib64/libascendcl_impl.so (0x0000ffff8b350000)
	librt.so.1 => /lib/aarch64-linux-gnu/librt.so.1 (0x0000ffff8b330000)
	libdl.so.2 => /lib/aarch64-linux-gnu/libdl.so.2 (0x0000ffff8b310000)
	libge_executor.so => /usr/local/Ascend/ascend-toolkit/8.5.0.alpha002/aarch64-linux/lib64/libge_executor.so (0x0000ffff8b200000)
	libgraph.so => /usr/local/Ascend/ascend-toolkit/8.5.0.alpha002/aarch64-linux/lib64/libgraph.so (0x0000ffff8afe0000)
	libascend_watchdog.so => /usr/local/Ascend/ascend-toolkit/8.5.0.alpha002/aarch64-linux/lib64/libascend_watchdog.so (0x0000ffff8afb0000)
	libascend_protobuf.so.3.13.0.0 => /usr/local/Ascend/ascend-toolkit/8.5.0.alpha002/aarch64-linux/lib64/libascend_protobuf.so.3.13.0.0 (0x0000ffff8aa80000)
	libpthread.so.0 => /lib/aarch64-linux-gnu/libpthread.so.0 (0x0000ffff8aa60000)
	libruntime_common.so => /usr/local/Ascend/ascend-toolkit/8.5.0.alpha002/aarch64-linux/lib64/libruntime_common.so (0x0000ffff8aa00000)
	libascend_hal.so => /usr/local/Ascend/driver/lib64/driver/libascend_hal.so (0x0000ffff8a590000)
	libunified_dlog.so => /usr/local/Ascend/ascend-toolkit/8.5.0.alpha002/aarch64-linux/lib64/libunified_dlog.so (0x0000ffff8a540000)
	libm.so.6 => /lib/aarch64-linux-gnu/libm.so.6 (0x0000ffff8a4a0000)
	libgraph_base.so => /usr/local/Ascend/ascend-toolkit/8.5.0.alpha002/aarch64-linux/lib64/libgraph_base.so (0x0000ffff89ce0000)
	libhybrid_executor.so => /usr/local/Ascend/ascend-toolkit/8.5.0.alpha002/aarch64-linux/lib64/libhybrid_executor.so (0x0000ffff89880000)
	libdavinci_executor.so => /usr/local/Ascend/ascend-toolkit/8.5.0.alpha002/aarch64-linux/lib64/libdavinci_executor.so (0x0000ffff893a0000)
	libge_common.so => /usr/local/Ascend/ascend-toolkit/8.5.0.alpha002/aarch64-linux/lib64/libge_common.so (0x0000ffff89260000)
	libge_common_base.so => /usr/local/Ascend/ascend-toolkit/8.5.0.alpha002/aarch64-linux/lib64/libge_common_base.so (0x0000ffff88cb0000)
	libexe_graph.so => /usr/local/Ascend/ascend-toolkit/8.5.0.alpha002/aarch64-linux/lib64/libexe_graph.so (0x0000ffff88c50000)
	liblowering.so => /usr/local/Ascend/ascend-toolkit/8.5.0.alpha002/aarch64-linux/lib64/liblowering.so (0x0000ffff88b60000)
	libregister.so => /usr/local/Ascend/ascend-toolkit/8.5.0.alpha002/aarch64-linux/lib64/libregister.so (0x0000ffff87eb0000)
	libopp_registry.so => /usr/local/Ascend/ascend-toolkit/8.5.0.alpha002/aarch64-linux/lib64/libopp_registry.so (0x0000ffff87e20000)
	libplatform.so => /usr/local/Ascend/ascend-toolkit/8.5.0.alpha002/aarch64-linux/lib64/libplatform.so (0x0000ffff87cc0000)
	libmetadef.so => /usr/local/Ascend/ascend-toolkit/8.5.0.alpha002/aarch64-linux/lib64/libmetadef.so (0x0000ffff87b80000)
	libascend_trace.so => /usr/local/Ascend/ascend-toolkit/8.5.0.alpha002/aarch64-linux/lib64/libascend_trace.so (0x0000ffff87140000)
