SNAPSHOT_UTC=2026-10-08T15:28:18.442341985Z

=== device 3 memory ===
	DDR Capacity(MB)               : 0
	DDR Clock Speed(MHz)           : 0
	HBM Capacity(MB)               : 65536
	HBM Clock Speed(MHz)           : 1600
	HBM Temperature(C)             : 27
	HBM Manufacturer ID            : 0x57

=== device 3 usages ===
	DDR Capacity(MB)               : 0
	DDR Usage Rate(%)              : 0
	DDR Hugepages Total(page)      : 0
	DDR Hugepages Usage Rate(%)    : 0
	HBM Capacity(MB)               : 65536
	HBM Usage Rate(%)              : 5
	Aicore Usage Rate(%)           : 0
	Aivector Usage Rate(%)         : 0
	Aicpu Usage Rate(%)            : 0
	Ctrlcpu Usage Rate(%)          : 6
	DDR Bandwidth Usage Rate(%)    : 0
	HBM Bandwidth Usage Rate(%)    : 0

=== device 3 processes ===
	No process in device.

=== host load ===
 15:28:20 up 243 days,  3:04, 36 users,  load average: 52.14, 57.74, 57.44

=== V065 runner processes ===
1450153 1833615 Ss         00:02 bash            /bin/bash -lc set -o pipefail; { date -u '+SNAPSHOT_UTC=%Y-%m-%dT%H:%M:%S.%NZ'; printf '\n=== device 3 memory ===\n'; npu-smi info -t memory -i 3 -c 0; printf '\n=== device 3 usages ===\n'; npu-smi info -t usages -i 3 -c 0; printf '\n=== device 3 processes ===\n'; npu-smi info -t proc-mem -i 3 -c 0; printf '\n=== host load ===\n'; uptime; printf '\n=== V065 runner processes ===\n'; ps -eo pid,ppid,stat,etime,comm,args | rg '[s]ync_barrier_elision_v065|[s]ync_barrier_elision_correctness' || true; printf '\n=== source/executable identities ===\n'; sha256sum 本地实验/SYNC-BARRIER-ELISION-X/V065/parent.asc 本地实验/SYNC-BARRIER-ELISION-X/V065/submission.asc /tmp/sync-v065-build/sync_barrier_elision_v065 /tmp/sync-v065-build/sync_barrier_elision_correctness; printf '\n=== runner labels ===\n'; runner_strings=$(strings /tmp/sync-v065-build/sync_barrier_elision_correctness); rg -q 'CANDIDATE_V065' <<< "$runner_strings" && rg -q 'PARENT_R31B_V011' <<< "$runner_strings" && rg -q 'revision=V065' <<< "$runner_strings" && rg -q '128x256' <<< "$runner_strings" && printf 'RUNNER_IDENTITY=PASS\n'; } 2>&1 | tee 本地实验/SYNC-BARRIER-ELISION-X/V065/logs/device3-v065-pre-correctness-snapshot.log
1450157 1450153 S          00:02 bash            /bin/bash -lc set -o pipefail; { date -u '+SNAPSHOT_UTC=%Y-%m-%dT%H:%M:%S.%NZ'; printf '\n=== device 3 memory ===\n'; npu-smi info -t memory -i 3 -c 0; printf '\n=== device 3 usages ===\n'; npu-smi info -t usages -i 3 -c 0; printf '\n=== device 3 processes ===\n'; npu-smi info -t proc-mem -i 3 -c 0; printf '\n=== host load ===\n'; uptime; printf '\n=== V065 runner processes ===\n'; ps -eo pid,ppid,stat,etime,comm,args | rg '[s]ync_barrier_elision_v065|[s]ync_barrier_elision_correctness' || true; printf '\n=== source/executable identities ===\n'; sha256sum 本地实验/SYNC-BARRIER-ELISION-X/V065/parent.asc 本地实验/SYNC-BARRIER-ELISION-X/V065/submission.asc /tmp/sync-v065-build/sync_barrier_elision_v065 /tmp/sync-v065-build/sync_barrier_elision_correctness; printf '\n=== runner labels ===\n'; runner_strings=$(strings /tmp/sync-v065-build/sync_barrier_elision_correctness); rg -q 'CANDIDATE_V065' <<< "$runner_strings" && rg -q 'PARENT_R31B_V011' <<< "$runner_strings" && rg -q 'revision=V065' <<< "$runner_strings" && rg -q '128x256' <<< "$runner_strings" && printf 'RUNNER_IDENTITY=PASS\n'; } 2>&1 | tee 本地实验/SYNC-BARRIER-ELISION-X/V065/logs/device3-v065-pre-correctness-snapshot.log

=== source/executable identities ===
a8c19a1972207acc67e3fb0cd393cc70b0a4b183d1eaf5610edf80c2879b15e3  本地实验/SYNC-BARRIER-ELISION-X/V065/parent.asc
7bd83702d84f8cfbaf6aa2fb2ebf909c3d9959b06f91b94a0d89adbfe4839f34  本地实验/SYNC-BARRIER-ELISION-X/V065/submission.asc
db79236f011bfcff8786d48503a6bab38b9acb2c1d615793b94e6efc64b752ec  /tmp/sync-v065-build/sync_barrier_elision_v065
adaf87cb09749833d2162229d807f79fb38a4254d25e96fb4451fe5e6df26802  /tmp/sync-v065-build/sync_barrier_elision_correctness

=== runner labels ===
RUNNER_IDENTITY=PASS
