POST_CAPTURE_SNAPSHOT_UTC=2026-10-08T15:36:42.562218337Z

=== DEVICE 3 PROCESS MEMORY ===
	NPU ID                         : 3
	Chip Count                     : 1

	No process in device.
	Chip ID                        : 0


=== DEVICE 3 USAGES ===
	NPU ID                         : 3
	Chip Count                     : 1

	DDR Capacity(MB)               : 0
	DDR Usage Rate(%)              : 0
	DDR Hugepages Total(page)      : 0
	DDR Hugepages Usage Rate(%)    : 0
	HBM Capacity(MB)               : 65536
	HBM Usage Rate(%)              : 5
	Aicore Usage Rate(%)           : 0
	Aivector Usage Rate(%)         : 0
	Aicpu Usage Rate(%)            : 0
	Ctrlcpu Usage Rate(%)          : 6
	DDR Bandwidth Usage Rate(%)    : 0
	HBM Bandwidth Usage Rate(%)    : 0
	Chip ID                        : 0


=== HOST LOAD / MEMORY ===
 15:36:43 up 243 days,  3:12, 36 users,  load average: 63.21, 51.66, 53.35
63.21 51.66 53.35 19/15182 1533579
               total        used        free      shared  buff/cache   available
Mem:           1.0Ti       143Gi       205Gi        50Gi       656Gi       805Gi
Swap:          8.0Gi       8.0Gi       0.0Ki

DEVICE_ASSIGNMENT_RELEASED=SYNC-BARRIER-ELISION-X V065
RELEASE_UTC=2026-10-08T15:36:43.762995519Z
