SNAPSHOT_UTC=2026-10-08T15:35:32.327277055Z

=== DEVICE 3 PROCESS MEMORY ===
	NPU ID                         : 3
	Chip Count                     : 1

	No process in device.
	Chip ID                        : 0


=== DEVICE 3 USAGES ===
	NPU ID                         : 3
	Chip Count                     : 1

	DDR Capacity(MB)               : 0
	DDR Usage Rate(%)              : 0
	DDR Hugepages Total(page)      : 0
	DDR Hugepages Usage Rate(%)    : 0
	HBM Capacity(MB)               : 65536
	HBM Usage Rate(%)              : 5
	Aicore Usage Rate(%)           : 0
	Aivector Usage Rate(%)         : 0
	Aicpu Usage Rate(%)            : 0
	Ctrlcpu Usage Rate(%)          : 4
	DDR Bandwidth Usage Rate(%)    : 0
	HBM Bandwidth Usage Rate(%)    : 0
	Chip ID                        : 0


=== HOST LOAD / MEMORY ===
 15:35:33 up 243 days,  3:11, 36 users,  load average: 53.04, 49.82, 53.05
53.04 49.82 53.05 21/15210 1522557
               total        used        free      shared  buff/cache   available
Mem:           1.0Ti       139Gi       209Gi        50Gi       656Gi       809Gi
Swap:          8.0Gi       8.0Gi       0.0Ki
