START_UTC=2026-10-08T15:36:00.340843998Z
COMMAND=/tmp/sync-v065-build/sync_barrier_elision_correctness 3 --local
ENV_SETUP_EXIT_CODE=0
LOCAL_SAMPLE case=fp16-128x256 pair=01 order=P,C parent_device_us=32.6800 candidate_device_us=35.0000 parent_gelem_s=1.002693 candidate_gelem_s=0.936229 parent_wall_us=183.8050 candidate_wall_us=108.3830 paired_delta_us=2.3200
LOCAL_SAMPLE case=fp16-128x256 pair=02 order=C,P parent_device_us=20.9200 candidate_device_us=32.1000 parent_gelem_s=1.566348 candidate_gelem_s=1.020810 parent_wall_us=83.4020 candidate_wall_us=88.0320 paired_delta_us=11.1800
LOCAL_SAMPLE case=fp16-128x256 pair=03 order=P,C parent_device_us=19.4800 candidate_device_us=21.8800 parent_gelem_s=1.682136 candidate_gelem_s=1.497623 parent_wall_us=79.3720 candidate_wall_us=76.8920 paired_delta_us=2.4000
LOCAL_SAMPLE case=fp16-128x256 pair=04 order=C,P parent_device_us=19.6200 candidate_device_us=23.9200 parent_gelem_s=1.670133 candidate_gelem_s=1.369900 parent_wall_us=81.9720 candidate_wall_us=82.2420 paired_delta_us=4.3000
LOCAL_SAMPLE case=fp16-128x256 pair=05 order=P,C parent_device_us=29.4400 candidate_device_us=24.9600 parent_gelem_s=1.113043 candidate_gelem_s=1.312821 parent_wall_us=81.0720 candidate_wall_us=74.0320 paired_delta_us=-4.4800
LOCAL_SAMPLE case=fp16-128x256 pair=06 order=C,P parent_device_us=21.8600 candidate_device_us=30.1400 parent_gelem_s=1.498994 candidate_gelem_s=1.087193 parent_wall_us=83.0120 candidate_wall_us=84.6420 paired_delta_us=8.2800
LOCAL_SAMPLE case=fp16-128x256 pair=07 order=P,C parent_device_us=20.7200 candidate_device_us=24.9200 parent_gelem_s=1.581467 candidate_gelem_s=1.314928 parent_wall_us=81.7110 candidate_wall_us=74.9720 paired_delta_us=4.2000
LOCAL_SAMPLE case=fp16-128x256 pair=08 order=C,P parent_device_us=31.3400 candidate_device_us=19.7800 parent_gelem_s=1.045565 candidate_gelem_s=1.656623 parent_wall_us=80.7320 candidate_wall_us=76.8920 paired_delta_us=-11.5600
LOCAL_SAMPLE case=fp16-128x256 pair=09 order=P,C parent_device_us=31.4400 candidate_device_us=29.0200 parent_gelem_s=1.042239 candidate_gelem_s=1.129152 parent_wall_us=88.2720 candidate_wall_us=79.7820 paired_delta_us=-2.4200
LOCAL_SAMPLE case=fp16-128x256 pair=10 order=C,P parent_device_us=18.9400 candidate_device_us=31.7000 parent_gelem_s=1.730095 candidate_gelem_s=1.033691 parent_wall_us=73.7520 candidate_wall_us=82.3810 paired_delta_us=12.7600
LOCAL_SAMPLE case=fp16-128x256 pair=11 order=P,C parent_device_us=30.8400 candidate_device_us=30.7200 parent_gelem_s=1.062516 candidate_gelem_s=1.066667 parent_wall_us=84.7220 candidate_wall_us=83.3220 paired_delta_us=-0.1200
LOCAL_SAMPLE case=fp16-128x256 pair=12 order=C,P parent_device_us=21.5400 candidate_device_us=20.5600 parent_gelem_s=1.521263 candidate_gelem_s=1.593774 parent_wall_us=75.0920 candidate_wall_us=73.5020 paired_delta_us=-0.9800
LOCAL_SAMPLE case=fp16-128x256 pair=13 order=P,C parent_device_us=20.2000 candidate_device_us=33.0000 parent_gelem_s=1.622178 candidate_gelem_s=0.992970 parent_wall_us=82.5920 candidate_wall_us=88.0820 paired_delta_us=12.8000
LOCAL_SAMPLE case=fp16-128x256 pair=14 order=C,P parent_device_us=7.5000 candidate_device_us=7.2200 parent_gelem_s=4.369067 candidate_gelem_s=4.538504 parent_wall_us=69.2020 candidate_wall_us=72.0620 paired_delta_us=-0.2800
LOCAL_SAMPLE case=fp16-128x256 pair=15 order=P,C parent_device_us=32.9400 candidate_device_us=20.0200 parent_gelem_s=0.994778 candidate_gelem_s=1.636763 parent_wall_us=85.2520 candidate_wall_us=78.4220 paired_delta_us=-12.9200
LOCAL_SAMPLE case=fp16-128x256 pair=16 order=C,P parent_device_us=29.2400 candidate_device_us=29.2200 parent_gelem_s=1.120657 candidate_gelem_s=1.121424 parent_wall_us=84.5920 candidate_wall_us=98.1530 paired_delta_us=-0.0200
LOCAL_SAMPLE case=fp16-128x256 pair=17 order=P,C parent_device_us=24.0600 candidate_device_us=8.3800 parent_gelem_s=1.361929 candidate_gelem_s=3.910263 parent_wall_us=78.7310 candidate_wall_us=86.6320 paired_delta_us=-15.6800
LOCAL_SAMPLE case=fp16-128x256 pair=18 order=C,P parent_device_us=18.8000 candidate_device_us=29.7600 parent_gelem_s=1.742979 candidate_gelem_s=1.101075 parent_wall_us=92.7020 candidate_wall_us=82.8020 paired_delta_us=10.9600
LOCAL_SAMPLE case=fp16-128x256 pair=19 order=P,C parent_device_us=21.8600 candidate_device_us=18.3800 parent_gelem_s=1.498994 candidate_gelem_s=1.782807 parent_wall_us=82.1220 candidate_wall_us=76.5820 paired_delta_us=-3.4800
LOCAL_SAMPLE case=fp16-128x256 pair=20 order=C,P parent_device_us=30.9200 candidate_device_us=20.0800 parent_gelem_s=1.059767 candidate_gelem_s=1.631872 parent_wall_us=93.4320 candidate_wall_us=95.5820 paired_delta_us=-10.8400
LOCAL_SAMPLE case=fp16-128x256 pair=21 order=P,C parent_device_us=31.5800 candidate_device_us=20.6200 parent_gelem_s=1.037619 candidate_gelem_s=1.589137 parent_wall_us=88.4930 candidate_wall_us=89.9320 paired_delta_us=-10.9600
LOCAL_SAMPLE case=fp16-128x256 pair=22 order=C,P parent_device_us=29.6400 candidate_device_us=18.3200 parent_gelem_s=1.105533 candidate_gelem_s=1.788646 parent_wall_us=91.9920 candidate_wall_us=76.3310 paired_delta_us=-11.3200
LOCAL_SAMPLE case=fp16-128x256 pair=23 order=P,C parent_device_us=19.6600 candidate_device_us=35.0400 parent_gelem_s=1.666735 candidate_gelem_s=0.935160 parent_wall_us=75.2110 candidate_wall_us=87.4920 paired_delta_us=15.3800
LOCAL_SAMPLE case=fp16-128x256 pair=24 order=C,P parent_device_us=22.5400 candidate_device_us=33.5000 parent_gelem_s=1.453771 candidate_gelem_s=0.978149 parent_wall_us=78.0620 candidate_wall_us=88.7320 paired_delta_us=10.9600
LOCAL_SAMPLE case=fp16-128x256 pair=25 order=P,C parent_device_us=16.2400 candidate_device_us=20.3000 parent_gelem_s=2.017734 candidate_gelem_s=1.614187 parent_wall_us=76.9120 candidate_wall_us=82.5520 paired_delta_us=4.0600
LOCAL_SAMPLE case=fp16-128x256 pair=26 order=C,P parent_device_us=23.0000 candidate_device_us=21.9600 parent_gelem_s=1.424696 candidate_gelem_s=1.492168 parent_wall_us=78.0020 candidate_wall_us=77.9320 paired_delta_us=-1.0400
LOCAL_SAMPLE case=fp16-128x256 pair=27 order=P,C parent_device_us=20.9000 candidate_device_us=26.1000 parent_gelem_s=1.567847 candidate_gelem_s=1.255479 parent_wall_us=79.1520 candidate_wall_us=85.2620 paired_delta_us=5.2000
LOCAL_SAMPLE case=fp16-128x256 pair=28 order=C,P parent_device_us=32.3200 candidate_device_us=22.6200 parent_gelem_s=1.013861 candidate_gelem_s=1.448630 parent_wall_us=87.8130 candidate_wall_us=75.9820 paired_delta_us=-9.7000
LOCAL_SAMPLE case=fp16-128x256 pair=29 order=P,C parent_device_us=23.7400 candidate_device_us=36.5000 parent_gelem_s=1.380286 candidate_gelem_s=0.897753 parent_wall_us=78.3220 candidate_wall_us=90.4020 paired_delta_us=12.7600
LOCAL_SAMPLE case=fp16-128x256 pair=30 order=C,P parent_device_us=23.6800 candidate_device_us=35.3600 parent_gelem_s=1.383784 candidate_gelem_s=0.926697 parent_wall_us=77.9220 candidate_wall_us=88.6820 paired_delta_us=11.6800
LOCAL_SAMPLE case=fp16-128x256 pair=31 order=P,C parent_device_us=34.3600 candidate_device_us=18.7800 parent_gelem_s=0.953667 candidate_gelem_s=1.744835 parent_wall_us=82.8920 candidate_wall_us=81.1220 paired_delta_us=-15.5800
LOCAL_STATS case=fp16-128x256 metric=device_us binary=PARENT_R31B_V011 n=31 median=23.0000 mean=24.5806 stdev=6.2662 cv=0.25492 min=7.5000 max=34.3600 mad=4.0600 p10=18.9400 p90=32.3200
LOCAL_STATS case=fp16-128x256 metric=device_us binary=CANDIDATE_V065 n=31 median=24.9200 mean=25.1568 stdev=7.4626 cv=0.29664 min=7.2200 max=36.5000 mad=5.1400 p10=18.3800 p90=35.0000
LOCAL_STATS case=fp16-128x256 metric=wall_us binary=PARENT_R31B_V011 n=31 median=81.9720 mean=85.1714 stdev=19.1338 cv=0.22465 min=69.2020 max=183.8050 mad=3.6500 p10=75.2110 p90=91.9920
LOCAL_STATS case=fp16-128x256 metric=wall_us binary=CANDIDATE_V065 n=31 median=82.5520 mean=83.4778 stdev=7.9824 cv=0.09562 min=72.0620 max=108.3830 mad=5.6600 p10=74.9720 p90=90.4020
LOCAL_STATS case=fp16-128x256 metric=gelem_s binary=PARENT_R31B_V011 n=31 median=1.4247 mean=1.4610 stdev=0.6122 cv=0.41898 min=0.9537 max=4.3691 mad=0.3040 p10=1.0139 p90=1.7301
LOCAL_STATS case=fp16-128x256 metric=gelem_s binary=CANDIDATE_V065 n=31 median=1.3149 mean=1.4970 stdev=0.7875 cv=0.52609 min=0.8978 max=4.5385 mad=0.2941 p10=0.9362 p90=1.7828
LOCAL_STATS case=fp16-128x256 metric=paired_delta_us binary=CANDIDATE_MINUS_PARENT n=31 median=-0.0200 mean=0.5761 stdev=9.4268 cv=16.36229 min=-15.6800 max=15.3800 mad=9.6800 p10=-11.5600 p90=12.7600
LOCAL_RESULT route=SYNC-BARRIER-ELISION-X revision=V065 device=3 shape=128x256 dtype=fp16 samples=31 parent_median_us=23.0000 candidate_median_us=24.9200 parent_median_gelem_s=1.424696 candidate_median_gelem_s=1.314928 local_delta_us=-0.0200 local_score_percent=0.086953 candidate_minus_parent_percent=-0.086953
RUNNER_EXIT_CODE=0
END_UTC=2026-10-08T15:36:07.374876335Z
