START_UTC=2026-10-08T15:33:55.919695451Z
COMMAND=/tmp/sync-v065-build/sync_barrier_elision_correctness 3 --same-candidate
ENV_SETUP_EXIT_CODE=0
SAME_BINARY_SAMPLE binary=CANDIDATE_V065 case=fp16-128x256 pair=01 order=A,B first_device_us=28.3200 second_device_us=23.4000 first_gelem_s=1.157062 second_gelem_s=1.400342 first_wall_us=168.7700 second_wall_us=84.7700 second_minus_first_us=-4.9200
SAME_BINARY_SAMPLE binary=CANDIDATE_V065 case=fp16-128x256 pair=02 order=B,A first_device_us=7.6800 second_device_us=7.6600 first_gelem_s=4.266667 second_gelem_s=4.277807 first_wall_us=79.9300 second_wall_us=63.8500 second_minus_first_us=-0.0200
SAME_BINARY_SAMPLE binary=CANDIDATE_V065 case=fp16-128x256 pair=03 order=A,B first_device_us=7.7400 second_device_us=7.7200 first_gelem_s=4.233592 second_gelem_s=4.244560 first_wall_us=84.9700 second_wall_us=73.2600 second_minus_first_us=-0.0200
SAME_BINARY_SAMPLE binary=CANDIDATE_V065 case=fp16-128x256 pair=04 order=B,A first_device_us=23.4000 second_device_us=7.4600 first_gelem_s=1.400342 second_gelem_s=4.392493 first_wall_us=72.2300 second_wall_us=82.3400 second_minus_first_us=-15.9400
SAME_BINARY_SAMPLE binary=CANDIDATE_V065 case=fp16-128x256 pair=05 order=A,B first_device_us=26.0800 second_device_us=7.6400 first_gelem_s=1.256442 second_gelem_s=4.289005 first_wall_us=82.0100 second_wall_us=80.3600 second_minus_first_us=-18.4400
SAME_BINARY_SAMPLE binary=CANDIDATE_V065 case=fp16-128x256 pair=06 order=B,A first_device_us=7.7200 second_device_us=7.1000 first_gelem_s=4.244560 second_gelem_s=4.615211 first_wall_us=69.4200 second_wall_us=75.4300 second_minus_first_us=-0.6200
SAME_BINARY_SAMPLE binary=CANDIDATE_V065 case=fp16-128x256 pair=07 order=A,B first_device_us=21.5600 second_device_us=7.7400 first_gelem_s=1.519852 second_gelem_s=4.233592 first_wall_us=69.1400 second_wall_us=68.6900 second_minus_first_us=-13.8200
SAME_BINARY_SAMPLE binary=CANDIDATE_V065 case=fp16-128x256 pair=08 order=B,A first_device_us=8.8600 second_device_us=7.4200 first_gelem_s=3.698420 second_gelem_s=4.416172 first_wall_us=71.3700 second_wall_us=83.3100 second_minus_first_us=-1.4400
SAME_BINARY_SAMPLE binary=CANDIDATE_V065 case=fp16-128x256 pair=09 order=A,B first_device_us=7.4000 second_device_us=7.3000 first_gelem_s=4.428108 second_gelem_s=4.488767 first_wall_us=68.8600 second_wall_us=81.3000 second_minus_first_us=-0.1000
SAME_BINARY_SAMPLE binary=CANDIDATE_V065 case=fp16-128x256 pair=10 order=B,A first_device_us=7.3600 second_device_us=7.2200 first_gelem_s=4.452174 second_gelem_s=4.538504 first_wall_us=68.9900 second_wall_us=71.6500 second_minus_first_us=-0.1400
SAME_BINARY_SAMPLE binary=CANDIDATE_V065 case=fp16-128x256 pair=11 order=A,B first_device_us=19.8400 second_device_us=7.0600 first_gelem_s=1.651613 second_gelem_s=4.641360 first_wall_us=72.0400 second_wall_us=72.1700 second_minus_first_us=-12.7800
SAME_BINARY_SAMPLE binary=CANDIDATE_V065 case=fp16-128x256 pair=12 order=B,A first_device_us=6.7800 second_device_us=6.9400 first_gelem_s=4.833038 second_gelem_s=4.721614 first_wall_us=82.0300 second_wall_us=69.7500 second_minus_first_us=0.1600
SAME_BINARY_SAMPLE binary=CANDIDATE_V065 case=fp16-128x256 pair=13 order=A,B first_device_us=6.9000 second_device_us=6.9400 first_gelem_s=4.748986 second_gelem_s=4.721614 first_wall_us=76.7700 second_wall_us=71.2910 second_minus_first_us=0.0400
SAME_BINARY_SAMPLE binary=CANDIDATE_V065 case=fp16-128x256 pair=14 order=B,A first_device_us=7.0600 second_device_us=6.8800 first_gelem_s=4.641360 second_gelem_s=4.762791 first_wall_us=70.8600 second_wall_us=70.1300 second_minus_first_us=-0.1800
SAME_BINARY_SAMPLE binary=CANDIDATE_V065 case=fp16-128x256 pair=15 order=A,B first_device_us=7.6400 second_device_us=7.5800 first_gelem_s=4.289005 second_gelem_s=4.322955 first_wall_us=72.9700 second_wall_us=67.2500 second_minus_first_us=-0.0600
SAME_BINARY_SAMPLE binary=CANDIDATE_V065 case=fp16-128x256 pair=16 order=B,A first_device_us=18.2400 second_device_us=7.3000 first_gelem_s=1.796491 second_gelem_s=4.488767 first_wall_us=72.3300 second_wall_us=71.3700 second_minus_first_us=-10.9400
SAME_BINARY_SAMPLE binary=CANDIDATE_V065 case=fp16-128x256 pair=17 order=A,B first_device_us=7.2600 second_device_us=15.8200 first_gelem_s=4.513499 second_gelem_s=2.071302 first_wall_us=82.4200 second_wall_us=66.2400 second_minus_first_us=8.5600
SAME_BINARY_SAMPLE binary=CANDIDATE_V065 case=fp16-128x256 pair=18 order=B,A first_device_us=7.6400 second_device_us=7.1400 first_gelem_s=4.289005 second_gelem_s=4.589356 first_wall_us=70.4200 second_wall_us=74.2500 second_minus_first_us=-0.5000
SAME_BINARY_SAMPLE binary=CANDIDATE_V065 case=fp16-128x256 pair=19 order=A,B first_device_us=7.0600 second_device_us=7.4200 first_gelem_s=4.641360 second_gelem_s=4.416172 first_wall_us=70.2200 second_wall_us=76.0900 second_minus_first_us=0.3600
SAME_BINARY_SAMPLE binary=CANDIDATE_V065 case=fp16-128x256 pair=20 order=B,A first_device_us=7.7800 second_device_us=7.2600 first_gelem_s=4.211825 second_gelem_s=4.513499 first_wall_us=71.3600 second_wall_us=81.1300 second_minus_first_us=-0.5200
SAME_BINARY_SAMPLE binary=CANDIDATE_V065 case=fp16-128x256 pair=21 order=A,B first_device_us=7.5800 second_device_us=7.0800 first_gelem_s=4.322955 second_gelem_s=4.628249 first_wall_us=70.0900 second_wall_us=72.4900 second_minus_first_us=-0.5000
SAME_BINARY_SAMPLE binary=CANDIDATE_V065 case=fp16-128x256 pair=22 order=B,A first_device_us=7.2200 second_device_us=21.0000 first_gelem_s=4.538504 second_gelem_s=1.560381 first_wall_us=73.3700 second_wall_us=70.2700 second_minus_first_us=13.7800
SAME_BINARY_SAMPLE binary=CANDIDATE_V065 case=fp16-128x256 pair=23 order=A,B first_device_us=8.3400 second_device_us=21.8600 first_gelem_s=3.929017 second_gelem_s=1.498994 first_wall_us=69.6100 second_wall_us=71.4200 second_minus_first_us=13.5200
SAME_BINARY_SAMPLE binary=CANDIDATE_V065 case=fp16-128x256 pair=24 order=B,A first_device_us=7.4200 second_device_us=26.3800 first_gelem_s=4.416172 second_gelem_s=1.242153 first_wall_us=82.3000 second_wall_us=79.6100 second_minus_first_us=18.9600
SAME_BINARY_SAMPLE binary=CANDIDATE_V065 case=fp16-128x256 pair=25 order=A,B first_device_us=24.7000 second_device_us=7.3400 first_gelem_s=1.326640 second_gelem_s=4.464305 first_wall_us=79.7000 second_wall_us=69.3900 second_minus_first_us=-17.3600
SAME_BINARY_SAMPLE binary=CANDIDATE_V065 case=fp16-128x256 pair=26 order=B,A first_device_us=7.7000 second_device_us=8.3400 first_gelem_s=4.255584 second_gelem_s=3.929017 first_wall_us=73.1400 second_wall_us=71.7100 second_minus_first_us=0.6400
SAME_BINARY_SAMPLE binary=CANDIDATE_V065 case=fp16-128x256 pair=27 order=A,B first_device_us=8.8400 second_device_us=8.8200 first_gelem_s=3.706787 second_gelem_s=3.715193 first_wall_us=71.8400 second_wall_us=71.5900 second_minus_first_us=-0.0200
SAME_BINARY_SAMPLE binary=CANDIDATE_V065 case=fp16-128x256 pair=28 order=B,A first_device_us=7.3200 second_device_us=6.7800 first_gelem_s=4.476503 second_gelem_s=4.833038 first_wall_us=68.0500 second_wall_us=70.8300 second_minus_first_us=-0.5400
SAME_BINARY_SAMPLE binary=CANDIDATE_V065 case=fp16-128x256 pair=29 order=A,B first_device_us=7.8000 second_device_us=21.8600 first_gelem_s=4.201026 second_gelem_s=1.498994 first_wall_us=79.7400 second_wall_us=70.3800 second_minus_first_us=14.0600
SAME_BINARY_SAMPLE binary=CANDIDATE_V065 case=fp16-128x256 pair=30 order=B,A first_device_us=7.0400 second_device_us=7.3800 first_gelem_s=4.654545 second_gelem_s=4.440108 first_wall_us=71.9100 second_wall_us=87.1700 second_minus_first_us=0.3400
SAME_BINARY_SAMPLE binary=CANDIDATE_V065 case=fp16-128x256 pair=31 order=A,B first_device_us=8.4600 second_device_us=24.4400 first_gelem_s=3.873286 second_gelem_s=1.340753 first_wall_us=81.8000 second_wall_us=79.3900 second_minus_first_us=15.9800
LOCAL_STATS case=CANDIDATE_V065 metric=device_us binary=same_binary_first n=31 median=7.7000 mean=11.1206 stdev=6.8157 cv=0.61289 min=6.7800 max=28.3200 mad=0.6400 p10=7.0600 p90=23.4000
LOCAL_STATS case=CANDIDATE_V065 metric=device_us binary=same_binary_second n=31 median=7.4200 mean=10.7187 stdev=6.4395 cv=0.60077 min=6.7800 max=26.3800 mad=0.3200 p10=6.9400 p90=21.8600
LOCAL_STATS case=CANDIDATE_V065 metric=paired_delta_us binary=same_binary_second_minus_first n=31 median=-0.1000 mean=-0.4019 stdev=9.4011 cv=-23.38965 min=-18.4400 max=18.9600 mad=0.5200 p10=-13.8200 p90=13.7800
LOCAL_STATS case=CANDIDATE_V065 metric=gelem_s binary=same_binary_first n=31 median=4.2556 mean=3.6766 stdev=1.2576 cv=0.34206 min=1.1571 max=4.8330 mad=0.3266 p10=1.4003 p90=4.6414
LOCAL_STATS case=CANDIDATE_V065 metric=gelem_s binary=same_binary_second n=31 median=4.4162 mean=3.7838 stdev=1.2705 cv=0.33577 min=1.2422 max=4.8330 mad=0.1990 p10=1.4990 p90=4.7216
LOCAL_STATS case=CANDIDATE_V065 metric=wall_us binary=same_binary_first n=31 median=72.2300 mean=77.3761 stdev=17.7236 cv=0.22906 min=68.0500 max=168.7700 mad=2.8100 p10=69.1400 p90=82.3000
LOCAL_STATS case=CANDIDATE_V065 metric=wall_us binary=same_binary_second n=31 median=71.7100 mean=74.1575 stdev=5.8552 cv=0.07896 min=63.8500 max=87.1700 mad=2.5400 p10=68.6900 p90=82.3400
SAME_BINARY_QUALIFICATION binary=CANDIDATE_V065 case=fp16-128x256 samples=31 first_mad_over_median=0.083117 second_mad_over_median=0.043127 median_drift_fraction=0.037037
SAME_BINARY_SUMMARY binary=CANDIDATE_V065 device=3 shape=128x256 dtype=fp16 samples=31
RUNNER_EXIT_CODE=0
END_UTC=2026-10-08T15:34:02.479743450Z
