START_UTC=2026-10-08T15:33:14.299570311Z
COMMAND=/tmp/sync-v065-build/sync_barrier_elision_correctness 3 --same-parent
ENV_SETUP_EXIT_CODE=0
SAME_BINARY_SAMPLE binary=PARENT_R31B_V011 case=fp16-128x256 pair=01 order=A,B first_device_us=29.3400 second_device_us=52.9000 first_gelem_s=1.116837 second_gelem_s=0.619433 first_wall_us=166.1300 second_wall_us=126.5400 second_minus_first_us=23.5600
SAME_BINARY_SAMPLE binary=PARENT_R31B_V011 case=fp16-128x256 pair=02 order=B,A first_device_us=26.6400 second_device_us=26.5600 first_gelem_s=1.230030 second_gelem_s=1.233735 first_wall_us=86.7200 second_wall_us=78.4700 second_minus_first_us=-0.0800
SAME_BINARY_SAMPLE binary=PARENT_R31B_V011 case=fp16-128x256 pair=03 order=A,B first_device_us=19.0600 second_device_us=26.2600 first_gelem_s=1.719202 second_gelem_s=1.247829 first_wall_us=75.5600 second_wall_us=88.3400 second_minus_first_us=7.2000
SAME_BINARY_SAMPLE binary=PARENT_R31B_V011 case=fp16-128x256 pair=04 order=B,A first_device_us=27.5600 second_device_us=24.8400 first_gelem_s=1.188970 second_gelem_s=1.319163 first_wall_us=78.1900 second_wall_us=87.6400 second_minus_first_us=-2.7200
SAME_BINARY_SAMPLE binary=PARENT_R31B_V011 case=fp16-128x256 pair=05 order=A,B first_device_us=28.4600 second_device_us=8.1800 first_gelem_s=1.151370 second_gelem_s=4.005868 first_wall_us=88.7500 second_wall_us=69.0400 second_minus_first_us=-20.2800
SAME_BINARY_SAMPLE binary=PARENT_R31B_V011 case=fp16-128x256 pair=06 order=B,A first_device_us=22.5200 second_device_us=26.3400 first_gelem_s=1.455062 second_gelem_s=1.244039 first_wall_us=73.0600 second_wall_us=74.1600 second_minus_first_us=3.8200
SAME_BINARY_SAMPLE binary=PARENT_R31B_V011 case=fp16-128x256 pair=07 order=A,B first_device_us=18.2400 second_device_us=30.5200 first_gelem_s=1.796491 second_gelem_s=1.073657 first_wall_us=73.9300 second_wall_us=80.9100 second_minus_first_us=12.2800
SAME_BINARY_SAMPLE binary=PARENT_R31B_V011 case=fp16-128x256 pair=08 order=B,A first_device_us=25.0800 second_device_us=7.9600 first_gelem_s=1.306539 second_gelem_s=4.116583 first_wall_us=76.7600 second_wall_us=70.9900 second_minus_first_us=-17.1200
SAME_BINARY_SAMPLE binary=PARENT_R31B_V011 case=fp16-128x256 pair=09 order=A,B first_device_us=21.7800 second_device_us=19.3600 first_gelem_s=1.504500 second_gelem_s=1.692562 first_wall_us=75.3700 second_wall_us=71.9900 second_minus_first_us=-2.4200
SAME_BINARY_SAMPLE binary=PARENT_R31B_V011 case=fp16-128x256 pair=10 order=B,A first_device_us=22.9800 second_device_us=7.7400 first_gelem_s=1.425936 second_gelem_s=4.233592 first_wall_us=81.9700 second_wall_us=67.1800 second_minus_first_us=-15.2400
SAME_BINARY_SAMPLE binary=PARENT_R31B_V011 case=fp16-128x256 pair=11 order=A,B first_device_us=23.3200 second_device_us=30.9200 first_gelem_s=1.405146 second_gelem_s=1.059767 first_wall_us=79.5300 second_wall_us=84.0700 second_minus_first_us=7.6000
SAME_BINARY_SAMPLE binary=PARENT_R31B_V011 case=fp16-128x256 pair=12 order=B,A first_device_us=24.3000 second_device_us=21.1200 first_gelem_s=1.348477 second_gelem_s=1.551515 first_wall_us=81.0500 second_wall_us=79.9400 second_minus_first_us=-3.1800
SAME_BINARY_SAMPLE binary=PARENT_R31B_V011 case=fp16-128x256 pair=13 order=A,B first_device_us=28.7000 second_device_us=7.1200 first_gelem_s=1.141742 second_gelem_s=4.602247 first_wall_us=78.8400 second_wall_us=70.8500 second_minus_first_us=-21.5800
SAME_BINARY_SAMPLE binary=PARENT_R31B_V011 case=fp16-128x256 pair=14 order=B,A first_device_us=30.4800 second_device_us=19.5400 first_gelem_s=1.075066 second_gelem_s=1.676970 first_wall_us=87.1600 second_wall_us=78.6600 second_minus_first_us=-10.9400
SAME_BINARY_SAMPLE binary=PARENT_R31B_V011 case=fp16-128x256 pair=15 order=A,B first_device_us=32.4400 second_device_us=23.9200 first_gelem_s=1.010111 second_gelem_s=1.369900 first_wall_us=80.0200 second_wall_us=88.3000 second_minus_first_us=-8.5200
SAME_BINARY_SAMPLE binary=PARENT_R31B_V011 case=fp16-128x256 pair=16 order=B,A first_device_us=30.4800 second_device_us=22.3000 first_gelem_s=1.075066 second_gelem_s=1.469417 first_wall_us=86.6400 second_wall_us=76.4100 second_minus_first_us=-8.1800
SAME_BINARY_SAMPLE binary=PARENT_R31B_V011 case=fp16-128x256 pair=17 order=A,B first_device_us=35.4400 second_device_us=30.0400 first_gelem_s=0.924605 second_gelem_s=1.090812 first_wall_us=86.8100 second_wall_us=97.0200 second_minus_first_us=-5.4000
SAME_BINARY_SAMPLE binary=PARENT_R31B_V011 case=fp16-128x256 pair=18 order=B,A first_device_us=27.1200 second_device_us=23.8600 first_gelem_s=1.208260 second_gelem_s=1.373345 first_wall_us=92.4500 second_wall_us=81.8400 second_minus_first_us=-3.2600
SAME_BINARY_SAMPLE binary=PARENT_R31B_V011 case=fp16-128x256 pair=19 order=A,B first_device_us=26.0200 second_device_us=7.5600 first_gelem_s=1.259339 second_gelem_s=4.334392 first_wall_us=88.5000 second_wall_us=68.9800 second_minus_first_us=-18.4600
SAME_BINARY_SAMPLE binary=PARENT_R31B_V011 case=fp16-128x256 pair=20 order=B,A first_device_us=27.2000 second_device_us=20.9000 first_gelem_s=1.204706 second_gelem_s=1.567847 first_wall_us=83.9200 second_wall_us=73.8900 second_minus_first_us=-6.3000
SAME_BINARY_SAMPLE binary=PARENT_R31B_V011 case=fp16-128x256 pair=21 order=A,B first_device_us=44.4800 second_device_us=48.9800 first_gelem_s=0.736691 second_gelem_s=0.669008 first_wall_us=93.2300 second_wall_us=100.0800 second_minus_first_us=4.5000
SAME_BINARY_SAMPLE binary=PARENT_R31B_V011 case=fp16-128x256 pair=22 order=B,A first_device_us=27.6000 second_device_us=17.3200 first_gelem_s=1.187246 second_gelem_s=1.891917 first_wall_us=86.6800 second_wall_us=74.1400 second_minus_first_us=-10.2800
SAME_BINARY_SAMPLE binary=PARENT_R31B_V011 case=fp16-128x256 pair=23 order=A,B first_device_us=27.2600 second_device_us=32.0200 first_gelem_s=1.202054 second_gelem_s=1.023360 first_wall_us=82.5000 second_wall_us=82.4700 second_minus_first_us=4.7600
SAME_BINARY_SAMPLE binary=PARENT_R31B_V011 case=fp16-128x256 pair=24 order=B,A first_device_us=20.6800 second_device_us=26.3000 first_gelem_s=1.584526 second_gelem_s=1.245932 first_wall_us=90.3400 second_wall_us=80.1800 second_minus_first_us=5.6200
SAME_BINARY_SAMPLE binary=PARENT_R31B_V011 case=fp16-128x256 pair=25 order=A,B first_device_us=22.5400 second_device_us=17.6600 first_gelem_s=1.453771 second_gelem_s=1.855493 first_wall_us=75.0600 second_wall_us=74.9200 second_minus_first_us=-4.8800
SAME_BINARY_SAMPLE binary=PARENT_R31B_V011 case=fp16-128x256 pair=26 order=B,A first_device_us=33.9800 second_device_us=25.3800 first_gelem_s=0.964332 second_gelem_s=1.291095 first_wall_us=83.3700 second_wall_us=75.0400 second_minus_first_us=-8.6000
SAME_BINARY_SAMPLE binary=PARENT_R31B_V011 case=fp16-128x256 pair=27 order=A,B first_device_us=37.4800 second_device_us=19.9200 first_gelem_s=0.874280 second_gelem_s=1.644980 first_wall_us=87.2900 second_wall_us=75.0900 second_minus_first_us=-17.5600
SAME_BINARY_SAMPLE binary=PARENT_R31B_V011 case=fp16-128x256 pair=28 order=B,A first_device_us=32.6200 second_device_us=20.8000 first_gelem_s=1.004537 second_gelem_s=1.575385 first_wall_us=89.0700 second_wall_us=74.8200 second_minus_first_us=-11.8200
SAME_BINARY_SAMPLE binary=PARENT_R31B_V011 case=fp16-128x256 pair=29 order=A,B first_device_us=32.4800 second_device_us=33.8200 first_gelem_s=1.008867 second_gelem_s=0.968894 first_wall_us=84.2700 second_wall_us=81.5200 second_minus_first_us=1.3400
SAME_BINARY_SAMPLE binary=PARENT_R31B_V011 case=fp16-128x256 pair=30 order=B,A first_device_us=8.0400 second_device_us=33.5200 first_gelem_s=4.075622 second_gelem_s=0.977566 first_wall_us=69.2800 second_wall_us=82.0000 second_minus_first_us=25.4800
SAME_BINARY_SAMPLE binary=PARENT_R31B_V011 case=fp16-128x256 pair=31 order=A,B first_device_us=23.6000 second_device_us=21.4000 first_gelem_s=1.388475 second_gelem_s=1.531215 first_wall_us=80.8300 second_wall_us=72.3500 second_minus_first_us=-2.2000
LOCAL_STATS case=PARENT_R31B_V011 metric=device_us binary=same_binary_first n=31 median=27.2000 mean=27.0297 stdev=6.6377 cv=0.24557 min=8.0400 max=44.4800 mad=3.8800 p10=20.6800 p90=33.9800
LOCAL_STATS case=PARENT_R31B_V011 metric=device_us binary=same_binary_second n=31 median=23.8600 mean=23.7116 stdev=10.5953 cv=0.44684 min=7.1200 max=52.9000 mad=4.5000 p10=7.9600 p90=33.5200
LOCAL_STATS case=PARENT_R31B_V011 metric=paired_delta_us binary=same_binary_second_minus_first n=31 median=-3.2600 mean=-3.3181 stdev=11.5120 cv=-3.46949 min=-21.5800 max=25.4800 mad=7.6800 p10=-17.5600 p90=7.6000
LOCAL_STATS case=PARENT_R31B_V011 metric=gelem_s binary=same_binary_first n=31 median=1.2047 mean=1.3235 stdev=0.5647 cv=0.42666 min=0.7367 max=4.0756 mad=0.1946 p10=0.9643 p90=1.5845
LOCAL_STATS case=PARENT_R31B_V011 metric=gelem_s binary=same_binary_second n=31 median=1.3733 mean=1.7922 stdev=1.1425 cv=0.63749 min=0.6194 max=4.6022 mad=0.2997 p10=0.9776 p90=4.1166
LOCAL_STATS case=PARENT_R31B_V011 metric=wall_us binary=same_binary_first n=31 median=83.3700 mean=85.2671 stdev=16.1748 cv=0.18970 min=69.2800 max=166.1300 mad=4.5300 p10=75.0600 p90=90.3400
LOCAL_STATS case=PARENT_R31B_V011 metric=wall_us binary=same_binary_second n=31 median=78.4700 mean=80.2526 stdev=11.5536 cv=0.14397 min=67.1800 max=126.5400 mad=4.3300 p10=70.8500 p90=88.3400
SAME_BINARY_QUALIFICATION binary=PARENT_R31B_V011 case=fp16-128x256 samples=31 first_mad_over_median=0.142647 second_mad_over_median=0.188600 median_drift_fraction=0.130826
SAME_BINARY_SUMMARY binary=PARENT_R31B_V011 device=3 shape=128x256 dtype=fp16 samples=31
RUNNER_EXIT_CODE=0
END_UTC=2026-10-08T15:33:21.292953573Z
