UTC=2026-10-07T23:05:06Z
 23:05:06 up 242 days, 10:41, 33 users,  load average: 40.25, 39.91, 46.37
+------------------------------------------------------------------------------------------------+
| npu-smi 25.0.rc1.1               Version: 25.0.rc1.1                                           |
+---------------------------+---------------+----------------------------------------------------+
| NPU   Name                | Health        | Power(W)    Temp(C)           Hugepages-Usage(page)|
| Chip                      | Bus-Id        | AICore(%)   Memory-Usage(MB)  HBM-Usage(MB)        |
+===========================+===============+====================================================+
| 0     910B3               | OK            | 91.9        32                0    / 0             |
| 0                         | 0000:C1:00.0  | 0           0    / 0          3432 / 65536         |
+===========================+===============+====================================================+
| 1     910B3               | OK            | 100.0       32                0    / 0             |
| 0                         | 0000:C2:00.0  | 0           0    / 0          9174 / 65536         |
+===========================+===============+====================================================+
| 2     910B3               | OK            | 126.2       36                0    / 0             |
| 0                         | 0000:81:00.0  | 17          0    / 0          4784 / 65536         |
+===========================+===============+====================================================+
| 3     910B3               | OK            | 90.2        32                0    / 0             |
| 0                         | 0000:82:00.0  | 0           0    / 0          3426 / 65536         |
+===========================+===============+====================================================+
| 4     910B3               | OK            | 200.7       60                0    / 0             |
| 0                         | 0000:01:00.0  | 60          0    / 0          59192/ 65536         |
+===========================+===============+====================================================+
| 5     910B3               | OK            | 162.7       53                0    / 0             |
| 0                         | 0000:02:00.0  | 45          0    / 0          60221/ 65536         |
+===========================+===============+====================================================+
| 6     910B3               | OK            | 171.7       52                0    / 0             |
| 0                         | 0000:41:00.0  | 43          0    / 0          60222/ 65536         |
+===========================+===============+====================================================+
| 7     910B3               | OK            | 107.6       41                0    / 0             |
| 0                         | 0000:42:00.0  | 0           0    / 0          24791/ 65536         |
+===========================+===============+====================================================+
+---------------------------+---------------+----------------------------------------------------+
| NPU     Chip              | Process id    | Process name             | Process memory(MB)      |
+===========================+===============+====================================================+
| No running processes found in NPU 0                                                            |
+===========================+===============+====================================================+
| 1       0                 | 3150467       | python                   | 5746                    |
+===========================+===============+====================================================+
| 2       0                 | 2840325       | python                   | 1416                    |
+===========================+===============+====================================================+
| No running processes found in NPU 3                                                            |
+===========================+===============+====================================================+
| 4       0                 | 2999855       | VLLMEngineCor            | 55666                   |
+===========================+===============+====================================================+
| 5       0                 | 89602         | VLLMWorker_TP            | 56700                   |
+===========================+===============+====================================================+
| 6       0                 | 91228         | VLLMWorker_TP            | 56701                   |
+===========================+===============+====================================================+
| 7       0                 | 439848        | python3                  | 21260                   |
+===========================+===============+====================================================+
