RUN=P1
DISPATCH_AUDIT={"label":"PARENT","dtype":"fp32","shape":[128,4096],"vector_cores":40,"launch_blocks":40,"local_rows_min":3,"local_rows_max":4,"selected_branch":"ProcessSmallFp32FullTileBatched","candidate_source_delta_executed":false}
CORRECTNESS status=PASS matched_ratio=1.000000000 max_abs_error=4.05311584e-06
RUNNER_RESULT={"label":"PARENT","device":0,"dtype":"fp32","shape":[128,4096],"vector_cores":40,"warmups":20,"samples":32,"full_logical_io_bytes":6307840,"raw_device_us":[21.980001,22.000000,8.740001,21.679998,15.940000,12.900001,10.400000,21.040001,9.680000,18.379999,10.040000,21.199999,19.099998,9.960000,26.000000,17.440001,9.540000,22.520000,9.740000,20.260000,9.660000,34.820000,9.160000,17.820000,9.520000,9.540000,9.680000,13.120000,21.700001,18.160000,13.200000,36.260002],"median_device_us":16.690001,"mean_device_us":16.599377,"mad_device_us":5.923125}
RUNNER_EXIT_CODE=0
RUN=C1
DISPATCH_AUDIT={"label":"CANDIDATE","dtype":"fp32","shape":[128,4096],"vector_cores":40,"launch_blocks":40,"local_rows_min":3,"local_rows_max":4,"selected_branch":"ProcessSmallFp32FullTileBatched","candidate_source_delta_executed":true}
CORRECTNESS status=PASS matched_ratio=1.000000000 max_abs_error=4.05311584e-06
RUNNER_RESULT={"label":"CANDIDATE","device":0,"dtype":"fp32","shape":[128,4096],"vector_cores":40,"warmups":20,"samples":32,"full_logical_io_bytes":6307840,"raw_device_us":[25.219999,25.000000,20.780001,20.180000,16.879999,22.240000,22.040001,20.379999,21.199999,21.779999,34.559998,27.620001,19.300001,17.519999,22.160000,21.900000,21.480000,21.439999,21.320000,18.500000,21.379999,21.959999,21.160000,20.640001,26.540001,22.000000,21.199999,19.660000,21.400002,21.520000,13.960000,25.420000],"median_device_us":21.420000,"mean_device_us":21.823126,"mad_device_us":2.106875}
RUNNER_EXIT_CODE=0
RUN=P2
DISPATCH_AUDIT={"label":"PARENT","dtype":"fp32","shape":[128,4096],"vector_cores":40,"launch_blocks":40,"local_rows_min":3,"local_rows_max":4,"selected_branch":"ProcessSmallFp32FullTileBatched","candidate_source_delta_executed":false}
CORRECTNESS status=PASS matched_ratio=1.000000000 max_abs_error=4.05311584e-06
RUNNER_RESULT={"label":"PARENT","device":0,"dtype":"fp32","shape":[128,4096],"vector_cores":40,"warmups":20,"samples":32,"full_logical_io_bytes":6307840,"raw_device_us":[26.400000,32.040001,9.320001,20.660000,17.639999,17.340000,16.920000,18.660000,19.060001,22.059999,22.480000,19.060001,14.160000,18.980000,25.760000,9.840000,9.220000,16.039999,14.360001,18.240000,9.639999,9.860000,26.040001,22.680000,18.240000,22.040001,17.420000,22.139999,22.420000,17.680000,18.000000,11.140000],"median_device_us":18.240000,"mean_device_us":18.298124,"mad_device_us":4.121875}
RUNNER_EXIT_CODE=0
RUN=C2
DISPATCH_AUDIT={"label":"CANDIDATE","dtype":"fp32","shape":[128,4096],"vector_cores":40,"launch_blocks":40,"local_rows_min":3,"local_rows_max":4,"selected_branch":"ProcessSmallFp32FullTileBatched","candidate_source_delta_executed":true}
CORRECTNESS status=PASS matched_ratio=1.000000000 max_abs_error=4.05311584e-06
RUNNER_RESULT={"label":"CANDIDATE","device":0,"dtype":"fp32","shape":[128,4096],"vector_cores":40,"warmups":20,"samples":32,"full_logical_io_bytes":6307840,"raw_device_us":[25.879999,18.900000,10.880000,9.600000,19.600000,16.759998,22.460001,9.840000,16.980000,29.320000,9.820001,15.160000,9.720000,16.759998,24.680000,18.020000,19.139999,24.560001,14.580000,9.660000,9.520000,9.540000,9.940001,19.619999,17.400000,19.339998,14.280000,14.860001,10.020000,19.060001,9.880000,19.160000],"median_device_us":16.759998,"mean_device_us":16.091875,"mad_device_us":4.588125}
RUNNER_EXIT_CODE=0
RUN=P3
DISPATCH_AUDIT={"label":"PARENT","dtype":"fp32","shape":[128,4096],"vector_cores":40,"launch_blocks":40,"local_rows_min":3,"local_rows_max":4,"selected_branch":"ProcessSmallFp32FullTileBatched","candidate_source_delta_executed":false}
CORRECTNESS status=PASS matched_ratio=1.000000000 max_abs_error=4.05311584e-06
RUNNER_RESULT={"label":"PARENT","device":0,"dtype":"fp32","shape":[128,4096],"vector_cores":40,"warmups":20,"samples":32,"full_logical_io_bytes":6307840,"raw_device_us":[35.139999,23.420000,13.900000,20.780001,19.840000,17.139999,10.920000,10.940001,25.020000,22.860001,24.639999,24.539999,11.240000,17.660000,20.320000,18.980000,20.379999,17.519999,21.980001,11.040000,22.220001,20.719999,20.799999,20.679998,25.740000,22.800001,32.900002,22.600000,24.000000,33.160000,23.100000,31.060001],"median_device_us":21.389999,"mean_device_us":21.501249,"mad_device_us":4.447500}
RUNNER_EXIT_CODE=0
RUN=C3
DISPATCH_AUDIT={"label":"CANDIDATE","dtype":"fp32","shape":[128,4096],"vector_cores":40,"launch_blocks":40,"local_rows_min":3,"local_rows_max":4,"selected_branch":"ProcessSmallFp32FullTileBatched","candidate_source_delta_executed":true}
CORRECTNESS status=PASS matched_ratio=1.000000000 max_abs_error=4.05311584e-06
RUNNER_RESULT={"label":"CANDIDATE","device":0,"dtype":"fp32","shape":[128,4096],"vector_cores":40,"warmups":20,"samples":32,"full_logical_io_bytes":6307840,"raw_device_us":[28.180000,24.500000,19.460001,19.000000,18.799999,19.940001,23.420000,10.820001,18.139999,15.240000,13.700000,15.000000,24.879999,17.120001,22.900000,15.860001,11.160000,9.860000,15.200000,19.339998,16.620001,17.240002,14.540000,10.860000,11.820000,10.540000,21.379999,15.980000,22.879999,15.340000,21.640001,16.380001],"median_device_us":16.870001,"mean_device_us":17.429377,"mad_device_us":3.746875}
RUNNER_EXIT_CODE=0
