===RESOURCE_BEFORE===
Sat Sep 19 05:33:50 UTC 2026
	NPU ID                         : 5
	Chip Count                     : 1

	DDR Capacity(MB)               : 0
	DDR Usage Rate(%)              : 0
	DDR Hugepages Total(page)      : 0
	DDR Hugepages Usage Rate(%)    : 0
	HBM Capacity(MB)               : 65536
	HBM Usage Rate(%)              : 91
	Aicore Usage Rate(%)           : 0
	Aivector Usage Rate(%)         : 0
	Aicpu Usage Rate(%)            : 0
	Ctrlcpu Usage Rate(%)          : 1
	DDR Bandwidth Usage Rate(%)    : 0
	HBM Bandwidth Usage Rate(%)    : 0
	Chip ID                        : 0

Filesystem      Size  Used Avail Use% Mounted on
/dev/nvme1n1p1  3.5T  3.2T   82G  98% /home/data4t2
SYNC_RET=507035 MSG=EZ9999: Inner Error!
EZ9999[PID: 989933] 2026-09-19-05:33:51.883.680 (EZ9999):  The error from device(chipId:5, dieId:0), serial number is 14, there is an exception of aivec error, core id is 21, error code = 0, dump info: pc start: 0x124a00000b04, current: 0x124a000011e0, vec error info: 0x400000042, mte error info: 0x4702af2ecc, ifu error info: 0x7007c31326a80, ccu error info: 0x5cc3f0843c105d29, cube error info: 0, biu error info: 0, aic error mask: 0x6500020bd00028c, para base: 0x12c100000000.[FUNC:PrintCoreInfo][FILE:device_error_core_proc.cc][LINE:645]
        TraceBack (most recent call last):
       The extend info: errcode:(0, 0x800, 0) errorStr: The UB address accessed by the VEC instruction is not aligned. fixp_error0 info: 0x2af2ecc, fixp_error1 info: 0x47, fsmId:1, tslot:4, thread:0, ctxid:0, blk:0, sublk:0, subErrType:4.[FUNC:PrintCoreInfo][FILE:device_error_core_proc.cc][LINE:658]
       Kernel task happen error, retCode=0x31, [vector core exception].[FUNC:PreCheckTaskErr][FILE:davinci_kernel_task.cc][LINE:1729]
       AIV Kernel happen error, retCode=0x31.[FUNC:GetError][FILE:stream.cc][LINE:1475]
       [AIC_INFO] after execute:args print end[FUNC:GetError][FILE:stream.cc][LINE:1475]
       [DFX_INFO]Aicore kernel execute failed, device_id=5, stream_id=580, report_stream_id=580, task_id=0, flip_num=0, fault kernel_name=_Z22add_rms_norm_bias_r011IDhEvPhS0_S0_S0_S0_mmmmjff, fault kernel info ext=none, program id=0, hash=17978761665138965489.[FUNC:GetError][FILE:stream.cc][LINE:1475]
       rtStreamSynchronizeWithTimeout execution failed, reason=vector core exception[FUNC:FuncErrorReason][FILE:error_message_manage.cc][LINE:65]
       synchronize stream with timeout failed, runtime result = 507035[FUNC:ReportCallError][FILE:log_inner.cpp][LINE:148]
 CORES=40
PROBE width=64 rows=1 rank=2 dtype=1 device=5 bytes=128
RUN_STATUS=1
===RESOURCE_AFTER===
Sat Sep 19 05:33:54 UTC 2026
Filesystem      Size  Used Avail Use% Mounted on
/dev/nvme1n1p1  3.5T  3.2T   82G  98% /home/data4t2
816K	/home/data4t2/lelinfeng/cann/fast/lane-c/R011-L001
