ROUTE=ROW-SCALE-HOIST-X
REVISION=V032
DIRECT_PARENT=V026
STAGE=CORRECTNESS_FIX_COMPILE
HOST=hwnput3
START_UTC=2026-10-07T10:23:39Z
-- The CXX compiler identification is Clang 15.0.5
-- Detecting CXX compiler ABI info
-- Detecting CXX compiler ABI info - done
-- Check for working CXX compiler: /usr/local/Ascend/ascend-toolkit/8.5.0.alpha002/aarch64-linux/ccec_compiler/bin/bisheng - skipped
-- Detecting CXX compile features
-- Detecting CXX compile features - done
-- Configuring done
-- Generating done
-- Build files have been written to: /tmp/cann-row-scale-hoist-x-v032-correctness-fix-20261007T1020Z
Built target device
[100%] Building CXX object CMakeFiles/submission.dir/src/adapter.cpp.o
[100%] Built target submission
COMPILE_EXIT_CODE=0
END_UTC=2026-10-07T10:23:47Z
