ROUTE=ROW-SCALE-HOIST-X
REVISION=V032
DIRECT_PARENT=V026
HOST=hwnput3
DEVICE=0
DTYPE=FP16
SHAPE=[128,8192]
ASCEND_HOME_PATH=/usr/local/Ascend/ascend-toolkit/latest
ASC_DIR=/usr/local/Ascend/ascend-toolkit/latest/aarch64-linux/tikcpp/ascendc_kernel_cmake
BUILD_DIR=/tmp/cann-row-scale-hoist-x-v032-correctness-fix-20261007T0735Z
-- CMAKE_ASC_COMPILER: /usr/local/Ascend/ascend-toolkit/latest/compiler/ccec_compiler/bin/bisheng
CMake Warning at /usr/local/Ascend/ascend-toolkit/latest/aarch64-linux/tikcpp/ascendc_kernel_cmake/ASC_CMake/CMakeDetermineASCCompiler.cmake:57 (message):
  CMAKE_INSTALL_PREFIX is not set.  Set to default value
  /home/data4t2/lelinfeng/cann-row-scale-hoist-x-w4/本地实验/ROW-SCALE-HOIST-X/V032/correctness/out.
Call Stack (most recent call first):
  CMakeLists.txt:4 (project)


-- CMAKE_BUILD_TYPE: Release
-- CMAKE_INSTALL_PREFIX: /home/data4t2/lelinfeng/cann-row-scale-hoist-x-w4/本地实验/ROW-SCALE-HOIST-X/V032/correctness/out
-- ASCEND_CANN_PACKAGE_PATH: /usr/local/Ascend/ascend-toolkit/latest
-- CMAKE_ASC_LLD_LINKER: /usr/local/Ascend/ascend-toolkit/latest/tools/ccec_compiler/bin/ld.lld
-- The CXX compiler identification is GNU 11.4.0
-- Detecting CXX compiler ABI info
-- Detecting CXX compiler ABI info - done
-- Check for working CXX compiler: /usr/bin/c++ - skipped
-- Detecting CXX compile features
-- Detecting CXX compile features - done
-- Configuring done
-- Generating done
-- Build files have been written to: /tmp/cann-row-scale-hoist-x-v032-correctness-fix-20261007T0735Z
[ 50%] Building ASC object CMakeFiles/v032_correctness_parent.dir/parent_runner.asc.o
In file included from /home/data4t2/lelinfeng/cann-row-scale-hoist-x-w4/本地实验/ROW-SCALE-HOIST-X/V032/correctness/parent_runner.asc:16:
/home/data4t2/lelinfeng/cann-row-scale-hoist-x-w4/本地实验/ROW-SCALE-HOIST-X/V032/correctness/correctness_common.inc:162:17: warning: 'cce_global' attribute ignored when parsing type [-Wignored-attributes]
    run_kernel((GM_ADDR)xDevice, xGroup,
                ^~~~~~~
/usr/local/Ascend/ascend-toolkit/8.5.0.alpha002/compiler/tikcpp/tikcfw/impl/utils/kernel_utils_macros.h:18:17: note: expanded from macro 'GM_ADDR'
#define GM_ADDR __gm__ uint8_t*
                ^~~~~~
/usr/local/Ascend/ascend-toolkit/8.5.0.alpha002/aarch64-linux/ccec_compiler/lib/clang/15.0.5/include/__clang_cce_defines.h:47:31: note: expanded from macro '__gm__'
#define __gm__ __attribute__((cce_global))
                              ^~~~~~~~~~
In file included from /home/data4t2/lelinfeng/cann-row-scale-hoist-x-w4/本地实验/ROW-SCALE-HOIST-X/V032/correctness/parent_runner.asc:16:
/home/data4t2/lelinfeng/cann-row-scale-hoist-x-w4/本地实验/ROW-SCALE-HOIST-X/V032/correctness/correctness_common.inc:163:17: warning: 'cce_global' attribute ignored when parsing type [-Wignored-attributes]
               (GM_ADDR)residualDevice, residualGroup,
                ^~~~~~~
/usr/local/Ascend/ascend-toolkit/8.5.0.alpha002/compiler/tikcpp/tikcfw/impl/utils/kernel_utils_macros.h:18:17: note: expanded from macro 'GM_ADDR'
#define GM_ADDR __gm__ uint8_t*
                ^~~~~~
/usr/local/Ascend/ascend-toolkit/8.5.0.alpha002/aarch64-linux/ccec_compiler/lib/clang/15.0.5/include/__clang_cce_defines.h:47:31: note: expanded from macro '__gm__'
#define __gm__ __attribute__((cce_global))
                              ^~~~~~~~~~
In file included from /home/data4t2/lelinfeng/cann-row-scale-hoist-x-w4/本地实验/ROW-SCALE-HOIST-X/V032/correctness/parent_runner.asc:16:
/home/data4t2/lelinfeng/cann-row-scale-hoist-x-w4/本地实验/ROW-SCALE-HOIST-X/V032/correctness/correctness_common.inc:164:17: warning: 'cce_global' attribute ignored when parsing type [-Wignored-attributes]
               (GM_ADDR)gammaDevice, gammaGroup,
                ^~~~~~~
/usr/local/Ascend/ascend-toolkit/8.5.0.alpha002/compiler/tikcpp/tikcfw/impl/utils/kernel_utils_macros.h:18:17: note: expanded from macro 'GM_ADDR'
#define GM_ADDR __gm__ uint8_t*
                ^~~~~~
/usr/local/Ascend/ascend-toolkit/8.5.0.alpha002/aarch64-linux/ccec_compiler/lib/clang/15.0.5/include/__clang_cce_defines.h:47:31: note: expanded from macro '__gm__'
#define __gm__ __attribute__((cce_global))
                              ^~~~~~~~~~
In file included from /home/data4t2/lelinfeng/cann-row-scale-hoist-x-w4/本地实验/ROW-SCALE-HOIST-X/V032/correctness/parent_runner.asc:16:
/home/data4t2/lelinfeng/cann-row-scale-hoist-x-w4/本地实验/ROW-SCALE-HOIST-X/V032/correctness/correctness_common.inc:165:17: warning: 'cce_global' attribute ignored when parsing type [-Wignored-attributes]
               (GM_ADDR)biasDevice, biasGroup,
                ^~~~~~~
/usr/local/Ascend/ascend-toolkit/8.5.0.alpha002/compiler/tikcpp/tikcfw/impl/utils/kernel_utils_macros.h:18:17: note: expanded from macro 'GM_ADDR'
#define GM_ADDR __gm__ uint8_t*
                ^~~~~~
/usr/local/Ascend/ascend-toolkit/8.5.0.alpha002/aarch64-linux/ccec_compiler/lib/clang/15.0.5/include/__clang_cce_defines.h:47:31: note: expanded from macro '__gm__'
#define __gm__ __attribute__((cce_global))
                              ^~~~~~~~~~
In file included from /home/data4t2/lelinfeng/cann-row-scale-hoist-x-w4/本地实验/ROW-SCALE-HOIST-X/V032/correctness/parent_runner.asc:16:
/home/data4t2/lelinfeng/cann-row-scale-hoist-x-w4/本地实验/ROW-SCALE-HOIST-X/V032/correctness/correctness_common.inc:166:17: warning: 'cce_global' attribute ignored when parsing type [-Wignored-attributes]
               (GM_ADDR)outputDevice, outputGroup,
                ^~~~~~~
/usr/local/Ascend/ascend-toolkit/8.5.0.alpha002/compiler/tikcpp/tikcfw/impl/utils/kernel_utils_macros.h:18:17: note: expanded from macro 'GM_ADDR'
#define GM_ADDR __gm__ uint8_t*
                ^~~~~~
/usr/local/Ascend/ascend-toolkit/8.5.0.alpha002/aarch64-linux/ccec_compiler/lib/clang/15.0.5/include/__clang_cce_defines.h:47:31: note: expanded from macro '__gm__'
#define __gm__ __attribute__((cce_global))
                              ^~~~~~~~~~
5 warnings generated.
In file included from /home/data4t2/lelinfeng/cann-row-scale-hoist-x-w4/本地实验/ROW-SCALE-HOIST-X/V032/correctness/parent_runner.asc:16:
/home/data4t2/lelinfeng/cann-row-scale-hoist-x-w4/本地实验/ROW-SCALE-HOIST-X/V032/correctness/correctness_common.inc:162:17: warning: 'cce_global' attribute ignored when parsing type [-Wignored-attributes]
/usr/local/Ascend/ascend-toolkit/8.5.0.alpha002/compiler/tikcpp/tikcfw/impl/utils/kernel_utils_macros.h:18:17: note: expanded from macro 'GM_ADDR'
/usr/local/Ascend/ascend-toolkit/8.5.0.alpha002/aarch64-linux/ccec_compiler/lib/clang/15.0.5/include/__clang_cce_defines.h:47:31: note: expanded from macro '__gm__'
In file included from /home/data4t2/lelinfeng/cann-row-scale-hoist-x-w4/本地实验/ROW-SCALE-HOIST-X/V032/correctness/parent_runner.asc:16:
/home/data4t2/lelinfeng/cann-row-scale-hoist-x-w4/本地实验/ROW-SCALE-HOIST-X/V032/correctness/correctness_common.inc:163:17: warning: 'cce_global' attribute ignored when parsing type [-Wignored-attributes]
/usr/local/Ascend/ascend-toolkit/8.5.0.alpha002/compiler/tikcpp/tikcfw/impl/utils/kernel_utils_macros.h:18:17: note: expanded from macro 'GM_ADDR'
/usr/local/Ascend/ascend-toolkit/8.5.0.alpha002/aarch64-linux/ccec_compiler/lib/clang/15.0.5/include/__clang_cce_defines.h:47:31: note: expanded from macro '__gm__'
In file included from /home/data4t2/lelinfeng/cann-row-scale-hoist-x-w4/本地实验/ROW-SCALE-HOIST-X/V032/correctness/parent_runner.asc:16:
/home/data4t2/lelinfeng/cann-row-scale-hoist-x-w4/本地实验/ROW-SCALE-HOIST-X/V032/correctness/correctness_common.inc:164:17: warning: 'cce_global' attribute ignored when parsing type [-Wignored-attributes]
/usr/local/Ascend/ascend-toolkit/8.5.0.alpha002/compiler/tikcpp/tikcfw/impl/utils/kernel_utils_macros.h:18:17: note: expanded from macro 'GM_ADDR'
/usr/local/Ascend/ascend-toolkit/8.5.0.alpha002/aarch64-linux/ccec_compiler/lib/clang/15.0.5/include/__clang_cce_defines.h:47:31: note: expanded from macro '__gm__'
In file included from /home/data4t2/lelinfeng/cann-row-scale-hoist-x-w4/本地实验/ROW-SCALE-HOIST-X/V032/correctness/parent_runner.asc:16:
/home/data4t2/lelinfeng/cann-row-scale-hoist-x-w4/本地实验/ROW-SCALE-HOIST-X/V032/correctness/correctness_common.inc:165:17: warning: 'cce_global' attribute ignored when parsing type [-Wignored-attributes]
/usr/local/Ascend/ascend-toolkit/8.5.0.alpha002/compiler/tikcpp/tikcfw/impl/utils/kernel_utils_macros.h:18:17: note: expanded from macro 'GM_ADDR'
/usr/local/Ascend/ascend-toolkit/8.5.0.alpha002/aarch64-linux/ccec_compiler/lib/clang/15.0.5/include/__clang_cce_defines.h:47:31: note: expanded from macro '__gm__'
In file included from /home/data4t2/lelinfeng/cann-row-scale-hoist-x-w4/本地实验/ROW-SCALE-HOIST-X/V032/correctness/parent_runner.asc:16:
/home/data4t2/lelinfeng/cann-row-scale-hoist-x-w4/本地实验/ROW-SCALE-HOIST-X/V032/correctness/correctness_common.inc:166:17: warning: 'cce_global' attribute ignored when parsing type [-Wignored-attributes]
/usr/local/Ascend/ascend-toolkit/8.5.0.alpha002/compiler/tikcpp/tikcfw/impl/utils/kernel_utils_macros.h:18:17: note: expanded from macro 'GM_ADDR'
/usr/local/Ascend/ascend-toolkit/8.5.0.alpha002/aarch64-linux/ccec_compiler/lib/clang/15.0.5/include/__clang_cce_defines.h:47:31: note: expanded from macro '__gm__'
5 warnings generated.
Warning: please refer to the above warning message. 
Warning: please refer to the above warning message. 
Warning: please refer to the above warning message. 
Warning: please refer to the above warning message. 
Warning: please refer to the above warning message. 
Warning: please refer to the above warning message. 
Warning: please refer to the above warning message. 
Warning: please refer to the above warning message. 
Warning: please refer to the above warning message. 
Warning: please refer to the above warning message. 
Warning: please refer to the above warning message. 
Warning: please refer to the above warning message. 
Warning: please refer to the above warning message. 
Warning: please refer to the above warning message. 
Warning: please refer to the above warning message. 
[100%] Linking ASC executable v032_correctness_parent
[100%] Built target v032_correctness_parent
[ 50%] Building ASC object CMakeFiles/v032_correctness_candidate.dir/candidate_runner.asc.o
In file included from /home/data4t2/lelinfeng/cann-row-scale-hoist-x-w4/本地实验/ROW-SCALE-HOIST-X/V032/correctness/candidate_runner.asc:16:
/home/data4t2/lelinfeng/cann-row-scale-hoist-x-w4/本地实验/ROW-SCALE-HOIST-X/V032/correctness/correctness_common.inc:162:17: warning: 'cce_global' attribute ignored when parsing type [-Wignored-attributes]
    run_kernel((GM_ADDR)xDevice, xGroup,
                ^~~~~~~
/usr/local/Ascend/ascend-toolkit/8.5.0.alpha002/compiler/tikcpp/tikcfw/impl/utils/kernel_utils_macros.h:18:17: note: expanded from macro 'GM_ADDR'
#define GM_ADDR __gm__ uint8_t*
                ^~~~~~
/usr/local/Ascend/ascend-toolkit/8.5.0.alpha002/aarch64-linux/ccec_compiler/lib/clang/15.0.5/include/__clang_cce_defines.h:47:31: note: expanded from macro '__gm__'
#define __gm__ __attribute__((cce_global))
                              ^~~~~~~~~~
In file included from /home/data4t2/lelinfeng/cann-row-scale-hoist-x-w4/本地实验/ROW-SCALE-HOIST-X/V032/correctness/candidate_runner.asc:16:
/home/data4t2/lelinfeng/cann-row-scale-hoist-x-w4/本地实验/ROW-SCALE-HOIST-X/V032/correctness/correctness_common.inc:163:17: warning: 'cce_global' attribute ignored when parsing type [-Wignored-attributes]
               (GM_ADDR)residualDevice, residualGroup,
                ^~~~~~~
/usr/local/Ascend/ascend-toolkit/8.5.0.alpha002/compiler/tikcpp/tikcfw/impl/utils/kernel_utils_macros.h:18:17: note: expanded from macro 'GM_ADDR'
#define GM_ADDR __gm__ uint8_t*
                ^~~~~~
/usr/local/Ascend/ascend-toolkit/8.5.0.alpha002/aarch64-linux/ccec_compiler/lib/clang/15.0.5/include/__clang_cce_defines.h:47:31: note: expanded from macro '__gm__'
#define __gm__ __attribute__((cce_global))
                              ^~~~~~~~~~
In file included from /home/data4t2/lelinfeng/cann-row-scale-hoist-x-w4/本地实验/ROW-SCALE-HOIST-X/V032/correctness/candidate_runner.asc:16:
/home/data4t2/lelinfeng/cann-row-scale-hoist-x-w4/本地实验/ROW-SCALE-HOIST-X/V032/correctness/correctness_common.inc:164:17: warning: 'cce_global' attribute ignored when parsing type [-Wignored-attributes]
               (GM_ADDR)gammaDevice, gammaGroup,
                ^~~~~~~
/usr/local/Ascend/ascend-toolkit/8.5.0.alpha002/compiler/tikcpp/tikcfw/impl/utils/kernel_utils_macros.h:18:17: note: expanded from macro 'GM_ADDR'
#define GM_ADDR __gm__ uint8_t*
                ^~~~~~
/usr/local/Ascend/ascend-toolkit/8.5.0.alpha002/aarch64-linux/ccec_compiler/lib/clang/15.0.5/include/__clang_cce_defines.h:47:31: note: expanded from macro '__gm__'
#define __gm__ __attribute__((cce_global))
                              ^~~~~~~~~~
In file included from /home/data4t2/lelinfeng/cann-row-scale-hoist-x-w4/本地实验/ROW-SCALE-HOIST-X/V032/correctness/candidate_runner.asc:16:
/home/data4t2/lelinfeng/cann-row-scale-hoist-x-w4/本地实验/ROW-SCALE-HOIST-X/V032/correctness/correctness_common.inc:165:17: warning: 'cce_global' attribute ignored when parsing type [-Wignored-attributes]
               (GM_ADDR)biasDevice, biasGroup,
                ^~~~~~~
/usr/local/Ascend/ascend-toolkit/8.5.0.alpha002/compiler/tikcpp/tikcfw/impl/utils/kernel_utils_macros.h:18:17: note: expanded from macro 'GM_ADDR'
#define GM_ADDR __gm__ uint8_t*
                ^~~~~~
/usr/local/Ascend/ascend-toolkit/8.5.0.alpha002/aarch64-linux/ccec_compiler/lib/clang/15.0.5/include/__clang_cce_defines.h:47:31: note: expanded from macro '__gm__'
#define __gm__ __attribute__((cce_global))
                              ^~~~~~~~~~
In file included from /home/data4t2/lelinfeng/cann-row-scale-hoist-x-w4/本地实验/ROW-SCALE-HOIST-X/V032/correctness/candidate_runner.asc:16:
/home/data4t2/lelinfeng/cann-row-scale-hoist-x-w4/本地实验/ROW-SCALE-HOIST-X/V032/correctness/correctness_common.inc:166:17: warning: 'cce_global' attribute ignored when parsing type [-Wignored-attributes]
               (GM_ADDR)outputDevice, outputGroup,
                ^~~~~~~
/usr/local/Ascend/ascend-toolkit/8.5.0.alpha002/compiler/tikcpp/tikcfw/impl/utils/kernel_utils_macros.h:18:17: note: expanded from macro 'GM_ADDR'
#define GM_ADDR __gm__ uint8_t*
                ^~~~~~
/usr/local/Ascend/ascend-toolkit/8.5.0.alpha002/aarch64-linux/ccec_compiler/lib/clang/15.0.5/include/__clang_cce_defines.h:47:31: note: expanded from macro '__gm__'
#define __gm__ __attribute__((cce_global))
                              ^~~~~~~~~~
5 warnings generated.
In file included from /home/data4t2/lelinfeng/cann-row-scale-hoist-x-w4/本地实验/ROW-SCALE-HOIST-X/V032/correctness/candidate_runner.asc:16:
/home/data4t2/lelinfeng/cann-row-scale-hoist-x-w4/本地实验/ROW-SCALE-HOIST-X/V032/correctness/correctness_common.inc:162:17: warning: 'cce_global' attribute ignored when parsing type [-Wignored-attributes]
/usr/local/Ascend/ascend-toolkit/8.5.0.alpha002/compiler/tikcpp/tikcfw/impl/utils/kernel_utils_macros.h:18:17: note: expanded from macro 'GM_ADDR'
/usr/local/Ascend/ascend-toolkit/8.5.0.alpha002/aarch64-linux/ccec_compiler/lib/clang/15.0.5/include/__clang_cce_defines.h:47:31: note: expanded from macro '__gm__'
In file included from /home/data4t2/lelinfeng/cann-row-scale-hoist-x-w4/本地实验/ROW-SCALE-HOIST-X/V032/correctness/candidate_runner.asc:16:
/home/data4t2/lelinfeng/cann-row-scale-hoist-x-w4/本地实验/ROW-SCALE-HOIST-X/V032/correctness/correctness_common.inc:163:17: warning: 'cce_global' attribute ignored when parsing type [-Wignored-attributes]
/usr/local/Ascend/ascend-toolkit/8.5.0.alpha002/compiler/tikcpp/tikcfw/impl/utils/kernel_utils_macros.h:18:17: note: expanded from macro 'GM_ADDR'
/usr/local/Ascend/ascend-toolkit/8.5.0.alpha002/aarch64-linux/ccec_compiler/lib/clang/15.0.5/include/__clang_cce_defines.h:47:31: note: expanded from macro '__gm__'
In file included from /home/data4t2/lelinfeng/cann-row-scale-hoist-x-w4/本地实验/ROW-SCALE-HOIST-X/V032/correctness/candidate_runner.asc:16:
/home/data4t2/lelinfeng/cann-row-scale-hoist-x-w4/本地实验/ROW-SCALE-HOIST-X/V032/correctness/correctness_common.inc:164:17: warning: 'cce_global' attribute ignored when parsing type [-Wignored-attributes]
/usr/local/Ascend/ascend-toolkit/8.5.0.alpha002/compiler/tikcpp/tikcfw/impl/utils/kernel_utils_macros.h:18:17: note: expanded from macro 'GM_ADDR'
/usr/local/Ascend/ascend-toolkit/8.5.0.alpha002/aarch64-linux/ccec_compiler/lib/clang/15.0.5/include/__clang_cce_defines.h:47:31: note: expanded from macro '__gm__'
In file included from /home/data4t2/lelinfeng/cann-row-scale-hoist-x-w4/本地实验/ROW-SCALE-HOIST-X/V032/correctness/candidate_runner.asc:16:
/home/data4t2/lelinfeng/cann-row-scale-hoist-x-w4/本地实验/ROW-SCALE-HOIST-X/V032/correctness/correctness_common.inc:165:17: warning: 'cce_global' attribute ignored when parsing type [-Wignored-attributes]
/usr/local/Ascend/ascend-toolkit/8.5.0.alpha002/compiler/tikcpp/tikcfw/impl/utils/kernel_utils_macros.h:18:17: note: expanded from macro 'GM_ADDR'
/usr/local/Ascend/ascend-toolkit/8.5.0.alpha002/aarch64-linux/ccec_compiler/lib/clang/15.0.5/include/__clang_cce_defines.h:47:31: note: expanded from macro '__gm__'
In file included from /home/data4t2/lelinfeng/cann-row-scale-hoist-x-w4/本地实验/ROW-SCALE-HOIST-X/V032/correctness/candidate_runner.asc:16:
/home/data4t2/lelinfeng/cann-row-scale-hoist-x-w4/本地实验/ROW-SCALE-HOIST-X/V032/correctness/correctness_common.inc:166:17: warning: 'cce_global' attribute ignored when parsing type [-Wignored-attributes]
/usr/local/Ascend/ascend-toolkit/8.5.0.alpha002/compiler/tikcpp/tikcfw/impl/utils/kernel_utils_macros.h:18:17: note: expanded from macro 'GM_ADDR'
/usr/local/Ascend/ascend-toolkit/8.5.0.alpha002/aarch64-linux/ccec_compiler/lib/clang/15.0.5/include/__clang_cce_defines.h:47:31: note: expanded from macro '__gm__'
5 warnings generated.
Warning: please refer to the above warning message. 
Warning: please refer to the above warning message. 
Warning: please refer to the above warning message. 
Warning: please refer to the above warning message. 
Warning: please refer to the above warning message. 
Warning: please refer to the above warning message. 
Warning: please refer to the above warning message. 
Warning: please refer to the above warning message. 
Warning: please refer to the above warning message. 
Warning: please refer to the above warning message. 
Warning: please refer to the above warning message. 
Warning: please refer to the above warning message. 
Warning: please refer to the above warning message. 
Warning: please refer to the above warning message. 
Warning: please refer to the above warning message. 
[100%] Linking ASC executable v032_correctness_candidate
[100%] Built target v032_correctness_candidate
