REVISION=V074
GATE=LOCAL_RECHECK_02
HOST=hwnput3
DEVICE=4
PARENT=R31B-V011
PARENT_SHA256=a8c19a1972207acc67e3fb0cd393cc70b0a4b183d1eaf5610edf80c2879b15e3
CANDIDATE_SHA256=d3a471ccd4e82bb1244ecb0b991f693d52e5e674cd2def36a19f4b62a34d8592
SHAPE=128x8192
DTYPE=FP32
WARMUP=45
SAMPLES_PER_BLOCK=31
BLOCKS=2
BATCH_N=64
GAP_SEC=0
PAIRS=07-12
ORDER=P,C;C,P;P,C;C,P;P,C;C,P
QUALITY=retain all samples; no load admission gate
pair=07 side=parent rc=0 stdout=REF_HARNESS device=4 shape=128x8192 dtype=0 warmup=45 samples=31 blocks=2 bad=0 
pair=07 side=candidate rc=0 stdout=REF_HARNESS device=4 shape=128x8192 dtype=0 warmup=45 samples=31 blocks=2 bad=0 
pair=08 side=candidate rc=0 stdout=REF_HARNESS device=4 shape=128x8192 dtype=0 warmup=45 samples=31 blocks=2 bad=0 
pair=08 side=parent rc=0 stdout=REF_HARNESS device=4 shape=128x8192 dtype=0 warmup=45 samples=31 blocks=2 bad=0 
pair=09 side=parent rc=0 stdout=REF_HARNESS device=4 shape=128x8192 dtype=0 warmup=45 samples=31 blocks=2 bad=0 
pair=09 side=candidate rc=0 stdout=REF_HARNESS device=4 shape=128x8192 dtype=0 warmup=45 samples=31 blocks=2 bad=0 
pair=10 side=candidate rc=0 stdout=REF_HARNESS device=4 shape=128x8192 dtype=0 warmup=45 samples=31 blocks=2 bad=0 
pair=10 side=parent rc=0 stdout=REF_HARNESS device=4 shape=128x8192 dtype=0 warmup=45 samples=31 blocks=2 bad=0 
pair=11 side=parent rc=0 stdout=REF_HARNESS device=4 shape=128x8192 dtype=0 warmup=45 samples=31 blocks=2 bad=0 
pair=11 side=candidate rc=0 stdout=REF_HARNESS device=4 shape=128x8192 dtype=0 warmup=45 samples=31 blocks=2 bad=0 
pair=12 side=candidate rc=0 stdout=REF_HARNESS device=4 shape=128x8192 dtype=0 warmup=45 samples=31 blocks=2 bad=0 
pair=12 side=parent rc=0 stdout=REF_HARNESS device=4 shape=128x8192 dtype=0 warmup=45 samples=31 blocks=2 bad=0 
