CORRECTNESS_RERUN_START_UTC=2026-10-08T20:08:50Z
+------------------------------------------------------------------------------------------------+
| npu-smi 25.0.rc1.1               Version: 25.0.rc1.1                                           |
+---------------------------+---------------+----------------------------------------------------+
| NPU   Name                | Health        | Power(W)    Temp(C)           Hugepages-Usage(page)|
| Chip                      | Bus-Id        | AICore(%)   Memory-Usage(MB)  HBM-Usage(MB)        |
+===========================+===============+====================================================+
| 0     910B3               | OK            | 123.1       32                0    / 0             |
| 0                         | 0000:C1:00.0  | 4           0    / 0          10496/ 65536         |
+===========================+===============+====================================================+
| 1     910B3               | OK            | 142.2       36                0    / 0             |
| 0                         | 0000:C2:00.0  | 4           0    / 0          11885/ 65536         |
+===========================+===============+====================================================+
| 2     910B3               | OK            | 98.1        32                0    / 0             |
| 0                         | 0000:81:00.0  | 1           0    / 0          6435 / 65536         |
+===========================+===============+====================================================+
| 3     910B3               | OK            | 88.9        29                0    / 0             |
| 0                         | 0000:82:00.0  | 0           0    / 0          3428 / 65536         |
+===========================+===============+====================================================+
| 4     910B3               | OK            | 201.2       57                0    / 0             |
| 0                         | 0000:01:00.0  | 64          0    / 0          59193/ 65536         |
+===========================+===============+====================================================+
| 5     910B3               | OK            | 167.0       54                0    / 0             |
| 0                         | 0000:02:00.0  | 45          0    / 0          60222/ 65536         |
+===========================+===============+====================================================+
| 6     910B3               | OK            | 171.2       47                0    / 0             |
| 0                         | 0000:41:00.0  | 45          0    / 0          60221/ 65536         |
+===========================+===============+====================================================+
| 7     910B3               | OK            | 107.3       37                0    / 0             |
| 0                         | 0000:42:00.0  | 2           0    / 0          28952/ 65536         |
+===========================+===============+====================================================+
+---------------------------+---------------+----------------------------------------------------+
| NPU     Chip              | Process id    | Process name             | Process memory(MB)      |
+===========================+===============+====================================================+
| 0       0                 | 4183472       | python                   | 1416                    |
| 0       0                 | 251901        | python                   | 5754                    |
+===========================+===============+====================================================+
| 1       0                 | 3150467       | python                   | 5748                    |
| 1       0                 | 4066169       | python                   | 2760                    |
+===========================+===============+====================================================+
| 2       0                 | 2055832       | python                   | 3066                    |
+===========================+===============+====================================================+
| No running processes found in NPU 3                                                            |
+===========================+===============+====================================================+
| 4       0                 | 2999855       | VLLMEngineCor            | 55666                   |
+===========================+===============+====================================================+
| 5       0                 | 89602         | VLLMWorker_TP            | 56700                   |
+===========================+===============+====================================================+
| 6       0                 | 91228         | VLLMWorker_TP            | 56701                   |
+===========================+===============+====================================================+
| 7       0                 | 439848        | python3                  | 21260                   |
| 7       0                 | 2055831       | python                   | 4082                    |
+===========================+===============+====================================================+
CORRECTNESS device=3 dtype=fp16 rows=8 width=128 parent_candidate_bit_mismatch=0 result=PASS
CORRECTNESS device=3 dtype=fp16 rows=8 width=256 parent_candidate_bit_mismatch=0 result=PASS
CORRECTNESS device=3 dtype=fp16 rows=8 width=1024 parent_candidate_bit_mismatch=0 result=PASS
CORRECTNESS device=3 dtype=fp16 rows=8 width=2048 parent_candidate_bit_mismatch=0 result=PASS
CORRECTNESS device=3 dtype=fp16 rows=8 width=4096 parent_candidate_bit_mismatch=0 result=PASS
CORRECTNESS device=3 dtype=fp16 rows=16 width=2064 parent_candidate_bit_mismatch=0 result=PASS
CORRECTNESS device=3 dtype=fp16 rows=128 width=128 parent_candidate_bit_mismatch=0 result=PASS
CORRECTNESS device=3 dtype=fp16 rows=128 width=256 parent_candidate_bit_mismatch=0 result=PASS
CORRECTNESS device=3 dtype=bf16 rows=128 width=256 parent_candidate_bit_mismatch=0 result=PASS
CORRECTNESS_SUMMARY result=PASS cases=9
CORRECTNESS_RERUN_RC=0
CORRECTNESS_RERUN_END_UTC=2026-10-08T20:08:56Z
