LOCAL_RERUN_START_UTC=2026-10-08T20:09:22Z
LOCAL_COMMAND=/tmp/sync-v079-build.20261008/sync_barrier_elision_correctness 3 --local --bf16
LOCAL_CONTEXT_PRE_UTC=2026-10-08T20:09:22Z
+------------------------------------------------------------------------------------------------+
| npu-smi 25.0.rc1.1               Version: 25.0.rc1.1                                           |
+---------------------------+---------------+----------------------------------------------------+
| NPU   Name                | Health        | Power(W)    Temp(C)           Hugepages-Usage(page)|
| Chip                      | Bus-Id        | AICore(%)   Memory-Usage(MB)  HBM-Usage(MB)        |
+===========================+===============+====================================================+
| 0     910B3               | OK            | 127.2       33                0    / 0             |
| 0                         | 0000:C1:00.0  | 12          0    / 0          10497/ 65536         |
+===========================+===============+====================================================+
| 1     910B3               | OK            | 144.9       37                0    / 0             |
| 0                         | 0000:C2:00.0  | 26          0    / 0          11885/ 65536         |
+===========================+===============+====================================================+
| 2     910B3               | OK            | 95.6        32                0    / 0             |
| 0                         | 0000:81:00.0  | 0           0    / 0          6436 / 65536         |
+===========================+===============+====================================================+
| 3     910B3               | OK            | 98.3        30                0    / 0             |
| 0                         | 0000:82:00.0  | 0           0    / 0          3480 / 65536         |
+===========================+===============+====================================================+
| 4     910B3               | OK            | 200.9       59                0    / 0             |
| 0                         | 0000:01:00.0  | 64          0    / 0          59193/ 65536         |
+===========================+===============+====================================================+
| 5     910B3               | OK            | 166.0       53                0    / 0             |
| 0                         | 0000:02:00.0  | 45          0    / 0          60222/ 65536         |
+===========================+===============+====================================================+
| 6     910B3               | OK            | 169.1       48                0    / 0             |
| 0                         | 0000:41:00.0  | 45          0    / 0          60221/ 65536         |
+===========================+===============+====================================================+
| 7     910B3               | OK            | 113.7       37                0    / 0             |
| 0                         | 0000:42:00.0  | 0           0    / 0          28952/ 65536         |
+===========================+===============+====================================================+
+---------------------------+---------------+----------------------------------------------------+
| NPU     Chip              | Process id    | Process name             | Process memory(MB)      |
+===========================+===============+====================================================+
| 0       0                 | 4183472       | python                   | 1416                    |
| 0       0                 | 251901        | python                   | 5754                    |
+===========================+===============+====================================================+
| 1       0                 | 3150467       | python                   | 5748                    |
| 1       0                 | 4066169       | python                   | 2760                    |
+===========================+===============+====================================================+
| 2       0                 | 2055832       | python                   | 3066                    |
+===========================+===============+====================================================+
| 3       0                 | 461337        | clx_ref_candida          | 104                     |
+===========================+===============+====================================================+
| 4       0                 | 2999855       | VLLMEngineCor            | 55666                   |
+===========================+===============+====================================================+
| 5       0                 | 89602         | VLLMWorker_TP            | 56700                   |
+===========================+===============+====================================================+
| 6       0                 | 91228         | VLLMWorker_TP            | 56701                   |
+===========================+===============+====================================================+
| 7       0                 | 439848        | python3                  | 21260                   |
| 7       0                 | 2055831       | python                   | 4082                    |
+===========================+===============+====================================================+
LOCAL_SAMPLE case=bf16-128x256 pair=01 order=P,C parent_device_us=7.9400 candidate_device_us=31.8800 parent_gelem_s=4.126952 candidate_gelem_s=1.027854 parent_wall_us=120.6930 candidate_wall_us=105.3420 paired_delta_us=23.9400
LOCAL_SAMPLE case=bf16-128x256 pair=02 order=C,P parent_device_us=22.9200 candidate_device_us=18.9400 parent_gelem_s=1.429668 candidate_gelem_s=1.730095 parent_wall_us=102.3030 candidate_wall_us=121.6530 paired_delta_us=-3.9800
LOCAL_SAMPLE case=bf16-128x256 pair=03 order=P,C parent_device_us=7.0400 candidate_device_us=17.2000 parent_gelem_s=4.654545 candidate_gelem_s=1.905116 parent_wall_us=113.7730 candidate_wall_us=94.2230 paired_delta_us=10.1600
LOCAL_SAMPLE case=bf16-128x256 pair=04 order=C,P parent_device_us=17.9200 candidate_device_us=9.5800 parent_gelem_s=1.828571 candidate_gelem_s=3.420459 parent_wall_us=99.0430 candidate_wall_us=97.2530 paired_delta_us=-8.3400
LOCAL_SAMPLE case=bf16-128x256 pair=05 order=P,C parent_device_us=6.7800 candidate_device_us=7.3200 parent_gelem_s=4.833038 candidate_gelem_s=4.476503 parent_wall_us=95.3630 candidate_wall_us=104.5030 paired_delta_us=0.5400
LOCAL_SAMPLE case=bf16-128x256 pair=06 order=C,P parent_device_us=17.3800 candidate_device_us=23.0400 parent_gelem_s=1.885386 candidate_gelem_s=1.422222 parent_wall_us=93.5720 candidate_wall_us=88.2030 paired_delta_us=5.6600
LOCAL_SAMPLE case=bf16-128x256 pair=07 order=P,C parent_device_us=16.4400 candidate_device_us=19.6200 parent_gelem_s=1.993187 candidate_gelem_s=1.670133 parent_wall_us=119.0730 candidate_wall_us=107.3030 paired_delta_us=3.1800
LOCAL_SAMPLE case=bf16-128x256 pair=08 order=C,P parent_device_us=33.9400 candidate_device_us=21.4800 parent_gelem_s=0.965469 candidate_gelem_s=1.525512 parent_wall_us=100.6220 candidate_wall_us=101.7720 paired_delta_us=-12.4600
LOCAL_SAMPLE case=bf16-128x256 pair=09 order=P,C parent_device_us=7.9000 candidate_device_us=25.2400 parent_gelem_s=4.147848 candidate_gelem_s=1.298257 parent_wall_us=98.7730 candidate_wall_us=109.0130 paired_delta_us=17.3400
LOCAL_SAMPLE case=bf16-128x256 pair=10 order=C,P parent_device_us=7.4800 candidate_device_us=28.1200 parent_gelem_s=4.380749 candidate_gelem_s=1.165292 parent_wall_us=95.2320 candidate_wall_us=106.7530 paired_delta_us=20.6400
LOCAL_SAMPLE case=bf16-128x256 pair=11 order=P,C parent_device_us=21.6400 candidate_device_us=7.4800 parent_gelem_s=1.514233 candidate_gelem_s=4.380749 parent_wall_us=114.1830 candidate_wall_us=105.1330 paired_delta_us=-14.1600
LOCAL_SAMPLE case=bf16-128x256 pair=12 order=C,P parent_device_us=10.6600 candidate_device_us=7.7400 parent_gelem_s=3.073921 candidate_gelem_s=4.233592 parent_wall_us=98.1630 candidate_wall_us=105.4730 paired_delta_us=-2.9200
LOCAL_SAMPLE case=bf16-128x256 pair=13 order=P,C parent_device_us=17.2600 candidate_device_us=18.9200 parent_gelem_s=1.898494 candidate_gelem_s=1.731924 parent_wall_us=76.5620 candidate_wall_us=87.3320 paired_delta_us=1.6600
LOCAL_SAMPLE case=bf16-128x256 pair=14 order=C,P parent_device_us=15.6600 candidate_device_us=18.6600 parent_gelem_s=2.092465 candidate_gelem_s=1.756056 parent_wall_us=80.0720 candidate_wall_us=77.0430 paired_delta_us=3.0000
LOCAL_SAMPLE case=bf16-128x256 pair=15 order=P,C parent_device_us=6.9000 candidate_device_us=7.0600 parent_gelem_s=4.748986 candidate_gelem_s=4.641360 parent_wall_us=77.8830 candidate_wall_us=81.2920 paired_delta_us=0.1600
LOCAL_SAMPLE case=bf16-128x256 pair=16 order=C,P parent_device_us=18.2000 candidate_device_us=19.0400 parent_gelem_s=1.800439 candidate_gelem_s=1.721008 parent_wall_us=74.9320 candidate_wall_us=78.7920 paired_delta_us=0.8400
LOCAL_SAMPLE case=bf16-128x256 pair=17 order=P,C parent_device_us=7.8200 candidate_device_us=20.3600 parent_gelem_s=4.190281 candidate_gelem_s=1.609430 parent_wall_us=82.7920 candidate_wall_us=78.4620 paired_delta_us=12.5400
LOCAL_SAMPLE case=bf16-128x256 pair=18 order=C,P parent_device_us=7.3400 candidate_device_us=7.3400 parent_gelem_s=4.464305 candidate_gelem_s=4.464305 parent_wall_us=82.0130 candidate_wall_us=76.5820 paired_delta_us=0.0000
LOCAL_SAMPLE case=bf16-128x256 pair=19 order=P,C parent_device_us=7.0400 candidate_device_us=7.0600 parent_gelem_s=4.654545 candidate_gelem_s=4.641360 parent_wall_us=79.4820 candidate_wall_us=85.3930 paired_delta_us=0.0200
LOCAL_SAMPLE case=bf16-128x256 pair=20 order=C,P parent_device_us=28.1200 candidate_device_us=7.5800 parent_gelem_s=1.165292 candidate_gelem_s=4.322955 parent_wall_us=97.7920 candidate_wall_us=101.8820 paired_delta_us=-20.5400
LOCAL_SAMPLE case=bf16-128x256 pair=21 order=P,C parent_device_us=7.4200 candidate_device_us=35.4400 parent_gelem_s=4.416172 candidate_gelem_s=0.924605 parent_wall_us=90.0420 candidate_wall_us=98.0820 paired_delta_us=28.0200
LOCAL_SAMPLE case=bf16-128x256 pair=22 order=C,P parent_device_us=21.6800 candidate_device_us=7.2200 parent_gelem_s=1.511439 candidate_gelem_s=4.538504 parent_wall_us=75.7220 candidate_wall_us=105.6320 paired_delta_us=-14.4600
LOCAL_SAMPLE case=bf16-128x256 pair=23 order=P,C parent_device_us=27.5800 candidate_device_us=13.9800 parent_gelem_s=1.188107 candidate_gelem_s=2.343920 parent_wall_us=81.7020 candidate_wall_us=89.7620 paired_delta_us=-13.6000
LOCAL_SAMPLE case=bf16-128x256 pair=24 order=C,P parent_device_us=8.2000 candidate_device_us=6.8000 parent_gelem_s=3.996098 candidate_gelem_s=4.818823 parent_wall_us=84.7220 candidate_wall_us=80.2530 paired_delta_us=-1.4000
LOCAL_SAMPLE case=bf16-128x256 pair=25 order=P,C parent_device_us=7.1000 candidate_device_us=7.4600 parent_gelem_s=4.615211 candidate_gelem_s=4.392493 parent_wall_us=81.7730 candidate_wall_us=77.7120 paired_delta_us=0.3600
LOCAL_SAMPLE case=bf16-128x256 pair=26 order=C,P parent_device_us=7.3400 candidate_device_us=7.4200 parent_gelem_s=4.464305 candidate_gelem_s=4.416172 parent_wall_us=80.4120 candidate_wall_us=71.0720 paired_delta_us=0.0800
LOCAL_SAMPLE case=bf16-128x256 pair=27 order=P,C parent_device_us=7.4600 candidate_device_us=7.8400 parent_gelem_s=4.392493 candidate_gelem_s=4.179592 parent_wall_us=101.6730 candidate_wall_us=91.4430 paired_delta_us=0.3800
LOCAL_SAMPLE case=bf16-128x256 pair=28 order=C,P parent_device_us=7.0800 candidate_device_us=18.2600 parent_gelem_s=4.628249 candidate_gelem_s=1.794524 parent_wall_us=88.3130 candidate_wall_us=78.5820 paired_delta_us=11.1800
LOCAL_SAMPLE case=bf16-128x256 pair=29 order=P,C parent_device_us=7.8200 candidate_device_us=7.1400 parent_gelem_s=4.190281 candidate_gelem_s=4.589356 parent_wall_us=83.4920 candidate_wall_us=82.3220 paired_delta_us=-0.6800
LOCAL_SAMPLE case=bf16-128x256 pair=30 order=C,P parent_device_us=10.4000 candidate_device_us=7.2800 parent_gelem_s=3.150769 candidate_gelem_s=4.501099 parent_wall_us=76.9120 candidate_wall_us=80.1520 paired_delta_us=-3.1200
LOCAL_SAMPLE case=bf16-128x256 pair=31 order=P,C parent_device_us=27.0200 candidate_device_us=36.5600 parent_gelem_s=1.212731 candidate_gelem_s=0.896280 parent_wall_us=77.2020 candidate_wall_us=90.0530 paired_delta_us=9.5400
LOCAL_STATS case=bf16-128x256 metric=device_us binary=PARENT_R31B_V011 n=31 median=8.2000 mean=13.7252 stdev=8.0199 cv=0.58432 min=6.7800 max=33.9400 mad=1.4200 p10=7.0400 p90=27.0200
LOCAL_STATS case=bf16-128x256 metric=device_us binary=CANDIDATE_V079 n=31 median=13.9800 mean=15.4535 stdev=9.1727 cv=0.59357 min=6.8000 max=36.5600 mad=6.5600 p10=7.1400 p90=28.1200
LOCAL_STATS case=bf16-128x256 metric=wall_us binary=PARENT_R31B_V011 n=31 median=88.3130 mean=91.1060 stdev=13.3849 cv=0.14692 min=74.9320 max=120.6930 mad=9.8500 p10=76.9120 p90=113.7730
LOCAL_STATS case=bf16-128x256 metric=wall_us binary=CANDIDATE_V079 n=31 median=90.0530 mean=92.2086 stdev=12.8751 cv=0.13963 min=71.0720 max=121.6530 mad=11.5910 p10=77.7120 p90=106.7530
LOCAL_STATS case=bf16-128x256 metric=gelem_s binary=PARENT_R31B_V011 n=31 median=3.9961 mean=3.1488 stdev=1.4262 cv=0.45294 min=0.9655 max=4.8330 mad=0.8369 p10=1.2127 p90=4.6545
LOCAL_STATS case=bf16-128x256 metric=gelem_s binary=CANDIDATE_V079 n=31 median=2.3439 mean=2.9206 stdev=1.4989 cv=0.51320 min=0.8963 max=4.8188 mad=1.4193 p10=1.1653 p90=4.5894
LOCAL_STATS case=bf16-128x256 metric=paired_delta_us binary=CANDIDATE_MINUS_PARENT n=31 median=0.3600 mean=1.7284 stdev=11.2573 cv=6.51317 min=-20.5400 max=28.0200 mad=4.3400 p10=-13.6000 p90=17.3400
LOCAL_RESULT route=SYNC-BARRIER-ELISION-X revision=V079 device=3 shape=128x256 dtype=bf16 samples=31 parent_median_us=8.2000 candidate_median_us=13.9800 parent_median_gelem_s=3.996098 candidate_median_gelem_s=2.343920 local_delta_us=0.3600 local_score_percent=-4.390243 candidate_minus_parent_percent=4.390243
LOCAL_CONTEXT_POST_UTC=2026-10-08T20:09:28Z
+------------------------------------------------------------------------------------------------+
| npu-smi 25.0.rc1.1               Version: 25.0.rc1.1                                           |
+---------------------------+---------------+----------------------------------------------------+
| NPU   Name                | Health        | Power(W)    Temp(C)           Hugepages-Usage(page)|
| Chip                      | Bus-Id        | AICore(%)   Memory-Usage(MB)  HBM-Usage(MB)        |
+===========================+===============+====================================================+
| 0     910B3               | OK            | 158.6       34                0    / 0             |
| 0                         | 0000:C1:00.0  | 22          0    / 0          10497/ 65536         |
+===========================+===============+====================================================+
| 1     910B3               | OK            | 159.8       38                0    / 0             |
| 0                         | 0000:C2:00.0  | 19          0    / 0          11886/ 65536         |
+===========================+===============+====================================================+
| 2     910B3               | OK            | 98.3        31                0    / 0             |
| 0                         | 0000:81:00.0  | 1           0    / 0          6435 / 65536         |
+===========================+===============+====================================================+
| 3     910B3               | OK            | 90.2        30                0    / 0             |
| 0                         | 0000:82:00.0  | 0           0    / 0          3431 / 65536         |
+===========================+===============+====================================================+
| 4     910B3               | OK            | 193.1       58                0    / 0             |
| 0                         | 0000:01:00.0  | 64          0    / 0          59192/ 65536         |
+===========================+===============+====================================================+
| 5     910B3               | OK            | 174.9       54                0    / 0             |
| 0                         | 0000:02:00.0  | 46          0    / 0          60222/ 65536         |
+===========================+===============+====================================================+
| 6     910B3               | OK            | 167.3       48                0    / 0             |
| 0                         | 0000:41:00.0  | 45          0    / 0          60222/ 65536         |
+===========================+===============+====================================================+
| 7     910B3               | OK            | 163.6       42                0    / 0             |
| 0                         | 0000:42:00.0  | 3           0    / 0          28952/ 65536         |
+===========================+===============+====================================================+
+---------------------------+---------------+----------------------------------------------------+
| NPU     Chip              | Process id    | Process name             | Process memory(MB)      |
+===========================+===============+====================================================+
| 0       0                 | 4183472       | python                   | 1416                    |
| 0       0                 | 251901        | python                   | 5754                    |
+===========================+===============+====================================================+
| 1       0                 | 3150467       | python                   | 5748                    |
| 1       0                 | 4066169       | python                   | 2760                    |
+===========================+===============+====================================================+
| 2       0                 | 2055832       | python                   | 3066                    |
+===========================+===============+====================================================+
| No running processes found in NPU 3                                                            |
+===========================+===============+====================================================+
| 4       0                 | 2999855       | VLLMEngineCor            | 55666                   |
+===========================+===============+====================================================+
| 5       0                 | 89602         | VLLMWorker_TP            | 56700                   |
+===========================+===============+====================================================+
| 6       0                 | 91228         | VLLMWorker_TP            | 56701                   |
+===========================+===============+====================================================+
| 7       0                 | 439848        | python3                  | 21260                   |
| 7       0                 | 2055831       | python                   | 4082                    |
+===========================+===============+====================================================+
LOCAL_RERUN_RC=0
LOCAL_RERUN_END_UTC=2026-10-08T20:09:29Z
