ROUTE=SYNC-BARRIER-ELISION-X
REVISION=V067
GATE=INTERLEAVED_LOCAL
BLOCK=1
DEVICE=5
SHAPE=128x256
DTYPE=BF16
WARMUP=60
PAIRS=31
PARENT=PARENT_R31B_V011
CANDIDATE=CANDIDATE_V067
START_UTC=2026-10-08T16:48:17.791751999Z
COMMAND=/tmp/sync-v067-build.NUSG9l/sync_barrier_elision_correctness 5 --local --bf16
ENV_SETUP_EXIT_CODE=0
LOCAL_SAMPLE case=bf16-128x256 pair=01 order=P,C parent_device_us=50.5000 candidate_device_us=50.3800 parent_gelem_s=0.648871 candidate_gelem_s=0.650417 parent_wall_us=122.0110 candidate_wall_us=104.1910 paired_delta_us=-0.1200
LOCAL_SAMPLE case=bf16-128x256 pair=02 order=C,P parent_device_us=9.3800 candidate_device_us=8.3400 parent_gelem_s=3.493390 candidate_gelem_s=3.929017 parent_wall_us=73.2100 candidate_wall_us=78.7100 paired_delta_us=-1.0400
LOCAL_SAMPLE case=bf16-128x256 pair=03 order=P,C parent_device_us=9.2000 candidate_device_us=8.4400 parent_gelem_s=3.561739 candidate_gelem_s=3.882464 parent_wall_us=119.7610 candidate_wall_us=226.3320 paired_delta_us=-0.7600
LOCAL_SAMPLE case=bf16-128x256 pair=04 order=C,P parent_device_us=8.7200 candidate_device_us=151.2600 parent_gelem_s=3.757798 candidate_gelem_s=0.216634 parent_wall_us=268.1820 candidate_wall_us=203.4220 paired_delta_us=142.5400
LOCAL_SAMPLE case=bf16-128x256 pair=05 order=P,C parent_device_us=130.1000 candidate_device_us=10.8400 parent_gelem_s=0.251868 candidate_gelem_s=3.022878 parent_wall_us=396.8030 candidate_wall_us=157.7720 paired_delta_us=-119.2600
LOCAL_SAMPLE case=bf16-128x256 pair=06 order=C,P parent_device_us=11.4400 candidate_device_us=13.1200 parent_gelem_s=2.864336 candidate_gelem_s=2.497561 parent_wall_us=258.0520 candidate_wall_us=248.5220 paired_delta_us=1.6800
LOCAL_SAMPLE case=bf16-128x256 pair=07 order=P,C parent_device_us=8.8200 candidate_device_us=11.2600 parent_gelem_s=3.715193 candidate_gelem_s=2.910124 parent_wall_us=256.1120 candidate_wall_us=288.0720 paired_delta_us=2.4400
LOCAL_SAMPLE case=bf16-128x256 pair=08 order=C,P parent_device_us=13.9600 candidate_device_us=91.9000 parent_gelem_s=2.347278 candidate_gelem_s=0.356561 parent_wall_us=112.2310 candidate_wall_us=262.7220 paired_delta_us=77.9400
LOCAL_SAMPLE case=bf16-128x256 pair=09 order=P,C parent_device_us=80.5200 candidate_device_us=9.1800 parent_gelem_s=0.406955 candidate_gelem_s=3.569499 parent_wall_us=132.5620 candidate_wall_us=153.3310 paired_delta_us=-71.3400
LOCAL_SAMPLE case=bf16-128x256 pair=10 order=C,P parent_device_us=8.8200 candidate_device_us=14.1400 parent_gelem_s=3.715193 candidate_gelem_s=2.317398 parent_wall_us=227.4920 candidate_wall_us=191.6310 paired_delta_us=5.3200
LOCAL_SAMPLE case=bf16-128x256 pair=11 order=P,C parent_device_us=8.0000 candidate_device_us=13.3600 parent_gelem_s=4.096000 candidate_gelem_s=2.452695 parent_wall_us=229.3620 candidate_wall_us=130.8510 paired_delta_us=5.3600
LOCAL_SAMPLE case=bf16-128x256 pair=12 order=C,P parent_device_us=27.5800 candidate_device_us=15.1200 parent_gelem_s=1.188107 candidate_gelem_s=2.167196 parent_wall_us=211.9010 candidate_wall_us=132.1310 paired_delta_us=-12.4600
LOCAL_SAMPLE case=bf16-128x256 pair=13 order=P,C parent_device_us=10.5800 candidate_device_us=15.3400 parent_gelem_s=3.097165 candidate_gelem_s=2.136115 parent_wall_us=210.4120 candidate_wall_us=264.4520 paired_delta_us=4.7600
LOCAL_SAMPLE case=bf16-128x256 pair=14 order=C,P parent_device_us=8.7000 candidate_device_us=18.5400 parent_gelem_s=3.766437 candidate_gelem_s=1.767422 parent_wall_us=215.6420 candidate_wall_us=233.6120 paired_delta_us=9.8400
LOCAL_SAMPLE case=bf16-128x256 pair=15 order=P,C parent_device_us=10.1000 candidate_device_us=129.2600 parent_gelem_s=3.244357 candidate_gelem_s=0.253505 parent_wall_us=250.2720 candidate_wall_us=219.7320 paired_delta_us=119.1600
LOCAL_SAMPLE case=bf16-128x256 pair=16 order=C,P parent_device_us=8.7200 candidate_device_us=9.4400 parent_gelem_s=3.757798 candidate_gelem_s=3.471186 parent_wall_us=239.1820 candidate_wall_us=221.1920 paired_delta_us=0.7200
LOCAL_SAMPLE case=bf16-128x256 pair=17 order=P,C parent_device_us=13.1000 candidate_device_us=74.5000 parent_gelem_s=2.501374 candidate_gelem_s=0.439839 parent_wall_us=246.5020 candidate_wall_us=129.3610 paired_delta_us=61.4000
LOCAL_SAMPLE case=bf16-128x256 pair=18 order=C,P parent_device_us=23.6000 candidate_device_us=12.6800 parent_gelem_s=1.388475 candidate_gelem_s=2.584227 parent_wall_us=207.9520 candidate_wall_us=197.1910 paired_delta_us=-10.9200
LOCAL_SAMPLE case=bf16-128x256 pair=19 order=P,C parent_device_us=8.8000 candidate_device_us=13.7400 parent_gelem_s=3.723636 candidate_gelem_s=2.384862 parent_wall_us=76.4710 candidate_wall_us=159.7510 paired_delta_us=4.9400
LOCAL_SAMPLE case=bf16-128x256 pair=20 order=C,P parent_device_us=8.2200 candidate_device_us=8.2000 parent_gelem_s=3.986375 candidate_gelem_s=3.996098 parent_wall_us=225.1720 candidate_wall_us=196.3720 paired_delta_us=-0.0200
LOCAL_SAMPLE case=bf16-128x256 pair=21 order=P,C parent_device_us=8.9000 candidate_device_us=21.8600 parent_gelem_s=3.681798 candidate_gelem_s=1.498994 parent_wall_us=258.1420 candidate_wall_us=72.0310 paired_delta_us=12.9600
LOCAL_SAMPLE case=bf16-128x256 pair=22 order=C,P parent_device_us=9.2000 candidate_device_us=8.5800 parent_gelem_s=3.561739 candidate_gelem_s=3.819114 parent_wall_us=103.7210 candidate_wall_us=67.3400 paired_delta_us=-0.6200
LOCAL_SAMPLE case=bf16-128x256 pair=23 order=P,C parent_device_us=8.8200 candidate_device_us=14.0400 parent_gelem_s=3.715193 candidate_gelem_s=2.333903 parent_wall_us=75.7710 candidate_wall_us=238.5820 paired_delta_us=5.2200
LOCAL_SAMPLE case=bf16-128x256 pair=24 order=C,P parent_device_us=10.4400 candidate_device_us=211.9400 parent_gelem_s=3.138697 candidate_gelem_s=0.154610 parent_wall_us=254.1520 candidate_wall_us=269.5320 paired_delta_us=201.5000
LOCAL_SAMPLE case=bf16-128x256 pair=25 order=P,C parent_device_us=10.3800 candidate_device_us=204.3600 parent_gelem_s=3.156840 candidate_gelem_s=0.160344 parent_wall_us=215.0420 candidate_wall_us=266.7720 paired_delta_us=193.9800
LOCAL_SAMPLE case=bf16-128x256 pair=26 order=C,P parent_device_us=10.3200 candidate_device_us=8.4800 parent_gelem_s=3.175194 candidate_gelem_s=3.864151 parent_wall_us=229.7120 candidate_wall_us=215.5420 paired_delta_us=-1.8400
LOCAL_SAMPLE case=bf16-128x256 pair=27 order=P,C parent_device_us=52.6400 candidate_device_us=10.1400 parent_gelem_s=0.622492 candidate_gelem_s=3.231558 parent_wall_us=198.2110 candidate_wall_us=227.4020 paired_delta_us=-42.5000
LOCAL_SAMPLE case=bf16-128x256 pair=28 order=C,P parent_device_us=8.6400 candidate_device_us=13.1600 parent_gelem_s=3.792593 candidate_gelem_s=2.489970 parent_wall_us=216.0620 candidate_wall_us=241.9020 paired_delta_us=4.5200
LOCAL_SAMPLE case=bf16-128x256 pair=29 order=P,C parent_device_us=22.2200 candidate_device_us=9.3200 parent_gelem_s=1.474707 candidate_gelem_s=3.515880 parent_wall_us=69.5210 candidate_wall_us=72.4600 paired_delta_us=-12.9000
LOCAL_SAMPLE case=bf16-128x256 pair=30 order=C,P parent_device_us=181.0800 candidate_device_us=14.6200 parent_gelem_s=0.180959 candidate_gelem_s=2.241313 parent_wall_us=229.1720 candidate_wall_us=102.1010 paired_delta_us=-166.4600
LOCAL_SAMPLE case=bf16-128x256 pair=31 order=P,C parent_device_us=70.2000 candidate_device_us=9.5000 parent_gelem_s=0.466781 candidate_gelem_s=3.449263 parent_wall_us=270.8820 candidate_wall_us=374.3530 paired_delta_us=-60.7000
LOCAL_STATS case=bf16-128x256 metric=device_us binary=PARENT_R31B_V011 n=31 median=10.3200 mean=27.4742 stdev=39.5711 cv=1.44030 min=8.0000 max=181.0800 mad=1.6000 p10=8.7000 p90=70.2000
LOCAL_STATS case=bf16-128x256 metric=device_us binary=CANDIDATE_V067 n=31 median=13.3600 mean=38.8723 stdev=57.6719 cv=1.48363 min=8.2000 max=211.9400 mad=4.0400 p10=8.4800 p90=129.2600
LOCAL_STATS case=bf16-128x256 metric=wall_us binary=PARENT_R31B_V011 n=31 median=216.0620 mean=199.9894 stdev=75.3494 cv=0.37677 min=69.5210 max=396.8030 mad=38.0900 p10=76.4710 p90=258.1420
LOCAL_STATS case=bf16-128x256 metric=wall_us binary=CANDIDATE_V067 n=31 median=203.4220 mean=191.8505 stdev=74.5002 cv=0.38832 min=67.3400 max=374.3530 mad=50.0910 p10=78.7100 p90=266.7720
LOCAL_STATS case=bf16-128x256 metric=gelem_s binary=PARENT_R31B_V011 n=31 median=3.1752 mean=2.6606 stdev=1.3320 cv=0.50065 min=0.1810 max=4.0960 mad=0.5826 p10=0.4668 p90=3.7664
LOCAL_STATS case=bf16-128x256 metric=gelem_s binary=CANDIDATE_V067 n=31 median=2.4527 mean=2.3150 stdev=1.2800 cv=0.55294 min=0.1546 max=3.9961 mad=0.9966 p10=0.2535 p90=3.8642
LOCAL_STATS case=bf16-128x256 metric=paired_delta_us binary=CANDIDATE_MINUS_PARENT n=31 median=1.6800 mean=11.3981 stdev=75.7075 cv=6.64213 min=-166.4600 max=201.5000 mad=8.1600 p10=-60.7000 p90=119.1600
LOCAL_RESULT route=SYNC-BARRIER-ELISION-X revision=V067 device=5 shape=128x256 dtype=bf16 samples=31 parent_median_us=10.3200 candidate_median_us=13.3600 parent_median_gelem_s=3.175194 candidate_median_gelem_s=2.452695 local_delta_us=1.6800 local_score_percent=-16.279076 candidate_minus_parent_percent=16.279076
RUNNER_EXIT_CODE=0
END_UTC=2026-10-08T16:48:23.946930433Z
