SNAPSHOT_UTC=2026-10-08T16:43:57.573752173Z
ROUTE=SYNC-BARRIER-ELISION-X
REVISION=V067
DEVICE_2_POLICY=EXCLUDED_MODE_DISPATCH_V093_OCCUPIED
 16:43:57 up 243 days,  4:20, 36 users,  load average: 74.53, 64.89, 62.19
+------------------------------------------------------------------------------------------------+
| npu-smi 25.0.rc1.1               Version: 25.0.rc1.1                                           |
+---------------------------+---------------+----------------------------------------------------+
| NPU   Name                | Health        | Power(W)    Temp(C)           Hugepages-Usage(page)|
| Chip                      | Bus-Id        | AICore(%)   Memory-Usage(MB)  HBM-Usage(MB)        |
+===========================+===============+====================================================+
| 0     910B3               | OK            | 104.9       34                0    / 0             |
| 0                         | 0000:C1:00.0  | 2           0    / 0          14831/ 65536         |
+===========================+===============+====================================================+
| 1     910B3               | OK            | 211.2       48                0    / 0             |
| 0                         | 0000:C2:00.0  | 50          0    / 0          28507/ 65536         |
+===========================+===============+====================================================+
| 2     910B3               | OK            | 101.2       34                0    / 0             |
| 0                         | 0000:81:00.0  | 1           0    / 0          4699 / 65536         |
+===========================+===============+====================================================+
| 3     910B3               | OK            | 136.1       34                0    / 0             |
| 0                         | 0000:82:00.0  | 17          0    / 0          9124 / 65536         |
+===========================+===============+====================================================+
| 4     910B3               | OK            | 208.6       61                0    / 0             |
| 0                         | 0000:01:00.0  | 62          0    / 0          59192/ 65536         |
+===========================+===============+====================================================+
| 5     910B3               | OK            | 94.1        42                0    / 0             |
| 0                         | 0000:02:00.0  | 0           0    / 0          60222/ 65536         |
+===========================+===============+====================================================+
| 6     910B3               | OK            | 97.2        40                0    / 0             |
| 0                         | 0000:41:00.0  | 0           0    / 0          60222/ 65536         |
+===========================+===============+====================================================+
| 7     910B3               | OK            | 129.0       44                0    / 0             |
| 0                         | 0000:42:00.0  | 11          0    / 0          26069/ 65536         |
+===========================+===============+====================================================+
+---------------------------+---------------+----------------------------------------------------+
| NPU     Chip              | Process id    | Process name             | Process memory(MB)      |
+===========================+===============+====================================================+
| 0       0                 | 2055829       | python                   | 5754                    |
| 0       0                 | 251901        | python                   | 5752                    |
+===========================+===============+====================================================+
| 1       0                 | 3150467       | python                   | 5748                    |
| 1       0                 | 2055828       | python                   | 4232                    |
| 1       0                 | 203339        | python                   | 15199                   |
+===========================+===============+====================================================+
| 2       0                 | 2055832       | python                   | 1330                    |
+===========================+===============+====================================================+
| 3       0                 | 2055830       | python                   | 5748                    |
+===========================+===============+====================================================+
| 4       0                 | 2999855       | VLLMEngineCor            | 55666                   |
+===========================+===============+====================================================+
| 5       0                 | 89602         | VLLMWorker_TP            | 56700                   |
+===========================+===============+====================================================+
| 6       0                 | 91228         | VLLMWorker_TP            | 56701                   |
+===========================+===============+====================================================+
| 7       0                 | 439848        | python3                  | 21260                   |
| 7       0                 | 2055831       | python                   | 1330                    |
+===========================+===============+====================================================+
	NPU ID                         : 3
	Chip Count                     : 1

	DDR Capacity(MB)               : 0
	DDR Usage Rate(%)              : 0
	DDR Hugepages Total(page)      : 0
	DDR Hugepages Usage Rate(%)    : 0
	HBM Capacity(MB)               : 65536
	HBM Usage Rate(%)              : 13
	Aicore Usage Rate(%)           : 17
	Aivector Usage Rate(%)         : 15
	Aicpu Usage Rate(%)            : 0
	Ctrlcpu Usage Rate(%)          : 2
	DDR Bandwidth Usage Rate(%)    : 0
	HBM Bandwidth Usage Rate(%)    : 7
	Chip ID                        : 0

