V039_LOCAL_START_UTC=2026-10-07T17:06:07,388917357+00:00
HOST=hwnput3
DEVICE=4
PARENT=R31B-V011
DTYPE=FP32
SHAPES=128x3576,128x3584,128x3592
PAIRS_PER_SHAPE=6
WARMUP=45
SAMPLES_PER_BLOCK=31
BLOCKS=2
BATCH_N=64
GAP_SEC=0
RUN_BEGIN_UTC=2026-10-07T17:06:08,689774378+00:00
RUN_BEGIN shape=128x3576 pair=1 order=parent candidate side=parent binary=本地实验/R-W4-4/V039/partial-ranking/stage/build-v039/clx_ref_parent_probe
RUN_END rc=0 shape=128x3576 pair=1 side=parent raw=本地实验/R-W4-4/V039/partial-ranking/local-pair01-parent-r128-w3576-fp32-raw.tsv stats=本地实验/R-W4-4/V039/partial-ranking/local-pair01-parent-r128-w3576-fp32-stats.txt stdout=本地实验/R-W4-4/V039/partial-ranking/local-pair01-parent-r128-w3576-fp32-stdout.log stderr=本地实验/R-W4-4/V039/partial-ranking/local-pair01-parent-r128-w3576-fp32-stderr.log
RUN_BEGIN_UTC=2026-10-07T17:06:15,235114807+00:00
RUN_BEGIN shape=128x3576 pair=1 order=parent candidate side=candidate binary=本地实验/R-W4-4/V039/partial-ranking/stage/build-v039/clx_ref_candidate_probe
RUN_END rc=0 shape=128x3576 pair=1 side=candidate raw=本地实验/R-W4-4/V039/partial-ranking/local-pair01-candidate-r128-w3576-fp32-raw.tsv stats=本地实验/R-W4-4/V039/partial-ranking/local-pair01-candidate-r128-w3576-fp32-stats.txt stdout=本地实验/R-W4-4/V039/partial-ranking/local-pair01-candidate-r128-w3576-fp32-stdout.log stderr=本地实验/R-W4-4/V039/partial-ranking/local-pair01-candidate-r128-w3576-fp32-stderr.log
RUN_BEGIN_UTC=2026-10-07T17:06:23,158072923+00:00
RUN_BEGIN shape=128x3576 pair=2 order=candidate parent side=candidate binary=本地实验/R-W4-4/V039/partial-ranking/stage/build-v039/clx_ref_candidate_probe
RUN_END rc=0 shape=128x3576 pair=2 side=candidate raw=本地实验/R-W4-4/V039/partial-ranking/local-pair02-candidate-r128-w3576-fp32-raw.tsv stats=本地实验/R-W4-4/V039/partial-ranking/local-pair02-candidate-r128-w3576-fp32-stats.txt stdout=本地实验/R-W4-4/V039/partial-ranking/local-pair02-candidate-r128-w3576-fp32-stdout.log stderr=本地实验/R-W4-4/V039/partial-ranking/local-pair02-candidate-r128-w3576-fp32-stderr.log
RUN_BEGIN_UTC=2026-10-07T17:06:30,694627566+00:00
RUN_BEGIN shape=128x3576 pair=2 order=candidate parent side=parent binary=本地实验/R-W4-4/V039/partial-ranking/stage/build-v039/clx_ref_parent_probe
RUN_END rc=0 shape=128x3576 pair=2 side=parent raw=本地实验/R-W4-4/V039/partial-ranking/local-pair02-parent-r128-w3576-fp32-raw.tsv stats=本地实验/R-W4-4/V039/partial-ranking/local-pair02-parent-r128-w3576-fp32-stats.txt stdout=本地实验/R-W4-4/V039/partial-ranking/local-pair02-parent-r128-w3576-fp32-stdout.log stderr=本地实验/R-W4-4/V039/partial-ranking/local-pair02-parent-r128-w3576-fp32-stderr.log
RUN_BEGIN_UTC=2026-10-07T17:06:36,942610834+00:00
RUN_BEGIN shape=128x3576 pair=3 order=parent candidate side=parent binary=本地实验/R-W4-4/V039/partial-ranking/stage/build-v039/clx_ref_parent_probe
RUN_END rc=0 shape=128x3576 pair=3 side=parent raw=本地实验/R-W4-4/V039/partial-ranking/local-pair03-parent-r128-w3576-fp32-raw.tsv stats=本地实验/R-W4-4/V039/partial-ranking/local-pair03-parent-r128-w3576-fp32-stats.txt stdout=本地实验/R-W4-4/V039/partial-ranking/local-pair03-parent-r128-w3576-fp32-stdout.log stderr=本地实验/R-W4-4/V039/partial-ranking/local-pair03-parent-r128-w3576-fp32-stderr.log
RUN_BEGIN_UTC=2026-10-07T17:06:43,868904699+00:00
RUN_BEGIN shape=128x3576 pair=3 order=parent candidate side=candidate binary=本地实验/R-W4-4/V039/partial-ranking/stage/build-v039/clx_ref_candidate_probe
RUN_END rc=0 shape=128x3576 pair=3 side=candidate raw=本地实验/R-W4-4/V039/partial-ranking/local-pair03-candidate-r128-w3576-fp32-raw.tsv stats=本地实验/R-W4-4/V039/partial-ranking/local-pair03-candidate-r128-w3576-fp32-stats.txt stdout=本地实验/R-W4-4/V039/partial-ranking/local-pair03-candidate-r128-w3576-fp32-stdout.log stderr=本地实验/R-W4-4/V039/partial-ranking/local-pair03-candidate-r128-w3576-fp32-stderr.log
RUN_BEGIN_UTC=2026-10-07T17:06:51,006509089+00:00
RUN_BEGIN shape=128x3576 pair=4 order=candidate parent side=candidate binary=本地实验/R-W4-4/V039/partial-ranking/stage/build-v039/clx_ref_candidate_probe
RUN_END rc=0 shape=128x3576 pair=4 side=candidate raw=本地实验/R-W4-4/V039/partial-ranking/local-pair04-candidate-r128-w3576-fp32-raw.tsv stats=本地实验/R-W4-4/V039/partial-ranking/local-pair04-candidate-r128-w3576-fp32-stats.txt stdout=本地实验/R-W4-4/V039/partial-ranking/local-pair04-candidate-r128-w3576-fp32-stdout.log stderr=本地实验/R-W4-4/V039/partial-ranking/local-pair04-candidate-r128-w3576-fp32-stderr.log
RUN_BEGIN_UTC=2026-10-07T17:06:57,756423213+00:00
RUN_BEGIN shape=128x3576 pair=4 order=candidate parent side=parent binary=本地实验/R-W4-4/V039/partial-ranking/stage/build-v039/clx_ref_parent_probe
RUN_END rc=0 shape=128x3576 pair=4 side=parent raw=本地实验/R-W4-4/V039/partial-ranking/local-pair04-parent-r128-w3576-fp32-raw.tsv stats=本地实验/R-W4-4/V039/partial-ranking/local-pair04-parent-r128-w3576-fp32-stats.txt stdout=本地实验/R-W4-4/V039/partial-ranking/local-pair04-parent-r128-w3576-fp32-stdout.log stderr=本地实验/R-W4-4/V039/partial-ranking/local-pair04-parent-r128-w3576-fp32-stderr.log
RUN_BEGIN_UTC=2026-10-07T17:07:04,303236960+00:00
RUN_BEGIN shape=128x3576 pair=5 order=parent candidate side=parent binary=本地实验/R-W4-4/V039/partial-ranking/stage/build-v039/clx_ref_parent_probe
RUN_END rc=0 shape=128x3576 pair=5 side=parent raw=本地实验/R-W4-4/V039/partial-ranking/local-pair05-parent-r128-w3576-fp32-raw.tsv stats=本地实验/R-W4-4/V039/partial-ranking/local-pair05-parent-r128-w3576-fp32-stats.txt stdout=本地实验/R-W4-4/V039/partial-ranking/local-pair05-parent-r128-w3576-fp32-stdout.log stderr=本地实验/R-W4-4/V039/partial-ranking/local-pair05-parent-r128-w3576-fp32-stderr.log
RUN_BEGIN_UTC=2026-10-07T17:07:12,456557823+00:00
RUN_BEGIN shape=128x3576 pair=5 order=parent candidate side=candidate binary=本地实验/R-W4-4/V039/partial-ranking/stage/build-v039/clx_ref_candidate_probe
RUN_END rc=0 shape=128x3576 pair=5 side=candidate raw=本地实验/R-W4-4/V039/partial-ranking/local-pair05-candidate-r128-w3576-fp32-raw.tsv stats=本地实验/R-W4-4/V039/partial-ranking/local-pair05-candidate-r128-w3576-fp32-stats.txt stdout=本地实验/R-W4-4/V039/partial-ranking/local-pair05-candidate-r128-w3576-fp32-stdout.log stderr=本地实验/R-W4-4/V039/partial-ranking/local-pair05-candidate-r128-w3576-fp32-stderr.log
RUN_BEGIN_UTC=2026-10-07T17:07:19,007660184+00:00
RUN_BEGIN shape=128x3576 pair=6 order=candidate parent side=candidate binary=本地实验/R-W4-4/V039/partial-ranking/stage/build-v039/clx_ref_candidate_probe
RUN_END rc=0 shape=128x3576 pair=6 side=candidate raw=本地实验/R-W4-4/V039/partial-ranking/local-pair06-candidate-r128-w3576-fp32-raw.tsv stats=本地实验/R-W4-4/V039/partial-ranking/local-pair06-candidate-r128-w3576-fp32-stats.txt stdout=本地实验/R-W4-4/V039/partial-ranking/local-pair06-candidate-r128-w3576-fp32-stdout.log stderr=本地实验/R-W4-4/V039/partial-ranking/local-pair06-candidate-r128-w3576-fp32-stderr.log
RUN_BEGIN_UTC=2026-10-07T17:07:25,351601518+00:00
RUN_BEGIN shape=128x3576 pair=6 order=candidate parent side=parent binary=本地实验/R-W4-4/V039/partial-ranking/stage/build-v039/clx_ref_parent_probe
RUN_END rc=0 shape=128x3576 pair=6 side=parent raw=本地实验/R-W4-4/V039/partial-ranking/local-pair06-parent-r128-w3576-fp32-raw.tsv stats=本地实验/R-W4-4/V039/partial-ranking/local-pair06-parent-r128-w3576-fp32-stats.txt stdout=本地实验/R-W4-4/V039/partial-ranking/local-pair06-parent-r128-w3576-fp32-stdout.log stderr=本地实验/R-W4-4/V039/partial-ranking/local-pair06-parent-r128-w3576-fp32-stderr.log
RUN_BEGIN_UTC=2026-10-07T17:07:33,072383174+00:00
RUN_BEGIN shape=128x3584 pair=1 order=parent candidate side=parent binary=本地实验/R-W4-4/V039/partial-ranking/stage/build-v039/clx_ref_parent_probe
RUN_END rc=0 shape=128x3584 pair=1 side=parent raw=本地实验/R-W4-4/V039/partial-ranking/local-pair01-parent-r128-w3584-fp32-raw.tsv stats=本地实验/R-W4-4/V039/partial-ranking/local-pair01-parent-r128-w3584-fp32-stats.txt stdout=本地实验/R-W4-4/V039/partial-ranking/local-pair01-parent-r128-w3584-fp32-stdout.log stderr=本地实验/R-W4-4/V039/partial-ranking/local-pair01-parent-r128-w3584-fp32-stderr.log
RUN_BEGIN_UTC=2026-10-07T17:07:40,818198565+00:00
RUN_BEGIN shape=128x3584 pair=1 order=parent candidate side=candidate binary=本地实验/R-W4-4/V039/partial-ranking/stage/build-v039/clx_ref_candidate_probe
RUN_END rc=0 shape=128x3584 pair=1 side=candidate raw=本地实验/R-W4-4/V039/partial-ranking/local-pair01-candidate-r128-w3584-fp32-raw.tsv stats=本地实验/R-W4-4/V039/partial-ranking/local-pair01-candidate-r128-w3584-fp32-stats.txt stdout=本地实验/R-W4-4/V039/partial-ranking/local-pair01-candidate-r128-w3584-fp32-stdout.log stderr=本地实验/R-W4-4/V039/partial-ranking/local-pair01-candidate-r128-w3584-fp32-stderr.log
RUN_BEGIN_UTC=2026-10-07T17:07:47,761441249+00:00
RUN_BEGIN shape=128x3584 pair=2 order=candidate parent side=candidate binary=本地实验/R-W4-4/V039/partial-ranking/stage/build-v039/clx_ref_candidate_probe
RUN_END rc=0 shape=128x3584 pair=2 side=candidate raw=本地实验/R-W4-4/V039/partial-ranking/local-pair02-candidate-r128-w3584-fp32-raw.tsv stats=本地实验/R-W4-4/V039/partial-ranking/local-pair02-candidate-r128-w3584-fp32-stats.txt stdout=本地实验/R-W4-4/V039/partial-ranking/local-pair02-candidate-r128-w3584-fp32-stdout.log stderr=本地实验/R-W4-4/V039/partial-ranking/local-pair02-candidate-r128-w3584-fp32-stderr.log
RUN_BEGIN_UTC=2026-10-07T17:07:54,121994655+00:00
RUN_BEGIN shape=128x3584 pair=2 order=candidate parent side=parent binary=本地实验/R-W4-4/V039/partial-ranking/stage/build-v039/clx_ref_parent_probe
RUN_END rc=0 shape=128x3584 pair=2 side=parent raw=本地实验/R-W4-4/V039/partial-ranking/local-pair02-parent-r128-w3584-fp32-raw.tsv stats=本地实验/R-W4-4/V039/partial-ranking/local-pair02-parent-r128-w3584-fp32-stats.txt stdout=本地实验/R-W4-4/V039/partial-ranking/local-pair02-parent-r128-w3584-fp32-stdout.log stderr=本地实验/R-W4-4/V039/partial-ranking/local-pair02-parent-r128-w3584-fp32-stderr.log
RUN_BEGIN_UTC=2026-10-07T17:08:01,892719304+00:00
RUN_BEGIN shape=128x3584 pair=3 order=parent candidate side=parent binary=本地实验/R-W4-4/V039/partial-ranking/stage/build-v039/clx_ref_parent_probe
RUN_END rc=0 shape=128x3584 pair=3 side=parent raw=本地实验/R-W4-4/V039/partial-ranking/local-pair03-parent-r128-w3584-fp32-raw.tsv stats=本地实验/R-W4-4/V039/partial-ranking/local-pair03-parent-r128-w3584-fp32-stats.txt stdout=本地实验/R-W4-4/V039/partial-ranking/local-pair03-parent-r128-w3584-fp32-stdout.log stderr=本地实验/R-W4-4/V039/partial-ranking/local-pair03-parent-r128-w3584-fp32-stderr.log
RUN_BEGIN_UTC=2026-10-07T17:08:08,656926316+00:00
RUN_BEGIN shape=128x3584 pair=3 order=parent candidate side=candidate binary=本地实验/R-W4-4/V039/partial-ranking/stage/build-v039/clx_ref_candidate_probe
RUN_END rc=0 shape=128x3584 pair=3 side=candidate raw=本地实验/R-W4-4/V039/partial-ranking/local-pair03-candidate-r128-w3584-fp32-raw.tsv stats=本地实验/R-W4-4/V039/partial-ranking/local-pair03-candidate-r128-w3584-fp32-stats.txt stdout=本地实验/R-W4-4/V039/partial-ranking/local-pair03-candidate-r128-w3584-fp32-stdout.log stderr=本地实验/R-W4-4/V039/partial-ranking/local-pair03-candidate-r128-w3584-fp32-stderr.log
RUN_BEGIN_UTC=2026-10-07T17:08:15,406744621+00:00
RUN_BEGIN shape=128x3584 pair=4 order=candidate parent side=candidate binary=本地实验/R-W4-4/V039/partial-ranking/stage/build-v039/clx_ref_candidate_probe
RUN_END rc=0 shape=128x3584 pair=4 side=candidate raw=本地实验/R-W4-4/V039/partial-ranking/local-pair04-candidate-r128-w3584-fp32-raw.tsv stats=本地实验/R-W4-4/V039/partial-ranking/local-pair04-candidate-r128-w3584-fp32-stats.txt stdout=本地实验/R-W4-4/V039/partial-ranking/local-pair04-candidate-r128-w3584-fp32-stdout.log stderr=本地实验/R-W4-4/V039/partial-ranking/local-pair04-candidate-r128-w3584-fp32-stderr.log
RUN_BEGIN_UTC=2026-10-07T17:08:21,958146973+00:00
RUN_BEGIN shape=128x3584 pair=4 order=candidate parent side=parent binary=本地实验/R-W4-4/V039/partial-ranking/stage/build-v039/clx_ref_parent_probe
RUN_END rc=0 shape=128x3584 pair=4 side=parent raw=本地实验/R-W4-4/V039/partial-ranking/local-pair04-parent-r128-w3584-fp32-raw.tsv stats=本地实验/R-W4-4/V039/partial-ranking/local-pair04-parent-r128-w3584-fp32-stats.txt stdout=本地实验/R-W4-4/V039/partial-ranking/local-pair04-parent-r128-w3584-fp32-stdout.log stderr=本地实验/R-W4-4/V039/partial-ranking/local-pair04-parent-r128-w3584-fp32-stderr.log
RUN_BEGIN_UTC=2026-10-07T17:08:28,519859752+00:00
RUN_BEGIN shape=128x3584 pair=5 order=parent candidate side=parent binary=本地实验/R-W4-4/V039/partial-ranking/stage/build-v039/clx_ref_parent_probe
RUN_END rc=0 shape=128x3584 pair=5 side=parent raw=本地实验/R-W4-4/V039/partial-ranking/local-pair05-parent-r128-w3584-fp32-raw.tsv stats=本地实验/R-W4-4/V039/partial-ranking/local-pair05-parent-r128-w3584-fp32-stats.txt stdout=本地实验/R-W4-4/V039/partial-ranking/local-pair05-parent-r128-w3584-fp32-stdout.log stderr=本地实验/R-W4-4/V039/partial-ranking/local-pair05-parent-r128-w3584-fp32-stderr.log
RUN_BEGIN_UTC=2026-10-07T17:08:35,673345322+00:00
RUN_BEGIN shape=128x3584 pair=5 order=parent candidate side=candidate binary=本地实验/R-W4-4/V039/partial-ranking/stage/build-v039/clx_ref_candidate_probe
RUN_END rc=0 shape=128x3584 pair=5 side=candidate raw=本地实验/R-W4-4/V039/partial-ranking/local-pair05-candidate-r128-w3584-fp32-raw.tsv stats=本地实验/R-W4-4/V039/partial-ranking/local-pair05-candidate-r128-w3584-fp32-stats.txt stdout=本地实验/R-W4-4/V039/partial-ranking/local-pair05-candidate-r128-w3584-fp32-stdout.log stderr=本地实验/R-W4-4/V039/partial-ranking/local-pair05-candidate-r128-w3584-fp32-stderr.log
RUN_BEGIN_UTC=2026-10-07T17:08:42,412967583+00:00
RUN_BEGIN shape=128x3584 pair=6 order=candidate parent side=candidate binary=本地实验/R-W4-4/V039/partial-ranking/stage/build-v039/clx_ref_candidate_probe
RUN_END rc=0 shape=128x3584 pair=6 side=candidate raw=本地实验/R-W4-4/V039/partial-ranking/local-pair06-candidate-r128-w3584-fp32-raw.tsv stats=本地实验/R-W4-4/V039/partial-ranking/local-pair06-candidate-r128-w3584-fp32-stats.txt stdout=本地实验/R-W4-4/V039/partial-ranking/local-pair06-candidate-r128-w3584-fp32-stdout.log stderr=本地实验/R-W4-4/V039/partial-ranking/local-pair06-candidate-r128-w3584-fp32-stderr.log
RUN_BEGIN_UTC=2026-10-07T17:08:49,180528402+00:00
RUN_BEGIN shape=128x3584 pair=6 order=candidate parent side=parent binary=本地实验/R-W4-4/V039/partial-ranking/stage/build-v039/clx_ref_parent_probe
RUN_END rc=0 shape=128x3584 pair=6 side=parent raw=本地实验/R-W4-4/V039/partial-ranking/local-pair06-parent-r128-w3584-fp32-raw.tsv stats=本地实验/R-W4-4/V039/partial-ranking/local-pair06-parent-r128-w3584-fp32-stats.txt stdout=本地实验/R-W4-4/V039/partial-ranking/local-pair06-parent-r128-w3584-fp32-stdout.log stderr=本地实验/R-W4-4/V039/partial-ranking/local-pair06-parent-r128-w3584-fp32-stderr.log
RUN_BEGIN_UTC=2026-10-07T17:08:56,910987201+00:00
RUN_BEGIN shape=128x3592 pair=1 order=parent candidate side=parent binary=本地实验/R-W4-4/V039/partial-ranking/stage/build-v039/clx_ref_parent_probe
RUN_END rc=0 shape=128x3592 pair=1 side=parent raw=本地实验/R-W4-4/V039/partial-ranking/local-pair01-parent-r128-w3592-fp32-raw.tsv stats=本地实验/R-W4-4/V039/partial-ranking/local-pair01-parent-r128-w3592-fp32-stats.txt stdout=本地实验/R-W4-4/V039/partial-ranking/local-pair01-parent-r128-w3592-fp32-stdout.log stderr=本地实验/R-W4-4/V039/partial-ranking/local-pair01-parent-r128-w3592-fp32-stderr.log
RUN_BEGIN_UTC=2026-10-07T17:09:03,441813129+00:00
RUN_BEGIN shape=128x3592 pair=1 order=parent candidate side=candidate binary=本地实验/R-W4-4/V039/partial-ranking/stage/build-v039/clx_ref_candidate_probe
RUN_END rc=0 shape=128x3592 pair=1 side=candidate raw=本地实验/R-W4-4/V039/partial-ranking/local-pair01-candidate-r128-w3592-fp32-raw.tsv stats=本地实验/R-W4-4/V039/partial-ranking/local-pair01-candidate-r128-w3592-fp32-stats.txt stdout=本地实验/R-W4-4/V039/partial-ranking/local-pair01-candidate-r128-w3592-fp32-stdout.log stderr=本地实验/R-W4-4/V039/partial-ranking/local-pair01-candidate-r128-w3592-fp32-stderr.log
RUN_BEGIN_UTC=2026-10-07T17:09:10,021965245+00:00
RUN_BEGIN shape=128x3592 pair=2 order=candidate parent side=candidate binary=本地实验/R-W4-4/V039/partial-ranking/stage/build-v039/clx_ref_candidate_probe
RUN_END rc=0 shape=128x3592 pair=2 side=candidate raw=本地实验/R-W4-4/V039/partial-ranking/local-pair02-candidate-r128-w3592-fp32-raw.tsv stats=本地实验/R-W4-4/V039/partial-ranking/local-pair02-candidate-r128-w3592-fp32-stats.txt stdout=本地实验/R-W4-4/V039/partial-ranking/local-pair02-candidate-r128-w3592-fp32-stdout.log stderr=本地实验/R-W4-4/V039/partial-ranking/local-pair02-candidate-r128-w3592-fp32-stderr.log
RUN_BEGIN_UTC=2026-10-07T17:09:16,597125263+00:00
RUN_BEGIN shape=128x3592 pair=2 order=candidate parent side=parent binary=本地实验/R-W4-4/V039/partial-ranking/stage/build-v039/clx_ref_parent_probe
RUN_END rc=0 shape=128x3592 pair=2 side=parent raw=本地实验/R-W4-4/V039/partial-ranking/local-pair02-parent-r128-w3592-fp32-raw.tsv stats=本地实验/R-W4-4/V039/partial-ranking/local-pair02-parent-r128-w3592-fp32-stats.txt stdout=本地实验/R-W4-4/V039/partial-ranking/local-pair02-parent-r128-w3592-fp32-stdout.log stderr=本地实验/R-W4-4/V039/partial-ranking/local-pair02-parent-r128-w3592-fp32-stderr.log
RUN_BEGIN_UTC=2026-10-07T17:09:23,555990445+00:00
RUN_BEGIN shape=128x3592 pair=3 order=parent candidate side=parent binary=本地实验/R-W4-4/V039/partial-ranking/stage/build-v039/clx_ref_parent_probe
RUN_END rc=0 shape=128x3592 pair=3 side=parent raw=本地实验/R-W4-4/V039/partial-ranking/local-pair03-parent-r128-w3592-fp32-raw.tsv stats=本地实验/R-W4-4/V039/partial-ranking/local-pair03-parent-r128-w3592-fp32-stats.txt stdout=本地实验/R-W4-4/V039/partial-ranking/local-pair03-parent-r128-w3592-fp32-stdout.log stderr=本地实验/R-W4-4/V039/partial-ranking/local-pair03-parent-r128-w3592-fp32-stderr.log
RUN_BEGIN_UTC=2026-10-07T17:09:29,910599357+00:00
RUN_BEGIN shape=128x3592 pair=3 order=parent candidate side=candidate binary=本地实验/R-W4-4/V039/partial-ranking/stage/build-v039/clx_ref_candidate_probe
RUN_END rc=0 shape=128x3592 pair=3 side=candidate raw=本地实验/R-W4-4/V039/partial-ranking/local-pair03-candidate-r128-w3592-fp32-raw.tsv stats=本地实验/R-W4-4/V039/partial-ranking/local-pair03-candidate-r128-w3592-fp32-stats.txt stdout=本地实验/R-W4-4/V039/partial-ranking/local-pair03-candidate-r128-w3592-fp32-stdout.log stderr=本地实验/R-W4-4/V039/partial-ranking/local-pair03-candidate-r128-w3592-fp32-stderr.log
RUN_BEGIN_UTC=2026-10-07T17:09:36,641995142+00:00
RUN_BEGIN shape=128x3592 pair=4 order=candidate parent side=candidate binary=本地实验/R-W4-4/V039/partial-ranking/stage/build-v039/clx_ref_candidate_probe
RUN_END rc=0 shape=128x3592 pair=4 side=candidate raw=本地实验/R-W4-4/V039/partial-ranking/local-pair04-candidate-r128-w3592-fp32-raw.tsv stats=本地实验/R-W4-4/V039/partial-ranking/local-pair04-candidate-r128-w3592-fp32-stats.txt stdout=本地实验/R-W4-4/V039/partial-ranking/local-pair04-candidate-r128-w3592-fp32-stdout.log stderr=本地实验/R-W4-4/V039/partial-ranking/local-pair04-candidate-r128-w3592-fp32-stderr.log
RUN_BEGIN_UTC=2026-10-07T17:09:43,184088221+00:00
RUN_BEGIN shape=128x3592 pair=4 order=candidate parent side=parent binary=本地实验/R-W4-4/V039/partial-ranking/stage/build-v039/clx_ref_parent_probe
RUN_END rc=0 shape=128x3592 pair=4 side=parent raw=本地实验/R-W4-4/V039/partial-ranking/local-pair04-parent-r128-w3592-fp32-raw.tsv stats=本地实验/R-W4-4/V039/partial-ranking/local-pair04-parent-r128-w3592-fp32-stats.txt stdout=本地实验/R-W4-4/V039/partial-ranking/local-pair04-parent-r128-w3592-fp32-stdout.log stderr=本地实验/R-W4-4/V039/partial-ranking/local-pair04-parent-r128-w3592-fp32-stderr.log
RUN_BEGIN_UTC=2026-10-07T17:09:51,097355991+00:00
RUN_BEGIN shape=128x3592 pair=5 order=parent candidate side=parent binary=本地实验/R-W4-4/V039/partial-ranking/stage/build-v039/clx_ref_parent_probe
RUN_END rc=0 shape=128x3592 pair=5 side=parent raw=本地实验/R-W4-4/V039/partial-ranking/local-pair05-parent-r128-w3592-fp32-raw.tsv stats=本地实验/R-W4-4/V039/partial-ranking/local-pair05-parent-r128-w3592-fp32-stats.txt stdout=本地实验/R-W4-4/V039/partial-ranking/local-pair05-parent-r128-w3592-fp32-stdout.log stderr=本地实验/R-W4-4/V039/partial-ranking/local-pair05-parent-r128-w3592-fp32-stderr.log
RUN_BEGIN_UTC=2026-10-07T17:09:57,456137240+00:00
RUN_BEGIN shape=128x3592 pair=5 order=parent candidate side=candidate binary=本地实验/R-W4-4/V039/partial-ranking/stage/build-v039/clx_ref_candidate_probe
RUN_END rc=0 shape=128x3592 pair=5 side=candidate raw=本地实验/R-W4-4/V039/partial-ranking/local-pair05-candidate-r128-w3592-fp32-raw.tsv stats=本地实验/R-W4-4/V039/partial-ranking/local-pair05-candidate-r128-w3592-fp32-stats.txt stdout=本地实验/R-W4-4/V039/partial-ranking/local-pair05-candidate-r128-w3592-fp32-stdout.log stderr=本地实验/R-W4-4/V039/partial-ranking/local-pair05-candidate-r128-w3592-fp32-stderr.log
RUN_BEGIN_UTC=2026-10-07T17:10:04,199675698+00:00
RUN_BEGIN shape=128x3592 pair=6 order=candidate parent side=candidate binary=本地实验/R-W4-4/V039/partial-ranking/stage/build-v039/clx_ref_candidate_probe
RUN_END rc=0 shape=128x3592 pair=6 side=candidate raw=本地实验/R-W4-4/V039/partial-ranking/local-pair06-candidate-r128-w3592-fp32-raw.tsv stats=本地实验/R-W4-4/V039/partial-ranking/local-pair06-candidate-r128-w3592-fp32-stats.txt stdout=本地实验/R-W4-4/V039/partial-ranking/local-pair06-candidate-r128-w3592-fp32-stdout.log stderr=本地实验/R-W4-4/V039/partial-ranking/local-pair06-candidate-r128-w3592-fp32-stderr.log
RUN_BEGIN_UTC=2026-10-07T17:10:11,716185425+00:00
RUN_BEGIN shape=128x3592 pair=6 order=candidate parent side=parent binary=本地实验/R-W4-4/V039/partial-ranking/stage/build-v039/clx_ref_parent_probe
RUN_END rc=0 shape=128x3592 pair=6 side=parent raw=本地实验/R-W4-4/V039/partial-ranking/local-pair06-parent-r128-w3592-fp32-raw.tsv stats=本地实验/R-W4-4/V039/partial-ranking/local-pair06-parent-r128-w3592-fp32-stats.txt stdout=本地实验/R-W4-4/V039/partial-ranking/local-pair06-parent-r128-w3592-fp32-stdout.log stderr=本地实验/R-W4-4/V039/partial-ranking/local-pair06-parent-r128-w3592-fp32-stderr.log
V039_LOCAL_END_UTC=2026-10-07T17:10:19,570067237+00:00
