CASE=80x2056 DTYPE=FP32 DEVICE=0 VECTOR_CORES=40 BLOCKS=40 EPSILON=9.99999975e-06 RUN_MODE=PAIRED
CORRECTNESS_CASE label=PARENT result=PASS matched_ratio=1.00000000 max_abs=4.76837158e-07 atol=1.52587891e-05 rtol=0.0009765625 max_abs_limit=0.01 elements=164480
CORRECTNESS_CASE label=CANDIDATE result=PASS matched_ratio=1.00000000 max_abs=4.76837158e-07 atol=1.52587891e-05 rtol=0.0009765625 max_abs_limit=0.01 elements=164480
PARENT_CANDIDATE_COMPARE different_elements=0 max_abs_difference=0
SAMPLE pair=01 order=P,C parent_event_us=49.900 candidate_event_us=36.920 parent_wall_us=128.084 candidate_wall_us=101.674 delta_event_us=-12.980
SAMPLE pair=02 order=C,P parent_event_us=18.760 candidate_event_us=40.480 parent_wall_us=86.514 candidate_wall_us=107.614 delta_event_us=21.720
SAMPLE pair=03 order=P,C parent_event_us=21.420 candidate_event_us=47.900 parent_wall_us=84.463 candidate_wall_us=109.434 delta_event_us=26.480
SAMPLE pair=04 order=C,P parent_event_us=20.060 candidate_event_us=23.600 parent_wall_us=84.553 candidate_wall_us=83.663 delta_event_us=3.540
SAMPLE pair=05 order=P,C parent_event_us=37.180 candidate_event_us=22.400 parent_wall_us=97.654 candidate_wall_us=84.064 delta_event_us=-14.780
SAMPLE pair=06 order=C,P parent_event_us=15.140 candidate_event_us=32.480 parent_wall_us=88.373 candidate_wall_us=97.304 delta_event_us=17.340
SAMPLE pair=07 order=P,C parent_event_us=67.540 candidate_event_us=21.820 parent_wall_us=152.776 candidate_wall_us=157.216 delta_event_us=-45.720
SAMPLE pair=08 order=C,P parent_event_us=50.620 candidate_event_us=102.000 parent_wall_us=99.634 candidate_wall_us=175.947 delta_event_us=51.380
SAMPLE pair=09 order=P,C parent_event_us=39.520 candidate_event_us=98.320 parent_wall_us=91.024 candidate_wall_us=166.236 delta_event_us=58.800
SAMPLE pair=10 order=C,P parent_event_us=26.100 candidate_event_us=19.240 parent_wall_us=84.013 candidate_wall_us=83.053 delta_event_us=-6.860
SAMPLE pair=11 order=P,C parent_event_us=10.740 candidate_event_us=62.240 parent_wall_us=80.553 candidate_wall_us=137.705 delta_event_us=51.500
SAMPLE pair=12 order=C,P parent_event_us=27.320 candidate_event_us=18.800 parent_wall_us=94.123 candidate_wall_us=100.214 delta_event_us=-8.520
SAMPLE pair=13 order=P,C parent_event_us=65.500 candidate_event_us=22.960 parent_wall_us=120.714 candidate_wall_us=86.403 delta_event_us=-42.540
SAMPLE pair=14 order=C,P parent_event_us=47.280 candidate_event_us=42.500 parent_wall_us=103.064 candidate_wall_us=91.934 delta_event_us=-4.780
SAMPLE pair=15 order=P,C parent_event_us=13.620 candidate_event_us=19.880 parent_wall_us=75.923 candidate_wall_us=77.562 delta_event_us=6.260
SAMPLE pair=16 order=C,P parent_event_us=15.600 candidate_event_us=14.080 parent_wall_us=77.683 candidate_wall_us=106.914 delta_event_us=-1.520
SAMPLE pair=17 order=P,C parent_event_us=36.820 candidate_event_us=34.040 parent_wall_us=94.853 candidate_wall_us=90.034 delta_event_us=-2.780
SAMPLE pair=18 order=C,P parent_event_us=67.420 candidate_event_us=15.860 parent_wall_us=136.235 candidate_wall_us=93.024 delta_event_us=-51.560
SAMPLE pair=19 order=P,C parent_event_us=206.120 candidate_event_us=16.720 parent_wall_us=271.640 candidate_wall_us=85.293 delta_event_us=-189.400
SAMPLE pair=20 order=C,P parent_event_us=78.420 candidate_event_us=44.400 parent_wall_us=127.355 candidate_wall_us=113.874 delta_event_us=-34.020
SAMPLE pair=21 order=P,C parent_event_us=19.560 candidate_event_us=34.780 parent_wall_us=79.703 candidate_wall_us=98.633 delta_event_us=15.220
LOCAL_RESULT parent_median_us=36.820 candidate_median_us=32.480 paired_delta_median_us=-2.780 local_delta_percent=-11.787064 samples_per_side=21
