V054_LOCAL_START_UTC=2026-10-07T21:21:18.717771582Z
HOST=hwnput3
DEVICE=4
PARENT=R31B-V011
SHAPE=128x5640
DTYPE=FP32
WARMUP=45
SAMPLES_PER_BLOCK=31
BLOCKS=2
BATCH_N=64
PAIRS=6
QUALITY_GATE=NONE; retain all numeric samples
PAIR=1 SIDE=parent RC=0 START=2026-10-07T21:21:20.088261105Z END=2026-10-07T21:21:26.837086660Z PREFIX=本地实验/R-W4-4/V054/partial-ranking/local-pair01-parent-r128-w5640-fp32
PAIR=1 SIDE=candidate RC=0 START=2026-10-07T21:21:26.843655885Z END=2026-10-07T21:21:34.562439372Z PREFIX=本地实验/R-W4-4/V054/partial-ranking/local-pair01-candidate-r128-w5640-fp32
PAIR=2 SIDE=candidate RC=0 START=2026-10-07T21:21:34.568138889Z END=2026-10-07T21:21:40.885992861Z PREFIX=本地实验/R-W4-4/V054/partial-ranking/local-pair02-candidate-r128-w5640-fp32
PAIR=2 SIDE=parent RC=0 START=2026-10-07T21:21:40.889548131Z END=2026-10-07T21:21:48.214238662Z PREFIX=本地实验/R-W4-4/V054/partial-ranking/local-pair02-parent-r128-w5640-fp32
PAIR=3 SIDE=parent RC=0 START=2026-10-07T21:21:48.217634707Z END=2026-10-07T21:21:55.154329903Z PREFIX=本地实验/R-W4-4/V054/partial-ranking/local-pair03-parent-r128-w5640-fp32
PAIR=3 SIDE=candidate RC=0 START=2026-10-07T21:21:55.159329469Z END=2026-10-07T21:22:01.719367326Z PREFIX=本地实验/R-W4-4/V054/partial-ranking/local-pair03-candidate-r128-w5640-fp32
PAIR=4 SIDE=candidate RC=0 START=2026-10-07T21:22:01.722963629Z END=2026-10-07T21:22:08.468481794Z PREFIX=本地实验/R-W4-4/V054/partial-ranking/local-pair04-candidate-r128-w5640-fp32
PAIR=4 SIDE=parent RC=0 START=2026-10-07T21:22:08.488226806Z END=2026-10-07T21:22:15.273497522Z PREFIX=本地实验/R-W4-4/V054/partial-ranking/local-pair04-parent-r128-w5640-fp32
PAIR=5 SIDE=parent RC=0 START=2026-10-07T21:22:15.276780374Z END=2026-10-07T21:22:22.217573131Z PREFIX=本地实验/R-W4-4/V054/partial-ranking/local-pair05-parent-r128-w5640-fp32
PAIR=5 SIDE=candidate RC=0 START=2026-10-07T21:22:22.220974302Z END=2026-10-07T21:22:28.762621487Z PREFIX=本地实验/R-W4-4/V054/partial-ranking/local-pair05-candidate-r128-w5640-fp32
PAIR=6 SIDE=candidate RC=0 START=2026-10-07T21:22:28.768752632Z END=2026-10-07T21:22:35.319857588Z PREFIX=本地实验/R-W4-4/V054/partial-ranking/local-pair06-candidate-r128-w5640-fp32
PAIR=6 SIDE=parent RC=0 START=2026-10-07T21:22:35.323145972Z END=2026-10-07T21:22:42.261940988Z PREFIX=本地实验/R-W4-4/V054/partial-ranking/local-pair06-parent-r128-w5640-fp32
V054_LOCAL_END_UTC=2026-10-07T21:22:43.616451430Z
