ACTION=unchanged Parent assembly emission
PARENT_EXECUTABLE=/home/data4t2/lelinfeng/server_runs/W4-R12/parent-tiny-20261008/build/r12_parent_probe
PARENT_MTIME_NS=1791434420501075891
UTC=2026-10-08T05:35:21.902745+00:00
	NPU ID                         : 4
	Chip Count                     : 1

	DDR Capacity(MB)               : 0
	DDR Usage Rate(%)              : 0
	DDR Hugepages Total(page)      : 0
	DDR Hugepages Usage Rate(%)    : 0
	HBM Capacity(MB)               : 65536
	HBM Usage Rate(%)              : 90
	Aicore Usage Rate(%)           : 64
	Aivector Usage Rate(%)         : 45
	Aicpu Usage Rate(%)            : 0
	Ctrlcpu Usage Rate(%)          : 3
	DDR Bandwidth Usage Rate(%)    : 0
	HBM Bandwidth Usage Rate(%)    : 62
	Chip ID                        : 0


FREE_HBM_MB=6553
LOAD=59.47 64.45 61.74 134/15775 3802873
R12_ACTIVE_PROCESSES_BEFORE=[]
COMMAND=/usr/local/Ascend/ascend-toolkit/8.5.0.alpha002/compiler/ccec_compiler/bin/bisheng -I/home/data4t2/lelinfeng/server_runs/W4-R12/parent-tiny-20261008 -I/usr/local/Ascend/ascend-toolkit/8.5.0.alpha002/aarch64-linux/include -I/usr/local/Ascend/ascend-toolkit/8.5.0.alpha002/aarch64-linux/ascendc/include -I/usr/local/Ascend/ascend-toolkit/8.5.0.alpha002/aarch64-linux/ascendc/include/basic_api/impl -I/usr/local/Ascend/ascend-toolkit/8.5.0.alpha002/aarch64-linux/asc/include/basic_api -I/usr/local/Ascend/ascend-toolkit/8.5.0.alpha002/aarch64-linux/asc/include -I/usr/local/Ascend/ascend-toolkit/8.5.0.alpha002/aarch64-linux/asc -I/usr/local/Ascend/ascend-toolkit/8.5.0.alpha002/aarch64-linux/asc/include/interface -I/usr/include/aarch64-linux-gnu -I/usr/include/c++/11 -I/usr/include/aarch64-linux-gnu/c++/11 -I/usr/local/Ascend/ascend-toolkit/8.5.0.alpha002/toolkit/toolchain/hcc/aarch64-target-linux-gnu/include/c++/7.3.0 -I/usr/local/Ascend/ascend-toolkit/8.5.0.alpha002/toolkit/toolchain/hcc/aarch64-target-linux-gnu/include/c++/7.3.0/aarch64-target-linux-gnu -I/usr/local/Ascend/ascend-toolkit/8.5.0.alpha002/toolkit/toolchain/hcc/aarch64-target-linux-gnu/include/c++/7.3.0/backward --cce-aicore-arch=dav-c220 -Xaicore-start -O3 -std=c++17 -Xaicore-end -Xhost-start -I/usr/include/c++/11 -I/usr/include/aarch64-linux-gnu/c++/11 -I/usr/local/Ascend/ascend-toolkit/8.5.0.alpha002/toolkit/toolchain/hcc/aarch64-target-linux-gnu/include/c++/7.3.0 -I/usr/local/Ascend/ascend-toolkit/8.5.0.alpha002/toolkit/toolchain/hcc/aarch64-target-linux-gnu/include/c++/7.3.0/aarch64-target-linux-gnu -I/usr/local/Ascend/ascend-toolkit/8.5.0.alpha002/toolkit/toolchain/hcc/aarch64-target-linux-gnu/include/c++/7.3.0/backward -fPIC -O2 -std=c++17 -Xhost-end --npu-arch=dav-2201 -x asc /home/data4t2/lelinfeng/server_runs/W4-R12/parent-tiny-20261008/parent_probe.asc --cce-aicore-only -S
bisheng: warning: argument unused during compilation: '-I /usr/include/c++/11' [-Wunused-command-line-argument]
bisheng: warning: argument unused during compilation: '-I /usr/include/aarch64-linux-gnu/c++/11' [-Wunused-command-line-argument]
bisheng: warning: argument unused during compilation: '-I /usr/local/Ascend/ascend-toolkit/8.5.0.alpha002/toolkit/toolchain/hcc/aarch64-target-linux-gnu/include/c++/7.3.0' [-Wunused-command-line-argument]
bisheng: warning: argument unused during compilation: '-I /usr/local/Ascend/ascend-toolkit/8.5.0.alpha002/toolkit/toolchain/hcc/aarch64-target-linux-gnu/include/c++/7.3.0/aarch64-target-linux-gnu' [-Wunused-command-line-argument]
bisheng: warning: argument unused during compilation: '-I /usr/local/Ascend/ascend-toolkit/8.5.0.alpha002/toolkit/toolchain/hcc/aarch64-target-linux-gnu/include/c++/7.3.0/backward' [-Wunused-command-line-argument]
bisheng: warning: argument unused during compilation: '-fPIC' [-Wunused-command-line-argument]
bisheng: warning: argument unused during compilation: '-O2' [-Wunused-command-line-argument]
error: unsupported option '-S'
error: unsupported option '-S'
ASSEMBLY_COMPILE_RC=1
ASSEMBLY_FILES=[]
PARENT_MTIME_NS_AFTER=1791434420501075891
UTC_END=2026-10-08T05:35:27.144829+00:00
RUNNING_DEVICE_OPERATION=NONE
