/usr/bin/cmake -S/home/data4t2/lelinfeng/phase4-worktrees/R31A/V021-direct/phase4/local/R31A/V021/support -B/home/data4t2/lelinfeng/phase4-worktrees/R31A/V021-direct/probe-build --check-build-system CMakeFiles/Makefile.cmake 0
Re-run cmake file: Makefile older than: /home/data4t2/lelinfeng/phase4-worktrees/R31A/V021-direct/phase4/local/R31A/V021/support/CMakeLists.txt
-- Configuring done
-- Generating done
-- Build files have been written to: /home/data4t2/lelinfeng/phase4-worktrees/R31A/V021-direct/probe-build
/usr/bin/gmake  -f CMakeFiles/Makefile2 r31a_paired_probe
gmake[1]: Entering directory '/home/data4t2/lelinfeng/phase4-worktrees/R31A/V021-direct/probe-build'
/usr/bin/cmake -S/home/data4t2/lelinfeng/phase4-worktrees/R31A/V021-direct/phase4/local/R31A/V021/support -B/home/data4t2/lelinfeng/phase4-worktrees/R31A/V021-direct/probe-build --check-build-system CMakeFiles/Makefile.cmake 0
/usr/bin/cmake -E cmake_progress_start /home/data4t2/lelinfeng/phase4-worktrees/R31A/V021-direct/probe-build/CMakeFiles 6
/usr/bin/gmake  -f CMakeFiles/Makefile2 CMakeFiles/r31a_paired_probe.dir/all
gmake[2]: Entering directory '/home/data4t2/lelinfeng/phase4-worktrees/R31A/V021-direct/probe-build'
/usr/bin/gmake  -f CMakeFiles/r31a_paired_v016.dir/build.make CMakeFiles/r31a_paired_v016.dir/depend
gmake[3]: Entering directory '/home/data4t2/lelinfeng/phase4-worktrees/R31A/V021-direct/probe-build'
cd /home/data4t2/lelinfeng/phase4-worktrees/R31A/V021-direct/probe-build && /usr/bin/cmake -E cmake_depends "Unix Makefiles" /home/data4t2/lelinfeng/phase4-worktrees/R31A/V021-direct/phase4/local/R31A/V021/support /home/data4t2/lelinfeng/phase4-worktrees/R31A/V021-direct/phase4/local/R31A/V021/support /home/data4t2/lelinfeng/phase4-worktrees/R31A/V021-direct/probe-build /home/data4t2/lelinfeng/phase4-worktrees/R31A/V021-direct/probe-build /home/data4t2/lelinfeng/phase4-worktrees/R31A/V021-direct/probe-build/CMakeFiles/r31a_paired_v016.dir/DependInfo.cmake --color=
Dependencies file "CMakeFiles/r31a_paired_v016.dir/paired_probe_v016.asc.o.d" is newer than depends file "/home/data4t2/lelinfeng/phase4-worktrees/R31A/V021-direct/probe-build/CMakeFiles/r31a_paired_v016.dir/compiler_depend.internal".
Consolidate compiler generated dependencies of target r31a_paired_v016
gmake[3]: Leaving directory '/home/data4t2/lelinfeng/phase4-worktrees/R31A/V021-direct/probe-build'
/usr/bin/gmake  -f CMakeFiles/r31a_paired_v016.dir/build.make CMakeFiles/r31a_paired_v016.dir/build
gmake[3]: Entering directory '/home/data4t2/lelinfeng/phase4-worktrees/R31A/V021-direct/probe-build'
[ 16%] Building ASC object CMakeFiles/r31a_paired_v016.dir/paired_probe_v016.asc.o
/usr/bin/cmake -E env CPATH=/usr/include/c++/11:/usr/include/aarch64-linux-gnu/c++/11:/usr/include/c++/11/backward CPLUS_INCLUDE_PATH=/usr/include/c++/11:/usr/include/aarch64-linux-gnu/c++/11:/usr/include/c++/11/backward /usr/local/Ascend/ascend-toolkit/latest/compiler/ccec_compiler/bin/bisheng --npu-arch=dav-2201 --npu-soc=Ascend910B3 -Dr31a_paired_v016_EXPORTS -I/home/data4t2/lelinfeng/phase4-worktrees/R31A/V021-direct/phase4/local/R31A/V021/support -I/usr/local/Ascend/ascend-toolkit/8.5.0.alpha002/aarch64-linux/include -I/usr/local/Ascend/ascend-toolkit/8.5.0.alpha002/aarch64-linux/ascendc/include -I/usr/local/Ascend/ascend-toolkit/8.5.0.alpha002/aarch64-linux/ascendc/include/basic_api/impl -I/usr/local/Ascend/ascend-toolkit/8.5.0.alpha002/aarch64-linux -I/usr/local/Ascend/ascend-toolkit/8.5.0.alpha002/aarch64-linux/asc -I/usr/local/Ascend/ascend-toolkit/8.5.0.alpha002/aarch64-linux/asc/include -I/usr/local/Ascend/ascend-toolkit/8.5.0.alpha002/aarch64-linux/asc/include/basic_api -I/usr/local/Ascend/ascend-toolkit/8.5.0.alpha002/aarch64-linux/asc/include/interface -I/usr/local/Ascend/ascend-toolkit/8.5.0.alpha002/toolkit/toolchain/hcc/aarch64-target-linux-gnu/include -I/usr/local/Ascend/ascend-toolkit/8.5.0.alpha002/toolkit/toolchain/hcc/aarch64-target-linux-gnu/include/c++/7.3.0 -I/usr/local/Ascend/ascend-toolkit/8.5.0.alpha002/toolkit/toolchain/hcc/aarch64-target-linux-gnu/include/c++/7.3.0/aarch64-target-linux-gnu -I/usr/local/Ascend/ascend-toolkit/8.5.0.alpha002/toolkit/toolchain/hcc/aarch64-target-linux-gnu/include/c++/7.3.0/backward -Xaicore-start -O3 -std=c++17 -Xaicore-end -Xhost-start -fPIC -O2 -Xhost-end --npu-arch=dav-2201 -MD -MT CMakeFiles/r31a_paired_v016.dir/paired_probe_v016.asc.o -MF CMakeFiles/r31a_paired_v016.dir/paired_probe_v016.asc.o.d -o CMakeFiles/r31a_paired_v016.dir/paired_probe_v016.asc.o -c -x asc /home/data4t2/lelinfeng/phase4-worktrees/R31A/V021-direct/phase4/local/R31A/V021/support/paired_probe_v016.asc
Warning: please refer to the above warning message. 
Warning: please refer to the above warning message. 
Warning: please refer to the above warning message. 
Warning: please refer to the above warning message. 
Warning: please refer to the above warning message. 
Warning: please refer to the above warning message. 
Warning: please refer to the above warning message. 
Warning: please refer to the above warning message. 
Warning: please refer to the above warning message. 
Warning: please refer to the above warning message. 
Warning: please refer to the above warning message. 
Warning: please refer to the above warning message. 
Warning: please refer to the above warning message. 
Warning: please refer to the above warning message. 
Warning: please refer to the above warning message. 
[ 33%] Linking ASC shared library libr31a_paired_v016.so
/usr/bin/cmake -E cmake_link_script CMakeFiles/r31a_paired_v016.dir/link.txt --verbose=1
/usr/local/Ascend/ascend-toolkit/latest/compiler/ccec_compiler/bin/bisheng -Wl,-Bsymbolic -L/usr/local/Ascend/ascend-toolkit/8.5.0.alpha002/aarch64-linux/lib64 -L/usr/lib/gcc/aarch64-linux-gnu/11 -L/usr/lib/aarch64-linux-gnu -L/usr/local/Ascend/ascend-toolkit/8.5.0.alpha002/toolkit/toolchain/hcc/aarch64-target-linux-gnu/lib64 -shared -Wl,-soname,libr31a_paired_v016.so -o libr31a_paired_v016.so CMakeFiles/r31a_paired_v016.dir/paired_probe_v016.asc.o  -ltiling_api -lregister -lplatform -lunified_dlog -ldl -lm -lgraph_base 
gmake[3]: Leaving directory '/home/data4t2/lelinfeng/phase4-worktrees/R31A/V021-direct/probe-build'
[ 33%] Built target r31a_paired_v016
/usr/bin/gmake  -f CMakeFiles/r31a_paired_v021.dir/build.make CMakeFiles/r31a_paired_v021.dir/depend
gmake[3]: Entering directory '/home/data4t2/lelinfeng/phase4-worktrees/R31A/V021-direct/probe-build'
cd /home/data4t2/lelinfeng/phase4-worktrees/R31A/V021-direct/probe-build && /usr/bin/cmake -E cmake_depends "Unix Makefiles" /home/data4t2/lelinfeng/phase4-worktrees/R31A/V021-direct/phase4/local/R31A/V021/support /home/data4t2/lelinfeng/phase4-worktrees/R31A/V021-direct/phase4/local/R31A/V021/support /home/data4t2/lelinfeng/phase4-worktrees/R31A/V021-direct/probe-build /home/data4t2/lelinfeng/phase4-worktrees/R31A/V021-direct/probe-build /home/data4t2/lelinfeng/phase4-worktrees/R31A/V021-direct/probe-build/CMakeFiles/r31a_paired_v021.dir/DependInfo.cmake --color=
Dependencies file "CMakeFiles/r31a_paired_v021.dir/paired_probe_v021.asc.o.d" is newer than depends file "/home/data4t2/lelinfeng/phase4-worktrees/R31A/V021-direct/probe-build/CMakeFiles/r31a_paired_v021.dir/compiler_depend.internal".
Consolidate compiler generated dependencies of target r31a_paired_v021
gmake[3]: Leaving directory '/home/data4t2/lelinfeng/phase4-worktrees/R31A/V021-direct/probe-build'
/usr/bin/gmake  -f CMakeFiles/r31a_paired_v021.dir/build.make CMakeFiles/r31a_paired_v021.dir/build
gmake[3]: Entering directory '/home/data4t2/lelinfeng/phase4-worktrees/R31A/V021-direct/probe-build'
[ 50%] Building ASC object CMakeFiles/r31a_paired_v021.dir/paired_probe_v021.asc.o
/usr/bin/cmake -E env CPATH=/usr/include/c++/11:/usr/include/aarch64-linux-gnu/c++/11:/usr/include/c++/11/backward CPLUS_INCLUDE_PATH=/usr/include/c++/11:/usr/include/aarch64-linux-gnu/c++/11:/usr/include/c++/11/backward /usr/local/Ascend/ascend-toolkit/latest/compiler/ccec_compiler/bin/bisheng --npu-arch=dav-2201 --npu-soc=Ascend910B3 -Dr31a_paired_v021_EXPORTS -I/home/data4t2/lelinfeng/phase4-worktrees/R31A/V021-direct/phase4/local/R31A/V021/support -I/usr/local/Ascend/ascend-toolkit/8.5.0.alpha002/aarch64-linux/include -I/usr/local/Ascend/ascend-toolkit/8.5.0.alpha002/aarch64-linux/ascendc/include -I/usr/local/Ascend/ascend-toolkit/8.5.0.alpha002/aarch64-linux/ascendc/include/basic_api/impl -I/usr/local/Ascend/ascend-toolkit/8.5.0.alpha002/aarch64-linux -I/usr/local/Ascend/ascend-toolkit/8.5.0.alpha002/aarch64-linux/asc -I/usr/local/Ascend/ascend-toolkit/8.5.0.alpha002/aarch64-linux/asc/include -I/usr/local/Ascend/ascend-toolkit/8.5.0.alpha002/aarch64-linux/asc/include/basic_api -I/usr/local/Ascend/ascend-toolkit/8.5.0.alpha002/aarch64-linux/asc/include/interface -I/usr/local/Ascend/ascend-toolkit/8.5.0.alpha002/toolkit/toolchain/hcc/aarch64-target-linux-gnu/include -I/usr/local/Ascend/ascend-toolkit/8.5.0.alpha002/toolkit/toolchain/hcc/aarch64-target-linux-gnu/include/c++/7.3.0 -I/usr/local/Ascend/ascend-toolkit/8.5.0.alpha002/toolkit/toolchain/hcc/aarch64-target-linux-gnu/include/c++/7.3.0/aarch64-target-linux-gnu -I/usr/local/Ascend/ascend-toolkit/8.5.0.alpha002/toolkit/toolchain/hcc/aarch64-target-linux-gnu/include/c++/7.3.0/backward -Xaicore-start -O3 -std=c++17 -Xaicore-end -Xhost-start -fPIC -O2 -Xhost-end --npu-arch=dav-2201 -MD -MT CMakeFiles/r31a_paired_v021.dir/paired_probe_v021.asc.o -MF CMakeFiles/r31a_paired_v021.dir/paired_probe_v021.asc.o.d -o CMakeFiles/r31a_paired_v021.dir/paired_probe_v021.asc.o -c -x asc /home/data4t2/lelinfeng/phase4-worktrees/R31A/V021-direct/phase4/local/R31A/V021/support/paired_probe_v021.asc
Warning: please refer to the above warning message. 
Warning: please refer to the above warning message. 
Warning: please refer to the above warning message. 
Warning: please refer to the above warning message. 
Warning: please refer to the above warning message. 
Warning: please refer to the above warning message. 
Warning: please refer to the above warning message. 
Warning: please refer to the above warning message. 
Warning: please refer to the above warning message. 
Warning: please refer to the above warning message. 
Warning: please refer to the above warning message. 
Warning: please refer to the above warning message. 
Warning: please refer to the above warning message. 
Warning: please refer to the above warning message. 
Warning: please refer to the above warning message. 
[ 66%] Linking ASC shared library libr31a_paired_v021.so
/usr/bin/cmake -E cmake_link_script CMakeFiles/r31a_paired_v021.dir/link.txt --verbose=1
/usr/local/Ascend/ascend-toolkit/latest/compiler/ccec_compiler/bin/bisheng -Wl,-Bsymbolic -L/usr/local/Ascend/ascend-toolkit/8.5.0.alpha002/aarch64-linux/lib64 -L/usr/lib/gcc/aarch64-linux-gnu/11 -L/usr/lib/aarch64-linux-gnu -L/usr/local/Ascend/ascend-toolkit/8.5.0.alpha002/toolkit/toolchain/hcc/aarch64-target-linux-gnu/lib64 -shared -Wl,-soname,libr31a_paired_v021.so -o libr31a_paired_v021.so CMakeFiles/r31a_paired_v021.dir/paired_probe_v021.asc.o  -ltiling_api -lregister -lplatform -lunified_dlog -ldl -lm -lgraph_base 
gmake[3]: Leaving directory '/home/data4t2/lelinfeng/phase4-worktrees/R31A/V021-direct/probe-build'
[ 66%] Built target r31a_paired_v021
/usr/bin/gmake  -f CMakeFiles/r31a_paired_probe.dir/build.make CMakeFiles/r31a_paired_probe.dir/depend
gmake[3]: Entering directory '/home/data4t2/lelinfeng/phase4-worktrees/R31A/V021-direct/probe-build'
cd /home/data4t2/lelinfeng/phase4-worktrees/R31A/V021-direct/probe-build && /usr/bin/cmake -E cmake_depends "Unix Makefiles" /home/data4t2/lelinfeng/phase4-worktrees/R31A/V021-direct/phase4/local/R31A/V021/support /home/data4t2/lelinfeng/phase4-worktrees/R31A/V021-direct/phase4/local/R31A/V021/support /home/data4t2/lelinfeng/phase4-worktrees/R31A/V021-direct/probe-build /home/data4t2/lelinfeng/phase4-worktrees/R31A/V021-direct/probe-build /home/data4t2/lelinfeng/phase4-worktrees/R31A/V021-direct/probe-build/CMakeFiles/r31a_paired_probe.dir/DependInfo.cmake --color=
Dependencies file "CMakeFiles/r31a_paired_probe.dir/paired_probe.cpp.o.d" is newer than depends file "/home/data4t2/lelinfeng/phase4-worktrees/R31A/V021-direct/probe-build/CMakeFiles/r31a_paired_probe.dir/compiler_depend.internal".
Consolidate compiler generated dependencies of target r31a_paired_probe
gmake[3]: Leaving directory '/home/data4t2/lelinfeng/phase4-worktrees/R31A/V021-direct/probe-build'
/usr/bin/gmake  -f CMakeFiles/r31a_paired_probe.dir/build.make CMakeFiles/r31a_paired_probe.dir/build
gmake[3]: Entering directory '/home/data4t2/lelinfeng/phase4-worktrees/R31A/V021-direct/probe-build'
[ 83%] Linking CXX executable r31a_paired_probe
/usr/bin/cmake -E cmake_link_script CMakeFiles/r31a_paired_probe.dir/link.txt --verbose=1
/usr/local/Ascend/ascend-toolkit/8.5.0.alpha002/aarch64-linux/ccec_compiler/bin/bisheng -L/usr/local/Ascend/ascend-toolkit/8.5.0.alpha002/aarch64-linux/lib64 -L/usr/lib/gcc/aarch64-linux-gnu/11 -L/usr/lib/aarch64-linux-gnu -L/usr/local/Ascend/ascend-toolkit/8.5.0.alpha002/toolkit/toolchain/hcc/aarch64-target-linux-gnu/lib64 CMakeFiles/r31a_paired_probe.dir/paired_probe.cpp.o -o r31a_paired_probe  -ltiling_api -lregister -lplatform -lunified_dlog -ldl -lm -lgraph_base 
cceld: Linker ReturnCode: 1
cceld: ExecutionFailed: 0
cceld: ErrMsg: 
gmake[3]: Leaving directory '/home/data4t2/lelinfeng/phase4-worktrees/R31A/V021-direct/probe-build'
gmake[2]: Leaving directory '/home/data4t2/lelinfeng/phase4-worktrees/R31A/V021-direct/probe-build'
gmake[1]: Leaving directory '/home/data4t2/lelinfeng/phase4-worktrees/R31A/V021-direct/probe-build'
