Consolidate compiler generated dependencies of target r31a_paired_probe
[ 50%] Building ASC object CMakeFiles/r31a_paired_probe.dir/paired_probe_v016.asc.o
[ 50%] Building ASC object CMakeFiles/r31a_paired_probe.dir/paired_probe.asc.o
[ERROR] ASCPLUGIN [pid:3915789, tid:3915789] [asc_utils.cpp:58] Path []:  no such file or directory.
[ERROR] ASCPLUGIN [pid:3915789, tid:3915789] [asc_utils.cpp:68] Path []: path not exist.
PlugIn Err: get real path name failed.
PlugIn Err: get real path name failed.
PlugIn Err: get real path name failed.
[ERROR] ASCPLUGIN [pid:3915789, tid:3915789] [asc_ast_device_consumer.cpp:300] Unknown kernelInfo, mangledName: _Z16r31a_kernel_v016PhS_S_S_S_mmjff at :3258, col:28, please check log.
In file included from /home/data4t2/lelinfeng/phase4-worktrees/R31A/V021-direct/phase4/local/R31A/V021/support/paired_probe.asc:13:
/home/data4t2/lelinfeng/phase4-worktrees/R31A/V021-direct/phase4/local/R31A/V021/support/paired_probe_main.inc:318:14: warning: 'cce_global' attribute ignored when parsing type [-Wignored-attributes]
            (GM_ADDR)xDevice, infoX,
             ^~~~~~~
/usr/local/Ascend/ascend-toolkit/8.5.0.alpha002/aarch64-linux/ascendc/include/basic_api/impl/utils/kernel_utils_macros.h:18:17: note: expanded from macro 'GM_ADDR'
#define GM_ADDR __gm__ uint8_t*
                ^~~~~~
/usr/local/Ascend/ascend-toolkit/8.5.0.alpha002/aarch64-linux/ccec_compiler/lib/clang/15.0.5/include/__clang_cce_defines.h:47:31: note: expanded from macro '__gm__'
#define __gm__ __attribute__((cce_global))
                              ^~~~~~~~~~
In file included from /home/data4t2/lelinfeng/phase4-worktrees/R31A/V021-direct/phase4/local/R31A/V021/support/paired_probe.asc:13:
/home/data4t2/lelinfeng/phase4-worktrees/R31A/V021-direct/phase4/local/R31A/V021/support/paired_probe_main.inc:319:14: warning: 'cce_global' attribute ignored when parsing type [-Wignored-attributes]
            (GM_ADDR)residualDevice, infoResidual,
             ^~~~~~~
/usr/local/Ascend/ascend-toolkit/8.5.0.alpha002/aarch64-linux/ascendc/include/basic_api/impl/utils/kernel_utils_macros.h:18:17: note: expanded from macro 'GM_ADDR'
#define GM_ADDR __gm__ uint8_t*
                ^~~~~~
/usr/local/Ascend/ascend-toolkit/8.5.0.alpha002/aarch64-linux/ccec_compiler/lib/clang/15.0.5/include/__clang_cce_defines.h:47:31: note: expanded from macro '__gm__'
#define __gm__ __attribute__((cce_global))
                              ^~~~~~~~~~
In file included from /home/data4t2/lelinfeng/phase4-worktrees/R31A/V021-direct/phase4/local/R31A/V021/support/paired_probe.asc:13:
/home/data4t2/lelinfeng/phase4-worktrees/R31A/V021-direct/phase4/local/R31A/V021/support/paired_probe_main.inc:320:14: warning: 'cce_global' attribute ignored when parsing type [-Wignored-attributes]
            (GM_ADDR)gammaDevice, infoGamma,
             ^~~~~~~
/usr/local/Ascend/ascend-toolkit/8.5.0.alpha002/aarch64-linux/ascendc/include/basic_api/impl/utils/kernel_utils_macros.h:18:17: note: expanded from macro 'GM_ADDR'
#define GM_ADDR __gm__ uint8_t*
                ^~~~~~
/usr/local/Ascend/ascend-toolkit/8.5.0.alpha002/aarch64-linux/ccec_compiler/lib/clang/15.0.5/include/__clang_cce_defines.h:47:31: note: expanded from macro '__gm__'
#define __gm__ __attribute__((cce_global))
                              ^~~~~~~~~~
In file included from /home/data4t2/lelinfeng/phase4-worktrees/R31A/V021-direct/phase4/local/R31A/V021/support/paired_probe.asc:13:
/home/data4t2/lelinfeng/phase4-worktrees/R31A/V021-direct/phase4/local/R31A/V021/support/paired_probe_main.inc:321:14: warning: 'cce_global' attribute ignored when parsing type [-Wignored-attributes]
            (GM_ADDR)biasDevice, infoBias,
             ^~~~~~~
/usr/local/Ascend/ascend-toolkit/8.5.0.alpha002/aarch64-linux/ascendc/include/basic_api/impl/utils/kernel_utils_macros.h:18:17: note: expanded from macro 'GM_ADDR'
#define GM_ADDR __gm__ uint8_t*
                ^~~~~~
/usr/local/Ascend/ascend-toolkit/8.5.0.alpha002/aarch64-linux/ccec_compiler/lib/clang/15.0.5/include/__clang_cce_defines.h:47:31: note: expanded from macro '__gm__'
#define __gm__ __attribute__((cce_global))
                              ^~~~~~~~~~
In file included from /home/data4t2/lelinfeng/phase4-worktrees/R31A/V021-direct/phase4/local/R31A/V021/support/paired_probe.asc:13:
/home/data4t2/lelinfeng/phase4-worktrees/R31A/V021-direct/phase4/local/R31A/V021/support/paired_probe_main.inc:322:14: warning: 'cce_global' attribute ignored when parsing type [-Wignored-attributes]
            (GM_ADDR)outputDevice, infoOutput,
             ^~~~~~~
/usr/local/Ascend/ascend-toolkit/8.5.0.alpha002/aarch64-linux/ascendc/include/basic_api/impl/utils/kernel_utils_macros.h:18:17: note: expanded from macro 'GM_ADDR'
#define GM_ADDR __gm__ uint8_t*
                ^~~~~~
/usr/local/Ascend/ascend-toolkit/8.5.0.alpha002/aarch64-linux/ccec_compiler/lib/clang/15.0.5/include/__clang_cce_defines.h:47:31: note: expanded from macro '__gm__'
#define __gm__ __attribute__((cce_global))
                              ^~~~~~~~~~
In file included from /home/data4t2/lelinfeng/phase4-worktrees/R31A/V021-direct/phase4/local/R31A/V021/support/paired_probe.asc:13:
/home/data4t2/lelinfeng/phase4-worktrees/R31A/V021-direct/phase4/local/R31A/V021/support/paired_probe_main.inc:327:14: warning: 'cce_global' attribute ignored when parsing type [-Wignored-attributes]
            (GM_ADDR)xDevice, infoX,
             ^~~~~~~
/usr/local/Ascend/ascend-toolkit/8.5.0.alpha002/aarch64-linux/ascendc/include/basic_api/impl/utils/kernel_utils_macros.h:18:17: note: expanded from macro 'GM_ADDR'
#define GM_ADDR __gm__ uint8_t*
                ^~~~~~
/usr/local/Ascend/ascend-toolkit/8.5.0.alpha002/aarch64-linux/ccec_compiler/lib/clang/15.0.5/include/__clang_cce_defines.h:47:31: note: expanded from macro '__gm__'
#define __gm__ __attribute__((cce_global))
                              ^~~~~~~~~~
In file included from /home/data4t2/lelinfeng/phase4-worktrees/R31A/V021-direct/phase4/local/R31A/V021/support/paired_probe.asc:13:
/home/data4t2/lelinfeng/phase4-worktrees/R31A/V021-direct/phase4/local/R31A/V021/support/paired_probe_main.inc:328:14: warning: 'cce_global' attribute ignored when parsing type [-Wignored-attributes]
            (GM_ADDR)residualDevice, infoResidual,
             ^~~~~~~
/usr/local/Ascend/ascend-toolkit/8.5.0.alpha002/aarch64-linux/ascendc/include/basic_api/impl/utils/kernel_utils_macros.h:18:17: note: expanded from macro 'GM_ADDR'
#define GM_ADDR __gm__ uint8_t*
                ^~~~~~
/usr/local/Ascend/ascend-toolkit/8.5.0.alpha002/aarch64-linux/ccec_compiler/lib/clang/15.0.5/include/__clang_cce_defines.h:47:31: note: expanded from macro '__gm__'
#define __gm__ __attribute__((cce_global))
                              ^~~~~~~~~~
In file included from /home/data4t2/lelinfeng/phase4-worktrees/R31A/V021-direct/phase4/local/R31A/V021/support/paired_probe.asc:13:
/home/data4t2/lelinfeng/phase4-worktrees/R31A/V021-direct/phase4/local/R31A/V021/support/paired_probe_main.inc:329:14: warning: 'cce_global' attribute ignored when parsing type [-Wignored-attributes]
            (GM_ADDR)gammaDevice, infoGamma,
             ^~~~~~~
/usr/local/Ascend/ascend-toolkit/8.5.0.alpha002/aarch64-linux/ascendc/include/basic_api/impl/utils/kernel_utils_macros.h:18:17: note: expanded from macro 'GM_ADDR'
#define GM_ADDR __gm__ uint8_t*
                ^~~~~~
/usr/local/Ascend/ascend-toolkit/8.5.0.alpha002/aarch64-linux/ccec_compiler/lib/clang/15.0.5/include/__clang_cce_defines.h:47:31: note: expanded from macro '__gm__'
#define __gm__ __attribute__((cce_global))
                              ^~~~~~~~~~
In file included from /home/data4t2/lelinfeng/phase4-worktrees/R31A/V021-direct/phase4/local/R31A/V021/support/paired_probe.asc:13:
/home/data4t2/lelinfeng/phase4-worktrees/R31A/V021-direct/phase4/local/R31A/V021/support/paired_probe_main.inc:330:14: warning: 'cce_global' attribute ignored when parsing type [-Wignored-attributes]
            (GM_ADDR)biasDevice, infoBias,
             ^~~~~~~
/usr/local/Ascend/ascend-toolkit/8.5.0.alpha002/aarch64-linux/ascendc/include/basic_api/impl/utils/kernel_utils_macros.h:18:17: note: expanded from macro 'GM_ADDR'
#define GM_ADDR __gm__ uint8_t*
                ^~~~~~
/usr/local/Ascend/ascend-toolkit/8.5.0.alpha002/aarch64-linux/ccec_compiler/lib/clang/15.0.5/include/__clang_cce_defines.h:47:31: note: expanded from macro '__gm__'
#define __gm__ __attribute__((cce_global))
                              ^~~~~~~~~~
In file included from /home/data4t2/lelinfeng/phase4-worktrees/R31A/V021-direct/phase4/local/R31A/V021/support/paired_probe.asc:13:
/home/data4t2/lelinfeng/phase4-worktrees/R31A/V021-direct/phase4/local/R31A/V021/support/paired_probe_main.inc:331:14: warning: 'cce_global' attribute ignored when parsing type [-Wignored-attributes]
            (GM_ADDR)outputDevice, infoOutput,
             ^~~~~~~
/usr/local/Ascend/ascend-toolkit/8.5.0.alpha002/aarch64-linux/ascendc/include/basic_api/impl/utils/kernel_utils_macros.h:18:17: note: expanded from macro 'GM_ADDR'
#define GM_ADDR __gm__ uint8_t*
                ^~~~~~
/usr/local/Ascend/ascend-toolkit/8.5.0.alpha002/aarch64-linux/ccec_compiler/lib/clang/15.0.5/include/__clang_cce_defines.h:47:31: note: expanded from macro '__gm__'
#define __gm__ __attribute__((cce_global))
                              ^~~~~~~~~~
10 warnings generated.
In file included from /home/data4t2/lelinfeng/phase4-worktrees/R31A/V021-direct/phase4/local/R31A/V021/support/paired_probe.asc:13:
/home/data4t2/lelinfeng/phase4-worktrees/R31A/V021-direct/phase4/local/R31A/V021/support/paired_probe_main.inc:318:14: warning: 'cce_global' attribute ignored when parsing type [-Wignored-attributes]
/usr/local/Ascend/ascend-toolkit/8.5.0.alpha002/compiler/tikcpp/tikcfw/impl/utils/kernel_utils_macros.h:18:17: note: expanded from macro 'GM_ADDR'
/usr/local/Ascend/ascend-toolkit/8.5.0.alpha002/aarch64-linux/ccec_compiler/lib/clang/15.0.5/include/__clang_cce_defines.h:47:31: note: expanded from macro '__gm__'
In file included from /home/data4t2/lelinfeng/phase4-worktrees/R31A/V021-direct/phase4/local/R31A/V021/support/paired_probe.asc:13:
/home/data4t2/lelinfeng/phase4-worktrees/R31A/V021-direct/phase4/local/R31A/V021/support/paired_probe_main.inc:319:14: warning: 'cce_global' attribute ignored when parsing type [-Wignored-attributes]
/usr/local/Ascend/ascend-toolkit/8.5.0.alpha002/compiler/tikcpp/tikcfw/impl/utils/kernel_utils_macros.h:18:17: note: expanded from macro 'GM_ADDR'
/usr/local/Ascend/ascend-toolkit/8.5.0.alpha002/aarch64-linux/ccec_compiler/lib/clang/15.0.5/include/__clang_cce_defines.h:47:31: note: expanded from macro '__gm__'
In file included from /home/data4t2/lelinfeng/phase4-worktrees/R31A/V021-direct/phase4/local/R31A/V021/support/paired_probe.asc:13:
/home/data4t2/lelinfeng/phase4-worktrees/R31A/V021-direct/phase4/local/R31A/V021/support/paired_probe_main.inc:320:14: warning: 'cce_global' attribute ignored when parsing type [-Wignored-attributes]
/usr/local/Ascend/ascend-toolkit/8.5.0.alpha002/compiler/tikcpp/tikcfw/impl/utils/kernel_utils_macros.h:18:17: note: expanded from macro 'GM_ADDR'
/usr/local/Ascend/ascend-toolkit/8.5.0.alpha002/aarch64-linux/ccec_compiler/lib/clang/15.0.5/include/__clang_cce_defines.h:47:31: note: expanded from macro '__gm__'
In file included from /home/data4t2/lelinfeng/phase4-worktrees/R31A/V021-direct/phase4/local/R31A/V021/support/paired_probe.asc:13:
/home/data4t2/lelinfeng/phase4-worktrees/R31A/V021-direct/phase4/local/R31A/V021/support/paired_probe_main.inc:321:14: warning: 'cce_global' attribute ignored when parsing type [-Wignored-attributes]
/usr/local/Ascend/ascend-toolkit/8.5.0.alpha002/compiler/tikcpp/tikcfw/impl/utils/kernel_utils_macros.h:18:17: note: expanded from macro 'GM_ADDR'
/usr/local/Ascend/ascend-toolkit/8.5.0.alpha002/aarch64-linux/ccec_compiler/lib/clang/15.0.5/include/__clang_cce_defines.h:47:31: note: expanded from macro '__gm__'
In file included from /home/data4t2/lelinfeng/phase4-worktrees/R31A/V021-direct/phase4/local/R31A/V021/support/paired_probe.asc:13:
/home/data4t2/lelinfeng/phase4-worktrees/R31A/V021-direct/phase4/local/R31A/V021/support/paired_probe_main.inc:322:14: warning: 'cce_global' attribute ignored when parsing type [-Wignored-attributes]
/usr/local/Ascend/ascend-toolkit/8.5.0.alpha002/compiler/tikcpp/tikcfw/impl/utils/kernel_utils_macros.h:18:17: note: expanded from macro 'GM_ADDR'
/usr/local/Ascend/ascend-toolkit/8.5.0.alpha002/aarch64-linux/ccec_compiler/lib/clang/15.0.5/include/__clang_cce_defines.h:47:31: note: expanded from macro '__gm__'
In file included from /home/data4t2/lelinfeng/phase4-worktrees/R31A/V021-direct/phase4/local/R31A/V021/support/paired_probe.asc:13:
/home/data4t2/lelinfeng/phase4-worktrees/R31A/V021-direct/phase4/local/R31A/V021/support/paired_probe_main.inc:327:14: warning: 'cce_global' attribute ignored when parsing type [-Wignored-attributes]
/usr/local/Ascend/ascend-toolkit/8.5.0.alpha002/compiler/tikcpp/tikcfw/impl/utils/kernel_utils_macros.h:18:17: note: expanded from macro 'GM_ADDR'
/usr/local/Ascend/ascend-toolkit/8.5.0.alpha002/aarch64-linux/ccec_compiler/lib/clang/15.0.5/include/__clang_cce_defines.h:47:31: note: expanded from macro '__gm__'
In file included from /home/data4t2/lelinfeng/phase4-worktrees/R31A/V021-direct/phase4/local/R31A/V021/support/paired_probe.asc:13:
/home/data4t2/lelinfeng/phase4-worktrees/R31A/V021-direct/phase4/local/R31A/V021/support/paired_probe_main.inc:328:14: warning: 'cce_global' attribute ignored when parsing type [-Wignored-attributes]
/usr/local/Ascend/ascend-toolkit/8.5.0.alpha002/compiler/tikcpp/tikcfw/impl/utils/kernel_utils_macros.h:18:17: note: expanded from macro 'GM_ADDR'
/usr/local/Ascend/ascend-toolkit/8.5.0.alpha002/aarch64-linux/ccec_compiler/lib/clang/15.0.5/include/__clang_cce_defines.h:47:31: note: expanded from macro '__gm__'
In file included from /home/data4t2/lelinfeng/phase4-worktrees/R31A/V021-direct/phase4/local/R31A/V021/support/paired_probe.asc:13:
/home/data4t2/lelinfeng/phase4-worktrees/R31A/V021-direct/phase4/local/R31A/V021/support/paired_probe_main.inc:329:14: warning: 'cce_global' attribute ignored when parsing type [-Wignored-attributes]
/usr/local/Ascend/ascend-toolkit/8.5.0.alpha002/compiler/tikcpp/tikcfw/impl/utils/kernel_utils_macros.h:18:17: note: expanded from macro 'GM_ADDR'
/usr/local/Ascend/ascend-toolkit/8.5.0.alpha002/aarch64-linux/ccec_compiler/lib/clang/15.0.5/include/__clang_cce_defines.h:47:31: note: expanded from macro '__gm__'
In file included from /home/data4t2/lelinfeng/phase4-worktrees/R31A/V021-direct/phase4/local/R31A/V021/support/paired_probe.asc:13:
/home/data4t2/lelinfeng/phase4-worktrees/R31A/V021-direct/phase4/local/R31A/V021/support/paired_probe_main.inc:330:14: warning: 'cce_global' attribute ignored when parsing type [-Wignored-attributes]
/usr/local/Ascend/ascend-toolkit/8.5.0.alpha002/compiler/tikcpp/tikcfw/impl/utils/kernel_utils_macros.h:18:17: note: expanded from macro 'GM_ADDR'
/usr/local/Ascend/ascend-toolkit/8.5.0.alpha002/aarch64-linux/ccec_compiler/lib/clang/15.0.5/include/__clang_cce_defines.h:47:31: note: expanded from macro '__gm__'
In file included from /home/data4t2/lelinfeng/phase4-worktrees/R31A/V021-direct/phase4/local/R31A/V021/support/paired_probe.asc:13:
/home/data4t2/lelinfeng/phase4-worktrees/R31A/V021-direct/phase4/local/R31A/V021/support/paired_probe_main.inc:331:14: warning: 'cce_global' attribute ignored when parsing type [-Wignored-attributes]
/usr/local/Ascend/ascend-toolkit/8.5.0.alpha002/compiler/tikcpp/tikcfw/impl/utils/kernel_utils_macros.h:18:17: note: expanded from macro 'GM_ADDR'
/usr/local/Ascend/ascend-toolkit/8.5.0.alpha002/aarch64-linux/ccec_compiler/lib/clang/15.0.5/include/__clang_cce_defines.h:47:31: note: expanded from macro '__gm__'
10 warnings generated.
Warning: please refer to the above warning message. 
Warning: please refer to the above warning message. 
Warning: please refer to the above warning message. 
Warning: please refer to the above warning message. 
Warning: please refer to the above warning message. 
Warning: please refer to the above warning message. 
Warning: please refer to the above warning message. 
Warning: please refer to the above warning message. 
Warning: please refer to the above warning message. 
Warning: please refer to the above warning message. 
Warning: please refer to the above warning message. 
Warning: please refer to the above warning message. 
Warning: please refer to the above warning message. 
Warning: please refer to the above warning message. 
Warning: please refer to the above warning message. 
Warning: please refer to the above warning message. 
Warning: please refer to the above warning message. 
Warning: please refer to the above warning message. 
Warning: please refer to the above warning message. 
Warning: please refer to the above warning message. 
Warning: please refer to the above warning message. 
Warning: please refer to the above warning message. 
Warning: please refer to the above warning message. 
Warning: please refer to the above warning message. 
Warning: please refer to the above warning message. 
Warning: please refer to the above warning message. 
Warning: please refer to the above warning message. 
Warning: please refer to the above warning message. 
Warning: please refer to the above warning message. 
Warning: please refer to the above warning message. 
/tmp/asc_plugin_binary_register_code-eee3c2.c:3:10: fatal error: 'vector' file not found
#include <vector>
         ^~~~~~~~
1 error generated.
cceld: ccec ReturnCode: 1
cceld: ExecutionFailed: 0
cceld: ErrMsg: 
/usr/local/Ascend/ascend-toolkit/8.5.0.alpha002/aarch64-linux/ccec_compiler/bin/llvm-objcopy: error: '/tmp/cce_all_link-859b4d.o': No such file or directory
cceld: ccec ReturnCode: 1
cceld: ObjcopyExecutionFailed: 0
cceld: ObjcopyErrMsg: 
ld.lld: error: cannot open /tmp/cce_all_link-859b4d.o: No such file or directory
cceld: ccec ReturnCode: 1
cceld: RelocatedLinkedExecutionFailed: 0
cceld: RelocatedLinkedObjcopyErrMsg: 
cceld: ccec ReturnCode: 1
cceld: LocalFixedExecutionFailed: 0
cceld: LocalFixedErrMsg: 
/usr/local/Ascend/ascend-toolkit/8.5.0.alpha002/aarch64-linux/ccec_compiler/bin/llvm-objcopy: error: '/tmp/cce_relocated_linked_static_object-04d216.o': The file was not recognized as a valid object file
ld.lld: error: target emulation unknown: -m or at least one .o file required
cceld: Linker ReturnCode: 1
cceld: ExecutionFailed: 0
cceld: ErrMsg: 
bisheng: error: linker command failed with exit code 1 (use -v to see invocation)
gmake[3]: *** [CMakeFiles/r31a_paired_probe.dir/build.make:76: CMakeFiles/r31a_paired_probe.dir/paired_probe.asc.o] Error 1
gmake[3]: *** Waiting for unfinished jobs....
ld.lld: error: undefined symbol: void __origin__r31a_kernel_v016<float>(unsigned char AS1*, unsigned char AS1*, unsigned char AS1*, unsigned char AS1*, unsigned char AS1*, unsigned long, unsigned long, unsigned int, float, float)
>>> referenced by paired_probe_v016.asc
>>>               /tmp/paired_probe_v016-55cbc3.o-129623.extract:(_Z16r31a_kernel_v016IfEvPhS0_S0_S0_S0_mmjff_mix_aic)

ld.lld: error: undefined symbol: void __origin__r31a_kernel_v016<half>(unsigned char AS1*, unsigned char AS1*, unsigned char AS1*, unsigned char AS1*, unsigned char AS1*, unsigned long, unsigned long, unsigned int, float, float)
>>> referenced by paired_probe_v016.asc
>>>               /tmp/paired_probe_v016-55cbc3.o-129623.extract:(_Z16r31a_kernel_v016IDhEvPhS0_S0_S0_S0_mmjff_mix_aic)

ld.lld: error: undefined symbol: void __origin__r31a_kernel_v016<__bf16>(unsigned char AS1*, unsigned char AS1, unsigned char AS1, unsigned char AS1, unsigned char AS1, unsigned long, unsigned long, unsigned int, float, float)
>>> referenced by paired_probe_v016.asc
>>>               /tmp/paired_probe_v016-55cbc3.o-129623.extract:(_Z16r31a_kernel_v016Iu6__bf16EvPhS0_S0_S0_S0_mmjff_mix_aic)
cceld: ccec ReturnCode: 1
cceld: ExecutionFailed: 0
cceld: ErrMsg: 
bisheng: error: linker command failed with exit code 1 (use -v to see invocation)
gmake[3]: *** [CMakeFiles/r31a_paired_probe.dir/build.make:82: CMakeFiles/r31a_paired_probe.dir/paired_probe_v016.asc.o] Error 1
gmake[2]: *** [CMakeFiles/Makefile2:139: CMakeFiles/r31a_paired_probe.dir/all] Error 2
gmake[1]: *** [CMakeFiles/Makefile2:146: CMakeFiles/r31a_paired_probe.dir/rule] Error 2
gmake: *** [Makefile:150: r31a_paired_probe] Error 2
