2026-09-26T10:02:01Z
	NPU ID                         : 7
	Chip Count                     : 1

	DDR Capacity(MB)               : 0
	DDR Usage Rate(%)              : 0
	DDR Hugepages Total(page)      : 0
	DDR Hugepages Usage Rate(%)    : 0
	HBM Capacity(MB)               : 65536
	HBM Usage Rate(%)              : 5
	Aicore Usage Rate(%)           : 0
	Aivector Usage Rate(%)         : 0
	Aicpu Usage Rate(%)            : 0
	Ctrlcpu Usage Rate(%)          : 1
	DDR Bandwidth Usage Rate(%)    : 0
	HBM Bandwidth Usage Rate(%)    : 0
	Chip ID                        : 0

2026-09-26T10:04:22Z
This device does not support querying proc info.
2026-09-26T10:05:47Z
This device does not support querying proc info.
2026-09-26T10:06:51Z
+------------------------------------------------------------------------------------------------+
| npu-smi 25.0.rc1.1               Version: 25.0.rc1.1                                           |
+---------------------------+---------------+----------------------------------------------------+
| NPU   Name                | Health        | Power(W)    Temp(C)           Hugepages-Usage(page)|
| Chip                      | Bus-Id        | AICore(%)   Memory-Usage(MB)  HBM-Usage(MB)        |
+===========================+===============+====================================================+
| 0     910B3               | OK            | 149.5       42                0    / 0             |
| 0                         | 0000:C1:00.0  | 35          0    / 0          59976/ 65536         |
+===========================+===============+====================================================+
| 1     910B3               | OK            | 142.9       41                0    / 0             |
| 0                         | 0000:C2:00.0  | 36          0    / 0          60026/ 65536         |
+===========================+===============+====================================================+
| 2     910B3               | OK            | 143.4       43                0    / 0             |
| 0                         | 0000:81:00.0  | 36          0    / 0          59969/ 65536         |
+===========================+===============+====================================================+
| 3     910B3               | OK            | 159.1       43                0    / 0             |
| 0                         | 0000:82:00.0  | 36          0    / 0          59971/ 65536         |
+===========================+===============+====================================================+
| 4     910B3               | OK            | 87.6        40                0    / 0             |
| 0                         | 0000:01:00.0  | 0           0    / 0          59185/ 65536         |
+===========================+===============+====================================================+
| 5     910B3               | OK            | 179.3       53                0    / 0             |
| 0                         | 0000:02:00.0  | 52          0    / 0          59876/ 65536         |
+===========================+===============+====================================================+
| 6     910B3               | OK            | 179.3       52                0    / 0             |
| 0                         | 0000:41:00.0  | 51          0    / 0          59875/ 65536         |
+===========================+===============+====================================================+
| 7     910B3               | OK            | 95.1        39                0    / 0             |
| 0                         | 0000:42:00.0  | 0           0    / 0          3431 / 65536         |
+===========================+===============+====================================================+
+---------------------------+---------------+----------------------------------------------------+
| NPU     Chip              | Process id    | Process name             | Process memory(MB)      |
+===========================+===============+====================================================+
| 0       0                 | 89395         | VLLMWorker_TP            | 56454                   |
+===========================+===============+====================================================+
| 1       0                 | 91055         | VLLMWorker_TP            | 56454                   |
+===========================+===============+====================================================+
| 2       0                 | 92813         | VLLMWorker_TP            | 56455                   |
+===========================+===============+====================================================+
| 3       0                 | 94498         | VLLMWorker_TP            | 56455                   |
+===========================+===============+====================================================+
| 4       0                 | 2999855       | VLLMEngineCor            | 55664                   |
+===========================+===============+====================================================+
| 5       0                 | 89602         | VLLMWorker_TP            | 56354                   |
+===========================+===============+====================================================+
| 6       0                 | 91228         | VLLMWorker_TP            | 56355                   |
+===========================+===============+====================================================+
| No running processes found in NPU 7                                                            |
+===========================+===============+====================================================+
2026-09-26T10:12:39Z
+------------------------------------------------------------------------------------------------+
| npu-smi 25.0.rc1.1               Version: 25.0.rc1.1                                           |
+---------------------------+---------------+----------------------------------------------------+
| NPU   Name                | Health        | Power(W)    Temp(C)           Hugepages-Usage(page)|
| Chip                      | Bus-Id        | AICore(%)   Memory-Usage(MB)  HBM-Usage(MB)        |
+===========================+===============+====================================================+
| 0     910B3               | OK            | 152.6       40                0    / 0             |
| 0                         | 0000:C1:00.0  | 34          0    / 0          59976/ 65536         |
+===========================+===============+====================================================+
| 1     910B3               | OK            | 140.3       38                0    / 0             |
| 0                         | 0000:C2:00.0  | 34          0    / 0          60026/ 65536         |
+===========================+===============+====================================================+
| 2     910B3               | OK            | 142.0       41                0    / 0             |
| 0                         | 0000:81:00.0  | 34          0    / 0          59969/ 65536         |
+===========================+===============+====================================================+
| 3     910B3               | OK            | 149.3       40                0    / 0             |
| 0                         | 0000:82:00.0  | 34          0    / 0          59971/ 65536         |
+===========================+===============+====================================================+
| 4     910B3               | OK            | 91.1        37                0    / 0             |
| 0                         | 0000:01:00.0  | 0           0    / 0          59186/ 65536         |
+===========================+===============+====================================================+
| 5     910B3               | OK            | 92.2        36                0    / 0             |
| 0                         | 0000:02:00.0  | 0           0    / 0          59876/ 65536         |
+===========================+===============+====================================================+
| 6     910B3               | OK            | 96.3        39                0    / 0             |
| 0                         | 0000:41:00.0  | 0           0    / 0          59875/ 65536         |
+===========================+===============+====================================================+
| 7     910B3               | OK            | 95.1        37                0    / 0             |
| 0                         | 0000:42:00.0  | 0           0    / 0          3430 / 65536         |
+===========================+===============+====================================================+
+---------------------------+---------------+----------------------------------------------------+
| NPU     Chip              | Process id    | Process name             | Process memory(MB)      |
+===========================+===============+====================================================+
| 0       0                 | 89395         | VLLMWorker_TP            | 56454                   |
+===========================+===============+====================================================+
| 1       0                 | 91055         | VLLMWorker_TP            | 56454                   |
+===========================+===============+====================================================+
| 2       0                 | 92813         | VLLMWorker_TP            | 56455                   |
+===========================+===============+====================================================+
| 3       0                 | 94498         | VLLMWorker_TP            | 56455                   |
+===========================+===============+====================================================+
| 4       0                 | 2999855       | VLLMEngineCor            | 55664                   |
+===========================+===============+====================================================+
| 5       0                 | 89602         | VLLMWorker_TP            | 56354                   |
+===========================+===============+====================================================+
| 6       0                 | 91228         | VLLMWorker_TP            | 56355                   |
+===========================+===============+====================================================+
| No running processes found in NPU 7                                                            |
+===========================+===============+====================================================+
2026-09-26T10:14:11Z
+------------------------------------------------------------------------------------------------+
| npu-smi 25.0.rc1.1               Version: 25.0.rc1.1                                           |
+---------------------------+---------------+----------------------------------------------------+
| NPU   Name                | Health        | Power(W)    Temp(C)           Hugepages-Usage(page)|
| Chip                      | Bus-Id        | AICore(%)   Memory-Usage(MB)  HBM-Usage(MB)        |
+===========================+===============+====================================================+
| 0     910B3               | OK            | 155.0       39                0    / 0             |
| 0                         | 0000:C1:00.0  | 36          0    / 0          59976/ 65536         |
+===========================+===============+====================================================+
| 1     910B3               | OK            | 143.8       39                0    / 0             |
| 0                         | 0000:C2:00.0  | 36          0    / 0          60026/ 65536         |
+===========================+===============+====================================================+
| 2     910B3               | OK            | 143.8       41                0    / 0             |
| 0                         | 0000:81:00.0  | 35          0    / 0          59969/ 65536         |
+===========================+===============+====================================================+
| 3     910B3               | OK            | 148.4       40                0    / 0             |
| 0                         | 0000:82:00.0  | 35          0    / 0          59971/ 65536         |
+===========================+===============+====================================================+
| 4     910B3               | OK            | 89.8        36                0    / 0             |
| 0                         | 0000:01:00.0  | 0           0    / 0          59185/ 65536         |
+===========================+===============+====================================================+
| 5     910B3               | OK            | 92.6        34                0    / 0             |
| 0                         | 0000:02:00.0  | 0           0    / 0          59876/ 65536         |
+===========================+===============+====================================================+
| 6     910B3               | OK            | 94.3        37                0    / 0             |
| 0                         | 0000:41:00.0  | 0           0    / 0          59875/ 65536         |
+===========================+===============+====================================================+
| 7     910B3               | OK            | 94.6        36                0    / 0             |
| 0                         | 0000:42:00.0  | 0           0    / 0          3431 / 65536         |
+===========================+===============+====================================================+
+---------------------------+---------------+----------------------------------------------------+
| NPU     Chip              | Process id    | Process name             | Process memory(MB)      |
+===========================+===============+====================================================+
| 0       0                 | 89395         | VLLMWorker_TP            | 56454                   |
+===========================+===============+====================================================+
| 1       0                 | 91055         | VLLMWorker_TP            | 56454                   |
+===========================+===============+====================================================+
| 2       0                 | 92813         | VLLMWorker_TP            | 56455                   |
+===========================+===============+====================================================+
| 3       0                 | 94498         | VLLMWorker_TP            | 56455                   |
+===========================+===============+====================================================+
| 4       0                 | 2999855       | VLLMEngineCor            | 55664                   |
+===========================+===============+====================================================+
| 5       0                 | 89602         | VLLMWorker_TP            | 56354                   |
+===========================+===============+====================================================+
| 6       0                 | 91228         | VLLMWorker_TP            | 56355                   |
+===========================+===============+====================================================+
| No running processes found in NPU 7                                                            |
+===========================+===============+====================================================+
2026-09-26T10:18:45Z
+------------------------------------------------------------------------------------------------+
| npu-smi 25.0.rc1.1               Version: 25.0.rc1.1                                           |
+---------------------------+---------------+----------------------------------------------------+
| NPU   Name                | Health        | Power(W)    Temp(C)           Hugepages-Usage(page)|
| Chip                      | Bus-Id        | AICore(%)   Memory-Usage(MB)  HBM-Usage(MB)        |
+===========================+===============+====================================================+
| 0     910B3               | OK            | 151.9       42                0    / 0             |
| 0                         | 0000:C1:00.0  | 36          0    / 0          59975/ 65536         |
+===========================+===============+====================================================+
| 1     910B3               | OK            | 143.7       39                0    / 0             |
| 0                         | 0000:C2:00.0  | 32          0    / 0          60026/ 65536         |
+===========================+===============+====================================================+
| 2     910B3               | OK            | 139.8       41                0    / 0             |
| 0                         | 0000:81:00.0  | 19          0    / 0          59969/ 65536         |
+===========================+===============+====================================================+
| 3     910B3               | OK            | 144.8       41                0    / 0             |
| 0                         | 0000:82:00.0  | 35          0    / 0          59971/ 65536         |
+===========================+===============+====================================================+
| 4     910B3               | OK            | 91.9        37                0    / 0             |
| 0                         | 0000:01:00.0  | 0           0    / 0          59186/ 65536         |
+===========================+===============+====================================================+
| 5     910B3               | OK            | 92.3        35                0    / 0             |
| 0                         | 0000:02:00.0  | 0           0    / 0          59876/ 65536         |
+===========================+===============+====================================================+
| 6     910B3               | OK            | 93.0        38                0    / 0             |
| 0                         | 0000:41:00.0  | 0           0    / 0          59875/ 65536         |
+===========================+===============+====================================================+
| 7     910B3               | OK            | 95.3        37                0    / 0             |
| 0                         | 0000:42:00.0  | 0           0    / 0          3431 / 65536         |
+===========================+===============+====================================================+
+---------------------------+---------------+----------------------------------------------------+
| NPU     Chip              | Process id    | Process name             | Process memory(MB)      |
+===========================+===============+====================================================+
| 0       0                 | 89395         | VLLMWorker_TP            | 56454                   |
+===========================+===============+====================================================+
| 1       0                 | 91055         | VLLMWorker_TP            | 56454                   |
+===========================+===============+====================================================+
| 2       0                 | 92813         | VLLMWorker_TP            | 56455                   |
+===========================+===============+====================================================+
| 3       0                 | 94498         | VLLMWorker_TP            | 56455                   |
+===========================+===============+====================================================+
| 4       0                 | 2999855       | VLLMEngineCor            | 55664                   |
+===========================+===============+====================================================+
| 5       0                 | 89602         | VLLMWorker_TP            | 56354                   |
+===========================+===============+====================================================+
| 6       0                 | 91228         | VLLMWorker_TP            | 56355                   |
+===========================+===============+====================================================+
| No running processes found in NPU 7                                                            |
+===========================+===============+====================================================+
