+------------------------------------------------------------------------------------------------+
| npu-smi 25.0.rc1.1               Version: 25.0.rc1.1                                           |
+---------------------------+---------------+----------------------------------------------------+
| NPU   Name                | Health        | Power(W)    Temp(C)           Hugepages-Usage(page)|
| Chip                      | Bus-Id        | AICore(%)   Memory-Usage(MB)  HBM-Usage(MB)        |
+===========================+===============+====================================================+
| 0     910B3               | OK            | 158.2       44                0    / 0             |
| 0                         | 0000:C1:00.0  | 15          0    / 0          12369/ 65536         |
+===========================+===============+====================================================+
| 1     910B3               | OK            | 101.5       41                0    / 0             |
| 0                         | 0000:C2:00.0  | 0           0    / 0          14884/ 65536         |
+===========================+===============+====================================================+
| 2     910B3               | OK            | 97.9        39                0    / 0             |
| 0                         | 0000:81:00.0  | 0           0    / 0          6435 / 65536         |
+===========================+===============+====================================================+
| 3     910B3               | OK            | 103.5       39                0    / 0             |
| 0                         | 0000:82:00.0  | 0           0    / 0          7285 / 65536         |
+===========================+===============+====================================================+
| 4     910B3               | OK            | 211.9       66                0    / 0             |
| 0                         | 0000:01:00.0  | 63          0    / 0          59192/ 65536         |
+===========================+===============+====================================================+
| 5     910B3               | OK            | 165.8       57                0    / 0             |
| 0                         | 0000:02:00.0  | 37          0    / 0          60222/ 65536         |
+===========================+===============+====================================================+
| 6     910B3               | OK            | 168.3       54                0    / 0             |
| 0                         | 0000:41:00.0  | 44          0    / 0          60222/ 65536         |
+===========================+===============+====================================================+
| 7     910B3               | OK            | 114.1       45                0    / 0             |
| 0                         | 0000:42:00.0  | 3           0    / 0          28436/ 65536         |
+===========================+===============+====================================================+
+---------------------------+---------------+----------------------------------------------------+
| NPU     Chip              | Process id    | Process name             | Process memory(MB)      |
+===========================+===============+====================================================+
| 0       0                 | 3167028       | python                   | 8990                    |
+===========================+===============+====================================================+
| 1       0                 | 3150467       | python                   | 5748                    |
| 1       0                 | 3639580       | python                   | 5757                    |
+===========================+===============+====================================================+
| 2       0                 | 2532306       | python                   | 3064                    |
+===========================+===============+====================================================+
| 3       0                 | 3836347       | python                   | 3910                    |
+===========================+===============+====================================================+
| 4       0                 | 2999855       | VLLMEngineCor            | 55666                   |
+===========================+===============+====================================================+
| 5       0                 | 89602         | VLLMWorker_TP            | 56700                   |
+===========================+===============+====================================================+
| 6       0                 | 91228         | VLLMWorker_TP            | 56701                   |
+===========================+===============+====================================================+
| 7       0                 | 439848        | python3                  | 20864                   |
| 7       0                 | 2532308       | python                   | 4094                    |
+===========================+===============+====================================================+
