SAME_BINARY_SAMPLE binary=CANDIDATE_V058 case=fp16-128x128 pair=01 order=A,B first_device_us=16.6600 second_device_us=20.6600 first_gelem_s=0.983433 second_gelem_s=0.793030 first_wall_us=102.8400 second_wall_us=82.7500 second_minus_first_us=4.0000
SAME_BINARY_SAMPLE binary=CANDIDATE_V058 case=fp16-128x128 pair=02 order=B,A first_device_us=25.5200 second_device_us=20.3800 first_gelem_s=0.642006 second_gelem_s=0.803925 first_wall_us=79.9300 second_wall_us=66.6710 second_minus_first_us=-5.1400
SAME_BINARY_SAMPLE binary=CANDIDATE_V058 case=fp16-128x128 pair=03 order=A,B first_device_us=6.4400 second_device_us=18.1800 first_gelem_s=2.544099 second_gelem_s=0.901210 first_wall_us=69.1000 second_wall_us=66.0910 second_minus_first_us=11.7400
SAME_BINARY_SAMPLE binary=CANDIDATE_V058 case=fp16-128x128 pair=04 order=B,A first_device_us=6.9000 second_device_us=15.1200 first_gelem_s=2.374493 second_gelem_s=1.083598 first_wall_us=63.4210 second_wall_us=64.7200 second_minus_first_us=8.2200
SAME_BINARY_SAMPLE binary=CANDIDATE_V058 case=fp16-128x128 pair=05 order=A,B first_device_us=6.4600 second_device_us=18.6000 first_gelem_s=2.536223 second_gelem_s=0.880860 first_wall_us=69.0410 second_wall_us=65.3200 second_minus_first_us=12.1400
SAME_BINARY_SAMPLE binary=CANDIDATE_V058 case=fp16-128x128 pair=06 order=B,A first_device_us=6.9200 second_device_us=18.1800 first_gelem_s=2.367630 second_gelem_s=0.901210 first_wall_us=66.7310 second_wall_us=64.1100 second_minus_first_us=11.2600
SAME_BINARY_SAMPLE binary=CANDIDATE_V058 case=fp16-128x128 pair=07 order=A,B first_device_us=18.8600 second_device_us=15.7000 first_gelem_s=0.868717 second_gelem_s=1.043567 first_wall_us=62.7000 second_wall_us=63.6610 second_minus_first_us=-3.1600
SAME_BINARY_SAMPLE binary=CANDIDATE_V058 case=fp16-128x128 pair=08 order=B,A first_device_us=19.6000 second_device_us=16.7200 first_gelem_s=0.835918 second_gelem_s=0.979904 first_wall_us=74.7800 second_wall_us=66.4410 second_minus_first_us=-2.8800
SAME_BINARY_SAMPLE binary=CANDIDATE_V058 case=fp16-128x128 pair=09 order=A,B first_device_us=6.7800 second_device_us=6.6200 first_gelem_s=2.416519 second_gelem_s=2.474924 first_wall_us=66.1000 second_wall_us=66.4110 second_minus_first_us=-0.1600
SAME_BINARY_SAMPLE binary=CANDIDATE_V058 case=fp16-128x128 pair=10 order=B,A first_device_us=17.2200 second_device_us=6.5600 first_gelem_s=0.951452 second_gelem_s=2.497561 first_wall_us=63.1310 second_wall_us=64.2000 second_minus_first_us=-10.6600
SAME_BINARY_SAMPLE binary=CANDIDATE_V058 case=fp16-128x128 pair=11 order=A,B first_device_us=7.2600 second_device_us=7.1000 first_gelem_s=2.256749 second_gelem_s=2.307606 first_wall_us=65.4310 second_wall_us=64.5600 second_minus_first_us=-0.1600
SAME_BINARY_SAMPLE binary=CANDIDATE_V058 case=fp16-128x128 pair=12 order=B,A first_device_us=17.7200 second_device_us=20.3800 first_gelem_s=0.924605 second_gelem_s=0.803925 first_wall_us=64.7510 second_wall_us=73.6800 second_minus_first_us=2.6600
SAME_BINARY_SAMPLE binary=CANDIDATE_V058 case=fp16-128x128 pair=13 order=A,B first_device_us=6.6000 second_device_us=11.3400 first_gelem_s=2.482424 second_gelem_s=1.444797 first_wall_us=68.0600 second_wall_us=62.7010 second_minus_first_us=4.7400
SAME_BINARY_SAMPLE binary=CANDIDATE_V058 case=fp16-128x128 pair=14 order=B,A first_device_us=20.4800 second_device_us=18.4600 first_gelem_s=0.800000 second_gelem_s=0.887541 first_wall_us=63.2700 second_wall_us=64.3810 second_minus_first_us=-2.0200
SAME_BINARY_SAMPLE binary=CANDIDATE_V058 case=fp16-128x128 pair=15 order=A,B first_device_us=14.3800 second_device_us=14.4600 first_gelem_s=1.139360 second_gelem_s=1.133057 first_wall_us=62.6200 second_wall_us=62.3910 second_minus_first_us=0.0800
SAME_BINARY_SAMPLE binary=CANDIDATE_V058 case=fp16-128x128 pair=16 order=B,A first_device_us=15.7200 second_device_us=16.6200 first_gelem_s=1.042239 second_gelem_s=0.985800 first_wall_us=67.5900 second_wall_us=63.6600 second_minus_first_us=0.9000
SAME_BINARY_SAMPLE binary=CANDIDATE_V058 case=fp16-128x128 pair=17 order=A,B first_device_us=15.1600 second_device_us=14.5200 first_gelem_s=1.080739 second_gelem_s=1.128375 first_wall_us=62.4710 second_wall_us=73.0500 second_minus_first_us=-0.6400
SAME_BINARY_SAMPLE binary=CANDIDATE_V058 case=fp16-128x128 pair=18 order=B,A first_device_us=7.9600 second_device_us=16.2000 first_gelem_s=2.058291 second_gelem_s=1.011358 first_wall_us=71.3410 second_wall_us=63.7310 second_minus_first_us=8.2400
SAME_BINARY_SAMPLE binary=CANDIDATE_V058 case=fp16-128x128 pair=19 order=A,B first_device_us=18.2600 second_device_us=17.4000 first_gelem_s=0.897262 second_gelem_s=0.941609 first_wall_us=64.4100 second_wall_us=64.6610 second_minus_first_us=-0.8600
SAME_BINARY_SAMPLE binary=CANDIDATE_V058 case=fp16-128x128 pair=20 order=B,A first_device_us=6.9800 second_device_us=18.3200 first_gelem_s=2.347278 second_gelem_s=0.894323 first_wall_us=64.9200 second_wall_us=94.5810 second_minus_first_us=11.3400
SAME_BINARY_SAMPLE binary=CANDIDATE_V058 case=fp16-128x128 pair=21 order=A,B first_device_us=6.2000 second_device_us=7.6800 first_gelem_s=2.642581 second_gelem_s=2.133333 first_wall_us=67.2810 second_wall_us=64.5500 second_minus_first_us=1.4800
SAME_BINARY_SAMPLE binary=CANDIDATE_V058 case=fp16-128x128 pair=22 order=B,A first_device_us=6.4000 second_device_us=14.8400 first_gelem_s=2.560000 second_gelem_s=1.104043 first_wall_us=64.8510 second_wall_us=67.7100 second_minus_first_us=8.4400
SAME_BINARY_SAMPLE binary=CANDIDATE_V058 case=fp16-128x128 pair=23 order=A,B first_device_us=6.4400 second_device_us=13.7400 first_gelem_s=2.544099 second_gelem_s=1.192431 first_wall_us=65.0310 second_wall_us=63.4110 second_minus_first_us=7.3000
SAME_BINARY_SAMPLE binary=CANDIDATE_V058 case=fp16-128x128 pair=24 order=B,A first_device_us=17.4000 second_device_us=6.1400 first_gelem_s=0.941609 second_gelem_s=2.668404 first_wall_us=72.8400 second_wall_us=65.6110 second_minus_first_us=-11.2600
SAME_BINARY_SAMPLE binary=CANDIDATE_V058 case=fp16-128x128 pair=25 order=A,B first_device_us=18.7400 second_device_us=6.4400 first_gelem_s=0.874280 second_gelem_s=2.544099 first_wall_us=63.0700 second_wall_us=62.5110 second_minus_first_us=-12.3000
SAME_BINARY_SAMPLE binary=CANDIDATE_V058 case=fp16-128x128 pair=26 order=B,A first_device_us=15.7600 second_device_us=6.3200 first_gelem_s=1.039594 second_gelem_s=2.592405 first_wall_us=62.7300 second_wall_us=63.4110 second_minus_first_us=-9.4400
SAME_BINARY_SAMPLE binary=CANDIDATE_V058 case=fp16-128x128 pair=27 order=A,B first_device_us=19.6600 second_device_us=6.5800 first_gelem_s=0.833367 second_gelem_s=2.489970 first_wall_us=64.0110 second_wall_us=66.2400 second_minus_first_us=-13.0800
SAME_BINARY_SAMPLE binary=CANDIDATE_V058 case=fp16-128x128 pair=28 order=B,A first_device_us=8.0800 second_device_us=6.5200 first_gelem_s=2.027723 second_gelem_s=2.512884 first_wall_us=65.3010 second_wall_us=64.0500 second_minus_first_us=-1.5600
SAME_BINARY_SAMPLE binary=CANDIDATE_V058 case=fp16-128x128 pair=29 order=A,B first_device_us=20.6200 second_device_us=6.7800 first_gelem_s=0.794568 second_gelem_s=2.416519 first_wall_us=61.3310 second_wall_us=64.2300 second_minus_first_us=-13.8400
SAME_BINARY_SAMPLE binary=CANDIDATE_V058 case=fp16-128x128 pair=30 order=B,A first_device_us=7.0400 second_device_us=6.8000 first_gelem_s=2.327273 second_gelem_s=2.409412 first_wall_us=67.3210 second_wall_us=64.5710 second_minus_first_us=-0.2400
SAME_BINARY_SAMPLE binary=CANDIDATE_V058 case=fp16-128x128 pair=31 order=A,B first_device_us=6.3600 second_device_us=18.0600 first_gelem_s=2.576101 second_gelem_s=0.907198 first_wall_us=65.2000 second_wall_us=65.6210 second_minus_first_us=11.7000
LOCAL_STATS case=CANDIDATE_V058 metric=device_us binary=same_binary_first n=31 median=14.3800 mean=12.7284 stdev=6.1010 cv=0.47932 min=6.2000 max=25.5200 mad=6.3000 p10=6.4400 p90=19.6600
LOCAL_STATS case=CANDIDATE_V058 metric=device_us binary=same_binary_second n=31 median=14.8400 mean=13.2716 stdev=5.3350 cv=0.40198 min=6.1400 max=20.6600 mad=3.6200 p10=6.5200 p90=18.6000
LOCAL_STATS case=CANDIDATE_V058 metric=paired_delta_us binary=same_binary_second_minus_first n=31 median=-0.1600 mean=0.5432 stdev=7.9011 cv=14.54471 min=-13.8400 max=12.1400 mad=4.9800 p10=-11.2600 p90=11.3400
LOCAL_STATS case=CANDIDATE_V058 metric=gelem_s binary=same_binary_first n=31 median=1.1394 mean=1.6358 stdev=0.7715 cv=0.47164 min=0.6420 max=2.6426 mad=0.4974 p10=0.8334 p90=2.5441
LOCAL_STATS case=CANDIDATE_V058 metric=gelem_s binary=same_binary_second n=31 median=1.1040 mean=1.5119 stdev=0.7297 cv=0.48263 min=0.7930 max=2.6684 mad=0.2232 p10=0.8809 p90=2.5129
LOCAL_STATS case=CANDIDATE_V058 metric=wall_us binary=same_binary_first n=31 median=65.2000 mean=67.4711 stdev=7.6968 cv=0.11407 min=61.3310 max=102.8400 mad=2.1210 p10=62.7000 p90=72.8400
LOCAL_STATS case=CANDIDATE_V058 metric=wall_us binary=same_binary_second n=31 median=64.5710 mean=66.7641 stdev=6.5426 cv=0.09800 min=62.3910 max=94.5810 mad=1.0500 p10=63.4110 p90=73.0500
SAME_BINARY_QUALIFICATION binary=CANDIDATE_V058 case=fp16-128x128 samples=31 first_mad_over_median=0.438108 second_mad_over_median=0.243935 median_drift_fraction=0.031485
SAME_BINARY_SUMMARY binary=CANDIDATE_V058 device=3 shape=128x128 dtype=fp16 samples=31
