ROUTE=SYNC-BARRIER-ELISION-X
REVISION=V049
DIRECT_PARENT=R31B-V011
HOST=hwnput3
SOC=Ascend910B3
NPU_ARCH=dav-2201
DEVICE=3
DTYPE=fp16
SHAPE=128x128
WARMUP=60_PER_INVOCATION
PAIRS_PER_BLOCK=31
CANN_PACKAGE=/usr/local/Ascend/ascend-toolkit/8.5.0.alpha002
a8c19a1972207acc67e3fb0cd393cc70b0a4b183d1eaf5610edf80c2879b15e3  本地实验/SYNC-BARRIER-ELISION-X/V049/parent.asc
83e4f9248e939a102171b3ac931bfa80cfa9128a347107c00ac627ce8a542225  本地实验/SYNC-BARRIER-ELISION-X/V049/submission.asc
a95741aa95b977ce6fafa39c0148324e3c7b6b68387c953d0924b24edabc2c40  /tmp/sync-barrier-elision-v049.fresh/sync_barrier_elision_correctness

LOCAL_START=2026-10-07T23:55:08Z
LOAD_SNAPSHOT=BEFORE_BLOCK_1
 23:55:08 up 242 days, 11:31, 33 users,  load average: 69.52, 59.35, 54.48
+------------------------------------------------------------------------------------------------+
| npu-smi 25.0.rc1.1               Version: 25.0.rc1.1                                           |
+---------------------------+---------------+----------------------------------------------------+
| NPU   Name                | Health        | Power(W)    Temp(C)           Hugepages-Usage(page)|
| Chip                      | Bus-Id        | AICore(%)   Memory-Usage(MB)  HBM-Usage(MB)        |
+===========================+===============+====================================================+
| 0     910B3               | OK            | 94.2        38                0    / 0             |
| 0                         | 0000:C1:00.0  | 0           0    / 0          3432 / 65536         |
+===========================+===============+====================================================+
| 1     910B3               | OK            | 102.3       40                0    / 0             |
| 0                         | 0000:C2:00.0  | 0           0    / 0          9174 / 65536         |
+===========================+===============+====================================================+
| 2     910B3               | OK            | 111.7       41                0    / 0             |
| 0                         | 0000:81:00.0  | 1           0    / 0          9616 / 65536         |
+===========================+===============+====================================================+
| 3     910B3               | OK            | 93.5        40                0    / 0             |
| 0                         | 0000:82:00.0  | 0           0    / 0          3426 / 65536         |
+===========================+===============+====================================================+
| 4     910B3               | OK            | 212.2       65                0    / 0             |
| 0                         | 0000:01:00.0  | 62          0    / 0          59193/ 65536         |
+===========================+===============+====================================================+
| 5     910B3               | OK            | 171.9       58                0    / 0             |
| 0                         | 0000:02:00.0  | 43          0    / 0          60222/ 65536         |
+===========================+===============+====================================================+
| 6     910B3               | OK            | 179.1       58                0    / 0             |
| 0                         | 0000:41:00.0  | 43          0    / 0          60222/ 65536         |
+===========================+===============+====================================================+
| 7     910B3               | OK            | 112.9       46                0    / 0             |
| 0                         | 0000:42:00.0  | 0           0    / 0          24791/ 65536         |
+===========================+===============+====================================================+
+---------------------------+---------------+----------------------------------------------------+
| NPU     Chip              | Process id    | Process name             | Process memory(MB)      |
+===========================+===============+====================================================+
| No running processes found in NPU 0                                                            |
+===========================+===============+====================================================+
| 1       0                 | 3150467       | python                   | 5746                    |
+===========================+===============+====================================================+
| 2       0                 | 2840325       | python                   | 6248                    |
+===========================+===============+====================================================+
| No running processes found in NPU 3                                                            |
+===========================+===============+====================================================+
| 4       0                 | 2999855       | VLLMEngineCor            | 55666                   |
+===========================+===============+====================================================+
| 5       0                 | 89602         | VLLMWorker_TP            | 56700                   |
+===========================+===============+====================================================+
| 6       0                 | 91228         | VLLMWorker_TP            | 56701                   |
+===========================+===============+====================================================+
| 7       0                 | 439848        | python3                  | 21260                   |
+===========================+===============+====================================================+

LOCAL_BLOCK=1
LOCAL_SAMPLE case=fp16-128x128 pair=01 order=P,C parent_device_us=14.0000 candidate_device_us=12.7000 parent_gelem_s=1.170286 candidate_gelem_s=1.290079 parent_wall_us=191.3220 candidate_wall_us=99.4410 paired_delta_us=-1.3000
LOCAL_SAMPLE case=fp16-128x128 pair=02 order=C,P parent_device_us=18.6800 candidate_device_us=19.4600 parent_gelem_s=0.877088 candidate_gelem_s=0.841932 parent_wall_us=76.3710 candidate_wall_us=115.3310 paired_delta_us=0.7800
LOCAL_SAMPLE case=fp16-128x128 pair=03 order=P,C parent_device_us=6.0000 candidate_device_us=17.9400 parent_gelem_s=2.730667 candidate_gelem_s=0.913266 parent_wall_us=74.2310 candidate_wall_us=73.2200 paired_delta_us=11.9400
LOCAL_SAMPLE case=fp16-128x128 pair=04 order=C,P parent_device_us=16.6200 candidate_device_us=6.7800 parent_gelem_s=0.985800 candidate_gelem_s=2.416519 parent_wall_us=73.9910 candidate_wall_us=73.7510 paired_delta_us=-9.8400
LOCAL_SAMPLE case=fp16-128x128 pair=05 order=P,C parent_device_us=16.9600 candidate_device_us=14.8200 parent_gelem_s=0.966038 candidate_gelem_s=1.105533 parent_wall_us=72.7700 candidate_wall_us=73.1710 paired_delta_us=-2.1400
LOCAL_SAMPLE case=fp16-128x128 pair=06 order=C,P parent_device_us=6.4200 candidate_device_us=6.4400 parent_gelem_s=2.552025 candidate_gelem_s=2.544099 parent_wall_us=92.2400 candidate_wall_us=74.1900 paired_delta_us=0.0200
LOCAL_SAMPLE case=fp16-128x128 pair=07 order=P,C parent_device_us=5.9800 candidate_device_us=17.6200 parent_gelem_s=2.739799 candidate_gelem_s=0.929852 parent_wall_us=73.4510 candidate_wall_us=68.7200 paired_delta_us=11.6400
LOCAL_SAMPLE case=fp16-128x128 pair=08 order=C,P parent_device_us=5.9400 candidate_device_us=6.5800 parent_gelem_s=2.758249 candidate_gelem_s=2.489970 parent_wall_us=72.0610 candidate_wall_us=72.7600 paired_delta_us=0.6400
LOCAL_SAMPLE case=fp16-128x128 pair=09 order=P,C parent_device_us=10.7800 candidate_device_us=16.5800 parent_gelem_s=1.519852 candidate_gelem_s=0.988178 parent_wall_us=71.1400 candidate_wall_us=93.5710 paired_delta_us=5.8000
LOCAL_SAMPLE case=fp16-128x128 pair=10 order=C,P parent_device_us=6.2400 candidate_device_us=17.5000 parent_gelem_s=2.625641 candidate_gelem_s=0.936229 parent_wall_us=87.0410 candidate_wall_us=127.9910 paired_delta_us=11.2600
LOCAL_SAMPLE case=fp16-128x128 pair=11 order=P,C parent_device_us=13.7800 candidate_device_us=9.6600 parent_gelem_s=1.188970 candidate_gelem_s=1.696066 parent_wall_us=99.4310 candidate_wall_us=100.6110 paired_delta_us=-4.1200
LOCAL_SAMPLE case=fp16-128x128 pair=12 order=C,P parent_device_us=29.9800 candidate_device_us=9.0000 parent_gelem_s=0.546498 candidate_gelem_s=1.820445 parent_wall_us=81.0610 candidate_wall_us=98.5300 paired_delta_us=-20.9800
LOCAL_SAMPLE case=fp16-128x128 pair=13 order=P,C parent_device_us=6.9400 candidate_device_us=6.3600 parent_gelem_s=2.360807 candidate_gelem_s=2.576101 parent_wall_us=92.8010 candidate_wall_us=102.8710 paired_delta_us=-0.5800
LOCAL_SAMPLE case=fp16-128x128 pair=14 order=C,P parent_device_us=17.0600 candidate_device_us=7.3400 parent_gelem_s=0.960375 candidate_gelem_s=2.232153 parent_wall_us=74.4310 candidate_wall_us=88.1000 paired_delta_us=-9.7200
LOCAL_SAMPLE case=fp16-128x128 pair=15 order=P,C parent_device_us=6.2400 candidate_device_us=9.4200 parent_gelem_s=2.625641 candidate_gelem_s=1.739278 parent_wall_us=108.0410 candidate_wall_us=88.9110 paired_delta_us=3.1800
LOCAL_SAMPLE case=fp16-128x128 pair=16 order=C,P parent_device_us=6.1600 candidate_device_us=6.6600 parent_gelem_s=2.659740 candidate_gelem_s=2.460060 parent_wall_us=95.0510 candidate_wall_us=148.8410 paired_delta_us=0.5000
LOCAL_SAMPLE case=fp16-128x128 pair=17 order=P,C parent_device_us=9.4000 candidate_device_us=6.2600 parent_gelem_s=1.742979 candidate_gelem_s=2.617252 parent_wall_us=84.4200 candidate_wall_us=92.9110 paired_delta_us=-3.1400
LOCAL_SAMPLE case=fp16-128x128 pair=18 order=C,P parent_device_us=6.5400 candidate_device_us=8.0200 parent_gelem_s=2.505199 candidate_gelem_s=2.042893 parent_wall_us=133.7210 candidate_wall_us=92.0610 paired_delta_us=1.4800
LOCAL_SAMPLE case=fp16-128x128 pair=19 order=P,C parent_device_us=10.6200 candidate_device_us=24.3400 parent_gelem_s=1.542750 candidate_gelem_s=0.673131 parent_wall_us=89.0410 candidate_wall_us=70.6100 paired_delta_us=13.7200
LOCAL_SAMPLE case=fp16-128x128 pair=20 order=C,P parent_device_us=5.6400 candidate_device_us=11.9800 parent_gelem_s=2.904964 candidate_gelem_s=1.367613 parent_wall_us=129.1310 candidate_wall_us=90.2800 paired_delta_us=6.3400
LOCAL_SAMPLE case=fp16-128x128 pair=21 order=P,C parent_device_us=9.2600 candidate_device_us=9.0600 parent_gelem_s=1.769331 candidate_gelem_s=1.808389 parent_wall_us=105.8200 candidate_wall_us=145.4010 paired_delta_us=-0.2000
LOCAL_SAMPLE case=fp16-128x128 pair=22 order=C,P parent_device_us=17.1400 candidate_device_us=16.3400 parent_gelem_s=0.955893 candidate_gelem_s=1.002693 parent_wall_us=68.2810 candidate_wall_us=73.4000 paired_delta_us=-0.8000
LOCAL_SAMPLE case=fp16-128x128 pair=23 order=P,C parent_device_us=18.1600 candidate_device_us=23.6600 parent_gelem_s=0.902203 candidate_gelem_s=0.692477 parent_wall_us=69.9800 candidate_wall_us=80.0010 paired_delta_us=5.5000
LOCAL_SAMPLE case=fp16-128x128 pair=24 order=C,P parent_device_us=6.4600 candidate_device_us=6.0600 parent_gelem_s=2.536223 candidate_gelem_s=2.703630 parent_wall_us=81.0210 candidate_wall_us=119.0410 paired_delta_us=-0.4000
LOCAL_SAMPLE case=fp16-128x128 pair=25 order=P,C parent_device_us=6.2000 candidate_device_us=16.7800 parent_gelem_s=2.642581 candidate_gelem_s=0.976400 parent_wall_us=61.8000 candidate_wall_us=69.6210 paired_delta_us=10.5800
LOCAL_SAMPLE case=fp16-128x128 pair=26 order=C,P parent_device_us=6.9400 candidate_device_us=19.7600 parent_gelem_s=2.360807 candidate_gelem_s=0.829150 parent_wall_us=68.6310 candidate_wall_us=69.7700 paired_delta_us=12.8200
LOCAL_SAMPLE case=fp16-128x128 pair=27 order=P,C parent_device_us=6.1200 candidate_device_us=16.7800 parent_gelem_s=2.677124 candidate_gelem_s=0.976400 parent_wall_us=69.3910 candidate_wall_us=84.5600 paired_delta_us=10.6600
LOCAL_SAMPLE case=fp16-128x128 pair=28 order=C,P parent_device_us=14.9800 candidate_device_us=6.4400 parent_gelem_s=1.093725 candidate_gelem_s=2.544099 parent_wall_us=69.6010 candidate_wall_us=71.7510 paired_delta_us=-8.5400
LOCAL_SAMPLE case=fp16-128x128 pair=29 order=P,C parent_device_us=6.6800 candidate_device_us=6.3000 parent_gelem_s=2.452695 candidate_gelem_s=2.600635 parent_wall_us=70.9100 candidate_wall_us=81.2110 paired_delta_us=-0.3800
LOCAL_SAMPLE case=fp16-128x128 pair=30 order=C,P parent_device_us=6.3800 candidate_device_us=6.6400 parent_gelem_s=2.568025 candidate_gelem_s=2.467470 parent_wall_us=91.9100 candidate_wall_us=69.2600 paired_delta_us=0.2600
LOCAL_SAMPLE case=fp16-128x128 pair=31 order=P,C parent_device_us=6.4600 candidate_device_us=9.4400 parent_gelem_s=2.536223 candidate_gelem_s=1.735593 parent_wall_us=99.9010 candidate_wall_us=130.4710 paired_delta_us=2.9800
LOCAL_STATS case=fp16-128x128 metric=device_us binary=PARENT_R31B_V011 n=31 median=6.9400 mean=10.4761 stdev=5.8225 cv=0.55579 min=5.6400 max=29.9800 mad=1.0000 p10=6.0000 p90=17.1400
LOCAL_STATS case=fp16-128x128 metric=device_us binary=CANDIDATE_V049 n=31 median=9.4400 mean=12.0232 stdev=5.7075 cv=0.47471 min=6.0600 max=24.3400 mad=3.1400 p10=6.3600 p90=19.4600
LOCAL_STATS case=fp16-128x128 metric=wall_us binary=PARENT_R31B_V011 n=31 median=81.0210 mean=88.0320 stdev=25.8882 cv=0.29408 min=61.8000 max=191.3220 mad=11.0410 p10=69.3910 p90=108.0410
LOCAL_STATS case=fp16-128x128 metric=wall_us binary=CANDIDATE_V049 n=31 median=88.1000 mean=91.6245 stdev=22.9212 cv=0.25016 min=68.7200 max=148.8410 mad=14.7710 p10=69.7700 p90=127.9910
LOCAL_STATS case=fp16-128x128 metric=gelem_s binary=PARENT_R31B_V011 n=31 median=2.3608 mean=1.9503 stdev=0.7743 cv=0.39701 min=0.5465 max=2.9050 mad=0.3974 p10=0.9559 p90=2.7307
LOCAL_STATS case=fp16-128x128 metric=gelem_s binary=CANDIDATE_V049 n=31 median=1.7356 mean=1.6780 stdev=0.7212 cv=0.42979 min=0.6731 max=2.7036 mad=0.7544 p10=0.8419 p90=2.5761
LOCAL_STATS case=fp16-128x128 metric=paired_delta_us binary=CANDIDATE_MINUS_PARENT n=31 median=0.5000 mean=1.5471 stdev=7.6903 cv=4.97081 min=-20.9800 max=13.7200 mad=3.6400 p10=-8.5400 p90=11.6400
LOCAL_RESULT route=SYNC-BARRIER-ELISION-X revision=V049 device=3 shape=128x128 dtype=fp16 samples=31 parent_median_us=6.9400 candidate_median_us=9.4400 parent_median_gelem_s=2.360807 candidate_median_gelem_s=1.735593 local_delta_us=0.5000 local_score_percent=-7.204612 candidate_minus_parent_percent=7.204612

LOAD_SNAPSHOT=BETWEEN_BLOCKS
 23:55:17 up 242 days, 11:31, 33 users,  load average: 62.90, 58.27, 54.18
+------------------------------------------------------------------------------------------------+
| npu-smi 25.0.rc1.1               Version: 25.0.rc1.1                                           |
+---------------------------+---------------+----------------------------------------------------+
| NPU   Name                | Health        | Power(W)    Temp(C)           Hugepages-Usage(page)|
| Chip                      | Bus-Id        | AICore(%)   Memory-Usage(MB)  HBM-Usage(MB)        |
+===========================+===============+====================================================+
| 0     910B3               | OK            | 95.5        38                0    / 0             |
| 0                         | 0000:C1:00.0  | 0           0    / 0          3432 / 65536         |
+===========================+===============+====================================================+
| 1     910B3               | OK            | 107.1       40                0    / 0             |
| 0                         | 0000:C2:00.0  | 1           0    / 0          9174 / 65536         |
+===========================+===============+====================================================+
| 2     910B3               | OK            | 100.7       41                0    / 0             |
| 0                         | 0000:81:00.0  | 0           0    / 0          9617 / 65536         |
+===========================+===============+====================================================+
| 3     910B3               | OK            | 94.0        39                0    / 0             |
| 0                         | 0000:82:00.0  | 0           0    / 0          3428 / 65536         |
+===========================+===============+====================================================+
| 4     910B3               | OK            | 205.4       64                0    / 0             |
| 0                         | 0000:01:00.0  | 62          0    / 0          59192/ 65536         |
+===========================+===============+====================================================+
| 5     910B3               | OK            | 172.2       58                0    / 0             |
| 0                         | 0000:02:00.0  | 43          0    / 0          60221/ 65536         |
+===========================+===============+====================================================+
| 6     910B3               | OK            | 173.7       57                0    / 0             |
| 0                         | 0000:41:00.0  | 43          0    / 0          60222/ 65536         |
+===========================+===============+====================================================+
| 7     910B3               | OK            | 174.4       51                0    / 0             |
| 0                         | 0000:42:00.0  | 0           0    / 0          24791/ 65536         |
+===========================+===============+====================================================+
+---------------------------+---------------+----------------------------------------------------+
| NPU     Chip              | Process id    | Process name             | Process memory(MB)      |
+===========================+===============+====================================================+
| No running processes found in NPU 0                                                            |
+===========================+===============+====================================================+
| 1       0                 | 3150467       | python                   | 5746                    |
+===========================+===============+====================================================+
| 2       0                 | 2840325       | python                   | 6248                    |
+===========================+===============+====================================================+
| No running processes found in NPU 3                                                            |
+===========================+===============+====================================================+
| 4       0                 | 2999855       | VLLMEngineCor            | 55666                   |
+===========================+===============+====================================================+
| 5       0                 | 89602         | VLLMWorker_TP            | 56700                   |
+===========================+===============+====================================================+
| 6       0                 | 91228         | VLLMWorker_TP            | 56701                   |
+===========================+===============+====================================================+
| 7       0                 | 439848        | python3                  | 21260                   |
+===========================+===============+====================================================+

LOCAL_BLOCK=2
LOCAL_SAMPLE case=fp16-128x128 pair=01 order=P,C parent_device_us=8.6600 candidate_device_us=8.5200 parent_gelem_s=1.891917 candidate_gelem_s=1.923005 parent_wall_us=180.5810 candidate_wall_us=107.2100 paired_delta_us=-0.1400
LOCAL_SAMPLE case=fp16-128x128 pair=02 order=C,P parent_device_us=8.0200 candidate_device_us=7.0200 parent_gelem_s=2.042893 candidate_gelem_s=2.333903 parent_wall_us=106.7110 candidate_wall_us=107.2410 paired_delta_us=-1.0000
LOCAL_SAMPLE case=fp16-128x128 pair=03 order=P,C parent_device_us=8.2400 candidate_device_us=6.2600 parent_gelem_s=1.988349 candidate_gelem_s=2.617252 parent_wall_us=107.4000 candidate_wall_us=87.5910 paired_delta_us=-1.9800
LOCAL_SAMPLE case=fp16-128x128 pair=04 order=C,P parent_device_us=6.6800 candidate_device_us=9.9200 parent_gelem_s=2.452695 candidate_gelem_s=1.651613 parent_wall_us=103.5310 candidate_wall_us=94.6610 paired_delta_us=3.2400
LOCAL_SAMPLE case=fp16-128x128 pair=05 order=P,C parent_device_us=6.5000 candidate_device_us=6.2000 parent_gelem_s=2.520615 candidate_gelem_s=2.642581 parent_wall_us=87.2310 candidate_wall_us=85.2100 paired_delta_us=-0.3000
LOCAL_SAMPLE case=fp16-128x128 pair=06 order=C,P parent_device_us=6.2600 candidate_device_us=15.9600 parent_gelem_s=2.617252 candidate_gelem_s=1.026566 parent_wall_us=83.9110 candidate_wall_us=84.5010 paired_delta_us=9.7000
LOCAL_SAMPLE case=fp16-128x128 pair=07 order=P,C parent_device_us=6.0600 candidate_device_us=6.3400 parent_gelem_s=2.703630 candidate_gelem_s=2.584227 parent_wall_us=86.4800 candidate_wall_us=125.4500 paired_delta_us=0.2800
LOCAL_SAMPLE case=fp16-128x128 pair=08 order=C,P parent_device_us=5.9600 candidate_device_us=5.9200 parent_gelem_s=2.748993 candidate_gelem_s=2.767568 parent_wall_us=90.8910 candidate_wall_us=84.4400 paired_delta_us=-0.0400
LOCAL_SAMPLE case=fp16-128x128 pair=09 order=P,C parent_device_us=6.5200 candidate_device_us=6.1200 parent_gelem_s=2.512884 candidate_gelem_s=2.677124 parent_wall_us=82.1610 candidate_wall_us=74.5400 paired_delta_us=-0.4000
LOCAL_SAMPLE case=fp16-128x128 pair=10 order=C,P parent_device_us=6.6400 candidate_device_us=6.5000 parent_gelem_s=2.467470 candidate_gelem_s=2.520615 parent_wall_us=93.9510 candidate_wall_us=112.2810 paired_delta_us=-0.1400
LOCAL_SAMPLE case=fp16-128x128 pair=11 order=P,C parent_device_us=8.3800 candidate_device_us=17.9400 parent_gelem_s=1.955131 candidate_gelem_s=0.913266 parent_wall_us=82.6410 candidate_wall_us=86.3510 paired_delta_us=9.5600
LOCAL_SAMPLE case=fp16-128x128 pair=12 order=C,P parent_device_us=80.7600 candidate_device_us=6.6200 parent_gelem_s=0.202873 candidate_gelem_s=2.474924 parent_wall_us=223.7620 candidate_wall_us=270.0420 paired_delta_us=-74.1400
LOCAL_SAMPLE case=fp16-128x128 pair=13 order=P,C parent_device_us=26.9600 candidate_device_us=27.5800 parent_gelem_s=0.607715 candidate_gelem_s=0.594054 parent_wall_us=80.8310 candidate_wall_us=78.9900 paired_delta_us=0.6200
LOCAL_SAMPLE case=fp16-128x128 pair=14 order=C,P parent_device_us=6.9400 candidate_device_us=20.0000 parent_gelem_s=2.360807 candidate_gelem_s=0.819200 parent_wall_us=74.8910 candidate_wall_us=73.1610 paired_delta_us=13.0600
LOCAL_SAMPLE case=fp16-128x128 pair=15 order=P,C parent_device_us=18.5400 candidate_device_us=15.5400 parent_gelem_s=0.883711 candidate_gelem_s=1.054311 parent_wall_us=73.3100 candidate_wall_us=70.7110 paired_delta_us=-3.0000
LOCAL_SAMPLE case=fp16-128x128 pair=16 order=C,P parent_device_us=6.6000 candidate_device_us=15.8800 parent_gelem_s=2.482424 candidate_gelem_s=1.031738 parent_wall_us=71.6900 candidate_wall_us=71.3610 paired_delta_us=9.2800
LOCAL_SAMPLE case=fp16-128x128 pair=17 order=P,C parent_device_us=19.3200 candidate_device_us=12.6600 parent_gelem_s=0.848033 candidate_gelem_s=1.294155 parent_wall_us=69.9110 candidate_wall_us=69.3200 paired_delta_us=-6.6600
LOCAL_SAMPLE case=fp16-128x128 pair=18 order=C,P parent_device_us=6.8600 candidate_device_us=18.1600 parent_gelem_s=2.388338 candidate_gelem_s=0.902203 parent_wall_us=77.0010 candidate_wall_us=70.7610 paired_delta_us=11.3000
LOCAL_SAMPLE case=fp16-128x128 pair=19 order=P,C parent_device_us=19.1600 candidate_device_us=8.1000 parent_gelem_s=0.855115 candidate_gelem_s=2.022716 parent_wall_us=70.7800 candidate_wall_us=69.1410 paired_delta_us=-11.0600
LOCAL_SAMPLE case=fp16-128x128 pair=20 order=C,P parent_device_us=15.6000 candidate_device_us=9.4000 parent_gelem_s=1.050256 candidate_gelem_s=1.742979 parent_wall_us=67.8100 candidate_wall_us=78.7810 paired_delta_us=-6.2000
LOCAL_SAMPLE case=fp16-128x128 pair=21 order=P,C parent_device_us=15.1600 candidate_device_us=13.5000 parent_gelem_s=1.080739 candidate_gelem_s=1.213630 parent_wall_us=103.5810 candidate_wall_us=83.6010 paired_delta_us=-1.6600
LOCAL_SAMPLE case=fp16-128x128 pair=22 order=C,P parent_device_us=36.9800 candidate_device_us=6.0600 parent_gelem_s=0.443050 candidate_gelem_s=2.703630 parent_wall_us=89.5200 candidate_wall_us=87.4610 paired_delta_us=-30.9200
LOCAL_SAMPLE case=fp16-128x128 pair=23 order=P,C parent_device_us=12.4000 candidate_device_us=11.7000 parent_gelem_s=1.321290 candidate_gelem_s=1.400342 parent_wall_us=836.6060 candidate_wall_us=114.3710 paired_delta_us=-0.7000
LOCAL_SAMPLE case=fp16-128x128 pair=24 order=C,P parent_device_us=10.6000 candidate_device_us=22.2000 parent_gelem_s=1.545660 candidate_gelem_s=0.738018 parent_wall_us=122.6000 candidate_wall_us=79.2800 paired_delta_us=11.6000
LOCAL_SAMPLE case=fp16-128x128 pair=25 order=P,C parent_device_us=15.3000 candidate_device_us=13.3200 parent_gelem_s=1.070850 candidate_gelem_s=1.230030 parent_wall_us=80.0200 candidate_wall_us=81.5910 paired_delta_us=-1.9800
LOCAL_SAMPLE case=fp16-128x128 pair=26 order=C,P parent_device_us=37.8600 candidate_device_us=6.7800 parent_gelem_s=0.432752 candidate_gelem_s=2.416519 parent_wall_us=151.4810 candidate_wall_us=104.0810 paired_delta_us=-31.0800
LOCAL_SAMPLE case=fp16-128x128 pair=27 order=P,C parent_device_us=14.7800 candidate_device_us=14.6200 parent_gelem_s=1.108525 candidate_gelem_s=1.120657 parent_wall_us=80.2210 candidate_wall_us=71.6800 paired_delta_us=-0.1600
LOCAL_SAMPLE case=fp16-128x128 pair=28 order=C,P parent_device_us=13.4400 candidate_device_us=6.2600 parent_gelem_s=1.219048 candidate_gelem_s=2.617252 parent_wall_us=87.2410 candidate_wall_us=74.1510 paired_delta_us=-7.1800
LOCAL_SAMPLE case=fp16-128x128 pair=29 order=P,C parent_device_us=16.3600 candidate_device_us=12.8600 parent_gelem_s=1.001467 candidate_gelem_s=1.274028 parent_wall_us=88.2800 candidate_wall_us=174.6420 paired_delta_us=-3.5000
LOCAL_SAMPLE case=fp16-128x128 pair=30 order=C,P parent_device_us=6.2800 candidate_device_us=11.2200 parent_gelem_s=2.608917 candidate_gelem_s=1.460250 parent_wall_us=71.9200 candidate_wall_us=97.6510 paired_delta_us=4.9400
LOCAL_SAMPLE case=fp16-128x128 pair=31 order=P,C parent_device_us=6.6400 candidate_device_us=6.5800 parent_gelem_s=2.467470 candidate_gelem_s=2.489970 parent_wall_us=73.5310 candidate_wall_us=71.9510 paired_delta_us=-0.0600
LOCAL_STATS case=fp16-128x128 metric=device_us binary=PARENT_R31B_V011 n=31 median=8.6600 mean=14.9826 stdev=14.8324 cv=0.98998 min=5.9600 max=80.7600 mad=2.6000 p10=6.2800 p90=26.9600
LOCAL_STATS case=fp16-128x128 metric=device_us binary=CANDIDATE_V049 n=31 median=9.9200 mean=11.4755 stdev=5.6240 cv=0.49009 min=5.9200 max=27.5800 mad=3.5800 p10=6.2000 p90=18.1600
LOCAL_STATS case=fp16-128x128 metric=wall_us binary=PARENT_R31B_V011 n=31 median=86.4800 mean=119.3702 stdev=137.3466 cv=1.15059 min=67.8100 max=836.6060 mad=12.9490 p10=71.6900 p90=151.4810
LOCAL_STATS case=fp16-128x128 metric=wall_us binary=CANDIDATE_V049 n=31 median=84.4400 mean=94.9098 stdev=39.1672 cv=0.41268 min=69.1410 max=270.0420 mad=12.4890 p10=70.7610 p90=114.3710
LOCAL_STATS case=fp16-128x128 metric=gelem_s binary=PARENT_R31B_V011 n=31 median=1.8919 mean=1.6736 stdev=0.8128 cv=0.48570 min=0.2029 max=2.7490 mad=0.7170 p10=0.6077 p90=2.6089
LOCAL_STATS case=fp16-128x128 metric=gelem_s binary=CANDIDATE_V049 n=31 median=1.6516 mean=1.7503 stdev=0.7333 cv=0.41895 min=0.5941 max=2.7676 mad=0.7383 p10=0.9022 p90=2.6426
LOCAL_STATS case=fp16-128x128 metric=paired_delta_us binary=CANDIDATE_MINUS_PARENT n=31 median=-0.3000 mean=-3.5071 stdev=16.3987 cv=-4.67588 min=-74.1400 max=13.0600 mad=3.2000 p10=-11.0600 p90=9.7000
LOCAL_RESULT route=SYNC-BARRIER-ELISION-X revision=V049 device=3 shape=128x128 dtype=fp16 samples=31 parent_median_us=8.6600 candidate_median_us=9.9200 parent_median_gelem_s=1.891917 candidate_median_gelem_s=1.651613 local_delta_us=-0.3000 local_score_percent=3.464203 candidate_minus_parent_percent=-3.464203

LOCAL_END=2026-10-07T23:55:25Z
LOAD_SNAPSHOT=AFTER_BLOCK_2
 23:55:25 up 242 days, 11:31, 33 users,  load average: 58.37, 57.45, 53.96
+------------------------------------------------------------------------------------------------+
| npu-smi 25.0.rc1.1               Version: 25.0.rc1.1                                           |
+---------------------------+---------------+----------------------------------------------------+
| NPU   Name                | Health        | Power(W)    Temp(C)           Hugepages-Usage(page)|
| Chip                      | Bus-Id        | AICore(%)   Memory-Usage(MB)  HBM-Usage(MB)        |
+===========================+===============+====================================================+
| 0     910B3               | OK            | 94.6        38                0    / 0             |
| 0                         | 0000:C1:00.0  | 0           0    / 0          3432 / 65536         |
+===========================+===============+====================================================+
| 1     910B3               | OK            | 127.1       40                0    / 0             |
| 0                         | 0000:C2:00.0  | 18          0    / 0          9174 / 65536         |
+===========================+===============+====================================================+
| 2     910B3               | OK            | 90.8        41                0    / 0             |
| 0                         | 0000:81:00.0  | 0           0    / 0          9616 / 65536         |
+===========================+===============+====================================================+
| 3     910B3               | OK            | 94.0        40                0    / 0             |
| 0                         | 0000:82:00.0  | 0           0    / 0          3428 / 65536         |
+===========================+===============+====================================================+
| 4     910B3               | OK            | 297.6       60                0    / 0             |
| 0                         | 0000:01:00.0  | 58          0    / 0          59193/ 65536         |
+===========================+===============+====================================================+
| 5     910B3               | OK            | 170.8       59                0    / 0             |
| 0                         | 0000:02:00.0  | 43          0    / 0          60221/ 65536         |
+===========================+===============+====================================================+
| 6     910B3               | OK            | 174.6       58                0    / 0             |
| 0                         | 0000:41:00.0  | 43          0    / 0          60222/ 65536         |
+===========================+===============+====================================================+
| 7     910B3               | OK            | 121.4       47                0    / 0             |
| 0                         | 0000:42:00.0  | 6           0    / 0          24790/ 65536         |
+===========================+===============+====================================================+
+---------------------------+---------------+----------------------------------------------------+
| NPU     Chip              | Process id    | Process name             | Process memory(MB)      |
+===========================+===============+====================================================+
| No running processes found in NPU 0                                                            |
+===========================+===============+====================================================+
| 1       0                 | 3150467       | python                   | 5746                    |
+===========================+===============+====================================================+
| 2       0                 | 2840325       | python                   | 6248                    |
+===========================+===============+====================================================+
| No running processes found in NPU 3                                                            |
+===========================+===============+====================================================+
| 4       0                 | 2999855       | VLLMEngineCor            | 55666                   |
+===========================+===============+====================================================+
| 5       0                 | 89602         | VLLMWorker_TP            | 56700                   |
+===========================+===============+====================================================+
| 6       0                 | 91228         | VLLMWorker_TP            | 56701                   |
+===========================+===============+====================================================+
| 7       0                 | 439848        | python3                  | 21260                   |
+===========================+===============+====================================================+
