ROUTE=SYNC-BARRIER-ELISION-X
REVISION=V049
DIRECT_PARENT=R31B-V011
HOST=hwnput3
SOC=Ascend910B3
NPU_ARCH=dav-2201
DEVICE=3
CANN_PACKAGE=/usr/local/Ascend/ascend-toolkit/8.5.0.alpha002
a8c19a1972207acc67e3fb0cd393cc70b0a4b183d1eaf5610edf80c2879b15e3  本地实验/SYNC-BARRIER-ELISION-X/V049/parent.asc
83e4f9248e939a102171b3ac931bfa80cfa9128a347107c00ac627ce8a542225  本地实验/SYNC-BARRIER-ELISION-X/V049/submission.asc
50ae64763878571c47a82392b3b2dbd1c18eb7650eaf65e8d2c532c5f587c12f  本地实验/SYNC-BARRIER-ELISION-X/V049/support/correctness_runner.asc
a95741aa95b977ce6fafa39c0148324e3c7b6b68387c953d0924b24edabc2c40  /tmp/sync-barrier-elision-v049.fresh/sync_barrier_elision_correctness
RUNNER_LABEL_ASSERTION=CANDIDATE_V049 PASS
QUALIFICATION_START=2026-10-07T23:54:02Z
+------------------------------------------------------------------------------------------------+
| npu-smi 25.0.rc1.1               Version: 25.0.rc1.1                                           |
+---------------------------+---------------+----------------------------------------------------+
| NPU   Name                | Health        | Power(W)    Temp(C)           Hugepages-Usage(page)|
| Chip                      | Bus-Id        | AICore(%)   Memory-Usage(MB)  HBM-Usage(MB)        |
+===========================+===============+====================================================+
| 0     910B3               | OK            | 93.3        38                0    / 0             |
| 0                         | 0000:C1:00.0  | 0           0    / 0          3432 / 65536         |
+===========================+===============+====================================================+
| 1     910B3               | OK            | 108.8       39                0    / 0             |
| 0                         | 0000:C2:00.0  | 1           0    / 0          9174 / 65536         |
+===========================+===============+====================================================+
| 2     910B3               | OK            | 129.1       42                0    / 0             |
| 0                         | 0000:81:00.0  | 13          0    / 0          9117 / 65536         |
+===========================+===============+====================================================+
| 3     910B3               | OK            | 93.0        39                0    / 0             |
| 0                         | 0000:82:00.0  | 0           0    / 0          3426 / 65536         |
+===========================+===============+====================================================+
| 4     910B3               | OK            | 207.2       64                0    / 0             |
| 0                         | 0000:01:00.0  | 61          0    / 0          59192/ 65536         |
+===========================+===============+====================================================+
| 5     910B3               | OK            | 175.3       57                0    / 0             |
| 0                         | 0000:02:00.0  | 43          0    / 0          60222/ 65536         |
+===========================+===============+====================================================+
| 6     910B3               | OK            | 176.5       57                0    / 0             |
| 0                         | 0000:41:00.0  | 43          0    / 0          60221/ 65536         |
+===========================+===============+====================================================+
| 7     910B3               | OK            | 189.6       46                0    / 0             |
| 0                         | 0000:42:00.0  | 43          0    / 0          24394/ 65536         |
+===========================+===============+====================================================+
+---------------------------+---------------+----------------------------------------------------+
| NPU     Chip              | Process id    | Process name             | Process memory(MB)      |
+===========================+===============+====================================================+
| No running processes found in NPU 0                                                            |
+===========================+===============+====================================================+
| 1       0                 | 3150467       | python                   | 5746                    |
+===========================+===============+====================================================+
| 2       0                 | 2840325       | python                   | 5748                    |
+===========================+===============+====================================================+
| No running processes found in NPU 3                                                            |
+===========================+===============+====================================================+
| 4       0                 | 2999855       | VLLMEngineCor            | 55666                   |
+===========================+===============+====================================================+
| 5       0                 | 89602         | VLLMWorker_TP            | 56700                   |
+===========================+===============+====================================================+
| 6       0                 | 91228         | VLLMWorker_TP            | 56701                   |
+===========================+===============+====================================================+
| 7       0                 | 439848        | python3                  | 20864                   |
+===========================+===============+====================================================+

QUALIFICATION_BLOCK=PARENT_1
SAME_BINARY_SAMPLE binary=PARENT_R31B_V011 case=fp16-128x128 pair=01 order=A,B first_device_us=22.2800 second_device_us=22.5800 first_gelem_s=0.735368 second_gelem_s=0.725598 first_wall_us=174.5010 second_wall_us=86.9310 second_minus_first_us=0.3000
SAME_BINARY_SAMPLE binary=PARENT_R31B_V011 case=fp16-128x128 pair=02 order=B,A first_device_us=6.8800 second_device_us=6.4400 first_gelem_s=2.381395 second_gelem_s=2.544099 first_wall_us=83.7000 second_wall_us=77.9110 second_minus_first_us=-0.4400
SAME_BINARY_SAMPLE binary=PARENT_R31B_V011 case=fp16-128x128 pair=03 order=A,B first_device_us=7.3800 second_device_us=20.3800 first_gelem_s=2.220054 second_gelem_s=0.803925 first_wall_us=74.8110 second_wall_us=75.4700 second_minus_first_us=13.0000
SAME_BINARY_SAMPLE binary=PARENT_R31B_V011 case=fp16-128x128 pair=04 order=B,A first_device_us=6.5200 second_device_us=6.4400 first_gelem_s=2.512884 second_gelem_s=2.544099 first_wall_us=74.4110 second_wall_us=73.6610 second_minus_first_us=-0.0800
SAME_BINARY_SAMPLE binary=PARENT_R31B_V011 case=fp16-128x128 pair=05 order=A,B first_device_us=7.3600 second_device_us=20.7600 first_gelem_s=2.226087 second_gelem_s=0.789210 first_wall_us=68.1000 second_wall_us=71.5910 second_minus_first_us=13.4000
SAME_BINARY_SAMPLE binary=PARENT_R31B_V011 case=fp16-128x128 pair=06 order=B,A first_device_us=22.1400 second_device_us=6.5400 first_gelem_s=0.740018 second_gelem_s=2.505199 first_wall_us=74.7300 second_wall_us=73.2800 second_minus_first_us=-15.6000
SAME_BINARY_SAMPLE binary=PARENT_R31B_V011 case=fp16-128x128 pair=07 order=A,B first_device_us=6.0200 second_device_us=17.2600 first_gelem_s=2.721595 second_gelem_s=0.949247 first_wall_us=65.1110 second_wall_us=71.3300 second_minus_first_us=11.2400
SAME_BINARY_SAMPLE binary=PARENT_R31B_V011 case=fp16-128x128 pair=08 order=B,A first_device_us=6.4600 second_device_us=7.1200 first_gelem_s=2.536223 second_gelem_s=2.301124 first_wall_us=73.1410 second_wall_us=64.7010 second_minus_first_us=0.6600
SAME_BINARY_SAMPLE binary=PARENT_R31B_V011 case=fp16-128x128 pair=09 order=A,B first_device_us=6.5200 second_device_us=6.5200 first_gelem_s=2.512884 second_gelem_s=2.512884 first_wall_us=73.9300 second_wall_us=97.6310 second_minus_first_us=0.0000
SAME_BINARY_SAMPLE binary=PARENT_R31B_V011 case=fp16-128x128 pair=10 order=B,A first_device_us=17.0800 second_device_us=17.1800 first_gelem_s=0.959251 second_gelem_s=0.953667 first_wall_us=71.5610 second_wall_us=71.2200 second_minus_first_us=0.1000
SAME_BINARY_SAMPLE binary=PARENT_R31B_V011 case=fp16-128x128 pair=11 order=A,B first_device_us=16.0600 second_device_us=19.2000 first_gelem_s=1.020174 second_gelem_s=0.853333 first_wall_us=73.3310 second_wall_us=72.7410 second_minus_first_us=3.1400
SAME_BINARY_SAMPLE binary=PARENT_R31B_V011 case=fp16-128x128 pair=12 order=B,A first_device_us=17.2800 second_device_us=18.7600 first_gelem_s=0.948148 second_gelem_s=0.873348 first_wall_us=71.8700 second_wall_us=71.0310 second_minus_first_us=1.4800
SAME_BINARY_SAMPLE binary=PARENT_R31B_V011 case=fp16-128x128 pair=13 order=A,B first_device_us=20.1200 second_device_us=17.9000 first_gelem_s=0.814314 second_gelem_s=0.915307 first_wall_us=71.4310 second_wall_us=70.9800 second_minus_first_us=-2.2200
SAME_BINARY_SAMPLE binary=PARENT_R31B_V011 case=fp16-128x128 pair=14 order=B,A first_device_us=16.3400 second_device_us=18.7800 first_gelem_s=1.002693 second_gelem_s=0.872417 first_wall_us=71.5810 second_wall_us=72.3510 second_minus_first_us=2.4400
SAME_BINARY_SAMPLE binary=PARENT_R31B_V011 case=fp16-128x128 pair=15 order=A,B first_device_us=16.1400 second_device_us=17.7600 first_gelem_s=1.015118 second_gelem_s=0.922523 first_wall_us=71.2700 second_wall_us=71.0510 second_minus_first_us=1.6200
SAME_BINARY_SAMPLE binary=PARENT_R31B_V011 case=fp16-128x128 pair=16 order=B,A first_device_us=14.4200 second_device_us=18.8800 first_gelem_s=1.136200 second_gelem_s=0.867797 first_wall_us=70.3000 second_wall_us=72.4510 second_minus_first_us=4.4600
SAME_BINARY_SAMPLE binary=PARENT_R31B_V011 case=fp16-128x128 pair=17 order=A,B first_device_us=19.4000 second_device_us=17.8000 first_gelem_s=0.844536 second_gelem_s=0.920449 first_wall_us=73.1310 second_wall_us=95.2910 second_minus_first_us=-1.6000
SAME_BINARY_SAMPLE binary=PARENT_R31B_V011 case=fp16-128x128 pair=18 order=B,A first_device_us=19.5800 second_device_us=17.6400 first_gelem_s=0.836772 second_gelem_s=0.928798 first_wall_us=75.1400 second_wall_us=71.8810 second_minus_first_us=-1.9400
SAME_BINARY_SAMPLE binary=PARENT_R31B_V011 case=fp16-128x128 pair=19 order=A,B first_device_us=18.7600 second_device_us=17.6600 first_gelem_s=0.873348 second_gelem_s=0.927746 first_wall_us=74.3410 second_wall_us=75.5100 second_minus_first_us=-1.1000
SAME_BINARY_SAMPLE binary=PARENT_R31B_V011 case=fp16-128x128 pair=20 order=B,A first_device_us=17.9200 second_device_us=11.6800 first_gelem_s=0.914286 second_gelem_s=1.402740 first_wall_us=72.6710 second_wall_us=75.0310 second_minus_first_us=-6.2400
SAME_BINARY_SAMPLE binary=PARENT_R31B_V011 case=fp16-128x128 pair=21 order=A,B first_device_us=17.8200 second_device_us=17.1800 first_gelem_s=0.919416 second_gelem_s=0.953667 first_wall_us=72.2800 second_wall_us=73.2110 second_minus_first_us=-0.6400
SAME_BINARY_SAMPLE binary=PARENT_R31B_V011 case=fp16-128x128 pair=22 order=B,A first_device_us=7.3400 second_device_us=20.2000 first_gelem_s=2.232153 second_gelem_s=0.811089 first_wall_us=73.8910 second_wall_us=72.1200 second_minus_first_us=12.8600
SAME_BINARY_SAMPLE binary=PARENT_R31B_V011 case=fp16-128x128 pair=23 order=A,B first_device_us=6.6000 second_device_us=16.2400 first_gelem_s=2.482424 second_gelem_s=1.008867 first_wall_us=70.7510 second_wall_us=71.8110 second_minus_first_us=9.6400
SAME_BINARY_SAMPLE binary=PARENT_R31B_V011 case=fp16-128x128 pair=24 order=B,A first_device_us=15.2800 second_device_us=7.1200 first_gelem_s=1.072251 second_gelem_s=2.301124 first_wall_us=73.3300 second_wall_us=73.0010 second_minus_first_us=-8.1600
SAME_BINARY_SAMPLE binary=PARENT_R31B_V011 case=fp16-128x128 pair=25 order=A,B first_device_us=18.0600 second_device_us=25.2200 first_gelem_s=0.907198 second_gelem_s=0.649643 first_wall_us=73.9300 second_wall_us=76.5500 second_minus_first_us=7.1600
SAME_BINARY_SAMPLE binary=PARENT_R31B_V011 case=fp16-128x128 pair=26 order=B,A first_device_us=6.5000 second_device_us=18.5400 first_gelem_s=2.520615 second_gelem_s=0.883711 first_wall_us=70.6710 second_wall_us=71.2800 second_minus_first_us=12.0400
SAME_BINARY_SAMPLE binary=PARENT_R31B_V011 case=fp16-128x128 pair=27 order=A,B first_device_us=16.9400 second_device_us=17.1800 first_gelem_s=0.967178 second_gelem_s=0.953667 first_wall_us=70.4100 second_wall_us=73.0710 second_minus_first_us=0.2400
SAME_BINARY_SAMPLE binary=PARENT_R31B_V011 case=fp16-128x128 pair=28 order=B,A first_device_us=16.8000 second_device_us=17.7400 first_gelem_s=0.975238 second_gelem_s=0.923563 first_wall_us=71.8200 second_wall_us=72.1610 second_minus_first_us=0.9400
SAME_BINARY_SAMPLE binary=PARENT_R31B_V011 case=fp16-128x128 pair=29 order=A,B first_device_us=18.2200 second_device_us=17.3200 first_gelem_s=0.899232 second_gelem_s=0.945958 first_wall_us=70.8710 second_wall_us=71.4700 second_minus_first_us=-0.9000
SAME_BINARY_SAMPLE binary=PARENT_R31B_V011 case=fp16-128x128 pair=30 order=B,A first_device_us=17.4400 second_device_us=20.8800 first_gelem_s=0.939450 second_gelem_s=0.784674 first_wall_us=71.8410 second_wall_us=73.5610 second_minus_first_us=3.4400
SAME_BINARY_SAMPLE binary=PARENT_R31B_V011 case=fp16-128x128 pair=31 order=A,B first_device_us=18.4000 second_device_us=14.5800 first_gelem_s=0.890435 second_gelem_s=1.123731 first_wall_us=71.3800 second_wall_us=71.5910 second_minus_first_us=-3.8200
LOCAL_STATS case=PARENT_R31B_V011 metric=device_us binary=same_binary_first n=31 median=16.8000 mean=14.3245 stdev=5.5577 cv=0.38799 min=6.0200 max=22.2800 mad=2.3800 p10=6.5200 p90=19.5800
LOCAL_STATS case=PARENT_R31B_V011 metric=device_us binary=same_binary_second n=31 median=17.6600 mean=16.1123 stdev=5.2220 cv=0.32410 min=6.4400 max=25.2200 mad=1.4200 p10=6.5400 p90=20.7600
LOCAL_STATS case=PARENT_R31B_V011 metric=paired_delta_us binary=same_binary_second_minus_first n=31 median=0.3000 mean=1.7877 stdev=6.4847 cv=3.62732 min=-15.6000 max=13.4000 mad=2.2400 p10=-3.8200 p90=12.0400
LOCAL_STATS case=PARENT_R31B_V011 metric=gelem_s binary=same_binary_first n=31 median=0.9752 mean=1.4115 stdev=0.7280 cv=0.51573 min=0.7354 max=2.7216 mad=0.1307 p10=0.8368 p90=2.5129
LOCAL_STATS case=PARENT_R31B_V011 metric=gelem_s binary=same_binary_second n=31 median=0.9277 mean=1.2082 stdev=0.6335 cv=0.52432 min=0.6496 max=2.5441 mad=0.0744 p10=0.7892 p90=2.5052
LOCAL_STATS case=PARENT_R31B_V011 metric=wall_us binary=same_binary_first n=31 median=72.2800 mean=75.8141 stdev=18.5481 cv=0.24465 min=65.1110 max=174.5010 mad=1.5290 p10=70.4100 p90=74.8110
LOCAL_STATS case=PARENT_R31B_V011 metric=wall_us binary=same_binary_second n=31 median=72.4510 mean=74.5765 stdev=6.7713 cv=0.09080 min=64.7010 max=97.6310 mad=1.1210 p10=71.0510 p90=77.9110
SAME_BINARY_QUALIFICATION binary=PARENT_R31B_V011 case=fp16-128x128 samples=31 first_mad_over_median=0.141667 second_mad_over_median=0.080408 median_drift_fraction=0.049913
SAME_BINARY_SUMMARY binary=PARENT_R31B_V011 device=3 shape=128x128 dtype=fp16 samples=31

QUALIFICATION_BLOCK=PARENT_2
SAME_BINARY_SAMPLE binary=PARENT_R31B_V011 case=fp16-128x128 pair=01 order=A,B first_device_us=70.2200 second_device_us=43.5400 first_gelem_s=0.233324 second_gelem_s=0.376298 first_wall_us=244.2620 second_wall_us=130.4910 second_minus_first_us=-26.6800
SAME_BINARY_SAMPLE binary=PARENT_R31B_V011 case=fp16-128x128 pair=02 order=B,A first_device_us=33.3200 second_device_us=98.7200 first_gelem_s=0.491717 second_gelem_s=0.165964 first_wall_us=268.1820 second_wall_us=188.4620 second_minus_first_us=65.4000
SAME_BINARY_SAMPLE binary=PARENT_R31B_V011 case=fp16-128x128 pair=03 order=A,B first_device_us=6.3200 second_device_us=6.4600 first_gelem_s=2.592405 second_gelem_s=2.536223 first_wall_us=96.3010 second_wall_us=79.1600 second_minus_first_us=0.1400
SAME_BINARY_SAMPLE binary=PARENT_R31B_V011 case=fp16-128x128 pair=04 order=B,A first_device_us=6.5000 second_device_us=6.2600 first_gelem_s=2.520615 second_gelem_s=2.617252 first_wall_us=99.8310 second_wall_us=73.9810 second_minus_first_us=-0.2400
SAME_BINARY_SAMPLE binary=PARENT_R31B_V011 case=fp16-128x128 pair=05 order=A,B first_device_us=18.5400 second_device_us=6.1400 first_gelem_s=0.883711 second_gelem_s=2.668404 first_wall_us=77.4010 second_wall_us=75.9200 second_minus_first_us=-12.4000
SAME_BINARY_SAMPLE binary=PARENT_R31B_V011 case=fp16-128x128 pair=06 order=B,A first_device_us=6.3200 second_device_us=17.4600 first_gelem_s=2.592405 second_gelem_s=0.938373 first_wall_us=73.6410 second_wall_us=82.5810 second_minus_first_us=11.1400
SAME_BINARY_SAMPLE binary=PARENT_R31B_V011 case=fp16-128x128 pair=07 order=A,B first_device_us=6.1000 second_device_us=6.5000 first_gelem_s=2.685902 second_gelem_s=2.520615 first_wall_us=73.0900 second_wall_us=85.8510 second_minus_first_us=0.4000
SAME_BINARY_SAMPLE binary=PARENT_R31B_V011 case=fp16-128x128 pair=08 order=B,A first_device_us=15.7000 second_device_us=6.9800 first_gelem_s=1.043567 second_gelem_s=2.347278 first_wall_us=70.9310 second_wall_us=84.4100 second_minus_first_us=-8.7200
SAME_BINARY_SAMPLE binary=PARENT_R31B_V011 case=fp16-128x128 pair=09 order=A,B first_device_us=6.3200 second_device_us=12.2800 first_gelem_s=2.592405 second_gelem_s=1.334202 first_wall_us=85.7910 second_wall_us=71.6010 second_minus_first_us=5.9600
SAME_BINARY_SAMPLE binary=PARENT_R31B_V011 case=fp16-128x128 pair=10 order=B,A first_device_us=6.6800 second_device_us=6.8600 first_gelem_s=2.452695 second_gelem_s=2.388338 first_wall_us=83.7200 second_wall_us=83.5900 second_minus_first_us=0.1800
SAME_BINARY_SAMPLE binary=PARENT_R31B_V011 case=fp16-128x128 pair=11 order=A,B first_device_us=6.4200 second_device_us=6.0200 first_gelem_s=2.552025 second_gelem_s=2.721595 first_wall_us=72.8410 second_wall_us=71.7900 second_minus_first_us=-0.4000
SAME_BINARY_SAMPLE binary=PARENT_R31B_V011 case=fp16-128x128 pair=12 order=B,A first_device_us=17.8600 second_device_us=17.9600 first_gelem_s=0.917357 second_gelem_s=0.912249 first_wall_us=72.9600 second_wall_us=70.6010 second_minus_first_us=0.1000
SAME_BINARY_SAMPLE binary=PARENT_R31B_V011 case=fp16-128x128 pair=13 order=A,B first_device_us=18.4600 second_device_us=15.0800 first_gelem_s=0.887541 second_gelem_s=1.086472 first_wall_us=72.5310 second_wall_us=71.8200 second_minus_first_us=-3.3800
SAME_BINARY_SAMPLE binary=PARENT_R31B_V011 case=fp16-128x128 pair=14 order=B,A first_device_us=6.2400 second_device_us=18.7600 first_gelem_s=2.625641 second_gelem_s=0.873348 first_wall_us=85.3010 second_wall_us=71.2310 second_minus_first_us=12.5200
SAME_BINARY_SAMPLE binary=PARENT_R31B_V011 case=fp16-128x128 pair=15 order=A,B first_device_us=6.4000 second_device_us=17.1800 first_gelem_s=2.560000 second_gelem_s=0.953667 first_wall_us=71.0500 second_wall_us=70.2110 second_minus_first_us=10.7800
SAME_BINARY_SAMPLE binary=PARENT_R31B_V011 case=fp16-128x128 pair=16 order=B,A first_device_us=16.1000 second_device_us=16.7400 first_gelem_s=1.017640 second_gelem_s=0.978734 first_wall_us=71.4010 second_wall_us=68.6000 second_minus_first_us=0.6400
SAME_BINARY_SAMPLE binary=PARENT_R31B_V011 case=fp16-128x128 pair=17 order=A,B first_device_us=15.4400 second_device_us=6.3600 first_gelem_s=1.061140 second_gelem_s=2.576101 first_wall_us=71.9010 second_wall_us=74.3200 second_minus_first_us=-9.0800
SAME_BINARY_SAMPLE binary=PARENT_R31B_V011 case=fp16-128x128 pair=18 order=B,A first_device_us=18.1800 second_device_us=17.9400 first_gelem_s=0.901210 second_gelem_s=0.913266 first_wall_us=76.7600 second_wall_us=77.9210 second_minus_first_us=-0.2400
SAME_BINARY_SAMPLE binary=PARENT_R31B_V011 case=fp16-128x128 pair=19 order=A,B first_device_us=16.8600 second_device_us=19.3000 first_gelem_s=0.971767 second_gelem_s=0.848912 first_wall_us=73.6610 second_wall_us=72.4000 second_minus_first_us=2.4400
SAME_BINARY_SAMPLE binary=PARENT_R31B_V011 case=fp16-128x128 pair=20 order=B,A first_device_us=18.8600 second_device_us=21.9200 first_gelem_s=0.868717 second_gelem_s=0.747445 first_wall_us=99.4210 second_wall_us=74.5810 second_minus_first_us=3.0600
SAME_BINARY_SAMPLE binary=PARENT_R31B_V011 case=fp16-128x128 pair=21 order=A,B first_device_us=20.4600 second_device_us=18.4600 first_gelem_s=0.800782 second_gelem_s=0.887541 first_wall_us=73.1200 second_wall_us=72.4710 second_minus_first_us=-2.0000
SAME_BINARY_SAMPLE binary=PARENT_R31B_V011 case=fp16-128x128 pair=22 order=B,A first_device_us=17.2600 second_device_us=18.3800 first_gelem_s=0.949247 second_gelem_s=0.891404 first_wall_us=73.0610 second_wall_us=72.7900 second_minus_first_us=1.1200
SAME_BINARY_SAMPLE binary=PARENT_R31B_V011 case=fp16-128x128 pair=23 order=A,B first_device_us=6.4600 second_device_us=15.8400 first_gelem_s=2.536223 second_gelem_s=1.034343 first_wall_us=82.4910 second_wall_us=84.6910 second_minus_first_us=9.3800
SAME_BINARY_SAMPLE binary=PARENT_R31B_V011 case=fp16-128x128 pair=24 order=B,A first_device_us=6.4600 second_device_us=6.3400 first_gelem_s=2.536223 second_gelem_s=2.584227 first_wall_us=75.6700 second_wall_us=93.3000 second_minus_first_us=-0.1200
SAME_BINARY_SAMPLE binary=PARENT_R31B_V011 case=fp16-128x128 pair=25 order=A,B first_device_us=5.3600 second_device_us=18.7600 first_gelem_s=3.056717 second_gelem_s=0.873348 first_wall_us=83.3910 second_wall_us=77.8210 second_minus_first_us=13.4000
SAME_BINARY_SAMPLE binary=PARENT_R31B_V011 case=fp16-128x128 pair=26 order=B,A first_device_us=6.1800 second_device_us=6.1400 first_gelem_s=2.651133 second_gelem_s=2.668404 first_wall_us=84.0800 second_wall_us=86.0500 second_minus_first_us=-0.0400
SAME_BINARY_SAMPLE binary=PARENT_R31B_V011 case=fp16-128x128 pair=27 order=A,B first_device_us=5.8600 second_device_us=18.9600 first_gelem_s=2.795904 second_gelem_s=0.864135 first_wall_us=75.9910 second_wall_us=72.2500 second_minus_first_us=13.1000
SAME_BINARY_SAMPLE binary=PARENT_R31B_V011 case=fp16-128x128 pair=28 order=B,A first_device_us=5.8400 second_device_us=17.7200 first_gelem_s=2.805479 second_gelem_s=0.924605 first_wall_us=78.8700 second_wall_us=83.0310 second_minus_first_us=11.8800
SAME_BINARY_SAMPLE binary=PARENT_R31B_V011 case=fp16-128x128 pair=29 order=A,B first_device_us=14.5000 second_device_us=6.4000 first_gelem_s=1.129931 second_gelem_s=2.560000 first_wall_us=82.4410 second_wall_us=73.1200 second_minus_first_us=-8.1000
SAME_BINARY_SAMPLE binary=PARENT_R31B_V011 case=fp16-128x128 pair=30 order=B,A first_device_us=6.3000 second_device_us=21.1800 first_gelem_s=2.600635 second_gelem_s=0.773560 first_wall_us=73.8310 second_wall_us=84.1810 second_minus_first_us=14.8800
SAME_BINARY_SAMPLE binary=PARENT_R31B_V011 case=fp16-128x128 pair=31 order=A,B first_device_us=6.5800 second_device_us=5.9200 first_gelem_s=2.489970 second_gelem_s=2.767568 first_wall_us=82.3600 second_wall_us=82.5310 second_minus_first_us=-0.6600
LOCAL_STATS case=PARENT_R31B_V011 metric=device_us binary=same_binary_first n=31 median=6.5800 mean=13.4871 stdev=12.5350 cv=0.92941 min=5.3600 max=70.2200 mad=0.7400 p10=6.1000 p90=18.8600
LOCAL_STATS case=PARENT_R31B_V011 metric=device_us binary=same_binary_second n=31 median=16.7400 mean=16.8568 stdev=17.1573 cv=1.01783 min=5.9200 max=98.7200 mad=4.4600 p10=6.1400 p90=21.1800
LOCAL_STATS case=PARENT_R31B_V011 metric=paired_delta_us binary=same_binary_second_minus_first n=31 median=0.1800 mean=3.3697 stdev=14.4712 cv=4.29454 min=-26.6800 max=65.4000 mad=3.5600 p10=-8.7200 p90=13.1000
LOCAL_STATS case=PARENT_R31B_V011 metric=gelem_s binary=same_binary_first n=31 median=2.4900 mean=1.8324 stdev=0.9091 cv=0.49613 min=0.2333 max=3.0567 mad=0.3155 p10=0.8687 p90=2.6859
LOCAL_STATS case=PARENT_R31B_V011 metric=gelem_s binary=same_binary_second n=31 median=0.9787 mean=1.5269 stdev=0.8747 cv=0.57285 min=0.1660 max=2.7676 mad=0.2313 p10=0.7736 p90=2.6684
LOCAL_STATS case=PARENT_R31B_V011 metric=wall_us binary=same_binary_first n=31 median=76.7600 mean=90.5253 stdev=45.0524 cv=0.49768 min=70.9310 max=268.1820 mad=5.3590 p10=71.9010 p90=99.4210
LOCAL_STATS case=PARENT_R31B_V011 metric=wall_us binary=same_binary_second n=31 median=75.9200 mean=82.6374 stdev=22.6815 cv=0.27447 min=68.6000 max=188.4620 mad=4.6890 p10=71.2310 p90=86.0500
SAME_BINARY_QUALIFICATION binary=PARENT_R31B_V011 case=fp16-128x128 samples=31 first_mad_over_median=0.112462 second_mad_over_median=0.266428 median_drift_fraction=0.871355
SAME_BINARY_SUMMARY binary=PARENT_R31B_V011 device=3 shape=128x128 dtype=fp16 samples=31

QUALIFICATION_BLOCK=CANDIDATE_1
SAME_BINARY_SAMPLE binary=CANDIDATE_V049 case=fp16-128x128 pair=01 order=A,B first_device_us=20.5400 second_device_us=19.5000 first_gelem_s=0.797663 second_gelem_s=0.840205 first_wall_us=158.7210 second_wall_us=80.7410 second_minus_first_us=-1.0400
SAME_BINARY_SAMPLE binary=CANDIDATE_V049 case=fp16-128x128 pair=02 order=B,A first_device_us=18.5600 second_device_us=6.9200 first_gelem_s=0.882759 second_gelem_s=2.367630 first_wall_us=79.1010 second_wall_us=65.3400 second_minus_first_us=-11.6400
SAME_BINARY_SAMPLE binary=CANDIDATE_V049 case=fp16-128x128 pair=03 order=A,B first_device_us=6.6200 second_device_us=18.1600 first_gelem_s=2.474924 second_gelem_s=0.902203 first_wall_us=56.7310 second_wall_us=61.4700 second_minus_first_us=11.5400
SAME_BINARY_SAMPLE binary=CANDIDATE_V049 case=fp16-128x128 pair=04 order=B,A first_device_us=6.3600 second_device_us=5.9600 first_gelem_s=2.576101 second_gelem_s=2.748993 first_wall_us=61.9310 second_wall_us=62.7600 second_minus_first_us=-0.4000
SAME_BINARY_SAMPLE binary=CANDIDATE_V049 case=fp16-128x128 pair=05 order=A,B first_device_us=15.7000 second_device_us=17.6000 first_gelem_s=1.043567 second_gelem_s=0.930909 first_wall_us=62.7910 second_wall_us=60.1400 second_minus_first_us=1.9000
SAME_BINARY_SAMPLE binary=CANDIDATE_V049 case=fp16-128x128 pair=06 order=B,A first_device_us=5.9800 second_device_us=15.5800 first_gelem_s=2.739799 second_gelem_s=1.051605 first_wall_us=61.4800 second_wall_us=60.3610 second_minus_first_us=9.6000
SAME_BINARY_SAMPLE binary=CANDIDATE_V049 case=fp16-128x128 pair=07 order=A,B first_device_us=16.0400 second_device_us=19.9400 first_gelem_s=1.021446 second_gelem_s=0.821665 first_wall_us=59.4300 second_wall_us=58.9110 second_minus_first_us=3.9000
SAME_BINARY_SAMPLE binary=CANDIDATE_V049 case=fp16-128x128 pair=08 order=B,A first_device_us=5.9400 second_device_us=17.2400 first_gelem_s=2.758249 second_gelem_s=0.950348 first_wall_us=63.0600 second_wall_us=59.4310 second_minus_first_us=11.3000
SAME_BINARY_SAMPLE binary=CANDIDATE_V049 case=fp16-128x128 pair=09 order=A,B first_device_us=6.6600 second_device_us=6.4400 first_gelem_s=2.460060 second_gelem_s=2.544099 first_wall_us=61.4700 second_wall_us=61.7010 second_minus_first_us=-0.2200
SAME_BINARY_SAMPLE binary=CANDIDATE_V049 case=fp16-128x128 pair=10 order=B,A first_device_us=6.2000 second_device_us=6.5400 first_gelem_s=2.642581 second_gelem_s=2.505199 first_wall_us=62.9500 second_wall_us=60.8910 second_minus_first_us=0.3400
SAME_BINARY_SAMPLE binary=CANDIDATE_V049 case=fp16-128x128 pair=11 order=A,B first_device_us=17.6800 second_device_us=17.8600 first_gelem_s=0.926697 second_gelem_s=0.917357 first_wall_us=60.6400 second_wall_us=60.8710 second_minus_first_us=0.1800
SAME_BINARY_SAMPLE binary=CANDIDATE_V049 case=fp16-128x128 pair=12 order=B,A first_device_us=15.2400 second_device_us=12.0200 first_gelem_s=1.075066 second_gelem_s=1.363062 first_wall_us=60.6910 second_wall_us=57.8900 second_minus_first_us=-3.2200
SAME_BINARY_SAMPLE binary=CANDIDATE_V049 case=fp16-128x128 pair=13 order=A,B first_device_us=16.2600 second_device_us=16.3800 first_gelem_s=1.007626 second_gelem_s=1.000244 first_wall_us=59.3410 second_wall_us=71.9900 second_minus_first_us=0.1200
SAME_BINARY_SAMPLE binary=CANDIDATE_V049 case=fp16-128x128 pair=14 order=B,A first_device_us=22.5800 second_device_us=5.9200 first_gelem_s=0.725598 second_gelem_s=2.767568 first_wall_us=70.6810 second_wall_us=62.1500 second_minus_first_us=-16.6600
SAME_BINARY_SAMPLE binary=CANDIDATE_V049 case=fp16-128x128 pair=15 order=A,B first_device_us=7.1600 second_device_us=6.7800 first_gelem_s=2.288268 second_gelem_s=2.416519 first_wall_us=62.9010 second_wall_us=54.3200 second_minus_first_us=-0.3800
SAME_BINARY_SAMPLE binary=CANDIDATE_V049 case=fp16-128x128 pair=16 order=B,A first_device_us=7.0200 second_device_us=6.8200 first_gelem_s=2.333903 second_gelem_s=2.402346 first_wall_us=62.3410 second_wall_us=59.1900 second_minus_first_us=-0.2000
SAME_BINARY_SAMPLE binary=CANDIDATE_V049 case=fp16-128x128 pair=17 order=A,B first_device_us=19.4000 second_device_us=6.2600 first_gelem_s=0.844536 second_gelem_s=2.617252 first_wall_us=96.1200 second_wall_us=58.1810 second_minus_first_us=-13.1400
SAME_BINARY_SAMPLE binary=CANDIDATE_V049 case=fp16-128x128 pair=18 order=B,A first_device_us=6.5800 second_device_us=6.2600 first_gelem_s=2.489970 second_gelem_s=2.617252 first_wall_us=64.6110 second_wall_us=61.1700 second_minus_first_us=-0.3200
SAME_BINARY_SAMPLE binary=CANDIDATE_V049 case=fp16-128x128 pair=19 order=A,B first_device_us=17.6400 second_device_us=7.1600 first_gelem_s=0.928798 second_gelem_s=2.288268 first_wall_us=69.3310 second_wall_us=60.4400 second_minus_first_us=-10.4800
SAME_BINARY_SAMPLE binary=CANDIDATE_V049 case=fp16-128x128 pair=20 order=B,A first_device_us=15.8000 second_device_us=6.0400 first_gelem_s=1.036962 second_gelem_s=2.712583 first_wall_us=60.9910 second_wall_us=61.4100 second_minus_first_us=-9.7600
SAME_BINARY_SAMPLE binary=CANDIDATE_V049 case=fp16-128x128 pair=21 order=A,B first_device_us=7.0800 second_device_us=7.1800 first_gelem_s=2.314124 second_gelem_s=2.281894 first_wall_us=60.5110 second_wall_us=61.9200 second_minus_first_us=0.1000
SAME_BINARY_SAMPLE binary=CANDIDATE_V049 case=fp16-128x128 pair=22 order=B,A first_device_us=16.7600 second_device_us=16.8800 first_gelem_s=0.977566 second_gelem_s=0.970616 first_wall_us=59.7310 second_wall_us=68.4200 second_minus_first_us=0.1200
SAME_BINARY_SAMPLE binary=CANDIDATE_V049 case=fp16-128x128 pair=23 order=A,B first_device_us=6.5600 second_device_us=6.2800 first_gelem_s=2.497561 second_gelem_s=2.608917 first_wall_us=61.2500 second_wall_us=60.5610 second_minus_first_us=-0.2800
SAME_BINARY_SAMPLE binary=CANDIDATE_V049 case=fp16-128x128 pair=24 order=B,A first_device_us=16.4400 second_device_us=6.2200 first_gelem_s=0.996594 second_gelem_s=2.634084 first_wall_us=59.4700 second_wall_us=59.4910 second_minus_first_us=-10.2200
SAME_BINARY_SAMPLE binary=CANDIDATE_V049 case=fp16-128x128 pair=25 order=A,B first_device_us=16.0200 second_device_us=16.6800 first_gelem_s=1.022722 second_gelem_s=0.982254 first_wall_us=60.3800 second_wall_us=58.4110 second_minus_first_us=0.6600
SAME_BINARY_SAMPLE binary=CANDIDATE_V049 case=fp16-128x128 pair=26 order=B,A first_device_us=17.3000 second_device_us=17.0400 first_gelem_s=0.947052 second_gelem_s=0.961502 first_wall_us=58.9800 second_wall_us=60.0410 second_minus_first_us=-0.2600
SAME_BINARY_SAMPLE binary=CANDIDATE_V049 case=fp16-128x128 pair=27 order=A,B first_device_us=16.1600 second_device_us=15.6200 first_gelem_s=1.013861 second_gelem_s=1.048912 first_wall_us=58.1200 second_wall_us=59.1710 second_minus_first_us=-0.5400
SAME_BINARY_SAMPLE binary=CANDIDATE_V049 case=fp16-128x128 pair=28 order=B,A first_device_us=13.9400 second_device_us=7.4000 first_gelem_s=1.175323 second_gelem_s=2.214054 first_wall_us=57.1900 second_wall_us=60.6110 second_minus_first_us=-6.5400
SAME_BINARY_SAMPLE binary=CANDIDATE_V049 case=fp16-128x128 pair=29 order=A,B first_device_us=17.2800 second_device_us=6.9200 first_gelem_s=0.948148 second_gelem_s=2.367630 first_wall_us=61.8900 second_wall_us=61.1010 second_minus_first_us=-10.3600
SAME_BINARY_SAMPLE binary=CANDIDATE_V049 case=fp16-128x128 pair=30 order=B,A first_device_us=16.8800 second_device_us=18.0000 first_gelem_s=0.970616 second_gelem_s=0.910222 first_wall_us=69.2110 second_wall_us=61.4700 second_minus_first_us=1.1200
SAME_BINARY_SAMPLE binary=CANDIDATE_V049 case=fp16-128x128 pair=31 order=A,B first_device_us=6.7200 second_device_us=6.4200 first_gelem_s=2.438095 second_gelem_s=2.552025 first_wall_us=60.3410 second_wall_us=61.8100 second_minus_first_us=-0.3000
LOCAL_STATS case=CANDIDATE_V049 metric=device_us binary=same_binary_first n=31 median=15.8000 mean=13.0677 stdev=5.4743 cv=0.41891 min=5.9400 max=22.5800 mad=2.7600 p10=6.3600 p90=18.5600
LOCAL_STATS case=CANDIDATE_V049 metric=device_us binary=same_binary_second n=31 median=7.1800 mean=11.2910 stdev=5.4571 cv=0.48332 min=5.9200 max=19.9400 mad=1.2200 p10=6.2200 p90=18.0000
LOCAL_STATS case=CANDIDATE_V049 metric=paired_delta_us binary=same_binary_second_minus_first n=31 median=-0.2800 mean=-1.7768 stdev=6.6675 cv=-3.75259 min=-16.6600 max=11.5400 mad=0.9400 p10=-10.4800 p90=3.9000
LOCAL_STATS case=CANDIDATE_V049 metric=gelem_s binary=same_binary_first n=31 median=1.0370 mean=1.5599 stdev=0.7703 cv=0.49380 min=0.7256 max=2.7582 mad=0.1542 p10=0.8828 p90=2.5761
LOCAL_STATS case=CANDIDATE_V049 metric=gelem_s binary=same_binary_second n=31 median=2.2819 mean=1.8160 stdev=0.7904 cv=0.43521 min=0.8217 max=2.7676 mad=0.4671 p10=0.9102 p90=2.6341
LOCAL_STATS case=CANDIDATE_V049 metric=wall_us binary=same_binary_first n=31 median=61.4700 mean=66.5286 stdev=18.6913 cv=0.28095 min=56.7310 max=158.7210 mad=1.5900 p10=58.9800 p90=70.6810
LOCAL_STATS case=CANDIDATE_V049 metric=wall_us binary=same_binary_second n=31 median=60.8710 mean=61.6892 stdev=4.7051 cv=0.07627 min=54.3200 max=80.7410 mad=1.0490 p10=58.4110 p90=65.3400
SAME_BINARY_QUALIFICATION binary=CANDIDATE_V049 case=fp16-128x128 samples=31 first_mad_over_median=0.174684 second_mad_over_median=0.169916 median_drift_fraction=0.750218
SAME_BINARY_SUMMARY binary=CANDIDATE_V049 device=3 shape=128x128 dtype=fp16 samples=31

QUALIFICATION_BLOCK=CANDIDATE_2
SAME_BINARY_SAMPLE binary=CANDIDATE_V049 case=fp16-128x128 pair=01 order=A,B first_device_us=26.4200 second_device_us=20.1200 first_gelem_s=0.620136 second_gelem_s=0.814314 first_wall_us=169.2910 second_wall_us=92.3710 second_minus_first_us=-6.3000
SAME_BINARY_SAMPLE binary=CANDIDATE_V049 case=fp16-128x128 pair=02 order=B,A first_device_us=22.0400 second_device_us=6.3800 first_gelem_s=0.743376 second_gelem_s=2.568025 first_wall_us=84.4210 second_wall_us=75.8600 second_minus_first_us=-15.6600
SAME_BINARY_SAMPLE binary=CANDIDATE_V049 case=fp16-128x128 pair=03 order=A,B first_device_us=16.3800 second_device_us=17.9800 first_gelem_s=1.000244 second_gelem_s=0.911235 first_wall_us=72.4100 second_wall_us=71.5310 second_minus_first_us=1.6000
SAME_BINARY_SAMPLE binary=CANDIDATE_V049 case=fp16-128x128 pair=04 order=B,A first_device_us=19.3000 second_device_us=6.0200 first_gelem_s=0.848912 second_gelem_s=2.721595 first_wall_us=73.9700 second_wall_us=72.1900 second_minus_first_us=-13.2800
SAME_BINARY_SAMPLE binary=CANDIDATE_V049 case=fp16-128x128 pair=05 order=A,B first_device_us=16.2000 second_device_us=16.3600 first_gelem_s=1.011358 second_gelem_s=1.001467 first_wall_us=74.4610 second_wall_us=73.5300 second_minus_first_us=0.1600
SAME_BINARY_SAMPLE binary=CANDIDATE_V049 case=fp16-128x128 pair=06 order=B,A first_device_us=15.4400 second_device_us=16.2600 first_gelem_s=1.061140 second_gelem_s=1.007626 first_wall_us=72.2900 second_wall_us=74.1610 second_minus_first_us=0.8200
SAME_BINARY_SAMPLE binary=CANDIDATE_V049 case=fp16-128x128 pair=07 order=A,B first_device_us=16.2600 second_device_us=17.6400 first_gelem_s=1.007626 second_gelem_s=0.928798 first_wall_us=72.0900 second_wall_us=73.0310 second_minus_first_us=1.3800
SAME_BINARY_SAMPLE binary=CANDIDATE_V049 case=fp16-128x128 pair=08 order=B,A first_device_us=17.6800 second_device_us=18.4000 first_gelem_s=0.926697 second_gelem_s=0.890435 first_wall_us=72.2910 second_wall_us=72.1800 second_minus_first_us=0.7200
SAME_BINARY_SAMPLE binary=CANDIDATE_V049 case=fp16-128x128 pair=09 order=A,B first_device_us=17.4200 second_device_us=6.3800 first_gelem_s=0.940528 second_gelem_s=2.568025 first_wall_us=72.3410 second_wall_us=76.1210 second_minus_first_us=-11.0400
SAME_BINARY_SAMPLE binary=CANDIDATE_V049 case=fp16-128x128 pair=10 order=B,A first_device_us=20.2400 second_device_us=20.5000 first_gelem_s=0.809486 second_gelem_s=0.799219 first_wall_us=75.4100 second_wall_us=71.6410 second_minus_first_us=0.2600
SAME_BINARY_SAMPLE binary=CANDIDATE_V049 case=fp16-128x128 pair=11 order=A,B first_device_us=18.2600 second_device_us=23.2800 first_gelem_s=0.897262 second_gelem_s=0.703780 first_wall_us=73.5910 second_wall_us=72.8400 second_minus_first_us=5.0200
SAME_BINARY_SAMPLE binary=CANDIDATE_V049 case=fp16-128x128 pair=12 order=B,A first_device_us=6.9800 second_device_us=6.4200 first_gelem_s=2.347278 second_gelem_s=2.552025 first_wall_us=68.8410 second_wall_us=71.7410 second_minus_first_us=-0.5600
SAME_BINARY_SAMPLE binary=CANDIDATE_V049 case=fp16-128x128 pair=13 order=A,B first_device_us=18.5400 second_device_us=5.9200 first_gelem_s=0.883711 second_gelem_s=2.767568 first_wall_us=73.5500 second_wall_us=70.2510 second_minus_first_us=-12.6200
SAME_BINARY_SAMPLE binary=CANDIDATE_V049 case=fp16-128x128 pair=14 order=B,A first_device_us=18.6400 second_device_us=17.0800 first_gelem_s=0.878970 second_gelem_s=0.959251 first_wall_us=70.1500 second_wall_us=70.7500 second_minus_first_us=-1.5600
SAME_BINARY_SAMPLE binary=CANDIDATE_V049 case=fp16-128x128 pair=15 order=A,B first_device_us=23.5400 second_device_us=17.3000 first_gelem_s=0.696007 second_gelem_s=0.947052 first_wall_us=71.4810 second_wall_us=74.6100 second_minus_first_us=-6.2400
SAME_BINARY_SAMPLE binary=CANDIDATE_V049 case=fp16-128x128 pair=16 order=B,A first_device_us=6.4000 second_device_us=6.8200 first_gelem_s=2.560000 second_gelem_s=2.402346 first_wall_us=79.5210 second_wall_us=62.5110 second_minus_first_us=0.4200
SAME_BINARY_SAMPLE binary=CANDIDATE_V049 case=fp16-128x128 pair=17 order=A,B first_device_us=21.4000 second_device_us=6.3000 first_gelem_s=0.765607 second_gelem_s=2.600635 first_wall_us=81.9300 second_wall_us=70.5810 second_minus_first_us=-15.1000
SAME_BINARY_SAMPLE binary=CANDIDATE_V049 case=fp16-128x128 pair=18 order=B,A first_device_us=16.0400 second_device_us=15.3600 first_gelem_s=1.021446 second_gelem_s=1.066667 first_wall_us=74.9610 second_wall_us=72.2900 second_minus_first_us=-0.6800
SAME_BINARY_SAMPLE binary=CANDIDATE_V049 case=fp16-128x128 pair=19 order=A,B first_device_us=15.3400 second_device_us=5.7000 first_gelem_s=1.068057 second_gelem_s=2.874386 first_wall_us=72.3400 second_wall_us=70.4210 second_minus_first_us=-9.6400
SAME_BINARY_SAMPLE binary=CANDIDATE_V049 case=fp16-128x128 pair=20 order=B,A first_device_us=16.2400 second_device_us=14.4000 first_gelem_s=1.008867 second_gelem_s=1.137778 first_wall_us=70.9000 second_wall_us=70.6310 second_minus_first_us=-1.8400
SAME_BINARY_SAMPLE binary=CANDIDATE_V049 case=fp16-128x128 pair=21 order=A,B first_device_us=16.8400 second_device_us=16.6000 first_gelem_s=0.972922 second_gelem_s=0.986988 first_wall_us=70.1010 second_wall_us=70.5700 second_minus_first_us=-0.2400
SAME_BINARY_SAMPLE binary=CANDIDATE_V049 case=fp16-128x128 pair=22 order=B,A first_device_us=18.9000 second_device_us=16.9800 first_gelem_s=0.866878 second_gelem_s=0.964900 first_wall_us=71.9410 second_wall_us=68.9300 second_minus_first_us=-1.9200
SAME_BINARY_SAMPLE binary=CANDIDATE_V049 case=fp16-128x128 pair=23 order=A,B first_device_us=16.5400 second_device_us=15.2000 first_gelem_s=0.990568 second_gelem_s=1.077895 first_wall_us=69.8800 second_wall_us=68.7110 second_minus_first_us=-1.3400
SAME_BINARY_SAMPLE binary=CANDIDATE_V049 case=fp16-128x128 pair=24 order=B,A first_device_us=21.0400 second_device_us=16.7400 first_gelem_s=0.778707 second_gelem_s=0.978734 first_wall_us=70.3600 second_wall_us=70.6910 second_minus_first_us=-4.3000
SAME_BINARY_SAMPLE binary=CANDIDATE_V049 case=fp16-128x128 pair=25 order=A,B first_device_us=16.8000 second_device_us=19.4400 first_gelem_s=0.975238 second_gelem_s=0.842798 first_wall_us=71.5810 second_wall_us=70.1300 second_minus_first_us=2.6400
SAME_BINARY_SAMPLE binary=CANDIDATE_V049 case=fp16-128x128 pair=26 order=B,A first_device_us=15.0000 second_device_us=16.7400 first_gelem_s=1.092267 second_gelem_s=0.978734 first_wall_us=70.7910 second_wall_us=70.4600 second_minus_first_us=1.7400
SAME_BINARY_SAMPLE binary=CANDIDATE_V049 case=fp16-128x128 pair=27 order=A,B first_device_us=17.1000 second_device_us=20.7800 first_gelem_s=0.958129 second_gelem_s=0.788450 first_wall_us=69.6700 second_wall_us=71.2910 second_minus_first_us=3.6800
SAME_BINARY_SAMPLE binary=CANDIDATE_V049 case=fp16-128x128 pair=28 order=B,A first_device_us=16.5400 second_device_us=17.6000 first_gelem_s=0.990568 second_gelem_s=0.930909 first_wall_us=72.2500 second_wall_us=70.9610 second_minus_first_us=1.0600
SAME_BINARY_SAMPLE binary=CANDIDATE_V049 case=fp16-128x128 pair=29 order=A,B first_device_us=17.4200 second_device_us=18.4600 first_gelem_s=0.940528 second_gelem_s=0.887541 first_wall_us=72.6710 second_wall_us=69.6400 second_minus_first_us=1.0400
SAME_BINARY_SAMPLE binary=CANDIDATE_V049 case=fp16-128x128 pair=30 order=B,A first_device_us=16.1600 second_device_us=18.9000 first_gelem_s=1.013861 second_gelem_s=0.866878 first_wall_us=69.8410 second_wall_us=70.1700 second_minus_first_us=2.7400
SAME_BINARY_SAMPLE binary=CANDIDATE_V049 case=fp16-128x128 pair=31 order=A,B first_device_us=5.9800 second_device_us=15.2000 first_gelem_s=2.739799 second_gelem_s=1.077895 first_wall_us=70.7800 second_wall_us=69.1510 second_minus_first_us=9.2200
LOCAL_STATS case=CANDIDATE_V049 metric=device_us binary=same_binary_first n=31 median=16.8400 mean=17.0026 stdev=4.3479 cv=0.25572 min=5.9800 max=26.4200 mad=1.4200 p10=15.0000 p90=21.4000
LOCAL_STATS case=CANDIDATE_V049 metric=device_us binary=same_binary_second n=31 median=16.7400 mean=14.7503 stdev=5.4103 cv=0.36679 min=5.7000 max=23.2800 mad=1.7200 p10=6.3000 p90=20.1200
LOCAL_STATS case=CANDIDATE_V049 metric=paired_delta_us binary=same_binary_second_minus_first n=31 median=-0.2400 mean=-2.2523 stdev=6.1239 cv=-2.71901 min=-15.6600 max=9.2200 mad=1.8400 p10=-12.6200 p90=2.7400
LOCAL_STATS case=CANDIDATE_V049 metric=gelem_s binary=same_binary_first n=31 median=0.9729 mean=1.0779 stdev=0.5047 cv=0.46825 min=0.6201 max=2.7398 mad=0.0882 p10=0.7656 p90=1.0923
LOCAL_STATS case=CANDIDATE_V049 metric=gelem_s binary=same_binary_second n=31 median=0.9787 mean=1.3743 stdev=0.7626 cv=0.55490 min=0.7038 max=2.8744 mad=0.0992 p10=0.8143 p90=2.6006
LOCAL_STATS case=CANDIDATE_V049 metric=wall_us binary=same_binary_first n=31 median=72.2900 mean=76.0034 stdev=17.6573 cv=0.23232 min=68.8410 max=169.2910 mad=1.5100 p10=69.8800 p90=79.5210
LOCAL_STATS case=CANDIDATE_V049 metric=wall_us binary=same_binary_second n=31 median=70.9610 mean=71.9338 stdev=4.5182 cv=0.06281 min=62.5110 max=92.3710 mad=1.2190 p10=69.1510 p90=74.6100
SAME_BINARY_QUALIFICATION binary=CANDIDATE_V049 case=fp16-128x128 samples=31 first_mad_over_median=0.084323 second_mad_over_median=0.102748 median_drift_fraction=0.005956
SAME_BINARY_SUMMARY binary=CANDIDATE_V049 device=3 shape=128x128 dtype=fp16 samples=31

QUALIFICATION_END=2026-10-07T23:54:32Z
+------------------------------------------------------------------------------------------------+
| npu-smi 25.0.rc1.1               Version: 25.0.rc1.1                                           |
+---------------------------+---------------+----------------------------------------------------+
| NPU   Name                | Health        | Power(W)    Temp(C)           Hugepages-Usage(page)|
| Chip                      | Bus-Id        | AICore(%)   Memory-Usage(MB)  HBM-Usage(MB)        |
+===========================+===============+====================================================+
| 0     910B3               | OK            | 95.4        37                0    / 0             |
| 0                         | 0000:C1:00.0  | 0           0    / 0          3432 / 65536         |
+===========================+===============+====================================================+
| 1     910B3               | OK            | 106.6       40                0    / 0             |
| 0                         | 0000:C2:00.0  | 1           0    / 0          9174 / 65536         |
+===========================+===============+====================================================+
| 2     910B3               | OK            | 98.9        43                0    / 0             |
| 0                         | 0000:81:00.0  | 0           0    / 0          9117 / 65536         |
+===========================+===============+====================================================+
| 3     910B3               | OK            | 93.5        39                0    / 0             |
| 0                         | 0000:82:00.0  | 0           0    / 0          3428 / 65536         |
+===========================+===============+====================================================+
| 4     910B3               | OK            | 207.8       65                0    / 0             |
| 0                         | 0000:01:00.0  | 61          0    / 0          59192/ 65536         |
+===========================+===============+====================================================+
| 5     910B3               | OK            | 171.3       58                0    / 0             |
| 0                         | 0000:02:00.0  | 43          0    / 0          60222/ 65536         |
+===========================+===============+====================================================+
| 6     910B3               | OK            | 178.5       57                0    / 0             |
| 0                         | 0000:41:00.0  | 43          0    / 0          60221/ 65536         |
+===========================+===============+====================================================+
| 7     910B3               | OK            | 109.5       45                0    / 0             |
| 0                         | 0000:42:00.0  | 0           0    / 0          24790/ 65536         |
+===========================+===============+====================================================+
+---------------------------+---------------+----------------------------------------------------+
| NPU     Chip              | Process id    | Process name             | Process memory(MB)      |
+===========================+===============+====================================================+
| No running processes found in NPU 0                                                            |
+===========================+===============+====================================================+
| 1       0                 | 3150467       | python                   | 5746                    |
+===========================+===============+====================================================+
| 2       0                 | 2840325       | python                   | 5748                    |
+===========================+===============+====================================================+
| No running processes found in NPU 3                                                            |
+===========================+===============+====================================================+
| 4       0                 | 2999855       | VLLMEngineCor            | 55666                   |
+===========================+===============+====================================================+
| 5       0                 | 89602         | VLLMWorker_TP            | 56700                   |
+===========================+===============+====================================================+
| 6       0                 | 91228         | VLLMWorker_TP            | 56701                   |
+===========================+===============+====================================================+
| 7       0                 | 439848        | python3                  | 21260                   |
+===========================+===============+====================================================+
