=== build identity ===
620550fe17e016b1e1a418d7693a02f49a0de1fb623c04f95fe7fa97628f86af  build/device.alink
41faa98ae210516ab320cfec565bee775cf10340f53294d9d9ce50d69be2e2de  build/submission.alink
07ec4408bfdb895cfc536c0a156fb6f7142af26b2ddf184494d98512b816bd95  support/build/aoc_v001_correctness
=== correctness candidate (device 4) ===
device=4 availableCoreNum=40
OUTHASH dtype=1 rows=8 width=16384 note=lp-primary-fp16-tc4 hash=84a417650ca9e0cc bytes=262144
CASE dtype=1 rows=8 width=16384 note=lp-primary-fp16-tc4 max_abs_error=0.0029296875 bad=2 FAIL
OUTHASH dtype=1 rows=4 width=32768 note=lp-primary-fp16-tc8 hash=c7966b828d7a9dea bytes=262144
CASE dtype=1 rows=4 width=32768 note=lp-primary-fp16-tc8 max_abs_error=0.0029296875 bad=1 FAIL
OUTHASH dtype=2 rows=8 width=16384 note=lp-primary-bf16-tc4 hash=9574ed47d1b365db bytes=262144
CASE dtype=2 rows=8 width=16384 note=lp-primary-bf16-tc4 max_abs_error=0 bad=0 PASS
OUTHASH dtype=1 rows=8 width=12288 note=lp-small-fp16-tc3 hash=ca4f89b24597c363 bytes=196608
CASE dtype=1 rows=8 width=12288 note=lp-small-fp16-tc3 max_abs_error=0.001953125 bad=0 PASS
OUTHASH dtype=1 rows=8 width=8192 note=control-non-lp-fp16 hash=04b38d055725c9b1 bytes=131072
CASE dtype=1 rows=8 width=8192 note=control-non-lp-fp16 max_abs_error=0.0029296875 bad=1 FAIL
OUTHASH dtype=0 rows=4 width=16384 note=control-fullcache-fp32 hash=2f68ab91fb3041c8 bytes=262144
CASE dtype=0 rows=4 width=16384 note=control-fullcache-fp32 max_abs_error=0.1219126 bad=53071 FAIL
OUTHASH dtype=0 rows=33 width=100 note=control-narrow-fp32 hash=9fe600dd1475d372 bytes=13200
CASE dtype=0 rows=33 width=100 note=control-narrow-fp32 max_abs_error=3.5762787e-07 bad=0 PASS
NPU_CORRECTNESS_SUMMARY FAIL
=== correctness parent (device 4) ===
device=4 availableCoreNum=40
OUTHASH dtype=1 rows=8 width=16384 note=lp-primary-fp16-tc4 hash=84a417650ca9e0cc bytes=262144
CASE dtype=1 rows=8 width=16384 note=lp-primary-fp16-tc4 max_abs_error=0.0029296875 bad=2 FAIL
OUTHASH dtype=1 rows=4 width=32768 note=lp-primary-fp16-tc8 hash=c7966b828d7a9dea bytes=262144
CASE dtype=1 rows=4 width=32768 note=lp-primary-fp16-tc8 max_abs_error=0.0029296875 bad=1 FAIL
OUTHASH dtype=2 rows=8 width=16384 note=lp-primary-bf16-tc4 hash=9574ed47d1b365db bytes=262144
CASE dtype=2 rows=8 width=16384 note=lp-primary-bf16-tc4 max_abs_error=0 bad=0 PASS
OUTHASH dtype=1 rows=8 width=12288 note=lp-small-fp16-tc3 hash=ca4f89b24597c363 bytes=196608
CASE dtype=1 rows=8 width=12288 note=lp-small-fp16-tc3 max_abs_error=0.001953125 bad=0 PASS
OUTHASH dtype=1 rows=8 width=8192 note=control-non-lp-fp16 hash=04b38d055725c9b1 bytes=131072
CASE dtype=1 rows=8 width=8192 note=control-non-lp-fp16 max_abs_error=0.0029296875 bad=1 FAIL
OUTHASH dtype=0 rows=4 width=16384 note=control-fullcache-fp32 hash=f1daa0a34416ff91 bytes=262144
CASE dtype=0 rows=4 width=16384 note=control-fullcache-fp32 max_abs_error=0.1219126 bad=48208 FAIL
OUTHASH dtype=0 rows=33 width=100 note=control-narrow-fp32 hash=9fe600dd1475d372 bytes=13200
CASE dtype=0 rows=33 width=100 note=control-narrow-fp32 max_abs_error=3.5762787e-07 bad=0 PASS
NPU_CORRECTNESS_SUMMARY FAIL
