============================================================================================================
V002 算法结构 CPU 等价模拟 vs 官方 golden  —— 本机 numpy 口径，非 NPU 实测
============================================================================================================
用例                dtype          D      vs golden 最大相对    vs golden 失配       golden vs fp64 最大相对     判定
------------------------------------------------------------------------------------------------------------
2D-小D-64          float16       64           0.000e+00        0.0000%                 4.306e-04   PASS
2D-非32倍数-67       float16       67           0.000e+00        0.0000%                 4.588e-04   PASS
2D-非32倍数-129      float16      129           0.000e+00        0.0000%                 4.426e-04   PASS
2D-96             float16       96           0.000e+00        0.0000%                 4.734e-04   PASS
3D-192            float16      192           0.000e+00        0.0000%                 4.753e-04   PASS
3D-576            float16      576           0.000e+00        0.0000%                 4.695e-04   PASS
2D-1024           float16     1024           0.000e+00        0.0000%                 4.874e-04   PASS
2D-4096           float16     4096           0.000e+00        0.0000%                 4.805e-04   PASS
2D-4097分块跨界       float16     4097           9.174e-04        0.0000%                 4.828e-04   PASS
2D-32768          float16    32768           7.657e-04        0.0000%                 2.871e-03   PASS
4D-1000           float16     1000           0.000e+00        0.0000%                 4.813e-04   PASS
2D-64-bf16        bfloat16      64           0.000e+00        0.0000%                 3.382e-03   PASS
2D-129-bf16       bfloat16     129           0.000e+00        0.0000%                 3.533e-03   PASS
2D-1024-bf16      bfloat16    1024           0.000e+00        0.0000%                 3.830e-03   PASS
2D-4096-bf16      bfloat16    4096           0.000e+00        0.0000%                 3.859e-03   PASS
2D-32768-bf16     bfloat16   32768           0.000e+00        0.0000%                 3.888e-03   PASS
2D-64-fp32        float32       64           1.334e-07        0.0000%                 4.826e-07   PASS
2D-129-fp32       float32      129           7.924e-07        0.0000%                 6.934e-07   PASS
2D-2048-fp32      float32     2048           2.320e-05        0.0000%                 1.363e-05   PASS
2D-2049-fp32      float32     2049           2.308e-05        0.0000%                 1.316e-05   PASS
2D-32768-fp32     float32    32768           3.113e-05        0.0000%                 3.189e-04   PASS
------------------------------------------------------------------------------------------------------------
合计 21 组；判定 CHECK 的用例：无

口径说明：
  · 'vs golden 失配' = 按 isclose(rtol=1e-3/1e-4, atol=1e-3/1e-4) 统计的失配元素比例；
    守门线取 0.1%，与模板 verify_result.py 的 tol 语义一致（判题端是否相同未证实）。
  · 'golden vs fp64 最大相对' 说明 golden 自身离真值的距离，用于区分
    『实现误差』与『dtype 表示误差』。bf16 该值必然在 1e-3 量级，属表示误差而非实现误差。
  · 本模拟不建模 DMA 对齐、UB 容量、指令调度、FMA 融合与 ReduceSum 的真实树形顺序，
    因此不能替代真机精度验证。
