[ 25%] Building ASC object CMakeFiles/async_triple_x_v001_probe.dir/probe_v001.asc.o
[ 50%] Building ASC object CMakeFiles/async_triple_x_seed_probe.dir/probe_seed.asc.o
In file included from /home/data4t2/lelinfeng/phase4-workspaces/ASYNC-TRIPLE-X/probe_src/probe_seed.asc:4:
/home/data4t2/lelinfeng/phase4-workspaces/ASYNC-TRIPLE-X/probe_src/probe_main.inc:111:21: warning: 'cce_global' attribute ignored when parsing type [-Wignored-attributes]
        run_kernel((GM_ADDR)xDevice, infoX,
                    ^~~~~~~
/usr/local/Ascend/ascend-toolkit/8.5.0.alpha002/compiler/tikcpp/tikcfw/impl/utils/kernel_utils_macros.h:18:17: note: expanded from macro 'GM_ADDR'
#define GM_ADDR __gm__ uint8_t*
                ^~~~~~
/usr/local/Ascend/ascend-toolkit/8.5.0.alpha002/aarch64-linux/ccec_compiler/lib/clang/15.0.5/include/__clang_cce_defines.h:47:31: note: expanded from macro '__gm__'
#define __gm__ __attribute__((cce_global))
                              ^~~~~~~~~~
In file included from /home/data4t2/lelinfeng/phase4-workspaces/ASYNC-TRIPLE-X/probe_src/probe_seed.asc:4:
/home/data4t2/lelinfeng/phase4-workspaces/ASYNC-TRIPLE-X/probe_src/probe_main.inc:112:14: warning: 'cce_global' attribute ignored when parsing type [-Wignored-attributes]
            (GM_ADDR)residualDevice, infoResidual,
             ^~~~~~~
/usr/local/Ascend/ascend-toolkit/8.5.0.alpha002/compiler/tikcpp/tikcfw/impl/utils/kernel_utils_macros.h:18:17: note: expanded from macro 'GM_ADDR'
#define GM_ADDR __gm__ uint8_t*
                ^~~~~~
/usr/local/Ascend/ascend-toolkit/8.5.0.alpha002/aarch64-linux/ccec_compiler/lib/clang/15.0.5/include/__clang_cce_defines.h:47:31: note: expanded from macro '__gm__'
#define __gm__ __attribute__((cce_global))
                              ^~~~~~~~~~
In file included from /home/data4t2/lelinfeng/phase4-workspaces/ASYNC-TRIPLE-X/probe_src/probe_seed.asc:4:
/home/data4t2/lelinfeng/phase4-workspaces/ASYNC-TRIPLE-X/probe_src/probe_main.inc:113:14: warning: 'cce_global' attribute ignored when parsing type [-Wignored-attributes]
            (GM_ADDR)gammaDevice, infoGamma,
             ^~~~~~~
/usr/local/Ascend/ascend-toolkit/8.5.0.alpha002/compiler/tikcpp/tikcfw/impl/utils/kernel_utils_macros.h:18:17: note: expanded from macro 'GM_ADDR'
#define GM_ADDR __gm__ uint8_t*
                ^~~~~~
/usr/local/Ascend/ascend-toolkit/8.5.0.alpha002/aarch64-linux/ccec_compiler/lib/clang/15.0.5/include/__clang_cce_defines.h:47:31: note: expanded from macro '__gm__'
#define __gm__ __attribute__((cce_global))
                              ^~~~~~~~~~
In file included from /home/data4t2/lelinfeng/phase4-workspaces/ASYNC-TRIPLE-X/probe_src/probe_seed.asc:4:
/home/data4t2/lelinfeng/phase4-workspaces/ASYNC-TRIPLE-X/probe_src/probe_main.inc:114:14: warning: 'cce_global' attribute ignored when parsing type [-Wignored-attributes]
            (GM_ADDR)biasDevice, infoBias,
             ^~~~~~~
/usr/local/Ascend/ascend-toolkit/8.5.0.alpha002/compiler/tikcpp/tikcfw/impl/utils/kernel_utils_macros.h:18:17: note: expanded from macro 'GM_ADDR'
#define GM_ADDR __gm__ uint8_t*
                ^~~~~~
/usr/local/Ascend/ascend-toolkit/8.5.0.alpha002/aarch64-linux/ccec_compiler/lib/clang/15.0.5/include/__clang_cce_defines.h:47:31: note: expanded from macro '__gm__'
#define __gm__ __attribute__((cce_global))
                              ^~~~~~~~~~
In file included from /home/data4t2/lelinfeng/phase4-workspaces/ASYNC-TRIPLE-X/probe_src/probe_seed.asc:4:
/home/data4t2/lelinfeng/phase4-workspaces/ASYNC-TRIPLE-X/probe_src/probe_main.inc:115:14: warning: 'cce_global' attribute ignored when parsing type [-Wignored-attributes]
            (GM_ADDR)outputDevice, infoOutput, blocks, stream, epsilon);
             ^~~~~~~
/usr/local/Ascend/ascend-toolkit/8.5.0.alpha002/compiler/tikcpp/tikcfw/impl/utils/kernel_utils_macros.h:18:17: note: expanded from macro 'GM_ADDR'
#define GM_ADDR __gm__ uint8_t*
                ^~~~~~
/usr/local/Ascend/ascend-toolkit/8.5.0.alpha002/aarch64-linux/ccec_compiler/lib/clang/15.0.5/include/__clang_cce_defines.h:47:31: note: expanded from macro '__gm__'
#define __gm__ __attribute__((cce_global))
                              ^~~~~~~~~~
5 warnings generated.
In file included from /home/data4t2/lelinfeng/phase4-workspaces/ASYNC-TRIPLE-X/probe_src/probe_v001.asc:4:
/home/data4t2/lelinfeng/phase4-workspaces/ASYNC-TRIPLE-X/probe_src/probe_main.inc:111:21: warning: 'cce_global' attribute ignored when parsing type [-Wignored-attributes]
        run_kernel((GM_ADDR)xDevice, infoX,
                    ^~~~~~~
/usr/local/Ascend/ascend-toolkit/8.5.0.alpha002/compiler/tikcpp/tikcfw/impl/utils/kernel_utils_macros.h:18:17: note: expanded from macro 'GM_ADDR'
#define GM_ADDR __gm__ uint8_t*
                ^~~~~~
/usr/local/Ascend/ascend-toolkit/8.5.0.alpha002/aarch64-linux/ccec_compiler/lib/clang/15.0.5/include/__clang_cce_defines.h:47:31: note: expanded from macro '__gm__'
#define __gm__ __attribute__((cce_global))
                              ^~~~~~~~~~
In file included from /home/data4t2/lelinfeng/phase4-workspaces/ASYNC-TRIPLE-X/probe_src/probe_v001.asc:4:
/home/data4t2/lelinfeng/phase4-workspaces/ASYNC-TRIPLE-X/probe_src/probe_main.inc:112:14: warning: 'cce_global' attribute ignored when parsing type [-Wignored-attributes]
            (GM_ADDR)residualDevice, infoResidual,
             ^~~~~~~
/usr/local/Ascend/ascend-toolkit/8.5.0.alpha002/compiler/tikcpp/tikcfw/impl/utils/kernel_utils_macros.h:18:17: note: expanded from macro 'GM_ADDR'
#define GM_ADDR __gm__ uint8_t*
                ^~~~~~
/usr/local/Ascend/ascend-toolkit/8.5.0.alpha002/aarch64-linux/ccec_compiler/lib/clang/15.0.5/include/__clang_cce_defines.h:47:31: note: expanded from macro '__gm__'
#define __gm__ __attribute__((cce_global))
                              ^~~~~~~~~~
In file included from /home/data4t2/lelinfeng/phase4-workspaces/ASYNC-TRIPLE-X/probe_src/probe_v001.asc:4:
/home/data4t2/lelinfeng/phase4-workspaces/ASYNC-TRIPLE-X/probe_src/probe_main.inc:113:14: warning: 'cce_global' attribute ignored when parsing type [-Wignored-attributes]
            (GM_ADDR)gammaDevice, infoGamma,
             ^~~~~~~
/usr/local/Ascend/ascend-toolkit/8.5.0.alpha002/compiler/tikcpp/tikcfw/impl/utils/kernel_utils_macros.h:18:17: note: expanded from macro 'GM_ADDR'
#define GM_ADDR __gm__ uint8_t*
                ^~~~~~
/usr/local/Ascend/ascend-toolkit/8.5.0.alpha002/aarch64-linux/ccec_compiler/lib/clang/15.0.5/include/__clang_cce_defines.h:47:31: note: expanded from macro '__gm__'
#define __gm__ __attribute__((cce_global))
                              ^~~~~~~~~~
In file included from /home/data4t2/lelinfeng/phase4-workspaces/ASYNC-TRIPLE-X/probe_src/probe_v001.asc:4:
/home/data4t2/lelinfeng/phase4-workspaces/ASYNC-TRIPLE-X/probe_src/probe_main.inc:114:14: warning: 'cce_global' attribute ignored when parsing type [-Wignored-attributes]
            (GM_ADDR)biasDevice, infoBias,
             ^~~~~~~
/usr/local/Ascend/ascend-toolkit/8.5.0.alpha002/compiler/tikcpp/tikcfw/impl/utils/kernel_utils_macros.h:18:17: note: expanded from macro 'GM_ADDR'
#define GM_ADDR __gm__ uint8_t*
                ^~~~~~
/usr/local/Ascend/ascend-toolkit/8.5.0.alpha002/aarch64-linux/ccec_compiler/lib/clang/15.0.5/include/__clang_cce_defines.h:47:31: note: expanded from macro '__gm__'
#define __gm__ __attribute__((cce_global))
                              ^~~~~~~~~~
In file included from /home/data4t2/lelinfeng/phase4-workspaces/ASYNC-TRIPLE-X/probe_src/probe_v001.asc:4:
/home/data4t2/lelinfeng/phase4-workspaces/ASYNC-TRIPLE-X/probe_src/probe_main.inc:115:14: warning: 'cce_global' attribute ignored when parsing type [-Wignored-attributes]
            (GM_ADDR)outputDevice, infoOutput, blocks, stream, epsilon);
             ^~~~~~~
/usr/local/Ascend/ascend-toolkit/8.5.0.alpha002/compiler/tikcpp/tikcfw/impl/utils/kernel_utils_macros.h:18:17: note: expanded from macro 'GM_ADDR'
#define GM_ADDR __gm__ uint8_t*
                ^~~~~~
/usr/local/Ascend/ascend-toolkit/8.5.0.alpha002/aarch64-linux/ccec_compiler/lib/clang/15.0.5/include/__clang_cce_defines.h:47:31: note: expanded from macro '__gm__'
#define __gm__ __attribute__((cce_global))
                              ^~~~~~~~~~
5 warnings generated.
In file included from /home/data4t2/lelinfeng/phase4-workspaces/ASYNC-TRIPLE-X/probe_src/probe_v001.asc:4:
/home/data4t2/lelinfeng/phase4-workspaces/ASYNC-TRIPLE-X/probe_src/probe_main.inc:111:21: warning: 'cce_global' attribute ignored when parsing type [-Wignored-attributes]
/usr/local/Ascend/ascend-toolkit/8.5.0.alpha002/compiler/tikcpp/tikcfw/impl/utils/kernel_utils_macros.h:18:17: note: expanded from macro 'GM_ADDR'
/usr/local/Ascend/ascend-toolkit/8.5.0.alpha002/aarch64-linux/ccec_compiler/lib/clang/15.0.5/include/__clang_cce_defines.h:47:31: note: expanded from macro '__gm__'
In file included from /home/data4t2/lelinfeng/phase4-workspaces/ASYNC-TRIPLE-X/probe_src/probe_v001.asc:4:
/home/data4t2/lelinfeng/phase4-workspaces/ASYNC-TRIPLE-X/probe_src/probe_main.inc:112:14: warning: 'cce_global' attribute ignored when parsing type [-Wignored-attributes]
/usr/local/Ascend/ascend-toolkit/8.5.0.alpha002/compiler/tikcpp/tikcfw/impl/utils/kernel_utils_macros.h:18:17: note: expanded from macro 'GM_ADDR'
/usr/local/Ascend/ascend-toolkit/8.5.0.alpha002/aarch64-linux/ccec_compiler/lib/clang/15.0.5/include/__clang_cce_defines.h:47:31: note: expanded from macro '__gm__'
In file included from /home/data4t2/lelinfeng/phase4-workspaces/ASYNC-TRIPLE-X/probe_src/probe_v001.asc:4:
/home/data4t2/lelinfeng/phase4-workspaces/ASYNC-TRIPLE-X/probe_src/probe_main.inc:113:14: warning: 'cce_global' attribute ignored when parsing type [-Wignored-attributes]
/usr/local/Ascend/ascend-toolkit/8.5.0.alpha002/compiler/tikcpp/tikcfw/impl/utils/kernel_utils_macros.h:18:17: note: expanded from macro 'GM_ADDR'
/usr/local/Ascend/ascend-toolkit/8.5.0.alpha002/aarch64-linux/ccec_compiler/lib/clang/15.0.5/include/__clang_cce_defines.h:47:31: note: expanded from macro '__gm__'
In file included from /home/data4t2/lelinfeng/phase4-workspaces/ASYNC-TRIPLE-X/probe_src/probe_v001.asc:4:
/home/data4t2/lelinfeng/phase4-workspaces/ASYNC-TRIPLE-X/probe_src/probe_main.inc:114:14: warning: 'cce_global' attribute ignored when parsing type [-Wignored-attributes]
/usr/local/Ascend/ascend-toolkit/8.5.0.alpha002/compiler/tikcpp/tikcfw/impl/utils/kernel_utils_macros.h:18:17: note: expanded from macro 'GM_ADDR'
/usr/local/Ascend/ascend-toolkit/8.5.0.alpha002/aarch64-linux/ccec_compiler/lib/clang/15.0.5/include/__clang_cce_defines.h:47:31: note: expanded from macro '__gm__'
In file included from /home/data4t2/lelinfeng/phase4-workspaces/ASYNC-TRIPLE-X/probe_src/probe_v001.asc:4:
/home/data4t2/lelinfeng/phase4-workspaces/ASYNC-TRIPLE-X/probe_src/probe_main.inc:115:14: warning: 'cce_global' attribute ignored when parsing type [-Wignored-attributes]
/usr/local/Ascend/ascend-toolkit/8.5.0.alpha002/compiler/tikcpp/tikcfw/impl/utils/kernel_utils_macros.h:18:17: note: expanded from macro 'GM_ADDR'
/usr/local/Ascend/ascend-toolkit/8.5.0.alpha002/aarch64-linux/ccec_compiler/lib/clang/15.0.5/include/__clang_cce_defines.h:47:31: note: expanded from macro '__gm__'
5 warnings generated.
Warning: please refer to the above warning message. 
Warning: please refer to the above warning message. 
Warning: please refer to the above warning message. 
Warning: please refer to the above warning message. 
Warning: please refer to the above warning message. 
Warning: please refer to the above warning message. 
Warning: please refer to the above warning message. 
Warning: please refer to the above warning message. 
Warning: please refer to the above warning message. 
Warning: please refer to the above warning message. 
Warning: please refer to the above warning message. 
Warning: please refer to the above warning message. 
Warning: please refer to the above warning message. 
Warning: please refer to the above warning message. 
Warning: please refer to the above warning message. 
In file included from /home/data4t2/lelinfeng/phase4-workspaces/ASYNC-TRIPLE-X/probe_src/probe_seed.asc:4:
/home/data4t2/lelinfeng/phase4-workspaces/ASYNC-TRIPLE-X/probe_src/probe_main.inc:111:21: warning: 'cce_global' attribute ignored when parsing type [-Wignored-attributes]
/usr/local/Ascend/ascend-toolkit/8.5.0.alpha002/compiler/tikcpp/tikcfw/impl/utils/kernel_utils_macros.h:18:17: note: expanded from macro 'GM_ADDR'
/usr/local/Ascend/ascend-toolkit/8.5.0.alpha002/aarch64-linux/ccec_compiler/lib/clang/15.0.5/include/__clang_cce_defines.h:47:31: note: expanded from macro '__gm__'
In file included from /home/data4t2/lelinfeng/phase4-workspaces/ASYNC-TRIPLE-X/probe_src/probe_seed.asc:4:
/home/data4t2/lelinfeng/phase4-workspaces/ASYNC-TRIPLE-X/probe_src/probe_main.inc:112:14: warning: 'cce_global' attribute ignored when parsing type [-Wignored-attributes]
/usr/local/Ascend/ascend-toolkit/8.5.0.alpha002/compiler/tikcpp/tikcfw/impl/utils/kernel_utils_macros.h:18:17: note: expanded from macro 'GM_ADDR'
/usr/local/Ascend/ascend-toolkit/8.5.0.alpha002/aarch64-linux/ccec_compiler/lib/clang/15.0.5/include/__clang_cce_defines.h:47:31: note: expanded from macro '__gm__'
In file included from /home/data4t2/lelinfeng/phase4-workspaces/ASYNC-TRIPLE-X/probe_src/probe_seed.asc:4:
/home/data4t2/lelinfeng/phase4-workspaces/ASYNC-TRIPLE-X/probe_src/probe_main.inc:113:14: warning: 'cce_global' attribute ignored when parsing type [-Wignored-attributes]
/usr/local/Ascend/ascend-toolkit/8.5.0.alpha002/compiler/tikcpp/tikcfw/impl/utils/kernel_utils_macros.h:18:17: note: expanded from macro 'GM_ADDR'
/usr/local/Ascend/ascend-toolkit/8.5.0.alpha002/aarch64-linux/ccec_compiler/lib/clang/15.0.5/include/__clang_cce_defines.h:47:31: note: expanded from macro '__gm__'
In file included from /home/data4t2/lelinfeng/phase4-workspaces/ASYNC-TRIPLE-X/probe_src/probe_seed.asc:4:
/home/data4t2/lelinfeng/phase4-workspaces/ASYNC-TRIPLE-X/probe_src/probe_main.inc:114:14: warning: 'cce_global' attribute ignored when parsing type [-Wignored-attributes]
/usr/local/Ascend/ascend-toolkit/8.5.0.alpha002/compiler/tikcpp/tikcfw/impl/utils/kernel_utils_macros.h:18:17: note: expanded from macro 'GM_ADDR'
/usr/local/Ascend/ascend-toolkit/8.5.0.alpha002/aarch64-linux/ccec_compiler/lib/clang/15.0.5/include/__clang_cce_defines.h:47:31: note: expanded from macro '__gm__'
In file included from /home/data4t2/lelinfeng/phase4-workspaces/ASYNC-TRIPLE-X/probe_src/probe_seed.asc:4:
/home/data4t2/lelinfeng/phase4-workspaces/ASYNC-TRIPLE-X/probe_src/probe_main.inc:115:14: warning: 'cce_global' attribute ignored when parsing type [-Wignored-attributes]
/usr/local/Ascend/ascend-toolkit/8.5.0.alpha002/compiler/tikcpp/tikcfw/impl/utils/kernel_utils_macros.h:18:17: note: expanded from macro 'GM_ADDR'
/usr/local/Ascend/ascend-toolkit/8.5.0.alpha002/aarch64-linux/ccec_compiler/lib/clang/15.0.5/include/__clang_cce_defines.h:47:31: note: expanded from macro '__gm__'
[ 75%] Linking ASC executable async_triple_x_v001_probe
5 warnings generated.
Warning: please refer to the above warning message. 
Warning: please refer to the above warning message. 
Warning: please refer to the above warning message. 
Warning: please refer to the above warning message. 
Warning: please refer to the above warning message. 
Warning: please refer to the above warning message. 
Warning: please refer to the above warning message. 
Warning: please refer to the above warning message. 
Warning: please refer to the above warning message. 
Warning: please refer to the above warning message. 
Warning: please refer to the above warning message. 
Warning: please refer to the above warning message. 
Warning: please refer to the above warning message. 
Warning: please refer to the above warning message. 
Warning: please refer to the above warning message. 
[100%] Linking ASC executable async_triple_x_seed_probe
[100%] Built target async_triple_x_v001_probe
[100%] Built target async_triple_x_seed_probe
