ROUTE=MULTIROW-PANEL-RMS-CHAMPION-X
PARENT_SOURCE_SHA256=822546543fce0c38297a8f66e4a6d197438d1cf685f2d5778c35c1576bb9068b
CANDIDATE_SOURCE_SHA256=501d994a9c8cdecf914e9993366c7e4d7a9bad022e54d0381f38b5cd5c01aeae
-- CMAKE_ASC_COMPILER: /usr/local/Ascend/ascend-toolkit/8.5.0.alpha002/compiler/ccec_compiler/bin/bisheng
CMake Warning at /usr/local/Ascend/ascend-toolkit/8.5.0.alpha002/aarch64-linux/tikcpp/ascendc_kernel_cmake/ASC_CMake/CMakeDetermineASCCompiler.cmake:57 (message):
  CMAKE_INSTALL_PREFIX is not set.  Set to default value
  /home/data4t2/lelinfeng/cann/server_runs/MULTIROW-PANEL-RMS-CHAMPION-X/V005/support/out.
Call Stack (most recent call first):
  CMakeLists.txt:3 (project)


-- CMAKE_BUILD_TYPE: Release
-- CMAKE_INSTALL_PREFIX: /home/data4t2/lelinfeng/cann/server_runs/MULTIROW-PANEL-RMS-CHAMPION-X/V005/support/out
-- ASCEND_CANN_PACKAGE_PATH: /usr/local/Ascend/ascend-toolkit/8.5.0.alpha002
-- CMAKE_ASC_LLD_LINKER: /usr/local/Ascend/ascend-toolkit/8.5.0.alpha002/tools/ccec_compiler/bin/ld.lld
-- The CXX compiler identification is GNU 11.4.0
-- Detecting CXX compiler ABI info
-- Detecting CXX compiler ABI info - done
-- Check for working CXX compiler: /usr/bin/c++ - skipped
-- Detecting CXX compile features
-- Detecting CXX compile features - done
-- Configuring done
-- Generating done
-- Build files have been written to: /home/data4t2/lelinfeng/cann/server_runs/MULTIROW-PANEL-RMS-CHAMPION-X/V005/support/build
[ 16%] Building ASC object CMakeFiles/multirow_panel_rms_parent.dir/parent_kernel.asc.o
[ 33%] Building ASC object CMakeFiles/multirow_panel_rms_candidate.dir/candidate_kernel.asc.o
[ 50%] Linking ASC shared library libmultirow_panel_rms_parent.so
[ 50%] Built target multirow_panel_rms_parent
[ 66%] Linking ASC shared library libmultirow_panel_rms_candidate.so
[ 66%] Built target multirow_panel_rms_candidate
[ 83%] Building CXX object CMakeFiles/multirow_panel_rms_runner.dir/runner_main.cpp.o
[100%] Linking CXX executable multirow_panel_rms_runner
[100%] Built target multirow_panel_rms_runner

ARTIFACT=/home/data4t2/lelinfeng/cann/server_runs/MULTIROW-PANEL-RMS-CHAMPION-X/V005/support/build/multirow_panel_rms_runner
fb3b955593a2b8b27d80f7dbefb1cb20d8c7dc2454c9ae3223edb857bd88d2f8  /home/data4t2/lelinfeng/cann/server_runs/MULTIROW-PANEL-RMS-CHAMPION-X/V005/support/build/multirow_panel_rms_runner
	linux-vdso.so.1 (0x0000ffff80e18000)
	libmultirow_panel_rms_parent.so => /home/data4t2/lelinfeng/cann/server_runs/MULTIROW-PANEL-RMS-CHAMPION-X/V005/support/build/libmultirow_panel_rms_parent.so (0x0000ffff80d20000)
	libmultirow_panel_rms_candidate.so => /home/data4t2/lelinfeng/cann/server_runs/MULTIROW-PANEL-RMS-CHAMPION-X/V005/support/build/libmultirow_panel_rms_candidate.so (0x0000ffff80c80000)
	libascendcl.so => /usr/local/Ascend/ascend-toolkit/8.5.0.alpha002/aarch64-linux/lib64/libascendcl.so (0x0000ffff80a60000)
	libstdc++.so.6 => /lib/aarch64-linux-gnu/libstdc++.so.6 (0x0000ffff80830000)
	libm.so.6 => /lib/aarch64-linux-gnu/libm.so.6 (0x0000ffff80790000)
	libgcc_s.so.1 => /lib/aarch64-linux-gnu/libgcc_s.so.1 (0x0000ffff80760000)
	libc.so.6 => /lib/aarch64-linux-gnu/libc.so.6 (0x0000ffff805b0000)
	/lib/ld-linux-aarch64.so.1 (0x0000ffff80ddf000)
	libruntime.so => /usr/local/Ascend/ascend-toolkit/8.5.0.alpha002/aarch64-linux/lib64/libruntime.so (0x0000ffff804e0000)
	liberror_manager.so => /usr/local/Ascend/ascend-toolkit/8.5.0.alpha002/aarch64-linux/lib64/liberror_manager.so (0x0000ffff80460000)
	libprofapi.so => /usr/local/Ascend/ascend-toolkit/8.5.0.alpha002/aarch64-linux/lib64/libprofapi.so (0x0000ffff80420000)
	libascendalog.so => /usr/local/Ascend/ascend-toolkit/8.5.0.alpha002/aarch64-linux/lib64/libascendalog.so (0x0000ffff803d0000)
	libmmpa.so => /usr/local/Ascend/ascend-toolkit/8.5.0.alpha002/aarch64-linux/lib64/libmmpa.so (0x0000ffff803a0000)
	libascend_dump.so => /usr/local/Ascend/ascend-toolkit/8.5.0.alpha002/aarch64-linux/lib64/libascend_dump.so (0x0000ffff80260000)
	libc_sec.so => /usr/local/Ascend/ascend-toolkit/8.5.0.alpha002/aarch64-linux/lib64/libc_sec.so (0x0000ffff80220000)
	libmsprofiler.so => /usr/local/Ascend/ascend-toolkit/8.5.0.alpha002/aarch64-linux/lib64/libmsprofiler.so (0x0000ffff7fe70000)
	libgert.so => /usr/local/Ascend/ascend-toolkit/8.5.0.alpha002/aarch64-linux/lib64/libgert.so (0x0000ffff7f610000)
	libascendcl_impl.so => /usr/local/Ascend/ascend-toolkit/8.5.0.alpha002/aarch64-linux/lib64/libascendcl_impl.so (0x0000ffff7f550000)
	librt.so.1 => /lib/aarch64-linux-gnu/librt.so.1 (0x0000ffff7f530000)
	libdl.so.2 => /lib/aarch64-linux-gnu/libdl.so.2 (0x0000ffff7f510000)
	libge_executor.so => /usr/local/Ascend/ascend-toolkit/8.5.0.alpha002/aarch64-linux/lib64/libge_executor.so (0x0000ffff7f400000)
	libgraph.so => /usr/local/Ascend/ascend-toolkit/8.5.0.alpha002/aarch64-linux/lib64/libgraph.so (0x0000ffff7f1e0000)
	libascend_watchdog.so => /usr/local/Ascend/ascend-toolkit/8.5.0.alpha002/aarch64-linux/lib64/libascend_watchdog.so (0x0000ffff7f1b0000)
	libascend_protobuf.so.3.13.0.0 => /usr/local/Ascend/ascend-toolkit/8.5.0.alpha002/aarch64-linux/lib64/libascend_protobuf.so.3.13.0.0 (0x0000ffff7ec80000)
	libpthread.so.0 => /lib/aarch64-linux-gnu/libpthread.so.0 (0x0000ffff7ec60000)
	libruntime_common.so => /usr/local/Ascend/ascend-toolkit/8.5.0.alpha002/aarch64-linux/lib64/libruntime_common.so (0x0000ffff7ec00000)
	libascend_hal.so => /usr/local/Ascend/driver/lib64/driver/libascend_hal.so (0x0000ffff7e790000)
	libunified_dlog.so => /usr/local/Ascend/ascend-toolkit/8.5.0.alpha002/aarch64-linux/lib64/libunified_dlog.so (0x0000ffff7e740000)
	libgraph_base.so => /usr/local/Ascend/ascend-toolkit/8.5.0.alpha002/aarch64-linux/lib64/libgraph_base.so (0x0000ffff7df80000)
	libhybrid_executor.so => /usr/local/Ascend/ascend-toolkit/8.5.0.alpha002/aarch64-linux/lib64/libhybrid_executor.so (0x0000ffff7db20000)
	libdavinci_executor.so => /usr/local/Ascend/ascend-toolkit/8.5.0.alpha002/aarch64-linux/lib64/libdavinci_executor.so (0x0000ffff7d640000)
	libge_common.so => /usr/local/Ascend/ascend-toolkit/8.5.0.alpha002/aarch64-linux/lib64/libge_common.so (0x0000ffff7d500000)
	libge_common_base.so => /usr/local/Ascend/ascend-toolkit/8.5.0.alpha002/aarch64-linux/lib64/libge_common_base.so (0x0000ffff7cf50000)
	libexe_graph.so => /usr/local/Ascend/ascend-toolkit/8.5.0.alpha002/aarch64-linux/lib64/libexe_graph.so (0x0000ffff7cef0000)
	liblowering.so => /usr/local/Ascend/ascend-toolkit/8.5.0.alpha002/aarch64-linux/lib64/liblowering.so (0x0000ffff7ce00000)
	libregister.so => /usr/local/Ascend/ascend-toolkit/8.5.0.alpha002/aarch64-linux/lib64/libregister.so (0x0000ffff7c150000)
	libopp_registry.so => /usr/local/Ascend/ascend-toolkit/8.5.0.alpha002/aarch64-linux/lib64/libopp_registry.so (0x0000ffff7c0c0000)
	libplatform.so => /usr/local/Ascend/ascend-toolkit/8.5.0.alpha002/aarch64-linux/lib64/libplatform.so (0x0000ffff7bf60000)
	libmetadef.so => /usr/local/Ascend/ascend-toolkit/8.5.0.alpha002/aarch64-linux/lib64/libmetadef.so (0x0000ffff7be20000)
	libascend_trace.so => /usr/local/Ascend/ascend-toolkit/8.5.0.alpha002/aarch64-linux/lib64/libascend_trace.so (0x0000ffff7b3e0000)

ARTIFACT=/home/data4t2/lelinfeng/cann/server_runs/MULTIROW-PANEL-RMS-CHAMPION-X/V005/support/build/libmultirow_panel_rms_parent.so
9abf85e75a1662336b15754f005e0eebc4c696149b6b278173f4122f4931fb66  /home/data4t2/lelinfeng/cann/server_runs/MULTIROW-PANEL-RMS-CHAMPION-X/V005/support/build/libmultirow_panel_rms_parent.so
	linux-vdso.so.1 (0x0000ffffbba54000)
	libgcc_s.so.1 => /lib/aarch64-linux-gnu/libgcc_s.so.1 (0x0000ffffbb950000)
	libc.so.6 => /lib/aarch64-linux-gnu/libc.so.6 (0x0000ffffbb7a0000)
	/lib/ld-linux-aarch64.so.1 (0x0000ffffbba1b000)
	libascendcl.so => /usr/local/Ascend/ascend-toolkit/8.5.0.alpha002/aarch64-linux/lib64/libascendcl.so (0x0000ffffbb580000)
	libruntime.so => /usr/local/Ascend/ascend-toolkit/8.5.0.alpha002/aarch64-linux/lib64/libruntime.so (0x0000ffffbb4b0000)
	liberror_manager.so => /usr/local/Ascend/ascend-toolkit/8.5.0.alpha002/aarch64-linux/lib64/liberror_manager.so (0x0000ffffbb430000)
	libprofapi.so => /usr/local/Ascend/ascend-toolkit/8.5.0.alpha002/aarch64-linux/lib64/libprofapi.so (0x0000ffffbb3f0000)
	libascendalog.so => /usr/local/Ascend/ascend-toolkit/8.5.0.alpha002/aarch64-linux/lib64/libascendalog.so (0x0000ffffbb3a0000)
	libmmpa.so => /usr/local/Ascend/ascend-toolkit/8.5.0.alpha002/aarch64-linux/lib64/libmmpa.so (0x0000ffffbb370000)
	libascend_dump.so => /usr/local/Ascend/ascend-toolkit/8.5.0.alpha002/aarch64-linux/lib64/libascend_dump.so (0x0000ffffbb230000)
	libc_sec.so => /usr/local/Ascend/ascend-toolkit/8.5.0.alpha002/aarch64-linux/lib64/libc_sec.so (0x0000ffffbb1f0000)
	libstdc++.so.6 => /lib/aarch64-linux-gnu/libstdc++.so.6 (0x0000ffffbafc0000)
	libmsprofiler.so => /usr/local/Ascend/ascend-toolkit/8.5.0.alpha002/aarch64-linux/lib64/libmsprofiler.so (0x0000ffffbac10000)
	libgert.so => /usr/local/Ascend/ascend-toolkit/8.5.0.alpha002/aarch64-linux/lib64/libgert.so (0x0000ffffba3b0000)
	libascendcl_impl.so => /usr/local/Ascend/ascend-toolkit/8.5.0.alpha002/aarch64-linux/lib64/libascendcl_impl.so (0x0000ffffba2f0000)
	librt.so.1 => /lib/aarch64-linux-gnu/librt.so.1 (0x0000ffffba2d0000)
	libdl.so.2 => /lib/aarch64-linux-gnu/libdl.so.2 (0x0000ffffba2b0000)
	libge_executor.so => /usr/local/Ascend/ascend-toolkit/8.5.0.alpha002/aarch64-linux/lib64/libge_executor.so (0x0000ffffba1a0000)
	libgraph.so => /usr/local/Ascend/ascend-toolkit/8.5.0.alpha002/aarch64-linux/lib64/libgraph.so (0x0000ffffb9f80000)
	libascend_watchdog.so => /usr/local/Ascend/ascend-toolkit/8.5.0.alpha002/aarch64-linux/lib64/libascend_watchdog.so (0x0000ffffb9f50000)
	libascend_protobuf.so.3.13.0.0 => /usr/local/Ascend/ascend-toolkit/8.5.0.alpha002/aarch64-linux/lib64/libascend_protobuf.so.3.13.0.0 (0x0000ffffb9a20000)
	libpthread.so.0 => /lib/aarch64-linux-gnu/libpthread.so.0 (0x0000ffffb9a00000)
	libruntime_common.so => /usr/local/Ascend/ascend-toolkit/8.5.0.alpha002/aarch64-linux/lib64/libruntime_common.so (0x0000ffffb99a0000)
	libascend_hal.so => /usr/local/Ascend/driver/lib64/driver/libascend_hal.so (0x0000ffffb9530000)
	libunified_dlog.so => /usr/local/Ascend/ascend-toolkit/8.5.0.alpha002/aarch64-linux/lib64/libunified_dlog.so (0x0000ffffb94e0000)
	libm.so.6 => /lib/aarch64-linux-gnu/libm.so.6 (0x0000ffffb9440000)
	libgraph_base.so => /usr/local/Ascend/ascend-toolkit/8.5.0.alpha002/aarch64-linux/lib64/libgraph_base.so (0x0000ffffb8c80000)
	libhybrid_executor.so => /usr/local/Ascend/ascend-toolkit/8.5.0.alpha002/aarch64-linux/lib64/libhybrid_executor.so (0x0000ffffb8820000)
	libdavinci_executor.so => /usr/local/Ascend/ascend-toolkit/8.5.0.alpha002/aarch64-linux/lib64/libdavinci_executor.so (0x0000ffffb8340000)
	libge_common.so => /usr/local/Ascend/ascend-toolkit/8.5.0.alpha002/aarch64-linux/lib64/libge_common.so (0x0000ffffb8200000)
	libge_common_base.so => /usr/local/Ascend/ascend-toolkit/8.5.0.alpha002/aarch64-linux/lib64/libge_common_base.so (0x0000ffffb7c50000)
	libexe_graph.so => /usr/local/Ascend/ascend-toolkit/8.5.0.alpha002/aarch64-linux/lib64/libexe_graph.so (0x0000ffffb7bf0000)
	liblowering.so => /usr/local/Ascend/ascend-toolkit/8.5.0.alpha002/aarch64-linux/lib64/liblowering.so (0x0000ffffb7b00000)
	libregister.so => /usr/local/Ascend/ascend-toolkit/8.5.0.alpha002/aarch64-linux/lib64/libregister.so (0x0000ffffb6e50000)
	libopp_registry.so => /usr/local/Ascend/ascend-toolkit/8.5.0.alpha002/aarch64-linux/lib64/libopp_registry.so (0x0000ffffb6dc0000)
	libplatform.so => /usr/local/Ascend/ascend-toolkit/8.5.0.alpha002/aarch64-linux/lib64/libplatform.so (0x0000ffffb6c60000)
	libmetadef.so => /usr/local/Ascend/ascend-toolkit/8.5.0.alpha002/aarch64-linux/lib64/libmetadef.so (0x0000ffffb6b20000)
	libascend_trace.so => /usr/local/Ascend/ascend-toolkit/8.5.0.alpha002/aarch64-linux/lib64/libascend_trace.so (0x0000ffffb60e0000)

ARTIFACT=/home/data4t2/lelinfeng/cann/server_runs/MULTIROW-PANEL-RMS-CHAMPION-X/V005/support/build/libmultirow_panel_rms_candidate.so
4715dd4a27f0629cc503be93dd479bdd563c7ae015a504ead42ce2b4e9b319d4  /home/data4t2/lelinfeng/cann/server_runs/MULTIROW-PANEL-RMS-CHAMPION-X/V005/support/build/libmultirow_panel_rms_candidate.so
	linux-vdso.so.1 (0x0000ffff8f5c0000)
	libgcc_s.so.1 => /lib/aarch64-linux-gnu/libgcc_s.so.1 (0x0000ffff8f4b0000)
	libc.so.6 => /lib/aarch64-linux-gnu/libc.so.6 (0x0000ffff8f300000)
	/lib/ld-linux-aarch64.so.1 (0x0000ffff8f587000)
	libascendcl.so => /usr/local/Ascend/ascend-toolkit/8.5.0.alpha002/aarch64-linux/lib64/libascendcl.so (0x0000ffff8f0e0000)
	libruntime.so => /usr/local/Ascend/ascend-toolkit/8.5.0.alpha002/aarch64-linux/lib64/libruntime.so (0x0000ffff8f010000)
	liberror_manager.so => /usr/local/Ascend/ascend-toolkit/8.5.0.alpha002/aarch64-linux/lib64/liberror_manager.so (0x0000ffff8ef90000)
	libprofapi.so => /usr/local/Ascend/ascend-toolkit/8.5.0.alpha002/aarch64-linux/lib64/libprofapi.so (0x0000ffff8ef50000)
	libascendalog.so => /usr/local/Ascend/ascend-toolkit/8.5.0.alpha002/aarch64-linux/lib64/libascendalog.so (0x0000ffff8ef00000)
	libmmpa.so => /usr/local/Ascend/ascend-toolkit/8.5.0.alpha002/aarch64-linux/lib64/libmmpa.so (0x0000ffff8eed0000)
	libascend_dump.so => /usr/local/Ascend/ascend-toolkit/8.5.0.alpha002/aarch64-linux/lib64/libascend_dump.so (0x0000ffff8ed90000)
	libc_sec.so => /usr/local/Ascend/ascend-toolkit/8.5.0.alpha002/aarch64-linux/lib64/libc_sec.so (0x0000ffff8ed50000)
	libstdc++.so.6 => /lib/aarch64-linux-gnu/libstdc++.so.6 (0x0000ffff8eb20000)
	libmsprofiler.so => /usr/local/Ascend/ascend-toolkit/8.5.0.alpha002/aarch64-linux/lib64/libmsprofiler.so (0x0000ffff8e770000)
	libgert.so => /usr/local/Ascend/ascend-toolkit/8.5.0.alpha002/aarch64-linux/lib64/libgert.so (0x0000ffff8df10000)
	libascendcl_impl.so => /usr/local/Ascend/ascend-toolkit/8.5.0.alpha002/aarch64-linux/lib64/libascendcl_impl.so (0x0000ffff8de50000)
	librt.so.1 => /lib/aarch64-linux-gnu/librt.so.1 (0x0000ffff8de30000)
	libdl.so.2 => /lib/aarch64-linux-gnu/libdl.so.2 (0x0000ffff8de10000)
	libge_executor.so => /usr/local/Ascend/ascend-toolkit/8.5.0.alpha002/aarch64-linux/lib64/libge_executor.so (0x0000ffff8dd00000)
	libgraph.so => /usr/local/Ascend/ascend-toolkit/8.5.0.alpha002/aarch64-linux/lib64/libgraph.so (0x0000ffff8dae0000)
	libascend_watchdog.so => /usr/local/Ascend/ascend-toolkit/8.5.0.alpha002/aarch64-linux/lib64/libascend_watchdog.so (0x0000ffff8dab0000)
	libascend_protobuf.so.3.13.0.0 => /usr/local/Ascend/ascend-toolkit/8.5.0.alpha002/aarch64-linux/lib64/libascend_protobuf.so.3.13.0.0 (0x0000ffff8d580000)
	libpthread.so.0 => /lib/aarch64-linux-gnu/libpthread.so.0 (0x0000ffff8d560000)
	libruntime_common.so => /usr/local/Ascend/ascend-toolkit/8.5.0.alpha002/aarch64-linux/lib64/libruntime_common.so (0x0000ffff8d500000)
	libascend_hal.so => /usr/local/Ascend/driver/lib64/driver/libascend_hal.so (0x0000ffff8d090000)
	libunified_dlog.so => /usr/local/Ascend/ascend-toolkit/8.5.0.alpha002/aarch64-linux/lib64/libunified_dlog.so (0x0000ffff8d040000)
	libm.so.6 => /lib/aarch64-linux-gnu/libm.so.6 (0x0000ffff8cfa0000)
	libgraph_base.so => /usr/local/Ascend/ascend-toolkit/8.5.0.alpha002/aarch64-linux/lib64/libgraph_base.so (0x0000ffff8c7e0000)
	libhybrid_executor.so => /usr/local/Ascend/ascend-toolkit/8.5.0.alpha002/aarch64-linux/lib64/libhybrid_executor.so (0x0000ffff8c380000)
	libdavinci_executor.so => /usr/local/Ascend/ascend-toolkit/8.5.0.alpha002/aarch64-linux/lib64/libdavinci_executor.so (0x0000ffff8bea0000)
	libge_common.so => /usr/local/Ascend/ascend-toolkit/8.5.0.alpha002/aarch64-linux/lib64/libge_common.so (0x0000ffff8bd60000)
	libge_common_base.so => /usr/local/Ascend/ascend-toolkit/8.5.0.alpha002/aarch64-linux/lib64/libge_common_base.so (0x0000ffff8b7b0000)
	libexe_graph.so => /usr/local/Ascend/ascend-toolkit/8.5.0.alpha002/aarch64-linux/lib64/libexe_graph.so (0x0000ffff8b750000)
	liblowering.so => /usr/local/Ascend/ascend-toolkit/8.5.0.alpha002/aarch64-linux/lib64/liblowering.so (0x0000ffff8b660000)
	libregister.so => /usr/local/Ascend/ascend-toolkit/8.5.0.alpha002/aarch64-linux/lib64/libregister.so (0x0000ffff8a9b0000)
	libopp_registry.so => /usr/local/Ascend/ascend-toolkit/8.5.0.alpha002/aarch64-linux/lib64/libopp_registry.so (0x0000ffff8a920000)
	libplatform.so => /usr/local/Ascend/ascend-toolkit/8.5.0.alpha002/aarch64-linux/lib64/libplatform.so (0x0000ffff8a7c0000)
	libmetadef.so => /usr/local/Ascend/ascend-toolkit/8.5.0.alpha002/aarch64-linux/lib64/libmetadef.so (0x0000ffff8a680000)
	libascend_trace.so => /usr/local/Ascend/ascend-toolkit/8.5.0.alpha002/aarch64-linux/lib64/libascend_trace.so (0x0000ffff89c40000)
