HOST=hwnput3 USER=lelinfeng
Sat Sep 19 05:53:05 UTC 2026
Filesystem      Size  Used Avail Use% Mounted on
/dev/nvme1n1p1  3.5T  3.2T   82G  98% /home/data4t2
370b3d3b65a0b6f713e3eba700195abd93104a3760e7eff2c8264dade3ab36b2  kernel.asc
Consolidate compiler generated dependencies of target add_rms_norm_bias_custom
[ 50%] Building ASC object CMakeFiles/add_rms_norm_bias_custom.dir/main.asc.o
/home/data4t2/lelinfeng/cann/fast/lane-c/R011-L002/main.asc:161:17: warning: 'cce_global' attribute ignored when parsing type [-Wignored-attributes]
    run_kernel((GM_ADDR)deviceX, infoX,
                ^~~~~~~
/home/data4t2/lelinfeng/cann_game/.toolchains/cann-9.0/cann-9.0.0/aarch64-linux/tikcpp/tikcfw/impl/utils/kernel_utils_macros.h:23:17: note: expanded from macro 'GM_ADDR'
#define GM_ADDR __gm__ uint8_t*
                ^~~~~~
/home/data4t2/lelinfeng/cann_game/.toolchains/cann-9.0/cann-9.0.0/tools/bisheng_compiler/lib/clang/15.0.5/include/__clang_cce_defines.h:61:31: note: expanded from macro '__gm__'
#define __gm__ __attribute__((cce_global))
                              ^~~~~~~~~~
/home/data4t2/lelinfeng/cann/fast/lane-c/R011-L002/main.asc:162:17: warning: 'cce_global' attribute ignored when parsing type [-Wignored-attributes]
               (GM_ADDR)deviceResidual, infoResidual,
                ^~~~~~~
/home/data4t2/lelinfeng/cann_game/.toolchains/cann-9.0/cann-9.0.0/aarch64-linux/tikcpp/tikcfw/impl/utils/kernel_utils_macros.h:23:17: note: expanded from macro 'GM_ADDR'
#define GM_ADDR __gm__ uint8_t*
                ^~~~~~
/home/data4t2/lelinfeng/cann_game/.toolchains/cann-9.0/cann-9.0.0/tools/bisheng_compiler/lib/clang/15.0.5/include/__clang_cce_defines.h:61:31: note: expanded from macro '__gm__'
#define __gm__ __attribute__((cce_global))
                              ^~~~~~~~~~
/home/data4t2/lelinfeng/cann/fast/lane-c/R011-L002/main.asc:163:17: warning: 'cce_global' attribute ignored when parsing type [-Wignored-attributes]
               (GM_ADDR)deviceGamma, infoGamma,
                ^~~~~~~
/home/data4t2/lelinfeng/cann_game/.toolchains/cann-9.0/cann-9.0.0/aarch64-linux/tikcpp/tikcfw/impl/utils/kernel_utils_macros.h:23:17: note: expanded from macro 'GM_ADDR'
#define GM_ADDR __gm__ uint8_t*
                ^~~~~~
/home/data4t2/lelinfeng/cann_game/.toolchains/cann-9.0/cann-9.0.0/tools/bisheng_compiler/lib/clang/15.0.5/include/__clang_cce_defines.h:61:31: note: expanded from macro '__gm__'
#define __gm__ __attribute__((cce_global))
                              ^~~~~~~~~~
/home/data4t2/lelinfeng/cann/fast/lane-c/R011-L002/main.asc:164:17: warning: 'cce_global' attribute ignored when parsing type [-Wignored-attributes]
               (GM_ADDR)deviceBias, infoBias,
                ^~~~~~~
/home/data4t2/lelinfeng/cann_game/.toolchains/cann-9.0/cann-9.0.0/aarch64-linux/tikcpp/tikcfw/impl/utils/kernel_utils_macros.h:23:17: note: expanded from macro 'GM_ADDR'
#define GM_ADDR __gm__ uint8_t*
                ^~~~~~
/home/data4t2/lelinfeng/cann_game/.toolchains/cann-9.0/cann-9.0.0/tools/bisheng_compiler/lib/clang/15.0.5/include/__clang_cce_defines.h:61:31: note: expanded from macro '__gm__'
#define __gm__ __attribute__((cce_global))
                              ^~~~~~~~~~
/home/data4t2/lelinfeng/cann/fast/lane-c/R011-L002/main.asc:165:17: warning: 'cce_global' attribute ignored when parsing type [-Wignored-attributes]
               (GM_ADDR)deviceOutput, infoOutput,
                ^~~~~~~
/home/data4t2/lelinfeng/cann_game/.toolchains/cann-9.0/cann-9.0.0/aarch64-linux/tikcpp/tikcfw/impl/utils/kernel_utils_macros.h:23:17: note: expanded from macro 'GM_ADDR'
#define GM_ADDR __gm__ uint8_t*
                ^~~~~~
/home/data4t2/lelinfeng/cann_game/.toolchains/cann-9.0/cann-9.0.0/tools/bisheng_compiler/lib/clang/15.0.5/include/__clang_cce_defines.h:61:31: note: expanded from macro '__gm__'
#define __gm__ __attribute__((cce_global))
                              ^~~~~~~~~~
5 warnings generated.
[100%] Linking ASC executable add_rms_norm_bias_custom
[100%] Built target add_rms_norm_bias_custom
d75028ff292804c1a76beb9f29572a0653a962910e383a5e8867a0f4522d4419  build/add_rms_norm_bias_custom
-rwxrwxr-x 1 lelinfeng lelinfeng 387K Sep 19 05:53 build/add_rms_norm_bias_custom
