ROUTE=SYNC-BARRIER-ELISION-X
REVISION=V048
DIRECT_PARENT=R31B-V011
HOST=hwnput3
SOC=Ascend910B3
NPU_ARCH=dav-2201
DEVICE=3
CANN_PACKAGE=/usr/local/Ascend/ascend-toolkit/8.5.0.alpha002
a8c19a1972207acc67e3fb0cd393cc70b0a4b183d1eaf5610edf80c2879b15e3  本地实验/SYNC-BARRIER-ELISION-X/V048/parent.asc
b4b69991de41f0cb48e5a036fd31d56cac4b2b67ef6f87e6fb7103048e35fd29  本地实验/SYNC-BARRIER-ELISION-X/V048/submission.asc
590573ed87ba3002b3024473909511c558293ad33fb1debf22578955da0077fd  /tmp/sync-barrier-elision-v048.fresh/sync_barrier_elision_correctness
RUNNER_LABEL_ASSERTION=CANDIDATE_V048 PASS
QUALIFICATION_START=2026-10-07T23:41:56Z
+------------------------------------------------------------------------------------------------+
| npu-smi 25.0.rc1.1               Version: 25.0.rc1.1                                           |
+---------------------------+---------------+----------------------------------------------------+
| NPU   Name                | Health        | Power(W)    Temp(C)           Hugepages-Usage(page)|
| Chip                      | Bus-Id        | AICore(%)   Memory-Usage(MB)  HBM-Usage(MB)        |
+===========================+===============+====================================================+
| 0     910B3               | OK            | 90.3        28                0    / 0             |
| 0                         | 0000:C1:00.0  | 0           0    / 0          3432 / 65536         |
+===========================+===============+====================================================+
| 1     910B3               | OK            | 121.9       29                0    / 0             |
| 0                         | 0000:C2:00.0  | 16          0    / 0          9174 / 65536         |
+===========================+===============+====================================================+
| 2     910B3               | OK            | 109.3       32                0    / 0             |
| 0                         | 0000:81:00.0  | 4           0    / 0          9116 / 65536         |
+===========================+===============+====================================================+
| 3     910B3               | OK            | 88.9        29                0    / 0             |
| 0                         | 0000:82:00.0  | 0           0    / 0          3426 / 65536         |
+===========================+===============+====================================================+
| 4     910B3               | OK            | 203.1       55                0    / 0             |
| 0                         | 0000:01:00.0  | 62          0    / 0          59194/ 65536         |
+===========================+===============+====================================================+
| 5     910B3               | OK            | 164.5       47                0    / 0             |
| 0                         | 0000:02:00.0  | 43          0    / 0          60222/ 65536         |
+===========================+===============+====================================================+
| 6     910B3               | OK            | 156.1       46                0    / 0             |
| 0                         | 0000:41:00.0  | 33          0    / 0          60222/ 65536         |
+===========================+===============+====================================================+
| 7     910B3               | OK            | 110.8       36                0    / 0             |
| 0                         | 0000:42:00.0  | 0           0    / 0          24791/ 65536         |
+===========================+===============+====================================================+
+---------------------------+---------------+----------------------------------------------------+
| NPU     Chip              | Process id    | Process name             | Process memory(MB)      |
+===========================+===============+====================================================+
| No running processes found in NPU 0                                                            |
+===========================+===============+====================================================+
| 1       0                 | 3150467       | python                   | 5746                    |
+===========================+===============+====================================================+
| 2       0                 | 2840325       | python                   | 5748                    |
+===========================+===============+====================================================+
| No running processes found in NPU 3                                                            |
+===========================+===============+====================================================+
| 4       0                 | 2999855       | VLLMEngineCor            | 55666                   |
+===========================+===============+====================================================+
| 5       0                 | 89602         | VLLMWorker_TP            | 56700                   |
+===========================+===============+====================================================+
| 6       0                 | 91228         | VLLMWorker_TP            | 56701                   |
+===========================+===============+====================================================+
| 7       0                 | 439848        | python3                  | 21260                   |
+===========================+===============+====================================================+

QUALIFICATION_BLOCK=PARENT_1
SAME_BINARY_SAMPLE binary=PARENT_R31B_V011 case=fp16-128x128 pair=01 order=A,B first_device_us=27.7400 second_device_us=20.0000 first_gelem_s=0.590627 second_gelem_s=0.819200 first_wall_us=190.1020 second_wall_us=82.8710 second_minus_first_us=-7.7400
SAME_BINARY_SAMPLE binary=PARENT_R31B_V011 case=fp16-128x128 pair=02 order=B,A first_device_us=6.7200 second_device_us=26.3200 first_gelem_s=2.438095 second_gelem_s=0.622492 first_wall_us=83.0010 second_wall_us=82.5810 second_minus_first_us=19.6000
SAME_BINARY_SAMPLE binary=PARENT_R31B_V011 case=fp16-128x128 pair=03 order=A,B first_device_us=14.0200 second_device_us=6.8400 first_gelem_s=1.168616 second_gelem_s=2.395322 first_wall_us=74.3210 second_wall_us=69.7110 second_minus_first_us=-7.1800
SAME_BINARY_SAMPLE binary=PARENT_R31B_V011 case=fp16-128x128 pair=04 order=B,A first_device_us=23.8800 second_device_us=19.4400 first_gelem_s=0.686097 second_gelem_s=0.842798 first_wall_us=70.6310 second_wall_us=70.7210 second_minus_first_us=-4.4400
SAME_BINARY_SAMPLE binary=PARENT_R31B_V011 case=fp16-128x128 pair=05 order=A,B first_device_us=20.6800 second_device_us=6.7800 first_gelem_s=0.792263 second_gelem_s=2.416519 first_wall_us=79.9510 second_wall_us=69.3510 second_minus_first_us=-13.9000
SAME_BINARY_SAMPLE binary=PARENT_R31B_V011 case=fp16-128x128 pair=06 order=B,A first_device_us=6.6800 second_device_us=22.3800 first_gelem_s=2.452695 second_gelem_s=0.732082 first_wall_us=70.2210 second_wall_us=68.4310 second_minus_first_us=15.7000
SAME_BINARY_SAMPLE binary=PARENT_R31B_V011 case=fp16-128x128 pair=07 order=A,B first_device_us=6.3000 second_device_us=6.7800 first_gelem_s=2.600635 second_gelem_s=2.416519 first_wall_us=70.6610 second_wall_us=70.4110 second_minus_first_us=0.4800
SAME_BINARY_SAMPLE binary=PARENT_R31B_V011 case=fp16-128x128 pair=08 order=B,A first_device_us=6.0600 second_device_us=6.9400 first_gelem_s=2.703630 second_gelem_s=2.360807 first_wall_us=70.5510 second_wall_us=69.5410 second_minus_first_us=0.8800
SAME_BINARY_SAMPLE binary=PARENT_R31B_V011 case=fp16-128x128 pair=09 order=A,B first_device_us=18.7600 second_device_us=18.6000 first_gelem_s=0.873348 second_gelem_s=0.880860 first_wall_us=68.7110 second_wall_us=68.1800 second_minus_first_us=-0.1600
SAME_BINARY_SAMPLE binary=PARENT_R31B_V011 case=fp16-128x128 pair=10 order=B,A first_device_us=15.4800 second_device_us=6.5800 first_gelem_s=1.058398 second_gelem_s=2.489970 first_wall_us=68.3600 second_wall_us=70.7900 second_minus_first_us=-8.9000
SAME_BINARY_SAMPLE binary=PARENT_R31B_V011 case=fp16-128x128 pair=11 order=A,B first_device_us=18.0400 second_device_us=16.2400 first_gelem_s=0.908204 second_gelem_s=1.008867 first_wall_us=71.7200 second_wall_us=69.7700 second_minus_first_us=-1.8000
SAME_BINARY_SAMPLE binary=PARENT_R31B_V011 case=fp16-128x128 pair=12 order=B,A first_device_us=6.6800 second_device_us=6.0600 first_gelem_s=2.452695 second_gelem_s=2.703630 first_wall_us=86.6010 second_wall_us=68.3610 second_minus_first_us=-0.6200
SAME_BINARY_SAMPLE binary=PARENT_R31B_V011 case=fp16-128x128 pair=13 order=A,B first_device_us=17.0000 second_device_us=18.0600 first_gelem_s=0.963765 second_gelem_s=0.907198 first_wall_us=71.2010 second_wall_us=68.8700 second_minus_first_us=1.0600
SAME_BINARY_SAMPLE binary=PARENT_R31B_V011 case=fp16-128x128 pair=14 order=B,A first_device_us=6.3000 second_device_us=24.0800 first_gelem_s=2.600635 second_gelem_s=0.680399 first_wall_us=69.4200 second_wall_us=69.5300 second_minus_first_us=17.7800
SAME_BINARY_SAMPLE binary=PARENT_R31B_V011 case=fp16-128x128 pair=15 order=A,B first_device_us=6.0600 second_device_us=22.3600 first_gelem_s=2.703630 second_gelem_s=0.732737 first_wall_us=68.5900 second_wall_us=79.6010 second_minus_first_us=16.3000
SAME_BINARY_SAMPLE binary=PARENT_R31B_V011 case=fp16-128x128 pair=16 order=B,A first_device_us=21.5000 second_device_us=15.6800 first_gelem_s=0.762046 second_gelem_s=1.044898 first_wall_us=68.4200 second_wall_us=66.2010 second_minus_first_us=-5.8200
SAME_BINARY_SAMPLE binary=PARENT_R31B_V011 case=fp16-128x128 pair=17 order=A,B first_device_us=17.7000 second_device_us=8.0800 first_gelem_s=0.925650 second_gelem_s=2.027723 first_wall_us=67.9910 second_wall_us=93.8810 second_minus_first_us=-9.6200
SAME_BINARY_SAMPLE binary=PARENT_R31B_V011 case=fp16-128x128 pair=18 order=B,A first_device_us=6.5000 second_device_us=15.1600 first_gelem_s=2.520615 second_gelem_s=1.080739 first_wall_us=72.5110 second_wall_us=71.9110 second_minus_first_us=8.6600
SAME_BINARY_SAMPLE binary=PARENT_R31B_V011 case=fp16-128x128 pair=19 order=A,B first_device_us=23.4800 second_device_us=5.9000 first_gelem_s=0.697785 second_gelem_s=2.776949 first_wall_us=68.0610 second_wall_us=68.3400 second_minus_first_us=-17.5800
SAME_BINARY_SAMPLE binary=PARENT_R31B_V011 case=fp16-128x128 pair=20 order=B,A first_device_us=5.9800 second_device_us=6.0400 first_gelem_s=2.739799 second_gelem_s=2.712583 first_wall_us=67.9000 second_wall_us=67.6610 second_minus_first_us=0.0600
SAME_BINARY_SAMPLE binary=PARENT_R31B_V011 case=fp16-128x128 pair=21 order=A,B first_device_us=24.1400 second_device_us=26.8200 first_gelem_s=0.678708 second_gelem_s=0.610887 first_wall_us=68.3310 second_wall_us=80.1610 second_minus_first_us=2.6800
SAME_BINARY_SAMPLE binary=PARENT_R31B_V011 case=fp16-128x128 pair=22 order=B,A first_device_us=23.2400 second_device_us=6.5400 first_gelem_s=0.704991 second_gelem_s=2.505199 first_wall_us=81.1910 second_wall_us=59.4000 second_minus_first_us=-16.7000
SAME_BINARY_SAMPLE binary=PARENT_R31B_V011 case=fp16-128x128 pair=23 order=A,B first_device_us=19.4200 second_device_us=6.8200 first_gelem_s=0.843666 second_gelem_s=2.402346 first_wall_us=69.6010 second_wall_us=69.1910 second_minus_first_us=-12.6000
SAME_BINARY_SAMPLE binary=PARENT_R31B_V011 case=fp16-128x128 pair=24 order=B,A first_device_us=6.3600 second_device_us=19.8400 first_gelem_s=2.576101 second_gelem_s=0.825806 first_wall_us=69.8410 second_wall_us=70.2210 second_minus_first_us=13.4800
SAME_BINARY_SAMPLE binary=PARENT_R31B_V011 case=fp16-128x128 pair=25 order=A,B first_device_us=22.2600 second_device_us=16.5800 first_gelem_s=0.736029 second_gelem_s=0.988178 first_wall_us=82.2710 second_wall_us=67.1310 second_minus_first_us=-5.6800
SAME_BINARY_SAMPLE binary=PARENT_R31B_V011 case=fp16-128x128 pair=26 order=B,A first_device_us=18.9600 second_device_us=6.6600 first_gelem_s=0.864135 second_gelem_s=2.460060 first_wall_us=68.1710 second_wall_us=68.2810 second_minus_first_us=-12.3000
SAME_BINARY_SAMPLE binary=PARENT_R31B_V011 case=fp16-128x128 pair=27 order=A,B first_device_us=17.6400 second_device_us=6.3600 first_gelem_s=0.928798 second_gelem_s=2.576101 first_wall_us=69.4610 second_wall_us=70.1410 second_minus_first_us=-11.2800
SAME_BINARY_SAMPLE binary=PARENT_R31B_V011 case=fp16-128x128 pair=28 order=B,A first_device_us=22.5400 second_device_us=6.0600 first_gelem_s=0.726886 second_gelem_s=2.703630 first_wall_us=68.4510 second_wall_us=68.9910 second_minus_first_us=-16.4800
SAME_BINARY_SAMPLE binary=PARENT_R31B_V011 case=fp16-128x128 pair=29 order=A,B first_device_us=6.8600 second_device_us=22.2400 first_gelem_s=2.388338 second_gelem_s=0.736691 first_wall_us=73.9410 second_wall_us=70.3310 second_minus_first_us=15.3800
SAME_BINARY_SAMPLE binary=PARENT_R31B_V011 case=fp16-128x128 pair=30 order=B,A first_device_us=22.9600 second_device_us=7.0000 first_gelem_s=0.713589 second_gelem_s=2.340571 first_wall_us=68.5110 second_wall_us=73.3210 second_minus_first_us=-15.9600
SAME_BINARY_SAMPLE binary=PARENT_R31B_V011 case=fp16-128x128 pair=31 order=A,B first_device_us=6.6600 second_device_us=6.6200 first_gelem_s=2.460060 second_gelem_s=2.474924 first_wall_us=117.0510 second_wall_us=73.4710 second_minus_first_us=-0.0400
LOCAL_STATS case=PARENT_R31B_V011 metric=device_us binary=same_binary_first n=31 median=17.6400 mean=15.0516 stdev=7.4660 cv=0.49602 min=5.9800 max=27.7400 mad=5.8400 p10=6.3000 p90=23.4800
LOCAL_STATS case=PARENT_R31B_V011 metric=device_us binary=same_binary_second n=31 median=8.0800 mean=13.2213 stdev=7.3792 cv=0.55813 min=5.9000 max=26.8200 mad=2.1800 p10=6.0600 p90=22.3800
LOCAL_STATS case=PARENT_R31B_V011 metric=paired_delta_us binary=same_binary_second_minus_first n=31 median=-1.8000 mean=-1.8303 stdev=11.1485 cv=-6.09099 min=-17.5800 max=19.6000 mad=7.8200 p10=-15.9600 p90=15.7000
LOCAL_STATS case=PARENT_R31B_V011 metric=gelem_s binary=same_binary_first n=31 median=0.9288 mean=1.4923 stdev=0.8674 cv=0.58127 min=0.5906 max=2.7398 mad=0.2398 p10=0.6978 p90=2.6006
LOCAL_STATS case=PARENT_R31B_V011 metric=gelem_s binary=same_binary_second n=31 median=2.0277 mean=1.6863 stdev=0.8550 cv=0.50699 min=0.6109 max=2.7769 mad=0.7492 p10=0.7321 p90=2.7036
LOCAL_STATS case=PARENT_R31B_V011 metric=wall_us binary=same_binary_first n=31 median=70.2210 mean=77.2821 stdev=23.0163 cv=0.29782 min=67.9000 max=190.1020 mad=1.8610 p10=68.1710 p90=83.0010
LOCAL_STATS case=PARENT_R31B_V011 metric=wall_us binary=same_binary_second n=31 median=69.7110 mean=71.5275 stdev=6.3355 cv=0.08857 min=59.4000 max=93.8810 mad=1.3500 p10=67.6610 p90=80.1610
SAME_BINARY_QUALIFICATION binary=PARENT_R31B_V011 case=fp16-128x128 samples=31 first_mad_over_median=0.331066 second_mad_over_median=0.269802 median_drift_fraction=0.743390
SAME_BINARY_SUMMARY binary=PARENT_R31B_V011 device=3 shape=128x128 dtype=fp16 samples=31

QUALIFICATION_BLOCK=PARENT_2
SAME_BINARY_SAMPLE binary=PARENT_R31B_V011 case=fp16-128x128 pair=01 order=A,B first_device_us=18.5800 second_device_us=25.9600 first_gelem_s=0.881808 second_gelem_s=0.631125 first_wall_us=177.1620 second_wall_us=94.5810 second_minus_first_us=7.3800
SAME_BINARY_SAMPLE binary=PARENT_R31B_V011 case=fp16-128x128 pair=02 order=B,A first_device_us=17.9600 second_device_us=18.7800 first_gelem_s=0.912249 second_gelem_s=0.872417 first_wall_us=80.7310 second_wall_us=75.8010 second_minus_first_us=0.8200
SAME_BINARY_SAMPLE binary=PARENT_R31B_V011 case=fp16-128x128 pair=03 order=A,B first_device_us=6.3400 second_device_us=11.9800 first_gelem_s=2.584227 second_gelem_s=1.367613 first_wall_us=78.4810 second_wall_us=71.6510 second_minus_first_us=5.6400
SAME_BINARY_SAMPLE binary=PARENT_R31B_V011 case=fp16-128x128 pair=04 order=B,A first_device_us=13.7600 second_device_us=16.3800 first_gelem_s=1.190698 second_gelem_s=1.000244 first_wall_us=73.2210 second_wall_us=71.5010 second_minus_first_us=2.6200
SAME_BINARY_SAMPLE binary=PARENT_R31B_V011 case=fp16-128x128 pair=05 order=A,B first_device_us=15.5800 second_device_us=16.1200 first_gelem_s=1.051605 second_gelem_s=1.016377 first_wall_us=73.8110 second_wall_us=74.2010 second_minus_first_us=0.5400
SAME_BINARY_SAMPLE binary=PARENT_R31B_V011 case=fp16-128x128 pair=06 order=B,A first_device_us=15.6000 second_device_us=21.8400 first_gelem_s=1.050256 second_gelem_s=0.750183 first_wall_us=75.0710 second_wall_us=72.7510 second_minus_first_us=6.2400
SAME_BINARY_SAMPLE binary=PARENT_R31B_V011 case=fp16-128x128 pair=07 order=A,B first_device_us=19.0800 second_device_us=15.9000 first_gelem_s=0.858700 second_gelem_s=1.030440 first_wall_us=74.5110 second_wall_us=75.0610 second_minus_first_us=-3.1800
SAME_BINARY_SAMPLE binary=PARENT_R31B_V011 case=fp16-128x128 pair=08 order=B,A first_device_us=6.6800 second_device_us=17.3800 first_gelem_s=2.452695 second_gelem_s=0.942693 first_wall_us=72.8310 second_wall_us=71.6310 second_minus_first_us=10.7000
SAME_BINARY_SAMPLE binary=PARENT_R31B_V011 case=fp16-128x128 pair=09 order=A,B first_device_us=17.6000 second_device_us=16.7600 first_gelem_s=0.930909 second_gelem_s=0.977566 first_wall_us=73.8010 second_wall_us=72.6510 second_minus_first_us=-0.8400
SAME_BINARY_SAMPLE binary=PARENT_R31B_V011 case=fp16-128x128 pair=10 order=B,A first_device_us=16.2400 second_device_us=17.3800 first_gelem_s=1.008867 second_gelem_s=0.942693 first_wall_us=74.2310 second_wall_us=71.5510 second_minus_first_us=1.1400
SAME_BINARY_SAMPLE binary=PARENT_R31B_V011 case=fp16-128x128 pair=11 order=A,B first_device_us=17.5800 second_device_us=19.3000 first_gelem_s=0.931968 second_gelem_s=0.848912 first_wall_us=72.6210 second_wall_us=69.5510 second_minus_first_us=1.7200
SAME_BINARY_SAMPLE binary=PARENT_R31B_V011 case=fp16-128x128 pair=12 order=B,A first_device_us=16.9000 second_device_us=14.0200 first_gelem_s=0.969467 second_gelem_s=1.168616 first_wall_us=73.4910 second_wall_us=71.2610 second_minus_first_us=-2.8800
SAME_BINARY_SAMPLE binary=PARENT_R31B_V011 case=fp16-128x128 pair=13 order=A,B first_device_us=15.7200 second_device_us=6.4400 first_gelem_s=1.042239 second_gelem_s=2.544099 first_wall_us=73.4910 second_wall_us=74.1310 second_minus_first_us=-9.2800
SAME_BINARY_SAMPLE binary=PARENT_R31B_V011 case=fp16-128x128 pair=14 order=B,A first_device_us=14.2000 second_device_us=15.3400 first_gelem_s=1.153803 second_gelem_s=1.068057 first_wall_us=71.4510 second_wall_us=72.3210 second_minus_first_us=1.1400
SAME_BINARY_SAMPLE binary=PARENT_R31B_V011 case=fp16-128x128 pair=15 order=A,B first_device_us=16.2200 second_device_us=15.3400 first_gelem_s=1.010111 second_gelem_s=1.068057 first_wall_us=73.7210 second_wall_us=73.7910 second_minus_first_us=-0.8800
SAME_BINARY_SAMPLE binary=PARENT_R31B_V011 case=fp16-128x128 pair=16 order=B,A first_device_us=16.7600 second_device_us=15.4600 first_gelem_s=0.977566 second_gelem_s=1.059767 first_wall_us=90.9110 second_wall_us=76.2510 second_minus_first_us=-1.3000
SAME_BINARY_SAMPLE binary=PARENT_R31B_V011 case=fp16-128x128 pair=17 order=A,B first_device_us=13.9400 second_device_us=16.6400 first_gelem_s=1.175323 second_gelem_s=0.984615 first_wall_us=81.4010 second_wall_us=74.6810 second_minus_first_us=2.7000
SAME_BINARY_SAMPLE binary=PARENT_R31B_V011 case=fp16-128x128 pair=18 order=B,A first_device_us=16.7400 second_device_us=6.5200 first_gelem_s=0.978734 second_gelem_s=2.512884 first_wall_us=75.8610 second_wall_us=77.1410 second_minus_first_us=-10.2200
SAME_BINARY_SAMPLE binary=PARENT_R31B_V011 case=fp16-128x128 pair=19 order=A,B first_device_us=15.5200 second_device_us=15.5200 first_gelem_s=1.055670 second_gelem_s=1.055670 first_wall_us=78.5410 second_wall_us=74.2010 second_minus_first_us=0.0000
SAME_BINARY_SAMPLE binary=PARENT_R31B_V011 case=fp16-128x128 pair=20 order=B,A first_device_us=15.9000 second_device_us=17.1600 first_gelem_s=1.030440 second_gelem_s=0.954779 first_wall_us=74.1410 second_wall_us=73.6510 second_minus_first_us=1.2600
SAME_BINARY_SAMPLE binary=PARENT_R31B_V011 case=fp16-128x128 pair=21 order=A,B first_device_us=7.2600 second_device_us=7.4200 first_gelem_s=2.256749 second_gelem_s=2.208086 first_wall_us=76.4410 second_wall_us=74.6610 second_minus_first_us=0.1600
SAME_BINARY_SAMPLE binary=PARENT_R31B_V011 case=fp16-128x128 pair=22 order=B,A first_device_us=12.6200 second_device_us=8.1400 first_gelem_s=1.298257 second_gelem_s=2.012777 first_wall_us=74.6610 second_wall_us=77.7810 second_minus_first_us=-4.4800
SAME_BINARY_SAMPLE binary=PARENT_R31B_V011 case=fp16-128x128 pair=23 order=A,B first_device_us=7.6000 second_device_us=6.4000 first_gelem_s=2.155789 second_gelem_s=2.560000 first_wall_us=74.6610 second_wall_us=63.9010 second_minus_first_us=-1.2000
SAME_BINARY_SAMPLE binary=PARENT_R31B_V011 case=fp16-128x128 pair=24 order=B,A first_device_us=6.4400 second_device_us=6.9000 first_gelem_s=2.544099 second_gelem_s=2.374493 first_wall_us=76.4310 second_wall_us=74.5710 second_minus_first_us=0.4600
SAME_BINARY_SAMPLE binary=PARENT_R31B_V011 case=fp16-128x128 pair=25 order=A,B first_device_us=18.8600 second_device_us=18.1000 first_gelem_s=0.868717 second_gelem_s=0.905193 first_wall_us=73.3910 second_wall_us=74.3010 second_minus_first_us=-0.7600
SAME_BINARY_SAMPLE binary=PARENT_R31B_V011 case=fp16-128x128 pair=26 order=B,A first_device_us=7.1800 second_device_us=13.1400 first_gelem_s=2.281894 second_gelem_s=1.246880 first_wall_us=77.6010 second_wall_us=75.9010 second_minus_first_us=5.9600
SAME_BINARY_SAMPLE binary=PARENT_R31B_V011 case=fp16-128x128 pair=27 order=A,B first_device_us=19.2600 second_device_us=17.8200 first_gelem_s=0.850675 second_gelem_s=0.919416 first_wall_us=73.5110 second_wall_us=73.8910 second_minus_first_us=-1.4400
SAME_BINARY_SAMPLE binary=PARENT_R31B_V011 case=fp16-128x128 pair=28 order=B,A first_device_us=16.4000 second_device_us=6.3000 first_gelem_s=0.999024 second_gelem_s=2.600635 first_wall_us=73.8110 second_wall_us=74.4310 second_minus_first_us=-10.1000
SAME_BINARY_SAMPLE binary=PARENT_R31B_V011 case=fp16-128x128 pair=29 order=A,B first_device_us=12.4400 second_device_us=6.6600 first_gelem_s=1.317042 second_gelem_s=2.460060 first_wall_us=71.7710 second_wall_us=81.0910 second_minus_first_us=-5.7800
SAME_BINARY_SAMPLE binary=PARENT_R31B_V011 case=fp16-128x128 pair=30 order=B,A first_device_us=6.5400 second_device_us=7.5000 first_gelem_s=2.505199 second_gelem_s=2.184533 first_wall_us=67.8710 second_wall_us=86.7210 second_minus_first_us=0.9600
SAME_BINARY_SAMPLE binary=PARENT_R31B_V011 case=fp16-128x128 pair=31 order=A,B first_device_us=32.1200 second_device_us=8.2200 first_gelem_s=0.510087 second_gelem_s=1.993187 first_wall_us=82.6210 second_wall_us=63.3510 second_minus_first_us=-23.9000
LOCAL_STATS case=PARENT_R31B_V011 metric=device_us binary=same_binary_first n=31 median=15.7200 mean=14.6329 stdev=5.3883 cv=0.36823 min=6.3400 max=32.1200 mad=1.9600 p10=6.6800 p90=18.8600
LOCAL_STATS case=PARENT_R31B_V011 metric=device_us binary=same_binary_second n=31 median=15.4600 mean=13.7684 stdev=5.3134 cv=0.38591 min=6.3000 max=25.9600 mad=2.6400 p10=6.5200 p90=18.7800
LOCAL_STATS case=PARENT_R31B_V011 metric=paired_delta_us binary=same_binary_second_minus_first n=31 median=0.1600 mean=-0.8645 stdev=6.3729 cv=-7.37162 min=-23.9000 max=10.7000 mad=1.6000 p10=-9.2800 p90=5.9600
LOCAL_STATS case=PARENT_R31B_V011 metric=gelem_s binary=same_binary_first n=31 median=1.0422 mean=1.3173 stdev=0.6146 cv=0.46658 min=0.5101 max=2.5842 mad=0.1331 p10=0.8687 p90=2.4527
LOCAL_STATS case=PARENT_R31B_V011 metric=gelem_s binary=same_binary_second n=31 median=1.0598 mean=1.4278 stdev=0.6682 cv=0.46799 min=0.6311 max=2.6006 mad=0.1871 p10=0.8724 p90=2.5129
LOCAL_STATS case=PARENT_R31B_V011 metric=wall_us binary=same_binary_first n=31 median=74.2310 mean=78.7823 stdev=18.7255 cv=0.23769 min=67.8710 max=177.1620 mad=1.4000 p10=72.6210 p90=81.4010
LOCAL_STATS case=PARENT_R31B_V011 metric=wall_us binary=same_binary_second n=31 median=74.2010 mean=74.4826 stdev=5.5968 cv=0.07514 min=63.3510 max=94.5810 mad=1.7000 p10=71.2610 p90=77.7810
SAME_BINARY_QUALIFICATION binary=PARENT_R31B_V011 case=fp16-128x128 samples=31 first_mad_over_median=0.124682 second_mad_over_median=0.170763 median_drift_fraction=0.016677
SAME_BINARY_SUMMARY binary=PARENT_R31B_V011 device=3 shape=128x128 dtype=fp16 samples=31

QUALIFICATION_BLOCK=CANDIDATE_1
SAME_BINARY_SAMPLE binary=CANDIDATE_V048 case=fp16-128x128 pair=01 order=A,B first_device_us=25.6600 second_device_us=24.9200 first_gelem_s=0.638503 second_gelem_s=0.657464 first_wall_us=183.4620 second_wall_us=85.3310 second_minus_first_us=-0.7400
SAME_BINARY_SAMPLE binary=CANDIDATE_V048 case=fp16-128x128 pair=02 order=B,A first_device_us=6.6600 second_device_us=6.5200 first_gelem_s=2.460060 second_gelem_s=2.512884 first_wall_us=83.8710 second_wall_us=73.5510 second_minus_first_us=-0.1400
SAME_BINARY_SAMPLE binary=CANDIDATE_V048 case=fp16-128x128 pair=03 order=A,B first_device_us=6.3600 second_device_us=6.6000 first_gelem_s=2.576101 second_gelem_s=2.482424 first_wall_us=70.7710 second_wall_us=77.4310 second_minus_first_us=0.2400
SAME_BINARY_SAMPLE binary=CANDIDATE_V048 case=fp16-128x128 pair=04 order=B,A first_device_us=25.4800 second_device_us=6.3600 first_gelem_s=0.643014 second_gelem_s=2.576101 first_wall_us=72.1010 second_wall_us=68.1010 second_minus_first_us=-19.1200
SAME_BINARY_SAMPLE binary=CANDIDATE_V048 case=fp16-128x128 pair=05 order=A,B first_device_us=21.1800 second_device_us=20.1200 first_gelem_s=0.773560 second_gelem_s=0.814314 first_wall_us=76.8210 second_wall_us=70.8410 second_minus_first_us=-1.0600
SAME_BINARY_SAMPLE binary=CANDIDATE_V048 case=fp16-128x128 pair=06 order=B,A first_device_us=20.8800 second_device_us=6.5800 first_gelem_s=0.784674 second_gelem_s=2.489970 first_wall_us=69.2710 second_wall_us=75.9610 second_minus_first_us=-14.3000
SAME_BINARY_SAMPLE binary=CANDIDATE_V048 case=fp16-128x128 pair=07 order=A,B first_device_us=6.4800 second_device_us=6.3600 first_gelem_s=2.528395 second_gelem_s=2.576101 first_wall_us=73.6110 second_wall_us=88.1210 second_minus_first_us=-0.1200
SAME_BINARY_SAMPLE binary=CANDIDATE_V048 case=fp16-128x128 pair=08 order=B,A first_device_us=5.8400 second_device_us=6.1600 first_gelem_s=2.805479 second_gelem_s=2.659740 first_wall_us=68.8310 second_wall_us=69.9310 second_minus_first_us=0.3200
SAME_BINARY_SAMPLE binary=CANDIDATE_V048 case=fp16-128x128 pair=09 order=A,B first_device_us=24.4800 second_device_us=6.2800 first_gelem_s=0.669281 second_gelem_s=2.608917 first_wall_us=77.0410 second_wall_us=71.8610 second_minus_first_us=-18.2000
SAME_BINARY_SAMPLE binary=CANDIDATE_V048 case=fp16-128x128 pair=10 order=B,A first_device_us=20.5200 second_device_us=6.3800 first_gelem_s=0.798441 second_gelem_s=2.568025 first_wall_us=79.4710 second_wall_us=68.0510 second_minus_first_us=-14.1400
SAME_BINARY_SAMPLE binary=CANDIDATE_V048 case=fp16-128x128 pair=11 order=A,B first_device_us=6.2800 second_device_us=20.8200 first_gelem_s=2.608917 second_gelem_s=0.786936 first_wall_us=68.5810 second_wall_us=75.6810 second_minus_first_us=14.5400
SAME_BINARY_SAMPLE binary=CANDIDATE_V048 case=fp16-128x128 pair=12 order=B,A first_device_us=18.3400 second_device_us=21.3000 first_gelem_s=0.893348 second_gelem_s=0.769202 first_wall_us=70.2110 second_wall_us=82.4010 second_minus_first_us=2.9600
SAME_BINARY_SAMPLE binary=CANDIDATE_V048 case=fp16-128x128 pair=13 order=A,B first_device_us=7.0000 second_device_us=14.9200 first_gelem_s=2.340571 second_gelem_s=1.098123 first_wall_us=70.0510 second_wall_us=69.7010 second_minus_first_us=7.9200
SAME_BINARY_SAMPLE binary=CANDIDATE_V048 case=fp16-128x128 pair=14 order=B,A first_device_us=22.4000 second_device_us=20.1000 first_gelem_s=0.731429 second_gelem_s=0.815124 first_wall_us=84.0110 second_wall_us=71.6710 second_minus_first_us=-2.3000
SAME_BINARY_SAMPLE binary=CANDIDATE_V048 case=fp16-128x128 pair=15 order=A,B first_device_us=18.1600 second_device_us=19.5000 first_gelem_s=0.902203 second_gelem_s=0.840205 first_wall_us=73.5310 second_wall_us=71.4310 second_minus_first_us=1.3400
SAME_BINARY_SAMPLE binary=CANDIDATE_V048 case=fp16-128x128 pair=16 order=B,A first_device_us=6.5200 second_device_us=18.5000 first_gelem_s=2.512884 second_gelem_s=0.885622 first_wall_us=68.5110 second_wall_us=84.4710 second_minus_first_us=11.9800
SAME_BINARY_SAMPLE binary=CANDIDATE_V048 case=fp16-128x128 pair=17 order=A,B first_device_us=6.8400 second_device_us=6.6000 first_gelem_s=2.395322 second_gelem_s=2.482424 first_wall_us=70.5810 second_wall_us=71.8810 second_minus_first_us=-0.2400
SAME_BINARY_SAMPLE binary=CANDIDATE_V048 case=fp16-128x128 pair=18 order=B,A first_device_us=24.0000 second_device_us=23.5400 first_gelem_s=0.682667 second_gelem_s=0.696007 first_wall_us=82.8910 second_wall_us=78.0810 second_minus_first_us=-0.4600
SAME_BINARY_SAMPLE binary=CANDIDATE_V048 case=fp16-128x128 pair=19 order=A,B first_device_us=18.8200 second_device_us=6.4200 first_gelem_s=0.870563 second_gelem_s=2.552025 first_wall_us=71.2310 second_wall_us=73.4210 second_minus_first_us=-12.4000
SAME_BINARY_SAMPLE binary=CANDIDATE_V048 case=fp16-128x128 pair=20 order=B,A first_device_us=20.4200 second_device_us=19.2400 first_gelem_s=0.802351 second_gelem_s=0.851559 first_wall_us=76.0410 second_wall_us=66.8010 second_minus_first_us=-1.1800
SAME_BINARY_SAMPLE binary=CANDIDATE_V048 case=fp16-128x128 pair=21 order=A,B first_device_us=18.9200 second_device_us=6.5000 first_gelem_s=0.865962 second_gelem_s=2.520615 first_wall_us=76.9410 second_wall_us=68.1300 second_minus_first_us=-12.4200
SAME_BINARY_SAMPLE binary=CANDIDATE_V048 case=fp16-128x128 pair=22 order=B,A first_device_us=6.5800 second_device_us=6.3200 first_gelem_s=2.489970 second_gelem_s=2.592405 first_wall_us=77.4810 second_wall_us=68.8100 second_minus_first_us=-0.2600
SAME_BINARY_SAMPLE binary=CANDIDATE_V048 case=fp16-128x128 pair=23 order=A,B first_device_us=6.4600 second_device_us=17.4600 first_gelem_s=2.536223 second_gelem_s=0.938373 first_wall_us=67.1500 second_wall_us=66.5510 second_minus_first_us=11.0000
SAME_BINARY_SAMPLE binary=CANDIDATE_V048 case=fp16-128x128 pair=24 order=B,A first_device_us=19.9200 second_device_us=19.0800 first_gelem_s=0.822490 second_gelem_s=0.858700 first_wall_us=74.3210 second_wall_us=69.0210 second_minus_first_us=-0.8400
SAME_BINARY_SAMPLE binary=CANDIDATE_V048 case=fp16-128x128 pair=25 order=A,B first_device_us=18.6200 second_device_us=6.2200 first_gelem_s=0.879914 second_gelem_s=2.634084 first_wall_us=76.2310 second_wall_us=71.5210 second_minus_first_us=-12.4000
SAME_BINARY_SAMPLE binary=CANDIDATE_V048 case=fp16-128x128 pair=26 order=B,A first_device_us=6.1000 second_device_us=6.2600 first_gelem_s=2.685902 second_gelem_s=2.617252 first_wall_us=73.7010 second_wall_us=70.1310 second_minus_first_us=0.1600
SAME_BINARY_SAMPLE binary=CANDIDATE_V048 case=fp16-128x128 pair=27 order=A,B first_device_us=6.5600 second_device_us=17.1400 first_gelem_s=2.497561 second_gelem_s=0.955893 first_wall_us=68.0310 second_wall_us=66.9210 second_minus_first_us=10.5800
SAME_BINARY_SAMPLE binary=CANDIDATE_V048 case=fp16-128x128 pair=28 order=B,A first_device_us=17.6600 second_device_us=24.0200 first_gelem_s=0.927746 second_gelem_s=0.682098 first_wall_us=75.8610 second_wall_us=66.0810 second_minus_first_us=6.3600
SAME_BINARY_SAMPLE binary=CANDIDATE_V048 case=fp16-128x128 pair=29 order=A,B first_device_us=6.3800 second_device_us=6.3800 first_gelem_s=2.568025 second_gelem_s=2.568025 first_wall_us=73.1210 second_wall_us=68.6010 second_minus_first_us=0.0000
SAME_BINARY_SAMPLE binary=CANDIDATE_V048 case=fp16-128x128 pair=30 order=B,A first_device_us=24.0800 second_device_us=6.3600 first_gelem_s=0.680399 second_gelem_s=2.576101 first_wall_us=78.0910 second_wall_us=67.0010 second_minus_first_us=-17.7200
SAME_BINARY_SAMPLE binary=CANDIDATE_V048 case=fp16-128x128 pair=31 order=A,B first_device_us=25.1000 second_device_us=6.4000 first_gelem_s=0.652749 second_gelem_s=2.560000 first_wall_us=78.2010 second_wall_us=66.6510 second_minus_first_us=-18.7000
LOCAL_STATS case=CANDIDATE_V048 metric=device_us binary=same_binary_first n=31 median=18.3400 mean=15.1194 stdev=7.7654 cv=0.51360 min=5.8400 max=25.6600 mad=6.7600 p10=6.3600 p90=24.4800
LOCAL_STATS case=CANDIDATE_V048 metric=device_us binary=same_binary_second n=31 median=6.6000 mean=12.5600 stdev=7.1438 cv=0.56877 min=6.1600 max=24.9200 mad=0.3800 p10=6.2800 p90=21.3000
LOCAL_STATS case=CANDIDATE_V048 metric=paired_delta_us binary=same_binary_second_minus_first n=31 median=-0.2600 mean=-2.5594 stdev=9.5479 cv=-3.73058 min=-19.1200 max=14.5400 mad=3.2200 p10=-17.7200 p90=10.5800
LOCAL_STATS case=CANDIDATE_V048 metric=gelem_s binary=same_binary_first n=31 median=0.8933 mean=1.5169 stdev=0.8892 cv=0.58619 min=0.6385 max=2.8055 mad=0.2406 p10=0.6693 p90=2.5761
LOCAL_STATS case=CANDIDATE_V048 metric=gelem_s binary=same_binary_second n=31 median=2.4824 mean=1.7815 stdev=0.8800 cv=0.49398 min=0.6575 max=2.6597 mad=0.1517 p10=0.7692 p90=2.6089
LOCAL_STATS case=CANDIDATE_V048 metric=wall_us binary=same_binary_first n=31 median=73.7010 mean=77.7426 stdev=20.1619 cv=0.25934 min=67.1500 max=183.4620 mad=3.4900 p10=68.5810 p90=82.8910
LOCAL_STATS case=CANDIDATE_V048 metric=wall_us binary=same_binary_second n=31 median=70.8410 mean=72.3916 stdev=5.9423 cv=0.08209 min=66.0810 max=88.1210 mad=2.7400 p10=66.8010 p90=82.4010
SAME_BINARY_QUALIFICATION binary=CANDIDATE_V048 case=fp16-128x128 samples=31 first_mad_over_median=0.368593 second_mad_over_median=0.057576 median_drift_fraction=0.941460
SAME_BINARY_SUMMARY binary=CANDIDATE_V048 device=3 shape=128x128 dtype=fp16 samples=31

QUALIFICATION_BLOCK=CANDIDATE_2
SAME_BINARY_SAMPLE binary=CANDIDATE_V048 case=fp16-128x128 pair=01 order=A,B first_device_us=21.5200 second_device_us=24.6200 first_gelem_s=0.761338 second_gelem_s=0.665475 first_wall_us=160.8720 second_wall_us=82.6910 second_minus_first_us=3.1000
SAME_BINARY_SAMPLE binary=CANDIDATE_V048 case=fp16-128x128 pair=02 order=B,A first_device_us=18.2200 second_device_us=16.0800 first_gelem_s=0.899232 second_gelem_s=1.018906 first_wall_us=69.2810 second_wall_us=64.8310 second_minus_first_us=-2.1400
SAME_BINARY_SAMPLE binary=CANDIDATE_V048 case=fp16-128x128 pair=03 order=A,B first_device_us=6.6400 second_device_us=17.7800 first_gelem_s=2.467470 second_gelem_s=0.921485 first_wall_us=86.5610 second_wall_us=62.1010 second_minus_first_us=11.1400
SAME_BINARY_SAMPLE binary=CANDIDATE_V048 case=fp16-128x128 pair=04 order=B,A first_device_us=18.5200 second_device_us=6.4000 first_gelem_s=0.884665 second_gelem_s=2.560000 first_wall_us=62.4510 second_wall_us=63.3110 second_minus_first_us=-12.1200
SAME_BINARY_SAMPLE binary=CANDIDATE_V048 case=fp16-128x128 pair=05 order=A,B first_device_us=19.4400 second_device_us=6.7800 first_gelem_s=0.842798 second_gelem_s=2.416519 first_wall_us=62.3310 second_wall_us=63.5810 second_minus_first_us=-12.6600
SAME_BINARY_SAMPLE binary=CANDIDATE_V048 case=fp16-128x128 pair=06 order=B,A first_device_us=6.6600 second_device_us=21.0200 first_gelem_s=2.460060 second_gelem_s=0.779448 first_wall_us=66.0310 second_wall_us=62.1600 second_minus_first_us=14.3600
SAME_BINARY_SAMPLE binary=CANDIDATE_V048 case=fp16-128x128 pair=07 order=A,B first_device_us=6.4600 second_device_us=6.5200 first_gelem_s=2.536223 second_gelem_s=2.512884 first_wall_us=63.9000 second_wall_us=63.7310 second_minus_first_us=0.0600
SAME_BINARY_SAMPLE binary=CANDIDATE_V048 case=fp16-128x128 pair=08 order=B,A first_device_us=19.1000 second_device_us=20.9800 first_gelem_s=0.857801 second_gelem_s=0.780934 first_wall_us=61.7010 second_wall_us=73.0910 second_minus_first_us=1.8800
SAME_BINARY_SAMPLE binary=CANDIDATE_V048 case=fp16-128x128 pair=09 order=A,B first_device_us=19.6000 second_device_us=18.4800 first_gelem_s=0.835918 second_gelem_s=0.886580 first_wall_us=64.6410 second_wall_us=62.1310 second_minus_first_us=-1.1200
SAME_BINARY_SAMPLE binary=CANDIDATE_V048 case=fp16-128x128 pair=10 order=B,A first_device_us=17.8000 second_device_us=14.3800 first_gelem_s=0.920449 second_gelem_s=1.139360 first_wall_us=72.0810 second_wall_us=61.4400 second_minus_first_us=-3.4200
SAME_BINARY_SAMPLE binary=CANDIDATE_V048 case=fp16-128x128 pair=11 order=A,B first_device_us=18.1200 second_device_us=7.1000 first_gelem_s=0.904194 second_gelem_s=2.307606 first_wall_us=63.0300 second_wall_us=67.9210 second_minus_first_us=-11.0200
SAME_BINARY_SAMPLE binary=CANDIDATE_V048 case=fp16-128x128 pair=12 order=B,A first_device_us=6.4600 second_device_us=18.5800 first_gelem_s=2.536223 second_gelem_s=0.881808 first_wall_us=62.5510 second_wall_us=62.9710 second_minus_first_us=12.1200
SAME_BINARY_SAMPLE binary=CANDIDATE_V048 case=fp16-128x128 pair=13 order=A,B first_device_us=6.6400 second_device_us=19.6600 first_gelem_s=2.467470 second_gelem_s=0.833367 first_wall_us=63.8510 second_wall_us=60.9210 second_minus_first_us=13.0200
SAME_BINARY_SAMPLE binary=CANDIDATE_V048 case=fp16-128x128 pair=14 order=B,A first_device_us=5.9400 second_device_us=19.0000 first_gelem_s=2.758249 second_gelem_s=0.862316 first_wall_us=63.7310 second_wall_us=61.8500 second_minus_first_us=13.0600
SAME_BINARY_SAMPLE binary=CANDIDATE_V048 case=fp16-128x128 pair=15 order=A,B first_device_us=20.0800 second_device_us=24.3200 first_gelem_s=0.815936 second_gelem_s=0.673684 first_wall_us=61.4310 second_wall_us=71.1210 second_minus_first_us=4.2400
SAME_BINARY_SAMPLE binary=CANDIDATE_V048 case=fp16-128x128 pair=16 order=B,A first_device_us=23.9200 second_device_us=18.5000 first_gelem_s=0.684950 second_gelem_s=0.885622 first_wall_us=73.9110 second_wall_us=62.8210 second_minus_first_us=-5.4200
SAME_BINARY_SAMPLE binary=CANDIDATE_V048 case=fp16-128x128 pair=17 order=A,B first_device_us=7.0600 second_device_us=15.1600 first_gelem_s=2.320680 second_gelem_s=1.080739 first_wall_us=95.8610 second_wall_us=64.5910 second_minus_first_us=8.1000
SAME_BINARY_SAMPLE binary=CANDIDATE_V048 case=fp16-128x128 pair=18 order=B,A first_device_us=19.2400 second_device_us=20.6400 first_gelem_s=0.851559 second_gelem_s=0.793798 first_wall_us=64.3610 second_wall_us=61.4210 second_minus_first_us=1.4000
SAME_BINARY_SAMPLE binary=CANDIDATE_V048 case=fp16-128x128 pair=19 order=A,B first_device_us=17.5600 second_device_us=17.9000 first_gelem_s=0.933030 second_gelem_s=0.915307 first_wall_us=71.8510 second_wall_us=70.7410 second_minus_first_us=0.3400
SAME_BINARY_SAMPLE binary=CANDIDATE_V048 case=fp16-128x128 pair=20 order=B,A first_device_us=18.6000 second_device_us=18.4800 first_gelem_s=0.880860 second_gelem_s=0.886580 first_wall_us=62.3310 second_wall_us=70.9010 second_minus_first_us=-0.1200
SAME_BINARY_SAMPLE binary=CANDIDATE_V048 case=fp16-128x128 pair=21 order=A,B first_device_us=17.0200 second_device_us=6.5000 first_gelem_s=0.962632 second_gelem_s=2.520615 first_wall_us=61.8100 second_wall_us=64.0100 second_minus_first_us=-10.5200
SAME_BINARY_SAMPLE binary=CANDIDATE_V048 case=fp16-128x128 pair=22 order=B,A first_device_us=6.4600 second_device_us=7.2400 first_gelem_s=2.536223 second_gelem_s=2.262983 first_wall_us=63.6210 second_wall_us=65.2810 second_minus_first_us=0.7800
SAME_BINARY_SAMPLE binary=CANDIDATE_V048 case=fp16-128x128 pair=23 order=A,B first_device_us=18.2600 second_device_us=14.9600 first_gelem_s=0.897262 second_gelem_s=1.095187 first_wall_us=65.5810 second_wall_us=63.2510 second_minus_first_us=-3.3000
SAME_BINARY_SAMPLE binary=CANDIDATE_V048 case=fp16-128x128 pair=24 order=B,A first_device_us=6.5600 second_device_us=7.1800 first_gelem_s=2.497561 second_gelem_s=2.281894 first_wall_us=65.0510 second_wall_us=64.6710 second_minus_first_us=0.6200
SAME_BINARY_SAMPLE binary=CANDIDATE_V048 case=fp16-128x128 pair=25 order=A,B first_device_us=6.3800 second_device_us=18.1200 first_gelem_s=2.568025 second_gelem_s=0.904194 first_wall_us=66.1400 second_wall_us=72.0000 second_minus_first_us=11.7400
SAME_BINARY_SAMPLE binary=CANDIDATE_V048 case=fp16-128x128 pair=26 order=B,A first_device_us=15.8800 second_device_us=7.0200 first_gelem_s=1.031738 second_gelem_s=2.333903 first_wall_us=61.7700 second_wall_us=66.1910 second_minus_first_us=-8.8600
SAME_BINARY_SAMPLE binary=CANDIDATE_V048 case=fp16-128x128 pair=27 order=A,B first_device_us=6.5400 second_device_us=18.3000 first_gelem_s=2.505199 second_gelem_s=0.895301 first_wall_us=62.8710 second_wall_us=70.9610 second_minus_first_us=11.7600
SAME_BINARY_SAMPLE binary=CANDIDATE_V048 case=fp16-128x128 pair=28 order=B,A first_device_us=6.6200 second_device_us=7.3000 first_gelem_s=2.474924 second_gelem_s=2.244384 first_wall_us=63.2610 second_wall_us=63.4710 second_minus_first_us=0.6800
SAME_BINARY_SAMPLE binary=CANDIDATE_V048 case=fp16-128x128 pair=29 order=A,B first_device_us=6.2400 second_device_us=6.6200 first_gelem_s=2.625641 second_gelem_s=2.474924 first_wall_us=63.3310 second_wall_us=62.8400 second_minus_first_us=0.3800
SAME_BINARY_SAMPLE binary=CANDIDATE_V048 case=fp16-128x128 pair=30 order=B,A first_device_us=6.8800 second_device_us=24.2200 first_gelem_s=2.381395 second_gelem_s=0.676466 first_wall_us=74.4300 second_wall_us=61.6810 second_minus_first_us=17.3400
SAME_BINARY_SAMPLE binary=CANDIDATE_V048 case=fp16-128x128 pair=31 order=A,B first_device_us=19.5000 second_device_us=5.9000 first_gelem_s=0.840205 second_gelem_s=2.776949 first_wall_us=62.6310 second_wall_us=64.9510 second_minus_first_us=-13.6000
LOCAL_STATS case=CANDIDATE_V048 metric=device_us binary=same_binary_first n=31 median=17.0200 mean=13.3523 stdev=6.4245 cv=0.48115 min=5.9400 max=23.9200 mad=4.5000 p10=6.4600 p90=19.6000
LOCAL_STATS case=CANDIDATE_V048 metric=device_us binary=same_binary_second n=31 median=17.7800 mean=14.7013 stdev=6.4194 cv=0.43666 min=5.9000 max=24.6200 mad=3.2400 p10=6.5200 p90=21.0200
LOCAL_STATS case=CANDIDATE_V048 metric=paired_delta_us binary=same_binary_second_minus_first n=31 median=0.6200 mean=1.3490 stdev=8.7534 cv=6.48861 min=-13.6000 max=17.3400 mad=6.0400 p10=-11.0200 p90=13.0200
LOCAL_STATS case=CANDIDATE_V048 metric=gelem_s binary=same_binary_first n=31 median=0.9626 mean=1.6110 stdev=0.8338 cv=0.51757 min=0.6849 max=2.7582 mad=0.2013 p10=0.8359 p90=2.5362
LOCAL_STATS case=CANDIDATE_V048 metric=gelem_s binary=same_binary_second n=31 median=0.9215 mean=1.4280 stdev=0.7660 cv=0.53637 min=0.6655 max=2.7769 mad=0.1737 p10=0.7794 p90=2.5129
LOCAL_STATS case=CANDIDATE_V048 metric=wall_us binary=same_binary_first n=31 median=63.8510 mean=69.7825 stdev=18.5144 cv=0.26532 min=61.4310 max=160.8720 mad=1.5200 p10=61.8100 p90=74.4300
LOCAL_STATS case=CANDIDATE_V048 metric=wall_us binary=same_binary_second n=31 median=63.7310 mean=65.6011 stdev=4.7662 cv=0.07265 min=60.9210 max=82.6910 mad=1.6000 p10=61.6810 p90=71.1210
SAME_BINARY_QUALIFICATION binary=CANDIDATE_V048 case=fp16-128x128 samples=31 first_mad_over_median=0.264395 second_mad_over_median=0.182227 median_drift_fraction=0.043678
SAME_BINARY_SUMMARY binary=CANDIDATE_V048 device=3 shape=128x128 dtype=fp16 samples=31

QUALIFICATION_END=2026-10-07T23:42:24Z
+------------------------------------------------------------------------------------------------+
| npu-smi 25.0.rc1.1               Version: 25.0.rc1.1                                           |
+---------------------------+---------------+----------------------------------------------------+
| NPU   Name                | Health        | Power(W)    Temp(C)           Hugepages-Usage(page)|
| Chip                      | Bus-Id        | AICore(%)   Memory-Usage(MB)  HBM-Usage(MB)        |
+===========================+===============+====================================================+
| 0     910B3               | OK            | 92.0        28                0    / 0             |
| 0                         | 0000:C1:00.0  | 0           0    / 0          3432 / 65536         |
+===========================+===============+====================================================+
| 1     910B3               | OK            | 95.8        29                0    / 0             |
| 0                         | 0000:C2:00.0  | 0           0    / 0          9174 / 65536         |
+===========================+===============+====================================================+
| 2     910B3               | OK            | 120.5       34                0    / 0             |
| 0                         | 0000:81:00.0  | 12          0    / 0          9116 / 65536         |
+===========================+===============+====================================================+
| 3     910B3               | OK            | 90.8        29                0    / 0             |
| 0                         | 0000:82:00.0  | 0           0    / 0          3428 / 65536         |
+===========================+===============+====================================================+
| 4     910B3               | OK            | 200.2       54                0    / 0             |
| 0                         | 0000:01:00.0  | 61          0    / 0          59256/ 65536         |
+===========================+===============+====================================================+
| 5     910B3               | OK            | 166.5       48                0    / 0             |
| 0                         | 0000:02:00.0  | 43          0    / 0          60221/ 65536         |
+===========================+===============+====================================================+
| 6     910B3               | OK            | 170.2       47                0    / 0             |
| 0                         | 0000:41:00.0  | 43          0    / 0          60221/ 65536         |
+===========================+===============+====================================================+
| 7     910B3               | OK            | 104.4       36                0    / 0             |
| 0                         | 0000:42:00.0  | 0           0    / 0          24790/ 65536         |
+===========================+===============+====================================================+
+---------------------------+---------------+----------------------------------------------------+
| NPU     Chip              | Process id    | Process name             | Process memory(MB)      |
+===========================+===============+====================================================+
| No running processes found in NPU 0                                                            |
+===========================+===============+====================================================+
| 1       0                 | 3150467       | python                   | 5746                    |
+===========================+===============+====================================================+
| 2       0                 | 2840325       | python                   | 5748                    |
+===========================+===============+====================================================+
| No running processes found in NPU 3                                                            |
+===========================+===============+====================================================+
| 4       0                 | 3233312       | clx_ref_candida          | 113                     |
| 4       0                 | 2999855       | VLLMEngineCor            | 55666                   |
+===========================+===============+====================================================+
| 5       0                 | 89602         | VLLMWorker_TP            | 56700                   |
+===========================+===============+====================================================+
| 6       0                 | 91228         | VLLMWorker_TP            | 56701                   |
+===========================+===============+====================================================+
| 7       0                 | 439848        | python3                  | 21260                   |
+===========================+===============+====================================================+
