V038_LOCAL_START_UTC=2026-10-07T16:41:05,860866649+00:00
HOST=hwnput3
DEVICE=4
PARENT=R31B-V011
DTYPE=FP32
SHAPES=128x3064,128x3072,128x3080
PAIRS_PER_SHAPE=6
WARMUP=45
SAMPLES_PER_BLOCK=31
BLOCKS=2
BATCH_N=64
GAP_SEC=0
RUN_BEGIN_UTC=2026-10-07T16:41:07,203444294+00:00
RUN_BEGIN shape=128x3064 pair=1 order=parent candidate side=parent binary=本地实验/R-W4-4/V038/partial-ranking/stage/build-v038/clx_ref_parent_probe
RUN_END rc=0 shape=128x3064 pair=1 side=parent raw=本地实验/R-W4-4/V038/partial-ranking/local-pair01-parent-r128-w3064-fp32-raw.tsv stats=本地实验/R-W4-4/V038/partial-ranking/local-pair01-parent-r128-w3064-fp32-stats.txt stdout=本地实验/R-W4-4/V038/partial-ranking/local-pair01-parent-r128-w3064-fp32-stdout.log stderr=本地实验/R-W4-4/V038/partial-ranking/local-pair01-parent-r128-w3064-fp32-stderr.log
RUN_BEGIN_UTC=2026-10-07T16:41:14,357290867+00:00
RUN_BEGIN shape=128x3064 pair=1 order=parent candidate side=candidate binary=本地实验/R-W4-4/V038/partial-ranking/stage/build-v038/clx_ref_candidate_probe
RUN_END rc=0 shape=128x3064 pair=1 side=candidate raw=本地实验/R-W4-4/V038/partial-ranking/local-pair01-candidate-r128-w3064-fp32-raw.tsv stats=本地实验/R-W4-4/V038/partial-ranking/local-pair01-candidate-r128-w3064-fp32-stats.txt stdout=本地实验/R-W4-4/V038/partial-ranking/local-pair01-candidate-r128-w3064-fp32-stdout.log stderr=本地实验/R-W4-4/V038/partial-ranking/local-pair01-candidate-r128-w3064-fp32-stderr.log
RUN_BEGIN_UTC=2026-10-07T16:41:21,105536294+00:00
RUN_BEGIN shape=128x3064 pair=2 order=candidate parent side=candidate binary=本地实验/R-W4-4/V038/partial-ranking/stage/build-v038/clx_ref_candidate_probe
RUN_END rc=0 shape=128x3064 pair=2 side=candidate raw=本地实验/R-W4-4/V038/partial-ranking/local-pair02-candidate-r128-w3064-fp32-raw.tsv stats=本地实验/R-W4-4/V038/partial-ranking/local-pair02-candidate-r128-w3064-fp32-stats.txt stdout=本地实验/R-W4-4/V038/partial-ranking/local-pair02-candidate-r128-w3064-fp32-stdout.log stderr=本地实验/R-W4-4/V038/partial-ranking/local-pair02-candidate-r128-w3064-fp32-stderr.log
RUN_BEGIN_UTC=2026-10-07T16:41:29,238960744+00:00
RUN_BEGIN shape=128x3064 pair=2 order=candidate parent side=parent binary=本地实验/R-W4-4/V038/partial-ranking/stage/build-v038/clx_ref_parent_probe
RUN_END rc=0 shape=128x3064 pair=2 side=parent raw=本地实验/R-W4-4/V038/partial-ranking/local-pair02-parent-r128-w3064-fp32-raw.tsv stats=本地实验/R-W4-4/V038/partial-ranking/local-pair02-parent-r128-w3064-fp32-stats.txt stdout=本地实验/R-W4-4/V038/partial-ranking/local-pair02-parent-r128-w3064-fp32-stdout.log stderr=本地实验/R-W4-4/V038/partial-ranking/local-pair02-parent-r128-w3064-fp32-stderr.log
RUN_BEGIN_UTC=2026-10-07T16:41:36,185083454+00:00
RUN_BEGIN shape=128x3064 pair=3 order=parent candidate side=parent binary=本地实验/R-W4-4/V038/partial-ranking/stage/build-v038/clx_ref_parent_probe
RUN_END rc=0 shape=128x3064 pair=3 side=parent raw=本地实验/R-W4-4/V038/partial-ranking/local-pair03-parent-r128-w3064-fp32-raw.tsv stats=本地实验/R-W4-4/V038/partial-ranking/local-pair03-parent-r128-w3064-fp32-stats.txt stdout=本地实验/R-W4-4/V038/partial-ranking/local-pair03-parent-r128-w3064-fp32-stdout.log stderr=本地实验/R-W4-4/V038/partial-ranking/local-pair03-parent-r128-w3064-fp32-stderr.log
RUN_BEGIN_UTC=2026-10-07T16:41:43,488258360+00:00
RUN_BEGIN shape=128x3064 pair=3 order=parent candidate side=candidate binary=本地实验/R-W4-4/V038/partial-ranking/stage/build-v038/clx_ref_candidate_probe
RUN_END rc=0 shape=128x3064 pair=3 side=candidate raw=本地实验/R-W4-4/V038/partial-ranking/local-pair03-candidate-r128-w3064-fp32-raw.tsv stats=本地实验/R-W4-4/V038/partial-ranking/local-pair03-candidate-r128-w3064-fp32-stats.txt stdout=本地实验/R-W4-4/V038/partial-ranking/local-pair03-candidate-r128-w3064-fp32-stdout.log stderr=本地实验/R-W4-4/V038/partial-ranking/local-pair03-candidate-r128-w3064-fp32-stderr.log
RUN_BEGIN_UTC=2026-10-07T16:41:50,222285661+00:00
RUN_BEGIN shape=128x3064 pair=4 order=candidate parent side=candidate binary=本地实验/R-W4-4/V038/partial-ranking/stage/build-v038/clx_ref_candidate_probe
RUN_END rc=0 shape=128x3064 pair=4 side=candidate raw=本地实验/R-W4-4/V038/partial-ranking/local-pair04-candidate-r128-w3064-fp32-raw.tsv stats=本地实验/R-W4-4/V038/partial-ranking/local-pair04-candidate-r128-w3064-fp32-stats.txt stdout=本地实验/R-W4-4/V038/partial-ranking/local-pair04-candidate-r128-w3064-fp32-stdout.log stderr=本地实验/R-W4-4/V038/partial-ranking/local-pair04-candidate-r128-w3064-fp32-stderr.log
RUN_BEGIN_UTC=2026-10-07T16:41:56,972852779+00:00
RUN_BEGIN shape=128x3064 pair=4 order=candidate parent side=parent binary=本地实验/R-W4-4/V038/partial-ranking/stage/build-v038/clx_ref_parent_probe
RUN_END rc=0 shape=128x3064 pair=4 side=parent raw=本地实验/R-W4-4/V038/partial-ranking/local-pair04-parent-r128-w3064-fp32-raw.tsv stats=本地实验/R-W4-4/V038/partial-ranking/local-pair04-parent-r128-w3064-fp32-stats.txt stdout=本地实验/R-W4-4/V038/partial-ranking/local-pair04-parent-r128-w3064-fp32-stdout.log stderr=本地实验/R-W4-4/V038/partial-ranking/local-pair04-parent-r128-w3064-fp32-stderr.log
RUN_BEGIN_UTC=2026-10-07T16:42:04,698373492+00:00
RUN_BEGIN shape=128x3064 pair=5 order=parent candidate side=parent binary=本地实验/R-W4-4/V038/partial-ranking/stage/build-v038/clx_ref_parent_probe
RUN_END rc=0 shape=128x3064 pair=5 side=parent raw=本地实验/R-W4-4/V038/partial-ranking/local-pair05-parent-r128-w3064-fp32-raw.tsv stats=本地实验/R-W4-4/V038/partial-ranking/local-pair05-parent-r128-w3064-fp32-stats.txt stdout=本地实验/R-W4-4/V038/partial-ranking/local-pair05-parent-r128-w3064-fp32-stdout.log stderr=本地实验/R-W4-4/V038/partial-ranking/local-pair05-parent-r128-w3064-fp32-stderr.log
RUN_BEGIN_UTC=2026-10-07T16:42:11,040016111+00:00
RUN_BEGIN shape=128x3064 pair=5 order=parent candidate side=candidate binary=本地实验/R-W4-4/V038/partial-ranking/stage/build-v038/clx_ref_candidate_probe
RUN_END rc=0 shape=128x3064 pair=5 side=candidate raw=本地实验/R-W4-4/V038/partial-ranking/local-pair05-candidate-r128-w3064-fp32-raw.tsv stats=本地实验/R-W4-4/V038/partial-ranking/local-pair05-candidate-r128-w3064-fp32-stats.txt stdout=本地实验/R-W4-4/V038/partial-ranking/local-pair05-candidate-r128-w3064-fp32-stdout.log stderr=本地实验/R-W4-4/V038/partial-ranking/local-pair05-candidate-r128-w3064-fp32-stderr.log
RUN_BEGIN_UTC=2026-10-07T16:42:18,780029663+00:00
RUN_BEGIN shape=128x3064 pair=6 order=candidate parent side=candidate binary=本地实验/R-W4-4/V038/partial-ranking/stage/build-v038/clx_ref_candidate_probe
RUN_END rc=0 shape=128x3064 pair=6 side=candidate raw=本地实验/R-W4-4/V038/partial-ranking/local-pair06-candidate-r128-w3064-fp32-raw.tsv stats=本地实验/R-W4-4/V038/partial-ranking/local-pair06-candidate-r128-w3064-fp32-stats.txt stdout=本地实验/R-W4-4/V038/partial-ranking/local-pair06-candidate-r128-w3064-fp32-stdout.log stderr=本地实验/R-W4-4/V038/partial-ranking/local-pair06-candidate-r128-w3064-fp32-stderr.log
RUN_BEGIN_UTC=2026-10-07T16:42:25,528277384+00:00
RUN_BEGIN shape=128x3064 pair=6 order=candidate parent side=parent binary=本地实验/R-W4-4/V038/partial-ranking/stage/build-v038/clx_ref_parent_probe
RUN_END rc=0 shape=128x3064 pair=6 side=parent raw=本地实验/R-W4-4/V038/partial-ranking/local-pair06-parent-r128-w3064-fp32-raw.tsv stats=本地实验/R-W4-4/V038/partial-ranking/local-pair06-parent-r128-w3064-fp32-stats.txt stdout=本地实验/R-W4-4/V038/partial-ranking/local-pair06-parent-r128-w3064-fp32-stdout.log stderr=本地实验/R-W4-4/V038/partial-ranking/local-pair06-parent-r128-w3064-fp32-stderr.log
RUN_BEGIN_UTC=2026-10-07T16:42:32,097283357+00:00
RUN_BEGIN shape=128x3072 pair=1 order=parent candidate side=parent binary=本地实验/R-W4-4/V038/partial-ranking/stage/build-v038/clx_ref_parent_probe
RUN_END rc=0 shape=128x3072 pair=1 side=parent raw=本地实验/R-W4-4/V038/partial-ranking/local-pair01-parent-r128-w3072-fp32-raw.tsv stats=本地实验/R-W4-4/V038/partial-ranking/local-pair01-parent-r128-w3072-fp32-stats.txt stdout=本地实验/R-W4-4/V038/partial-ranking/local-pair01-parent-r128-w3072-fp32-stdout.log stderr=本地实验/R-W4-4/V038/partial-ranking/local-pair01-parent-r128-w3072-fp32-stderr.log
RUN_BEGIN_UTC=2026-10-07T16:42:40,124911625+00:00
RUN_BEGIN shape=128x3072 pair=1 order=parent candidate side=candidate binary=本地实验/R-W4-4/V038/partial-ranking/stage/build-v038/clx_ref_candidate_probe
RUN_END rc=0 shape=128x3072 pair=1 side=candidate raw=本地实验/R-W4-4/V038/partial-ranking/local-pair01-candidate-r128-w3072-fp32-raw.tsv stats=本地实验/R-W4-4/V038/partial-ranking/local-pair01-candidate-r128-w3072-fp32-stats.txt stdout=本地实验/R-W4-4/V038/partial-ranking/local-pair01-candidate-r128-w3072-fp32-stdout.log stderr=本地实验/R-W4-4/V038/partial-ranking/local-pair01-candidate-r128-w3072-fp32-stderr.log
RUN_BEGIN_UTC=2026-10-07T16:42:47,437134101+00:00
RUN_BEGIN shape=128x3072 pair=2 order=candidate parent side=candidate binary=本地实验/R-W4-4/V038/partial-ranking/stage/build-v038/clx_ref_candidate_probe
RUN_END rc=0 shape=128x3072 pair=2 side=candidate raw=本地实验/R-W4-4/V038/partial-ranking/local-pair02-candidate-r128-w3072-fp32-raw.tsv stats=本地实验/R-W4-4/V038/partial-ranking/local-pair02-candidate-r128-w3072-fp32-stats.txt stdout=本地实验/R-W4-4/V038/partial-ranking/local-pair02-candidate-r128-w3072-fp32-stdout.log stderr=本地实验/R-W4-4/V038/partial-ranking/local-pair02-candidate-r128-w3072-fp32-stderr.log
RUN_BEGIN_UTC=2026-10-07T16:42:54,195355830+00:00
RUN_BEGIN shape=128x3072 pair=2 order=candidate parent side=parent binary=本地实验/R-W4-4/V038/partial-ranking/stage/build-v038/clx_ref_parent_probe
RUN_END rc=0 shape=128x3072 pair=2 side=parent raw=本地实验/R-W4-4/V038/partial-ranking/local-pair02-parent-r128-w3072-fp32-raw.tsv stats=本地实验/R-W4-4/V038/partial-ranking/local-pair02-parent-r128-w3072-fp32-stats.txt stdout=本地实验/R-W4-4/V038/partial-ranking/local-pair02-parent-r128-w3072-fp32-stdout.log stderr=本地实验/R-W4-4/V038/partial-ranking/local-pair02-parent-r128-w3072-fp32-stderr.log
RUN_BEGIN_UTC=2026-10-07T16:43:00,983580837+00:00
RUN_BEGIN shape=128x3072 pair=3 order=parent candidate side=parent binary=本地实验/R-W4-4/V038/partial-ranking/stage/build-v038/clx_ref_parent_probe
RUN_END rc=0 shape=128x3072 pair=3 side=parent raw=本地实验/R-W4-4/V038/partial-ranking/local-pair03-parent-r128-w3072-fp32-raw.tsv stats=本地实验/R-W4-4/V038/partial-ranking/local-pair03-parent-r128-w3072-fp32-stats.txt stdout=本地实验/R-W4-4/V038/partial-ranking/local-pair03-parent-r128-w3072-fp32-stdout.log stderr=本地实验/R-W4-4/V038/partial-ranking/local-pair03-parent-r128-w3072-fp32-stderr.log
RUN_BEGIN_UTC=2026-10-07T16:43:08,919532603+00:00
RUN_BEGIN shape=128x3072 pair=3 order=parent candidate side=candidate binary=本地实验/R-W4-4/V038/partial-ranking/stage/build-v038/clx_ref_candidate_probe
RUN_END rc=0 shape=128x3072 pair=3 side=candidate raw=本地实验/R-W4-4/V038/partial-ranking/local-pair03-candidate-r128-w3072-fp32-raw.tsv stats=本地实验/R-W4-4/V038/partial-ranking/local-pair03-candidate-r128-w3072-fp32-stats.txt stdout=本地实验/R-W4-4/V038/partial-ranking/local-pair03-candidate-r128-w3072-fp32-stdout.log stderr=本地实验/R-W4-4/V038/partial-ranking/local-pair03-candidate-r128-w3072-fp32-stderr.log
RUN_BEGIN_UTC=2026-10-07T16:43:15,276424496+00:00
RUN_BEGIN shape=128x3072 pair=4 order=candidate parent side=candidate binary=本地实验/R-W4-4/V038/partial-ranking/stage/build-v038/clx_ref_candidate_probe
RUN_END rc=0 shape=128x3072 pair=4 side=candidate raw=本地实验/R-W4-4/V038/partial-ranking/local-pair04-candidate-r128-w3072-fp32-raw.tsv stats=本地实验/R-W4-4/V038/partial-ranking/local-pair04-candidate-r128-w3072-fp32-stats.txt stdout=本地实验/R-W4-4/V038/partial-ranking/local-pair04-candidate-r128-w3072-fp32-stdout.log stderr=本地实验/R-W4-4/V038/partial-ranking/local-pair04-candidate-r128-w3072-fp32-stderr.log
RUN_BEGIN_UTC=2026-10-07T16:43:21,615279549+00:00
RUN_BEGIN shape=128x3072 pair=4 order=candidate parent side=parent binary=本地实验/R-W4-4/V038/partial-ranking/stage/build-v038/clx_ref_parent_probe
RUN_END rc=0 shape=128x3072 pair=4 side=parent raw=本地实验/R-W4-4/V038/partial-ranking/local-pair04-parent-r128-w3072-fp32-raw.tsv stats=本地实验/R-W4-4/V038/partial-ranking/local-pair04-parent-r128-w3072-fp32-stats.txt stdout=本地实验/R-W4-4/V038/partial-ranking/local-pair04-parent-r128-w3072-fp32-stdout.log stderr=本地实验/R-W4-4/V038/partial-ranking/local-pair04-parent-r128-w3072-fp32-stderr.log
RUN_BEGIN_UTC=2026-10-07T16:43:28,558903522+00:00
RUN_BEGIN shape=128x3072 pair=5 order=parent candidate side=parent binary=本地实验/R-W4-4/V038/partial-ranking/stage/build-v038/clx_ref_parent_probe
RUN_END rc=0 shape=128x3072 pair=5 side=parent raw=本地实验/R-W4-4/V038/partial-ranking/local-pair05-parent-r128-w3072-fp32-raw.tsv stats=本地实验/R-W4-4/V038/partial-ranking/local-pair05-parent-r128-w3072-fp32-stats.txt stdout=本地实验/R-W4-4/V038/partial-ranking/local-pair05-parent-r128-w3072-fp32-stdout.log stderr=本地实验/R-W4-4/V038/partial-ranking/local-pair05-parent-r128-w3072-fp32-stderr.log
RUN_BEGIN_UTC=2026-10-07T16:43:34,720055729+00:00
RUN_BEGIN shape=128x3072 pair=5 order=parent candidate side=candidate binary=本地实验/R-W4-4/V038/partial-ranking/stage/build-v038/clx_ref_candidate_probe
RUN_END rc=0 shape=128x3072 pair=5 side=candidate raw=本地实验/R-W4-4/V038/partial-ranking/local-pair05-candidate-r128-w3072-fp32-raw.tsv stats=本地实验/R-W4-4/V038/partial-ranking/local-pair05-candidate-r128-w3072-fp32-stats.txt stdout=本地实验/R-W4-4/V038/partial-ranking/local-pair05-candidate-r128-w3072-fp32-stdout.log stderr=本地实验/R-W4-4/V038/partial-ranking/local-pair05-candidate-r128-w3072-fp32-stderr.log
RUN_BEGIN_UTC=2026-10-07T16:43:41,476053229+00:00
RUN_BEGIN shape=128x3072 pair=6 order=candidate parent side=candidate binary=本地实验/R-W4-4/V038/partial-ranking/stage/build-v038/clx_ref_candidate_probe
RUN_END rc=0 shape=128x3072 pair=6 side=candidate raw=本地实验/R-W4-4/V038/partial-ranking/local-pair06-candidate-r128-w3072-fp32-raw.tsv stats=本地实验/R-W4-4/V038/partial-ranking/local-pair06-candidate-r128-w3072-fp32-stats.txt stdout=本地实验/R-W4-4/V038/partial-ranking/local-pair06-candidate-r128-w3072-fp32-stdout.log stderr=本地实验/R-W4-4/V038/partial-ranking/local-pair06-candidate-r128-w3072-fp32-stderr.log
RUN_BEGIN_UTC=2026-10-07T16:43:47,821042171+00:00
RUN_BEGIN shape=128x3072 pair=6 order=candidate parent side=parent binary=本地实验/R-W4-4/V038/partial-ranking/stage/build-v038/clx_ref_parent_probe
RUN_END rc=0 shape=128x3072 pair=6 side=parent raw=本地实验/R-W4-4/V038/partial-ranking/local-pair06-parent-r128-w3072-fp32-raw.tsv stats=本地实验/R-W4-4/V038/partial-ranking/local-pair06-parent-r128-w3072-fp32-stats.txt stdout=本地实验/R-W4-4/V038/partial-ranking/local-pair06-parent-r128-w3072-fp32-stdout.log stderr=本地实验/R-W4-4/V038/partial-ranking/local-pair06-parent-r128-w3072-fp32-stderr.log
RUN_BEGIN_UTC=2026-10-07T16:43:54,762126063+00:00
RUN_BEGIN shape=128x3080 pair=1 order=parent candidate side=parent binary=本地实验/R-W4-4/V038/partial-ranking/stage/build-v038/clx_ref_parent_probe
RUN_END rc=0 shape=128x3080 pair=1 side=parent raw=本地实验/R-W4-4/V038/partial-ranking/local-pair01-parent-r128-w3080-fp32-raw.tsv stats=本地实验/R-W4-4/V038/partial-ranking/local-pair01-parent-r128-w3080-fp32-stats.txt stdout=本地实验/R-W4-4/V038/partial-ranking/local-pair01-parent-r128-w3080-fp32-stdout.log stderr=本地实验/R-W4-4/V038/partial-ranking/local-pair01-parent-r128-w3080-fp32-stderr.log
RUN_BEGIN_UTC=2026-10-07T16:44:01,054960042+00:00
RUN_BEGIN shape=128x3080 pair=1 order=parent candidate side=candidate binary=本地实验/R-W4-4/V038/partial-ranking/stage/build-v038/clx_ref_candidate_probe
RUN_END rc=0 shape=128x3080 pair=1 side=candidate raw=本地实验/R-W4-4/V038/partial-ranking/local-pair01-candidate-r128-w3080-fp32-raw.tsv stats=本地实验/R-W4-4/V038/partial-ranking/local-pair01-candidate-r128-w3080-fp32-stats.txt stdout=本地实验/R-W4-4/V038/partial-ranking/local-pair01-candidate-r128-w3080-fp32-stdout.log stderr=本地实验/R-W4-4/V038/partial-ranking/local-pair01-candidate-r128-w3080-fp32-stderr.log
RUN_BEGIN_UTC=2026-10-07T16:44:09,224439710+00:00
RUN_BEGIN shape=128x3080 pair=2 order=candidate parent side=candidate binary=本地实验/R-W4-4/V038/partial-ranking/stage/build-v038/clx_ref_candidate_probe
RUN_END rc=0 shape=128x3080 pair=2 side=candidate raw=本地实验/R-W4-4/V038/partial-ranking/local-pair02-candidate-r128-w3080-fp32-raw.tsv stats=本地实验/R-W4-4/V038/partial-ranking/local-pair02-candidate-r128-w3080-fp32-stats.txt stdout=本地实验/R-W4-4/V038/partial-ranking/local-pair02-candidate-r128-w3080-fp32-stdout.log stderr=本地实验/R-W4-4/V038/partial-ranking/local-pair02-candidate-r128-w3080-fp32-stderr.log
RUN_BEGIN_UTC=2026-10-07T16:44:16,184781171+00:00
RUN_BEGIN shape=128x3080 pair=2 order=candidate parent side=parent binary=本地实验/R-W4-4/V038/partial-ranking/stage/build-v038/clx_ref_parent_probe
RUN_END rc=0 shape=128x3080 pair=2 side=parent raw=本地实验/R-W4-4/V038/partial-ranking/local-pair02-parent-r128-w3080-fp32-raw.tsv stats=本地实验/R-W4-4/V038/partial-ranking/local-pair02-parent-r128-w3080-fp32-stats.txt stdout=本地实验/R-W4-4/V038/partial-ranking/local-pair02-parent-r128-w3080-fp32-stdout.log stderr=本地实验/R-W4-4/V038/partial-ranking/local-pair02-parent-r128-w3080-fp32-stderr.log
RUN_BEGIN_UTC=2026-10-07T16:44:23,526851243+00:00
RUN_BEGIN shape=128x3080 pair=3 order=parent candidate side=parent binary=本地实验/R-W4-4/V038/partial-ranking/stage/build-v038/clx_ref_parent_probe
RUN_END rc=0 shape=128x3080 pair=3 side=parent raw=本地实验/R-W4-4/V038/partial-ranking/local-pair03-parent-r128-w3080-fp32-raw.tsv stats=本地实验/R-W4-4/V038/partial-ranking/local-pair03-parent-r128-w3080-fp32-stats.txt stdout=本地实验/R-W4-4/V038/partial-ranking/local-pair03-parent-r128-w3080-fp32-stdout.log stderr=本地实验/R-W4-4/V038/partial-ranking/local-pair03-parent-r128-w3080-fp32-stderr.log
RUN_BEGIN_UTC=2026-10-07T16:44:30,080496312+00:00
RUN_BEGIN shape=128x3080 pair=3 order=parent candidate side=candidate binary=本地实验/R-W4-4/V038/partial-ranking/stage/build-v038/clx_ref_candidate_probe
RUN_END rc=0 shape=128x3080 pair=3 side=candidate raw=本地实验/R-W4-4/V038/partial-ranking/local-pair03-candidate-r128-w3080-fp32-raw.tsv stats=本地实验/R-W4-4/V038/partial-ranking/local-pair03-candidate-r128-w3080-fp32-stats.txt stdout=本地实验/R-W4-4/V038/partial-ranking/local-pair03-candidate-r128-w3080-fp32-stdout.log stderr=本地实验/R-W4-4/V038/partial-ranking/local-pair03-candidate-r128-w3080-fp32-stderr.log
RUN_BEGIN_UTC=2026-10-07T16:44:37,807817747+00:00
RUN_BEGIN shape=128x3080 pair=4 order=candidate parent side=candidate binary=本地实验/R-W4-4/V038/partial-ranking/stage/build-v038/clx_ref_candidate_probe
RUN_END rc=0 shape=128x3080 pair=4 side=candidate raw=本地实验/R-W4-4/V038/partial-ranking/local-pair04-candidate-r128-w3080-fp32-raw.tsv stats=本地实验/R-W4-4/V038/partial-ranking/local-pair04-candidate-r128-w3080-fp32-stats.txt stdout=本地实验/R-W4-4/V038/partial-ranking/local-pair04-candidate-r128-w3080-fp32-stdout.log stderr=本地实验/R-W4-4/V038/partial-ranking/local-pair04-candidate-r128-w3080-fp32-stderr.log
RUN_BEGIN_UTC=2026-10-07T16:44:44,704013339+00:00
RUN_BEGIN shape=128x3080 pair=4 order=candidate parent side=parent binary=本地实验/R-W4-4/V038/partial-ranking/stage/build-v038/clx_ref_parent_probe
RUN_END rc=0 shape=128x3080 pair=4 side=parent raw=本地实验/R-W4-4/V038/partial-ranking/local-pair04-parent-r128-w3080-fp32-raw.tsv stats=本地实验/R-W4-4/V038/partial-ranking/local-pair04-parent-r128-w3080-fp32-stats.txt stdout=本地实验/R-W4-4/V038/partial-ranking/local-pair04-parent-r128-w3080-fp32-stdout.log stderr=本地实验/R-W4-4/V038/partial-ranking/local-pair04-parent-r128-w3080-fp32-stderr.log
RUN_BEGIN_UTC=2026-10-07T16:44:51,076246761+00:00
RUN_BEGIN shape=128x3080 pair=5 order=parent candidate side=parent binary=本地实验/R-W4-4/V038/partial-ranking/stage/build-v038/clx_ref_parent_probe
RUN_END rc=0 shape=128x3080 pair=5 side=parent raw=本地实验/R-W4-4/V038/partial-ranking/local-pair05-parent-r128-w3080-fp32-raw.tsv stats=本地实验/R-W4-4/V038/partial-ranking/local-pair05-parent-r128-w3080-fp32-stats.txt stdout=本地实验/R-W4-4/V038/partial-ranking/local-pair05-parent-r128-w3080-fp32-stdout.log stderr=本地实验/R-W4-4/V038/partial-ranking/local-pair05-parent-r128-w3080-fp32-stderr.log
RUN_BEGIN_UTC=2026-10-07T16:44:59,004781850+00:00
RUN_BEGIN shape=128x3080 pair=5 order=parent candidate side=candidate binary=本地实验/R-W4-4/V038/partial-ranking/stage/build-v038/clx_ref_candidate_probe
RUN_END rc=0 shape=128x3080 pair=5 side=candidate raw=本地实验/R-W4-4/V038/partial-ranking/local-pair05-candidate-r128-w3080-fp32-raw.tsv stats=本地实验/R-W4-4/V038/partial-ranking/local-pair05-candidate-r128-w3080-fp32-stats.txt stdout=本地实验/R-W4-4/V038/partial-ranking/local-pair05-candidate-r128-w3080-fp32-stdout.log stderr=本地实验/R-W4-4/V038/partial-ranking/local-pair05-candidate-r128-w3080-fp32-stderr.log
RUN_BEGIN_UTC=2026-10-07T16:45:05,352457344+00:00
RUN_BEGIN shape=128x3080 pair=6 order=candidate parent side=candidate binary=本地实验/R-W4-4/V038/partial-ranking/stage/build-v038/clx_ref_candidate_probe
RUN_END rc=0 shape=128x3080 pair=6 side=candidate raw=本地实验/R-W4-4/V038/partial-ranking/local-pair06-candidate-r128-w3080-fp32-raw.tsv stats=本地实验/R-W4-4/V038/partial-ranking/local-pair06-candidate-r128-w3080-fp32-stats.txt stdout=本地实验/R-W4-4/V038/partial-ranking/local-pair06-candidate-r128-w3080-fp32-stdout.log stderr=本地实验/R-W4-4/V038/partial-ranking/local-pair06-candidate-r128-w3080-fp32-stderr.log
RUN_BEGIN_UTC=2026-10-07T16:45:11,700254097+00:00
RUN_BEGIN shape=128x3080 pair=6 order=candidate parent side=parent binary=本地实验/R-W4-4/V038/partial-ranking/stage/build-v038/clx_ref_parent_probe
RUN_END rc=0 shape=128x3080 pair=6 side=parent raw=本地实验/R-W4-4/V038/partial-ranking/local-pair06-parent-r128-w3080-fp32-raw.tsv stats=本地实验/R-W4-4/V038/partial-ranking/local-pair06-parent-r128-w3080-fp32-stats.txt stdout=本地实验/R-W4-4/V038/partial-ranking/local-pair06-parent-r128-w3080-fp32-stdout.log stderr=本地实验/R-W4-4/V038/partial-ranking/local-pair06-parent-r128-w3080-fp32-stderr.log
V038_LOCAL_END_UTC=2026-10-07T16:45:19,171027803+00:00
