ROUTE=TINY-MINIMAL-KERNEL-CHAMPION-X
REVISION=V005
DIRECT_PARENT=R31B-V011
PARENT_SOURCE_SHA=a8c19a1972207acc67e3fb0cd393cc70b0a4b183d1eaf5610edf80c2879b15e3
CANDIDATE_SOURCE_SHA=2aeb43af15bb6b66a32199fc30f3923b64796d39f67ef74d485d07e001b3d865
REMOTE_HOST=cann-server3
REMOTE_ROOT=/home/data4t2/lelinfeng/cann/server_runs/TINY-MINIMAL-KERNEL-CHAMPION-X/V005/20261005T070151Z-76345
REMOTE_PARENT_SOURCE_SHA=a8c19a1972207acc67e3fb0cd393cc70b0a4b183d1eaf5610edf80c2879b15e3
REMOTE_CANDIDATE_SOURCE_SHA=2aeb43af15bb6b66a32199fc30f3923b64796d39f67ef74d485d07e001b3d865
REMOTE_HOST=hwnput3
grep: /usr/local/Ascend/ascend-toolkit/8.5.0.alpha002/version.info: No such file or directory
CANN_VERSION=
-- CMAKE_ASC_COMPILER: /usr/local/Ascend/ascend-toolkit/8.5.0.alpha002/compiler/ccec_compiler/bin/bisheng
-- CMAKE_BUILD_TYPE: Release
-- CMAKE_INSTALL_PREFIX: /home/data4t2/lelinfeng/cann/server_runs/TINY-MINIMAL-KERNEL-CHAMPION-X/V005/20261005T070151Z-76345/src/out
-- ASCEND_CANN_PACKAGE_PATH: /usr/local/Ascend/ascend-toolkit/8.5.0.alpha002
CMake Warning at /usr/local/Ascend/ascend-toolkit/8.5.0.alpha002/aarch64-linux/tikcpp/ascendc_kernel_cmake/ASC_CMake/CMakeDetermineASCCompiler.cmake:57 (message):
  CMAKE_INSTALL_PREFIX is not set.  Set to default value
  /home/data4t2/lelinfeng/cann/server_runs/TINY-MINIMAL-KERNEL-CHAMPION-X/V005/20261005T070151Z-76345/src/out.
Call Stack (most recent call first):
  CMakeLists.txt:9 (project)


-- CMAKE_ASC_LLD_LINKER: /usr/local/Ascend/ascend-toolkit/8.5.0.alpha002/tools/ccec_compiler/bin/ld.lld
-- The CXX compiler identification is GNU 11.4.0
-- Detecting CXX compiler ABI info
-- Detecting CXX compiler ABI info - done
-- Check for working CXX compiler: /usr/bin/c++ - skipped
-- Detecting CXX compile features
-- Detecting CXX compile features - done
-- Configuring done
CMake Warning at CMakeLists.txt:24 (add_executable):
  Cannot generate a safe runtime search path for target tiny_runner_v005
  because files in some directories may conflict with libraries in implicit
  directories:

    runtime library [libstdc++.so.6] in /usr/lib/aarch64-linux-gnu may be hidden by files in:
      /usr/local/Ascend/ascend-toolkit/8.5.0.alpha002/toolkit/toolchain/hcc/aarch64-target-linux-gnu/lib64

  Some of these libraries may not be found correctly.


-- Generating done
-- Build files have been written to: /home/data4t2/lelinfeng/cann/server_runs/TINY-MINIMAL-KERNEL-CHAMPION-X/V005/20261005T070151Z-76345/build
[ 50%] Building ASC object CMakeFiles/tiny_runner_v005.dir/tiny_runner_v005.asc.o
[100%] Linking ASC executable tiny_runner_v005
[100%] Built target tiny_runner_v005
RUNNER_SHA=83fce4b99eae525a1816f6e44e9ba7e9050f5c68205c0ccb7dca03f4b7d0610b
COMPILE_RESULT=PASS
