Fri Sep 25 12:32:34 UTC 2026
	NPU ID                         : 4
	Chip Count                     : 1

	Health                         : OK
	Chip ID                        : 0

	Health                         : OK
	Chip Name                      : MCU

	NPU ID                         : 4
	Chip Count                     : 1

	DDR Capacity(MB)               : 0
	DDR Usage Rate(%)              : 0
	DDR Hugepages Total(page)      : 0
	DDR Hugepages Usage Rate(%)    : 0
	HBM Capacity(MB)               : 65536
	HBM Usage Rate(%)              : 90
	Aicore Usage Rate(%)           : 0
	Aivector Usage Rate(%)         : 0
	Aicpu Usage Rate(%)            : 0
	Ctrlcpu Usage Rate(%)          : 5
	DDR Bandwidth Usage Rate(%)    : 0
	HBM Bandwidth Usage Rate(%)    : 0
	Chip ID                        : 0

HOST_PROBE PASS rows=2 D=256 contiguous_fp32_abi
HOST_PROBE PASS rows=5 D=4096 contiguous_fp32_abi
HOST_PROBE PASS rows=3 D=8192 contiguous_fp32_abi
NPU_PROBE PASS device=4 rows=2 D=256 elements=512 exact=1
NPU_PROBE PASS device=4 rows=5 D=4096 elements=20480 exact=1
NPU_PROBE PASS device=4 rows=3 D=8192 elements=24576 exact=1
