LOCAL_START_UTC=2026-10-07T02:20:31Z
P1_START_UTC=2026-10-07T02:20:32Z
VERIFY label=PARENT status=PASS matched_ratio=1.000000000 max_abs_error=0.001953125
RUNNER_RESULT={"label":"PARENT","device":0,"dtype":"fp16","shape":[128,2048],"vector_cores":40,"warmups":20,"samples":32,"full_logical_io_bytes":3162112,"raw_device_us":[8.720000,9.440001,8.840000,9.880000,8.759999,9.740000,8.860001,11.580000,11.660000,9.660000,9.480000,9.500000,9.220000,9.120000,9.580000,9.500000,19.060001,9.280000,9.160000,9.340000,9.520000,10.280000,9.860000,290.960022,9.860000,273.019989,222.599991,8.920000,8.840000,8.700000,8.879999,8.840000],"median_device_us":9.490000,"mean_device_us":33.458122,"sample_stdev_device_us":75.308510,"cv":2.250829,"mad_device_us":24.433125,"p10_device_us":8.840000,"p90_device_us":18.319998,"min_device_us":8.700000,"max_device_us":290.960022}
P1_RC=0
C1_START_UTC=2026-10-07T02:20:36Z
VERIFY label=CANDIDATE status=PASS matched_ratio=1.000000000 max_abs_error=0.00390625
RUNNER_RESULT={"label":"CANDIDATE","device":0,"dtype":"fp16","shape":[128,2048],"vector_cores":40,"warmups":20,"samples":32,"full_logical_io_bytes":3162112,"raw_device_us":[8.620001,64.820000,16.900000,16.860001,11.520000,317.299988,7.800000,10.680000,7.700000,12.340000,60.139999,11.340000,7.740000,12.920000,8.759999,12.340000,7.980000,14.980000,14.200000,10.920000,11.260000,7.860000,10.820001,7.840000,14.440001,313.080017,7.840000,15.080000,133.320007,10.960000,58.880001,15.400000],"median_device_us":11.930000,"mean_device_us":38.832504,"sample_stdev_device_us":76.849586,"cv":1.979002,"mad_device_us":29.480003,"p10_device_us":7.840000,"p90_device_us":64.351997,"min_device_us":7.700000,"max_device_us":317.299988}
C1_RC=0
P2_START_UTC=2026-10-07T02:20:41Z
VERIFY label=PARENT status=PASS matched_ratio=1.000000000 max_abs_error=0.001953125
RUNNER_RESULT={"label":"PARENT","device":0,"dtype":"fp16","shape":[128,2048],"vector_cores":40,"warmups":20,"samples":32,"full_logical_io_bytes":3162112,"raw_device_us":[9.200000,14.200000,7.960000,8.059999,8.259999,8.120001,8.259999,8.420000,8.040000,8.240001,8.780000,8.759999,15.540000,8.059999,9.220000,178.720001,10.280000,8.520000,8.840000,9.700001,9.840000,9.880000,9.960000,107.820000,10.260000,103.160004,8.720000,8.139999,8.120001,8.420000,9.020000,9.800000],"median_device_us":8.809999,"mean_device_us":20.572498,"sample_stdev_device_us":37.345966,"cv":1.815335,"mad_device_us":12.267501,"p10_device_us":8.066000,"p90_device_us":15.405999,"min_device_us":7.960000,"max_device_us":178.720001}
P2_RC=0
C2_START_UTC=2026-10-07T02:20:46Z
VERIFY label=CANDIDATE status=PASS matched_ratio=1.000000000 max_abs_error=0.00390625
RUNNER_RESULT={"label":"CANDIDATE","device":0,"dtype":"fp16","shape":[128,2048],"vector_cores":40,"warmups":20,"samples":32,"full_logical_io_bytes":3162112,"raw_device_us":[218.880005,126.420006,8.639999,9.680000,9.320001,9.100000,9.300000,8.940001,9.100000,9.000000,14.900000,8.879999,9.100000,8.520000,28.940001,8.400000,14.660000,7.980000,14.680000,9.300000,8.580000,9.040000,9.320001,14.840000,8.720000,9.240000,8.160000,9.020000,9.200000,15.240000,8.620001,9.180000],"median_device_us":9.140000,"mean_device_us":20.715624,"sample_stdev_device_us":41.743664,"cv":2.015081,"mad_device_us":11.978128,"p10_device_us":8.526000,"p90_device_us":15.205999,"min_device_us":7.980000,"max_device_us":218.880005}
C2_RC=0
P3_START_UTC=2026-10-07T02:20:51Z
VERIFY label=PARENT status=PASS matched_ratio=1.000000000 max_abs_error=0.001953125
RUNNER_RESULT={"label":"PARENT","device":0,"dtype":"fp16","shape":[128,2048],"vector_cores":40,"warmups":20,"samples":32,"full_logical_io_bytes":3162112,"raw_device_us":[10.839999,9.820001,9.620000,9.160000,27.519999,9.660000,9.780000,11.920000,204.679993,9.139999,9.660000,10.339999,9.980000,10.080000,8.660000,10.280000,9.720000,9.560000,9.820001,9.580000,9.320001,10.080000,10.099999,10.060000,10.000000,8.360001,9.960000,9.600000,11.820000,12.000000,13.240000,32.720001],"median_device_us":9.969999,"mean_device_us":17.408749,"sample_stdev_device_us":34.546322,"cv":1.984423,"mad_device_us":7.944999,"p10_device_us":9.176000,"p90_device_us":13.115999,"min_device_us":8.360001,"max_device_us":204.679993}
P3_RC=0
C3_START_UTC=2026-10-07T02:20:56Z
VERIFY label=CANDIDATE status=PASS matched_ratio=1.000000000 max_abs_error=0.00390625
RUNNER_RESULT={"label":"CANDIDATE","device":0,"dtype":"fp16","shape":[128,2048],"vector_cores":40,"warmups":20,"samples":32,"full_logical_io_bytes":3162112,"raw_device_us":[117.000000,7.580000,8.280000,8.160000,9.540000,8.259999,7.820000,247.580002,8.160000,8.440000,8.400000,8.200000,8.600000,11.420000,8.700000,7.840000,8.120001,57.900002,8.120001,295.399994,8.139999,9.660000,16.980000,8.040000,8.020000,7.700000,8.240001,7.480000,7.920000,7.700000,8.840000,9.040000],"median_device_us":8.250000,"mean_device_us":30.039999,"sample_stdev_device_us":66.943748,"cv":2.228487,"mad_device_us":22.087500,"p10_device_us":7.712000,"p90_device_us":53.807987,"min_device_us":7.480000,"max_device_us":295.399994}
C3_RC=0
LOCAL_END_UTC=2026-10-07T02:21:00Z
LOCAL_RC=0
