REVISION=V084
GATE=LOCAL
HOST=hwnput3
DEVICE=4
PARENT=R31B-V011
PARENT_SHA256=a8c19a1972207acc67e3fb0cd393cc70b0a4b183d1eaf5610edf80c2879b15e3
CANDIDATE_SHA256=7fa17c37cc520393cf361b318659307f7dd8a0a4203fafdb8a27f564c4f851b1
DTYPE=FP32
SHAPES=128x1528,128x1536,128x1544
WARMUP=45
SAMPLES_PER_BLOCK=31
BLOCKS=2
BATCH_N=64
GAP_SEC=0
PAIRS_PER_SHAPE=6
ORDER=P,C;C,P;P,C;C,P;P,C;C,P
QUALITY=retain all samples; load is context, not admission control
C15=EXCLUDED_KNOWN_PARENT_FAILURE
START_UTC=2026-10-08T03:33:37.763685626Z
width=1528 pair=01 side=parent rc=0 stdout=REF_HARNESS device=4 shape=128x1528 dtype=0 warmup=45 samples=31 blocks=2 bad=0
width=1528 pair=01 side=candidate rc=0 stdout=REF_HARNESS device=4 shape=128x1528 dtype=0 warmup=45 samples=31 blocks=2 bad=0
width=1528 pair=02 side=candidate rc=0 stdout=REF_HARNESS device=4 shape=128x1528 dtype=0 warmup=45 samples=31 blocks=2 bad=0
width=1528 pair=02 side=parent rc=0 stdout=REF_HARNESS device=4 shape=128x1528 dtype=0 warmup=45 samples=31 blocks=2 bad=0
width=1528 pair=03 side=parent rc=0 stdout=REF_HARNESS device=4 shape=128x1528 dtype=0 warmup=45 samples=31 blocks=2 bad=0
width=1528 pair=03 side=candidate rc=0 stdout=REF_HARNESS device=4 shape=128x1528 dtype=0 warmup=45 samples=31 blocks=2 bad=0
width=1528 pair=04 side=candidate rc=0 stdout=REF_HARNESS device=4 shape=128x1528 dtype=0 warmup=45 samples=31 blocks=2 bad=0
width=1528 pair=04 side=parent rc=0 stdout=REF_HARNESS device=4 shape=128x1528 dtype=0 warmup=45 samples=31 blocks=2 bad=0
width=1528 pair=05 side=parent rc=0 stdout=REF_HARNESS device=4 shape=128x1528 dtype=0 warmup=45 samples=31 blocks=2 bad=0
width=1528 pair=05 side=candidate rc=0 stdout=REF_HARNESS device=4 shape=128x1528 dtype=0 warmup=45 samples=31 blocks=2 bad=0
width=1528 pair=06 side=candidate rc=0 stdout=REF_HARNESS device=4 shape=128x1528 dtype=0 warmup=45 samples=31 blocks=2 bad=0
width=1528 pair=06 side=parent rc=0 stdout=REF_HARNESS device=4 shape=128x1528 dtype=0 warmup=45 samples=31 blocks=2 bad=0
width=1536 pair=01 side=parent rc=0 stdout=REF_HARNESS device=4 shape=128x1536 dtype=0 warmup=45 samples=31 blocks=2 bad=0
width=1536 pair=01 side=candidate rc=0 stdout=REF_HARNESS device=4 shape=128x1536 dtype=0 warmup=45 samples=31 blocks=2 bad=0
width=1536 pair=02 side=candidate rc=0 stdout=REF_HARNESS device=4 shape=128x1536 dtype=0 warmup=45 samples=31 blocks=2 bad=0
width=1536 pair=02 side=parent rc=0 stdout=REF_HARNESS device=4 shape=128x1536 dtype=0 warmup=45 samples=31 blocks=2 bad=0
width=1536 pair=03 side=parent rc=0 stdout=REF_HARNESS device=4 shape=128x1536 dtype=0 warmup=45 samples=31 blocks=2 bad=0
width=1536 pair=03 side=candidate rc=0 stdout=REF_HARNESS device=4 shape=128x1536 dtype=0 warmup=45 samples=31 blocks=2 bad=0
width=1536 pair=04 side=candidate rc=0 stdout=REF_HARNESS device=4 shape=128x1536 dtype=0 warmup=45 samples=31 blocks=2 bad=0
width=1536 pair=04 side=parent rc=0 stdout=REF_HARNESS device=4 shape=128x1536 dtype=0 warmup=45 samples=31 blocks=2 bad=0
width=1536 pair=05 side=parent rc=0 stdout=REF_HARNESS device=4 shape=128x1536 dtype=0 warmup=45 samples=31 blocks=2 bad=0
width=1536 pair=05 side=candidate rc=0 stdout=REF_HARNESS device=4 shape=128x1536 dtype=0 warmup=45 samples=31 blocks=2 bad=0
width=1536 pair=06 side=candidate rc=0 stdout=REF_HARNESS device=4 shape=128x1536 dtype=0 warmup=45 samples=31 blocks=2 bad=0
width=1536 pair=06 side=parent rc=0 stdout=REF_HARNESS device=4 shape=128x1536 dtype=0 warmup=45 samples=31 blocks=2 bad=0
width=1544 pair=01 side=parent rc=0 stdout=REF_HARNESS device=4 shape=128x1544 dtype=0 warmup=45 samples=31 blocks=2 bad=0
width=1544 pair=01 side=candidate rc=0 stdout=REF_HARNESS device=4 shape=128x1544 dtype=0 warmup=45 samples=31 blocks=2 bad=0
width=1544 pair=02 side=candidate rc=0 stdout=REF_HARNESS device=4 shape=128x1544 dtype=0 warmup=45 samples=31 blocks=2 bad=0
width=1544 pair=02 side=parent rc=0 stdout=REF_HARNESS device=4 shape=128x1544 dtype=0 warmup=45 samples=31 blocks=2 bad=0
width=1544 pair=03 side=parent rc=0 stdout=REF_HARNESS device=4 shape=128x1544 dtype=0 warmup=45 samples=31 blocks=2 bad=0
width=1544 pair=03 side=candidate rc=0 stdout=REF_HARNESS device=4 shape=128x1544 dtype=0 warmup=45 samples=31 blocks=2 bad=0
width=1544 pair=04 side=candidate rc=0 stdout=REF_HARNESS device=4 shape=128x1544 dtype=0 warmup=45 samples=31 blocks=2 bad=0
width=1544 pair=04 side=parent rc=0 stdout=REF_HARNESS device=4 shape=128x1544 dtype=0 warmup=45 samples=31 blocks=2 bad=0
width=1544 pair=05 side=parent rc=0 stdout=REF_HARNESS device=4 shape=128x1544 dtype=0 warmup=45 samples=31 blocks=2 bad=0
width=1544 pair=05 side=candidate rc=0 stdout=REF_HARNESS device=4 shape=128x1544 dtype=0 warmup=45 samples=31 blocks=2 bad=0
width=1544 pair=06 side=candidate rc=0 stdout=REF_HARNESS device=4 shape=128x1544 dtype=0 warmup=45 samples=31 blocks=2 bad=0
width=1544 pair=06 side=parent rc=0 stdout=REF_HARNESS device=4 shape=128x1544 dtype=0 warmup=45 samples=31 blocks=2 bad=0
END_UTC=2026-10-08T03:37:45.043882998Z
