-- CMAKE_ASC_COMPILER: /usr/local/Ascend/ascend-toolkit/8.5.0.alpha002/compiler/ccec_compiler/bin/bisheng
-- CMAKE_BUILD_TYPE: Release
-- CMAKE_INSTALL_PREFIX: /home/data4t2/lelinfeng/cann/server_runs/W4-R03/V002/source/support/out
-- ASCEND_CANN_PACKAGE_PATH: /usr/local/Ascend/ascend-toolkit/8.5.0.alpha002
-- CMAKE_ASC_LLD_LINKER: /usr/local/Ascend/ascend-toolkit/8.5.0.alpha002/tools/ccec_compiler/bin/ld.lld
CMake Warning at /usr/local/Ascend/ascend-toolkit/8.5.0.alpha002/aarch64-linux/tikcpp/ascendc_kernel_cmake/ASC_CMake/CMakeDetermineASCCompiler.cmake:57 (message):
  CMAKE_INSTALL_PREFIX is not set.  Set to default value
  /home/data4t2/lelinfeng/cann/server_runs/W4-R03/V002/source/support/out.
Call Stack (most recent call first):
  CMakeLists.txt:10 (project)


-- The CXX compiler identification is GNU 11.4.0
-- Detecting CXX compiler ABI info
-- Detecting CXX compiler ABI info - done
-- Check for working CXX compiler: /usr/bin/c++ - skipped
-- Detecting CXX compile features
-- Detecting CXX compile features - done
-- Configuring incomplete, errors occurred!
See also "/home/data4t2/lelinfeng/cann/server_runs/W4-R03/V002/source/build/CMakeFiles/CMakeOutput.log".
CMake Error at CMakeLists.txt:26 (target_include_directories):
  Cannot specify include directories for target "r03_v001_runner" which is
  not built by this project.


CMake Error at CMakeLists.txt:37 (target_compile_options):
  Cannot specify compile options for target "r03_v001_runner" which is not
  built by this project.


CMake Error at CMakeLists.txt:39 (target_link_directories):
  Cannot specify link directories for target "r03_v001_runner" which is not
  built by this project.


CMake Error at CMakeLists.txt:46 (target_link_libraries):
  Cannot specify link libraries for target "r03_v001_runner" which is not
  built by this project.


-- Configuring done
CMake Warning at CMakeLists.txt:25 (add_executable):
  Cannot generate a safe runtime search path for target r03_v002_runner
  because files in some directories may conflict with libraries in implicit
  directories:

    runtime library [libstdc++.so.6] in /usr/lib/aarch64-linux-gnu may be hidden by files in:
      /usr/local/Ascend/ascend-toolkit/8.5.0.alpha002/toolkit/toolchain/hcc/aarch64-target-linux-gnu/lib64

  Some of these libraries may not be found correctly.


-- Generating done
-- Build files have been written to: /home/data4t2/lelinfeng/cann/server_runs/W4-R03/V002/source/build
[ 50%] Building ASC object CMakeFiles/r03_v002_runner.dir/runner.asc.o
/tmp/asc_plugin_binary_register_code-a63c62.c:3:10: fatal error: 'vector' file not found
#include <vector>
         ^~~~~~~~
1 error generated.
cceld: ccec ReturnCode: 1
cceld: ExecutionFailed: 0
cceld: ErrMsg: 
cceld: ccec ReturnCode: 1
cceld: ObjcopyExecutionFailed: 0
cceld: ObjcopyErrMsg: 
/usr/local/Ascend/ascend-toolkit/8.5.0.alpha002/aarch64-linux/ccec_compiler/bin/llvm-objcopy: error: '/tmp/cce_all_link-3d70de.o': No such file or directory
ld.lld: error: cannot open /tmp/cce_all_link-3d70de.o: No such file or directory
cceld: ccec ReturnCode: 1
cceld: RelocatedLinkedExecutionFailed: 0
cceld: RelocatedLinkedObjcopyErrMsg: 
cceld: ccec ReturnCode: 1
cceld: LocalFixedExecutionFailed: 0
cceld: LocalFixedErrMsg: 
cceld: Linker ReturnCode: 1
cceld: ExecutionFailed: 0
cceld: ErrMsg: 
/usr/local/Ascend/ascend-toolkit/8.5.0.alpha002/aarch64-linux/ccec_compiler/bin/llvm-objcopy: error: '/tmp/cce_relocated_linked_static_object-965553.o': The file was not recognized as a valid object file
ld.lld: error: target emulation unknown: -m or at least one .o file required
bisheng: error: linker command failed with exit code 1 (use -v to see invocation)
gmake[3]: *** [CMakeFiles/r03_v002_runner.dir/build.make:76: CMakeFiles/r03_v002_runner.dir/runner.asc.o] Error 1
gmake[2]: *** [CMakeFiles/Makefile2:83: CMakeFiles/r03_v002_runner.dir/all] Error 2
gmake[1]: *** [CMakeFiles/Makefile2:90: CMakeFiles/r03_v002_runner.dir/rule] Error 2
gmake: *** [Makefile:124: r03_v002_runner] Error 2
/usr/bin/cmake -S/home/data4t2/lelinfeng/cann/server_runs/W4-R03/V002/source/support -B/home/data4t2/lelinfeng/cann/server_runs/W4-R03/V002/source/build --check-build-system CMakeFiles/Makefile.cmake 0
/usr/bin/gmake  -f CMakeFiles/Makefile2 r03_v002_runner
gmake[1]: Entering directory '/home/data4t2/lelinfeng/cann/server_runs/W4-R03/V002/source/build'
/usr/bin/cmake -S/home/data4t2/lelinfeng/cann/server_runs/W4-R03/V002/source/support -B/home/data4t2/lelinfeng/cann/server_runs/W4-R03/V002/source/build --check-build-system CMakeFiles/Makefile.cmake 0
/usr/bin/cmake -E cmake_progress_start /home/data4t2/lelinfeng/cann/server_runs/W4-R03/V002/source/build/CMakeFiles 2
/usr/bin/gmake  -f CMakeFiles/Makefile2 CMakeFiles/r03_v002_runner.dir/all
gmake[2]: Entering directory '/home/data4t2/lelinfeng/cann/server_runs/W4-R03/V002/source/build'
/usr/bin/gmake  -f CMakeFiles/r03_v002_runner.dir/build.make CMakeFiles/r03_v002_runner.dir/depend
gmake[3]: Entering directory '/home/data4t2/lelinfeng/cann/server_runs/W4-R03/V002/source/build'
cd /home/data4t2/lelinfeng/cann/server_runs/W4-R03/V002/source/build && /usr/bin/cmake -E cmake_depends "Unix Makefiles" /home/data4t2/lelinfeng/cann/server_runs/W4-R03/V002/source/support /home/data4t2/lelinfeng/cann/server_runs/W4-R03/V002/source/support /home/data4t2/lelinfeng/cann/server_runs/W4-R03/V002/source/build /home/data4t2/lelinfeng/cann/server_runs/W4-R03/V002/source/build /home/data4t2/lelinfeng/cann/server_runs/W4-R03/V002/source/build/CMakeFiles/r03_v002_runner.dir/DependInfo.cmake --color=
Dependencies file "CMakeFiles/r03_v002_runner.dir/runner.asc.o.d" is newer than depends file "/home/data4t2/lelinfeng/cann/server_runs/W4-R03/V002/source/build/CMakeFiles/r03_v002_runner.dir/compiler_depend.internal".
Consolidate compiler generated dependencies of target r03_v002_runner
gmake[3]: Leaving directory '/home/data4t2/lelinfeng/cann/server_runs/W4-R03/V002/source/build'
/usr/bin/gmake  -f CMakeFiles/r03_v002_runner.dir/build.make CMakeFiles/r03_v002_runner.dir/build
gmake[3]: Entering directory '/home/data4t2/lelinfeng/cann/server_runs/W4-R03/V002/source/build'
[ 50%] Building ASC object CMakeFiles/r03_v002_runner.dir/runner.asc.o
/usr/local/Ascend/ascend-toolkit/8.5.0.alpha002/compiler/ccec_compiler/bin/bisheng   -I/home/data4t2/lelinfeng/cann/server_runs/W4-R03/V002/source/support -I/home/data4t2/lelinfeng/cann/server_runs/W4-R03/V002/source/support/.. -I/usr/local/Ascend/ascend-toolkit/8.5.0.alpha002/aarch64-linux/include -I/usr/local/Ascend/ascend-toolkit/8.5.0.alpha002/aarch64-linux/ascendc/include -I/usr/local/Ascend/ascend-toolkit/8.5.0.alpha002/aarch64-linux/ascendc/include/basic_api/impl -I/usr/local/Ascend/ascend-toolkit/8.5.0.alpha002/aarch64-linux/asc/include/basic_api -I/usr/local/Ascend/ascend-toolkit/8.5.0.alpha002/aarch64-linux/asc/include -I/usr/local/Ascend/ascend-toolkit/8.5.0.alpha002/aarch64-linux/asc -I/usr/local/Ascend/ascend-toolkit/8.5.0.alpha002/aarch64-linux/asc/include/interface -I/usr/include/aarch64-linux-gnu -I/usr/include/c++/11 -I/usr/include/aarch64-linux-gnu/c++/11 -I/usr/local/Ascend/ascend-toolkit/8.5.0.alpha002/toolkit/toolchain/hcc/aarch64-target-linux-gnu/include/c++/7.3.0 -I/usr/local/Ascend/ascend-toolkit/8.5.0.alpha002/toolkit/toolchain/hcc/aarch64-target-linux-gnu/include/c++/7.3.0/aarch64-target-linux-gnu -I/usr/local/Ascend/ascend-toolkit/8.5.0.alpha002/toolkit/toolchain/hcc/aarch64-target-linux-gnu/include/c++/7.3.0/backward --cce-aicore-arch=dav-c220 -Xaicore-start -O3 -std=c++17 -Xaicore-end -Xhost-start -I/usr/include/c++/11 -I/usr/include/aarch64-linux-gnu/c++/11 -I/usr/local/Ascend/ascend-toolkit/8.5.0.alpha002/toolkit/toolchain/hcc/aarch64-target-linux-gnu/include/c++/7.3.0 -I/usr/local/Ascend/ascend-toolkit/8.5.0.alpha002/toolkit/toolchain/hcc/aarch64-target-linux-gnu/include/c++/7.3.0/aarch64-target-linux-gnu -I/usr/local/Ascend/ascend-toolkit/8.5.0.alpha002/toolkit/toolchain/hcc/aarch64-target-linux-gnu/include/c++/7.3.0/backward -fPIC -O2 -std=c++17 -Xhost-end --npu-arch=dav-2201 -MD -MT CMakeFiles/r03_v002_runner.dir/runner.asc.o -MF CMakeFiles/r03_v002_runner.dir/runner.asc.o.d -o CMakeFiles/r03_v002_runner.dir/runner.asc.o -c -x asc /home/data4t2/lelinfeng/cann/server_runs/W4-R03/V002/source/support/runner.asc
[100%] Linking ASC executable r03_v002_runner
/usr/bin/cmake -E cmake_link_script CMakeFiles/r03_v002_runner.dir/link.txt --verbose=1
/usr/local/Ascend/ascend-toolkit/8.5.0.alpha002/compiler/ccec_compiler/bin/bisheng CMakeFiles/r03_v002_runner.dir/runner.asc.o -o r03_v002_runner   -L/usr/local/Ascend/ascend-toolkit/8.5.0.alpha002/lib64  -L/usr/local/Ascend/ascend-toolkit/8.5.0.alpha002/toolkit/toolchain/hcc/aarch64-target-linux-gnu/lib64  -L/usr/local/Ascend/ascend-toolkit/8.5.0.alpha002/toolkit/toolchain/hcc/lib64  -L/usr/lib/gcc/aarch64-linux-gnu/11  -Wl,-rpath,/usr/local/Ascend/ascend-toolkit/8.5.0.alpha002/lib64 -Wl,-rpath,/usr/local/Ascend/ascend-toolkit/8.5.0.alpha002/toolkit/toolchain/hcc/aarch64-target-linux-gnu/lib64 -Wl,-rpath,/usr/local/Ascend/ascend-toolkit/8.5.0.alpha002/toolkit/toolchain/hcc/lib64 -Wl,-rpath,/usr/lib/gcc/aarch64-linux-gnu/11 -ltiling_api -lregister -lplatform -lunified_dlog /usr/lib/aarch64-linux-gnu/libstdc++.so.6 -ldl -lm -lgraph_base 
gmake[3]: Leaving directory '/home/data4t2/lelinfeng/cann/server_runs/W4-R03/V002/source/build'
[100%] Built target r03_v002_runner
gmake[2]: Leaving directory '/home/data4t2/lelinfeng/cann/server_runs/W4-R03/V002/source/build'
/usr/bin/cmake -E cmake_progress_start /home/data4t2/lelinfeng/cann/server_runs/W4-R03/V002/source/build/CMakeFiles 0
gmake[1]: Leaving directory '/home/data4t2/lelinfeng/cann/server_runs/W4-R03/V002/source/build'
