ROUTE=UB-BANK-LAYOUT-CHAMPION-X
REVISION=V001
DIRECT_PARENT=R31B-V011
PARENT_SOURCE_COMMIT=43a1049a1e08e518c88e354a754fdebb85a96f99
REMOTE_ATTEMPT=/home/data4t2/lelinfeng/server_runs/UB-BANK-LAYOUT-CHAMPION-X/V001/compile-20261004T182816Z-19628
LOCAL_HOST=sunyiyangdeMacBook-Air.local
2026-10-05T02:28:16+0800
a8c19a1972207acc67e3fb0cd393cc70b0a4b183d1eaf5610edf80c2879b15e3  /Users/sunyiyang/Desktop/Project/cann/worktrees/w3/m1/ub-bank-layout/线上结果/R31B/V011/submission.asc
fc32c9becf442a4081c2d82120a4977785ee2c9082c312bb3cf3035988efd01d  /Users/sunyiyang/Desktop/Project/cann/worktrees/w3/m1/ub-bank-layout/本地实验/UB-BANK-LAYOUT-CHAMPION-X/V001/submission.asc
REMOTE_HOST=hwnput3
2026-10-04T18:28:28+00:00
PARENT_SOURCE_SHA256=a8c19a1972207acc67e3fb0cd393cc70b0a4b183d1eaf5610edf80c2879b15e3
CANDIDATE_SOURCE_SHA256=fc32c9becf442a4081c2d82120a4977785ee2c9082c312bb3cf3035988efd01d
-- CMAKE_ASC_COMPILER: /usr/local/Ascend/ascend-toolkit/8.5.0.alpha002/compiler/ccec_compiler/bin/bisheng
-- CMAKE_BUILD_TYPE: Release
-- CMAKE_INSTALL_PREFIX: /home/data4t2/lelinfeng/server_runs/UB-BANK-LAYOUT-CHAMPION-X/V001/compile-20261004T182816Z-19628/support/out
-- ASCEND_CANN_PACKAGE_PATH: /usr/local/Ascend/ascend-toolkit/8.5.0.alpha002
CMake Warning at /usr/local/Ascend/ascend-toolkit/8.5.0.alpha002/aarch64-linux/tikcpp/ascendc_kernel_cmake/ASC_CMake/CMakeDetermineASCCompiler.cmake:57 (message):
  CMAKE_INSTALL_PREFIX is not set.  Set to default value
  /home/data4t2/lelinfeng/server_runs/UB-BANK-LAYOUT-CHAMPION-X/V001/compile-20261004T182816Z-19628/support/out.
Call Stack (most recent call first):
  CMakeLists.txt:9 (project)


-- CMAKE_ASC_LLD_LINKER: /usr/local/Ascend/ascend-toolkit/8.5.0.alpha002/tools/ccec_compiler/bin/ld.lld
-- The CXX compiler identification is GNU 11.4.0
-- Detecting CXX compiler ABI info
-- Detecting CXX compiler ABI info - done
-- Check for working CXX compiler: /usr/bin/c++ - skipped
-- Detecting CXX compile features
-- Detecting CXX compile features - done
-- Configuring done
CMake Warning at CMakeLists.txt:27 (add_executable):
  Cannot generate a safe runtime search path for target ub_bank_runner
  because files in some directories may conflict with libraries in implicit
  directories:

    runtime library [libstdc++.so.6] in /usr/lib/aarch64-linux-gnu may be hidden by files in:
      /usr/local/Ascend/ascend-toolkit/8.5.0.alpha002/toolkit/toolchain/hcc/aarch64-target-linux-gnu/lib64

  Some of these libraries may not be found correctly.


-- Generating done
-- Build files have been written to: /home/data4t2/lelinfeng/server_runs/UB-BANK-LAYOUT-CHAMPION-X/V001/compile-20261004T182816Z-19628/build
[ 50%] Building ASC object CMakeFiles/ub_bank_runner.dir/paired_runner.asc.o
[100%] Linking ASC executable ub_bank_runner
[100%] Built target ub_bank_runner
COMPILE=PASS
RUNNER=/home/data4t2/lelinfeng/server_runs/UB-BANK-LAYOUT-CHAMPION-X/V001/compile-20261004T182816Z-19628/build/ub_bank_runner
