COMMAND=source /usr/local/Ascend/ascend-toolkit/set_env.sh && cmake -S /home/data4t2/lelinfeng/cann-route-w4-3-sync-barrier-elision/本地实验/SYNC-BARRIER-ELISION-X/V002 -B /home/data4t2/lelinfeng/server_runs/SYNC-BARRIER-ELISION-X/V002/compile-20261006T230638Z/build -DCMAKE_BUILD_TYPE=Release && cmake --build /home/data4t2/lelinfeng/server_runs/SYNC-BARRIER-ELISION-X/V002/compile-20261006T230638Z/build --target sync_barrier_elision_v002 -j2
HOST=hwnput3
UTC_START=2026-10-06T23:06:38Z
-- CMAKE_ASC_COMPILER: /usr/local/Ascend/ascend-toolkit/latest/compiler/ccec_compiler/bin/bisheng
CMake Warning at /usr/local/Ascend/ascend-toolkit/8.5.0.alpha002/aarch64-linux/tikcpp/ascendc_kernel_cmake/ASC_CMake/CMakeDetermineASCCompiler.cmake:57 (message):
  CMAKE_INSTALL_PREFIX is not set.  Set to default value
  /home/data4t2/lelinfeng/cann-route-w4-3-sync-barrier-elision/本地实验/SYNC-BARRIER-ELISION-X/V002/out.
Call Stack (most recent call first):
  CMakeLists.txt:8 (project)


-- CMAKE_BUILD_TYPE: Release
-- CMAKE_INSTALL_PREFIX: /home/data4t2/lelinfeng/cann-route-w4-3-sync-barrier-elision/本地实验/SYNC-BARRIER-ELISION-X/V002/out
-- ASCEND_CANN_PACKAGE_PATH: /usr/local/Ascend/ascend-toolkit/8.5.0.alpha002
-- CMAKE_ASC_LLD_LINKER: /usr/local/Ascend/ascend-toolkit/8.5.0.alpha002/tools/ccec_compiler/bin/ld.lld
-- Configuring done
-- Generating done
-- Build files have been written to: /home/data4t2/lelinfeng/server_runs/SYNC-BARRIER-ELISION-X/V002/compile-20261006T230638Z/build
[ 50%] Building ASC object CMakeFiles/sync_barrier_elision_v002.dir/src/compile_adapter.asc.o
/tmp/asc_plugin_binary_register_code-d608e2.c:3:10: fatal error: 'vector' file not found
#include <vector>
         ^~~~~~~~
1 error generated.
cceld: ccec ReturnCode: 1
cceld: ExecutionFailed: 0
cceld: ErrMsg: 
/usr/local/Ascend/ascend-toolkit/8.5.0.alpha002/aarch64-linux/ccec_compiler/bin/llvm-objcopy: error: '/tmp/cce_all_link-0c73ff.o': No such file or directory
cceld: ccec ReturnCode: 1
cceld: ObjcopyExecutionFailed: 0
cceld: ObjcopyErrMsg: 
ld.lld: error: cannot open /tmp/cce_all_link-0c73ff.o: No such file or directory
cceld: ccec ReturnCode: 1
cceld: RelocatedLinkedExecutionFailed: 0
cceld: RelocatedLinkedObjcopyErrMsg: 
/usr/local/Ascend/ascend-toolkit/8.5.0.alpha002/aarch64-linux/ccec_compiler/bin/llvm-objcopy: error: '/tmp/cce_relocated_linked_static_object-de796d.o': The file was not recognized as a valid object file
cceld: ccec ReturnCode: 1
cceld: LocalFixedExecutionFailed: 0
cceld: LocalFixedErrMsg: 
ld.lld: error: target emulation unknown: -m or at least one .o file required
cceld: Linker ReturnCode: 1
cceld: ExecutionFailed: 0
cceld: ErrMsg: 
bisheng: error: linker command failed with exit code 1 (use -v to see invocation)
gmake[3]: *** [CMakeFiles/sync_barrier_elision_v002.dir/build.make:76: CMakeFiles/sync_barrier_elision_v002.dir/src/compile_adapter.asc.o] Error 1
gmake[2]: *** [CMakeFiles/Makefile2:85: CMakeFiles/sync_barrier_elision_v002.dir/all] Error 2
gmake[1]: *** [CMakeFiles/Makefile2:92: CMakeFiles/sync_barrier_elision_v002.dir/rule] Error 2
gmake: *** [Makefile:124: sync_barrier_elision_v002] Error 2
BUILD_RC=2
UTC_END=2026-10-06T23:06:55Z
