LOCAL_RUN=2
LOCAL_START_UTC=2026-10-08T19:07:50Z
DEVICE=3
SHAPE=128x256
DTYPE=bf16
METHOD=device-event; warmup=60; interleaved_parent_candidate_pairs=31
PARENT=exact_R31B_V011
PRE_LOCAL_DEVICE3_POWER_W=100.1
PRE_LOCAL_DEVICE3_TEMP_C=30
PRE_LOCAL_OTHER_PROCESS_PRESENT=YES
PRE_LOCAL_PROCESS=python,pid=3456615,memory_mb=3850
PRE_LOCAL_HBM_AICORE=not captured by the filtered snapshot; full-context run is local-run3
LOCAL_SAMPLE case=bf16-128x256 pair=01 order=P,C parent_device_us=21.5600 candidate_device_us=20.9000 parent_gelem_s=1.519852 candidate_gelem_s=1.567847 parent_wall_us=113.7910 candidate_wall_us=93.3520 paired_delta_us=-0.6600
LOCAL_SAMPLE case=bf16-128x256 pair=02 order=C,P parent_device_us=21.9800 candidate_device_us=21.6400 parent_gelem_s=1.490810 candidate_gelem_s=1.514233 parent_wall_us=71.2510 candidate_wall_us=79.4710 paired_delta_us=-0.3400
LOCAL_SAMPLE case=bf16-128x256 pair=03 order=P,C parent_device_us=19.3400 candidate_device_us=8.3600 parent_gelem_s=1.694312 candidate_gelem_s=3.919617 parent_wall_us=71.4410 candidate_wall_us=70.3910 paired_delta_us=-10.9800
LOCAL_SAMPLE case=bf16-128x256 pair=04 order=C,P parent_device_us=8.8600 candidate_device_us=20.5600 parent_gelem_s=3.698420 candidate_gelem_s=1.593774 parent_wall_us=70.2400 candidate_wall_us=71.3500 paired_delta_us=11.7000
LOCAL_SAMPLE case=bf16-128x256 pair=05 order=P,C parent_device_us=18.2600 candidate_device_us=8.9600 parent_gelem_s=1.794524 candidate_gelem_s=3.657143 parent_wall_us=68.2800 candidate_wall_us=70.1710 paired_delta_us=-9.3000
LOCAL_SAMPLE case=bf16-128x256 pair=06 order=C,P parent_device_us=9.6400 candidate_device_us=21.7800 parent_gelem_s=3.399170 candidate_gelem_s=1.504500 parent_wall_us=72.8310 candidate_wall_us=89.4310 paired_delta_us=12.1400
LOCAL_SAMPLE case=bf16-128x256 pair=07 order=P,C parent_device_us=16.8000 candidate_device_us=9.0000 parent_gelem_s=1.950476 candidate_gelem_s=3.640889 parent_wall_us=71.6110 candidate_wall_us=69.8710 paired_delta_us=-7.8000
LOCAL_SAMPLE case=bf16-128x256 pair=08 order=C,P parent_device_us=8.3600 candidate_device_us=8.5800 parent_gelem_s=3.919617 candidate_gelem_s=3.819114 parent_wall_us=77.9210 candidate_wall_us=70.9610 paired_delta_us=0.2200
LOCAL_SAMPLE case=bf16-128x256 pair=09 order=P,C parent_device_us=6.9600 candidate_device_us=20.0800 parent_gelem_s=4.708046 candidate_gelem_s=1.631872 parent_wall_us=68.6710 candidate_wall_us=72.3710 paired_delta_us=13.1200
LOCAL_SAMPLE case=bf16-128x256 pair=10 order=C,P parent_device_us=8.6200 candidate_device_us=19.6400 parent_gelem_s=3.801392 candidate_gelem_s=1.668432 parent_wall_us=68.5610 candidate_wall_us=68.1110 paired_delta_us=11.0200
LOCAL_SAMPLE case=bf16-128x256 pair=11 order=P,C parent_device_us=21.1000 candidate_device_us=8.9400 parent_gelem_s=1.552986 candidate_gelem_s=3.665324 parent_wall_us=67.9710 candidate_wall_us=69.9710 paired_delta_us=-12.1600
LOCAL_SAMPLE case=bf16-128x256 pair=12 order=C,P parent_device_us=8.5000 candidate_device_us=15.6600 parent_gelem_s=3.855059 candidate_gelem_s=2.092465 parent_wall_us=74.8810 candidate_wall_us=68.7210 paired_delta_us=7.1600
LOCAL_SAMPLE case=bf16-128x256 pair=13 order=P,C parent_device_us=17.8200 candidate_device_us=21.9200 parent_gelem_s=1.838833 candidate_gelem_s=1.494891 parent_wall_us=70.2510 candidate_wall_us=67.3410 paired_delta_us=4.1000
LOCAL_SAMPLE case=bf16-128x256 pair=14 order=C,P parent_device_us=8.9400 candidate_device_us=19.3600 parent_gelem_s=3.665324 candidate_gelem_s=1.692562 parent_wall_us=69.1410 candidate_wall_us=70.0010 paired_delta_us=10.4200
LOCAL_SAMPLE case=bf16-128x256 pair=15 order=P,C parent_device_us=15.9800 candidate_device_us=16.4000 parent_gelem_s=2.050563 candidate_gelem_s=1.998049 parent_wall_us=67.6110 candidate_wall_us=67.8110 paired_delta_us=0.4200
LOCAL_SAMPLE case=bf16-128x256 pair=16 order=C,P parent_device_us=8.9200 candidate_device_us=7.9400 parent_gelem_s=3.673543 candidate_gelem_s=4.126952 parent_wall_us=61.1700 candidate_wall_us=76.7310 paired_delta_us=-0.9800
LOCAL_SAMPLE case=bf16-128x256 pair=17 order=P,C parent_device_us=16.7200 candidate_device_us=8.1800 parent_gelem_s=1.959809 candidate_gelem_s=4.005868 parent_wall_us=68.5710 candidate_wall_us=68.8510 paired_delta_us=-8.5400
LOCAL_SAMPLE case=bf16-128x256 pair=18 order=C,P parent_device_us=15.5600 candidate_device_us=8.8000 parent_gelem_s=2.105913 candidate_gelem_s=3.723636 parent_wall_us=70.6610 candidate_wall_us=66.6810 paired_delta_us=-6.7600
LOCAL_SAMPLE case=bf16-128x256 pair=19 order=P,C parent_device_us=20.3800 candidate_device_us=17.7200 parent_gelem_s=1.607851 candidate_gelem_s=1.849210 parent_wall_us=70.1910 candidate_wall_us=67.6000 paired_delta_us=-2.6600
LOCAL_SAMPLE case=bf16-128x256 pair=20 order=C,P parent_device_us=15.9000 candidate_device_us=8.2800 parent_gelem_s=2.060880 candidate_gelem_s=3.957488 parent_wall_us=66.5010 candidate_wall_us=72.0010 paired_delta_us=-7.6200
LOCAL_SAMPLE case=bf16-128x256 pair=21 order=P,C parent_device_us=8.9200 candidate_device_us=8.5400 parent_gelem_s=3.673543 candidate_gelem_s=3.837002 parent_wall_us=70.7910 candidate_wall_us=73.1210 paired_delta_us=-0.3800
LOCAL_SAMPLE case=bf16-128x256 pair=22 order=C,P parent_device_us=24.5800 candidate_device_us=15.7000 parent_gelem_s=1.333116 candidate_gelem_s=2.087134 parent_wall_us=69.1310 candidate_wall_us=68.5210 paired_delta_us=-8.8800
LOCAL_SAMPLE case=bf16-128x256 pair=23 order=P,C parent_device_us=15.7800 candidate_device_us=10.0600 parent_gelem_s=2.076553 candidate_gelem_s=3.257256 parent_wall_us=68.6410 candidate_wall_us=71.8410 paired_delta_us=-5.7200
LOCAL_SAMPLE case=bf16-128x256 pair=24 order=C,P parent_device_us=9.7000 candidate_device_us=9.3000 parent_gelem_s=3.378144 candidate_gelem_s=3.523441 parent_wall_us=68.7110 candidate_wall_us=68.5710 paired_delta_us=-0.4000
LOCAL_SAMPLE case=bf16-128x256 pair=25 order=P,C parent_device_us=7.3800 candidate_device_us=15.0000 parent_gelem_s=4.440108 candidate_gelem_s=2.184533 parent_wall_us=68.8710 candidate_wall_us=67.1610 paired_delta_us=7.6200
LOCAL_SAMPLE case=bf16-128x256 pair=26 order=C,P parent_device_us=19.5200 candidate_device_us=12.7600 parent_gelem_s=1.678689 candidate_gelem_s=2.568025 parent_wall_us=67.0510 candidate_wall_us=70.2210 paired_delta_us=-6.7600
LOCAL_SAMPLE case=bf16-128x256 pair=27 order=P,C parent_device_us=20.0600 candidate_device_us=9.4200 parent_gelem_s=1.633500 candidate_gelem_s=3.478556 parent_wall_us=68.1510 candidate_wall_us=69.7410 paired_delta_us=-10.6400
LOCAL_SAMPLE case=bf16-128x256 pair=28 order=C,P parent_device_us=20.3400 candidate_device_us=15.2600 parent_gelem_s=1.611013 candidate_gelem_s=2.147313 parent_wall_us=67.8710 candidate_wall_us=59.5610 paired_delta_us=-5.0800
LOCAL_SAMPLE case=bf16-128x256 pair=29 order=P,C parent_device_us=8.3800 candidate_device_us=21.7000 parent_gelem_s=3.910263 candidate_gelem_s=1.510046 parent_wall_us=69.7110 candidate_wall_us=66.7910 paired_delta_us=13.3200
LOCAL_SAMPLE case=bf16-128x256 pair=30 order=C,P parent_device_us=10.6200 candidate_device_us=8.8200 parent_gelem_s=3.085499 candidate_gelem_s=3.715193 parent_wall_us=69.7610 candidate_wall_us=72.0010 paired_delta_us=-1.8000
LOCAL_SAMPLE case=bf16-128x256 pair=31 order=P,C parent_device_us=10.5000 candidate_device_us=20.2000 parent_gelem_s=3.120762 candidate_gelem_s=1.622178 parent_wall_us=80.3010 candidate_wall_us=70.8210 paired_delta_us=9.7000
LOCAL_STATS case=bf16-128x256 metric=device_us binary=PARENT_R31B_V011 n=31 median=15.7800 mean=14.3865 stdev=5.4683 cv=0.38010 min=6.9600 max=24.5800 mad=5.3200 p10=8.3800 p90=21.1000
LOCAL_STATS case=bf16-128x256 metric=device_us binary=CANDIDATE_V075 n=31 median=15.0000 mean=14.1761 stdev=5.4120 cv=0.38177 min=7.9400 max=21.9200 mad=5.9000 p10=8.3600 p90=21.6400
LOCAL_STATS case=bf16-128x256 metric=wall_us binary=PARENT_R31B_V011 n=31 median=69.1410 mean=71.3077 stdev=8.5727 cv=0.12022 min=61.1700 max=113.7910 mad=1.1700 p10=67.6110 p90=74.8810
LOCAL_STATS case=bf16-128x256 metric=wall_us binary=CANDIDATE_V075 n=31 median=70.0010 mean=71.2755 stdev=6.3369 cv=0.08891 min=59.5610 max=93.3520 mad=1.8900 p10=67.1610 p90=76.7310
LOCAL_STATS case=bf16-128x256 metric=gelem_s binary=PARENT_R31B_V011 n=31 median=2.0766 mean=2.6545 stdev=1.0559 cv=0.39777 min=1.3331 max=4.7080 mad=0.5857 p10=1.5530 p90=3.9103
LOCAL_STATS case=bf16-128x256 metric=gelem_s binary=CANDIDATE_V075 n=31 median=2.1845 mean=2.6792 stdev=1.0147 cv=0.37874 min=1.4949 max=4.1270 mad=0.6800 p10=1.5142 p90=3.9196
LOCAL_STATS case=bf16-128x256 metric=paired_delta_us binary=CANDIDATE_MINUS_PARENT n=31 median=-0.6600 mean=-0.2103 stdev=8.1318 cv=-38.66355 min=-12.1600 max=13.3200 mad=7.1400 p10=-9.3000 p90=11.7000
LOCAL_RESULT route=SYNC-BARRIER-ELISION-X revision=V075 device=3 shape=128x256 dtype=bf16 samples=31 parent_median_us=15.7800 candidate_median_us=15.0000 parent_median_gelem_s=2.076553 candidate_median_gelem_s=2.184533 local_delta_us=-0.6600 local_score_percent=4.182512 candidate_minus_parent_percent=-4.182512
POST_LOCAL_DEVICE3_POWER_W=100.2
POST_LOCAL_DEVICE3_TEMP_C=30
POST_LOCAL_OTHER_PROCESS_PRESENT=YES
POST_LOCAL_PROCESS=python,pid=3456615,memory_mb=3850
POST_LOCAL_HBM_AICORE=not captured by the filtered snapshot; full-context run is local-run3
LOCAL_END_UTC=2026-10-08T19:07:59Z
