LOCAL_RUN=3
LOCAL_START_UTC=2026-10-08T19:08:47Z
DEVICE=3
SHAPE=128x256
DTYPE=bf16
METHOD=device-event; warmup=60; interleaved_parent_candidate_pairs=31
PARENT=exact_R31B_V011
PRE_LOCAL_DEVICE3_POWER_W=100.1
PRE_LOCAL_DEVICE3_TEMP_C=30
PRE_LOCAL_AICORE_LOAD_PERCENT=0
PRE_LOCAL_HBM_USED_MB=7225
PRE_LOCAL_HBM_TOTAL_MB=65536
PRE_LOCAL_FREE_HBM_MB=58311
PRE_LOCAL_OTHER_PROCESS_PRESENT=YES
PRE_LOCAL_PROCESS=python,pid=3456615,memory_mb=3850
LOCAL_SAMPLE case=bf16-128x256 pair=01 order=P,C parent_device_us=20.6200 candidate_device_us=22.3600 parent_gelem_s=1.589137 candidate_gelem_s=1.465474 parent_wall_us=116.5920 candidate_wall_us=90.9010 paired_delta_us=1.7400
LOCAL_SAMPLE case=bf16-128x256 pair=02 order=C,P parent_device_us=7.1800 candidate_device_us=7.1200 parent_gelem_s=4.563788 candidate_gelem_s=4.602247 parent_wall_us=74.6110 candidate_wall_us=81.9910 paired_delta_us=-0.0600
LOCAL_SAMPLE case=bf16-128x256 pair=03 order=P,C parent_device_us=31.4200 candidate_device_us=8.3800 parent_gelem_s=1.042903 candidate_gelem_s=3.910263 parent_wall_us=86.8610 candidate_wall_us=62.3110 paired_delta_us=-23.0400
LOCAL_SAMPLE case=bf16-128x256 pair=04 order=C,P parent_device_us=8.2800 candidate_device_us=7.3800 parent_gelem_s=3.957488 candidate_gelem_s=4.440108 parent_wall_us=70.3810 candidate_wall_us=72.6210 paired_delta_us=-0.9000
LOCAL_SAMPLE case=bf16-128x256 pair=05 order=P,C parent_device_us=9.1400 candidate_device_us=24.6400 parent_gelem_s=3.585120 candidate_gelem_s=1.329870 parent_wall_us=73.2010 candidate_wall_us=70.6110 paired_delta_us=15.5000
LOCAL_SAMPLE case=bf16-128x256 pair=06 order=C,P parent_device_us=23.8200 candidate_device_us=8.4000 parent_gelem_s=1.375651 candidate_gelem_s=3.900953 parent_wall_us=68.7910 candidate_wall_us=73.8010 paired_delta_us=-15.4200
LOCAL_SAMPLE case=bf16-128x256 pair=07 order=P,C parent_device_us=14.4800 candidate_device_us=9.3600 parent_gelem_s=2.262983 candidate_gelem_s=3.500855 parent_wall_us=86.4610 candidate_wall_us=67.3010 paired_delta_us=-5.1200
LOCAL_SAMPLE case=bf16-128x256 pair=08 order=C,P parent_device_us=22.0000 candidate_device_us=20.3600 parent_gelem_s=1.489455 candidate_gelem_s=1.609430 parent_wall_us=69.7910 candidate_wall_us=72.5510 paired_delta_us=-1.6400
LOCAL_SAMPLE case=bf16-128x256 pair=09 order=P,C parent_device_us=10.4400 candidate_device_us=8.7800 parent_gelem_s=3.138697 candidate_gelem_s=3.732119 parent_wall_us=69.7610 candidate_wall_us=73.0110 paired_delta_us=-1.6600
LOCAL_SAMPLE case=bf16-128x256 pair=10 order=C,P parent_device_us=18.2000 candidate_device_us=20.8400 parent_gelem_s=1.800439 candidate_gelem_s=1.572361 parent_wall_us=67.6710 candidate_wall_us=70.6010 paired_delta_us=2.6400
LOCAL_SAMPLE case=bf16-128x256 pair=11 order=P,C parent_device_us=20.7400 candidate_device_us=17.9200 parent_gelem_s=1.579942 candidate_gelem_s=1.828571 parent_wall_us=72.4710 candidate_wall_us=69.5510 paired_delta_us=-2.8200
LOCAL_SAMPLE case=bf16-128x256 pair=12 order=C,P parent_device_us=9.4200 candidate_device_us=17.2800 parent_gelem_s=3.478556 candidate_gelem_s=1.896296 parent_wall_us=71.1810 candidate_wall_us=68.8310 paired_delta_us=7.8600
LOCAL_SAMPLE case=bf16-128x256 pair=13 order=P,C parent_device_us=17.7200 candidate_device_us=25.1000 parent_gelem_s=1.849210 candidate_gelem_s=1.305498 parent_wall_us=69.4110 candidate_wall_us=71.4410 paired_delta_us=7.3800
LOCAL_SAMPLE case=bf16-128x256 pair=14 order=C,P parent_device_us=19.7400 candidate_device_us=21.0600 parent_gelem_s=1.659980 candidate_gelem_s=1.555935 parent_wall_us=73.7210 candidate_wall_us=71.9110 paired_delta_us=1.3200
LOCAL_SAMPLE case=bf16-128x256 pair=15 order=P,C parent_device_us=21.4600 candidate_device_us=8.5200 parent_gelem_s=1.526934 candidate_gelem_s=3.846010 parent_wall_us=70.5010 candidate_wall_us=80.8910 paired_delta_us=-12.9400
LOCAL_SAMPLE case=bf16-128x256 pair=16 order=C,P parent_device_us=17.6800 candidate_device_us=28.4200 parent_gelem_s=1.853394 candidate_gelem_s=1.152991 parent_wall_us=69.9000 candidate_wall_us=76.3910 paired_delta_us=10.7400
LOCAL_SAMPLE case=bf16-128x256 pair=17 order=P,C parent_device_us=7.8800 candidate_device_us=18.8800 parent_gelem_s=4.158375 candidate_gelem_s=1.735593 parent_wall_us=72.6410 candidate_wall_us=70.1500 paired_delta_us=11.0000
LOCAL_SAMPLE case=bf16-128x256 pair=18 order=C,P parent_device_us=8.5600 candidate_device_us=8.8200 parent_gelem_s=3.828037 candidate_gelem_s=3.715193 parent_wall_us=60.1000 candidate_wall_us=72.4510 paired_delta_us=0.2600
LOCAL_SAMPLE case=bf16-128x256 pair=19 order=P,C parent_device_us=27.4200 candidate_device_us=17.1200 parent_gelem_s=1.195040 candidate_gelem_s=1.914019 parent_wall_us=80.1210 candidate_wall_us=72.0010 paired_delta_us=-10.3000
LOCAL_SAMPLE case=bf16-128x256 pair=20 order=C,P parent_device_us=8.3000 candidate_device_us=21.4400 parent_gelem_s=3.947952 candidate_gelem_s=1.528358 parent_wall_us=72.1210 candidate_wall_us=72.0610 paired_delta_us=13.1400
LOCAL_SAMPLE case=bf16-128x256 pair=21 order=P,C parent_device_us=8.9200 candidate_device_us=8.8200 parent_gelem_s=3.673543 candidate_gelem_s=3.715193 parent_wall_us=74.4710 candidate_wall_us=72.9510 paired_delta_us=-0.1000
LOCAL_SAMPLE case=bf16-128x256 pair=22 order=C,P parent_device_us=18.5200 candidate_device_us=8.5000 parent_gelem_s=1.769331 candidate_gelem_s=3.855059 parent_wall_us=69.9210 candidate_wall_us=73.2710 paired_delta_us=-10.0200
LOCAL_SAMPLE case=bf16-128x256 pair=23 order=P,C parent_device_us=14.0600 candidate_device_us=26.7400 parent_gelem_s=2.330583 candidate_gelem_s=1.225430 parent_wall_us=70.3610 candidate_wall_us=82.0110 paired_delta_us=12.6800
LOCAL_SAMPLE case=bf16-128x256 pair=24 order=C,P parent_device_us=8.3000 candidate_device_us=8.5400 parent_gelem_s=3.947952 candidate_gelem_s=3.837002 parent_wall_us=74.4910 candidate_wall_us=78.2310 paired_delta_us=0.2400
LOCAL_SAMPLE case=bf16-128x256 pair=25 order=P,C parent_device_us=11.7600 candidate_device_us=14.6200 parent_gelem_s=2.786395 candidate_gelem_s=2.241313 parent_wall_us=86.5810 candidate_wall_us=75.9210 paired_delta_us=2.8600
LOCAL_SAMPLE case=bf16-128x256 pair=26 order=C,P parent_device_us=8.5200 candidate_device_us=20.2600 parent_gelem_s=3.846010 candidate_gelem_s=1.617374 parent_wall_us=72.5000 candidate_wall_us=71.3600 paired_delta_us=11.7400
LOCAL_SAMPLE case=bf16-128x256 pair=27 order=P,C parent_device_us=18.4400 candidate_device_us=8.6800 parent_gelem_s=1.777006 candidate_gelem_s=3.775115 parent_wall_us=69.4300 candidate_wall_us=77.1900 paired_delta_us=-9.7600
LOCAL_SAMPLE case=bf16-128x256 pair=28 order=C,P parent_device_us=8.8600 candidate_device_us=8.7400 parent_gelem_s=3.698420 candidate_gelem_s=3.749199 parent_wall_us=72.7910 candidate_wall_us=72.2710 paired_delta_us=-0.1200
LOCAL_SAMPLE case=bf16-128x256 pair=29 order=P,C parent_device_us=8.7000 candidate_device_us=17.2200 parent_gelem_s=3.766437 candidate_gelem_s=1.902904 parent_wall_us=69.7010 candidate_wall_us=82.4410 paired_delta_us=8.5200
LOCAL_SAMPLE case=bf16-128x256 pair=30 order=C,P parent_device_us=8.1000 candidate_device_us=21.4200 parent_gelem_s=4.045432 candidate_gelem_s=1.529785 parent_wall_us=71.3410 candidate_wall_us=75.8310 paired_delta_us=13.3200
LOCAL_SAMPLE case=bf16-128x256 pair=31 order=P,C parent_device_us=9.1400 candidate_device_us=27.4400 parent_gelem_s=3.585120 candidate_gelem_s=1.194169 parent_wall_us=82.1110 candidate_wall_us=73.0010 paired_delta_us=18.3000
LOCAL_STATS case=bf16-128x256 metric=device_us binary=PARENT_R31B_V011 n=31 median=11.7600 mean=14.4458 stdev=6.6918 cv=0.46323 min=7.1800 max=31.4200 mad=3.6600 p10=8.2800 p90=22.0000
LOCAL_STATS case=bf16-128x256 metric=device_us binary=CANDIDATE_V075 n=31 median=17.2200 mean=15.9084 stdev=7.0805 cv=0.44508 min=7.1200 max=28.4200 mad=7.8800 p10=8.4000 p90=25.1000
LOCAL_STATS case=bf16-128x256 metric=wall_us binary=PARENT_R31B_V011 n=31 median=72.1210 mean=74.5157 stdev=9.7375 cv=0.13068 min=60.1000 max=116.5920 mad=2.3500 p10=69.4110 p90=86.4610
LOCAL_STATS case=bf16-128x256 metric=wall_us binary=CANDIDATE_V075 n=31 median=72.6210 mean=74.0599 stdev=5.4089 cv=0.07303 min=62.3110 max=90.9010 mad=2.0200 p10=69.5510 p90=81.9910
LOCAL_STATS case=bf16-128x256 metric=gelem_s binary=PARENT_R31B_V011 n=31 median=2.7864 mean=2.7455 stdev=1.1189 cv=0.40753 min=1.0429 max=4.5638 mad=1.0416 p10=1.4895 p90=3.9575
LOCAL_STATS case=bf16-128x256 metric=gelem_s binary=CANDIDATE_V075 n=31 median=1.9029 mean=2.5543 stdev=1.1906 cv=0.46610 min=1.1530 max=4.6022 mad=0.6775 p10=1.3055 p90=3.9010
LOCAL_STATS case=bf16-128x256 metric=paired_delta_us binary=CANDIDATE_MINUS_PARENT n=31 median=0.2600 mean=1.4626 stdev=9.7997 cv=6.70026 min=-23.0400 max=18.3000 mad=7.6000 p10=-10.3000 p90=13.1400
LOCAL_RESULT route=SYNC-BARRIER-ELISION-X revision=V075 device=3 shape=128x256 dtype=bf16 samples=31 parent_median_us=11.7600 candidate_median_us=17.2200 parent_median_gelem_s=2.786395 candidate_median_gelem_s=1.902904 local_delta_us=0.2600 local_score_percent=-2.210885 candidate_minus_parent_percent=2.210885
POST_LOCAL_DEVICE3_POWER_W=101.2
POST_LOCAL_DEVICE3_TEMP_C=30
POST_LOCAL_AICORE_LOAD_PERCENT=1
POST_LOCAL_HBM_USED_MB=7228
POST_LOCAL_HBM_TOTAL_MB=65536
POST_LOCAL_FREE_HBM_MB=58308
POST_LOCAL_OTHER_PROCESS_PRESENT=YES
POST_LOCAL_PROCESS=python,pid=3456615,memory_mb=3850
LOCAL_END_UTC=2026-10-08T19:08:56Z
