LOCAL_RUN=1
LOCAL_START_UTC=2026-10-08T19:07:21Z
DEVICE=3
SHAPE=128x256
DTYPE=bf16
METHOD=device-event; warmup=60; interleaved_parent_candidate_pairs=31
PARENT=exact_R31B_V011
PRE_LOCAL_DEVICE3_POWER_W=99.7
PRE_LOCAL_DEVICE3_TEMP_C=31
PRE_LOCAL_OTHER_PROCESS_PRESENT=YES
PRE_LOCAL_PROCESS=python,pid=3456615,memory_mb=3850
PRE_LOCAL_HBM_AICORE=not captured by the filtered snapshot; full-context run is local-run3
LOCAL_SAMPLE case=bf16-128x256 pair=01 order=P,C parent_device_us=16.6200 candidate_device_us=23.8200 parent_gelem_s=1.971600 candidate_gelem_s=1.375651 parent_wall_us=115.5520 candidate_wall_us=88.6110 paired_delta_us=7.2000
LOCAL_SAMPLE case=bf16-128x256 pair=02 order=C,P parent_device_us=15.9600 candidate_device_us=23.7400 parent_gelem_s=2.053133 candidate_gelem_s=1.380286 parent_wall_us=68.2910 candidate_wall_us=74.7410 paired_delta_us=7.7800
LOCAL_SAMPLE case=bf16-128x256 pair=03 order=P,C parent_device_us=17.7200 candidate_device_us=15.0400 parent_gelem_s=1.849210 candidate_gelem_s=2.178723 parent_wall_us=69.0310 candidate_wall_us=66.8910 paired_delta_us=-2.6800
LOCAL_SAMPLE case=bf16-128x256 pair=04 order=C,P parent_device_us=20.2200 candidate_device_us=18.6000 parent_gelem_s=1.620574 candidate_gelem_s=1.761720 parent_wall_us=65.7310 candidate_wall_us=65.8010 paired_delta_us=-1.6200
LOCAL_SAMPLE case=bf16-128x256 pair=05 order=P,C parent_device_us=6.9200 candidate_device_us=16.0000 parent_gelem_s=4.735260 candidate_gelem_s=2.048000 parent_wall_us=69.1410 candidate_wall_us=67.3610 paired_delta_us=9.0800
LOCAL_SAMPLE case=bf16-128x256 pair=06 order=C,P parent_device_us=24.3200 candidate_device_us=17.0000 parent_gelem_s=1.347368 candidate_gelem_s=1.927529 parent_wall_us=89.8610 candidate_wall_us=66.6510 paired_delta_us=-7.3200
LOCAL_SAMPLE case=bf16-128x256 pair=07 order=P,C parent_device_us=25.0800 candidate_device_us=8.2800 parent_gelem_s=1.306539 candidate_gelem_s=3.957488 parent_wall_us=67.1710 candidate_wall_us=67.7510 paired_delta_us=-16.8000
LOCAL_SAMPLE case=bf16-128x256 pair=08 order=C,P parent_device_us=22.7800 candidate_device_us=19.1400 parent_gelem_s=1.438455 candidate_gelem_s=1.712017 parent_wall_us=65.7010 candidate_wall_us=65.7810 paired_delta_us=-3.6400
LOCAL_SAMPLE case=bf16-128x256 pair=09 order=P,C parent_device_us=20.7600 candidate_device_us=10.4400 parent_gelem_s=1.578420 candidate_gelem_s=3.138697 parent_wall_us=69.4910 candidate_wall_us=64.1710 paired_delta_us=-10.3200
LOCAL_SAMPLE case=bf16-128x256 pair=10 order=C,P parent_device_us=8.4400 candidate_device_us=8.8800 parent_gelem_s=3.882464 candidate_gelem_s=3.690090 parent_wall_us=65.9010 candidate_wall_us=68.0810 paired_delta_us=0.4400
LOCAL_SAMPLE case=bf16-128x256 pair=11 order=P,C parent_device_us=8.7400 candidate_device_us=14.0800 parent_gelem_s=3.749199 candidate_gelem_s=2.327273 parent_wall_us=70.3910 candidate_wall_us=69.3710 paired_delta_us=5.3400
LOCAL_SAMPLE case=bf16-128x256 pair=12 order=C,P parent_device_us=8.4600 candidate_device_us=22.2000 parent_gelem_s=3.873286 candidate_gelem_s=1.476036 parent_wall_us=67.7310 candidate_wall_us=67.2610 paired_delta_us=13.7400
LOCAL_SAMPLE case=bf16-128x256 pair=13 order=P,C parent_device_us=8.0400 candidate_device_us=20.9600 parent_gelem_s=4.075622 candidate_gelem_s=1.563359 parent_wall_us=66.8410 candidate_wall_us=66.3210 paired_delta_us=12.9200
LOCAL_SAMPLE case=bf16-128x256 pair=14 order=C,P parent_device_us=14.2200 candidate_device_us=7.3600 parent_gelem_s=2.304360 candidate_gelem_s=4.452174 parent_wall_us=65.9710 candidate_wall_us=70.8110 paired_delta_us=-6.8600
LOCAL_SAMPLE case=bf16-128x256 pair=15 order=P,C parent_device_us=34.7200 candidate_device_us=9.8200 parent_gelem_s=0.943779 candidate_gelem_s=3.336863 parent_wall_us=99.8120 candidate_wall_us=68.4110 paired_delta_us=-24.9000
LOCAL_SAMPLE case=bf16-128x256 pair=16 order=C,P parent_device_us=17.8600 candidate_device_us=9.0800 parent_gelem_s=1.834715 candidate_gelem_s=3.608810 parent_wall_us=65.7610 candidate_wall_us=68.0410 paired_delta_us=-8.7800
LOCAL_SAMPLE case=bf16-128x256 pair=17 order=P,C parent_device_us=9.0400 candidate_device_us=8.7200 parent_gelem_s=3.624779 candidate_gelem_s=3.757798 parent_wall_us=68.9610 candidate_wall_us=67.6910 paired_delta_us=-0.3200
LOCAL_SAMPLE case=bf16-128x256 pair=18 order=C,P parent_device_us=14.2200 candidate_device_us=6.3800 parent_gelem_s=2.304360 candidate_gelem_s=5.136050 parent_wall_us=66.2510 candidate_wall_us=67.4410 paired_delta_us=-7.8400
LOCAL_SAMPLE case=bf16-128x256 pair=19 order=P,C parent_device_us=19.2800 candidate_device_us=19.1600 parent_gelem_s=1.699585 candidate_gelem_s=1.710230 parent_wall_us=67.3810 candidate_wall_us=65.3010 paired_delta_us=-0.1200
LOCAL_SAMPLE case=bf16-128x256 pair=20 order=C,P parent_device_us=9.1000 candidate_device_us=18.1400 parent_gelem_s=3.600879 candidate_gelem_s=1.806395 parent_wall_us=68.1610 candidate_wall_us=67.5910 paired_delta_us=9.0400
LOCAL_SAMPLE case=bf16-128x256 pair=21 order=P,C parent_device_us=8.6800 candidate_device_us=9.0200 parent_gelem_s=3.775115 candidate_gelem_s=3.632816 parent_wall_us=58.9310 candidate_wall_us=68.5910 paired_delta_us=0.3400
LOCAL_SAMPLE case=bf16-128x256 pair=22 order=C,P parent_device_us=17.4400 candidate_device_us=19.4000 parent_gelem_s=1.878899 candidate_gelem_s=1.689072 parent_wall_us=66.7610 candidate_wall_us=67.7210 paired_delta_us=1.9600
LOCAL_SAMPLE case=bf16-128x256 pair=23 order=P,C parent_device_us=7.4800 candidate_device_us=7.0400 parent_gelem_s=4.380749 candidate_gelem_s=4.654545 parent_wall_us=69.3410 candidate_wall_us=56.8210 paired_delta_us=-0.4400
LOCAL_SAMPLE case=bf16-128x256 pair=24 order=C,P parent_device_us=9.1200 candidate_device_us=7.3200 parent_gelem_s=3.592983 candidate_gelem_s=4.476503 parent_wall_us=66.0710 candidate_wall_us=67.5110 paired_delta_us=-1.8000
LOCAL_SAMPLE case=bf16-128x256 pair=25 order=P,C parent_device_us=8.5800 candidate_device_us=8.6000 parent_gelem_s=3.819114 candidate_gelem_s=3.810232 parent_wall_us=67.1810 candidate_wall_us=69.7710 paired_delta_us=0.0200
LOCAL_SAMPLE case=bf16-128x256 pair=26 order=C,P parent_device_us=8.7200 candidate_device_us=19.3600 parent_gelem_s=3.757798 candidate_gelem_s=1.692562 parent_wall_us=64.9510 candidate_wall_us=66.8610 paired_delta_us=10.6400
LOCAL_SAMPLE case=bf16-128x256 pair=27 order=P,C parent_device_us=7.4800 candidate_device_us=9.4400 parent_gelem_s=4.380749 candidate_gelem_s=3.471186 parent_wall_us=67.7810 candidate_wall_us=68.5210 paired_delta_us=1.9600
LOCAL_SAMPLE case=bf16-128x256 pair=28 order=C,P parent_device_us=8.8600 candidate_device_us=8.8000 parent_gelem_s=3.698420 candidate_gelem_s=3.723636 parent_wall_us=66.3610 candidate_wall_us=68.1010 paired_delta_us=-0.0600
LOCAL_SAMPLE case=bf16-128x256 pair=29 order=P,C parent_device_us=21.1200 candidate_device_us=18.1400 parent_gelem_s=1.551515 candidate_gelem_s=1.806395 parent_wall_us=74.5210 candidate_wall_us=68.8410 paired_delta_us=-2.9800
LOCAL_SAMPLE case=bf16-128x256 pair=30 order=C,P parent_device_us=8.4000 candidate_device_us=8.6000 parent_gelem_s=3.900953 candidate_gelem_s=3.810232 parent_wall_us=68.1610 candidate_wall_us=68.9410 paired_delta_us=0.2000
LOCAL_SAMPLE case=bf16-128x256 pair=31 order=P,C parent_device_us=17.4400 candidate_device_us=17.1400 parent_gelem_s=1.878899 candidate_gelem_s=1.911785 parent_wall_us=67.4110 candidate_wall_us=66.4410 paired_delta_us=-0.3000
LOCAL_STATS case=bf16-128x256 metric=device_us binary=PARENT_R31B_V011 n=31 median=14.2200 mean=14.3813 stdev=6.9114 cv=0.48059 min=6.9200 max=34.7200 mad=5.5400 p10=8.0400 p90=22.7800
LOCAL_STATS case=bf16-128x256 metric=device_us binary=CANDIDATE_V075 n=31 median=14.0800 mean=13.8613 stdev=5.6688 cv=0.40896 min=6.3800 max=23.8200 mad=5.2000 p10=7.3600 p90=20.9600
LOCAL_STATS case=bf16-128x256 metric=wall_us binary=PARENT_R31B_V011 n=31 median=67.4110 mean=70.6646 stdev=11.1307 cv=0.15751 min=58.9310 max=115.5520 mad=1.5100 p10=65.7310 p90=74.5210
LOCAL_STATS case=bf16-128x256 metric=wall_us binary=CANDIDATE_V075 n=31 median=67.6910 mean=68.1355 stdev=4.6661 cv=0.06848 min=56.8210 max=88.6110 mad=0.9000 p10=65.7810 p90=69.7710
LOCAL_STATS case=bf16-128x256 metric=gelem_s binary=PARENT_R31B_V011 n=31 median=2.3044 mean=2.7874 stdev=1.1694 cv=0.41955 min=0.9438 max=4.7353 mad=1.2886 p10=1.4385 p90=4.0756
LOCAL_STATS case=bf16-128x256 metric=gelem_s binary=CANDIDATE_V075 n=31 median=2.3273 mean=2.8072 stdev=1.1621 cv=0.41398 min=1.3757 max=5.1361 mad=0.9470 p10=1.5634 p90=4.4522
LOCAL_STATS case=bf16-128x256 metric=paired_delta_us binary=CANDIDATE_MINUS_PARENT n=31 median=-0.1200 mean=-0.5200 stdev=8.2808 cv=-15.92463 min=-24.9000 max=13.7400 mad=3.5200 p10=-8.7800 p90=9.0800
LOCAL_RESULT route=SYNC-BARRIER-ELISION-X revision=V075 device=3 shape=128x256 dtype=bf16 samples=31 parent_median_us=14.2200 candidate_median_us=14.0800 parent_median_gelem_s=2.304360 candidate_median_gelem_s=2.327273 local_delta_us=-0.1200 local_score_percent=0.843875 candidate_minus_parent_percent=-0.843875
POST_LOCAL_DEVICE3_POWER_W=102.7
POST_LOCAL_DEVICE3_TEMP_C=30
POST_LOCAL_OTHER_PROCESS_PRESENT=YES
POST_LOCAL_PROCESS=python,pid=3456615,memory_mb=3850
POST_LOCAL_HBM_AICORE=not captured by the filtered snapshot; full-context run is local-run3
LOCAL_END_UTC=2026-10-08T19:07:31Z
