=== preflight source identity ===
source path        : /Users/sunyiyang/Desktop/Project/cann/线上结果/SYNC-BARRIER-ELISION-X/V006/submission.asc
line count         : 3553
byte count         : 189976
SHA256             : acff22e50cc4aa2ddea833e6ef8da6625800740ac71cc77841e63cb11c6d6581
first non-empty    : #include <cmath>
last non-empty     : #endif  // !defined(ASCENDC_CPU_DEBUG)
submission.sha256  : (absent)
sidecar match      : N/A
Submitting one request for problem 6a9a9a99bf41025d6013eb85...
submissionId=6ac8c9cc694b590c3c9e6aff
[CANNJudge] status=Running
[CANNJudge] status=Pass
Status: Pass
Submission ID: 6ac8c9cc694b590c3c9e6aff
Passed: 15/15
Maximum output error: 0.000%
Official score: 41.82
Local formula score: 41.825
Formula: s_i = 100 / (1 + log_1.5(time_i / best_time_i)); total = mean(s_i)
Point details (ordered by testcase number; time unit: us):
No. | Status | Error (%) | Time (us) | Best (us) | Point score
----+--------+-----------+-----------+-----------+-----------
  1 | Pass   |     0.000 |      5.33 |      1.14 |     20.817
  2 | Pass   |     0.000 |      3.30 |      1.67 |     37.316
  3 | Pass   |     0.000 |      6.26 |      2.14 |     27.418
  4 | Pass   |     0.000 |     18.89 |      4.72 |     22.623
  5 | Pass   |     0.000 |     10.03 |      5.15 |     37.822
  6 | Pass   |     0.000 |     30.41 |      9.40 |     25.670
  7 | Pass   |     0.000 |     52.72 |     11.22 |     20.764
  8 | Pass   |     0.000 |     70.52 |     30.41 |     32.526
  9 | Pass   |     0.000 |     72.50 |     67.81 |     85.841
 10 | Pass   |     0.000 |     75.13 |     46.79 |     46.127
 11 | Pass   |     0.000 |    162.67 |    130.86 |     65.076
 12 | Pass   |     0.000 |     98.62 |     75.98 |     60.856
 13 | Pass   |     0.000 |    565.14 |    402.72 |     54.476
 14 | Pass   |     0.000 |  16506.93 |   3646.20 |     21.167
 15 | Pass   |     0.000 |   9651.54 |   8035.32 |     68.870
--- input identity ---
local SHA256   : acff22e50cc4aa2ddea833e6ef8da6625800740ac71cc77841e63cb11c6d6581
remote SHA256  : acff22e50cc4aa2ddea833e6ef8da6625800740ac71cc77841e63cb11c6d6581
identityStatus : LOCAL_SHA_EQ_REMOTE_SHA
formalResultEligible: true
