LOCAL_SAMPLE case=fp16-8x128 pair=01 order=P,C parent_device_us=24.8600 candidate_device_us=23.3800 parent_gelem_s=0.041191 candidate_gelem_s=0.043798 parent_wall_us=108.0010 candidate_wall_us=85.1110 paired_delta_us=-1.4800
LOCAL_SAMPLE case=fp16-8x128 pair=02 order=C,P parent_device_us=20.5800 candidate_device_us=7.0000 parent_gelem_s=0.049757 candidate_gelem_s=0.146286 parent_wall_us=70.5600 candidate_wall_us=78.2710 paired_delta_us=-13.5800
LOCAL_SAMPLE case=fp16-8x128 pair=03 order=P,C parent_device_us=15.3600 candidate_device_us=21.6800 parent_gelem_s=0.066667 candidate_gelem_s=0.047232 parent_wall_us=70.2200 candidate_wall_us=68.2210 paired_delta_us=6.3200
LOCAL_SAMPLE case=fp16-8x128 pair=04 order=C,P parent_device_us=17.9400 candidate_device_us=13.2600 parent_gelem_s=0.057079 candidate_gelem_s=0.077225 parent_wall_us=70.3410 candidate_wall_us=68.4000 paired_delta_us=-4.6800
LOCAL_SAMPLE case=fp16-8x128 pair=05 order=P,C parent_device_us=4.1400 candidate_device_us=19.0200 parent_gelem_s=0.247343 candidate_gelem_s=0.053838 parent_wall_us=71.0700 candidate_wall_us=69.8100 paired_delta_us=14.8800
LOCAL_SAMPLE case=fp16-8x128 pair=06 order=C,P parent_device_us=17.6600 candidate_device_us=3.8600 parent_gelem_s=0.057984 candidate_gelem_s=0.265285 parent_wall_us=66.7300 candidate_wall_us=67.7510 paired_delta_us=-13.8000
LOCAL_SAMPLE case=fp16-8x128 pair=07 order=P,C parent_device_us=18.4800 candidate_device_us=23.0600 parent_gelem_s=0.055411 candidate_gelem_s=0.044406 parent_wall_us=68.0010 candidate_wall_us=67.6600 paired_delta_us=4.5800
LOCAL_SAMPLE case=fp16-8x128 pair=08 order=C,P parent_device_us=6.8600 candidate_device_us=6.2200 parent_gelem_s=0.149271 candidate_gelem_s=0.164630 parent_wall_us=100.0110 candidate_wall_us=69.0510 paired_delta_us=-0.6400
LOCAL_SAMPLE case=fp16-8x128 pair=09 order=P,C parent_device_us=6.5400 candidate_device_us=6.4400 parent_gelem_s=0.156575 candidate_gelem_s=0.159006 parent_wall_us=75.8800 candidate_wall_us=76.0410 paired_delta_us=-0.1000
LOCAL_SAMPLE case=fp16-8x128 pair=10 order=C,P parent_device_us=6.5400 candidate_device_us=4.2200 parent_gelem_s=0.156575 candidate_gelem_s=0.242654 parent_wall_us=67.8200 candidate_wall_us=70.1710 paired_delta_us=-2.3200
LOCAL_SAMPLE case=fp16-8x128 pair=11 order=P,C parent_device_us=16.8800 candidate_device_us=5.5400 parent_gelem_s=0.060664 candidate_gelem_s=0.184838 parent_wall_us=69.8010 candidate_wall_us=69.8400 paired_delta_us=-11.3400
LOCAL_SAMPLE case=fp16-8x128 pair=12 order=C,P parent_device_us=7.5000 candidate_device_us=6.5000 parent_gelem_s=0.136533 candidate_gelem_s=0.157538 parent_wall_us=66.7510 candidate_wall_us=68.5010 paired_delta_us=-1.0000
LOCAL_SAMPLE case=fp16-8x128 pair=13 order=P,C parent_device_us=6.3000 candidate_device_us=19.4800 parent_gelem_s=0.162540 candidate_gelem_s=0.052567 parent_wall_us=67.8400 candidate_wall_us=67.2710 paired_delta_us=13.1800
LOCAL_SAMPLE case=fp16-8x128 pair=14 order=C,P parent_device_us=6.9000 candidate_device_us=6.0800 parent_gelem_s=0.148406 candidate_gelem_s=0.168421 parent_wall_us=68.2310 candidate_wall_us=68.9800 paired_delta_us=-0.8200
LOCAL_SAMPLE case=fp16-8x128 pair=15 order=P,C parent_device_us=16.1200 candidate_device_us=14.0000 parent_gelem_s=0.063524 candidate_gelem_s=0.073143 parent_wall_us=67.8200 candidate_wall_us=66.4000 paired_delta_us=-2.1200
LOCAL_SAMPLE case=fp16-8x128 pair=16 order=C,P parent_device_us=14.6200 candidate_device_us=22.7800 parent_gelem_s=0.070041 candidate_gelem_s=0.044952 parent_wall_us=71.8900 candidate_wall_us=81.1310 paired_delta_us=8.1600
LOCAL_SAMPLE case=fp16-8x128 pair=17 order=P,C parent_device_us=7.0000 candidate_device_us=6.4400 parent_gelem_s=0.146286 candidate_gelem_s=0.159006 parent_wall_us=70.3710 candidate_wall_us=73.1210 paired_delta_us=-0.5600
LOCAL_SAMPLE case=fp16-8x128 pair=18 order=C,P parent_device_us=18.8800 candidate_device_us=15.8800 parent_gelem_s=0.054237 candidate_gelem_s=0.064484 parent_wall_us=68.2510 candidate_wall_us=67.4500 paired_delta_us=-3.0000
LOCAL_SAMPLE case=fp16-8x128 pair=19 order=P,C parent_device_us=7.5400 candidate_device_us=16.0600 parent_gelem_s=0.135809 candidate_gelem_s=0.063761 parent_wall_us=70.4200 candidate_wall_us=67.5310 paired_delta_us=8.5200
LOCAL_SAMPLE case=fp16-8x128 pair=20 order=C,P parent_device_us=20.3000 candidate_device_us=24.9600 parent_gelem_s=0.050443 candidate_gelem_s=0.041026 parent_wall_us=85.3100 candidate_wall_us=73.7610 paired_delta_us=4.6600
LOCAL_SAMPLE case=fp16-8x128 pair=21 order=P,C parent_device_us=23.8600 candidate_device_us=17.7200 parent_gelem_s=0.042917 candidate_gelem_s=0.057788 parent_wall_us=71.1710 candidate_wall_us=69.7110 paired_delta_us=-6.1400
LOCAL_SAMPLE case=fp16-8x128 pair=22 order=C,P parent_device_us=21.6600 candidate_device_us=7.3200 parent_gelem_s=0.047276 candidate_gelem_s=0.139891 parent_wall_us=69.6810 candidate_wall_us=70.0400 paired_delta_us=-14.3400
LOCAL_SAMPLE case=fp16-8x128 pair=23 order=P,C parent_device_us=11.5600 candidate_device_us=5.9800 parent_gelem_s=0.088581 candidate_gelem_s=0.171237 parent_wall_us=70.3500 candidate_wall_us=69.0010 paired_delta_us=-5.5800
LOCAL_SAMPLE case=fp16-8x128 pair=24 order=C,P parent_device_us=6.7400 candidate_device_us=11.8000 parent_gelem_s=0.151929 candidate_gelem_s=0.086780 parent_wall_us=70.7300 candidate_wall_us=73.2410 paired_delta_us=5.0600
LOCAL_SAMPLE case=fp16-8x128 pair=25 order=P,C parent_device_us=7.1000 candidate_device_us=6.2800 parent_gelem_s=0.144225 candidate_gelem_s=0.163057 parent_wall_us=59.9010 candidate_wall_us=68.0400 paired_delta_us=-0.8200
LOCAL_SAMPLE case=fp16-8x128 pair=26 order=C,P parent_device_us=17.4400 candidate_device_us=6.3600 parent_gelem_s=0.058716 candidate_gelem_s=0.161006 parent_wall_us=67.1600 candidate_wall_us=61.3210 paired_delta_us=-11.0800
LOCAL_SAMPLE case=fp16-8x128 pair=27 order=P,C parent_device_us=22.3200 candidate_device_us=31.3800 parent_gelem_s=0.045878 candidate_gelem_s=0.032632 parent_wall_us=83.2310 candidate_wall_us=80.5810 paired_delta_us=9.0600
LOCAL_SAMPLE case=fp16-8x128 pair=28 order=C,P parent_device_us=18.6400 candidate_device_us=15.3200 parent_gelem_s=0.054936 candidate_gelem_s=0.066841 parent_wall_us=67.8410 candidate_wall_us=68.4000 paired_delta_us=-3.3200
LOCAL_SAMPLE case=fp16-8x128 pair=29 order=P,C parent_device_us=18.1000 candidate_device_us=6.1800 parent_gelem_s=0.056575 candidate_gelem_s=0.165696 parent_wall_us=68.9600 candidate_wall_us=72.7000 paired_delta_us=-11.9200
LOCAL_SAMPLE case=fp16-8x128 pair=30 order=C,P parent_device_us=7.0800 candidate_device_us=25.7200 parent_gelem_s=0.144633 candidate_gelem_s=0.039813 parent_wall_us=61.9300 candidate_wall_us=81.9010 paired_delta_us=18.6400
LOCAL_SAMPLE case=fp16-8x128 pair=31 order=P,C parent_device_us=18.8200 candidate_device_us=18.9800 parent_gelem_s=0.054410 candidate_gelem_s=0.053952 parent_wall_us=67.6210 candidate_wall_us=67.3300 paired_delta_us=0.1600
LOCAL_STATS case=fp16-8x128 metric=device_us binary=PARENT_R31B_V011 n=31 median=16.1200 mean=14.0103 stdev=6.4385 cv=0.45955 min=4.1400 max=24.8600 mad=5.5400 p10=6.5400 p90=21.6600
LOCAL_STATS case=fp16-8x128 metric=device_us binary=CANDIDATE_V060 n=31 median=13.2600 mean=13.5129 stdev=7.8910 cv=0.58396 min=3.8600 max=31.3800 mad=6.9000 p10=5.9800 p90=23.3800
LOCAL_STATS case=fp16-8x128 metric=wall_us binary=PARENT_R31B_V011 n=31 median=69.8010 mean=72.0611 stdev=9.8267 cv=0.13637 min=59.9010 max=108.0010 mad=1.9600 p10=66.7510 p90=83.2310
LOCAL_STATS case=fp16-8x128 metric=wall_us binary=CANDIDATE_V060 n=31 median=69.0510 mean=71.1851 stdev=5.3303 cv=0.07488 min=61.3210 max=85.1110 mad=1.5200 p10=67.3300 p90=80.5810
LOCAL_STATS case=fp16-8x128 metric=gelem_s binary=PARENT_R31B_V011 n=31 median=0.0635 mean=0.0954 stdev=0.0533 cv=0.55927 min=0.0412 max=0.2473 mad=0.0176 p10=0.0473 p90=0.1566
LOCAL_STATS case=fp16-8x128 metric=gelem_s binary=CANDIDATE_V060 n=31 median=0.0772 mean=0.1094 stdev=0.0656 cv=0.59946 min=0.0326 max=0.2653 mad=0.0374 p10=0.0438 p90=0.1712
LOCAL_STATS case=fp16-8x128 metric=paired_delta_us binary=CANDIDATE_MINUS_PARENT n=31 median=-0.8200 mean=-0.4974 stdev=8.4937 cv=-17.07548 min=-14.3400 max=18.6400 mad=5.4000 p10=-11.9200 p90=9.0600
LOCAL_RESULT route=SYNC-BARRIER-ELISION-X revision=V060 device=3 shape=8x128 dtype=fp16 samples=31 parent_median_us=16.1200 candidate_median_us=13.2600 parent_median_gelem_s=0.063524 candidate_median_gelem_s=0.077225 local_delta_us=-0.8200 local_score_percent=5.086850 candidate_minus_parent_percent=-5.086850
RUNNER_RC=0
