SAME_BINARY_SAMPLE binary=CANDIDATE_V060 case=fp16-8x128 pair=01 order=A,B first_device_us=22.7200 second_device_us=20.7800 first_gelem_s=0.045070 second_gelem_s=0.049278 first_wall_us=102.5010 second_wall_us=80.1210 second_minus_first_us=-1.9400
SAME_BINARY_SAMPLE binary=CANDIDATE_V060 case=fp16-8x128 pair=02 order=B,A first_device_us=19.9600 second_device_us=5.0200 first_gelem_s=0.051303 second_gelem_s=0.203984 first_wall_us=72.4110 second_wall_us=66.3700 second_minus_first_us=-14.9400
SAME_BINARY_SAMPLE binary=CANDIDATE_V060 case=fp16-8x128 pair=03 order=A,B first_device_us=8.6400 second_device_us=5.9800 first_gelem_s=0.118519 second_gelem_s=0.171237 first_wall_us=64.8010 second_wall_us=66.5900 second_minus_first_us=-2.6600
SAME_BINARY_SAMPLE binary=CANDIDATE_V060 case=fp16-8x128 pair=04 order=B,A first_device_us=7.0800 second_device_us=4.3200 first_gelem_s=0.144633 second_gelem_s=0.237037 first_wall_us=65.8000 second_wall_us=66.1710 second_minus_first_us=-2.7600
SAME_BINARY_SAMPLE binary=CANDIDATE_V060 case=fp16-8x128 pair=05 order=A,B first_device_us=19.1800 second_device_us=4.0000 first_gelem_s=0.053389 second_gelem_s=0.256000 first_wall_us=64.5500 second_wall_us=68.3810 second_minus_first_us=-15.1800
SAME_BINARY_SAMPLE binary=CANDIDATE_V060 case=fp16-8x128 pair=06 order=B,A first_device_us=15.8600 second_device_us=4.4600 first_gelem_s=0.064565 second_gelem_s=0.229596 first_wall_us=64.5000 second_wall_us=65.8610 second_minus_first_us=-11.4000
SAME_BINARY_SAMPLE binary=CANDIDATE_V060 case=fp16-8x128 pair=07 order=A,B first_device_us=5.1600 second_device_us=19.6600 first_gelem_s=0.198450 second_gelem_s=0.052085 first_wall_us=66.1710 second_wall_us=62.6400 second_minus_first_us=14.5000
SAME_BINARY_SAMPLE binary=CANDIDATE_V060 case=fp16-8x128 pair=08 order=B,A first_device_us=3.9600 second_device_us=3.9200 first_gelem_s=0.258586 second_gelem_s=0.261224 first_wall_us=66.7010 second_wall_us=67.8800 second_minus_first_us=-0.0400
SAME_BINARY_SAMPLE binary=CANDIDATE_V060 case=fp16-8x128 pair=09 order=A,B first_device_us=19.0800 second_device_us=21.0600 first_gelem_s=0.053669 second_gelem_s=0.048623 first_wall_us=64.4110 second_wall_us=120.4410 second_minus_first_us=1.9800
SAME_BINARY_SAMPLE binary=CANDIDATE_V060 case=fp16-8x128 pair=10 order=B,A first_device_us=5.2200 second_device_us=4.3400 first_gelem_s=0.196169 second_gelem_s=0.235945 first_wall_us=69.1210 second_wall_us=67.6700 second_minus_first_us=-0.8800
SAME_BINARY_SAMPLE binary=CANDIDATE_V060 case=fp16-8x128 pair=11 order=A,B first_device_us=12.7800 second_device_us=5.6600 first_gelem_s=0.080125 second_gelem_s=0.180919 first_wall_us=65.6110 second_wall_us=65.3200 second_minus_first_us=-7.1200
SAME_BINARY_SAMPLE binary=CANDIDATE_V060 case=fp16-8x128 pair=12 order=B,A first_device_us=6.3400 second_device_us=4.5200 first_gelem_s=0.161514 second_gelem_s=0.226549 first_wall_us=72.2510 second_wall_us=66.7610 second_minus_first_us=-1.8200
SAME_BINARY_SAMPLE binary=CANDIDATE_V060 case=fp16-8x128 pair=13 order=A,B first_device_us=16.4000 second_device_us=4.1200 first_gelem_s=0.062439 second_gelem_s=0.248544 first_wall_us=67.3400 second_wall_us=71.6910 second_minus_first_us=-12.2800
SAME_BINARY_SAMPLE binary=CANDIDATE_V060 case=fp16-8x128 pair=14 order=B,A first_device_us=4.1600 second_device_us=6.2600 first_gelem_s=0.246154 second_gelem_s=0.163578 first_wall_us=71.3300 second_wall_us=57.5210 second_minus_first_us=2.1000
SAME_BINARY_SAMPLE binary=CANDIDATE_V060 case=fp16-8x128 pair=15 order=A,B first_device_us=21.9200 second_device_us=4.0200 first_gelem_s=0.046715 second_gelem_s=0.254726 first_wall_us=65.3800 second_wall_us=66.1200 second_minus_first_us=-17.9000
SAME_BINARY_SAMPLE binary=CANDIDATE_V060 case=fp16-8x128 pair=16 order=B,A first_device_us=26.5600 second_device_us=6.1800 first_gelem_s=0.038554 second_gelem_s=0.165696 first_wall_us=77.8310 second_wall_us=57.2300 second_minus_first_us=-20.3800
SAME_BINARY_SAMPLE binary=CANDIDATE_V060 case=fp16-8x128 pair=17 order=A,B first_device_us=14.7000 second_device_us=13.7200 first_gelem_s=0.069660 second_gelem_s=0.074636 first_wall_us=66.7310 second_wall_us=65.3300 second_minus_first_us=-0.9800
SAME_BINARY_SAMPLE binary=CANDIDATE_V060 case=fp16-8x128 pair=18 order=B,A first_device_us=21.8600 second_device_us=19.3200 first_gelem_s=0.046844 second_gelem_s=0.053002 first_wall_us=67.7700 second_wall_us=68.0510 second_minus_first_us=-2.5400
SAME_BINARY_SAMPLE binary=CANDIDATE_V060 case=fp16-8x128 pair=19 order=A,B first_device_us=4.3800 second_device_us=6.4400 first_gelem_s=0.233790 second_gelem_s=0.159006 first_wall_us=68.0300 second_wall_us=59.2910 second_minus_first_us=2.0600
SAME_BINARY_SAMPLE binary=CANDIDATE_V060 case=fp16-8x128 pair=20 order=B,A first_device_us=5.0600 second_device_us=4.1000 first_gelem_s=0.202372 second_gelem_s=0.249756 first_wall_us=66.9710 second_wall_us=70.7400 second_minus_first_us=-0.9600
SAME_BINARY_SAMPLE binary=CANDIDATE_V060 case=fp16-8x128 pair=21 order=A,B first_device_us=15.3400 second_device_us=4.3200 first_gelem_s=0.066754 second_gelem_s=0.237037 first_wall_us=67.1810 second_wall_us=67.4700 second_minus_first_us=-11.0200
SAME_BINARY_SAMPLE binary=CANDIDATE_V060 case=fp16-8x128 pair=22 order=B,A first_device_us=5.3000 second_device_us=7.6600 first_gelem_s=0.193208 second_gelem_s=0.133681 first_wall_us=66.1110 second_wall_us=57.4700 second_minus_first_us=2.3600
SAME_BINARY_SAMPLE binary=CANDIDATE_V060 case=fp16-8x128 pair=23 order=A,B first_device_us=9.8000 second_device_us=4.1800 first_gelem_s=0.104490 second_gelem_s=0.244976 first_wall_us=65.9300 second_wall_us=69.1210 second_minus_first_us=-5.6200
SAME_BINARY_SAMPLE binary=CANDIDATE_V060 case=fp16-8x128 pair=24 order=B,A first_device_us=22.1600 second_device_us=14.5000 first_gelem_s=0.046209 second_gelem_s=0.070621 first_wall_us=84.8200 second_wall_us=64.4910 second_minus_first_us=-7.6600
SAME_BINARY_SAMPLE binary=CANDIDATE_V060 case=fp16-8x128 pair=25 order=A,B first_device_us=4.3400 second_device_us=4.3800 first_gelem_s=0.235945 second_gelem_s=0.233790 first_wall_us=67.5510 second_wall_us=85.8000 second_minus_first_us=0.0400
SAME_BINARY_SAMPLE binary=CANDIDATE_V060 case=fp16-8x128 pair=26 order=B,A first_device_us=3.9400 second_device_us=3.8200 first_gelem_s=0.259898 second_gelem_s=0.268063 first_wall_us=68.5310 second_wall_us=67.7700 second_minus_first_us=-0.1200
SAME_BINARY_SAMPLE binary=CANDIDATE_V060 case=fp16-8x128 pair=27 order=A,B first_device_us=3.8800 second_device_us=17.2600 first_gelem_s=0.263918 second_gelem_s=0.059328 first_wall_us=70.0600 second_wall_us=63.9810 second_minus_first_us=13.3800
SAME_BINARY_SAMPLE binary=CANDIDATE_V060 case=fp16-8x128 pair=28 order=B,A first_device_us=5.5400 second_device_us=21.8800 first_gelem_s=0.184838 second_gelem_s=0.046801 first_wall_us=66.8000 second_wall_us=65.7310 second_minus_first_us=16.3400
SAME_BINARY_SAMPLE binary=CANDIDATE_V060 case=fp16-8x128 pair=29 order=A,B first_device_us=7.2400 second_device_us=19.6600 first_gelem_s=0.141436 second_gelem_s=0.052085 first_wall_us=65.0700 second_wall_us=63.4500 second_minus_first_us=12.4200
SAME_BINARY_SAMPLE binary=CANDIDATE_V060 case=fp16-8x128 pair=30 order=B,A first_device_us=19.3400 second_device_us=17.8600 first_gelem_s=0.052947 second_gelem_s=0.057335 first_wall_us=64.2910 second_wall_us=63.9100 second_minus_first_us=-1.4800
SAME_BINARY_SAMPLE binary=CANDIDATE_V060 case=fp16-8x128 pair=31 order=A,B first_device_us=10.6200 second_device_us=4.3600 first_gelem_s=0.096422 second_gelem_s=0.234862 first_wall_us=65.3210 second_wall_us=66.2800 second_minus_first_us=-6.2600
LOCAL_STATS case=CANDIDATE_V060 metric=device_us binary=same_binary_first n=31 median=9.8000 mean=11.8877 stdev=7.2934 cv=0.61352 min=3.8800 max=26.5600 mad=5.5400 p10=4.1600 p90=21.9200
LOCAL_STATS case=CANDIDATE_V060 metric=device_us binary=same_binary_second n=31 median=5.6600 mean=9.2826 stdev=6.7408 cv=0.72618 min=3.8200 max=21.8800 mad=1.5600 p10=4.0200 p90=19.6600
LOCAL_STATS case=CANDIDATE_V060 metric=paired_delta_us binary=same_binary_second_minus_first n=31 median=-1.8200 mean=-2.6052 stdev=8.9872 cv=-3.44977 min=-20.3800 max=16.3400 mad=3.9200 p10=-14.9400 p90=12.4200
LOCAL_STATS case=CANDIDATE_V060 metric=gelem_s binary=same_binary_first n=31 median=0.1045 mean=0.1296 stdev=0.0797 cv=0.61492 min=0.0386 max=0.2639 mad=0.0576 p10=0.0467 p90=0.2462
LOCAL_STATS case=CANDIDATE_V060 metric=gelem_s binary=same_binary_second n=31 median=0.1809 mean=0.1665 stdev=0.0839 cv=0.50420 min=0.0468 max=0.2681 mad=0.0676 p10=0.0521 p90=0.2547
LOCAL_STATS case=CANDIDATE_V060 metric=wall_us binary=same_binary_first n=31 median=66.8000 mean=69.0928 stdev=7.5273 cv=0.10894 min=64.2910 max=102.5010 mad=1.4790 p10=64.5500 p90=72.4110
LOCAL_STATS case=CANDIDATE_V060 metric=wall_us binary=same_binary_second n=31 median=66.2800 mean=68.2469 stdev=11.2281 cv=0.16452 min=57.2300 max=120.4410 mad=1.7890 p10=59.2910 p90=71.6910
SAME_BINARY_QUALIFICATION binary=CANDIDATE_V060 case=fp16-8x128 samples=31 first_mad_over_median=0.565306 second_mad_over_median=0.275618 median_drift_fraction=0.535576
SAME_BINARY_SUMMARY binary=CANDIDATE_V060 device=3 shape=8x128 dtype=fp16 samples=31
RUNNER_RC=0
