2026-10-09 16:15:16 [INFO] [3734826] [3734826] [time_logger.h:28] DeviceContextEntry  start
2026-10-09 16:15:16 [INFO] [3734826] [3734831] [parser.cpp:51] loop: /home/data4t2/lelinfeng/cann-w5-r04-l2/研究/GM-L2-CACHE-POLICY-X/profile-existing-parent-memory-l2-20261009/msprof-memory-output-abs/PROF_000001_20261009161509422_JEILMRDHEHIAEBDA/device_3/data/stars_soc.data.3.slice_0, file size: 84992
2026-10-09 16:15:16 [INFO] [3734826] [3734831] [parser.cpp:54] total size: 84992
2026-10-09 16:15:16 [INFO] [3734826] [3734834] [parser.cpp:51] loop: /home/data4t2/lelinfeng/cann-w5-r04-l2/研究/GM-L2-CACHE-POLICY-X/profile-existing-parent-memory-l2-20261009/msprof-memory-output-abs/PROF_000001_20261009161509422_JEILMRDHEHIAEBDA/device_3/data/lpmFreqConv.data.3.slice_0, file size: 2664
2026-10-09 16:15:16 [INFO] [3734826] [3734834] [parser.cpp:54] total size: 2664
2026-10-09 16:15:16 [INFO] [3734826] [3734831] [parser.cpp:159] Parse filePrefix is: stars_soc., the number of files is: 1, and the total size of all files is: 84992
2026-10-09 16:15:16 [INFO] [3734826] [3734834] [parser.cpp:159] Parse filePrefix is: lpmFreqConv., the number of files is: 1, and the total size of all files is: 2664
2026-10-09 16:15:16 [INFO] [3734826] [3734833] [parser.cpp:51] loop: /home/data4t2/lelinfeng/cann-w5-r04-l2/研究/GM-L2-CACHE-POLICY-X/profile-existing-parent-memory-l2-20261009/msprof-memory-output-abs/PROF_000001_20261009161509422_JEILMRDHEHIAEBDA/device_3/data/ts_track.data.3.slice_0, file size: 40
2026-10-09 16:15:16 [INFO] [3734826] [3734832] [parser.cpp:51] loop: /home/data4t2/lelinfeng/cann-w5-r04-l2/研究/GM-L2-CACHE-POLICY-X/profile-existing-parent-memory-l2-20261009/msprof-memory-output-abs/PROF_000001_20261009161509422_JEILMRDHEHIAEBDA/device_3/data/ffts_profile.data.3.slice_0, file size: 33024
2026-10-09 16:15:16 [INFO] [3734826] [3734833] [parser.cpp:54] total size: 40
2026-10-09 16:15:16 [INFO] [3734826] [3734832] [parser.cpp:54] total size: 33024
2026-10-09 16:15:16 [INFO] [3734826] [3734833] [parser.cpp:159] Parse filePrefix is: ts_track., the number of files is: 1, and the total size of all files is: 40
2026-10-09 16:15:16 [INFO] [3734826] [3734834] [parser.cpp:87] Data has been read to the memory successfully!
2026-10-09 16:15:16 [INFO] [3734826] [3734832] [parser.cpp:159] Parse filePrefix is: ffts_profile, the number of files is: 1, and the total size of all files is: 33024
2026-10-09 16:15:16 [INFO] [3734826] [3734834] [freq_parser.cpp:67] FreqProfileData structCount is : 3
2026-10-09 16:15:16 [INFO] [3734826] [3734833] [parser.cpp:87] Data has been read to the memory successfully!
2026-10-09 16:15:16 [INFO] [3734826] [3734834] [freq_parser.cpp:95] Freq.data parser is completed, begin to save data into dataInventory!
2026-10-09 16:15:16 [INFO] [3734826] [3734833] [ts_track_parser.cpp:65] TsTrack structCount: 1
2026-10-09 16:15:16 [INFO] [3734826] [3734834] [parser.cpp:177] Parser is completed!
2026-10-09 16:15:16 [INFO] [3734826] [3734831] [parser.cpp:87] Data has been read to the memory successfully!
2026-10-09 16:15:16 [INFO] [3734826] [3734833] [parser.cpp:177] Parser is completed!
2026-10-09 16:15:16 [INFO] [3734826] [3734831] [stars_soc_parser.cpp:76] StarsSoc structCount: 1328
2026-10-09 16:15:16 [INFO] [3734826] [3734832] [parser.cpp:87] Data has been read to the memory successfully!
2026-10-09 16:15:16 [INFO] [3734826] [3734832] [ffts_profile_parser.cpp:78] FftsProfileData structCount is : 258
2026-10-09 16:15:16 [WARN] [3734826] [3734835] [connection.cpp:68] sqlite3_exec return 1, Failed to check: no such table: StreamExpandSpec
2026-10-09 16:15:16 [WARN] [3734826] [3734835] [ load_stream_expand_spec_data.cpp:42] There is no StreamExpandSpec
2026-10-09 16:15:16 [INFO] [3734826] [3734832] [ffts_profile_parser.cpp:92] Ffts_profile.data parser is completed, begin to save data into dataInventory!
2026-10-09 16:15:16 [INFO] [3734826] [3734832] [parser.cpp:177] Parser is completed!
2026-10-09 16:15:16 [INFO] [3734826] [3734831] [parser.cpp:177] Parser is completed!
2026-10-09 16:15:16 [INFO] [3734826] [3734830] [process_control.cpp:189] Level[0]Release Data Types: 
2026-10-09 16:15:16 [INFO] [3734826] [3734839] [freq_persistence.cpp:46] Start to process /home/data4t2/lelinfeng/cann-w5-r04-l2/研究/GM-L2-CACHE-POLICY-X/profile-existing-parent-memory-l2-20261009/msprof-memory-output-abs/PROF_000001_20261009161509422_JEILMRDHEHIAEBDA/device_3/sqlite/freq.db.
2026-10-09 16:15:16 [INFO] [3734826] [3734842] [pmu_modeling.cpp:48] PMU modeling has done!
2026-10-09 16:15:16 [INFO] [3734826] [3734838] [step_trace_process.cpp:197] Start to process step trace data
2026-10-09 16:15:16 [INFO] [3734826] [3734840] [time_logger.h:28] LogModeling::SplitLogGroups  start
2026-10-09 16:15:16 [INFO] [3734826] [3734839] [persistence_utils.h:39] Processor Save FreqParse Data.
2026-10-09 16:15:16 [WARN] [3734826] [3734838] [step_trace_process.cpp:200] stepData is empty
2026-10-09 16:15:16 [INFO] [3734826] [3734841] [acc_pmu_persistence.cpp:57] Start to process /home/data4t2/lelinfeng/cann-w5-r04-l2/研究/GM-L2-CACHE-POLICY-X/profile-existing-parent-memory-l2-20261009/msprof-memory-output-abs/PROF_000001_20261009161509422_JEILMRDHEHIAEBDA/device_3/sqlite/acc_pmu.db.
2026-10-09 16:15:16 [INFO] [3734826] [3734839] [db_runner.cpp:49] Start create FreqParse
2026-10-09 16:15:16 [INFO] [3734826] [3734841] [acc_pmu_persistence.cpp:61] There is no acc pmu data don't need to persistence!
2026-10-09 16:15:16 [INFO] [3734826] [3734840] [time_logger.h:35] LogModeling::SplitLogGroups  end, cost time = 0 ms
2026-10-09 16:15:16 [INFO] [3734826] [3734840] [log_modeling.cpp:152] HalLogData size:1328
2026-10-09 16:15:16 [INFO] [3734826] [3734840] [log_modeling.cpp:153] acsqS stream:2, total:664
2026-10-09 16:15:16 [INFO] [3734826] [3734840] [log_modeling.cpp:154] acsqE stream:2, total:664
2026-10-09 16:15:16 [INFO] [3734826] [3734840] [log_modeling.cpp:155] fftsS stream:0, total:0
2026-10-09 16:15:16 [INFO] [3734826] [3734840] [log_modeling.cpp:156] fftsE stream:0, total:0
2026-10-09 16:15:16 [INFO] [3734826] [3734840] [time_logger.h:28] LogModeling::AddToDeviceTask  start
2026-10-09 16:15:16 [INFO] [3734826] [3734839] [db_runner.cpp:62] create FreqParse success
2026-10-09 16:15:16 [INFO] [3734826] [3734839] [db_runner.h:57] Start insert data to FreqParse
2026-10-09 16:15:16 [INFO] [3734826] [3734840] [log_modeling.cpp:224] ACSQ matched count:664
2026-10-09 16:15:16 [INFO] [3734826] [3734840] [log_modeling.cpp:234] FFTS matched count:0
2026-10-09 16:15:16 [INFO] [3734826] [3734840] [time_logger.h:35] LogModeling::AddToDeviceTask  end, cost time = 0 ms
2026-10-09 16:15:16 [INFO] [3734826] [3734839] [db_runner.h:68] insert data to FreqParse success
2026-10-09 16:15:16 [INFO] [3734826] [3734839] [freq_persistence.cpp:55] Process FreqParse done!
2026-10-09 16:15:16 [INFO] [3734826] [3734830] [process_control.cpp:189] Level[1]Release Data Types: St6vectorIN8Analysis6Domain10HalLogDataESaIS2_EE St6vectorIN8Analysis6Domain12HalTrackDataESaIS2_EE 
2026-10-09 16:15:16 [INFO] [3734826] [3734843] [db_runner.h:75] Start query data
2026-10-09 16:15:16 [INFO] [3734826] [3734843] [db_runner.h:86] Query data success: SELECT stream_id, request_id, batch_id, task_id, context_ids, model_id, task_type, connection_id FROM HostTask where device_id = 3
2026-10-09 16:15:16 [INFO] [3734826] [3734843] [db_runner.h:75] Start query data
2026-10-09 16:15:16 [INFO] [3734826] [3734843] [db_runner.h:86] Query data success: SELECT stream_id, batch_id, task_id, context_id, block_dim, mix_block_dim FROM TaskInfo where device_id = 3
2026-10-09 16:15:16 [INFO] [3734826] [3734843] [load_host_data.cpp:101] Read host geinfo 0 not in table.
2026-10-09 16:15:16 [WARN] [3734826] [3734843] [load_host_data.cpp:52] There is no /home/data4t2/lelinfeng/cann-w5-r04-l2/研究/GM-L2-CACHE-POLICY-X/profile-existing-parent-memory-l2-20261009/msprof-memory-output-abs/PROF_000001_20261009161509422_JEILMRDHEHIAEBDA/device_3/..///host//sqlite/hccl.db
2026-10-09 16:15:16 [WARN] [3734826] [3734843] [load_host_data.cpp:52] There is no /home/data4t2/lelinfeng/cann-w5-r04-l2/研究/GM-L2-CACHE-POLICY-X/profile-existing-parent-memory-l2-20261009/msprof-memory-output-abs/PROF_000001_20261009161509422_JEILMRDHEHIAEBDA/device_3/..///host//sqlite/hccl.db
2026-10-09 16:15:16 [INFO] [3734826] [3734830] [process_control.cpp:189] Level[2]Release Data Types: 
2026-10-09 16:15:16 [INFO] [3734826] [3734844] [pmu_association.cpp:38] context pmu count is : 258
2026-10-09 16:15:16 [INFO] [3734826] [3734844] [pmu_association.cpp:39] block pmu count is : 0
2026-10-09 16:15:16 [INFO] [3734826] [3734844] [pmu_association.cpp:246] The acceleratorType of PMU is MIX
2026-10-09 16:15:16 [INFO] [3734826] [3734844] [pmu_association.cpp:186] Context PMU has been calculated!
2026-10-09 16:15:16 [INFO] [3734826] [3734845] [ascend_task_association.cpp:184] Found 664 host device matched task, generate 664 topDownTask
2026-10-09 16:15:16 [INFO] [3734826] [3734830] [process_control.cpp:189] Level[3]Release Data Types: St3mapIN8Analysis6Domain6TaskIdESt6vectorINS1_8HostTaskESaIS4_EESt4lessIS2_ESaISt4pairIKS2_S6_EEE St6vectorIN8Analysis6Domain10HalPmuDataESaIS2_EE St6vectorIN8Analysis6Domain14HalFreqLpmDataESaIS2_EE 
2026-10-09 16:15:16 [INFO] [3734826] [3734847] [hccl_calculator.cpp:51] Start Hccl calculator ProcessEntry.
2026-10-09 16:15:16 [INFO] [3734826] [3734847] [hccl_calculator.cpp:77] Start Hccl calculator GetHcclData.
2026-10-09 16:15:16 [INFO] [3734826] [3734846] [metric_summary_persistence.cpp:273] Start to process /home/data4t2/lelinfeng/cann-w5-r04-l2/研究/GM-L2-CACHE-POLICY-X/profile-existing-parent-memory-l2-20261009/msprof-memory-output-abs/PROF_000001_20261009161509422_JEILMRDHEHIAEBDA/device_3/sqlite/metric_summary.db.
2026-10-09 16:15:16 [INFO] [3734826] [3734847] [hccl_calculator.cpp:106] Start merge hccl task and ascend task.
2026-10-09 16:15:16 [INFO] [3734826] [3734846] [db_runner.cpp:49] Start create MetricSummary
2026-10-09 16:15:16 [INFO] [3734826] [3734847] [hccl_calculator.cpp:205] Start merge hccl op data.
2026-10-09 16:15:16 [INFO] [3734826] [3734847] [hccl_calculator.cpp:274] Start UpdateHcclOpNameByGroupName.
2026-10-09 16:15:16 [INFO] [3734826] [3734847] [hccl_calculator.cpp:300] Start UpdateHcclBandwidth.
2026-10-09 16:15:16 [INFO] [3734826] [3734847] [hccl_calculator.cpp:376] Start GetHcclStatisticsData.
2026-10-09 16:15:16 [WARN] [3734826] [3734847] [hccl_calculator.cpp:378] No op type in hccl data.
2026-10-09 16:15:16 [INFO] [3734826] [3734847] [hccl_calculator.cpp:433] Start inject hccl data.
2026-10-09 16:15:16 [INFO] [3734826] [3734846] [db_runner.cpp:62] create MetricSummary success
2026-10-09 16:15:16 [INFO] [3734826] [3734846] [metric_summary_persistence.cpp:281] Process MetricSummary done!
2026-10-09 16:15:16 [INFO] [3734826] [3734830] [process_control.cpp:189] Level[4]Release Data Types: St3mapIN8Analysis6Domain6TaskIdESt6vectorINS1_10DeviceTaskESaIS4_EESt4lessIS2_ESaISt4pairIKS2_S6_EEE St6vectorIN8Analysis6Domain8HcclTaskESaIS2_EE 
2026-10-09 16:15:16 [INFO] [3734826] [3734849] [device_hccl_persistence.cpp:129] Start to dump device hccl data.
2026-10-09 16:15:16 [INFO] [3734826] [3734850] [ascend_task_persistence.cpp:72] Start to process /home/data4t2/lelinfeng/cann-w5-r04-l2/研究/GM-L2-CACHE-POLICY-X/profile-existing-parent-memory-l2-20261009/msprof-memory-output-abs/PROF_000001_20261009161509422_JEILMRDHEHIAEBDA/device_3/sqlite/ascend_task.db.
2026-10-09 16:15:16 [WARN] [3734826] [3734849] [device_hccl_persistence.cpp:48] Hccl op data is empty.
2026-10-09 16:15:16 [WARN] [3734826] [3734849] [device_hccl_persistence.cpp:76] Hccl task data is empty.
2026-10-09 16:15:16 [WARN] [3734826] [3734849] [device_hccl_persistence.cpp:108] Hccl statistics data is empty.
2026-10-09 16:15:16 [INFO] [3734826] [3734850] [persistence_utils.h:39] Processor Save AscendTask Data.
2026-10-09 16:15:16 [INFO] [3734826] [3734850] [db_runner.cpp:49] Start create AscendTask
2026-10-09 16:15:16 [INFO] [3734826] [3734850] [db_runner.cpp:62] create AscendTask success
2026-10-09 16:15:16 [INFO] [3734826] [3734850] [db_runner.h:57] Start insert data to AscendTask
2026-10-09 16:15:16 [INFO] [3734826] [3734850] [db_runner.h:68] insert data to AscendTask success
2026-10-09 16:15:16 [INFO] [3734826] [3734850] [ascend_task_persistence.cpp:81] Process AscendTask done!
2026-10-09 16:15:16 [INFO] [3734826] [3734830] [process_control.cpp:189] Level[5]Release Data Types: St6vectorI11TopDownTaskSaIS0_EE St6vectorIN8Analysis6Domain14DeviceHcclTaskESaIS2_EE St6vectorIN8Analysis6Domain14HcclStatisticsESaIS2_EE St6vectorIN8Analysis6Domain6HcclOpESaIS2_EE 
2026-10-09 16:15:16 [INFO] [3734826] [3734826] [device_context.cpp:135] stat info: ===============================================================================
deivce file in /home/data4t2/lelinfeng/cann-w5-r04-l2/研究/GM-L2-CACHE-POLICY-X/profile-existing-parent-memory-l2-20261009/msprof-memory-output-abs/PROF_000001_20261009161509422_JEILMRDHEHIAEBDA/device_3
chip id: 5, process levels:6
-------------------------------------------------------------------------------
level[0] generalResult:true, process num:6
	process0[StarsSocParser]:return: 0x0, mandatory:true
		dependProcessNames: 
		startTime:21095483914607 us, duration: 3226 us
	process1[DeviceTaskProcess]:return: 0x0, mandatory:true
		dependProcessNames: 
		startTime:21095483914638 us, duration: 42 us
	process2[FreqParser]:return: 0x0, mandatory:true
		dependProcessNames: 
		startTime:21095483914671 us, duration: 303 us
	process3[LoadStreamExpandSpec]:return: 0x0, mandatory:true
		dependProcessNames: 
		startTime:21095483914711 us, duration: 808 us
	process4[FftsProfileParser]:return: 0x0, mandatory:true
		dependProcessNames: 
		startTime:21095483914745 us, duration: 847 us
	process5[TsTrackParser]:return: 0x0, mandatory:true
		dependProcessNames: 
		startTime:21095483914753 us, duration: 237 us
-------------------------------------------------------------------------------
level[1] generalResult:true, process num:5
	process0[FreqPersistence]:return: 0x0, mandatory:true
		dependProcessNames: FreqParser, 
		startTime:21095483918384 us, duration: 1585 us
	process1[PmuModeling]:return: 0x0, mandatory:true
		dependProcessNames: FftsProfileParser, TsTrackParser, 
		startTime:21095483918393 us, duration: 101 us
	process2[Domain::LogModeling]:return: 0x0, mandatory:true
		dependProcessNames: StarsSocParser, TsTrackParser, 
		startTime:21095483918405 us, duration: 1196 us
	process3[AccPmuPersistence]:return: 0x0, mandatory:true
		dependProcessNames: StarsSocParser, 
		startTime:21095483918415 us, duration: 212 us
	process4[StepTraceProcess]:return: 0x0, mandatory:false
		dependProcessNames: TsTrackParser, 
		startTime:21095483918424 us, duration: 134 us
-------------------------------------------------------------------------------
level[2] generalResult:true, process num:1
	process0[LoadHostData]:return: 0x0, mandatory:false
		dependProcessNames: Domain::LogModeling, 
		startTime:21095483920231 us, duration: 3045 us
-------------------------------------------------------------------------------
level[3] generalResult:true, process num:2
	process0[PmuAssociation]:return: 0x0, mandatory:true
		dependProcessNames: LoadHostData, PmuModeling, 
		startTime:21095483923724 us, duration: 2279 us
	process1[AscendTaskAssociation]:return: 0x0, mandatory:true
		dependProcessNames: LoadHostData, 
		startTime:21095483923745 us, duration: 11385 us
-------------------------------------------------------------------------------
level[4] generalResult:true, process num:2
	process0[HcclCalculator]:return: 0x0, mandatory:true
		dependProcessNames: AscendTaskAssociation, LoadHostData, 
		startTime:21095483935483 us, duration: 441 us
	process1[MetricSummaryPersistence]:return: 0x0, mandatory:true
		dependProcessNames: PmuAssociation, 
		startTime:21095483935489 us, duration: 8797 us
-------------------------------------------------------------------------------
level[5] generalResult:true, process num:2
	process0[AscendTaskPersistence]:return: 0x0, mandatory:true
		dependProcessNames: HcclCalculator, 
		startTime:21095483944958 us, duration: 4431 us
	process1[DeviceHcclPersistence]:return: 0x0, mandatory:true
		dependProcessNames: HcclCalculator, 
		startTime:21095483944968 us, duration: 133 us


2026-10-09 16:15:16 [INFO] [3734826] [3734826] [time_logger.h:35] DeviceContextEntry  end, cost time = 37 ms
