W5-R02 REGISTER-SPILL-ELIMINATION-X exact-Parent resource probe with repaired include roots
PROBE_TIME_UTC=2026-10-09T19:27:29Z
AGENT_ID=W5-R02-REGISTER-SPILL-ELIMINATION-X
WORKTREE=/home/data4t2/lelinfeng/cann-w5-r02-register
BRANCH=research/w5-r02-register-spill
AUTHORIZATION=User-authorized non-repeated include-root resource probe

PARENT=/home/data4t2/lelinfeng/cann-w5-r02-register/线上结果/R31B/V011/submission.asc
SOURCE=/tmp/w5-r02-register-xclang.ZK8Uqg/champion.cpp
SOURCE_SHA256=a8c19a1972207acc67e3fb0cd393cc70b0a4b183d1eaf5610edf80c2879b15e3
SOURCE_BYTES=190020
SOURCE_COPY_CREATED=NO
BYTE_IDENTITY=PASS

TOOLKIT=/usr/local/Ascend/ascend-toolkit/latest
TOOLKIT_REAL=/usr/local/Ascend/ascend-toolkit/8.5.0.alpha002
COMPILER=/usr/local/Ascend/ascend-toolkit/latest/compiler/ccec_compiler/bin/bisheng
COMPILER_REAL=/usr/local/Ascend/ascend-toolkit/8.5.0.alpha002/aarch64-linux/ccec_compiler/bin/bisheng
ASCEND_HOME_PATH=/usr/local/Ascend/ascend-toolkit/latest
ASCEND_OPP_PATH=/usr/local/Ascend/ascend-toolkit/latest/opp
RESOURCE_FLAG=-Xclang -fcce-res-usage
SOC=Ascend910B3
CCE_AICORE_ARCH=dav-c220-vec

INCLUDE_ROOTS_REUSED
-I/usr/local/Ascend/ascend-toolkit/8.5.0.alpha002/aarch64-linux/asc/include
-I/usr/local/Ascend/ascend-toolkit/8.5.0.alpha002/aarch64-linux/asc/include/basic_api
-I/usr/local/Ascend/ascend-toolkit/8.5.0.alpha002/aarch64-linux/ascendc/include
-I/usr/local/Ascend/ascend-toolkit/8.5.0.alpha002/aarch64-linux/ascendc/include/basic_api

INCLUDE_ROOT_ADDED
-I/usr/local/Ascend/ascend-toolkit/8.5.0.alpha002/aarch64-linux/ascendc/include/basic_api/impl

COMMAND_AS_EXECUTED
env ASCEND_HOME_PATH=/usr/local/Ascend/ascend-toolkit/latest ASCEND_OPP_PATH=/usr/local/Ascend/ascend-toolkit/latest/opp \
  /usr/local/Ascend/ascend-toolkit/latest/compiler/ccec_compiler/bin/bisheng \
  -c -o /tmp/w5-r02-register-resource-impl.voN7GO/champion-resource-impl.o \
  -include /home/data4t2/lelinfeng/cann-w5-r02-register/研究/REGISTER-SPILL-ELIMINATION-X/resource_probe_preinclude.h \
  -I/usr/local/Ascend/ascend-toolkit/8.5.0.alpha002/aarch64-linux/asc/include \
  -I/usr/local/Ascend/ascend-toolkit/8.5.0.alpha002/aarch64-linux/asc/include/basic_api \
  -I/usr/local/Ascend/ascend-toolkit/8.5.0.alpha002/aarch64-linux/ascendc/include \
  -I/usr/local/Ascend/ascend-toolkit/8.5.0.alpha002/aarch64-linux/ascendc/include/basic_api \
  -I/usr/local/Ascend/ascend-toolkit/8.5.0.alpha002/aarch64-linux/ascendc/include/basic_api/impl \
  -isystem /usr/include/c++/11 \
  -isystem /usr/include/aarch64-linux-gnu/c++/11 \
  -isystem /usr/include/aarch64-linux-gnu -isystem /usr/include \
  -O3 -std=c++17 --cce-aicore-lang --cce-aicore-arch=dav-c220-vec \
  --cce-aicore-only --cce-auto-sync --npu-arch=dav-2201 \
  --npu-soc=Ascend910B3 -Xclang -fcce-res-usage \
  -MD -MT /tmp/w5-r02-register-resource-impl.voN7GO/champion-resource-impl.o \
  -MF /tmp/w5-r02-register-resource-impl.voN7GO/champion-resource-impl.o.d \
  /tmp/w5-r02-register-xclang.ZK8Uqg/champion.cpp

COMPILER_RC=1
STDOUT_BYTES=0
STDERR_BYTES=3106
OUTPUT_OBJECT_CREATED=NO
RESOURCE_REPORT=NONE
REGISTER_FIELDS=NONE
SPILL_RELOAD_FIELDS=NONE
SCRATCH_FIELDS=NONE
LIVE_RANGE_FIELDS=NONE

STDERR_BEGIN
In file included from /tmp/w5-r02-register-xclang.ZK8Uqg/champion.cpp:3:
In file included from /usr/local/Ascend/ascend-toolkit/8.5.0.alpha002/aarch64-linux/asc/include/kernel_operator.h:18:
In file included from /usr/local/Ascend/ascend-toolkit/8.5.0.alpha002/aarch64-linux/ascendc/include/basic_api/impl/kernel_tpipe_impl.h:22:
In file included from /usr/local/Ascend/ascend-toolkit/8.5.0.alpha002/aarch64-linux/asc/include/basic_api/kernel_tpipe.h:17:
In file included from /usr/local/Ascend/ascend-toolkit/8.5.0.alpha002/aarch64-linux/ascendc/include/basic_api/impl/kernel_tpipe_base.h:17:
In file included from /usr/local/Ascend/ascend-toolkit/8.5.0.alpha002/aarch64-linux/ascendc/include/basic_api/impl/kernel_tensor_impl.h:17:
In file included from /usr/local/Ascend/ascend-toolkit/8.5.0.alpha002/aarch64-linux/asc/include/basic_api/kernel_tensor.h:19:
In file included from /usr/local/Ascend/ascend-toolkit/8.5.0.alpha002/aarch64-linux/asc/include/basic_api/kernel_common.h:20:
In file included from /usr/local/Ascend/ascend-toolkit/8.5.0.alpha002/aarch64-linux/ascendc/include/basic_api/impl/kernel_operator_tensor_trait.h:18:
In file included from /usr/local/Ascend/ascend-toolkit/8.5.0.alpha002/aarch64-linux/ascendc/include/basic_api/impl/kernel_operator_coord.h:18:
/usr/local/Ascend/ascend-toolkit/8.5.0.alpha002/aarch64-linux/ascendc/include/basic_api/impl/kernel_operator_layout.h:18:10: fatal error: 'include/utils/std/tuple.h' file not found
#include "include/utils/std/tuple.h"
         ^~~~~~~~~~~~~~~~~~~~~~~~~~~
1 error generated.
In file included from /tmp/w5-r02-register-xclang.ZK8Uqg/champion.cpp:3:
In file included from /usr/local/Ascend/ascend-toolkit/8.5.0.alpha002/aarch64-linux/asc/include/kernel_operator.h:18:
In file included from /usr/local/Ascend/ascend-toolkit/8.5.0.alpha002/aarch64-linux/ascendc/include/basic_api/impl/kernel_tpipe_impl.h:22:
In file included from /usr/local/Ascend/ascend-toolkit/8.5.0.alpha002/aarch64-linux/asc/include/basic_api/kernel_tpipe.h:17:
In file included from /usr/local/Ascend/ascend-toolkit/8.5.0.alpha002/aarch64-linux/ascendc/include/basic_api/impl/kernel_tpipe_base.h:17:
In file included from /usr/local/Ascend/ascend-toolkit/8.5.0.alpha002/aarch64-linux/ascendc/include/basic_api/impl/kernel_tensor_impl.h:17:
In file included from /usr/local/Ascend/ascend-toolkit/8.5.0.alpha002/aarch64-linux/asc/include/basic_api/kernel_tensor.h:19:
In file included from /usr/local/Ascend/ascend-toolkit/8.5.0.alpha002/aarch64-linux/asc/include/basic_api/kernel_common.h:20:
In file included from /usr/local/Ascend/ascend-toolkit/8.5.0.alpha002/aarch64-linux/ascendc/include/basic_api/impl/kernel_operator_tensor_trait.h:18:
In file included from /usr/local/Ascend/ascend-toolkit/8.5.0.alpha002/aarch64-linux/ascendc/include/basic_api/impl/kernel_operator_coord.h:18:
/usr/local/Ascend/ascend-toolkit/8.5.0.alpha002/aarch64-linux/ascendc/include/basic_api/impl/kernel_operator_layout.h:18:10: fatal error: 'include/utils/std/tuple.h' file not found
#include "include/utils/std/tuple.h"
         ^~~~~~~~~~~~~~~~~~~~~~~~~~~
1 error generated.
STDERR_END

DISCOVERED_NEXT_HEADER=/usr/local/Ascend/ascend-toolkit/8.5.0.alpha002/aarch64-linux/asc/include/utils/std/tuple.h
DISCOVERED_NEXT_REQUIRED_ROOT=/usr/local/Ascend/ascend-toolkit/8.5.0.alpha002/aarch64-linux/asc
PROBE_RESULT=FAILED_BEFORE_RESOURCE_REPORT
HYPOTHESIS_STATUS=FEASIBILITY_UNPROVEN
CANDIDATE_EDIT=NO
V001_CREATED=NO
CORRECTNESS=NOT_RUN
LOCAL=NOT_RUN
ONLINE=NOT_SUBMITTED
NEXT_ACTION=STOP; REQUIRE_AUTHORIZED_INCLUDE_ROOT_REPAIR
BLOCKER=FCCE_RES_USAGE_PROBE_FAILED_MISSING_INCLUDE_UTILS_STD_TUPLE_H; NO_DIRECT_RESOURCE_REPORT
