LOCAL_RUN=1
LOCAL_START_UTC=2026-10-08T19:32:46Z
DEVICE=3
SHAPE=128x256
DTYPE=bf16
METHOD=device-event; warmup=60; interleaved_parent_candidate_pairs=31
PARENT=exact_R31B_V011
LOCAL_SAMPLE case=bf16-128x256 pair=01 order=P,C parent_device_us=32.6000 candidate_device_us=27.4400 parent_gelem_s=1.005153 candidate_gelem_s=1.194169 parent_wall_us=105.7310 candidate_wall_us=80.1110 paired_delta_us=-5.1600
LOCAL_SAMPLE case=bf16-128x256 pair=02 order=C,P parent_device_us=18.9800 candidate_device_us=19.7600 parent_gelem_s=1.726449 candidate_gelem_s=1.658300 parent_wall_us=62.6010 candidate_wall_us=70.0400 paired_delta_us=0.7800
LOCAL_SAMPLE case=bf16-128x256 pair=03 order=P,C parent_device_us=19.5200 candidate_device_us=7.4800 parent_gelem_s=1.678689 candidate_gelem_s=4.380749 parent_wall_us=66.7010 candidate_wall_us=70.8900 paired_delta_us=-12.0400
LOCAL_SAMPLE case=bf16-128x256 pair=04 order=C,P parent_device_us=18.9800 candidate_device_us=13.3400 parent_gelem_s=1.726449 candidate_gelem_s=2.456372 parent_wall_us=66.9210 candidate_wall_us=67.9100 paired_delta_us=-5.6400
LOCAL_SAMPLE case=bf16-128x256 pair=05 order=P,C parent_device_us=21.4000 candidate_device_us=16.2400 parent_gelem_s=1.531215 candidate_gelem_s=2.017734 parent_wall_us=64.7010 candidate_wall_us=67.2300 paired_delta_us=-5.1600
LOCAL_SAMPLE case=bf16-128x256 pair=06 order=C,P parent_device_us=16.5800 candidate_device_us=16.5800 parent_gelem_s=1.976357 candidate_gelem_s=1.976357 parent_wall_us=61.9410 candidate_wall_us=62.2410 paired_delta_us=0.0000
LOCAL_SAMPLE case=bf16-128x256 pair=07 order=P,C parent_device_us=18.5800 candidate_device_us=7.3000 parent_gelem_s=1.763617 candidate_gelem_s=4.488767 parent_wall_us=61.6000 candidate_wall_us=64.0310 paired_delta_us=-11.2800
LOCAL_SAMPLE case=bf16-128x256 pair=08 order=C,P parent_device_us=8.0600 candidate_device_us=7.2600 parent_gelem_s=4.065509 candidate_gelem_s=4.513499 parent_wall_us=65.2210 candidate_wall_us=90.2310 paired_delta_us=-0.8000
LOCAL_SAMPLE case=bf16-128x256 pair=09 order=P,C parent_device_us=17.5000 candidate_device_us=17.9600 parent_gelem_s=1.872457 candidate_gelem_s=1.824499 parent_wall_us=61.2700 candidate_wall_us=61.4610 paired_delta_us=0.4600
LOCAL_SAMPLE case=bf16-128x256 pair=10 order=C,P parent_device_us=17.3600 candidate_device_us=15.2600 parent_gelem_s=1.887558 candidate_gelem_s=2.147313 parent_wall_us=61.2100 candidate_wall_us=61.4910 paired_delta_us=-2.1000
LOCAL_SAMPLE case=bf16-128x256 pair=11 order=P,C parent_device_us=21.2400 candidate_device_us=15.3800 parent_gelem_s=1.542750 candidate_gelem_s=2.130559 parent_wall_us=61.8010 candidate_wall_us=59.7310 paired_delta_us=-5.8600
LOCAL_SAMPLE case=bf16-128x256 pair=12 order=C,P parent_device_us=15.5800 candidate_device_us=13.0800 parent_gelem_s=2.103209 candidate_gelem_s=2.505199 parent_wall_us=60.8010 candidate_wall_us=61.8700 paired_delta_us=-2.5000
LOCAL_SAMPLE case=bf16-128x256 pair=13 order=P,C parent_device_us=18.9600 candidate_device_us=8.7600 parent_gelem_s=1.728270 candidate_gelem_s=3.740639 parent_wall_us=61.8010 candidate_wall_us=62.3400 paired_delta_us=-10.2000
LOCAL_SAMPLE case=bf16-128x256 pair=14 order=C,P parent_device_us=8.7200 candidate_device_us=8.6600 parent_gelem_s=3.757798 candidate_gelem_s=3.783834 parent_wall_us=60.4410 candidate_wall_us=62.3110 paired_delta_us=-0.0600
LOCAL_SAMPLE case=bf16-128x256 pair=15 order=P,C parent_device_us=56.2800 candidate_device_us=35.9400 parent_gelem_s=0.582232 candidate_gelem_s=0.911742 parent_wall_us=124.6910 candidate_wall_us=106.3910 paired_delta_us=-20.3400
LOCAL_SAMPLE case=bf16-128x256 pair=16 order=C,P parent_device_us=19.4400 candidate_device_us=25.7000 parent_gelem_s=1.685597 candidate_gelem_s=1.275019 parent_wall_us=89.2210 candidate_wall_us=93.4610 paired_delta_us=6.2600
LOCAL_SAMPLE case=bf16-128x256 pair=17 order=P,C parent_device_us=23.7400 candidate_device_us=20.2800 parent_gelem_s=1.380286 candidate_gelem_s=1.615779 parent_wall_us=89.5910 candidate_wall_us=91.1310 paired_delta_us=-3.4600
LOCAL_SAMPLE case=bf16-128x256 pair=18 order=C,P parent_device_us=23.4600 candidate_device_us=20.9200 parent_gelem_s=1.396760 candidate_gelem_s=1.566348 parent_wall_us=90.0110 candidate_wall_us=90.0910 paired_delta_us=-2.5400
LOCAL_SAMPLE case=bf16-128x256 pair=19 order=P,C parent_device_us=26.7600 candidate_device_us=18.8200 parent_gelem_s=1.224514 candidate_gelem_s=1.741126 parent_wall_us=92.4510 candidate_wall_us=90.7310 paired_delta_us=-7.9400
LOCAL_SAMPLE case=bf16-128x256 pair=20 order=C,P parent_device_us=27.9000 candidate_device_us=33.6600 parent_gelem_s=1.174480 candidate_gelem_s=0.973500 parent_wall_us=94.7910 candidate_wall_us=97.9710 paired_delta_us=5.7600
LOCAL_SAMPLE case=bf16-128x256 pair=21 order=P,C parent_device_us=20.5200 candidate_device_us=24.7800 parent_gelem_s=1.596881 candidate_gelem_s=1.322357 parent_wall_us=91.7810 candidate_wall_us=91.9310 paired_delta_us=4.2600
LOCAL_SAMPLE case=bf16-128x256 pair=22 order=C,P parent_device_us=21.6400 candidate_device_us=22.7600 parent_gelem_s=1.514233 candidate_gelem_s=1.439719 parent_wall_us=90.9210 candidate_wall_us=91.9210 paired_delta_us=1.1200
LOCAL_SAMPLE case=bf16-128x256 pair=23 order=P,C parent_device_us=21.5200 candidate_device_us=34.3600 parent_gelem_s=1.522677 candidate_gelem_s=0.953667 parent_wall_us=90.5710 candidate_wall_us=90.4510 paired_delta_us=12.8400
LOCAL_SAMPLE case=bf16-128x256 pair=24 order=C,P parent_device_us=20.0000 candidate_device_us=27.7000 parent_gelem_s=1.638400 candidate_gelem_s=1.182960 parent_wall_us=90.5510 candidate_wall_us=91.6910 paired_delta_us=7.7000
LOCAL_SAMPLE case=bf16-128x256 pair=25 order=P,C parent_device_us=28.5200 candidate_device_us=28.3400 parent_gelem_s=1.148948 candidate_gelem_s=1.156246 parent_wall_us=92.2710 candidate_wall_us=90.0210 paired_delta_us=-0.1800
LOCAL_SAMPLE case=bf16-128x256 pair=26 order=C,P parent_device_us=20.5800 candidate_device_us=22.2600 parent_gelem_s=1.592226 candidate_gelem_s=1.472057 parent_wall_us=90.4110 candidate_wall_us=91.5410 paired_delta_us=1.6800
LOCAL_SAMPLE case=bf16-128x256 pair=27 order=P,C parent_device_us=30.0800 candidate_device_us=25.5800 parent_gelem_s=1.089362 candidate_gelem_s=1.281001 parent_wall_us=91.6110 candidate_wall_us=91.8710 paired_delta_us=-4.5000
LOCAL_SAMPLE case=bf16-128x256 pair=28 order=C,P parent_device_us=48.4800 candidate_device_us=8.6800 parent_gelem_s=0.675908 candidate_gelem_s=3.775115 parent_wall_us=119.1210 candidate_wall_us=93.2010 paired_delta_us=-39.8000
LOCAL_SAMPLE case=bf16-128x256 pair=29 order=P,C parent_device_us=23.2800 candidate_device_us=22.1800 parent_gelem_s=1.407560 candidate_gelem_s=1.477367 parent_wall_us=95.2310 candidate_wall_us=92.3710 paired_delta_us=-1.1000
LOCAL_SAMPLE case=bf16-128x256 pair=30 order=C,P parent_device_us=9.1800 candidate_device_us=8.6600 parent_gelem_s=3.569499 candidate_gelem_s=3.783834 parent_wall_us=91.1010 candidate_wall_us=93.6200 paired_delta_us=-0.5200
LOCAL_SAMPLE case=bf16-128x256 pair=31 order=P,C parent_device_us=17.9200 candidate_device_us=8.2000 parent_gelem_s=1.828571 candidate_gelem_s=3.996098 parent_wall_us=90.7700 candidate_wall_us=93.1510 paired_delta_us=-9.7200
LOCAL_STATS case=bf16-128x256 metric=device_us binary=PARENT_R31B_V011 n=31 median=20.5200 mean=22.3665 stdev=9.8014 cv=0.43822 min=8.0600 max=56.2800 mad=2.9400 p10=15.5800 p90=30.0800
LOCAL_STATS case=bf16-128x256 metric=device_us binary=CANDIDATE_V077 n=31 median=18.8200 mean=18.8168 stdev=8.5466 cv=0.45420 min=7.2600 max=35.9400 mad=6.7600 p10=8.2000 p90=28.3400
LOCAL_STATS case=bf16-128x256 metric=wall_us binary=PARENT_R31B_V011 n=31 median=90.0110 mean=81.8657 stdev=18.2248 cv=0.22262 min=60.4410 max=124.6910 mad=15.7200 p10=61.2700 p90=95.2310
LOCAL_STATS case=bf16-128x256 metric=wall_us binary=CANDIDATE_V077 n=31 median=90.2310 mean=81.4011 stdev=14.4781 cv=0.17786 min=59.7310 max=106.3910 mad=3.3890 p10=61.8700 p90=93.4610
LOCAL_STATS case=bf16-128x256 metric=gelem_s binary=PARENT_R31B_V011 n=31 median=1.5969 mean=1.7224 stdev=0.7751 cv=0.45000 min=0.5822 max=4.0655 mad=0.2166 p10=1.0894 p90=2.1032
LOCAL_STATS case=bf16-128x256 metric=gelem_s binary=CANDIDATE_V077 n=31 median=1.7411 mean=2.2175 stdev=1.1836 cv=0.53375 min=0.9117 max=4.5135 mad=0.5470 p10=1.1562 p90=3.9961
LOCAL_STATS case=bf16-128x256 metric=paired_delta_us binary=CANDIDATE_MINUS_PARENT n=31 median=-2.1000 mean=-3.5497 stdev=9.3655 cv=-2.63840 min=-39.8000 max=12.8400 mad=3.2200 p10=-11.2800 p90=5.7600
LOCAL_RESULT route=SYNC-BARRIER-ELISION-X revision=V077 device=3 shape=128x256 dtype=bf16 samples=31 parent_median_us=20.5200 candidate_median_us=18.8200 parent_median_gelem_s=1.596881 candidate_median_gelem_s=1.741126 local_delta_us=-2.1000 local_score_percent=10.233919 candidate_minus_parent_percent=-10.233919
LOCAL_END_UTC=2026-10-08T19:32:50Z
