LOCAL_RUN=3
LOCAL_START_UTC=2026-10-08T19:32:54Z
DEVICE=3
SHAPE=128x256
DTYPE=bf16
METHOD=device-event; warmup=60; interleaved_parent_candidate_pairs=31
PARENT=exact_R31B_V011
LOCAL_SAMPLE case=bf16-128x256 pair=01 order=P,C parent_device_us=22.8600 candidate_device_us=32.3400 parent_gelem_s=1.433421 candidate_gelem_s=1.013234 parent_wall_us=108.5410 candidate_wall_us=87.6610 paired_delta_us=9.4800
LOCAL_SAMPLE case=bf16-128x256 pair=02 order=C,P parent_device_us=22.6200 candidate_device_us=18.9800 parent_gelem_s=1.448630 candidate_gelem_s=1.726449 parent_wall_us=64.2700 candidate_wall_us=70.6800 paired_delta_us=-3.6400
LOCAL_SAMPLE case=bf16-128x256 pair=03 order=P,C parent_device_us=8.4800 candidate_device_us=10.5800 parent_gelem_s=3.864151 candidate_gelem_s=3.097165 parent_wall_us=64.9210 candidate_wall_us=63.6510 paired_delta_us=2.1000
LOCAL_SAMPLE case=bf16-128x256 pair=04 order=C,P parent_device_us=7.8400 candidate_device_us=8.8000 parent_gelem_s=4.179592 candidate_gelem_s=3.723636 parent_wall_us=64.4110 candidate_wall_us=65.7900 paired_delta_us=0.9600
LOCAL_SAMPLE case=bf16-128x256 pair=05 order=P,C parent_device_us=19.6000 candidate_device_us=10.4800 parent_gelem_s=1.671837 candidate_gelem_s=3.126718 parent_wall_us=65.8410 candidate_wall_us=67.2500 paired_delta_us=-9.1200
LOCAL_SAMPLE case=bf16-128x256 pair=06 order=C,P parent_device_us=8.5000 candidate_device_us=8.2600 parent_gelem_s=3.855059 candidate_gelem_s=3.967070 parent_wall_us=67.7410 candidate_wall_us=57.6900 paired_delta_us=-0.2400
LOCAL_SAMPLE case=bf16-128x256 pair=07 order=P,C parent_device_us=9.1000 candidate_device_us=14.0200 parent_gelem_s=3.600879 candidate_gelem_s=2.337233 parent_wall_us=63.1200 candidate_wall_us=69.4800 paired_delta_us=4.9200
LOCAL_SAMPLE case=bf16-128x256 pair=08 order=C,P parent_device_us=8.7400 candidate_device_us=14.4800 parent_gelem_s=3.749199 candidate_gelem_s=2.262983 parent_wall_us=63.7710 candidate_wall_us=62.2210 paired_delta_us=5.7400
LOCAL_SAMPLE case=bf16-128x256 pair=09 order=P,C parent_device_us=18.3200 candidate_device_us=8.9800 parent_gelem_s=1.788646 candidate_gelem_s=3.648998 parent_wall_us=63.0800 candidate_wall_us=62.2610 paired_delta_us=-9.3400
LOCAL_SAMPLE case=bf16-128x256 pair=10 order=C,P parent_device_us=31.8400 candidate_device_us=7.4000 parent_gelem_s=1.029146 candidate_gelem_s=4.428108 parent_wall_us=81.6200 candidate_wall_us=65.8210 paired_delta_us=-24.4400
LOCAL_SAMPLE case=bf16-128x256 pair=11 order=P,C parent_device_us=8.0600 candidate_device_us=20.8600 parent_gelem_s=4.065509 candidate_gelem_s=1.570853 parent_wall_us=60.9700 candidate_wall_us=60.2610 paired_delta_us=12.8000
LOCAL_SAMPLE case=bf16-128x256 pair=12 order=C,P parent_device_us=8.8800 candidate_device_us=24.1200 parent_gelem_s=3.690090 candidate_gelem_s=1.358541 parent_wall_us=60.9400 candidate_wall_us=60.5800 paired_delta_us=15.2400
LOCAL_SAMPLE case=bf16-128x256 pair=13 order=P,C parent_device_us=8.4000 candidate_device_us=19.0400 parent_gelem_s=3.900953 candidate_gelem_s=1.721008 parent_wall_us=64.2510 candidate_wall_us=61.3500 paired_delta_us=10.6400
LOCAL_SAMPLE case=bf16-128x256 pair=14 order=C,P parent_device_us=18.4400 candidate_device_us=19.7800 parent_gelem_s=1.777006 candidate_gelem_s=1.656623 parent_wall_us=61.5810 candidate_wall_us=70.7800 paired_delta_us=1.3400
LOCAL_SAMPLE case=bf16-128x256 pair=15 order=P,C parent_device_us=9.0800 candidate_device_us=8.9600 parent_gelem_s=3.608810 candidate_gelem_s=3.657143 parent_wall_us=63.6410 candidate_wall_us=62.3600 paired_delta_us=-0.1200
LOCAL_SAMPLE case=bf16-128x256 pair=16 order=C,P parent_device_us=8.0200 candidate_device_us=8.1200 parent_gelem_s=4.085786 candidate_gelem_s=4.035468 parent_wall_us=64.2110 candidate_wall_us=56.0510 paired_delta_us=0.1000
LOCAL_SAMPLE case=bf16-128x256 pair=17 order=P,C parent_device_us=8.5800 candidate_device_us=31.6200 parent_gelem_s=3.819114 candidate_gelem_s=1.036306 parent_wall_us=63.6900 candidate_wall_us=90.1810 paired_delta_us=23.0400
LOCAL_SAMPLE case=bf16-128x256 pair=18 order=C,P parent_device_us=16.7400 candidate_device_us=8.8000 parent_gelem_s=1.957467 candidate_gelem_s=3.723636 parent_wall_us=61.0010 candidate_wall_us=64.4210 paired_delta_us=-7.9400
LOCAL_SAMPLE case=bf16-128x256 pair=19 order=P,C parent_device_us=8.8600 candidate_device_us=8.4200 parent_gelem_s=3.698420 candidate_gelem_s=3.891687 parent_wall_us=64.3500 candidate_wall_us=62.1810 paired_delta_us=-0.4400
LOCAL_SAMPLE case=bf16-128x256 pair=20 order=C,P parent_device_us=16.5800 candidate_device_us=8.9800 parent_gelem_s=1.976357 candidate_gelem_s=3.648998 parent_wall_us=63.8500 candidate_wall_us=67.0110 paired_delta_us=-7.6000
LOCAL_SAMPLE case=bf16-128x256 pair=21 order=P,C parent_device_us=11.4400 candidate_device_us=9.2200 parent_gelem_s=2.864336 candidate_gelem_s=3.554013 parent_wall_us=60.8900 candidate_wall_us=61.7610 paired_delta_us=-2.2200
LOCAL_SAMPLE case=bf16-128x256 pair=22 order=C,P parent_device_us=25.3400 candidate_device_us=9.0200 parent_gelem_s=1.293133 candidate_gelem_s=3.632816 parent_wall_us=78.9300 candidate_wall_us=65.5810 paired_delta_us=-16.3200
LOCAL_SAMPLE case=bf16-128x256 pair=23 order=P,C parent_device_us=26.8200 candidate_device_us=8.8200 parent_gelem_s=1.221775 candidate_gelem_s=3.715193 parent_wall_us=76.4910 candidate_wall_us=62.5910 paired_delta_us=-18.0000
LOCAL_SAMPLE case=bf16-128x256 pair=24 order=C,P parent_device_us=8.5000 candidate_device_us=8.7600 parent_gelem_s=3.855059 candidate_gelem_s=3.740639 parent_wall_us=62.8100 candidate_wall_us=63.7210 paired_delta_us=0.2600
LOCAL_SAMPLE case=bf16-128x256 pair=25 order=P,C parent_device_us=17.0600 candidate_device_us=22.1400 parent_gelem_s=1.920750 candidate_gelem_s=1.480036 parent_wall_us=64.7810 candidate_wall_us=61.2010 paired_delta_us=5.0800
LOCAL_SAMPLE case=bf16-128x256 pair=26 order=C,P parent_device_us=20.2400 candidate_device_us=8.8000 parent_gelem_s=1.618972 candidate_gelem_s=3.723636 parent_wall_us=72.5410 candidate_wall_us=63.8600 paired_delta_us=-11.4400
LOCAL_SAMPLE case=bf16-128x256 pair=27 order=P,C parent_device_us=16.9800 candidate_device_us=9.1400 parent_gelem_s=1.929800 candidate_gelem_s=3.585120 parent_wall_us=62.7510 candidate_wall_us=61.7800 paired_delta_us=-7.8400
LOCAL_SAMPLE case=bf16-128x256 pair=28 order=C,P parent_device_us=16.5800 candidate_device_us=20.2800 parent_gelem_s=1.976357 candidate_gelem_s=1.615779 parent_wall_us=61.0410 candidate_wall_us=64.7810 paired_delta_us=3.7000
LOCAL_SAMPLE case=bf16-128x256 pair=29 order=P,C parent_device_us=20.5000 candidate_device_us=17.9200 parent_gelem_s=1.598439 candidate_gelem_s=1.828571 parent_wall_us=61.3600 candidate_wall_us=61.8110 paired_delta_us=-2.5800
LOCAL_SAMPLE case=bf16-128x256 pair=30 order=C,P parent_device_us=14.9200 candidate_device_us=23.8400 parent_gelem_s=2.196247 candidate_gelem_s=1.374497 parent_wall_us=60.9300 candidate_wall_us=70.6310 paired_delta_us=8.9200
LOCAL_SAMPLE case=bf16-128x256 pair=31 order=P,C parent_device_us=7.6200 candidate_device_us=20.1600 parent_gelem_s=4.300263 candidate_gelem_s=1.625397 parent_wall_us=64.1900 candidate_wall_us=61.0810 paired_delta_us=12.5400
LOCAL_STATS case=bf16-128x256 metric=device_us binary=PARENT_R31B_V011 n=31 median=14.9200 mean=14.6948 stdev=6.7734 cv=0.46094 min=7.6200 max=31.8400 mad=6.0600 p10=8.0600 p90=22.8600
LOCAL_STATS case=bf16-128x256 metric=device_us binary=CANDIDATE_V077 n=31 median=10.4800 mean=14.5523 stdev=7.2464 cv=0.49796 min=7.4000 max=32.3400 mad=2.3600 p10=8.4200 p90=23.8400
LOCAL_STATS case=bf16-128x256 metric=wall_us binary=PARENT_R31B_V011 n=31 median=63.8500 mean=66.5328 stdev=9.3805 cv=0.14099 min=60.8900 max=108.5410 mad=1.0990 p10=60.9700 p90=76.4910
LOCAL_STATS case=bf16-128x256 metric=wall_us binary=CANDIDATE_V077 n=31 median=63.6510 mean=65.3703 stdev=7.2164 cv=0.11039 min=56.0510 max=90.1810 mad=2.1700 p10=60.5800 p90=70.6800
LOCAL_STATS case=bf16-128x256 metric=gelem_s binary=PARENT_R31B_V011 n=31 median=2.1962 mean=2.7089 stdev=1.1298 cv=0.41708 min=1.0291 max=4.3003 mad=0.9745 p10=1.4334 p90=4.0655
LOCAL_STATS case=bf16-128x256 metric=gelem_s binary=CANDIDATE_V077 n=31 median=3.1267 mean=2.7583 stdev=1.1065 cv=0.40113 min=1.0132 max=4.4281 mad=0.8404 p10=1.3745 p90=3.8917
LOCAL_STATS case=bf16-128x256 metric=paired_delta_us binary=CANDIDATE_MINUS_PARENT n=31 median=0.1000 mean=-0.1426 stdev=10.2735 cv=-72.05423 min=-24.4400 max=23.0400 mad=7.7000 p10=-11.4400 p90=12.5400
LOCAL_RESULT route=SYNC-BARRIER-ELISION-X revision=V077 device=3 shape=128x256 dtype=bf16 samples=31 parent_median_us=14.9200 candidate_median_us=10.4800 parent_median_gelem_s=2.196247 candidate_median_gelem_s=3.126718 local_delta_us=0.1000 local_score_percent=-0.670246 candidate_minus_parent_percent=0.670246
LOCAL_END_UTC=2026-10-08T19:32:58Z
