CORRECTNESS_START_TIMESTAMP=2026-10-08T20:44:46.942278077Z
ASCEND_HOME_PATH=/usr/local/Ascend/ascend-toolkit/latest
LD_LIBRARY_PATH_PREFIX=/lib/aarch64-linux-gnu
RUN role=parent shape=128x984 device=3 dtype=FP32 prefix=本地实验/R-W4-4/V101/correctness/device3/attempt03/parent-128x984
REF_HARNESS device=3 shape=128x984 dtype=0 warmup=1 samples=1 blocks=1 bad=0
RESULT role=parent shape=128x984 rc=0
RUN role=candidate shape=128x984 device=3 dtype=FP32 prefix=本地实验/R-W4-4/V101/correctness/device3/attempt03/candidate-128x984
REF_HARNESS device=3 shape=128x984 dtype=0 warmup=1 samples=1 blocks=1 bad=0
RESULT role=candidate shape=128x984 rc=0
RUN role=parent shape=128x988 device=3 dtype=FP32 prefix=本地实验/R-W4-4/V101/correctness/device3/attempt03/parent-128x988
REF_HARNESS device=3 shape=128x988 dtype=0 warmup=1 samples=1 blocks=1 bad=0
RESULT role=parent shape=128x988 rc=0
RUN role=candidate shape=128x988 device=3 dtype=FP32 prefix=本地实验/R-W4-4/V101/correctness/device3/attempt03/candidate-128x988
REF_HARNESS device=3 shape=128x988 dtype=0 warmup=1 samples=1 blocks=1 bad=0
RESULT role=candidate shape=128x988 rc=0
RUN role=parent shape=128x992 device=3 dtype=FP32 prefix=本地实验/R-W4-4/V101/correctness/device3/attempt03/parent-128x992
REF_HARNESS device=3 shape=128x992 dtype=0 warmup=1 samples=1 blocks=1 bad=0
RESULT role=parent shape=128x992 rc=0
RUN role=candidate shape=128x992 device=3 dtype=FP32 prefix=本地实验/R-W4-4/V101/correctness/device3/attempt03/candidate-128x992
REF_HARNESS device=3 shape=128x992 dtype=0 warmup=1 samples=1 blocks=1 bad=0
RESULT role=candidate shape=128x992 rc=0
CORRECTNESS_END_TIMESTAMP=2026-10-08T20:45:28.763211036Z
