CORRECTNESS_START_TIMESTAMP=2026-10-08T20:42:26.783442318Z
RUN role=parent shape=128x984 device=3 dtype=FP32 prefix=本地实验/R-W4-4/V101/correctness/device3/parent-128x984
本地实验/R-W4-4/V101/partial-ranking/stage/build-v101/clx_ref_parent_probe: error while loading shared libraries: libgraph.so: cannot open shared object file: No such file or directory
RESULT role=parent shape=128x984 rc=127
RUN role=candidate shape=128x984 device=3 dtype=FP32 prefix=本地实验/R-W4-4/V101/correctness/device3/candidate-128x984
本地实验/R-W4-4/V101/partial-ranking/stage/build-v101/clx_ref_candidate_probe: error while loading shared libraries: libgraph.so: cannot open shared object file: No such file or directory
RESULT role=candidate shape=128x984 rc=127
RUN role=parent shape=128x988 device=3 dtype=FP32 prefix=本地实验/R-W4-4/V101/correctness/device3/parent-128x988
本地实验/R-W4-4/V101/partial-ranking/stage/build-v101/clx_ref_parent_probe: error while loading shared libraries: libgraph.so: cannot open shared object file: No such file or directory
RESULT role=parent shape=128x988 rc=127
RUN role=candidate shape=128x988 device=3 dtype=FP32 prefix=本地实验/R-W4-4/V101/correctness/device3/candidate-128x988
本地实验/R-W4-4/V101/partial-ranking/stage/build-v101/clx_ref_candidate_probe: error while loading shared libraries: libgraph.so: cannot open shared object file: No such file or directory
RESULT role=candidate shape=128x988 rc=127
RUN role=parent shape=128x992 device=3 dtype=FP32 prefix=本地实验/R-W4-4/V101/correctness/device3/parent-128x992
本地实验/R-W4-4/V101/partial-ranking/stage/build-v101/clx_ref_parent_probe: error while loading shared libraries: libgraph.so: cannot open shared object file: No such file or directory
RESULT role=parent shape=128x992 rc=127
RUN role=candidate shape=128x992 device=3 dtype=FP32 prefix=本地实验/R-W4-4/V101/correctness/device3/candidate-128x992
本地实验/R-W4-4/V101/partial-ranking/stage/build-v101/clx_ref_candidate_probe: error while loading shared libraries: libgraph.so: cannot open shared object file: No such file or directory
RESULT role=candidate shape=128x992 rc=127
CORRECTNESS_END_TIMESTAMP=2026-10-08T20:42:26.828475404Z
