CORRECTNESS_START_TIMESTAMP=2026-10-08T20:43:14.249690137Z
ASCEND_HOME_PATH=/usr/local/Ascend/ascend-toolkit/latest
RUN role=parent shape=128x984 device=3 dtype=FP32 prefix=本地实验/R-W4-4/V101/correctness/device3/attempt02/parent-128x984
本地实验/R-W4-4/V101/partial-ranking/stage/build-v101/clx_ref_parent_probe: /usr/local/Ascend/ascend-toolkit/latest/toolkit/toolchain/hcc/aarch64-target-linux-gnu/lib64/libstdc++.so.6: version `GLIBCXX_3.4.29' not found (required by 本地实验/R-W4-4/V101/partial-ranking/stage/build-v101/clx_ref_parent_probe)
RESULT role=parent shape=128x984 rc=1
RUN role=candidate shape=128x984 device=3 dtype=FP32 prefix=本地实验/R-W4-4/V101/correctness/device3/attempt02/candidate-128x984
本地实验/R-W4-4/V101/partial-ranking/stage/build-v101/clx_ref_candidate_probe: /usr/local/Ascend/ascend-toolkit/latest/toolkit/toolchain/hcc/aarch64-target-linux-gnu/lib64/libstdc++.so.6: version `GLIBCXX_3.4.29' not found (required by 本地实验/R-W4-4/V101/partial-ranking/stage/build-v101/clx_ref_candidate_probe)
RESULT role=candidate shape=128x984 rc=1
RUN role=parent shape=128x988 device=3 dtype=FP32 prefix=本地实验/R-W4-4/V101/correctness/device3/attempt02/parent-128x988
本地实验/R-W4-4/V101/partial-ranking/stage/build-v101/clx_ref_parent_probe: /usr/local/Ascend/ascend-toolkit/latest/toolkit/toolchain/hcc/aarch64-target-linux-gnu/lib64/libstdc++.so.6: version `GLIBCXX_3.4.29' not found (required by 本地实验/R-W4-4/V101/partial-ranking/stage/build-v101/clx_ref_parent_probe)
RESULT role=parent shape=128x988 rc=1
RUN role=candidate shape=128x988 device=3 dtype=FP32 prefix=本地实验/R-W4-4/V101/correctness/device3/attempt02/candidate-128x988
本地实验/R-W4-4/V101/partial-ranking/stage/build-v101/clx_ref_candidate_probe: /usr/local/Ascend/ascend-toolkit/latest/toolkit/toolchain/hcc/aarch64-target-linux-gnu/lib64/libstdc++.so.6: version `GLIBCXX_3.4.29' not found (required by 本地实验/R-W4-4/V101/partial-ranking/stage/build-v101/clx_ref_candidate_probe)
RESULT role=candidate shape=128x988 rc=1
RUN role=parent shape=128x992 device=3 dtype=FP32 prefix=本地实验/R-W4-4/V101/correctness/device3/attempt02/parent-128x992
本地实验/R-W4-4/V101/partial-ranking/stage/build-v101/clx_ref_parent_probe: /usr/local/Ascend/ascend-toolkit/latest/toolkit/toolchain/hcc/aarch64-target-linux-gnu/lib64/libstdc++.so.6: version `GLIBCXX_3.4.29' not found (required by 本地实验/R-W4-4/V101/partial-ranking/stage/build-v101/clx_ref_parent_probe)
RESULT role=parent shape=128x992 rc=1
RUN role=candidate shape=128x992 device=3 dtype=FP32 prefix=本地实验/R-W4-4/V101/correctness/device3/attempt02/candidate-128x992
本地实验/R-W4-4/V101/partial-ranking/stage/build-v101/clx_ref_candidate_probe: /usr/local/Ascend/ascend-toolkit/latest/toolkit/toolchain/hcc/aarch64-target-linux-gnu/lib64/libstdc++.so.6: version `GLIBCXX_3.4.29' not found (required by 本地实验/R-W4-4/V101/partial-ranking/stage/build-v101/clx_ref_candidate_probe)
RESULT role=candidate shape=128x992 rc=1
CORRECTNESS_END_TIMESTAMP=2026-10-08T20:43:14.292055121Z
