PROFILE_START_UTC=2026-10-09T04:34:11Z
HOST=hwnput3
DEVICE_ID=0
SHAPE=128x12288
DTYPE=BF16
	NPU ID                         : 0
	Chip Count                     : 1

	DDR Capacity(MB)               : 0
	DDR Usage Rate(%)              : 0
	DDR Hugepages Total(page)      : 0
	DDR Hugepages Usage Rate(%)    : 0
	HBM Capacity(MB)               : 65536
	HBM Usage Rate(%)              : 22
	Aicore Usage Rate(%)           : 2
	Aivector Usage Rate(%)         : 6
	Aicpu Usage Rate(%)            : 0
	Ctrlcpu Usage Rate(%)          : 3
	DDR Bandwidth Usage Rate(%)    : 0
	HBM Bandwidth Usage Rate(%)    : 9
	Chip ID                        : 0

HOST_LOADAVG=34.51 44.38 54.73 14/16068 1310559
[INFO] Start profiling...
RESOURCE stage=before_allocation free_hbm_mb=50646.246094 total_hbm_mb=62420.000000
PROBE mode=measure device=0 rows=128 width=12288 dtype=2 availableCoreNum=40 predicted_parent_blocks=40 predicted_candidate_blocks=32 resident_rows=2 max_rows=4 guard=ON output_address=0x12c041a00000 epsilon=9.99999975e-06
RESOURCE stage=before_local free_hbm_mb=50634.246094 total_hbm_mb=62420.000000
SAMPLES phase=PP count=124 warmup_per_function=60 blocks=2 pairs_per_block=31 batch_n=1 first_ordinal=61 last_ordinal=184 same_output_address=YES raw_flush=AFTER_PHASE
SAMPLES phase=PC count=124 warmup_per_function=60 blocks=2 pairs_per_block=31 batch_n=1 first_ordinal=305 last_ordinal=428 same_output_address=YES raw_flush=AFTER_PHASE
RESOURCE stage=after_local free_hbm_mb=50634.246094 total_hbm_mb=62420.000000
RUN_COMPLETE result=0 host_launch_calls=428 RUNNING_DEVICE_OPERATION=NONE
[INFO] Start export data in PROF_000001_20261009043413745_FNQKHNIAALNFQQMA.
Fri 09 Oct 2026 04:34:19 [INFO] [MSVP] [1312647] msprof_common.py: Start analyzing data in "/home/data4t2/lelinfeng/cann/w4/R10-active-core-d-aware-x/V002/results/qualification-device0-round1/profile-target-capture/PROF_000001_20261009043413745_FNQKHNIAALNFQQMA/host" ...
Fri 09 Oct 2026 04:34:19 [INFO] [MSVP] [1312647] msprof_common.py: It may take few minutes, please be patient ...
Fri 09 Oct 2026 04:34:19 [INFO] [MSVP] [1312647] msprof_common.py: Analysis data in "/home/data4t2/lelinfeng/cann/w4/R10-active-core-d-aware-x/V002/results/qualification-device0-round1/profile-target-capture/PROF_000001_20261009043413745_FNQKHNIAALNFQQMA/host" finished.
Fri 09 Oct 2026 04:34:19 [INFO] [MSVP] [1312647] msprof_common.py: Start analyzing data in "/home/data4t2/lelinfeng/cann/w4/R10-active-core-d-aware-x/V002/results/qualification-device0-round1/profile-target-capture/PROF_000001_20261009043413745_FNQKHNIAALNFQQMA/device_0" ...
Fri 09 Oct 2026 04:34:19 [INFO] [MSVP] [1312647] msprof_common.py: It may take few minutes, please be patient ...
Fri 09 Oct 2026 04:34:19 [INFO] [MSVP] [1312647] msprof_common.py: Analysis data in "/home/data4t2/lelinfeng/cann/w4/R10-active-core-d-aware-x/V002/results/qualification-device0-round1/profile-target-capture/PROF_000001_20261009043413745_FNQKHNIAALNFQQMA/device_0" finished.
Fri 09 Oct 2026 04:34:19 [INFO] [MSVP] [1312647] msprof_export.py: All collected data will be exported, path is: /home/data4t2/lelinfeng/cann/w4/R10-active-core-d-aware-x/V002/results/qualification-device0-round1/profile-target-capture/PROF_000001_20261009043413745_FNQKHNIAALNFQQMA/device_0.
Fri 09 Oct 2026 04:34:20 [INFO] [MSVP] [1312647] msprof_export.py: There is no timeline data to export for "/home/data4t2/lelinfeng/cann/w4/R10-active-core-d-aware-x/V002/results/qualification-device0-round1/profile-target-capture/PROF_000001_20261009043413745_FNQKHNIAALNFQQMA/host"
Fri 09 Oct 2026 04:34:21 [INFO] [MSVP] [1313042] msprof_export.py: The data in "/home/data4t2/lelinfeng/cann/w4/R10-active-core-d-aware-x/V002/results/qualification-device0-round1/profile-target-capture/PROF_000001_20261009043413745_FNQKHNIAALNFQQMA/host" has been analyzed. Parsing phase will be skipped.
Fri 09 Oct 2026 04:34:21 [INFO] [MSVP] [1313042] msprof_export.py: The data in "/home/data4t2/lelinfeng/cann/w4/R10-active-core-d-aware-x/V002/results/qualification-device0-round1/profile-target-capture/PROF_000001_20261009043413745_FNQKHNIAALNFQQMA/device_0" has been analyzed. Parsing phase will be skipped.
Fri 09 Oct 2026 04:34:21 [INFO] [MSVP] [1313042] msprof_export.py: All collected data will be exported, path is: /home/data4t2/lelinfeng/cann/w4/R10-active-core-d-aware-x/V002/results/qualification-device0-round1/profile-target-capture/PROF_000001_20261009043413745_FNQKHNIAALNFQQMA/device_0.
Fri 09 Oct 2026 04:34:21 [INFO] [MSVP] [1313042] msprof_export.py: There is no summary data to export for "/home/data4t2/lelinfeng/cann/w4/R10-active-core-d-aware-x/V002/results/qualification-device0-round1/profile-target-capture/PROF_000001_20261009043413745_FNQKHNIAALNFQQMA/host"
Fri 09 Oct 2026 04:34:21 [INFO] [MSVP] [1313042] msprof_export.py: All collected data will be exported, path is: /home/data4t2/lelinfeng/cann/w4/R10-active-core-d-aware-x/V002/results/qualification-device0-round1/profile-target-capture/PROF_000001_20261009043413745_FNQKHNIAALNFQQMA/device_0.
Fri 09 Oct 2026 04:34:21 [INFO] [MSVP] [1313042] msprof_export.py: There is no summary data to export for "/home/data4t2/lelinfeng/cann/w4/R10-active-core-d-aware-x/V002/results/qualification-device0-round1/profile-target-capture/PROF_000001_20261009043413745_FNQKHNIAALNFQQMA/device_0"
Fri 09 Oct 2026 04:34:21 [INFO] [MSVP] [1313042] msprof_common.py: Start exporting summary output_file.
Fri 09 Oct 2026 04:34:21 [INFO] [MSVP] [1313042] msprof_common.py: End exporting summary output_file.The file is stored in the /home/data4t2/lelinfeng/cann/w4/R10-active-core-d-aware-x/V002/results/qualification-device0-round1/profile-target-capture/PROF_000001_20261009043413745_FNQKHNIAALNFQQMA/mindstudio_profiler_output path.
[INFO] Export all data in PROF_000001_20261009043413745_FNQKHNIAALNFQQMA done.
[INFO] Start query data in PROF_000001_20261009043413745_FNQKHNIAALNFQQMA.
Job Info	Device ID	Dir Name	Collection Time           	Model ID	Iteration Number	Top Time Iteration	Rank ID	

NA      	         	host    	2026-10-09 04:34:13.749560	N/A     	N/A             	N/A               	-1     	

NA      	0        	device_0	2026-10-09 04:34:14.207313	N/A     	N/A             	N/A               	-1     	

[INFO] Query all data in PROF_000001_20261009043413745_FNQKHNIAALNFQQMA done.
[INFO] Profiling finished.
[INFO] Process profiling data complete. Data is saved in /home/data4t2/lelinfeng/cann/w4/R10-active-core-d-aware-x/V002/results/qualification-device0-round1/profile-target-capture/PROF_000001_20261009043413745_FNQKHNIAALNFQQMA
PROFILE_END_UTC=2026-10-09T04:34:22Z
HOST=hwnput3
DEVICE_ID=0
	NPU ID                         : 0
	Chip Count                     : 1

	DDR Capacity(MB)               : 0
	DDR Usage Rate(%)              : 0
	DDR Hugepages Total(page)      : 0
	DDR Hugepages Usage Rate(%)    : 0
	HBM Capacity(MB)               : 65536
	HBM Usage Rate(%)              : 22
	Aicore Usage Rate(%)           : 2
	Aivector Usage Rate(%)         : 5
	Aicpu Usage Rate(%)            : 0
	Ctrlcpu Usage Rate(%)          : 8
	DDR Bandwidth Usage Rate(%)    : 0
	HBM Bandwidth Usage Rate(%)    : 8
	Chip ID                        : 0

HOST_LOADAVG=31.96 43.33 54.22 13/16050 1313380
RUNNING_DEVICE_OPERATION=NONE
