ROUTE=STAGING-LIVENESS-X
REVISION=V034
STAGE=SUPPORT_COMPILE
RUN_ID=20261007T222300Z
CANDIDATE_SHA256=75131108d32bc587c3c289d53ded04a15c5224417c675cb37a46df032e104d33  本地实验/STAGING-LIVENESS-X/V034/src/submission.asc
SUPPORT_WRAPPER_SHA256=c50ac1018ab0f4ed5b229ad3313a382af192cec8576a82df622010d5ec4dc028  route_support/STAGING-LIVENESS-X/V034/exact_source_kernel.cpp
LLVM_OBJDUMP=/usr/local/Ascend/ascend-toolkit/8.5.0.alpha002/aarch64-linux/ccec_compiler/bin/llvm-objdump
START_UTC=2026-10-07T22:23:30Z
-- The CXX compiler identification is Clang 15.0.5
-- Detecting CXX compiler ABI info
-- Detecting CXX compiler ABI info - done
-- Check for working CXX compiler: /usr/local/Ascend/ascend-toolkit/8.5.0.alpha002/aarch64-linux/ccec_compiler/bin/bisheng - skipped
-- Detecting CXX compile features
-- Detecting CXX compile features - done
-- Pinned exact source: /home/data4t2/lelinfeng/cann-staging-liveness-x/本地实验/STAGING-LIVENESS-X/V034/src/submission.asc
-- Pinned source SHA-256: 75131108d32bc587c3c289d53ded04a15c5224417c675cb37a46df032e104d33
-- Kernel build: CANN template-aware preprocess/device/host-stub pipeline
-- Host runner entry: separate support adapter over generated exact-kernel stubs
-- Configuring done
-- Generating done
-- Build files have been written to: /home/data4t2/lelinfeng/cann-staging-liveness-x/route_support/STAGING-LIVENESS-X/V034/build/runner-hoststub-toolpath-20261007T222300Z
CONFIGURE_RC=0
[  2%] Creating directories for 'v034_exact_kernel_precompile'
[  4%] No download step for 'v034_exact_kernel_precompile'
[  6%] No update step for 'v034_exact_kernel_precompile'
[  8%] No patch step for 'v034_exact_kernel_precompile'
[ 11%] Performing configure step for 'v034_exact_kernel_precompile'
-- The C compiler identification is GNU 11.4.0
-- The CXX compiler identification is GNU 11.4.0
-- Detecting C compiler ABI info
-- Detecting C compiler ABI info - done
-- Check for working C compiler: /usr/bin/cc - skipped
-- Detecting C compile features
-- Detecting C compile features - done
-- Detecting CXX compiler ABI info
-- Detecting CXX compiler ABI info - done
-- Check for working CXX compiler: /usr/bin/c++ - skipped
-- Detecting CXX compile features
-- Detecting CXX compile features - done
-- Configuring done
-- Generating done
CMake Warning:
  Manually-specified variables were not used by the project:

    DYNAMIC_MODE
    INCLUDE_DIR


-- Build files have been written to: /home/data4t2/lelinfeng/cann-staging-liveness-x/route_support/STAGING-LIVENESS-X/V034/build/runner-hoststub-toolpath-20261007T222300Z/v034_exact_kernel_precompile-prefix/src/v034_exact_kernel_precompile-build
[ 13%] Performing build step for 'v034_exact_kernel_precompile'
[100%] Building CXX object CMakeFiles/precompile_obj.dir/home/data4t2/lelinfeng/cann-staging-liveness-x/route_support/STAGING-LIVENESS-X/V034/exact_source_kernel.cpp.o
[100%] Built target precompile_obj
[100%] Built target check_src_template
[ 15%] No install step for 'v034_exact_kernel_precompile'
[ 17%] Completed 'v034_exact_kernel_precompile'
[ 17%] Built target v034_exact_kernel_precompile
[ 20%] Creating directories for 'v034_exact_kernel_preprocess'
[ 22%] No download step for 'v034_exact_kernel_preprocess'
[ 24%] No update step for 'v034_exact_kernel_preprocess'
[ 26%] No patch step for 'v034_exact_kernel_preprocess'
[ 28%] Performing configure step for 'v034_exact_kernel_preprocess'
-- The C compiler identification is GNU 11.4.0
-- The CXX compiler identification is GNU 11.4.0
-- Detecting C compiler ABI info
-- Detecting C compiler ABI info - done
-- Check for working C compiler: /usr/bin/cc - skipped
-- Detecting C compile features
-- Detecting C compile features - done
-- Detecting CXX compiler ABI info
-- Detecting CXX compiler ABI info - done
-- Check for working CXX compiler: /usr/bin/c++ - skipped
-- Detecting CXX compile features
-- Detecting CXX compile features - done
-- Configuring done
-- Generating done
-- Build files have been written to: /home/data4t2/lelinfeng/cann-staging-liveness-x/route_support/STAGING-LIVENESS-X/V034/build/runner-hoststub-toolpath-20261007T222300Z/v034_exact_kernel_preprocess-prefix/src/v034_exact_kernel_preprocess-build
[ 31%] Performing build step for 'v034_exact_kernel_preprocess'
[ 33%] Building CXX object CMakeFiles/preprocess_obj.dir/home/data4t2/lelinfeng/cann-staging-liveness-x/route_support/STAGING-LIVENESS-X/V034/exact_source_kernel.cpp.o
[ 66%] Building CXX object CMakeFiles/aiv_obj.dir/home/data4t2/lelinfeng/cann-staging-liveness-x/route_support/STAGING-LIVENESS-X/V034/exact_source_kernel.cpp.o
[ 66%] Built target preprocess_obj
[100%] Building CXX object CMakeFiles/aic_obj.dir/home/data4t2/lelinfeng/cann-staging-liveness-x/route_support/STAGING-LIVENESS-X/V034/exact_source_kernel.cpp.o
[100%] Built target aiv_obj
/usr/local/Ascend/ascend-toolkit/8.5.0.alpha002/tools/ccec_compiler/bin/ld.lld -m aicorelinux -Ttext=0 /home/data4t2/lelinfeng/cann-staging-liveness-x/route_support/STAGING-LIVENESS-X/V034/build/runner-hoststub-toolpath-20261007T222300Z/v034_exact_kernel_preprocess-prefix/src/v034_exact_kernel_preprocess-build/CMakeFiles/aiv_obj.dir/home/data4t2/lelinfeng/cann-staging-liveness-x/route_support/STAGING-LIVENESS-X/V034/exact_source_kernel.cpp.o -o /home/data4t2/lelinfeng/cann-staging-liveness-x/route_support/STAGING-LIVENESS-X/V034/build/runner-hoststub-toolpath-20261007T222300Z/v034_exact_kernel_preprocess-prefix/src/v034_exact_kernel_preprocess-build/CMakeFiles/aiv_obj.dir/home/data4t2/lelinfeng/cann-staging-liveness-x/route_support/STAGING-LIVENESS-X/V034/exact_source_kernel.cpp.o[100%] Built target merge_aiv_obj_text
[100%] Built target aic_obj
/usr/local/Ascend/ascend-toolkit/8.5.0.alpha002/tools/ccec_compiler/bin/ld.lld -m aicorelinux -Ttext=0 /home/data4t2/lelinfeng/cann-staging-liveness-x/route_support/STAGING-LIVENESS-X/V034/build/runner-hoststub-toolpath-20261007T222300Z/v034_exact_kernel_preprocess-prefix/src/v034_exact_kernel_preprocess-build/CMakeFiles/aic_obj.dir/home/data4t2/lelinfeng/cann-staging-liveness-x/route_support/STAGING-LIVENESS-X/V034/exact_source_kernel.cpp.o -o /home/data4t2/lelinfeng/cann-staging-liveness-x/route_support/STAGING-LIVENESS-X/V034/build/runner-hoststub-toolpath-20261007T222300Z/v034_exact_kernel_preprocess-prefix/src/v034_exact_kernel_preprocess-build/CMakeFiles/aic_obj.dir/home/data4t2/lelinfeng/cann-staging-liveness-x/route_support/STAGING-LIVENESS-X/V034/exact_source_kernel.cpp.o[100%] Built target merge_aic_obj_text
[100%] Built target _host_cpp
[ 33%] No install step for 'v034_exact_kernel_preprocess'
[ 35%] Completed 'v034_exact_kernel_preprocess'
[ 35%] Built target v034_exact_kernel_preprocess
[ 37%] Creating directories for 'v034_exact_kernel_aiv_device'
[ 40%] Creating directories for 'v034_exact_kernel_aic_device'
[ 42%] No download step for 'v034_exact_kernel_aiv_device'
[ 44%] No download step for 'v034_exact_kernel_aic_device'
[ 46%] No update step for 'v034_exact_kernel_aic_device'
[ 48%] No update step for 'v034_exact_kernel_aiv_device'
[ 51%] No patch step for 'v034_exact_kernel_aic_device'
[ 53%] No patch step for 'v034_exact_kernel_aiv_device'
[ 55%] Performing configure step for 'v034_exact_kernel_aic_device'
[ 57%] Performing configure step for 'v034_exact_kernel_aiv_device'
-- The C compiler identification is GNU 11.4.0
-- The C compiler identification is GNU 11.4.0
-- The CXX compiler identification is GNU 11.4.0
-- The CXX compiler identification is GNU 11.4.0
-- Detecting C compiler ABI info
-- Detecting C compiler ABI info
-- Detecting C compiler ABI info - done
-- Check for working C compiler: /usr/bin/cc - skipped
-- Detecting C compile features
-- Detecting C compile features - done
-- Detecting C compiler ABI info - done
-- Detecting CXX compiler ABI info
-- Check for working C compiler: /usr/bin/cc - skipped
-- Detecting C compile features
-- Detecting C compile features - done
-- Detecting CXX compiler ABI info
-- Detecting CXX compiler ABI info - done
-- Check for working CXX compiler: /usr/bin/c++ - skipped
-- Detecting CXX compile features
-- Detecting CXX compile features - done
-- Configuring done
-- Generating done
CMake Warning:
  Manually-specified variables were not used by the project:

    BUILD_MODE


-- Build files have been written to: /home/data4t2/lelinfeng/cann-staging-liveness-x/route_support/STAGING-LIVENESS-X/V034/build/runner-hoststub-toolpath-20261007T222300Z/v034_exact_kernel_aic_device-prefix/src/v034_exact_kernel_aic_device-build
-- Detecting CXX compiler ABI info - done
-- Check for working CXX compiler: /usr/bin/c++ - skipped
-- Detecting CXX compile features
-- Detecting CXX compile features - done
-- Configuring done
-- Generating done
-- Build files have been written to: /home/data4t2/lelinfeng/cann-staging-liveness-x/route_support/STAGING-LIVENESS-X/V034/build/runner-hoststub-toolpath-20261007T222300Z/v034_exact_kernel_aiv_device-prefix/src/v034_exact_kernel_aiv_device-build
[ 60%] Performing build step for 'v034_exact_kernel_aic_device'
[ 62%] Performing build step for 'v034_exact_kernel_aiv_device'
[ 64%] No install step for 'v034_exact_kernel_aic_device'
[100%] Building CXX object CMakeFiles/device_aiv_obj.dir/home/data4t2/lelinfeng/cann-staging-liveness-x/route_support/STAGING-LIVENESS-X/V034/build/runner-hoststub-toolpath-20261007T222300Z/auto_gen/v034_exact_kernel/auto_gen_exact_source_kernel.cpp.o
[ 66%] Completed 'v034_exact_kernel_aic_device'
[ 66%] Built target v034_exact_kernel_aic_device
[ 68%] Creating directories for 'v034_exact_kernel_host'
[ 71%] No download step for 'v034_exact_kernel_host'
[ 73%] No update step for 'v034_exact_kernel_host'
[ 75%] No patch step for 'v034_exact_kernel_host'
[ 77%] Performing configure step for 'v034_exact_kernel_host'
-- The C compiler identification is GNU 11.4.0
-- The CXX compiler identification is GNU 11.4.0
-- Detecting C compiler ABI info
-- Detecting C compiler ABI info - done
-- Check for working C compiler: /usr/bin/cc - skipped
-- Detecting C compile features
-- Detecting C compile features - done
-- Detecting CXX compiler ABI info
-- Detecting CXX compiler ABI info - done
-- Check for working CXX compiler: /usr/bin/c++ - skipped
-- Detecting CXX compile features
-- Detecting CXX compile features - done
-- Configuring done
-- Generating done
CMake Warning:
  Manually-specified variables were not used by the project:

    ASCEND_PYTHON_EXECUTABLE


-- Build files have been written to: /home/data4t2/lelinfeng/cann-staging-liveness-x/route_support/STAGING-LIVENESS-X/V034/build/runner-hoststub-toolpath-20261007T222300Z/v034_exact_kernel_host-prefix/src/v034_exact_kernel_host-build
[ 80%] Performing build step for 'v034_exact_kernel_host'
[100%] Building CXX object CMakeFiles/host_bisheng_obj.dir/home/data4t2/lelinfeng/cann-staging-liveness-x/route_support/STAGING-LIVENESS-X/V034/exact_source_kernel.cpp.o
/home/data4t2/lelinfeng/cann-staging-liveness-x/route_support/STAGING-LIVENESS-X/V034/exact_source_kernel.cpp:6:2: error: KERNEL_SOURCE_HEADER must point to the pinned exact source
#error KERNEL_SOURCE_HEADER must point to the pinned exact source
 ^
/home/data4t2/lelinfeng/cann-staging-liveness-x/route_support/STAGING-LIVENESS-X/V034/exact_source_kernel.cpp:9:10: error: expected "FILENAME" or <FILENAME>
#include KERNEL_SOURCE_HEADER
         ^
2 errors generated.
gmake[6]: *** [CMakeFiles/host_bisheng_obj.dir/build.make:76: CMakeFiles/host_bisheng_obj.dir/home/data4t2/lelinfeng/cann-staging-liveness-x/route_support/STAGING-LIVENESS-X/V034/exact_source_kernel.cpp.o] Error 1
gmake[5]: *** [CMakeFiles/Makefile2:83: CMakeFiles/host_bisheng_obj.dir/all] Error 2
gmake[4]: *** [Makefile:136: all] Error 2
gmake[3]: *** [CMakeFiles/v034_exact_kernel_host.dir/build.make:86: v034_exact_kernel_host-prefix/src/v034_exact_kernel_host-stamp/v034_exact_kernel_host-build] Error 2
gmake[2]: *** [CMakeFiles/Makefile2:257: CMakeFiles/v034_exact_kernel_host.dir/all] Error 2
gmake[2]: *** Waiting for unfinished jobs....
In file included from /home/data4t2/lelinfeng/cann-staging-liveness-x/route_support/STAGING-LIVENESS-X/V034/build/runner-hoststub-toolpath-20261007T222300Z/auto_gen/v034_exact_kernel/auto_gen_exact_source_kernel.cpp:6:
In file included from /home/data4t2/lelinfeng/cann-staging-liveness-x/route_support/STAGING-LIVENESS-X/V034/exact_source_kernel.cpp:9:
/home/data4t2/lelinfeng/cann-staging-liveness-x/本地实验/STAGING-LIVENESS-X/V034/src/submission.asc:3468:28: error: __attribute__((aic)), __attribute__((aiv)), bisheng::core_ratio attribute needs to appear with cce kernel func.
__global__ __vector__ void add_rms_norm_bias_custom(
                           ^
1 error generated.
gmake[6]: *** [CMakeFiles/device_aiv_obj.dir/build.make:76: CMakeFiles/device_aiv_obj.dir/home/data4t2/lelinfeng/cann-staging-liveness-x/route_support/STAGING-LIVENESS-X/V034/build/runner-hoststub-toolpath-20261007T222300Z/auto_gen/v034_exact_kernel/auto_gen_exact_source_kernel.cpp.o] Error 1
gmake[5]: *** [CMakeFiles/Makefile2:85: CMakeFiles/device_aiv_obj.dir/all] Error 2
gmake[4]: *** [Makefile:91: all] Error 2
gmake[3]: *** [CMakeFiles/v034_exact_kernel_aiv_device.dir/build.make:86: v034_exact_kernel_aiv_device-prefix/src/v034_exact_kernel_aiv_device-stamp/v034_exact_kernel_aiv_device-build] Error 2
gmake[2]: *** [CMakeFiles/Makefile2:204: CMakeFiles/v034_exact_kernel_aiv_device.dir/all] Error 2
gmake[1]: *** [CMakeFiles/Makefile2:344: CMakeFiles/route_runner.dir/rule] Error 2
gmake: *** [Makefile:286: route_runner] Error 2
BUILD_RC=2
END_UTC=2026-10-07T22:23:41Z
