V055_BETWEEN_LOCAL_BLOCKS_SNAPSHOT_UTC=2026-10-08T03:19:05Z
+------------------------------------------------------------------------------------------------+
| npu-smi 25.0.rc1.1               Version: 25.0.rc1.1                                           |
+---------------------------+---------------+----------------------------------------------------+
| NPU   Name                | Health        | Power(W)    Temp(C)           Hugepages-Usage(page)|
| Chip                      | Bus-Id        | AICore(%)   Memory-Usage(MB)  HBM-Usage(MB)        |
+===========================+===============+====================================================+
| 0     910B3               | OK            | 91.3        28                0    / 0             |
| 0                         | 0000:C1:00.0  | 0           0    / 0          3452 / 65536         |
+===========================+===============+====================================================+
| 1     910B3               | OK            | 103.5       29                0    / 0             |
| 0                         | 0000:C2:00.0  | 1           0    / 0          9176 / 65536         |
+===========================+===============+====================================================+
| 2     910B3               | OK            | 87.4        30                0    / 0             |
| 0                         | 0000:81:00.0  | 0           0    / 0          3421 / 65536         |
+===========================+===============+====================================================+
| 3     910B3               | OK            | 122.2       31                0    / 0             |
| 0                         | 0000:82:00.0  | 8           0    / 0          7215 / 65536         |
+===========================+===============+====================================================+
| 4     910B3               | OK            | 188.7       52                0    / 0             |
| 0                         | 0000:01:00.0  | 59          0    / 0          59193/ 65536         |
+===========================+===============+====================================================+
| 5     910B3               | OK            | 165.4       48                0    / 0             |
| 0                         | 0000:02:00.0  | 44          0    / 0          60221/ 65536         |
+===========================+===============+====================================================+
| 6     910B3               | OK            | 172.0       46                0    / 0             |
| 0                         | 0000:41:00.0  | 44          0    / 0          60222/ 65536         |
+===========================+===============+====================================================+
| 7     910B3               | OK            | 139.9       38                0    / 0             |
| 0                         | 0000:42:00.0  | 0           0    / 0          24790/ 65536         |
+===========================+===============+====================================================+
+---------------------------+---------------+----------------------------------------------------+
| NPU     Chip              | Process id    | Process name             | Process memory(MB)      |
+===========================+===============+====================================================+
| No running processes found in NPU 0                                                            |
+===========================+===============+====================================================+
| 1       0                 | 3150467       | python                   | 5748                    |
+===========================+===============+====================================================+
| No running processes found in NPU 2                                                            |
+===========================+===============+====================================================+
| 3       0                 | 281978        | python                   | 3841                    |
+===========================+===============+====================================================+
| 4       0                 | 2999855       | VLLMEngineCor            | 55666                   |
+===========================+===============+====================================================+
| 5       0                 | 89602         | VLLMWorker_TP            | 56700                   |
+===========================+===============+====================================================+
| 6       0                 | 91228         | VLLMWorker_TP            | 56701                   |
+===========================+===============+====================================================+
| 7       0                 | 439848        | python3                  | 21260                   |
+===========================+===============+====================================================+
