CANDIDATE_QUALIFICATION_RUN1_UTC=2026-10-08T03:16:54Z
SAME_BINARY_SAMPLE binary=CANDIDATE_V055 case=fp16-128x128 pair=01 order=A,B first_device_us=32.2600 second_device_us=33.6400 first_gelem_s=0.507874 second_gelem_s=0.487039 first_wall_us=129.1320 second_wall_us=89.4710 second_minus_first_us=1.3800
SAME_BINARY_SAMPLE binary=CANDIDATE_V055 case=fp16-128x128 pair=02 order=B,A first_device_us=8.0400 second_device_us=8.2000 first_gelem_s=2.037811 second_gelem_s=1.998049 first_wall_us=73.8510 second_wall_us=65.8410 second_minus_first_us=0.1600
SAME_BINARY_SAMPLE binary=CANDIDATE_V055 case=fp16-128x128 pair=03 order=A,B first_device_us=8.1600 second_device_us=8.2800 first_gelem_s=2.007843 second_gelem_s=1.978744 first_wall_us=68.3110 second_wall_us=67.4110 second_minus_first_us=0.1200
SAME_BINARY_SAMPLE binary=CANDIDATE_V055 case=fp16-128x128 pair=04 order=B,A first_device_us=32.0400 second_device_us=8.4200 first_gelem_s=0.511361 second_gelem_s=1.945843 first_wall_us=76.8010 second_wall_us=64.3900 second_minus_first_us=-23.6200
SAME_BINARY_SAMPLE binary=CANDIDATE_V055 case=fp16-128x128 pair=05 order=A,B first_device_us=21.6800 second_device_us=8.6200 first_gelem_s=0.755720 second_gelem_s=1.900696 first_wall_us=74.1200 second_wall_us=68.0910 second_minus_first_us=-13.0600
SAME_BINARY_SAMPLE binary=CANDIDATE_V055 case=fp16-128x128 pair=06 order=B,A first_device_us=8.4800 second_device_us=8.0800 first_gelem_s=1.932075 second_gelem_s=2.027723 first_wall_us=65.4410 second_wall_us=63.0410 second_minus_first_us=-0.4000
SAME_BINARY_SAMPLE binary=CANDIDATE_V055 case=fp16-128x128 pair=07 order=A,B first_device_us=8.2800 second_device_us=8.3800 first_gelem_s=1.978744 second_gelem_s=1.955131 first_wall_us=65.1710 second_wall_us=63.8900 second_minus_first_us=0.1000
SAME_BINARY_SAMPLE binary=CANDIDATE_V055 case=fp16-128x128 pair=08 order=B,A first_device_us=19.3600 second_device_us=8.4600 first_gelem_s=0.846281 second_gelem_s=1.936643 first_wall_us=72.0910 second_wall_us=73.5810 second_minus_first_us=-10.9000
SAME_BINARY_SAMPLE binary=CANDIDATE_V055 case=fp16-128x128 pair=09 order=A,B first_device_us=8.4600 second_device_us=10.8400 first_gelem_s=1.936643 second_gelem_s=1.511439 first_wall_us=78.9910 second_wall_us=74.9710 second_minus_first_us=2.3800
SAME_BINARY_SAMPLE binary=CANDIDATE_V055 case=fp16-128x128 pair=10 order=B,A first_device_us=9.9000 second_device_us=9.3800 first_gelem_s=1.654950 second_gelem_s=1.746695 first_wall_us=85.2110 second_wall_us=74.6010 second_minus_first_us=-0.5200
SAME_BINARY_SAMPLE binary=CANDIDATE_V055 case=fp16-128x128 pair=11 order=A,B first_device_us=8.7400 second_device_us=7.9800 first_gelem_s=1.874599 second_gelem_s=2.053133 first_wall_us=86.8410 second_wall_us=75.1810 second_minus_first_us=-0.7600
SAME_BINARY_SAMPLE binary=CANDIDATE_V055 case=fp16-128x128 pair=12 order=B,A first_device_us=7.4200 second_device_us=12.4600 first_gelem_s=2.208086 second_gelem_s=1.314928 first_wall_us=76.6110 second_wall_us=107.7110 second_minus_first_us=5.0400
SAME_BINARY_SAMPLE binary=CANDIDATE_V055 case=fp16-128x128 pair=13 order=A,B first_device_us=10.2000 second_device_us=7.5000 first_gelem_s=1.606274 second_gelem_s=2.184533 first_wall_us=69.6310 second_wall_us=65.8510 second_minus_first_us=-2.7000
SAME_BINARY_SAMPLE binary=CANDIDATE_V055 case=fp16-128x128 pair=14 order=B,A first_device_us=20.6200 second_device_us=8.0800 first_gelem_s=0.794568 second_gelem_s=2.027723 first_wall_us=70.7410 second_wall_us=64.5600 second_minus_first_us=-12.5400
SAME_BINARY_SAMPLE binary=CANDIDATE_V055 case=fp16-128x128 pair=15 order=A,B first_device_us=17.7000 second_device_us=24.1000 first_gelem_s=0.925650 second_gelem_s=0.679834 first_wall_us=71.0510 second_wall_us=70.9510 second_minus_first_us=6.4000
SAME_BINARY_SAMPLE binary=CANDIDATE_V055 case=fp16-128x128 pair=16 order=B,A first_device_us=6.7800 second_device_us=17.3600 first_gelem_s=2.416519 second_gelem_s=0.943779 first_wall_us=67.5010 second_wall_us=70.2010 second_minus_first_us=10.5800
SAME_BINARY_SAMPLE binary=CANDIDATE_V055 case=fp16-128x128 pair=17 order=A,B first_device_us=7.8400 second_device_us=8.9800 first_gelem_s=2.089796 second_gelem_s=1.824499 first_wall_us=64.3510 second_wall_us=65.5300 second_minus_first_us=1.1400
SAME_BINARY_SAMPLE binary=CANDIDATE_V055 case=fp16-128x128 pair=18 order=B,A first_device_us=7.1200 second_device_us=8.4000 first_gelem_s=2.301124 second_gelem_s=1.950476 first_wall_us=74.3910 second_wall_us=65.4510 second_minus_first_us=1.2800
SAME_BINARY_SAMPLE binary=CANDIDATE_V055 case=fp16-128x128 pair=19 order=A,B first_device_us=9.7200 second_device_us=8.7000 first_gelem_s=1.685597 second_gelem_s=1.883218 first_wall_us=64.9410 second_wall_us=64.6410 second_minus_first_us=-1.0200
SAME_BINARY_SAMPLE binary=CANDIDATE_V055 case=fp16-128x128 pair=20 order=B,A first_device_us=18.2400 second_device_us=10.7200 first_gelem_s=0.898246 second_gelem_s=1.528358 first_wall_us=75.0200 second_wall_us=82.2900 second_minus_first_us=-7.5200
SAME_BINARY_SAMPLE binary=CANDIDATE_V055 case=fp16-128x128 pair=21 order=A,B first_device_us=8.4000 second_device_us=8.7600 first_gelem_s=1.950476 second_gelem_s=1.870320 first_wall_us=78.9100 second_wall_us=64.4900 second_minus_first_us=0.3600
SAME_BINARY_SAMPLE binary=CANDIDATE_V055 case=fp16-128x128 pair=22 order=B,A first_device_us=8.7600 second_device_us=6.9600 first_gelem_s=1.870320 second_gelem_s=2.354023 first_wall_us=64.9310 second_wall_us=69.7910 second_minus_first_us=-1.8000
SAME_BINARY_SAMPLE binary=CANDIDATE_V055 case=fp16-128x128 pair=23 order=A,B first_device_us=6.9400 second_device_us=9.0400 first_gelem_s=2.360807 second_gelem_s=1.812389 first_wall_us=64.5110 second_wall_us=64.6000 second_minus_first_us=2.1000
SAME_BINARY_SAMPLE binary=CANDIDATE_V055 case=fp16-128x128 pair=24 order=B,A first_device_us=6.8800 second_device_us=7.7000 first_gelem_s=2.381395 second_gelem_s=2.127792 first_wall_us=74.4300 second_wall_us=64.3010 second_minus_first_us=0.8200
SAME_BINARY_SAMPLE binary=CANDIDATE_V055 case=fp16-128x128 pair=25 order=A,B first_device_us=6.7000 second_device_us=6.9400 first_gelem_s=2.445373 second_gelem_s=2.360807 first_wall_us=64.5410 second_wall_us=64.0010 second_minus_first_us=0.2400
SAME_BINARY_SAMPLE binary=CANDIDATE_V055 case=fp16-128x128 pair=26 order=B,A first_device_us=7.1600 second_device_us=6.9600 first_gelem_s=2.288268 second_gelem_s=2.354023 first_wall_us=64.0700 second_wall_us=62.0600 second_minus_first_us=-0.2000
SAME_BINARY_SAMPLE binary=CANDIDATE_V055 case=fp16-128x128 pair=27 order=A,B first_device_us=7.8000 second_device_us=7.9000 first_gelem_s=2.100513 second_gelem_s=2.073924 first_wall_us=68.1810 second_wall_us=62.6610 second_minus_first_us=0.1000
SAME_BINARY_SAMPLE binary=CANDIDATE_V055 case=fp16-128x128 pair=28 order=B,A first_device_us=8.0600 second_device_us=8.2400 first_gelem_s=2.032754 second_gelem_s=1.988349 first_wall_us=64.4310 second_wall_us=79.5410 second_minus_first_us=0.1800
SAME_BINARY_SAMPLE binary=CANDIDATE_V055 case=fp16-128x128 pair=29 order=A,B first_device_us=8.4000 second_device_us=8.5400 first_gelem_s=1.950476 second_gelem_s=1.918501 first_wall_us=66.4000 second_wall_us=77.3310 second_minus_first_us=0.1400
SAME_BINARY_SAMPLE binary=CANDIDATE_V055 case=fp16-128x128 pair=30 order=B,A first_device_us=16.1200 second_device_us=8.1400 first_gelem_s=1.016377 second_gelem_s=2.012777 first_wall_us=64.3010 second_wall_us=64.1810 second_minus_first_us=-7.9800
SAME_BINARY_SAMPLE binary=CANDIDATE_V055 case=fp16-128x128 pair=31 order=A,B first_device_us=14.9400 second_device_us=21.4200 first_gelem_s=1.096653 second_gelem_s=0.764893 first_wall_us=64.5110 second_wall_us=72.6710 second_minus_first_us=6.4800
LOCAL_STATS case=CANDIDATE_V055 metric=device_us binary=same_binary_first n=31 median=8.4600 mean=11.9742 stdev=7.0385 cv=0.58780 min=6.7000 max=32.2600 mad=1.3400 p10=6.9400 p90=20.6200
LOCAL_STATS case=CANDIDATE_V055 metric=device_us binary=same_binary_second n=31 median=8.4200 mean=10.5542 stdev=5.8528 cv=0.55455 min=6.9400 max=33.6400 mad=0.5200 p10=7.5000 p90=17.3600
LOCAL_STATS case=CANDIDATE_V055 metric=paired_delta_us binary=same_binary_second_minus_first n=31 median=0.1200 mean=-1.4200 stdev=6.6107 cv=-4.65543 min=-23.6200 max=10.5800 mad=1.1600 p10=-10.9000 p90=5.0400
LOCAL_STATS case=CANDIDATE_V055 metric=gelem_s binary=same_binary_first n=31 median=1.9366 mean=1.6924 stdev=0.6137 cv=0.36261 min=0.5079 max=2.4454 mad=0.3304 p10=0.7946 p90=2.3608
LOCAL_STATS case=CANDIDATE_V055 metric=gelem_s binary=same_binary_second n=31 median=1.9458 mean=1.7908 stdev=0.4788 cv=0.26736 min=0.4870 max=2.3608 mad=0.1213 p10=0.9438 p90=2.1845
LOCAL_STATS case=CANDIDATE_V055 metric=wall_us binary=same_binary_first n=31 median=69.6310 mean=72.5618 stdev=12.2499 cv=0.16882 min=64.0700 max=129.1320 mad=4.7990 p10=64.4310 p90=78.9910
LOCAL_STATS case=CANDIDATE_V055 metric=wall_us binary=same_binary_second n=31 median=65.8510 mean=70.4285 stdev=9.5304 cv=0.13532 min=62.0600 max=107.7110 mad=2.8100 p10=63.8900 p90=79.5410
SAME_BINARY_QUALIFICATION binary=CANDIDATE_V055 case=fp16-128x128 samples=31 first_mad_over_median=0.158392 second_mad_over_median=0.061758 median_drift_fraction=0.004739
SAME_BINARY_SUMMARY binary=CANDIDATE_V055 device=3 shape=128x128 dtype=fp16 samples=31
