CANDIDATE_QUALIFICATION_RUN2_UTC=2026-10-08T03:17:01Z
SAME_BINARY_SAMPLE binary=CANDIDATE_V055 case=fp16-128x128 pair=01 order=A,B first_device_us=32.7400 second_device_us=9.5600 first_gelem_s=0.500428 second_gelem_s=1.713808 first_wall_us=108.9810 second_wall_us=84.4700 second_minus_first_us=-23.1800
SAME_BINARY_SAMPLE binary=CANDIDATE_V055 case=fp16-128x128 pair=02 order=B,A first_device_us=7.8600 second_device_us=7.6400 first_gelem_s=2.084478 second_gelem_s=2.144503 first_wall_us=70.3510 second_wall_us=67.1510 second_minus_first_us=-0.2200
SAME_BINARY_SAMPLE binary=CANDIDATE_V055 case=fp16-128x128 pair=03 order=A,B first_device_us=20.1800 second_device_us=7.4000 first_gelem_s=0.811893 second_gelem_s=2.214054 first_wall_us=62.6710 second_wall_us=63.6200 second_minus_first_us=-12.7800
SAME_BINARY_SAMPLE binary=CANDIDATE_V055 case=fp16-128x128 pair=04 order=B,A first_device_us=7.5400 second_device_us=8.1200 first_gelem_s=2.172944 second_gelem_s=2.017734 first_wall_us=65.1610 second_wall_us=61.8310 second_minus_first_us=0.5800
SAME_BINARY_SAMPLE binary=CANDIDATE_V055 case=fp16-128x128 pair=05 order=A,B first_device_us=7.4400 second_device_us=15.9000 first_gelem_s=2.202151 second_gelem_s=1.030440 first_wall_us=63.4710 second_wall_us=62.9700 second_minus_first_us=8.4600
SAME_BINARY_SAMPLE binary=CANDIDATE_V055 case=fp16-128x128 pair=06 order=B,A first_device_us=6.8800 second_device_us=14.2400 first_gelem_s=2.381395 second_gelem_s=1.150562 first_wall_us=61.6800 second_wall_us=58.4210 second_minus_first_us=7.3600
SAME_BINARY_SAMPLE binary=CANDIDATE_V055 case=fp16-128x128 pair=07 order=A,B first_device_us=15.2000 second_device_us=9.2200 first_gelem_s=1.077895 second_gelem_s=1.777006 first_wall_us=58.5510 second_wall_us=61.7200 second_minus_first_us=-5.9800
SAME_BINARY_SAMPLE binary=CANDIDATE_V055 case=fp16-128x128 pair=08 order=B,A first_device_us=16.2800 second_device_us=15.3800 first_gelem_s=1.006388 second_gelem_s=1.065280 first_wall_us=59.8700 second_wall_us=57.7010 second_minus_first_us=-0.9000
SAME_BINARY_SAMPLE binary=CANDIDATE_V055 case=fp16-128x128 pair=09 order=A,B first_device_us=13.8400 second_device_us=14.6800 first_gelem_s=1.183815 second_gelem_s=1.116076 first_wall_us=59.5510 second_wall_us=57.6500 second_minus_first_us=0.8400
SAME_BINARY_SAMPLE binary=CANDIDATE_V055 case=fp16-128x128 pair=10 order=B,A first_device_us=14.8800 second_device_us=17.0200 first_gelem_s=1.101075 second_gelem_s=0.962632 first_wall_us=59.3510 second_wall_us=60.5710 second_minus_first_us=2.1400
SAME_BINARY_SAMPLE binary=CANDIDATE_V055 case=fp16-128x128 pair=11 order=A,B first_device_us=9.2800 second_device_us=10.0200 first_gelem_s=1.765517 second_gelem_s=1.635130 first_wall_us=64.3210 second_wall_us=60.4900 second_minus_first_us=0.7400
SAME_BINARY_SAMPLE binary=CANDIDATE_V055 case=fp16-128x128 pair=12 order=B,A first_device_us=5.9600 second_device_us=15.2200 first_gelem_s=2.748993 second_gelem_s=1.076478 first_wall_us=62.0910 second_wall_us=58.1810 second_minus_first_us=9.2600
SAME_BINARY_SAMPLE binary=CANDIDATE_V055 case=fp16-128x128 pair=13 order=A,B first_device_us=16.3600 second_device_us=15.2000 first_gelem_s=1.001467 second_gelem_s=1.077895 first_wall_us=59.3110 second_wall_us=57.2600 second_minus_first_us=-1.1600
SAME_BINARY_SAMPLE binary=CANDIDATE_V055 case=fp16-128x128 pair=14 order=B,A first_device_us=8.6800 second_device_us=14.7000 first_gelem_s=1.887558 second_gelem_s=1.114558 first_wall_us=61.8310 second_wall_us=58.3510 second_minus_first_us=6.0200
SAME_BINARY_SAMPLE binary=CANDIDATE_V055 case=fp16-128x128 pair=15 order=A,B first_device_us=16.8400 second_device_us=13.8800 first_gelem_s=0.972922 second_gelem_s=1.180403 first_wall_us=58.6210 second_wall_us=59.0800 second_minus_first_us=-2.9600
SAME_BINARY_SAMPLE binary=CANDIDATE_V055 case=fp16-128x128 pair=16 order=B,A first_device_us=8.6800 second_device_us=14.7400 first_gelem_s=1.887558 second_gelem_s=1.111533 first_wall_us=72.3210 second_wall_us=67.1410 second_minus_first_us=6.0600
SAME_BINARY_SAMPLE binary=CANDIDATE_V055 case=fp16-128x128 pair=17 order=A,B first_device_us=15.3200 second_device_us=8.9800 first_gelem_s=1.069452 second_gelem_s=1.824499 first_wall_us=58.9410 second_wall_us=62.0200 second_minus_first_us=-6.3400
SAME_BINARY_SAMPLE binary=CANDIDATE_V055 case=fp16-128x128 pair=18 order=B,A first_device_us=16.2400 second_device_us=17.5200 first_gelem_s=1.008867 second_gelem_s=0.935160 first_wall_us=87.9310 second_wall_us=62.4910 second_minus_first_us=1.2800
SAME_BINARY_SAMPLE binary=CANDIDATE_V055 case=fp16-128x128 pair=19 order=A,B first_device_us=9.6200 second_device_us=14.0000 first_gelem_s=1.703119 second_gelem_s=1.170286 first_wall_us=65.8910 second_wall_us=60.4910 second_minus_first_us=4.3800
SAME_BINARY_SAMPLE binary=CANDIDATE_V055 case=fp16-128x128 pair=20 order=B,A first_device_us=9.1600 second_device_us=34.2200 first_gelem_s=1.788646 second_gelem_s=0.478784 first_wall_us=62.3510 second_wall_us=82.0200 second_minus_first_us=25.0600
SAME_BINARY_SAMPLE binary=CANDIDATE_V055 case=fp16-128x128 pair=21 order=A,B first_device_us=9.6800 second_device_us=14.0200 first_gelem_s=1.692562 second_gelem_s=1.168616 first_wall_us=63.1200 second_wall_us=73.5710 second_minus_first_us=4.3400
SAME_BINARY_SAMPLE binary=CANDIDATE_V055 case=fp16-128x128 pair=22 order=B,A first_device_us=8.9400 second_device_us=16.8200 first_gelem_s=1.832662 second_gelem_s=0.974078 first_wall_us=74.0010 second_wall_us=59.2210 second_minus_first_us=7.8800
SAME_BINARY_SAMPLE binary=CANDIDATE_V055 case=fp16-128x128 pair=23 order=A,B first_device_us=14.3400 second_device_us=17.6000 first_gelem_s=1.142538 second_gelem_s=0.930909 first_wall_us=59.8410 second_wall_us=60.8000 second_minus_first_us=3.2600
SAME_BINARY_SAMPLE binary=CANDIDATE_V055 case=fp16-128x128 pair=24 order=B,A first_device_us=10.3600 second_device_us=7.8400 first_gelem_s=1.581467 second_gelem_s=2.089796 first_wall_us=76.4910 second_wall_us=73.0210 second_minus_first_us=-2.5200
SAME_BINARY_SAMPLE binary=CANDIDATE_V055 case=fp16-128x128 pair=25 order=A,B first_device_us=6.6000 second_device_us=9.4600 first_gelem_s=2.482424 second_gelem_s=1.731924 first_wall_us=63.5810 second_wall_us=64.2210 second_minus_first_us=2.8600
SAME_BINARY_SAMPLE binary=CANDIDATE_V055 case=fp16-128x128 pair=26 order=B,A first_device_us=18.9800 second_device_us=9.7600 first_gelem_s=0.863224 second_gelem_s=1.678689 first_wall_us=73.4410 second_wall_us=74.1800 second_minus_first_us=-9.2200
SAME_BINARY_SAMPLE binary=CANDIDATE_V055 case=fp16-128x128 pair=27 order=A,B first_device_us=9.5600 second_device_us=9.3200 first_gelem_s=1.713808 second_gelem_s=1.757940 first_wall_us=72.0600 second_wall_us=74.1710 second_minus_first_us=-0.2400
SAME_BINARY_SAMPLE binary=CANDIDATE_V055 case=fp16-128x128 pair=28 order=B,A first_device_us=9.4800 second_device_us=9.6000 first_gelem_s=1.728270 second_gelem_s=1.706667 first_wall_us=71.4610 second_wall_us=74.1610 second_minus_first_us=0.1200
SAME_BINARY_SAMPLE binary=CANDIDATE_V055 case=fp16-128x128 pair=29 order=A,B first_device_us=9.3600 second_device_us=10.2200 first_gelem_s=1.750427 second_gelem_s=1.603131 first_wall_us=107.5010 second_wall_us=67.1610 second_minus_first_us=0.8600
SAME_BINARY_SAMPLE binary=CANDIDATE_V055 case=fp16-128x128 pair=30 order=B,A first_device_us=9.9000 second_device_us=35.7200 first_gelem_s=1.654950 second_gelem_s=0.458679 first_wall_us=66.2810 second_wall_us=87.5910 second_minus_first_us=25.8200
SAME_BINARY_SAMPLE binary=CANDIDATE_V055 case=fp16-128x128 pair=31 order=A,B first_device_us=9.2600 second_device_us=8.5400 first_gelem_s=1.769331 second_gelem_s=1.918501 first_wall_us=77.9210 second_wall_us=69.9510 second_minus_first_us=-0.7200
LOCAL_STATS case=CANDIDATE_V055 metric=device_us binary=same_binary_first n=31 median=9.6200 mean=12.1110 stdev=5.4895 cv=0.45326 min=5.9600 max=32.7400 mad=2.1800 p10=7.4400 p90=16.8400
LOCAL_STATS case=CANDIDATE_V055 metric=device_us binary=same_binary_second n=31 median=14.0000 mean=13.7594 stdev=6.5710 cv=0.47756 min=7.4000 max=35.7200 mad=3.7800 p10=8.1200 p90=17.5200
LOCAL_STATS case=CANDIDATE_V055 metric=paired_delta_us binary=same_binary_second_minus_first n=31 median=0.8400 mean=1.6484 stdev=9.1321 cv=5.54004 min=-23.1800 max=25.8200 mad=3.5000 p10=-6.3400 p90=8.4600
LOCAL_STATS case=CANDIDATE_V055 metric=gelem_s binary=same_binary_first n=31 median=1.7031 mean=1.5667 stdev=0.5477 cv=0.34956 min=0.5004 max=2.7490 mad=0.4990 p10=0.9729 p90=2.2022
LOCAL_STATS case=CANDIDATE_V055 metric=gelem_s binary=same_binary_second n=31 median=1.1703 mean=1.3812 stdev=0.4734 cv=0.34273 min=0.4587 max=2.2141 mad=0.4328 p10=0.9352 p90=2.0177
LOCAL_STATS case=CANDIDATE_V055 metric=wall_us binary=same_binary_first n=31 median=63.5810 mean=68.6757 stdev=12.6378 cv=0.18402 min=58.5510 max=108.9810 mad=4.2300 p10=59.3110 p90=77.9210
LOCAL_STATS case=CANDIDATE_V055 metric=wall_us binary=same_binary_second n=31 median=62.4910 mean=65.8606 stdev=8.3163 cv=0.12627 min=57.2600 max=87.5910 mad=4.3100 p10=58.1810 p90=74.1800
SAME_BINARY_QUALIFICATION binary=CANDIDATE_V055 case=fp16-128x128 samples=31 first_mad_over_median=0.226611 second_mad_over_median=0.270000 median_drift_fraction=0.370872
SAME_BINARY_SUMMARY binary=CANDIDATE_V055 device=3 shape=128x128 dtype=fp16 samples=31
