PARENT_QUALIFICATION_RUN2_UTC=2026-10-08T03:16:47Z
SAME_BINARY_SAMPLE binary=PARENT_R31B_V011 case=fp16-128x128 pair=01 order=A,B first_device_us=23.3200 second_device_us=9.9600 first_gelem_s=0.702573 second_gelem_s=1.644980 first_wall_us=127.4110 second_wall_us=94.0810 second_minus_first_us=-13.3600
SAME_BINARY_SAMPLE binary=PARENT_R31B_V011 case=fp16-128x128 pair=02 order=B,A first_device_us=9.1200 second_device_us=11.5200 first_gelem_s=1.796491 second_gelem_s=1.422222 first_wall_us=90.0210 second_wall_us=78.4100 second_minus_first_us=2.4000
SAME_BINARY_SAMPLE binary=PARENT_R31B_V011 case=fp16-128x128 pair=03 order=A,B first_device_us=21.5200 second_device_us=24.3800 first_gelem_s=0.761338 second_gelem_s=0.672026 first_wall_us=79.3200 second_wall_us=101.9710 second_minus_first_us=2.8600
SAME_BINARY_SAMPLE binary=PARENT_R31B_V011 case=fp16-128x128 pair=04 order=B,A first_device_us=9.9200 second_device_us=8.3800 first_gelem_s=1.651613 second_gelem_s=1.955131 first_wall_us=89.8810 second_wall_us=75.3710 second_minus_first_us=-1.5400
SAME_BINARY_SAMPLE binary=PARENT_R31B_V011 case=fp16-128x128 pair=05 order=A,B first_device_us=15.6600 second_device_us=9.3600 first_gelem_s=1.046232 second_gelem_s=1.750427 first_wall_us=75.1410 second_wall_us=91.2210 second_minus_first_us=-6.3000
SAME_BINARY_SAMPLE binary=PARENT_R31B_V011 case=fp16-128x128 pair=06 order=B,A first_device_us=8.1000 second_device_us=5.9400 first_gelem_s=2.022716 second_gelem_s=2.758249 first_wall_us=88.0910 second_wall_us=90.3610 second_minus_first_us=-2.1600
SAME_BINARY_SAMPLE binary=PARENT_R31B_V011 case=fp16-128x128 pair=07 order=A,B first_device_us=6.1600 second_device_us=7.2800 first_gelem_s=2.659740 second_gelem_s=2.250549 first_wall_us=80.9010 second_wall_us=75.9510 second_minus_first_us=1.1200
SAME_BINARY_SAMPLE binary=PARENT_R31B_V011 case=fp16-128x128 pair=08 order=B,A first_device_us=17.1400 second_device_us=9.4200 first_gelem_s=0.955893 second_gelem_s=1.739278 first_wall_us=84.4810 second_wall_us=92.2010 second_minus_first_us=-7.7200
SAME_BINARY_SAMPLE binary=PARENT_R31B_V011 case=fp16-128x128 pair=09 order=A,B first_device_us=8.8200 second_device_us=9.7800 first_gelem_s=1.857596 second_gelem_s=1.675256 first_wall_us=98.0710 second_wall_us=81.6310 second_minus_first_us=0.9600
SAME_BINARY_SAMPLE binary=PARENT_R31B_V011 case=fp16-128x128 pair=10 order=B,A first_device_us=8.7000 second_device_us=17.5600 first_gelem_s=1.883218 second_gelem_s=0.933030 first_wall_us=121.3320 second_wall_us=86.6010 second_minus_first_us=8.8600
SAME_BINARY_SAMPLE binary=PARENT_R31B_V011 case=fp16-128x128 pair=11 order=A,B first_device_us=9.8000 second_device_us=9.0600 first_gelem_s=1.671837 second_gelem_s=1.808389 first_wall_us=84.2310 second_wall_us=76.5310 second_minus_first_us=-0.7400
SAME_BINARY_SAMPLE binary=PARENT_R31B_V011 case=fp16-128x128 pair=12 order=B,A first_device_us=11.4400 second_device_us=8.8600 first_gelem_s=1.432168 second_gelem_s=1.849210 first_wall_us=78.3600 second_wall_us=91.4910 second_minus_first_us=-2.5800
SAME_BINARY_SAMPLE binary=PARENT_R31B_V011 case=fp16-128x128 pair=13 order=A,B first_device_us=16.2400 second_device_us=8.8400 first_gelem_s=1.008867 second_gelem_s=1.853394 first_wall_us=76.0910 second_wall_us=91.0110 second_minus_first_us=-7.4000
SAME_BINARY_SAMPLE binary=PARENT_R31B_V011 case=fp16-128x128 pair=14 order=B,A first_device_us=10.3800 second_device_us=19.9800 first_gelem_s=1.578420 second_gelem_s=0.820020 first_wall_us=75.5010 second_wall_us=89.6810 second_minus_first_us=9.6000
SAME_BINARY_SAMPLE binary=PARENT_R31B_V011 case=fp16-128x128 pair=15 order=A,B first_device_us=11.2200 second_device_us=15.8000 first_gelem_s=1.460250 second_gelem_s=1.036962 first_wall_us=77.9210 second_wall_us=78.7210 second_minus_first_us=4.5800
SAME_BINARY_SAMPLE binary=PARENT_R31B_V011 case=fp16-128x128 pair=16 order=B,A first_device_us=7.9400 second_device_us=8.2200 first_gelem_s=2.063476 second_gelem_s=1.993187 first_wall_us=77.2310 second_wall_us=92.4810 second_minus_first_us=0.2800
SAME_BINARY_SAMPLE binary=PARENT_R31B_V011 case=fp16-128x128 pair=17 order=A,B first_device_us=23.7800 second_device_us=8.6400 first_gelem_s=0.688982 second_gelem_s=1.896296 first_wall_us=73.9410 second_wall_us=75.5200 second_minus_first_us=-15.1400
SAME_BINARY_SAMPLE binary=PARENT_R31B_V011 case=fp16-128x128 pair=18 order=B,A first_device_us=7.7400 second_device_us=20.9800 first_gelem_s=2.116796 second_gelem_s=0.780934 first_wall_us=84.0000 second_wall_us=76.2400 second_minus_first_us=13.2400
SAME_BINARY_SAMPLE binary=PARENT_R31B_V011 case=fp16-128x128 pair=19 order=A,B first_device_us=17.2800 second_device_us=30.4600 first_gelem_s=0.948148 second_gelem_s=0.537886 first_wall_us=74.3100 second_wall_us=97.0210 second_minus_first_us=13.1800
SAME_BINARY_SAMPLE binary=PARENT_R31B_V011 case=fp16-128x128 pair=20 order=B,A first_device_us=8.0400 second_device_us=7.6400 first_gelem_s=2.037811 second_gelem_s=2.144503 first_wall_us=64.9500 second_wall_us=73.1410 second_minus_first_us=-0.4000
SAME_BINARY_SAMPLE binary=PARENT_R31B_V011 case=fp16-128x128 pair=21 order=A,B first_device_us=8.9200 second_device_us=8.0000 first_gelem_s=1.836771 second_gelem_s=2.048000 first_wall_us=76.4210 second_wall_us=74.8110 second_minus_first_us=-0.9200
SAME_BINARY_SAMPLE binary=PARENT_R31B_V011 case=fp16-128x128 pair=22 order=B,A first_device_us=12.5800 second_device_us=8.4200 first_gelem_s=1.302385 second_gelem_s=1.945843 first_wall_us=76.5310 second_wall_us=103.1010 second_minus_first_us=-4.1600
SAME_BINARY_SAMPLE binary=PARENT_R31B_V011 case=fp16-128x128 pair=23 order=A,B first_device_us=21.0000 second_device_us=20.8200 first_gelem_s=0.780190 second_gelem_s=0.786936 first_wall_us=81.6410 second_wall_us=79.0210 second_minus_first_us=-0.1800
SAME_BINARY_SAMPLE binary=PARENT_R31B_V011 case=fp16-128x128 pair=24 order=B,A first_device_us=21.6400 second_device_us=18.4400 first_gelem_s=0.757116 second_gelem_s=0.888503 first_wall_us=80.0310 second_wall_us=78.3210 second_minus_first_us=-3.2000
SAME_BINARY_SAMPLE binary=PARENT_R31B_V011 case=fp16-128x128 pair=25 order=A,B first_device_us=21.3000 second_device_us=18.9000 first_gelem_s=0.769202 second_gelem_s=0.866878 first_wall_us=80.1610 second_wall_us=79.9910 second_minus_first_us=-2.4000
SAME_BINARY_SAMPLE binary=PARENT_R31B_V011 case=fp16-128x128 pair=26 order=B,A first_device_us=21.5000 second_device_us=9.1800 first_gelem_s=0.762046 second_gelem_s=1.784749 first_wall_us=79.0310 second_wall_us=81.9310 second_minus_first_us=-12.3200
SAME_BINARY_SAMPLE binary=PARENT_R31B_V011 case=fp16-128x128 pair=27 order=A,B first_device_us=31.8200 second_device_us=7.5800 first_gelem_s=0.514896 second_gelem_s=2.161478 first_wall_us=92.0810 second_wall_us=81.8510 second_minus_first_us=-24.2400
SAME_BINARY_SAMPLE binary=PARENT_R31B_V011 case=fp16-128x128 pair=28 order=B,A first_device_us=20.8200 second_device_us=9.3200 first_gelem_s=0.786936 second_gelem_s=1.757940 first_wall_us=81.7310 second_wall_us=80.4510 second_minus_first_us=-11.5000
SAME_BINARY_SAMPLE binary=PARENT_R31B_V011 case=fp16-128x128 pair=29 order=A,B first_device_us=10.1400 second_device_us=8.7000 first_gelem_s=1.615779 second_gelem_s=1.883218 first_wall_us=78.1110 second_wall_us=78.4510 second_minus_first_us=-1.4400
SAME_BINARY_SAMPLE binary=PARENT_R31B_V011 case=fp16-128x128 pair=30 order=B,A first_device_us=6.2200 second_device_us=6.4600 first_gelem_s=2.634084 second_gelem_s=2.536223 first_wall_us=78.6710 second_wall_us=80.1710 second_minus_first_us=0.2400
SAME_BINARY_SAMPLE binary=PARENT_R31B_V011 case=fp16-128x128 pair=31 order=A,B first_device_us=6.5600 second_device_us=51.2800 first_gelem_s=2.497561 second_gelem_s=0.319501 first_wall_us=77.8910 second_wall_us=111.9310 second_minus_first_us=44.7200
LOCAL_STATS case=PARENT_R31B_V011 metric=device_us binary=same_binary_first n=31 median=11.2200 mean=14.0265 stdev=6.7209 cv=0.47916 min=6.1600 max=31.8200 mad=4.4400 p10=7.7400 p90=21.6400
LOCAL_STATS case=PARENT_R31B_V011 metric=device_us binary=same_binary_second n=31 median=9.3200 mean=13.5213 stdev=9.3005 cv=0.68784 min=5.9400 max=51.2800 mad=1.6800 p10=7.5800 p90=20.9800
LOCAL_STATS case=PARENT_R31B_V011 metric=paired_delta_us binary=same_binary_second_minus_first n=31 median=-0.9200 mean=-0.5052 stdev=11.5944 cv=-22.95185 min=-24.2400 max=44.7200 mad=3.3200 p10=-12.3200 p90=9.6000
LOCAL_STATS case=PARENT_R31B_V011 metric=gelem_s binary=same_binary_first n=31 median=1.4602 mean=1.4387 stdev=0.6292 cv=0.43735 min=0.5149 max=2.6597 mad=0.5625 p10=0.7571 p90=2.1168
LOCAL_STATS case=PARENT_R31B_V011 metric=gelem_s binary=same_binary_second n=31 median=1.7579 mean=1.5646 stdev=0.6236 cv=0.39861 min=0.3195 max=2.7582 mad=0.3357 p10=0.7809 p90=2.1615
LOCAL_STATS case=PARENT_R31B_V011 metric=wall_us binary=same_binary_first n=31 median=79.3200 mean=83.3383 stdev=12.6657 cv=0.15198 min=64.9500 max=127.4110 mad=3.2290 p10=75.1410 p90=92.0810
LOCAL_STATS case=PARENT_R31B_V011 metric=wall_us binary=same_binary_second n=31 median=81.6310 mean=85.1506 stdev=9.6755 cv=0.11363 min=73.1410 max=111.9310 mad=6.1110 p10=75.5200 p90=97.0210
SAME_BINARY_QUALIFICATION binary=PARENT_R31B_V011 case=fp16-128x128 samples=31 first_mad_over_median=0.395722 second_mad_over_median=0.180258 median_drift_fraction=0.185005
SAME_BINARY_SUMMARY binary=PARENT_R31B_V011 device=3 shape=128x128 dtype=fp16 samples=31
