[INFO] Start profiling...
POST_TIMING_REFERENCE mode=paired-parent output=SHARED reference=INDEPENDENT_CPU_FORMULA
parent	R31B-V011	3	128	20480	fp16	0.001953125	0.00100000005	0	0	PASS
CORRECTNESS_ONLY side=parent rows=128 width=20480 dtype=fp16 max_abs_error=0.001953125 mismatches=0 nonfinite=0
[INFO] Start export data in PROF_000001_20261009161509422_JEILMRDHEHIAEBDA.
Fri 09 Oct 2026 16:15:15 [INFO] [MSVP] [3734723] msprof_common.py: Start analyzing data in "/home/data4t2/lelinfeng/cann-w5-r04-l2/研究/GM-L2-CACHE-POLICY-X/profile-existing-parent-memory-l2-20261009/msprof-memory-output-abs/PROF_000001_20261009161509422_JEILMRDHEHIAEBDA/host" ...
Fri 09 Oct 2026 16:15:15 [INFO] [MSVP] [3734723] msprof_common.py: It may take few minutes, please be patient ...
Fri 09 Oct 2026 16:15:16 [INFO] [MSVP] [3734723] msprof_common.py: Analysis data in "/home/data4t2/lelinfeng/cann-w5-r04-l2/研究/GM-L2-CACHE-POLICY-X/profile-existing-parent-memory-l2-20261009/msprof-memory-output-abs/PROF_000001_20261009161509422_JEILMRDHEHIAEBDA/host" finished.
Fri 09 Oct 2026 16:15:16 [INFO] [MSVP] [3734723] msprof_common.py: Start analyzing data in "/home/data4t2/lelinfeng/cann-w5-r04-l2/研究/GM-L2-CACHE-POLICY-X/profile-existing-parent-memory-l2-20261009/msprof-memory-output-abs/PROF_000001_20261009161509422_JEILMRDHEHIAEBDA/device_3" ...
Fri 09 Oct 2026 16:15:16 [INFO] [MSVP] [3734723] msprof_common.py: It may take few minutes, please be patient ...
Fri 09 Oct 2026 16:15:16 [INFO] [MSVP] [3734723] msprof_common.py: Analysis data in "/home/data4t2/lelinfeng/cann-w5-r04-l2/研究/GM-L2-CACHE-POLICY-X/profile-existing-parent-memory-l2-20261009/msprof-memory-output-abs/PROF_000001_20261009161509422_JEILMRDHEHIAEBDA/device_3" finished.
Fri 09 Oct 2026 16:15:16 [INFO] [MSVP] [3734723] msprof_export.py: All collected data will be exported, path is: /home/data4t2/lelinfeng/cann-w5-r04-l2/研究/GM-L2-CACHE-POLICY-X/profile-existing-parent-memory-l2-20261009/msprof-memory-output-abs/PROF_000001_20261009161509422_JEILMRDHEHIAEBDA/device_3.
Fri 09 Oct 2026 16:15:16 [INFO] [MSVP] [3734723] msprof_export.py: There is no timeline data to export for "/home/data4t2/lelinfeng/cann-w5-r04-l2/研究/GM-L2-CACHE-POLICY-X/profile-existing-parent-memory-l2-20261009/msprof-memory-output-abs/PROF_000001_20261009161509422_JEILMRDHEHIAEBDA/host"
Fri 09 Oct 2026 16:15:17 [INFO] [MSVP] [3734992] msprof_export.py: The data in "/home/data4t2/lelinfeng/cann-w5-r04-l2/研究/GM-L2-CACHE-POLICY-X/profile-existing-parent-memory-l2-20261009/msprof-memory-output-abs/PROF_000001_20261009161509422_JEILMRDHEHIAEBDA/host" has been analyzed. Parsing phase will be skipped.
Fri 09 Oct 2026 16:15:17 [INFO] [MSVP] [3734992] msprof_export.py: The data in "/home/data4t2/lelinfeng/cann-w5-r04-l2/研究/GM-L2-CACHE-POLICY-X/profile-existing-parent-memory-l2-20261009/msprof-memory-output-abs/PROF_000001_20261009161509422_JEILMRDHEHIAEBDA/device_3" has been analyzed. Parsing phase will be skipped.
Fri 09 Oct 2026 16:15:17 [INFO] [MSVP] [3734992] msprof_export.py: All collected data will be exported, path is: /home/data4t2/lelinfeng/cann-w5-r04-l2/研究/GM-L2-CACHE-POLICY-X/profile-existing-parent-memory-l2-20261009/msprof-memory-output-abs/PROF_000001_20261009161509422_JEILMRDHEHIAEBDA/device_3.
Fri 09 Oct 2026 16:15:18 [INFO] [MSVP] [3734992] msprof_export.py: There is no summary data to export for "/home/data4t2/lelinfeng/cann-w5-r04-l2/研究/GM-L2-CACHE-POLICY-X/profile-existing-parent-memory-l2-20261009/msprof-memory-output-abs/PROF_000001_20261009161509422_JEILMRDHEHIAEBDA/host"
Fri 09 Oct 2026 16:15:18 [INFO] [MSVP] [3734992] msprof_export.py: All collected data will be exported, path is: /home/data4t2/lelinfeng/cann-w5-r04-l2/研究/GM-L2-CACHE-POLICY-X/profile-existing-parent-memory-l2-20261009/msprof-memory-output-abs/PROF_000001_20261009161509422_JEILMRDHEHIAEBDA/device_3.
Fri 09 Oct 2026 16:15:18 [INFO] [MSVP] [3734992] msprof_export.py: There is no summary data to export for "/home/data4t2/lelinfeng/cann-w5-r04-l2/研究/GM-L2-CACHE-POLICY-X/profile-existing-parent-memory-l2-20261009/msprof-memory-output-abs/PROF_000001_20261009161509422_JEILMRDHEHIAEBDA/device_3"
Fri 09 Oct 2026 16:15:18 [INFO] [MSVP] [3734992] msprof_common.py: Start exporting summary output_file.
Fri 09 Oct 2026 16:15:18 [INFO] [MSVP] [3734992] msprof_common.py: End exporting summary output_file.The file is stored in the /home/data4t2/lelinfeng/cann-w5-r04-l2/研究/GM-L2-CACHE-POLICY-X/profile-existing-parent-memory-l2-20261009/msprof-memory-output-abs/PROF_000001_20261009161509422_JEILMRDHEHIAEBDA/mindstudio_profiler_output path.
[INFO] Export all data in PROF_000001_20261009161509422_JEILMRDHEHIAEBDA done.
[INFO] Start query data in PROF_000001_20261009161509422_JEILMRDHEHIAEBDA.
Job Info	Device ID	Dir Name	Collection Time           	Model ID	Iteration Number	Top Time Iteration	Rank ID	

NA      	         	host    	2026-10-09 16:15:09.427121	N/A     	N/A             	N/A               	-1     	

NA      	3        	device_3	2026-10-09 16:15:09.912438	N/A     	N/A             	N/A               	-1     	

[INFO] Query all data in PROF_000001_20261009161509422_JEILMRDHEHIAEBDA done.
[INFO] Profiling finished.
[INFO] Process profiling data complete. Data is saved in /home/data4t2/lelinfeng/cann-w5-r04-l2/研究/GM-L2-CACHE-POLICY-X/profile-existing-parent-memory-l2-20261009/msprof-memory-output-abs/PROF_000001_20261009161509422_JEILMRDHEHIAEBDA
PROFILE_RC=0
