RUN_META device=7 vector_cores=40 suite=correctness epsilon=9.99999975e-06
CASE dtype=fp32 rows=1 width=1 matched_ratio=1.000000000 max_abs=8.76722832e-08 first_actual=-0.826728702 first_golden=-0.826728789 first_bad_idx=1 max_abs_idx=0 status=PASS
CASE dtype=fp16 rows=1 width=1 matched_ratio=1.000000000 max_abs=0.000250859846 first_actual=-0.650390625 first_golden=-0.650139765 first_bad_idx=1 max_abs_idx=0 status=PASS
CASE dtype=bf16 rows=1 width=1 matched_ratio=1.000000000 max_abs=0.00146754126 first_actual=1.1640625 first_golden=1.16259496 first_bad_idx=1 max_abs_idx=0 status=PASS
CASE dtype=fp32 rows=3 width=7 matched_ratio=1.000000000 max_abs=2.13945094e-07 first_actual=0.283689618 first_golden=0.283689631 first_bad_idx=21 max_abs_idx=5 status=PASS
CASE dtype=fp16 rows=3 width=7 matched_ratio=1.000000000 max_abs=0.000765282294 first_actual=-2.06835938 first_golden=-2.06912466 first_bad_idx=21 max_abs_idx=0 status=PASS
CASE dtype=bf16 rows=3 width=7 matched_ratio=1.000000000 max_abs=0.00348697506 first_actual=-1.59375 first_golden=-1.59414949 first_bad_idx=21 max_abs_idx=2 status=PASS
CASE dtype=fp32 rows=4 width=8 matched_ratio=1.000000000 max_abs=2.0874503e-07 first_actual=0.188554853 first_golden=0.188554846 first_bad_idx=32 max_abs_idx=24 status=PASS
CASE dtype=fp16 rows=4 width=8 matched_ratio=1.000000000 max_abs=0.00156274605 first_actual=0.288574219 first_golden=0.288418764 first_bad_idx=32 max_abs_idx=3 status=PASS
CASE dtype=bf16 rows=4 width=8 matched_ratio=1.000000000 max_abs=0.0031763232 first_actual=-1.1640625 first_golden=-1.16396198 first_bad_idx=32 max_abs_idx=21 status=PASS
CASE dtype=fp32 rows=8 width=15 matched_ratio=1.000000000 max_abs=4.87158797e-07 first_actual=-0.118456692 first_golden=-0.118456688 first_bad_idx=120 max_abs_idx=64 status=PASS
CASE dtype=fp16 rows=8 width=15 matched_ratio=1.000000000 max_abs=0.00135367141 first_actual=-1.04980469 first_golden=-1.05001246 first_bad_idx=120 max_abs_idx=31 status=PASS
CASE dtype=bf16 rows=8 width=15 matched_ratio=1.000000000 max_abs=0.00750568999 first_actual=0.2890625 first_golden=0.288119581 first_bad_idx=120 max_abs_idx=64 status=PASS
CASE dtype=fp32 rows=8 width=16 matched_ratio=1.000000000 max_abs=3.74970802e-07 first_actual=0.843647301 first_golden=0.843647256 first_bad_idx=128 max_abs_idx=44 status=PASS
CASE dtype=fp16 rows=8 width=16 matched_ratio=1.000000000 max_abs=0.00175110115 first_actual=0.736328125 first_golden=0.736355564 first_bad_idx=128 max_abs_idx=97 status=PASS
CASE dtype=bf16 rows=8 width=16 matched_ratio=1.000000000 max_abs=0.00752976007 first_actual=-0.296875 first_golden=-0.297746412 first_bad_idx=128 max_abs_idx=69 status=PASS
CASE dtype=fp32 rows=16 width=127 matched_ratio=1.000000000 max_abs=4.92704842e-07 first_actual=-0.925043523 first_golden=-0.925043607 first_bad_idx=2032 max_abs_idx=192 status=PASS
CASE dtype=fp16 rows=16 width=127 matched_ratio=1.000000000 max_abs=0.00296686957 first_actual=-0.780273438 first_golden=-0.780152161 first_bad_idx=2032 max_abs_idx=1691 status=PASS
CASE dtype=bf16 rows=16 width=127 matched_ratio=1.000000000 max_abs=0.00779196453 first_actual=-0.291015625 first_golden=-0.290964368 first_bad_idx=2032 max_abs_idx=1541 status=PASS
CASE dtype=fp32 rows=16 width=128 matched_ratio=1.000000000 max_abs=4.87231288e-07 first_actual=1.524804 first_golden=1.52480392 first_bad_idx=2048 max_abs_idx=1474 status=PASS
CASE dtype=fp16 rows=16 width=128 matched_ratio=1.000000000 max_abs=0.00333291716 first_actual=-0.316162109 first_golden=-0.316355669 first_bad_idx=2048 max_abs_idx=1960 status=PASS
CASE dtype=bf16 rows=16 width=128 matched_ratio=1.000000000 max_abs=0.00778917935 first_actual=-0.154296875 first_golden=-0.154313865 first_bad_idx=2048 max_abs_idx=543 status=PASS
CASE dtype=fp32 rows=16 width=129 matched_ratio=1.000000000 max_abs=4.58461596e-07 first_actual=-0.268973738 first_golden=-0.26897373 first_bad_idx=2064 max_abs_idx=1988 status=PASS
CASE dtype=fp16 rows=16 width=129 matched_ratio=1.000000000 max_abs=0.00252771302 first_actual=0.795410156 first_golden=0.795210311 first_bad_idx=2064 max_abs_idx=1256 status=PASS
CASE dtype=bf16 rows=16 width=129 matched_ratio=1.000000000 max_abs=0.00741419794 first_actual=-1.9140625 first_golden=-1.91693346 first_bad_idx=2064 max_abs_idx=369 status=PASS
CASE dtype=fp32 rows=16 width=255 matched_ratio=1.000000000 max_abs=6.5981831e-07 first_actual=0.381409883 first_golden=0.381409947 first_bad_idx=4080 max_abs_idx=1244 status=PASS
CASE dtype=fp16 rows=16 width=255 matched_ratio=1.000000000 max_abs=0.00320164924 first_actual=1.67773438 first_golden=1.67792715 first_bad_idx=4080 max_abs_idx=1542 status=PASS
CASE dtype=bf16 rows=16 width=255 matched_ratio=1.000000000 max_abs=0.00781011453 first_actual=-2.859375 first_golden=-2.86003177 first_bad_idx=4080 max_abs_idx=3151 status=PASS
CASE dtype=fp32 rows=16 width=256 matched_ratio=1.000000000 max_abs=4.72456531e-07 first_actual=-0.705311298 first_golden=-0.705311383 first_bad_idx=4096 max_abs_idx=3027 status=PASS
CASE dtype=fp16 rows=16 width=256 matched_ratio=1.000000000 max_abs=0.00347681182 first_actual=-2.0078125 first_golden=-2.00707001 first_bad_idx=4096 max_abs_idx=1075 status=PASS
CASE dtype=bf16 rows=16 width=256 matched_ratio=1.000000000 max_abs=0.0077802916 first_actual=-0.64453125 first_golden=-0.646319343 first_bad_idx=4096 max_abs_idx=3756 status=PASS
CASE dtype=fp32 rows=16 width=257 matched_ratio=1.000000000 max_abs=5.24852581e-07 first_actual=1.57651734 first_golden=1.57651735 first_bad_idx=4112 max_abs_idx=3797 status=PASS
CASE dtype=fp16 rows=16 width=257 matched_ratio=1.000000000 max_abs=0.00376767752 first_actual=1.65917969 first_golden=1.6585587 first_bad_idx=4112 max_abs_idx=993 status=PASS
CASE dtype=bf16 rows=16 width=257 matched_ratio=1.000000000 max_abs=0.00778271215 first_actual=-1.0703125 first_golden=-1.07391133 first_bad_idx=4112 max_abs_idx=503 status=PASS
CASE dtype=fp32 rows=8 width=4095 matched_ratio=1.000000000 max_abs=7.1289794e-07 first_actual=-0.346274018 first_golden=-0.346273998 first_bad_idx=32760 max_abs_idx=22595 status=PASS
CASE dtype=fp16 rows=8 width=4095 matched_ratio=1.000000000 max_abs=0.00360277197 first_actual=-0.859375 first_golden=-0.859347797 first_bad_idx=32760 max_abs_idx=7848 status=PASS
CASE dtype=bf16 rows=8 width=4095 matched_ratio=1.000000000 max_abs=0.00781210552 first_actual=0.328125 first_golden=0.327648845 first_bad_idx=32760 max_abs_idx=4555 status=PASS
CASE dtype=fp32 rows=8 width=4096 matched_ratio=1.000000000 max_abs=8.93786755e-07 first_actual=-0.522137165 first_golden=-0.52213717 first_bad_idx=32768 max_abs_idx=16788 status=PASS
CASE dtype=fp16 rows=8 width=4096 matched_ratio=1.000000000 max_abs=0.00350473728 first_actual=0.05078125 first_golden=0.0507646459 first_bad_idx=32768 max_abs_idx=2098 status=PASS
CASE dtype=bf16 rows=8 width=4096 matched_ratio=1.000000000 max_abs=0.00780879889 first_actual=-0.7109375 first_golden=-0.709188977 first_bad_idx=32768 max_abs_idx=8263 status=PASS
CASE dtype=fp32 rows=8 width=4097 matched_ratio=1.000000000 max_abs=6.30152683e-07 first_actual=1.15521657 first_golden=1.15521667 first_bad_idx=32776 max_abs_idx=13460 status=PASS
CASE dtype=fp16 rows=8 width=4097 matched_ratio=1.000000000 max_abs=0.00339707248 first_actual=-0.1640625 first_golden=-0.164046254 first_bad_idx=32776 max_abs_idx=188 status=PASS
CASE dtype=bf16 rows=8 width=4097 matched_ratio=1.000000000 max_abs=0.0078077009 first_actual=-1.0703125 first_golden=-1.06830717 first_bad_idx=32776 max_abs_idx=17989 status=PASS
CASE dtype=fp32 rows=4 width=8191 matched_ratio=1.000000000 max_abs=5.94602749e-07 first_actual=0.643176794 first_golden=0.643176781 first_bad_idx=32764 max_abs_idx=17256 status=PASS
CASE dtype=fp16 rows=4 width=8191 matched_ratio=1.000000000 max_abs=0.00335376767 first_actual=0.464111328 first_golden=0.464216197 first_bad_idx=32764 max_abs_idx=25795 status=PASS
CASE dtype=bf16 rows=4 width=8191 matched_ratio=1.000000000 max_abs=0.00780785802 first_actual=1.828125 first_golden=1.83060861 first_bad_idx=32764 max_abs_idx=23157 status=PASS
CASE dtype=fp32 rows=4 width=8192 matched_ratio=1.000000000 max_abs=5.97494201e-07 first_actual=0.941807032 first_golden=0.941807066 first_bad_idx=32768 max_abs_idx=10573 status=PASS
CASE dtype=fp16 rows=4 width=8192 matched_ratio=1.000000000 max_abs=0.00351499419 first_actual=-0.440185547 first_golden=-0.440318599 first_bad_idx=32768 max_abs_idx=748 status=PASS
CASE dtype=bf16 rows=4 width=8192 matched_ratio=1.000000000 max_abs=0.00780281687 first_actual=-1.1171875 first_golden=-1.11912658 first_bad_idx=32768 max_abs_idx=15139 status=PASS
CASE dtype=fp32 rows=4 width=8193 matched_ratio=0.687233004 max_abs=1.9252242 first_actual=1.6746099 first_golden=1.67460977 first_bad_idx=4096 max_abs_idx=32353 status=FAIL
MISMATCH idx=4096 row=0 col=4096 actual=-0.232803524 golden=-0.644735142 abs_error=0.411931619 allowed=0.000644882951
MISMATCH idx=4097 row=0 col=4097 actual=0.0952994451 golden=0.15462734 abs_error=0.0593278951 allowed=0.000166262051
MISMATCH idx=4098 row=0 col=4098 actual=0.533241451 golden=0.891367838 abs_error=0.358126387 allowed=0.000885735193
MISMATCH idx=4099 row=0 col=4099 actual=-0.435778439 golden=-1.44664524 abs_error=1.0108668 allowed=0.00142799828
MISMATCH idx=4100 row=0 col=4100 actual=0.752920389 golden=1.43289158 abs_error=0.679971194 allowed=0.00141456698
MISMATCH idx=4101 row=0 col=4101 actual=0.393386275 golden=0.538943245 abs_error=0.14555697 allowed=0.000541570552
MISMATCH idx=4102 row=0 col=4102 actual=-0.265319228 golden=-0.428413753 abs_error=0.163094525 allowed=0.000433631595
MISMATCH idx=4103 row=0 col=4103 actual=0.667102218 golden=0.811045781 abs_error=0.143943563 allowed=0.000807295685
MISMATCH idx=9217 row=1 col=1024 actual=-1.95535016 golden=-1.98001437 abs_error=0.0246642059 allowed=0.00194886657
MISMATCH idx=9218 row=1 col=1025 actual=2.27018952 golden=2.20584414 abs_error=0.064345381 allowed=0.00216940346
MISMATCH idx=9219 row=1 col=1026 actual=-0.920033455 golden=-0.747714044 abs_error=0.172319411 allowed=0.000745448285
MISMATCH idx=9220 row=1 col=1027 actual=-1.25565004 golden=-1.61227148 abs_error=0.356621438 allowed=0.00158974266
ROW_DIAG row=0 matched_ratio=0.999023557 max_abs=1.0108668 max_abs_col=4099 actual=-0.435778439 golden=-1.44664524
ROW_DIAG row=1 matched_ratio=0.749664348 max_abs=1.90147054 max_abs_col=2426 actual=-2.83900094 golden=-0.9375304
ROW_DIAG row=2 matched_ratio=0.500183083 max_abs=1.89380482 max_abs_col=1203 actual=-1.2015084 golden=-3.09531322
ROW_DIAG row=3 matched_ratio=0.500061028 max_abs=1.9252242 max_abs_col=7774 actual=-3.10319281 golden=-1.1779686
CASE dtype=fp16 rows=4 width=8193 matched_ratio=1.000000000 max_abs=0.00349239308 first_actual=0.242797852 first_golden=0.242687463 first_bad_idx=32772 max_abs_idx=27802 status=PASS
CASE dtype=bf16 rows=4 width=8193 matched_ratio=1.000000000 max_abs=0.00780874174 first_actual=0.5234375 first_golden=0.522446323 first_bad_idx=32772 max_abs_idx=22814 status=PASS
CASE dtype=fp32 rows=2 width=16383 matched_ratio=0.480955869 max_abs=2.03240946 first_actual=-2.63624978 first_golden=-1.15705378 first_bad_idx=0 max_abs_idx=6727 status=FAIL
MISMATCH idx=0 row=0 col=0 actual=-2.63624978 golden=-1.15705378 abs_error=1.479196 allowed=0.00114519412
MISMATCH idx=1 row=0 col=1 actual=-0.876301885 golden=-0.661933151 abs_error=0.214368733 allowed=0.000661677882
MISMATCH idx=2 row=0 col=2 actual=-0.568960667 golden=-0.40470563 abs_error=0.164255037 allowed=0.000410479131
MISMATCH idx=3 row=0 col=3 actual=0.853261352 golden=0.815465136 abs_error=0.0377962154 allowed=0.000811611461
MISMATCH idx=4 row=0 col=4 actual=1.65052378 golden=0.795317756 abs_error=0.855206026 allowed=0.000791936285
MISMATCH idx=5 row=0 col=5 actual=-1.79590023 golden=-0.938489124 abs_error=0.857411101 allowed=0.000931752074
MISMATCH idx=6 row=0 col=6 actual=0.326067477 golden=0.522153512 abs_error=0.196086035 allowed=0.000525174328
MISMATCH idx=7 row=0 col=7 actual=0.75057137 golden=1.86840082 abs_error=1.11782945 allowed=0.00183986897
MISMATCH idx=8 row=0 col=8 actual=-0.154074296 golden=-0.0360256915 abs_error=0.118048605 allowed=5.04401285e-05
MISMATCH idx=9 row=0 col=9 actual=1.16715646 golden=1.1564326 abs_error=0.0107238557 allowed=0.0011445875
MISMATCH idx=10 row=0 col=10 actual=-0.144053608 golden=-0.343096212 abs_error=0.199042604 allowed=0.000350313683
MISMATCH idx=11 row=0 col=11 actual=0.850487471 golden=0.930645675 abs_error=0.0801582046 allowed=0.000924092456
ROW_DIAG row=0 matched_ratio=0.711102973 max_abs=2.03240946 max_abs_col=6727 actual=3.00079012 golden=0.968380657
ROW_DIAG row=1 matched_ratio=0.250808765 max_abs=1.9608464 max_abs_col=12139 actual=-1.05873513 golden=-3.01958153
CASE dtype=fp16 rows=2 width=16383 matched_ratio=1.000000000 max_abs=0.00363484185 first_actual=0.468505859 first_golden=0.468358937 first_bad_idx=32766 max_abs_idx=13833 status=PASS
CASE dtype=bf16 rows=2 width=16383 matched_ratio=1.000000000 max_abs=0.00780823151 first_actual=1.2890625 first_golden=1.28881873 first_bad_idx=32766 max_abs_idx=11921 status=PASS
CASE dtype=fp32 rows=2 width=16384 matched_ratio=0.278503418 max_abs=2.18135605 first_actual=0.898044467 first_golden=1.26097774 first_bad_idx=0 max_abs_idx=880 status=FAIL
MISMATCH idx=0 row=0 col=0 actual=0.898044467 golden=1.26097774 abs_error=0.362933278 allowed=0.00124668237
MISMATCH idx=1 row=0 col=1 actual=0.207007587 golden=0.294545617 abs_error=0.0875380304 allowed=0.000302900994
MISMATCH idx=2 row=0 col=2 actual=1.32715094 golden=1.22479532 abs_error=0.102355623 allowed=0.00121134797
MISMATCH idx=3 row=0 col=3 actual=-1.67284942 golden=-0.670454011 abs_error=1.00239541 allowed=0.000669999034
MISMATCH idx=4 row=0 col=4 actual=0.732749939 golden=1.20789364 abs_error=0.475143698 allowed=0.00119484242
MISMATCH idx=5 row=0 col=5 actual=-0.730219185 golden=-2.14366753 abs_error=1.41344835 allowed=0.00210868411
MISMATCH idx=6 row=0 col=6 actual=0.711711645 golden=0.673021127 abs_error=0.0386905184 allowed=0.000672505983
MISMATCH idx=7 row=0 col=7 actual=-0.36047107 golden=-0.0267805569 abs_error=0.333690513 allowed=4.14116767e-05
MISMATCH idx=8 row=0 col=8 actual=0.406061292 golden=0.667035806 abs_error=0.260974515 allowed=0.000666660944
MISMATCH idx=9 row=0 col=9 actual=0.478821278 golden=0.215492394 abs_error=0.263328884 allowed=0.00022570058
MISMATCH idx=10 row=0 col=10 actual=-0.219456553 golden=-0.232373458 abs_error=0.0129169043 allowed=0.000242185994
MISMATCH idx=11 row=0 col=11 actual=-0.17187421 golden=-0.0360709154 abs_error=0.135803295 allowed=5.04842924e-05
ROW_DIAG row=0 matched_ratio=0.305847168 max_abs=2.18135605 max_abs_col=880 actual=1.15095675 golden=3.3323128
ROW_DIAG row=1 matched_ratio=0.251159668 max_abs=2.05351491 max_abs_col=845 actual=-1.09036064 golden=-3.14387555
CASE dtype=fp16 rows=2 width=16384 matched_ratio=1.000000000 max_abs=0.00361881978 first_actual=-0.622070312 first_golden=-0.622067342 first_bad_idx=32768 max_abs_idx=24773 status=PASS
CASE dtype=bf16 rows=2 width=16384 matched_ratio=1.000000000 max_abs=0.00780967573 first_actual=0.35546875 first_golden=0.355780822 first_bad_idx=32768 max_abs_idx=25385 status=PASS
CASE dtype=fp32 rows=2 width=16385 matched_ratio=0.254806225 max_abs=2.24600191 first_actual=0.735062897 first_golden=0.807561072 first_bad_idx=0 max_abs_idx=16500 status=FAIL
MISMATCH idx=0 row=0 col=0 actual=0.735062897 golden=0.807561072 abs_error=0.0724981744 allowed=0.000803892648
MISMATCH idx=1 row=0 col=1 actual=-0.127370954 golden=-0.138519561 abs_error=0.0111486077 allowed=0.000150531798
MISMATCH idx=2 row=0 col=2 actual=-0.0831064358 golden=0.251284144 abs_error=0.33439058 allowed=0.000260653461
MISMATCH idx=3 row=0 col=3 actual=0.120645076 golden=0.129423622 abs_error=0.00877854595 allowed=0.000141649045
MISMATCH idx=4 row=0 col=4 actual=-0.39786908 golden=-0.327405556 abs_error=0.0704635246 allowed=0.000334990777
MISMATCH idx=5 row=0 col=5 actual=-0.803544879 golden=-1.0354729 abs_error=0.231928024 allowed=0.0010264628
MISMATCH idx=6 row=0 col=6 actual=0.370143831 golden=0.440040697 abs_error=0.0698968659 allowed=0.000444986032
MISMATCH idx=7 row=0 col=7 actual=-0.407627285 golden=-0.426901542 abs_error=0.019274257 allowed=0.000432154826
MISMATCH idx=8 row=0 col=8 actual=0.471897781 golden=0.660301299 abs_error=0.188403518 allowed=0.000660084277
MISMATCH idx=9 row=0 col=9 actual=1.94069624 golden=2.56469955 abs_error=0.62400331 allowed=0.00251984819
MISMATCH idx=10 row=0 col=10 actual=-0.50595212 golden=-1.10992923 abs_error=0.603977106 allowed=0.00109917405
MISMATCH idx=11 row=0 col=11 actual=-0.542633414 golden=-0.417094916 abs_error=0.125538498 allowed=0.000422578043
ROW_DIAG row=0 matched_ratio=0.258956363 max_abs=2.18673863 max_abs_col=11096 actual=1.06590331 golden=3.25264193
ROW_DIAG row=1 matched_ratio=0.250656088 max_abs=2.24600191 max_abs_col=115 actual=0.802900314 golden=3.04890223
CASE dtype=fp16 rows=2 width=16385 matched_ratio=1.000000000 max_abs=0.00330475314 first_actual=-0.825195312 first_golden=-0.824636699 first_bad_idx=32770 max_abs_idx=16023 status=PASS
CASE dtype=bf16 rows=2 width=16385 matched_ratio=1.000000000 max_abs=0.00780626815 first_actual=0.228515625 first_golden=0.228983393 first_bad_idx=32770 max_abs_idx=20383 status=PASS
CASE dtype=fp32 rows=1 width=32768 matched_ratio=0.126464844 max_abs=2.24741718 first_actual=0.564691186 first_golden=0.949928801 first_bad_idx=0 max_abs_idx=5036 status=FAIL
MISMATCH idx=0 row=0 col=0 actual=0.564691186 golden=0.949928801 abs_error=0.385237615 allowed=0.000942923634
MISMATCH idx=1 row=0 col=1 actual=0.246486813 golden=0.14939758 abs_error=0.0970892323 allowed=0.000161154864
MISMATCH idx=2 row=0 col=2 actual=-2.72870779 golden=-1.2394696 abs_error=1.48923819 allowed=0.00122567832
MISMATCH idx=3 row=0 col=3 actual=0.350358367 golden=0.456210462 abs_error=0.105852095 allowed=0.000460776819
MISMATCH idx=4 row=0 col=4 actual=0.53823489 golden=0.913819367 abs_error=0.375584478 allowed=0.000907660515
MISMATCH idx=5 row=0 col=5 actual=-1.11778367 golden=-0.968240413 abs_error=0.149543252 allowed=0.000960806068
MISMATCH idx=6 row=0 col=6 actual=0.835314333 golden=1.56197278 abs_error=0.72665845 allowed=0.00154062284
MISMATCH idx=7 row=0 col=7 actual=0.855236888 golden=0.673032974 abs_error=0.182203914 allowed=0.000672517553
MISMATCH idx=8 row=0 col=8 actual=-0.726183176 golden=-0.610636897 abs_error=0.11554628 allowed=0.000611583883
MISMATCH idx=9 row=0 col=9 actual=-0.512881875 golden=0.0183290867 abs_error=0.531210962 allowed=3.31582878e-05
MISMATCH idx=10 row=0 col=10 actual=-1.30301869 golden=-0.802602507 abs_error=0.500416182 allowed=0.0007990503
MISMATCH idx=11 row=0 col=11 actual=0.676251888 golden=0.658845083 abs_error=0.0174068052 allowed=0.000658662191
ROW_DIAG row=0 matched_ratio=0.126464844 max_abs=2.24741718 max_abs_col=5036 actual=-3.32859397 golden=-1.08117678
CASE dtype=fp16 rows=1 width=32768 matched_ratio=1.000000000 max_abs=0.00325961137 first_actual=-0.909667969 first_golden=-0.909847743 first_bad_idx=32768 max_abs_idx=1354 status=PASS
CASE dtype=bf16 rows=1 width=32768 matched_ratio=1.000000000 max_abs=0.00780421423 first_actual=1.0234375 first_golden=1.02677155 first_bad_idx=32768 max_abs_idx=22895 status=PASS
CASE dtype=fp32 rows=1 width=32769 matched_ratio=0.122036071 max_abs=2.28426506 first_actual=0.363988042 first_golden=0.23867471 first_bad_idx=0 max_abs_idx=20027 status=FAIL
MISMATCH idx=0 row=0 col=0 actual=0.363988042 golden=0.23867471 abs_error=0.125313332 allowed=0.00024833956
MISMATCH idx=1 row=0 col=1 actual=-0.0618742108 golden=0.0292572148 abs_error=0.0911314256 allowed=4.38302878e-05
MISMATCH idx=2 row=0 col=2 actual=-1.03716874 golden=-1.13832876 abs_error=0.101160021 allowed=0.00112690797
MISMATCH idx=3 row=0 col=3 actual=-0.653844953 golden=-0.577979937 abs_error=0.0758650151 allowed=0.000579692322
MISMATCH idx=4 row=0 col=4 actual=1.49910629 golden=2.82407017 abs_error=1.32496388 allowed=0.00277313981
MISMATCH idx=5 row=0 col=5 actual=0.0463013202 golden=0.407130358 abs_error=0.360829038 allowed=0.000412847029
MISMATCH idx=6 row=0 col=6 actual=0.810536623 golden=0.4386213 abs_error=0.371915323 allowed=0.000443599903
MISMATCH idx=7 row=0 col=7 actual=1.5909332 golden=1.43246705 abs_error=0.158466155 allowed=0.00141415239
MISMATCH idx=8 row=0 col=8 actual=0.559202909 golden=1.21936453 abs_error=0.660161624 allowed=0.00120604447
MISMATCH idx=9 row=0 col=9 actual=-0.158807397 golden=-0.48498162 abs_error=0.326174223 allowed=0.000488873652
MISMATCH idx=10 row=0 col=10 actual=-0.893454015 golden=-0.58550991 abs_error=0.307944106 allowed=0.00058704581
MISMATCH idx=11 row=0 col=11 actual=-0.815550983 golden=-0.962931111 abs_error=0.147380128 allowed=0.000955621202
ROW_DIAG row=0 matched_ratio=0.122036071 max_abs=2.28426506 max_abs_col=20027 actual=0.844737828 golden=3.12900288
CASE dtype=fp16 rows=1 width=32769 matched_ratio=1.000000000 max_abs=0.0036211656 first_actual=-0.343505859 first_golden=-0.343399353 first_bad_idx=32769 max_abs_idx=10922 status=PASS
CASE dtype=bf16 rows=1 width=32769 matched_ratio=1.000000000 max_abs=0.00780073154 first_actual=0.118652344 first_golden=0.11861669 first_bad_idx=32769 max_abs_idx=19343 status=PASS
SUMMARY suite=correctness cases=66 status=FAIL
