RUN_META device=7 vector_cores=40 suite=correctness epsilon=9.99999975e-06
CASE dtype=fp32 rows=1 width=1 matched_ratio=1.000000000 max_abs=8.76722832e-08 first_actual=-0.826728702 first_golden=-0.826728789 first_bad_idx=1 max_abs_idx=0 status=PASS
CASE dtype=fp16 rows=1 width=1 matched_ratio=1.000000000 max_abs=0.000250859846 first_actual=-0.650390625 first_golden=-0.650139765 first_bad_idx=1 max_abs_idx=0 status=PASS
CASE dtype=bf16 rows=1 width=1 matched_ratio=1.000000000 max_abs=0.00146754126 first_actual=1.1640625 first_golden=1.16259496 first_bad_idx=1 max_abs_idx=0 status=PASS
CASE dtype=fp32 rows=3 width=7 matched_ratio=1.000000000 max_abs=2.13945094e-07 first_actual=0.283689618 first_golden=0.283689631 first_bad_idx=21 max_abs_idx=5 status=PASS
CASE dtype=fp16 rows=3 width=7 matched_ratio=1.000000000 max_abs=0.000765282294 first_actual=-2.06835938 first_golden=-2.06912466 first_bad_idx=21 max_abs_idx=0 status=PASS
CASE dtype=bf16 rows=3 width=7 matched_ratio=1.000000000 max_abs=0.00348697506 first_actual=-1.59375 first_golden=-1.59414949 first_bad_idx=21 max_abs_idx=2 status=PASS
CASE dtype=fp32 rows=4 width=8 matched_ratio=1.000000000 max_abs=2.0874503e-07 first_actual=0.188554853 first_golden=0.188554846 first_bad_idx=32 max_abs_idx=24 status=PASS
CASE dtype=fp16 rows=4 width=8 matched_ratio=1.000000000 max_abs=0.00156274605 first_actual=0.288574219 first_golden=0.288418764 first_bad_idx=32 max_abs_idx=3 status=PASS
CASE dtype=bf16 rows=4 width=8 matched_ratio=1.000000000 max_abs=0.0031763232 first_actual=-1.1640625 first_golden=-1.16396198 first_bad_idx=32 max_abs_idx=21 status=PASS
CASE dtype=fp32 rows=8 width=15 matched_ratio=1.000000000 max_abs=4.87158797e-07 first_actual=-0.118456692 first_golden=-0.118456688 first_bad_idx=120 max_abs_idx=64 status=PASS
CASE dtype=fp16 rows=8 width=15 matched_ratio=1.000000000 max_abs=0.00135367141 first_actual=-1.04980469 first_golden=-1.05001246 first_bad_idx=120 max_abs_idx=31 status=PASS
CASE dtype=bf16 rows=8 width=15 matched_ratio=1.000000000 max_abs=0.00750568999 first_actual=0.2890625 first_golden=0.288119581 first_bad_idx=120 max_abs_idx=64 status=PASS
CASE dtype=fp32 rows=8 width=16 matched_ratio=1.000000000 max_abs=3.74970802e-07 first_actual=0.843647301 first_golden=0.843647256 first_bad_idx=128 max_abs_idx=44 status=PASS
CASE dtype=fp16 rows=8 width=16 matched_ratio=1.000000000 max_abs=0.00175110115 first_actual=0.736328125 first_golden=0.736355564 first_bad_idx=128 max_abs_idx=97 status=PASS
CASE dtype=bf16 rows=8 width=16 matched_ratio=1.000000000 max_abs=0.00752976007 first_actual=-0.296875 first_golden=-0.297746412 first_bad_idx=128 max_abs_idx=69 status=PASS
CASE dtype=fp32 rows=16 width=127 matched_ratio=1.000000000 max_abs=4.92704842e-07 first_actual=-0.925043523 first_golden=-0.925043607 first_bad_idx=2032 max_abs_idx=192 status=PASS
CASE dtype=fp16 rows=16 width=127 matched_ratio=1.000000000 max_abs=0.00296686957 first_actual=-0.780273438 first_golden=-0.780152161 first_bad_idx=2032 max_abs_idx=1691 status=PASS
CASE dtype=bf16 rows=16 width=127 matched_ratio=1.000000000 max_abs=0.00779196453 first_actual=-0.291015625 first_golden=-0.290964368 first_bad_idx=2032 max_abs_idx=1541 status=PASS
CASE dtype=fp32 rows=16 width=128 matched_ratio=1.000000000 max_abs=4.87231288e-07 first_actual=1.524804 first_golden=1.52480392 first_bad_idx=2048 max_abs_idx=1474 status=PASS
CASE dtype=fp16 rows=16 width=128 matched_ratio=1.000000000 max_abs=0.00333291716 first_actual=-0.316162109 first_golden=-0.316355669 first_bad_idx=2048 max_abs_idx=1960 status=PASS
CASE dtype=bf16 rows=16 width=128 matched_ratio=1.000000000 max_abs=0.00778917935 first_actual=-0.154296875 first_golden=-0.154313865 first_bad_idx=2048 max_abs_idx=543 status=PASS
CASE dtype=fp32 rows=16 width=129 matched_ratio=1.000000000 max_abs=4.58461596e-07 first_actual=-0.268973738 first_golden=-0.26897373 first_bad_idx=2064 max_abs_idx=1988 status=PASS
CASE dtype=fp16 rows=16 width=129 matched_ratio=1.000000000 max_abs=0.00252771302 first_actual=0.795410156 first_golden=0.795210311 first_bad_idx=2064 max_abs_idx=1256 status=PASS
CASE dtype=bf16 rows=16 width=129 matched_ratio=1.000000000 max_abs=0.00741419794 first_actual=-1.9140625 first_golden=-1.91693346 first_bad_idx=2064 max_abs_idx=369 status=PASS
CASE dtype=fp32 rows=16 width=255 matched_ratio=1.000000000 max_abs=6.5981831e-07 first_actual=0.381409883 first_golden=0.381409947 first_bad_idx=4080 max_abs_idx=1244 status=PASS
CASE dtype=fp16 rows=16 width=255 matched_ratio=1.000000000 max_abs=0.00320164924 first_actual=1.67773438 first_golden=1.67792715 first_bad_idx=4080 max_abs_idx=1542 status=PASS
CASE dtype=bf16 rows=16 width=255 matched_ratio=1.000000000 max_abs=0.00781011453 first_actual=-2.859375 first_golden=-2.86003177 first_bad_idx=4080 max_abs_idx=3151 status=PASS
CASE dtype=fp32 rows=16 width=256 matched_ratio=1.000000000 max_abs=4.72456531e-07 first_actual=-0.705311298 first_golden=-0.705311383 first_bad_idx=4096 max_abs_idx=3027 status=PASS
CASE dtype=fp16 rows=16 width=256 matched_ratio=1.000000000 max_abs=0.00347681182 first_actual=-2.0078125 first_golden=-2.00707001 first_bad_idx=4096 max_abs_idx=1075 status=PASS
CASE dtype=bf16 rows=16 width=256 matched_ratio=1.000000000 max_abs=0.0077802916 first_actual=-0.64453125 first_golden=-0.646319343 first_bad_idx=4096 max_abs_idx=3756 status=PASS
CASE dtype=fp32 rows=16 width=257 matched_ratio=1.000000000 max_abs=5.24852581e-07 first_actual=1.57651734 first_golden=1.57651735 first_bad_idx=4112 max_abs_idx=3797 status=PASS
CASE dtype=fp16 rows=16 width=257 matched_ratio=1.000000000 max_abs=0.00376767752 first_actual=1.65917969 first_golden=1.6585587 first_bad_idx=4112 max_abs_idx=993 status=PASS
CASE dtype=bf16 rows=16 width=257 matched_ratio=1.000000000 max_abs=0.00778271215 first_actual=-1.0703125 first_golden=-1.07391133 first_bad_idx=4112 max_abs_idx=503 status=PASS
CASE dtype=fp32 rows=8 width=4095 matched_ratio=1.000000000 max_abs=7.1289794e-07 first_actual=-0.346274018 first_golden=-0.346273998 first_bad_idx=32760 max_abs_idx=22595 status=PASS
CASE dtype=fp16 rows=8 width=4095 matched_ratio=1.000000000 max_abs=0.00360277197 first_actual=-0.859375 first_golden=-0.859347797 first_bad_idx=32760 max_abs_idx=7848 status=PASS
CASE dtype=bf16 rows=8 width=4095 matched_ratio=1.000000000 max_abs=0.00781210552 first_actual=0.328125 first_golden=0.327648845 first_bad_idx=32760 max_abs_idx=4555 status=PASS
CASE dtype=fp32 rows=8 width=4096 matched_ratio=1.000000000 max_abs=8.93786755e-07 first_actual=-0.522137165 first_golden=-0.52213717 first_bad_idx=32768 max_abs_idx=16788 status=PASS
CASE dtype=fp16 rows=8 width=4096 matched_ratio=1.000000000 max_abs=0.00350473728 first_actual=0.05078125 first_golden=0.0507646459 first_bad_idx=32768 max_abs_idx=2098 status=PASS
CASE dtype=bf16 rows=8 width=4096 matched_ratio=1.000000000 max_abs=0.00780879889 first_actual=-0.7109375 first_golden=-0.709188977 first_bad_idx=32768 max_abs_idx=8263 status=PASS
CASE dtype=fp32 rows=8 width=4097 matched_ratio=1.000000000 max_abs=6.30152683e-07 first_actual=1.15521657 first_golden=1.15521667 first_bad_idx=32776 max_abs_idx=13460 status=PASS
CASE dtype=fp16 rows=8 width=4097 matched_ratio=1.000000000 max_abs=0.00339707248 first_actual=-0.1640625 first_golden=-0.164046254 first_bad_idx=32776 max_abs_idx=188 status=PASS
CASE dtype=bf16 rows=8 width=4097 matched_ratio=1.000000000 max_abs=0.0078077009 first_actual=-1.0703125 first_golden=-1.06830717 first_bad_idx=32776 max_abs_idx=17989 status=PASS
CASE dtype=fp32 rows=4 width=8191 matched_ratio=1.000000000 max_abs=5.94602749e-07 first_actual=0.643176794 first_golden=0.643176781 first_bad_idx=32764 max_abs_idx=17256 status=PASS
CASE dtype=fp16 rows=4 width=8191 matched_ratio=1.000000000 max_abs=0.00335376767 first_actual=0.464111328 first_golden=0.464216197 first_bad_idx=32764 max_abs_idx=25795 status=PASS
CASE dtype=bf16 rows=4 width=8191 matched_ratio=1.000000000 max_abs=0.00780785802 first_actual=1.828125 first_golden=1.83060861 first_bad_idx=32764 max_abs_idx=23157 status=PASS
CASE dtype=fp32 rows=4 width=8192 matched_ratio=1.000000000 max_abs=5.97494201e-07 first_actual=0.941807032 first_golden=0.941807066 first_bad_idx=32768 max_abs_idx=10573 status=PASS
CASE dtype=fp16 rows=4 width=8192 matched_ratio=1.000000000 max_abs=0.00351499419 first_actual=-0.440185547 first_golden=-0.440318599 first_bad_idx=32768 max_abs_idx=748 status=PASS
CASE dtype=bf16 rows=4 width=8192 matched_ratio=1.000000000 max_abs=0.00780281687 first_actual=-1.1171875 first_golden=-1.11912658 first_bad_idx=32768 max_abs_idx=15139 status=PASS
CASE dtype=fp32 rows=4 width=8193 matched_ratio=0.640424753 max_abs=1.90147054 first_actual=2.10932302 first_golden=1.67460977 first_bad_idx=0 max_abs_idx=10619 status=FAIL
TILE_DIAG tile=0 begin=0 elements=16384 matched_ratio=0.407470703
TILE_DIAG tile=1 begin=4096 elements=16384 matched_ratio=0.873413086
TILE_DIAG tile=2 begin=8192 elements=4 matched_ratio=0.500000000
MISMATCH idx=0 row=0 col=0 actual=2.10932302 golden=1.67460977 abs_error=0.434713258 allowed=0.00165061989
MISMATCH idx=1 row=0 col=1 actual=0.904035091 golden=1.65697069 abs_error=0.752935601 allowed=0.00163339423
MISMATCH idx=2 row=0 col=2 actual=0.908557057 golden=0.351132594 abs_error=0.557424463 allowed=0.000358161713
MISMATCH idx=3 row=0 col=3 actual=1.55632353 golden=1.25242293 abs_error=0.303900602 allowed=0.00123832805
MISMATCH idx=4 row=0 col=4 actual=0.913257599 golden=0.788873283 abs_error=0.124384316 allowed=0.000785642854
MISMATCH idx=5 row=0 col=5 actual=0.162039325 golden=0.153836041 abs_error=0.00820328315 allowed=0.000165489298
MISMATCH idx=6 row=0 col=6 actual=0.516245246 golden=0.768848264 abs_error=0.252603018 allowed=0.000766087172
MISMATCH idx=7 row=0 col=7 actual=0.0446522459 golden=0.0136600127 abs_error=0.0309922332 allowed=2.85986452e-05
MISMATCH idx=8 row=0 col=8 actual=-0.639479816 golden=-0.824107595 abs_error=0.184627779 allowed=0.000820051362
MISMATCH idx=9 row=0 col=9 actual=-0.576150477 golden=-0.417602948 abs_error=0.158547529 allowed=0.000423074168
MISMATCH idx=10 row=0 col=10 actual=-1.21209466 golden=-0.59802369 abs_error=0.614070974 allowed=0.000599266299
MISMATCH idx=11 row=0 col=11 actual=0.910884321 golden=1.36415876 abs_error=0.453274441 allowed=0.00134744508
ROW_DIAG row=0 matched_ratio=0.469181008 max_abs=1.85077096 max_abs_col=665 actual=1.11937284 golden=2.9701438
ROW_DIAG row=1 matched_ratio=0.749420237 max_abs=1.90147054 max_abs_col=2426 actual=-2.83900094 golden=-0.9375304
ROW_DIAG row=2 matched_ratio=0.718418162 max_abs=1.67325048 max_abs_col=559 actual=1.14619339 golden=2.81944386
ROW_DIAG row=3 matched_ratio=0.624679605 max_abs=1.83519822 max_abs_col=6496 actual=-1.48640621 golden=-3.32160442
VALUE_DIAG row=0 col=0 x=1.83061218 residual=0.525552154 gamma=0.841673195 bias=0.141344756 actual=2.10932302 golden=1.67460977 observed_scale=0.992364459 expected_scale=0.773157816
VALUE_DIAG row=0 col=1 x=1.79553032 residual=-0.136852443 gamma=1.14923024 bias=0.183175117 actual=0.904035091 golden=1.65697069 observed_scale=0.378165434 expected_scale=0.773157816
VALUE_DIAG row=0 col=7 x=-0.729716539 residual=0.640716434 gamma=1.38284886 bias=0.108815402 actual=0.0446522459 golden=0.0136600127 observed_scale=0.521339316 expected_scale=0.773157816
VALUE_DIAG row=0 col=8 x=-0.765843391 residual=-0.564790606 gamma=0.823134303 bias=0.0227248073 actual=-0.639479816 golden=-0.824107595 observed_scale=0.60459269 expected_scale=0.773157816
VALUE_DIAG row=0 col=1023 x=-0.0806888342 residual=-0.870553136 gamma=1.24732494 bias=-0.0219030976 actual=-0.557442486 golden=-0.939260905 observed_scale=0.45135765 expected_scale=0.773157816
VALUE_DIAG row=0 col=1024 x=-1.69657278 residual=0.316408992 gamma=1.16031396 bias=-0.0981731862 actual=-1.15976644 golden=-1.33632614 observed_scale=0.662906078 expected_scale=0.773157816
VALUE_DIAG row=0 col=4095 x=0.973187447 residual=0.255871892 gamma=1.38388562 bias=0.115665972 actual=1.4307127 golden=1.43071274 observed_scale=0.773157791 expected_scale=0.773157816
VALUE_DIAG row=0 col=4096 x=-0.39061594 residual=-0.459479749 gamma=1.08030546 bias=0.0653043985 actual=-0.302379251 golden=-0.644735142 observed_scale=0.40036853 expected_scale=0.773157816
VALUE_DIAG row=0 col=4103 x=1.69822764 residual=-0.467714012 gamma=0.932453215 bias=-0.0760727078 actual=0.456149399 golden=0.811045781 observed_scale=0.463852019 expected_scale=0.773157816
VALUE_DIAG row=0 col=8191 x=-1.21064055 residual=0.0791826248 gamma=1.42356539 bias=0.230220675 actual=-1.01510799 golden=-1.01510797 observed_scale=0.773157826 expected_scale=0.773157816
VALUE_DIAG row=0 col=8192 x=-1.39888334 residual=0.673413515 gamma=0.559420466 bias=0.134880126 actual=-0.248476028 golden=-0.178900306 observed_scale=0.944593023 expected_scale=0.773157816
VALUE_DIAG row=1 col=0 x=1.69637847 residual=-0.846963584 gamma=0.841673195 bias=0.141344756 actual=0.853458643 golden=0.696157424 observed_scale=0.996061356 expected_scale=0.776038031
VALUE_DIAG row=1 col=1 x=-0.761506438 residual=0.619467854 gamma=1.14923024 bias=0.183175117 actual=0.121215314 golden=0.0564985209 observed_scale=0.379574169 expected_scale=0.776038031
VALUE_DIAG row=1 col=7 x=1.65787172 residual=-0.597710848 gamma=1.38284886 bias=0.108815402 actual=0.875968099 golden=1.24651995 observed_scale=0.523281436 expected_scale=0.776038031
VALUE_DIAG row=1 col=8 x=1.81367135 residual=-0.702032387 gamma=0.823134303 bias=0.0227248073 actual=0.578005016 golden=0.732821461 observed_scale=0.606844905 expected_scale=0.776038031
VALUE_DIAG row=1 col=1023 x=0.271830082 residual=0.490689993 gamma=1.24732494 bias=-0.0219030976 actual=0.408987075 golden=0.716194674 observed_scale=0.453039115 expected_scale=0.776038031
VALUE_DIAG row=1 col=1024 x=-1.8575362 residual=-0.232358694 gamma=1.16031396 bias=-0.0981731862 actual=-1.9800142 golden=-1.98001437 observed_scale=0.776038008 expected_scale=0.776038031
VALUE_DIAG row=1 col=4095 x=1.39190412 residual=0.795964599 gamma=1.38388562 bias=0.115665972 actual=2.46532273 golden=2.46532292 observed_scale=0.77603801 expected_scale=0.776038031
VALUE_DIAG row=1 col=4096 x=0.27538228 residual=0.381412387 gamma=1.08030546 bias=0.0653043985 actual=0.420015424 golden=0.615933541 observed_scale=0.499917685 expected_scale=0.776038031
VALUE_DIAG row=1 col=4103 x=-1.90647292 residual=0.789596081 gamma=0.932453215 bias=-0.0760727078 actual=-0.349991351 golden=-0.884266185 observed_scale=0.263020292 expected_scale=0.776038031
VALUE_DIAG row=1 col=8191 x=1.11079812 residual=0.34537518 gamma=1.42356539 bias=0.230220675 actual=1.83891487 golden=1.83891485 observed_scale=0.776038041 expected_scale=0.776038031
VALUE_DIAG row=1 col=8192 x=-0.354713798 residual=0.423105597 gamma=0.559420466 bias=0.134880126 actual=0.164571166 golden=0.164571164 observed_scale=0.776038081 expected_scale=0.776038031
VALUE_DIAG row=2 col=0 x=0.294747591 residual=0.616627574 gamma=0.841673195 bias=0.141344756 actual=0.90441525 golden=0.735857951 observed_scale=0.994772966 expected_scale=0.775034101
VALUE_DIAG row=2 col=1 x=1.23823476 residual=0.201615453 gamma=1.14923024 bias=0.183175117 actual=0.810451388 golden=1.46563908 observed_scale=0.379083166 expected_scale=0.775034101
VALUE_DIAG row=2 col=7 x=-1.4222157 residual=-0.658664525 gamma=1.38284886 bias=0.108815402 actual=-1.39500153 golden=-2.12137843 observed_scale=0.522604547 expected_scale=0.775034101
VALUE_DIAG row=2 col=8 x=-0.285983086 residual=0.133456945 gamma=0.823134303 bias=0.0227248073 actual=-0.0533657148 golden=-0.0745803352 observed_scale=0.606059946 expected_scale=0.775034101
VALUE_DIAG row=2 col=1023 x=-0.344266295 residual=0.789354086 gamma=1.24732494 bias=-0.0219030976 actual=0.229284853 golden=0.408371889 observed_scale=0.452453043 expected_scale=0.775034101
VALUE_DIAG row=2 col=1024 x=-0.393811226 residual=0.749868989 gamma=1.16031396 bias=-0.0981731862 actual=0.222023502 golden=0.222023468 observed_scale=0.775034183 expected_scale=0.775034101
VALUE_DIAG row=2 col=4095 x=0.123822212 residual=0.216394067 gamma=1.38388562 bias=0.115665972 actual=0.480567873 golden=0.480567851 observed_scale=0.775034147 expected_scale=0.775034101
VALUE_DIAG row=2 col=4096 x=1.57441688 residual=-0.0299344659 gamma=1.08030546 bias=0.0653043985 actual=0.804521382 golden=1.3584587 observed_scale=0.443039433 expected_scale=0.775034101
VALUE_DIAG row=2 col=4103 x=1.86005449 residual=-0.144340277 gamma=0.932453215 bias=-0.0760727078 actual=0.878762305 golden=1.16384486 observed_scale=0.59683782 expected_scale=0.775034101
VALUE_DIAG row=2 col=8191 x=1.52146316 residual=0.527029276 gamma=1.42356539 bias=0.230220675 actual=2.49034691 golden=2.49034639 observed_scale=0.775034281 expected_scale=0.775034101
VALUE_DIAG row=2 col=8192 x=0.292285919 residual=-0.0896416306 gamma=0.559420466 bias=0.134880126 actual=0.22274062 golden=0.222740597 observed_scale=0.775034305 expected_scale=0.775034101
VALUE_DIAG row=3 col=0 x=-0.0755170584 residual=0.569754124 gamma=0.841673195 bias=0.141344756 actual=0.551107287 golden=0.460593487 observed_scale=0.985039023 expected_scale=0.767450497
VALUE_DIAG row=3 col=1 x=0.825487614 residual=-0.923509419 gamma=1.14923024 bias=0.183175117 actual=0.140889391 golden=0.0967221076 observed_scale=0.375373875 expected_scale=0.767450497
VALUE_DIAG row=3 col=7 x=0.306584358 residual=0.281793594 gamma=1.38284886 bias=0.108815402 actual=0.529865503 golden=0.733242121 observed_scale=0.517490844 expected_scale=0.767450497
VALUE_DIAG row=3 col=8 x=-1.80251777 residual=0.335318327 gamma=0.823134303 bias=0.0227248073 actual=-0.70205307 golden=-0.904126841 observed_scale=0.600129636 expected_scale=0.767450497
VALUE_DIAG row=3 col=1023 x=1.6897862 residual=-0.465768158 gamma=1.24732494 bias=-0.0219030976 actual=0.662119567 golden=1.14980059 observed_scale=0.448025823 expected_scale=0.767450497
VALUE_DIAG row=3 col=1024 x=-0.204931974 residual=0.198612094 gamma=1.16031396 bias=-0.0981731862 actual=-0.0783343017 golden=-0.103800936 observed_scale=-2.70540859 expected_scale=0.767450497
VALUE_DIAG row=3 col=4095 x=-0.121827126 residual=0.953132391 gamma=1.38388562 bias=0.115665972 actual=0.998565137 golden=0.998565125 observed_scale=0.767450508 expected_scale=0.767450497
VALUE_DIAG row=3 col=4096 x=0.900746822 residual=0.154665232 gamma=1.08030546 bias=0.0653043985 actual=0.518421829 golden=0.940326438 observed_scale=0.397413073 expected_scale=0.767450497
VALUE_DIAG row=3 col=4103 x=1.56629896 residual=-0.489290118 gamma=0.932453215 bias=-0.0760727078 actual=0.386316836 golden=0.694647404 observed_scale=0.460427955 expected_scale=0.767450497
VALUE_DIAG row=3 col=8191 x=-1.15330243 residual=0.281716466 gamma=1.42356539 bias=0.230220675 actual=-0.722000957 golden=-0.722000906 observed_scale=0.767450538 expected_scale=0.767450497
VALUE_DIAG row=3 col=8192 x=1.60880661 residual=-0.0875864029 gamma=0.559420466 bias=0.134880126 actual=0.718406141 golden=0.787981817 observed_scale=0.685693111 expected_scale=0.767450497
CASE dtype=fp16 rows=4 width=8193 matched_ratio=1.000000000 max_abs=0.00349239308 first_actual=0.242797852 first_golden=0.242687463 first_bad_idx=32772 max_abs_idx=27802 status=PASS
CASE dtype=bf16 rows=4 width=8193 matched_ratio=1.000000000 max_abs=0.00780874174 first_actual=0.5234375 first_golden=0.522446323 first_bad_idx=32772 max_abs_idx=22814 status=PASS
CASE dtype=fp32 rows=2 width=16383 matched_ratio=0.188884820 max_abs=2.16654224 first_actual=-0.976287603 first_golden=-1.15705378 first_bad_idx=0 max_abs_idx=6154 status=FAIL
TILE_DIAG tile=0 begin=0 elements=8192 matched_ratio=0.002441406
TILE_DIAG tile=1 begin=4096 elements=8192 matched_ratio=0.001098633
TILE_DIAG tile=2 begin=8192 elements=8192 matched_ratio=0.001586914
TILE_DIAG tile=3 begin=12288 elements=8190 matched_ratio=0.750549451
MISMATCH idx=0 row=0 col=0 actual=-0.976287603 golden=-1.15705378 abs_error=0.18076618 allowed=0.00114519412
MISMATCH idx=1 row=0 col=1 actual=-0.855125844 golden=-0.661933151 abs_error=0.193192693 allowed=0.000661677882
MISMATCH idx=2 row=0 col=2 actual=-0.332447618 golden=-0.40470563 abs_error=0.0722580114 allowed=0.000410479131
MISMATCH idx=3 row=0 col=3 actual=0.972628057 golden=0.815465136 abs_error=0.157162921 allowed=0.000811611461
MISMATCH idx=4 row=0 col=4 actual=0.327040106 golden=0.795317756 abs_error=0.46827765 allowed=0.000791936285
MISMATCH idx=5 row=0 col=5 actual=-0.893595636 golden=-0.938489124 abs_error=0.0448934884 allowed=0.000931752074
MISMATCH idx=6 row=0 col=6 actual=0.703531682 golden=0.522153512 abs_error=0.18137817 allowed=0.000525174328
MISMATCH idx=7 row=0 col=7 actual=2.01798081 golden=1.86840082 abs_error=0.149579991 allowed=0.00183986897
MISMATCH idx=8 row=0 col=8 actual=0.333434612 golden=-0.0360256915 abs_error=0.369460303 allowed=5.04401285e-05
MISMATCH idx=9 row=0 col=9 actual=1.16587985 golden=1.1564326 abs_error=0.00944724338 allowed=0.0011445875
MISMATCH idx=10 row=0 col=10 actual=-0.652494788 golden=-0.343096212 abs_error=0.309398576 allowed=0.000350313683
MISMATCH idx=11 row=0 col=11 actual=0.853755176 golden=0.930645675 abs_error=0.0768904992 allowed=0.000924092456
ROW_DIAG row=0 matched_ratio=0.189037417 max_abs=2.16654224 max_abs_col=6154 actual=3.33773232 golden=1.17119007
ROW_DIAG row=1 matched_ratio=0.188732222 max_abs=1.9608464 max_abs_col=12139 actual=-1.05873513 golden=-3.01958153
VALUE_DIAG row=0 col=0 x=-1.86590767 residual=-0.335825145 gamma=0.600539207 bias=-0.126130283 actual=-0.976287603 golden=-1.15705378 observed_scale=0.642973843 expected_scale=0.779687296
VALUE_DIAG row=0 col=1 x=-1.18087745 residual=0.292725682 gamma=1.05580688 bias=0.0691926777 actual=-0.855125844 golden=-0.661933151 observed_scale=0.985711871 expected_scale=0.779687296
VALUE_DIAG row=0 col=7 x=1.75531077 residual=0.117303252 gamma=1.31133223 bias=-0.046214208 actual=2.01798081 golden=1.86840082 observed_scale=0.840600648 expected_scale=0.779687296
VALUE_DIAG row=0 col=8 x=0.328110695 residual=-0.103454411 gamma=1.18635237 bias=-0.243829131 actual=0.333434612 golden=-0.0360256915 observed_scale=2.16591798 expected_scale=0.779687296
VALUE_DIAG row=0 col=1023 x=-1.18108344 residual=-0.633562088 gamma=0.798600316 bias=-0.0686678141 actual=-1.03060997 golden=-1.19857232 observed_scale=0.663785368 expected_scale=0.779687296
VALUE_DIAG row=0 col=1024 x=1.68326473 residual=0.449842811 gamma=1.02955782 bias=-0.0859797448 actual=1.62480557 golden=1.62633641 observed_scale=0.778990201 expected_scale=0.779687296
VALUE_DIAG row=0 col=4095 x=-0.353299022 residual=0.197800875 gamma=1.10235631 bias=-0.219841942 actual=-0.318646193 golden=-0.353491544 observed_scale=0.576405897 expected_scale=0.779687296
VALUE_DIAG row=0 col=4096 x=0.322971821 residual=0.138674259 gamma=1.46220851 bias=0.0546358824 actual=0.512150526 golden=0.580942605 observed_scale=0.677776552 expected_scale=0.779687296
VALUE_DIAG row=0 col=4103 x=-0.0297169685 residual=-0.906796455 gamma=0.545723617 bias=0.103365868 actual=-1.01094604 golden=-0.29511476 observed_scale=2.18031887 expected_scale=0.779687296
VALUE_DIAG row=0 col=8191 x=0.521973372 residual=0.536659837 gamma=0.814947963 bias=0.164985836 actual=1.18725705 golden=0.837646218 observed_scale=1.18492467 expected_scale=0.779687296
VALUE_DIAG row=0 col=8192 x=-0.40568459 residual=-0.638441622 gamma=1.34821713 bias=0.177185267 actual=-1.19066131 golden=-0.920387436 observed_scale=0.97168282 expected_scale=0.779687296
VALUE_DIAG row=1 col=0 x=0.456243992 residual=-0.759548485 gamma=0.600539207 bias=-0.126130283 actual=-0.165217131 golden=-0.267902541 observed_scale=0.214590477 expected_scale=0.778343039
VALUE_DIAG row=1 col=1 x=1.55425119 residual=0.386789918 gamma=1.05580688 bias=0.0691926777 actual=2.25543761 golden=1.66430131 observed_scale=1.06679162 expected_scale=0.778343039
VALUE_DIAG row=1 col=7 x=-0.19405365 residual=-0.78268981 gamma=1.31133223 bias=-0.046214208 actual=-0.954660118 golden=-1.04314335 observed_scale=0.709260588 expected_scale=0.778343039
VALUE_DIAG row=1 col=8 x=1.11956692 residual=-0.984929502 gamma=1.18635237 bias=-0.243829131 actual=0.202089623 golden=-0.119506408 observed_scale=2.79174835 expected_scale=0.778343039
VALUE_DIAG row=1 col=1023 x=-0.601539373 residual=-0.570028067 gamma=0.798600316 bias=-0.0686678141 actual=-1.01161277 golden=-0.796896557 observed_scale=1.00783531 expected_scale=0.778343039
VALUE_DIAG row=1 col=1024 x=-1.26718807 residual=0.736433268 gamma=1.02955782 bias=-0.0859797448 actual=-0.338083744 golden=-0.511299664 observed_scale=0.461354815 expected_scale=0.778343039
VALUE_DIAG row=1 col=4095 x=-1.10093939 residual=0.160468459 gamma=1.10235631 bias=-0.219841942 actual=-0.581466317 golden=-1.02677669 observed_scale=0.348811122 expected_scale=0.778343039
VALUE_DIAG row=1 col=4096 x=-0.99251616 residual=0.393361688 gamma=1.46220851 bias=0.0546358824 actual=-0.691802382 golden=-0.627261711 observed_scale=0.852012139 expected_scale=0.778343039
VALUE_DIAG row=1 col=4103 x=-0.0412572622 residual=0.644615889 gamma=0.545723617 bias=0.103365868 actual=0.219469517 golden=0.359648586 observed_scale=0.352612411 expected_scale=0.778343039
VALUE_DIAG row=1 col=8191 x=0.966585159 residual=-0.104506195 gamma=0.814947963 bias=0.164985836 actual=0.963301778 golden=0.711810345 observed_scale=1.13631274 expected_scale=0.778343039
VALUE_DIAG row=1 col=8192 x=1.66974092 residual=-0.166735113 gamma=1.34821713 bias=0.177185267 actual=1.70066595 golden=1.75440261 observed_scale=0.751824495 expected_scale=0.778343039
CASE dtype=fp16 rows=2 width=16383 matched_ratio=1.000000000 max_abs=0.00363484185 first_actual=0.468505859 first_golden=0.468358937 first_bad_idx=32766 max_abs_idx=13833 status=PASS
CASE dtype=bf16 rows=2 width=16383 matched_ratio=1.000000000 max_abs=0.00780823151 first_actual=1.2890625 first_golden=1.28881873 first_bad_idx=32766 max_abs_idx=11921 status=PASS
CASE dtype=fp32 rows=2 width=16384 matched_ratio=0.219757080 max_abs=2.17315027 first_actual=0.762867928 first_golden=1.26097774 first_bad_idx=0 max_abs_idx=2117 status=FAIL
TILE_DIAG tile=0 begin=0 elements=8192 matched_ratio=0.001953125
TILE_DIAG tile=1 begin=4096 elements=8192 matched_ratio=0.000854492
TILE_DIAG tile=2 begin=8192 elements=8192 matched_ratio=0.001098633
TILE_DIAG tile=3 begin=12288 elements=8192 matched_ratio=0.875122070
MISMATCH idx=0 row=0 col=0 actual=0.762867928 golden=1.26097774 abs_error=0.498109817 allowed=0.00124668237
MISMATCH idx=1 row=0 col=1 actual=0.132654786 golden=0.294545617 abs_error=0.161890831 allowed=0.000302900994
MISMATCH idx=2 row=0 col=2 actual=1.48940766 golden=1.22479532 abs_error=0.264612341 allowed=0.00121134797
MISMATCH idx=3 row=0 col=3 actual=-1.58577991 golden=-0.670454011 abs_error=0.915325895 allowed=0.000669999034
MISMATCH idx=4 row=0 col=4 actual=1.19961643 golden=1.20789364 abs_error=0.00827720513 allowed=0.00119484242
MISMATCH idx=5 row=0 col=5 actual=-0.730266809 golden=-2.14366753 abs_error=1.41340072 allowed=0.00210868411
MISMATCH idx=6 row=0 col=6 actual=0.433947444 golden=0.673021127 abs_error=0.239073683 allowed=0.000672505983
MISMATCH idx=7 row=0 col=7 actual=-0.14137651 golden=-0.0267805569 abs_error=0.114595953 allowed=4.14116767e-05
MISMATCH idx=8 row=0 col=8 actual=0.34932673 golden=0.667035806 abs_error=0.317709077 allowed=0.000666660944
MISMATCH idx=9 row=0 col=9 actual=0.2340305 golden=0.215492394 abs_error=0.018538106 allowed=0.00022570058
MISMATCH idx=10 row=0 col=10 actual=-0.473651558 golden=-0.232373458 abs_error=0.2412781 allowed=0.000242185994
MISMATCH idx=11 row=0 col=11 actual=-0.155189112 golden=-0.0360709154 abs_error=0.119118196 allowed=5.04842924e-05
ROW_DIAG row=0 matched_ratio=0.188476562 max_abs=2.17315027 max_abs_col=2117 actual=-3.20898485 golden=-1.03583458
ROW_DIAG row=1 matched_ratio=0.251037598 max_abs=2.05351491 max_abs_col=845 actual=-1.09036064 golden=-3.14387555
VALUE_DIAG row=0 col=0 x=1.61953497 residual=0.382071137 gamma=0.947318196 bias=-0.216340244 actual=0.762867928 golden=1.26097774 observed_scale=0.516417033 expected_scale=0.779111275
VALUE_DIAG row=0 col=1 x=0.67922163 residual=-0.613436818 gamma=1.16915655 bias=0.234622031 actual=0.132654786 golden=0.294545617 observed_scale=-1.32575228 expected_scale=0.779111275
VALUE_DIAG row=0 col=7 x=-0.7940588 residual=0.648213506 gamma=0.51771152 bias=0.0320468545 actual=-0.14137651 golden=-0.0267805569 observed_scale=2.2968221 expected_scale=0.779111275
VALUE_DIAG row=0 col=8 x=0.635665655 residual=0.613417864 gamma=0.622578561 bias=0.0611578822 actual=0.34932673 golden=0.667035806 observed_scale=0.370562434 expected_scale=0.779111275
VALUE_DIAG row=0 col=1023 x=-0.490236044 residual=0.841529369 gamma=0.921484709 bias=0.0367465019 actual=0.399930209 golden=0.288953725 observed_scale=1.12193663 expected_scale=0.779111275
VALUE_DIAG row=0 col=1024 x=1.41151476 residual=0.292446613 gamma=0.932275534 bias=-0.143953949 actual=1.53640163 golden=1.09371222 observed_scale=1.0577844 expected_scale=0.779111275
VALUE_DIAG row=0 col=4095 x=0.491158962 residual=0.808561802 gamma=1.12011349 bias=-0.126603261 actual=1.02475452 golden=1.00765402 observed_scale=0.790857461 expected_scale=0.779111275
VALUE_DIAG row=0 col=4096 x=0.351640224 residual=-0.94080615 gamma=1.20842791 bias=-0.129532158 actual=-0.423257768 golden=-0.684231764 observed_scale=0.412556512 expected_scale=0.779111275
VALUE_DIAG row=0 col=4103 x=0.432225227 residual=-0.667250752 gamma=0.672577679 bias=0.126913607 actual=-0.228834167 golden=0.00375721119 observed_scale=2.2505295 expected_scale=0.779111275
VALUE_DIAG row=0 col=8191 x=0.193903923 residual=0.777716041 gamma=0.966681719 bias=-0.0264488012 actual=0.858208537 golden=0.705329326 observed_scale=0.941879076 expected_scale=0.779111275
VALUE_DIAG row=0 col=8192 x=0.940590858 residual=0.350645065 gamma=1.10634995 bias=-0.018345058 actual=0.437641233 golden=1.0946612 observed_scale=0.319193227 expected_scale=0.779111275
VALUE_DIAG row=0 col=16383 x=0.171848774 residual=-0.607413769 gamma=1.1370008 bias=-0.00250115991 actual=-0.388346434 golden=-0.388346472 observed_scale=0.779111196 expected_scale=0.779111275
VALUE_DIAG row=1 col=0 x=-1.20530868 residual=0.698406219 gamma=0.947318196 bias=-0.216340244 actual=-0.601449728 golden=-0.586288708 observed_scale=0.801980741 expected_scale=0.770408301
VALUE_DIAG row=1 col=1 x=-1.03146064 residual=-0.380961001 gamma=1.16915655 bias=0.234622031 actual=-1.09505749 golden=-1.03758557 observed_scale=0.805211427 expected_scale=0.770408301
VALUE_DIAG row=1 col=7 x=0.94750452 residual=0.749040604 gamma=0.51771152 bias=0.0320468545 actual=1.00599456 golden=0.708712609 observed_scale=1.10887449 expected_scale=0.770408301
VALUE_DIAG row=1 col=8 x=-0.975789428 residual=0.612673283 gamma=0.622578561 bias=0.0611578822 actual=-0.0763154328 golden=-0.113007034 observed_scale=0.608105154 expected_scale=0.770408301
VALUE_DIAG row=1 col=1023 x=0.651044607 residual=0.710095525 gamma=0.921484709 bias=0.0367465019 actual=1.10383117 golden=1.00304638 observed_scale=0.850761658 expected_scale=0.770408301
VALUE_DIAG row=1 col=1024 x=0.827434063 residual=-0.759061217 gamma=0.932275534 bias=-0.143953949 actual=0.0632827282 golden=-0.0948463282 observed_scale=3.25116251 expected_scale=0.770408301
VALUE_DIAG row=1 col=4095 x=-0.832875252 residual=-0.422631979 gamma=1.12011349 bias=-0.126603261 actual=-0.961474776 golden=-1.21003661 observed_scale=0.593660833 expected_scale=0.770408301
VALUE_DIAG row=1 col=4096 x=-1.895172 residual=0.944446087 gamma=1.20842791 bias=-0.129532158 actual=-0.583927691 golden=-1.01464172 observed_scale=0.395510462 expected_scale=0.770408301
VALUE_DIAG row=1 col=4103 x=0.516206741 residual=0.911155581 gamma=0.672577679 bias=0.126913607 actual=1.38580739 golden=0.866514851 observed_scale=1.31133125 expected_scale=0.770408301
VALUE_DIAG row=1 col=8191 x=1.41503835 residual=-0.333870173 gamma=0.966681719 bias=-0.0264488012 actual=0.944553375 golden=0.778739975 observed_scale=0.92905932 expected_scale=0.770408301
VALUE_DIAG row=1 col=8192 x=-1.91717935 residual=-0.0502592325 gamma=1.10634995 bias=-0.018345058 actual=-1.04420686 golden=-1.69527398 observed_scale=0.471297522 expected_scale=0.770408301
VALUE_DIAG row=1 col=16383 x=-1.98080587 residual=-0.734273911 gamma=1.1370008 bias=-0.00250115991 actual=-2.38078856 golden=-2.38078848 observed_scale=0.77040833 expected_scale=0.770408301
CASE dtype=fp16 rows=2 width=16384 matched_ratio=1.000000000 max_abs=0.00361881978 first_actual=-0.622070312 first_golden=-0.622067342 first_bad_idx=32768 max_abs_idx=24773 status=PASS
CASE dtype=bf16 rows=2 width=16384 matched_ratio=1.000000000 max_abs=0.00780967573 first_actual=0.35546875 first_golden=0.355780822 first_bad_idx=32768 max_abs_idx=25385 status=PASS
CASE dtype=fp32 rows=2 width=16385 matched_ratio=0.219774184 max_abs=2.19517557 first_actual=0.563858569 first_golden=0.807561072 first_bad_idx=0 max_abs_idx=22190 status=FAIL
TILE_DIAG tile=0 begin=0 elements=8192 matched_ratio=0.017456055
TILE_DIAG tile=1 begin=4096 elements=8192 matched_ratio=0.001831055
TILE_DIAG tile=2 begin=8192 elements=8192 matched_ratio=0.001342773
TILE_DIAG tile=3 begin=12288 elements=8192 matched_ratio=0.858276367
TILE_DIAG tile=4 begin=16384 elements=2 matched_ratio=1.000000000
MISMATCH idx=0 row=0 col=0 actual=0.563858569 golden=0.807561072 abs_error=0.243702503 allowed=0.000803892648
MISMATCH idx=1 row=0 col=1 actual=-0.219735473 golden=-0.138519561 abs_error=0.0812159122 allowed=0.000150531798
MISMATCH idx=2 row=0 col=2 actual=0.252240628 golden=0.251284144 abs_error=0.000956484277 allowed=0.000260653461
MISMATCH idx=3 row=0 col=3 actual=0.145335764 golden=0.129423622 abs_error=0.0159121417 allowed=0.000141649045
MISMATCH idx=4 row=0 col=4 actual=-0.352559268 golden=-0.327405556 abs_error=0.0251537128 allowed=0.000334990777
MISMATCH idx=5 row=0 col=5 actual=-0.836034775 golden=-1.0354729 abs_error=0.199438128 allowed=0.0010264628
MISMATCH idx=6 row=0 col=6 actual=0.377386242 golden=0.440040697 abs_error=0.0626544545 allowed=0.000444986032
MISMATCH idx=7 row=0 col=7 actual=-0.406869978 golden=-0.426901542 abs_error=0.0200315638 allowed=0.000432154826
MISMATCH idx=8 row=0 col=8 actual=0.37525636 golden=0.660301299 abs_error=0.28504494 allowed=0.000660084277
MISMATCH idx=9 row=0 col=9 actual=1.67728376 golden=2.56469955 abs_error=0.887415786 allowed=0.00251984819
MISMATCH idx=10 row=0 col=10 actual=-0.647842169 golden=-1.10992923 abs_error=0.462087057 allowed=0.00109917405
MISMATCH idx=11 row=0 col=11 actual=-0.543066263 golden=-0.417094916 abs_error=0.125971347 allowed=0.000422578043
ROW_DIAG row=0 matched_ratio=0.196704303 max_abs=2.18673863 max_abs_col=11096 actual=1.06590331 golden=3.25264193
ROW_DIAG row=1 matched_ratio=0.242844065 max_abs=2.19517557 max_abs_col=5805 actual=3.2074821 golden=1.01230653
VALUE_DIAG row=0 col=0 x=0.0428805351 residual=0.745854497 gamma=1.2435503 bias=0.0491976738 actual=0.563858569 golden=0.807561072 observed_scale=0.524718871 expected_scale=0.773184032
VALUE_DIAG row=0 col=1 x=-0.511268377 residual=0.153589249 gamma=0.737555146 bias=0.0654526353 actual=-0.219735473 golden=-0.138519561 observed_scale=1.08104387 expected_scale=0.773184032
VALUE_DIAG row=0 col=7 x=-1.33868945 residual=0.809882283 gamma=1.23915589 bias=0.0797462463 actual=-0.406869978 golden=-0.426901542 observed_scale=0.742614304 expected_scale=0.773184032
VALUE_DIAG row=0 col=8 x=0.130155802 residual=0.640361667 gamma=1.18010354 bias=-0.0427475125 actual=0.37525636 golden=0.660301299 observed_scale=0.459703386 expected_scale=0.773184032
VALUE_DIAG row=0 col=1023 x=0.602937698 residual=-0.175518751 gamma=1.16115344 bias=0.0402468443 actual=0.39332059 golden=0.42397729 observed_scale=0.711413404 expected_scale=0.773184032
VALUE_DIAG row=0 col=1024 x=-1.06079602 residual=-0.87100935 gamma=1.20851254 bias=0.0492808223 actual=-1.83849478 golden=-1.75580314 observed_scale=0.808603908 expected_scale=0.773184032
VALUE_DIAG row=0 col=4095 x=0.249021769 residual=0.328373551 gamma=1.40789068 bias=0.242028862 actual=0.642215669 golden=0.870557498 observed_scale=0.492289502 expected_scale=0.773184032
VALUE_DIAG row=0 col=4096 x=-1.62051475 residual=-0.409667194 gamma=0.843931437 bias=0.220402002 actual=-1.34488881 golden=-1.10432077 observed_scale=0.913593334 expected_scale=0.773184032
VALUE_DIAG row=0 col=4103 x=1.48382878 residual=0.924491286 gamma=1.19016278 bias=0.0789889395 actual=1.89387608 golden=2.29516084 observed_scale=0.633182751 expected_scale=0.773184032
VALUE_DIAG row=0 col=8191 x=-1.25492883 residual=-0.636782825 gamma=0.896409869 bias=-0.205480352 actual=-2.21821833 golden=-1.5166064 observed_scale=1.18693151 expected_scale=0.773184032
VALUE_DIAG row=0 col=8192 x=0.0929670334 residual=0.00847518444 gamma=0.928275108 bias=-0.155724421 actual=-0.0671671331 golden=-0.0829165527 observed_scale=0.940435182 expected_scale=0.773184032
VALUE_DIAG row=0 col=16383 x=1.50531983 residual=0.43497324 gamma=1.37609816 bias=0.213618755 actual=1.87398636 golden=2.27804619 observed_scale=0.621852674 expected_scale=0.773184032
VALUE_DIAG row=0 col=16384 x=0.0807492733 residual=-0.114480615 gamma=1.29082704 bias=-0.168411225 actual=-0.202076688 golden=-0.202076684 observed_scale=0.77318413 expected_scale=0.773184032
VALUE_DIAG row=1 col=0 x=-1.18513966 residual=-0.560341716 gamma=1.2435503 bias=0.0491976738 actual=-1.29584646 golden=-1.63079566 observed_scale=0.619666417 expected_scale=0.773978656
VALUE_DIAG row=1 col=1 x=0.764485836 residual=0.336373806 gamma=0.737555146 bias=0.0654526353 actual=1.02455568 golden=0.693880499 observed_scale=1.18124184 expected_scale=0.773978656
VALUE_DIAG row=1 col=7 x=0.792471409 residual=0.580408692 gamma=1.23915589 bias=0.0797462463 actual=1.01745141 golden=1.39644838 observed_scale=0.551198149 expected_scale=0.773978656
VALUE_DIAG row=1 col=8 x=-1.82694399 residual=0.139567256 gamma=1.18010354 bias=-0.0427475125 actual=-0.693872571 golden=-1.58395516 observed_scale=0.326988319 expected_scale=0.773978656
VALUE_DIAG row=1 col=1023 x=1.10318851 residual=0.883449316 gamma=1.16115344 bias=0.0402468443 actual=1.66250706 golden=1.82565411 observed_scale=0.703253989 expected_scale=0.773978656
VALUE_DIAG row=1 col=1024 x=0.909840822 residual=0.808628917 gamma=1.20851254 bias=0.0492808223 actual=1.65282369 golden=1.65667369 observed_scale=0.772124835 expected_scale=0.773978656
VALUE_DIAG row=1 col=4095 x=0.0738639832 residual=0.210346341 gamma=1.40789068 bias=0.242028862 actual=0.439214587 golden=0.551726411 observed_scale=0.492795449 expected_scale=0.773978656
VALUE_DIAG row=1 col=4096 x=0.216989994 residual=-0.172637939 gamma=0.843931437 bias=0.220402002 actual=0.156539559 golden=0.249372096 observed_scale=-1.70617911 expected_scale=0.773978656
VALUE_DIAG row=1 col=4103 x=0.358501196 residual=-0.31529963 gamma=1.19016278 bias=0.0789889395 actual=0.0749372095 golden=0.118784519 observed_scale=-0.0788015301 expected_scale=0.773978656
VALUE_DIAG row=1 col=8191 x=-0.241151571 residual=-0.589974403 gamma=0.896409869 bias=-0.205480352 actual=-0.671589077 golden=-0.782117303 observed_scale=0.6256245 expected_scale=0.773978656
VALUE_DIAG row=1 col=8192 x=-0.302517653 residual=-0.751748562 gamma=0.928275108 bias=-0.155724421 actual=-1.22169971 golden=-0.913177924 observed_scale=1.08923138 expected_scale=0.773978656
VALUE_DIAG row=1 col=16383 x=0.408378363 residual=-0.815535069 gamma=1.37609816 bias=0.213618755 actual=-0.220031857 golden=-0.220031882 observed_scale=0.773978612 expected_scale=0.773978656
VALUE_DIAG row=1 col=16384 x=1.95579219 residual=-0.477767766 gamma=1.29082704 bias=-0.168411225 actual=1.30824244 golden=1.30824244 observed_scale=0.773978625 expected_scale=0.773978656
CASE dtype=fp16 rows=2 width=16385 matched_ratio=1.000000000 max_abs=0.00330475314 first_actual=-0.825195312 first_golden=-0.824636699 first_bad_idx=32770 max_abs_idx=16023 status=PASS
CASE dtype=bf16 rows=2 width=16385 matched_ratio=1.000000000 max_abs=0.00780626815 first_actual=0.228515625 first_golden=0.228983393 first_bad_idx=32770 max_abs_idx=20383 status=PASS
CASE dtype=fp32 rows=1 width=32768 matched_ratio=0.126495361 max_abs=2.13813484 first_actual=0.448312104 first_golden=0.949928801 first_bad_idx=0 max_abs_idx=17915 status=FAIL
TILE_DIAG tile=0 begin=0 elements=4096 matched_ratio=0.002929688
TILE_DIAG tile=1 begin=4096 elements=4096 matched_ratio=0.001708984
TILE_DIAG tile=2 begin=8192 elements=4096 matched_ratio=0.000976562
TILE_DIAG tile=3 begin=12288 elements=4096 matched_ratio=0.001220703
TILE_DIAG tile=4 begin=16384 elements=4096 matched_ratio=0.002685547
TILE_DIAG tile=5 begin=20480 elements=4096 matched_ratio=0.000488281
TILE_DIAG tile=6 begin=24576 elements=4096 matched_ratio=0.001953125
TILE_DIAG tile=7 begin=28672 elements=4096 matched_ratio=1.000000000
MISMATCH idx=0 row=0 col=0 actual=0.448312104 golden=0.949928801 abs_error=0.501616697 allowed=0.000942923634
MISMATCH idx=1 row=0 col=1 actual=0.132116795 golden=0.14939758 abs_error=0.0172807859 allowed=0.000161154864
MISMATCH idx=2 row=0 col=2 actual=-2.45541787 golden=-1.2394696 abs_error=1.21594827 allowed=0.00122567832
MISMATCH idx=3 row=0 col=3 actual=0.262884259 golden=0.456210462 abs_error=0.193326203 allowed=0.000460776819
MISMATCH idx=4 row=0 col=4 actual=1.29035699 golden=0.913819367 abs_error=0.376537627 allowed=0.000907660515
MISMATCH idx=5 row=0 col=5 actual=-1.52706742 golden=-0.968240413 abs_error=0.55882701 allowed=0.000960806068
MISMATCH idx=6 row=0 col=6 actual=1.15289187 golden=1.56197278 abs_error=0.40908091 allowed=0.00154062284
MISMATCH idx=7 row=0 col=7 actual=1.63563859 golden=0.673032974 abs_error=0.962605621 allowed=0.000672517553
MISMATCH idx=8 row=0 col=8 actual=-0.743645549 golden=-0.610636897 abs_error=0.133008652 allowed=0.000611583883
MISMATCH idx=9 row=0 col=9 actual=-0.553036094 golden=0.0183290867 abs_error=0.57136518 allowed=3.31582878e-05
MISMATCH idx=10 row=0 col=10 actual=-0.548742533 golden=-0.802602507 abs_error=0.253859974 allowed=0.0007990503
MISMATCH idx=11 row=0 col=11 actual=0.581564486 golden=0.658845083 abs_error=0.077280597 allowed=0.000658662191
ROW_DIAG row=0 matched_ratio=0.126495361 max_abs=2.13813484 max_abs_col=17915 actual=-0.884391844 golden=-3.02252668
VALUE_DIAG row=0 col=0 x=0.177213669 residual=0.89884305 gamma=1.3868711 bias=-0.204578742 actual=0.448312104 golden=0.949928801 observed_scale=0.437491196 expected_scale=0.773616124
VALUE_DIAG row=0 col=1 x=1.07082653 residual=-0.753474653 gamma=0.986558914 bias=-0.092811048 actual=0.132116795 golden=0.14939758 observed_scale=0.718421168 expected_scale=0.773616124
VALUE_DIAG row=0 col=7 x=1.50622344 residual=0.223767638 gamma=0.673793375 bias=-0.228737712 actual=1.63563859 golden=0.673032974 observed_scale=1.59942167 expected_scale=0.773616124
VALUE_DIAG row=0 col=8 x=-1.28743649 residual=0.0669846535 gamma=0.7897861 bias=0.135048509 actual=-0.743645549 golden=-0.610636897 observed_scale=0.911606807 expected_scale=0.773616124
VALUE_DIAG row=0 col=1023 x=0.95633626 residual=0.118311286 gamma=0.714567065 bias=-0.0629162192 actual=0.710353613 golden=0.531149593 observed_scale=1.00698273 expected_scale=0.773616124
VALUE_DIAG row=0 col=1024 x=0.634634256 residual=0.430251241 gamma=0.998127401 bias=0.0405924618 actual=1.06975198 golden=0.862862382 observed_scale=0.968264041 expected_scale=0.773616124
VALUE_DIAG row=0 col=4095 x=1.2379756 residual=0.876415014 gamma=1.47183657 bias=-0.0390266329 actual=2.38391376 golden=2.36849569 observed_scale=0.778570455 expected_scale=0.773616124
VALUE_DIAG row=0 col=4096 x=1.68486452 residual=-0.737174213 gamma=0.661387622 bias=-0.0104896426 actual=1.10597944 golden=0.474405703 observed_scale=1.78124722 expected_scale=0.773616124
VALUE_DIAG row=0 col=4103 x=1.12259579 residual=-0.259061635 gamma=1.02102757 bias=0.118475527 actual=0.648710668 golden=0.800566809 observed_scale=0.601383519 expected_scale=0.773616124
VALUE_DIAG row=0 col=8191 x=-1.32392335 residual=0.437268496 gamma=1.46364355 bias=-0.0236087143 actual=-0.792243361 golden=-1.02756646 observed_scale=0.59228405 expected_scale=0.773616124
VALUE_DIAG row=0 col=8192 x=1.31294298 residual=-0.456516087 gamma=0.55114311 bias=0.124870658 actual=0.861773074 golden=0.490028131 observed_scale=1.56118835 expected_scale=0.773616124
VALUE_DIAG row=0 col=16383 x=1.20302439 residual=0.508964181 gamma=1.39702082 bias=-0.0284973532 actual=1.20274842 golden=1.8217477 observed_scale=0.514802935 expected_scale=0.773616124
VALUE_DIAG row=0 col=16384 x=-1.39060664 residual=-0.148180544 gamma=0.843743205 bias=-0.137686998 actual=-0.766541362 golden=-1.14210471 observed_scale=0.484352166 expected_scale=0.773616124
VALUE_DIAG row=0 col=32767 x=1.51916742 residual=0.943190694 gamma=1.14652157 bias=-0.0106258392 actual=2.17340589 golden=2.17340596 observed_scale=0.773616135 expected_scale=0.773616124
CASE dtype=fp16 rows=1 width=32768 matched_ratio=1.000000000 max_abs=0.00325961137 first_actual=-0.909667969 first_golden=-0.909847743 first_bad_idx=32768 max_abs_idx=1354 status=PASS
CASE dtype=bf16 rows=1 width=32768 matched_ratio=1.000000000 max_abs=0.00780421423 first_actual=1.0234375 first_golden=1.02677155 first_bad_idx=32768 max_abs_idx=22895 status=PASS
CASE dtype=fp32 rows=1 width=32769 matched_ratio=0.126186335 max_abs=2.28426506 first_actual=0.302523673 first_golden=0.23867471 first_bad_idx=0 max_abs_idx=20027 status=FAIL
TILE_DIAG tile=0 begin=0 elements=4096 matched_ratio=0.003662109
TILE_DIAG tile=1 begin=4096 elements=4096 matched_ratio=0.001220703
TILE_DIAG tile=2 begin=8192 elements=4096 matched_ratio=0.002441406
TILE_DIAG tile=3 begin=12288 elements=4096 matched_ratio=0.000976562
TILE_DIAG tile=4 begin=16384 elements=4096 matched_ratio=0.000976562
TILE_DIAG tile=5 begin=20480 elements=4096 matched_ratio=0.000732422
TILE_DIAG tile=6 begin=24576 elements=4096 matched_ratio=0.001220703
TILE_DIAG tile=7 begin=28672 elements=4096 matched_ratio=0.998046875
TILE_DIAG tile=8 begin=32768 elements=1 matched_ratio=1.000000000
MISMATCH idx=0 row=0 col=0 actual=0.302523673 golden=0.23867471 abs_error=0.0638489628 allowed=0.00024833956
MISMATCH idx=1 row=0 col=1 actual=0.015132457 golden=0.0292572148 abs_error=0.0141247577 allowed=4.38302878e-05
MISMATCH idx=2 row=0 col=2 actual=-1.51649225 golden=-1.13832876 abs_error=0.378163486 allowed=0.00112690797
MISMATCH idx=3 row=0 col=3 actual=-1.04769886 golden=-0.577979937 abs_error=0.469718918 allowed=0.000579692322
MISMATCH idx=4 row=0 col=4 actual=1.0280205 golden=2.82407017 abs_error=1.79604967 allowed=0.00277313981
MISMATCH idx=5 row=0 col=5 actual=0.291164458 golden=0.407130358 abs_error=0.1159659 allowed=0.000412847029
MISMATCH idx=6 row=0 col=6 actual=0.562803984 golden=0.4386213 abs_error=0.124182683 allowed=0.000443599903
MISMATCH idx=7 row=0 col=7 actual=1.08218277 golden=1.43246705 abs_error=0.350284283 allowed=0.00141415239
MISMATCH idx=8 row=0 col=8 actual=1.90292633 golden=1.21936453 abs_error=0.683561793 allowed=0.00120604447
MISMATCH idx=9 row=0 col=9 actual=-0.294364363 golden=-0.48498162 abs_error=0.190617257 allowed=0.000488873652
MISMATCH idx=10 row=0 col=10 actual=-0.458060563 golden=-0.58550991 abs_error=0.127449347 allowed=0.00058704581
MISMATCH idx=11 row=0 col=11 actual=-0.876500309 golden=-0.962931111 abs_error=0.0864308021 allowed=0.000955621202
ROW_DIAG row=0 matched_ratio=0.126186335 max_abs=2.28426506 max_abs_col=20027 actual=0.844737828 golden=3.12900288
VALUE_DIAG row=0 col=0 x=-0.74630332 residual=0.877141237 gamma=0.800472736 bias=0.157049 actual=0.302523673 golden=0.23867471 observed_scale=1.38901591 expected_scale=0.779375595
VALUE_DIAG row=0 col=1 x=0.851708412 residual=-0.949905694 gamma=1.08134365 bias=0.112015218 actual=0.015132457 golden=0.0292572148 observed_scale=0.91239586 expected_scale=0.779375595
VALUE_DIAG row=0 col=7 x=1.22883534 residual=0.968120337 gamma=0.737194896 bias=0.170202404 actual=1.08218277 golden=1.43246705 observed_scale=0.563095259 expected_scale=0.779375595
VALUE_DIAG row=0 col=8 x=1.37894869 residual=0.419213414 gamma=0.868953705 bias=0.00157487392 actual=1.90292633 golden=1.21936453 observed_scale=1.21684965 expected_scale=0.779375595
VALUE_DIAG row=0 col=1023 x=0.720421314 residual=-0.522762775 gamma=0.746407747 bias=-0.123930261 actual=0.0829478651 golden=-0.00894596698 observed_scale=1.40224162 expected_scale=0.779375595
VALUE_DIAG row=0 col=1024 x=-0.560136199 residual=0.133932114 gamma=1.20152044 bias=-0.0132875741 actual=-0.353080928 golden=-0.412400299 observed_scale=0.663538471 expected_scale=0.779375595
VALUE_DIAG row=0 col=4095 x=-1.45821238 residual=0.986116648 gamma=0.736135483 bias=-0.089808017 actual=-0.368691474 golden=-0.360661625 observed_scale=0.802481319 expected_scale=0.779375595
VALUE_DIAG row=0 col=4096 x=1.57154346 residual=0.975359917 gamma=1.31772041 bias=0.229617625 actual=2.06522942 golden=2.84528517 observed_scale=0.546946813 expected_scale=0.779375595
VALUE_DIAG row=0 col=4103 x=-0.57048738 residual=0.552022099 gamma=1.04988158 bias=-0.206730261 actual=0.063711673 golden=-0.221839516 observed_scale=-13.9501157 expected_scale=0.779375595
VALUE_DIAG row=0 col=8191 x=-1.05525422 residual=-0.471430123 gamma=0.757959366 bias=0.10000208 actual=-0.668005586 golden=-0.801863844 observed_scale=0.663697828 expected_scale=0.779375595
VALUE_DIAG row=0 col=8192 x=0.952594042 residual=-0.455736518 gamma=1.42661583 bias=0.139612675 actual=0.583183646 golden=0.692053433 observed_scale=0.625783642 expected_scale=0.779375595
VALUE_DIAG row=0 col=16383 x=-0.882284045 residual=0.779387832 gamma=1.31610346 bias=-0.018680647 actual=-0.246991575 golden=-0.124225298 observed_scale=1.68592121 expected_scale=0.779375595
VALUE_DIAG row=0 col=16384 x=1.24250984 residual=0.136763215 gamma=1.04349732 bias=0.0424620807 actual=1.75802863 golden=1.16419223 observed_scale=1.19197179 expected_scale=0.779375595
VALUE_DIAG row=0 col=32767 x=1.18879223 residual=-0.131373823 gamma=1.36754262 bias=0.131038487 actual=1.25806594 golden=1.25806606 observed_scale=0.779375558 expected_scale=0.779375595
VALUE_DIAG row=0 col=32768 x=-1.74396789 residual=-0.344011664 gamma=1.46089387 bias=0.187609106 actual=-2.18973279 golden=-2.18973316 observed_scale=0.779375475 expected_scale=0.779375595
CASE dtype=fp16 rows=1 width=32769 matched_ratio=1.000000000 max_abs=0.0036211656 first_actual=-0.343505859 first_golden=-0.343399353 first_bad_idx=32769 max_abs_idx=10922 status=PASS
CASE dtype=bf16 rows=1 width=32769 matched_ratio=1.000000000 max_abs=0.00780073154 first_actual=0.118652344 first_golden=0.11861669 first_bad_idx=32769 max_abs_idx=19343 status=PASS
SUMMARY suite=correctness cases=66 status=FAIL
