RUN_META device=7 vector_cores=40 suite=correctness epsilon=9.99999975e-06
CASE dtype=fp32 rows=1 width=1 matched_ratio=1.000000000 max_abs=8.76722832e-08 first_actual=-0.826728702 first_golden=-0.826728789 status=PASS
CASE dtype=fp16 rows=1 width=1 matched_ratio=1.000000000 max_abs=0.000250859846 first_actual=-0.650390625 first_golden=-0.650139765 status=PASS
CASE dtype=bf16 rows=1 width=1 matched_ratio=1.000000000 max_abs=0.00146754126 first_actual=1.1640625 first_golden=1.16259496 status=PASS
CASE dtype=fp32 rows=3 width=7 matched_ratio=1.000000000 max_abs=2.13945094e-07 first_actual=0.283689618 first_golden=0.283689631 status=PASS
CASE dtype=fp16 rows=3 width=7 matched_ratio=1.000000000 max_abs=0.000765282294 first_actual=-2.06835938 first_golden=-2.06912466 status=PASS
CASE dtype=bf16 rows=3 width=7 matched_ratio=1.000000000 max_abs=0.00348697506 first_actual=-1.59375 first_golden=-1.59414949 status=PASS
CASE dtype=fp32 rows=4 width=8 matched_ratio=1.000000000 max_abs=2.0874503e-07 first_actual=0.188554853 first_golden=0.188554846 status=PASS
CASE dtype=fp16 rows=4 width=8 matched_ratio=1.000000000 max_abs=0.00156274605 first_actual=0.288574219 first_golden=0.288418764 status=PASS
CASE dtype=bf16 rows=4 width=8 matched_ratio=1.000000000 max_abs=0.0031763232 first_actual=-1.1640625 first_golden=-1.16396198 status=PASS
CASE dtype=fp32 rows=8 width=15 matched_ratio=1.000000000 max_abs=4.87158797e-07 first_actual=-0.118456692 first_golden=-0.118456688 status=PASS
CASE dtype=fp16 rows=8 width=15 matched_ratio=1.000000000 max_abs=0.00135367141 first_actual=-1.04980469 first_golden=-1.05001246 status=PASS
CASE dtype=bf16 rows=8 width=15 matched_ratio=1.000000000 max_abs=0.00750568999 first_actual=0.2890625 first_golden=0.288119581 status=PASS
CASE dtype=fp32 rows=8 width=16 matched_ratio=1.000000000 max_abs=3.74970802e-07 first_actual=0.843647301 first_golden=0.843647256 status=PASS
CASE dtype=fp16 rows=8 width=16 matched_ratio=1.000000000 max_abs=0.00175110115 first_actual=0.736328125 first_golden=0.736355564 status=PASS
CASE dtype=bf16 rows=8 width=16 matched_ratio=1.000000000 max_abs=0.00752976007 first_actual=-0.296875 first_golden=-0.297746412 status=PASS
CASE dtype=fp32 rows=16 width=127 matched_ratio=1.000000000 max_abs=4.92704842e-07 first_actual=-0.925043523 first_golden=-0.925043607 status=PASS
CASE dtype=fp16 rows=16 width=127 matched_ratio=1.000000000 max_abs=0.00296686957 first_actual=-0.780273438 first_golden=-0.780152161 status=PASS
CASE dtype=bf16 rows=16 width=127 matched_ratio=1.000000000 max_abs=0.00779196453 first_actual=-0.291015625 first_golden=-0.290964368 status=PASS
CASE dtype=fp32 rows=16 width=128 matched_ratio=1.000000000 max_abs=4.87231288e-07 first_actual=1.524804 first_golden=1.52480392 status=PASS
CASE dtype=fp16 rows=16 width=128 matched_ratio=1.000000000 max_abs=0.00333291716 first_actual=-0.316162109 first_golden=-0.316355669 status=PASS
CASE dtype=bf16 rows=16 width=128 matched_ratio=1.000000000 max_abs=0.00778917935 first_actual=-0.154296875 first_golden=-0.154313865 status=PASS
CASE dtype=fp32 rows=16 width=129 matched_ratio=1.000000000 max_abs=4.58461596e-07 first_actual=-0.268973738 first_golden=-0.26897373 status=PASS
CASE dtype=fp16 rows=16 width=129 matched_ratio=1.000000000 max_abs=0.00252771302 first_actual=0.795410156 first_golden=0.795210311 status=PASS
CASE dtype=bf16 rows=16 width=129 matched_ratio=1.000000000 max_abs=0.00741419794 first_actual=-1.9140625 first_golden=-1.91693346 status=PASS
CASE dtype=fp32 rows=16 width=255 matched_ratio=1.000000000 max_abs=6.5981831e-07 first_actual=0.381409883 first_golden=0.381409947 status=PASS
CASE dtype=fp16 rows=16 width=255 matched_ratio=1.000000000 max_abs=0.00320164924 first_actual=1.67773438 first_golden=1.67792715 status=PASS
CASE dtype=bf16 rows=16 width=255 matched_ratio=1.000000000 max_abs=0.00781011453 first_actual=-2.859375 first_golden=-2.86003177 status=PASS
CASE dtype=fp32 rows=16 width=256 matched_ratio=1.000000000 max_abs=4.72456531e-07 first_actual=-0.705311298 first_golden=-0.705311383 status=PASS
CASE dtype=fp16 rows=16 width=256 matched_ratio=1.000000000 max_abs=0.00347681182 first_actual=-2.0078125 first_golden=-2.00707001 status=PASS
CASE dtype=bf16 rows=16 width=256 matched_ratio=1.000000000 max_abs=0.0077802916 first_actual=-0.64453125 first_golden=-0.646319343 status=PASS
CASE dtype=fp32 rows=16 width=257 matched_ratio=1.000000000 max_abs=5.24852581e-07 first_actual=1.57651734 first_golden=1.57651735 status=PASS
CASE dtype=fp16 rows=16 width=257 matched_ratio=1.000000000 max_abs=0.00376767752 first_actual=1.65917969 first_golden=1.6585587 status=PASS
CASE dtype=bf16 rows=16 width=257 matched_ratio=1.000000000 max_abs=0.00778271215 first_actual=-1.0703125 first_golden=-1.07391133 status=PASS
CASE dtype=fp32 rows=8 width=4095 matched_ratio=1.000000000 max_abs=7.1289794e-07 first_actual=-0.346274018 first_golden=-0.346273998 status=PASS
CASE dtype=fp16 rows=8 width=4095 matched_ratio=1.000000000 max_abs=0.00360277197 first_actual=-0.859375 first_golden=-0.859347797 status=PASS
CASE dtype=bf16 rows=8 width=4095 matched_ratio=1.000000000 max_abs=0.00781210552 first_actual=0.328125 first_golden=0.327648845 status=PASS
CASE dtype=fp32 rows=8 width=4096 matched_ratio=1.000000000 max_abs=8.93786755e-07 first_actual=-0.522137165 first_golden=-0.52213717 status=PASS
CASE dtype=fp16 rows=8 width=4096 matched_ratio=1.000000000 max_abs=0.00350473728 first_actual=0.05078125 first_golden=0.0507646459 status=PASS
CASE dtype=bf16 rows=8 width=4096 matched_ratio=1.000000000 max_abs=0.00780879889 first_actual=-0.7109375 first_golden=-0.709188977 status=PASS
CASE dtype=fp32 rows=8 width=4097 matched_ratio=1.000000000 max_abs=6.30152683e-07 first_actual=1.15521657 first_golden=1.15521667 status=PASS
CASE dtype=fp16 rows=8 width=4097 matched_ratio=1.000000000 max_abs=0.00339707248 first_actual=-0.1640625 first_golden=-0.164046254 status=PASS
CASE dtype=bf16 rows=8 width=4097 matched_ratio=1.000000000 max_abs=0.0078077009 first_actual=-1.0703125 first_golden=-1.06830717 status=PASS
CASE dtype=fp32 rows=4 width=8191 matched_ratio=1.000000000 max_abs=5.94602749e-07 first_actual=0.643176794 first_golden=0.643176781 status=PASS
CASE dtype=fp16 rows=4 width=8191 matched_ratio=1.000000000 max_abs=0.00335376767 first_actual=0.464111328 first_golden=0.464216197 status=PASS
CASE dtype=bf16 rows=4 width=8191 matched_ratio=1.000000000 max_abs=0.00780785802 first_actual=1.828125 first_golden=1.83060861 status=PASS
CASE dtype=fp32 rows=4 width=8192 matched_ratio=1.000000000 max_abs=5.97494201e-07 first_actual=0.941807032 first_golden=0.941807066 status=PASS
CASE dtype=fp16 rows=4 width=8192 matched_ratio=1.000000000 max_abs=0.00351499419 first_actual=-0.440185547 first_golden=-0.440318599 status=PASS
CASE dtype=bf16 rows=4 width=8192 matched_ratio=1.000000000 max_abs=0.00780281687 first_actual=-1.1171875 first_golden=-1.11912658 status=PASS
CASE dtype=fp32 rows=4 width=8193 matched_ratio=0.317008422 max_abs=2.08828576 first_actual=1.15396905 first_golden=1.67460977 status=FAIL
CASE dtype=fp16 rows=4 width=8193 matched_ratio=1.000000000 max_abs=0.00349239308 first_actual=0.242797852 first_golden=0.242687463 status=PASS
CASE dtype=bf16 rows=4 width=8193 matched_ratio=1.000000000 max_abs=0.00780874174 first_actual=0.5234375 first_golden=0.522446323 status=PASS
CASE dtype=fp32 rows=2 width=16383 matched_ratio=0.200360129 max_abs=2.34252235 first_actual=-2.49974775 first_golden=-1.15705378 status=FAIL
CASE dtype=fp16 rows=2 width=16383 matched_ratio=1.000000000 max_abs=0.00363484185 first_actual=0.468505859 first_golden=0.468358937 status=PASS
CASE dtype=bf16 rows=2 width=16383 matched_ratio=1.000000000 max_abs=0.00780823151 first_actual=1.2890625 first_golden=1.28881873 status=PASS
CASE dtype=fp32 rows=2 width=16384 matched_ratio=0.442596436 max_abs=2.15284708 first_actual=1.26097751 first_golden=1.26097774 status=FAIL
CASE dtype=fp16 rows=2 width=16384 matched_ratio=1.000000000 max_abs=0.00361881978 first_actual=-0.622070312 first_golden=-0.622067342 status=PASS
CASE dtype=bf16 rows=2 width=16384 matched_ratio=1.000000000 max_abs=0.00780967573 first_actual=0.35546875 first_golden=0.355780822 status=PASS
CASE dtype=fp32 rows=2 width=16385 matched_ratio=0.302105584 max_abs=2.26609103 first_actual=0.735062897 first_golden=0.807561072 status=FAIL
CASE dtype=fp16 rows=2 width=16385 matched_ratio=1.000000000 max_abs=0.00330475314 first_actual=-0.825195312 first_golden=-0.824636699 status=PASS
CASE dtype=bf16 rows=2 width=16385 matched_ratio=1.000000000 max_abs=0.00780626815 first_actual=0.228515625 first_golden=0.228983393 status=PASS
CASE dtype=fp32 rows=1 width=32768 matched_ratio=0.095153809 max_abs=2.18647299 first_actual=0.254222989 first_golden=0.949928801 status=FAIL
CASE dtype=fp16 rows=1 width=32768 matched_ratio=1.000000000 max_abs=0.00325961137 first_actual=-0.909667969 first_golden=-0.909847743 status=PASS
CASE dtype=bf16 rows=1 width=32768 matched_ratio=1.000000000 max_abs=0.00780421423 first_actual=1.0234375 first_golden=1.02677155 status=PASS
CASE dtype=fp32 rows=1 width=32769 matched_ratio=0.125850652 max_abs=2.28426506 first_actual=-0.062751621 first_golden=0.23867471 status=FAIL
CASE dtype=fp16 rows=1 width=32769 matched_ratio=1.000000000 max_abs=0.0036211656 first_actual=-0.343505859 first_golden=-0.343399353 status=PASS
CASE dtype=bf16 rows=1 width=32769 matched_ratio=1.000000000 max_abs=0.00780073154 first_actual=0.118652344 first_golden=0.11861669 status=PASS
SUMMARY suite=correctness cases=66 status=FAIL
