RUN_META device=7 vector_cores=40 suite=correctness epsilon=9.99999975e-06
CASE dtype=fp32 rows=1 width=1 matched_ratio=0.000000000 max_abs=0.826728789 first_actual=0 first_golden=-0.826728789 status=FAIL
CASE dtype=fp16 rows=1 width=1 matched_ratio=0.000000000 max_abs=0.650139765 first_actual=0 first_golden=-0.650139765 status=FAIL
CASE dtype=bf16 rows=1 width=1 matched_ratio=0.000000000 max_abs=1.16259496 first_actual=0 first_golden=1.16259496 status=FAIL
CASE dtype=fp32 rows=3 width=7 matched_ratio=0.000000000 max_abs=2.33987162 first_actual=0 first_golden=0.283689631 status=FAIL
CASE dtype=fp16 rows=3 width=7 matched_ratio=0.000000000 max_abs=2.06912466 first_actual=0 first_golden=-2.06912466 status=FAIL
CASE dtype=bf16 rows=3 width=7 matched_ratio=0.000000000 max_abs=1.92069838 first_actual=0 first_golden=-1.59414949 status=FAIL
CASE dtype=fp32 rows=4 width=8 matched_ratio=0.000000000 max_abs=2.6075905 first_actual=0 first_golden=0.188554846 status=FAIL
CASE dtype=fp16 rows=4 width=8 matched_ratio=0.000000000 max_abs=3.16054663 first_actual=0 first_golden=0.288418764 status=FAIL
CASE dtype=bf16 rows=4 width=8 matched_ratio=0.062500000 max_abs=2.42449964 first_actual=0 first_golden=-1.16396198 status=FAIL
CASE dtype=fp32 rows=8 width=15 matched_ratio=0.000000000 max_abs=2.92831803 first_actual=0 first_golden=-0.118456688 status=FAIL
CASE dtype=fp16 rows=8 width=15 matched_ratio=0.000000000 max_abs=2.2458081 first_actual=0 first_golden=-1.05001246 status=FAIL
CASE dtype=bf16 rows=8 width=15 matched_ratio=0.008333333 max_abs=2.89962265 first_actual=0 first_golden=0.288119581 status=FAIL
CASE dtype=fp32 rows=8 width=16 matched_ratio=0.000000000 max_abs=4.11015511 first_actual=0 first_golden=0.843647256 status=FAIL
CASE dtype=fp16 rows=8 width=16 matched_ratio=0.000000000 max_abs=2.87856147 first_actual=0 first_golden=0.736355564 status=FAIL
CASE dtype=bf16 rows=8 width=16 matched_ratio=0.015625000 max_abs=3.19268313 first_actual=0 first_golden=-0.297746412 status=FAIL
CASE dtype=fp32 rows=16 width=127 matched_ratio=0.000000000 max_abs=3.27376776 first_actual=0 first_golden=-0.925043607 status=FAIL
CASE dtype=fp16 rows=16 width=127 matched_ratio=0.001476378 max_abs=3.40157548 first_actual=0 first_golden=-0.780152161 status=FAIL
CASE dtype=bf16 rows=16 width=127 matched_ratio=0.007874016 max_abs=3.25941929 first_actual=0 first_golden=-0.290964368 status=FAIL
CASE dtype=fp32 rows=16 width=128 matched_ratio=0.000000000 max_abs=3.43895447 first_actual=0 first_golden=1.52480392 status=FAIL
CASE dtype=fp16 rows=16 width=128 matched_ratio=0.000488281 max_abs=3.23105062 first_actual=0 first_golden=-0.316355669 status=FAIL
CASE dtype=bf16 rows=16 width=128 matched_ratio=0.011718750 max_abs=3.59326939 first_actual=0 first_golden=-0.154313865 status=FAIL
CASE dtype=fp32 rows=16 width=129 matched_ratio=0.000000000 max_abs=3.38005948 first_actual=0 first_golden=-0.26897373 status=FAIL
CASE dtype=fp16 rows=16 width=129 matched_ratio=0.000968992 max_abs=3.45907375 first_actual=0 first_golden=0.795210311 status=FAIL
CASE dtype=bf16 rows=16 width=129 matched_ratio=0.013565891 max_abs=3.24454773 first_actual=0 first_golden=-1.91693346 status=FAIL
CASE dtype=fp32 rows=16 width=255 matched_ratio=0.000000000 max_abs=3.35333436 first_actual=0 first_golden=0.381409947 status=FAIL
CASE dtype=fp16 rows=16 width=255 matched_ratio=0.001715686 max_abs=3.4001733 first_actual=0 first_golden=1.67792715 status=FAIL
CASE dtype=bf16 rows=16 width=255 matched_ratio=0.009558824 max_abs=3.39977186 first_actual=0 first_golden=-2.86003177 status=FAIL
CASE dtype=fp32 rows=16 width=256 matched_ratio=0.000000000 max_abs=3.47842506 first_actual=0 first_golden=-0.705311383 status=FAIL
CASE dtype=fp16 rows=16 width=256 matched_ratio=0.001953125 max_abs=3.34809019 first_actual=0 first_golden=-2.00707001 status=FAIL
CASE dtype=bf16 rows=16 width=256 matched_ratio=0.013671875 max_abs=3.45176618 first_actual=0 first_golden=-0.646319343 status=FAIL
CASE dtype=fp32 rows=16 width=257 matched_ratio=0.000000000 max_abs=3.26749956 first_actual=0 first_golden=1.57651735 status=FAIL
CASE dtype=fp16 rows=16 width=257 matched_ratio=0.000972763 max_abs=3.28919465 first_actual=0 first_golden=1.6585587 status=FAIL
CASE dtype=bf16 rows=16 width=257 matched_ratio=0.011916342 max_abs=3.31064288 first_actual=0 first_golden=-1.07391133 status=FAIL
CASE dtype=fp32 rows=8 width=4095 matched_ratio=0.000000000 max_abs=3.52743623 first_actual=0 first_golden=-0.346273998 status=FAIL
CASE dtype=fp16 rows=8 width=4095 matched_ratio=0.001495726 max_abs=3.49644993 first_actual=0 first_golden=-0.859347797 status=FAIL
CASE dtype=bf16 rows=8 width=4095 matched_ratio=0.010714286 max_abs=3.50918183 first_actual=0 first_golden=0.327648845 status=FAIL
CASE dtype=fp32 rows=8 width=4096 matched_ratio=0.000030518 max_abs=3.4129545 first_actual=0 first_golden=-0.52213717 status=FAIL
CASE dtype=fp16 rows=8 width=4096 matched_ratio=0.001251221 max_abs=3.46711641 first_actual=0 first_golden=0.0507646459 status=FAIL
CASE dtype=bf16 rows=8 width=4096 matched_ratio=0.011474609 max_abs=3.52680578 first_actual=0 first_golden=-0.709188977 status=FAIL
CASE dtype=fp32 rows=8 width=4097 matched_ratio=0.000000000 max_abs=3.56314328 first_actual=0 first_golden=1.15521667 status=FAIL
CASE dtype=fp16 rows=8 width=4097 matched_ratio=0.001494996 max_abs=3.44856789 first_actual=0 first_golden=-0.164046254 status=FAIL
CASE dtype=bf16 rows=8 width=4097 matched_ratio=0.011197217 max_abs=3.52489775 first_actual=0 first_golden=-1.06830717 status=FAIL
CASE dtype=fp32 rows=4 width=8191 matched_ratio=0.000030521 max_abs=3.52936 first_actual=0 first_golden=0.643176781 status=FAIL
CASE dtype=fp16 rows=4 width=8191 matched_ratio=0.001526065 max_abs=3.57589663 first_actual=0 first_golden=0.464216197 status=FAIL
CASE dtype=bf16 rows=4 width=8191 matched_ratio=0.011353925 max_abs=3.42570404 first_actual=0 first_golden=1.83060861 status=FAIL
CASE dtype=fp32 rows=4 width=8192 matched_ratio=0.000000000 max_abs=3.52051917 first_actual=0 first_golden=0.941807066 status=FAIL
CASE dtype=fp16 rows=4 width=8192 matched_ratio=0.001312256 max_abs=3.62110371 first_actual=0 first_golden=-0.440318599 status=FAIL
CASE dtype=bf16 rows=4 width=8192 matched_ratio=0.010742188 max_abs=3.39284364 first_actual=0 first_golden=-1.11912658 status=FAIL
CASE dtype=fp32 rows=4 width=8193 matched_ratio=0.000000000 max_abs=3.4106515 first_actual=0 first_golden=1.67460977 status=FAIL
CASE dtype=fp16 rows=4 width=8193 matched_ratio=0.001464665 max_abs=3.43193421 first_actual=0 first_golden=0.242687463 status=FAIL
CASE dtype=bf16 rows=4 width=8193 matched_ratio=0.011259612 max_abs=3.51122311 first_actual=0 first_golden=0.522446323 status=FAIL
CASE dtype=fp32 rows=2 width=16383 matched_ratio=0.000000000 max_abs=3.474798 first_actual=0 first_golden=-1.15705378 status=FAIL
CASE dtype=fp16 rows=2 width=16383 matched_ratio=0.001495453 max_abs=3.58081514 first_actual=0 first_golden=0.468358937 status=FAIL
CASE dtype=bf16 rows=2 width=16383 matched_ratio=0.010712324 max_abs=3.36782658 first_actual=0 first_golden=1.28881873 status=FAIL
CASE dtype=fp32 rows=2 width=16384 matched_ratio=0.000030518 max_abs=3.51420966 first_actual=0 first_golden=1.26097774 status=FAIL
CASE dtype=fp16 rows=2 width=16384 matched_ratio=0.001556396 max_abs=3.63449427 first_actual=0 first_golden=-0.622067342 status=FAIL
CASE dtype=bf16 rows=2 width=16384 matched_ratio=0.010833740 max_abs=3.51327866 first_actual=0 first_golden=0.355780822 status=FAIL
CASE dtype=fp32 rows=2 width=16385 matched_ratio=0.000000000 max_abs=3.54099661 first_actual=0 first_golden=0.807561072 status=FAIL
CASE dtype=fp16 rows=2 width=16385 matched_ratio=0.001007019 max_abs=3.5305858 first_actual=0 first_golden=-0.824636699 status=FAIL
CASE dtype=bf16 rows=2 width=16385 matched_ratio=0.011229783 max_abs=3.55286386 first_actual=0 first_golden=0.228983393 status=FAIL
CASE dtype=fp32 rows=1 width=32768 matched_ratio=0.000030518 max_abs=3.48260076 first_actual=0 first_golden=0.949928801 status=FAIL
CASE dtype=fp16 rows=1 width=32768 matched_ratio=0.001159668 max_abs=3.51466891 first_actual=0 first_golden=-0.909847743 status=FAIL
CASE dtype=bf16 rows=1 width=32768 matched_ratio=0.011047363 max_abs=3.61257791 first_actual=0 first_golden=1.02677155 status=FAIL
CASE dtype=fp32 rows=1 width=32769 matched_ratio=0.000030517 max_abs=3.43070795 first_actual=0 first_golden=0.23867471 status=FAIL
CASE dtype=fp16 rows=1 width=32769 matched_ratio=0.001403766 max_abs=3.58221374 first_actual=0 first_golden=-0.343399353 status=FAIL
CASE dtype=bf16 rows=1 width=32769 matched_ratio=0.010833410 max_abs=3.56214511 first_actual=0 first_golden=0.11861669 status=FAIL
SUMMARY suite=correctness cases=66 status=FAIL
