2026-09-19T05:33:46Z
9265f2e2aae10a1affe1659394ab9e54a4114d364bc90722280bd0a22dae38cb  kernel.asc
-- System processer: aarch64
-- CMAKE_ASC_COMPILER: /home/data4t2/lelinfeng/cann_game/.toolchains/cann-9.0/cann-9.0.0/bin/bisheng
-- ASCEND_CANN_PACKAGE_LINUX_PATH: /home/data4t2/lelinfeng/cann_game/.toolchains/cann-9.0/cann-9.0.0/aarch64-linux
-- CMAKE_ASC_LLD_LINKER: /home/data4t2/lelinfeng/cann_game/.toolchains/cann-9.0/cann-9.0.0/aarch64-linux/ccec_compiler/bin/ld.lld
-- The CXX compiler identification is GNU 11.4.0
-- Detecting CXX compiler ABI info
-- Detecting CXX compiler ABI info - done
-- Check for working CXX compiler: /usr/bin/c++ - skipped
-- Detecting CXX compile features
-- Detecting CXX compile features - done
-- Configuring done
-- Generating done
-- Build files have been written to: /home/data4t2/lelinfeng/cann/实验/FAST-BREADTH/lane-a/R003/V001/build
CMAKE_STATUS=0
[ 50%] Building ASC object CMakeFiles/add_rms_norm_bias_custom.dir/main.asc.o
In file included from /home/data4t2/lelinfeng/cann/实验/FAST-BREADTH/lane-a/R003/V001/main.asc:35:
/home/data4t2/lelinfeng/cann/实验/FAST-BREADTH/lane-a/R003/V001/kernel.asc:58:63: error: cast between floating and unsigned integer variable is not allowed in aicore function
            float rms = sqrtf(square_sum / static_cast<float>(dim_) + epsilon_);
                                                              ^
/home/data4t2/lelinfeng/cann/实验/FAST-BREADTH/lane-a/R003/V001/kernel.asc:197:9: error: no matching member function for call to 'MakeValue'
        MakeValue(value_float_.Get<float>(), x_local, residual_local, calc_len);
        ^~~~~~~~~
/home/data4t2/lelinfeng/cann/实验/FAST-BREADTH/lane-a/R003/V001/kernel.asc:178:13: note: in instantiation of member function '(anonymous namespace)::AddRmsNormBiasKernel<half>::CopyAndReduce' requested here
            CopyAndReduce(base + offset, valid_len, AlignedLen(valid_len), total);
            ^
/home/data4t2/lelinfeng/cann/实验/FAST-BREADTH/lane-a/R003/V001/kernel.asc:57:32: note: in instantiation of member function '(anonymous namespace)::AddRmsNormBiasKernel<half>::ReduceRow' requested here
            float square_sum = ReduceRow(row);
                               ^
/home/data4t2/lelinfeng/cann/实验/FAST-BREADTH/lane-a/R003/V001/kernel.asc:287:12: note: in instantiation of member function '(anonymous namespace)::AddRmsNormBiasKernel<half>::Process' requested here
    kernel.Process();
           ^
/home/data4t2/lelinfeng/cann/实验/FAST-BREADTH/lane-a/R003/V001/kernel.asc:385:9: note: in instantiation of function template specialization '(anonymous namespace)::RunKernel<half>' requested here
        RunKernel<half>(x, residual, gamma, bias, output, outer, dim, epsilon);
        ^
/home/data4t2/lelinfeng/cann/实验/FAST-BREADTH/lane-a/R003/V001/kernel.asc:98:28: note: candidate function not viable: expects an lvalue for 1st argument
    __aicore__ inline void MakeValue(LocalTensor<float>& value,
                           ^
/home/data4t2/lelinfeng/cann/实验/FAST-BREADTH/lane-a/R003/V001/kernel.asc:90:28: note: candidate function not viable: expects an lvalue for 1st argument
    __aicore__ inline void MakeValue(LocalTensor<float>& value,
                           ^
/home/data4t2/lelinfeng/cann/实验/FAST-BREADTH/lane-a/R003/V001/kernel.asc:108:28: note: candidate function not viable: expects an lvalue for 1st argument
    __aicore__ inline void MakeValue(LocalTensor<float>& value,
                           ^
/home/data4t2/lelinfeng/cann/实验/FAST-BREADTH/lane-a/R003/V001/kernel.asc:239:13: error: no matching member function for call to 'MakeValue'
            MakeValue(value_float_.Get<float>(), x_local, residual_local, calc_len);
            ^~~~~~~~~
/home/data4t2/lelinfeng/cann/实验/FAST-BREADTH/lane-a/R003/V001/kernel.asc:59:13: note: in instantiation of member function '(anonymous namespace)::AddRmsNormBiasKernel<half>::NormalizeRow' requested here
            NormalizeRow(row, 1.0f / rms);
            ^
/home/data4t2/lelinfeng/cann/实验/FAST-BREADTH/lane-a/R003/V001/kernel.asc:287:12: note: in instantiation of member function '(anonymous namespace)::AddRmsNormBiasKernel<half>::Process' requested here
    kernel.Process();
           ^
/home/data4t2/lelinfeng/cann/实验/FAST-BREADTH/lane-a/R003/V001/kernel.asc:385:9: note: in instantiation of function template specialization '(anonymous namespace)::RunKernel<half>' requested here
        RunKernel<half>(x, residual, gamma, bias, output, outer, dim, epsilon);
        ^
/home/data4t2/lelinfeng/cann/实验/FAST-BREADTH/lane-a/R003/V001/kernel.asc:98:28: note: candidate function not viable: expects an lvalue for 1st argument
    __aicore__ inline void MakeValue(LocalTensor<float>& value,
                           ^
/home/data4t2/lelinfeng/cann/实验/FAST-BREADTH/lane-a/R003/V001/kernel.asc:90:28: note: candidate function not viable: expects an lvalue for 1st argument
    __aicore__ inline void MakeValue(LocalTensor<float>& value,
                           ^
/home/data4t2/lelinfeng/cann/实验/FAST-BREADTH/lane-a/R003/V001/kernel.asc:108:28: note: candidate function not viable: expects an lvalue for 1st argument
    __aicore__ inline void MakeValue(LocalTensor<float>& value,
                           ^
/home/data4t2/lelinfeng/cann/实验/FAST-BREADTH/lane-a/R003/V001/kernel.asc:241:13: error: no matching member function for call to 'ApplyAffine'
            ApplyAffine(value_float_.Get<float>(), gamma_local, bias_local, calc_len);
            ^~~~~~~~~~~
/home/data4t2/lelinfeng/cann/实验/FAST-BREADTH/lane-a/R003/V001/kernel.asc:127:28: note: candidate function not viable: expects an lvalue for 1st argument
    __aicore__ inline void ApplyAffine(LocalTensor<float>& value,
                           ^
/home/data4t2/lelinfeng/cann/实验/FAST-BREADTH/lane-a/R003/V001/kernel.asc:118:28: note: candidate function not viable: expects an lvalue for 1st argument
    __aicore__ inline void ApplyAffine(LocalTensor<float>& value,
                           ^
/home/data4t2/lelinfeng/cann/实验/FAST-BREADTH/lane-a/R003/V001/kernel.asc:138:28: note: candidate function not viable: expects an lvalue for 1st argument
    __aicore__ inline void ApplyAffine(LocalTensor<float>& value,
                           ^
/home/data4t2/lelinfeng/cann/实验/FAST-BREADTH/lane-a/R003/V001/kernel.asc:197:9: error: no matching member function for call to 'MakeValue'
        MakeValue(value_float_.Get<float>(), x_local, residual_local, calc_len);
        ^~~~~~~~~
/home/data4t2/lelinfeng/cann/实验/FAST-BREADTH/lane-a/R003/V001/kernel.asc:178:13: note: in instantiation of member function '(anonymous namespace)::AddRmsNormBiasKernel<__bf16>::CopyAndReduce' requested here
            CopyAndReduce(base + offset, valid_len, AlignedLen(valid_len), total);
            ^
/home/data4t2/lelinfeng/cann/实验/FAST-BREADTH/lane-a/R003/V001/kernel.asc:57:32: note: in instantiation of member function '(anonymous namespace)::AddRmsNormBiasKernel<__bf16>::ReduceRow' requested here
            float square_sum = ReduceRow(row);
                               ^
/home/data4t2/lelinfeng/cann/实验/FAST-BREADTH/lane-a/R003/V001/kernel.asc:287:12: note: in instantiation of member function '(anonymous namespace)::AddRmsNormBiasKernel<__bf16>::Process' requested here
    kernel.Process();
           ^
/home/data4t2/lelinfeng/cann/实验/FAST-BREADTH/lane-a/R003/V001/kernel.asc:387:9: note: in instantiation of function template specialization '(anonymous namespace)::RunKernel<__bf16>' requested here
        RunKernel<bfloat16_t>(x, residual, gamma, bias, output, outer, dim, epsilon);
        ^
/home/data4t2/lelinfeng/cann/实验/FAST-BREADTH/lane-a/R003/V001/kernel.asc:108:28: note: candidate function not viable: expects an lvalue for 1st argument
    __aicore__ inline void MakeValue(LocalTensor<float>& value,
                           ^
/home/data4t2/lelinfeng/cann/实验/FAST-BREADTH/lane-a/R003/V001/kernel.asc:90:28: note: candidate function not viable: expects an lvalue for 1st argument
    __aicore__ inline void MakeValue(LocalTensor<float>& value,
                           ^
/home/data4t2/lelinfeng/cann/实验/FAST-BREADTH/lane-a/R003/V001/kernel.asc:98:28: note: candidate function not viable: expects an lvalue for 1st argument
    __aicore__ inline void MakeValue(LocalTensor<float>& value,
                           ^
/home/data4t2/lelinfeng/cann/实验/FAST-BREADTH/lane-a/R003/V001/kernel.asc:239:13: error: no matching member function for call to 'MakeValue'
            MakeValue(value_float_.Get<float>(), x_local, residual_local, calc_len);
            ^~~~~~~~~
/home/data4t2/lelinfeng/cann/实验/FAST-BREADTH/lane-a/R003/V001/kernel.asc:59:13: note: in instantiation of member function '(anonymous namespace)::AddRmsNormBiasKernel<__bf16>::NormalizeRow' requested here
            NormalizeRow(row, 1.0f / rms);
            ^
/home/data4t2/lelinfeng/cann/实验/FAST-BREADTH/lane-a/R003/V001/kernel.asc:287:12: note: in instantiation of member function '(anonymous namespace)::AddRmsNormBiasKernel<__bf16>::Process' requested here
    kernel.Process();
           ^
/home/data4t2/lelinfeng/cann/实验/FAST-BREADTH/lane-a/R003/V001/kernel.asc:387:9: note: in instantiation of function template specialization '(anonymous namespace)::RunKernel<__bf16>' requested here
        RunKernel<bfloat16_t>(x, residual, gamma, bias, output, outer, dim, epsilon);
        ^
/home/data4t2/lelinfeng/cann/实验/FAST-BREADTH/lane-a/R003/V001/kernel.asc:108:28: note: candidate function not viable: expects an lvalue for 1st argument
    __aicore__ inline void MakeValue(LocalTensor<float>& value,
                           ^
/home/data4t2/lelinfeng/cann/实验/FAST-BREADTH/lane-a/R003/V001/kernel.asc:90:28: note: candidate function not viable: expects an lvalue for 1st argument
    __aicore__ inline void MakeValue(LocalTensor<float>& value,
                           ^
/home/data4t2/lelinfeng/cann/实验/FAST-BREADTH/lane-a/R003/V001/kernel.asc:98:28: note: candidate function not viable: expects an lvalue for 1st argument
    __aicore__ inline void MakeValue(LocalTensor<float>& value,
                           ^
/home/data4t2/lelinfeng/cann/实验/FAST-BREADTH/lane-a/R003/V001/kernel.asc:241:13: error: no matching member function for call to 'ApplyAffine'
            ApplyAffine(value_float_.Get<float>(), gamma_local, bias_local, calc_len);
            ^~~~~~~~~~~
/home/data4t2/lelinfeng/cann/实验/FAST-BREADTH/lane-a/R003/V001/kernel.asc:138:28: note: candidate function not viable: expects an lvalue for 1st argument
    __aicore__ inline void ApplyAffine(LocalTensor<float>& value,
                           ^
/home/data4t2/lelinfeng/cann/实验/FAST-BREADTH/lane-a/R003/V001/kernel.asc:118:28: note: candidate function not viable: expects an lvalue for 1st argument
    __aicore__ inline void ApplyAffine(LocalTensor<float>& value,
                           ^
/home/data4t2/lelinfeng/cann/实验/FAST-BREADTH/lane-a/R003/V001/kernel.asc:127:28: note: candidate function not viable: expects an lvalue for 1st argument
    __aicore__ inline void ApplyAffine(LocalTensor<float>& value,
                           ^
/home/data4t2/lelinfeng/cann/实验/FAST-BREADTH/lane-a/R003/V001/kernel.asc:197:9: error: no matching member function for call to 'MakeValue'
        MakeValue(value_float_.Get<float>(), x_local, residual_local, calc_len);
        ^~~~~~~~~
/home/data4t2/lelinfeng/cann/实验/FAST-BREADTH/lane-a/R003/V001/kernel.asc:178:13: note: in instantiation of member function '(anonymous namespace)::AddRmsNormBiasKernel<float>::CopyAndReduce' requested here
            CopyAndReduce(base + offset, valid_len, AlignedLen(valid_len), total);
            ^
/home/data4t2/lelinfeng/cann/实验/FAST-BREADTH/lane-a/R003/V001/kernel.asc:57:32: note: in instantiation of member function '(anonymous namespace)::AddRmsNormBiasKernel<float>::ReduceRow' requested here
            float square_sum = ReduceRow(row);
                               ^
/home/data4t2/lelinfeng/cann/实验/FAST-BREADTH/lane-a/R003/V001/kernel.asc:287:12: note: in instantiation of member function '(anonymous namespace)::AddRmsNormBiasKernel<float>::Process' requested here
    kernel.Process();
           ^
/home/data4t2/lelinfeng/cann/实验/FAST-BREADTH/lane-a/R003/V001/kernel.asc:389:9: note: in instantiation of function template specialization '(anonymous namespace)::RunKernel<float>' requested here
        RunKernel<float>(x, residual, gamma, bias, output, outer, dim, epsilon);
        ^
/home/data4t2/lelinfeng/cann/实验/FAST-BREADTH/lane-a/R003/V001/kernel.asc:90:28: note: candidate function not viable: expects an lvalue for 1st argument
    __aicore__ inline void MakeValue(LocalTensor<float>& value,
                           ^
/home/data4t2/lelinfeng/cann/实验/FAST-BREADTH/lane-a/R003/V001/kernel.asc:98:28: note: candidate function not viable: expects an lvalue for 1st argument
    __aicore__ inline void MakeValue(LocalTensor<float>& value,
                           ^
/home/data4t2/lelinfeng/cann/实验/FAST-BREADTH/lane-a/R003/V001/kernel.asc:108:28: note: candidate function not viable: expects an lvalue for 1st argument
    __aicore__ inline void MakeValue(LocalTensor<float>& value,
                           ^
/home/data4t2/lelinfeng/cann/实验/FAST-BREADTH/lane-a/R003/V001/kernel.asc:239:13: error: no matching member function for call to 'MakeValue'
            MakeValue(value_float_.Get<float>(), x_local, residual_local, calc_len);
            ^~~~~~~~~
/home/data4t2/lelinfeng/cann/实验/FAST-BREADTH/lane-a/R003/V001/kernel.asc:59:13: note: in instantiation of member function '(anonymous namespace)::AddRmsNormBiasKernel<float>::NormalizeRow' requested here
            NormalizeRow(row, 1.0f / rms);
            ^
/home/data4t2/lelinfeng/cann/实验/FAST-BREADTH/lane-a/R003/V001/kernel.asc:287:12: note: in instantiation of member function '(anonymous namespace)::AddRmsNormBiasKernel<float>::Process' requested here
    kernel.Process();
           ^
/home/data4t2/lelinfeng/cann/实验/FAST-BREADTH/lane-a/R003/V001/kernel.asc:389:9: note: in instantiation of function template specialization '(anonymous namespace)::RunKernel<float>' requested here
        RunKernel<float>(x, residual, gamma, bias, output, outer, dim, epsilon);
        ^
/home/data4t2/lelinfeng/cann/实验/FAST-BREADTH/lane-a/R003/V001/kernel.asc:90:28: note: candidate function not viable: expects an lvalue for 1st argument
    __aicore__ inline void MakeValue(LocalTensor<float>& value,
                           ^
/home/data4t2/lelinfeng/cann/实验/FAST-BREADTH/lane-a/R003/V001/kernel.asc:98:28: note: candidate function not viable: expects an lvalue for 1st argument
    __aicore__ inline void MakeValue(LocalTensor<float>& value,
                           ^
/home/data4t2/lelinfeng/cann/实验/FAST-BREADTH/lane-a/R003/V001/kernel.asc:108:28: note: candidate function not viable: expects an lvalue for 1st argument
    __aicore__ inline void MakeValue(LocalTensor<float>& value,
                           ^
/home/data4t2/lelinfeng/cann/实验/FAST-BREADTH/lane-a/R003/V001/kernel.asc:241:13: error: no matching member function for call to 'ApplyAffine'
            ApplyAffine(value_float_.Get<float>(), gamma_local, bias_local, calc_len);
            ^~~~~~~~~~~
/home/data4t2/lelinfeng/cann/实验/FAST-BREADTH/lane-a/R003/V001/kernel.asc:118:28: note: candidate function not viable: expects an lvalue for 1st argument
    __aicore__ inline void ApplyAffine(LocalTensor<float>& value,
                           ^
/home/data4t2/lelinfeng/cann/实验/FAST-BREADTH/lane-a/R003/V001/kernel.asc:127:28: note: candidate function not viable: expects an lvalue for 1st argument
    __aicore__ inline void ApplyAffine(LocalTensor<float>& value,
                           ^
/home/data4t2/lelinfeng/cann/实验/FAST-BREADTH/lane-a/R003/V001/kernel.asc:138:28: note: candidate function not viable: expects an lvalue for 1st argument
    __aicore__ inline void ApplyAffine(LocalTensor<float>& value,
                           ^
10 errors generated.
In file included from /home/data4t2/lelinfeng/cann/实验/FAST-BREADTH/lane-a/R003/V001/main.asc:35:
/home/data4t2/lelinfeng/cann/实验/FAST-BREADTH/lane-a/R003/V001/kernel.asc:58:63: error: cast between floating and unsigned integer variable is not allowed in aicore function
            float rms = sqrtf(square_sum / static_cast<float>(dim_) + epsilon_);
                                                              ^
/home/data4t2/lelinfeng/cann/实验/FAST-BREADTH/lane-a/R003/V001/kernel.asc:197:9: error: no matching member function for call to 'MakeValue'
        MakeValue(value_float_.Get<float>(), x_local, residual_local, calc_len);
        ^~~~~~~~~
/home/data4t2/lelinfeng/cann/实验/FAST-BREADTH/lane-a/R003/V001/kernel.asc:178:13: note: in instantiation of member function '(anonymous namespace)::AddRmsNormBiasKernel<half>::CopyAndReduce' requested here
            CopyAndReduce(base + offset, valid_len, AlignedLen(valid_len), total);
            ^
/home/data4t2/lelinfeng/cann/实验/FAST-BREADTH/lane-a/R003/V001/kernel.asc:57:32: note: in instantiation of member function '(anonymous namespace)::AddRmsNormBiasKernel<half>::ReduceRow' requested here
            float square_sum = ReduceRow(row);
                               ^
/home/data4t2/lelinfeng/cann/实验/FAST-BREADTH/lane-a/R003/V001/kernel.asc:287:12: note: in instantiation of member function '(anonymous namespace)::AddRmsNormBiasKernel<half>::Process' requested here
    kernel.Process();
           ^
/home/data4t2/lelinfeng/cann/实验/FAST-BREADTH/lane-a/R003/V001/kernel.asc:385:9: note: in instantiation of function template specialization '(anonymous namespace)::RunKernel<half>' requested here
        RunKernel<half>(x, residual, gamma, bias, output, outer, dim, epsilon);
        ^
/home/data4t2/lelinfeng/cann/实验/FAST-BREADTH/lane-a/R003/V001/kernel.asc:98:28: note: candidate function not viable: expects an lvalue for 1st argument
    __aicore__ inline void MakeValue(LocalTensor<float>& value,
                           ^
/home/data4t2/lelinfeng/cann/实验/FAST-BREADTH/lane-a/R003/V001/kernel.asc:90:28: note: candidate function not viable: expects an lvalue for 1st argument
    __aicore__ inline void MakeValue(LocalTensor<float>& value,
                           ^
/home/data4t2/lelinfeng/cann/实验/FAST-BREADTH/lane-a/R003/V001/kernel.asc:108:28: note: candidate function not viable: expects an lvalue for 1st argument
    __aicore__ inline void MakeValue(LocalTensor<float>& value,
                           ^
/home/data4t2/lelinfeng/cann/实验/FAST-BREADTH/lane-a/R003/V001/kernel.asc:239:13: error: no matching member function for call to 'MakeValue'
            MakeValue(value_float_.Get<float>(), x_local, residual_local, calc_len);
            ^~~~~~~~~
/home/data4t2/lelinfeng/cann/实验/FAST-BREADTH/lane-a/R003/V001/kernel.asc:59:13: note: in instantiation of member function '(anonymous namespace)::AddRmsNormBiasKernel<half>::NormalizeRow' requested here
            NormalizeRow(row, 1.0f / rms);
            ^
/home/data4t2/lelinfeng/cann/实验/FAST-BREADTH/lane-a/R003/V001/kernel.asc:287:12: note: in instantiation of member function '(anonymous namespace)::AddRmsNormBiasKernel<half>::Process' requested here
    kernel.Process();
           ^
/home/data4t2/lelinfeng/cann/实验/FAST-BREADTH/lane-a/R003/V001/kernel.asc:385:9: note: in instantiation of function template specialization '(anonymous namespace)::RunKernel<half>' requested here
        RunKernel<half>(x, residual, gamma, bias, output, outer, dim, epsilon);
        ^
/home/data4t2/lelinfeng/cann/实验/FAST-BREADTH/lane-a/R003/V001/kernel.asc:98:28: note: candidate function not viable: expects an lvalue for 1st argument
    __aicore__ inline void MakeValue(LocalTensor<float>& value,
                           ^
/home/data4t2/lelinfeng/cann/实验/FAST-BREADTH/lane-a/R003/V001/kernel.asc:90:28: note: candidate function not viable: expects an lvalue for 1st argument
    __aicore__ inline void MakeValue(LocalTensor<float>& value,
                           ^
/home/data4t2/lelinfeng/cann/实验/FAST-BREADTH/lane-a/R003/V001/kernel.asc:108:28: note: candidate function not viable: expects an lvalue for 1st argument
    __aicore__ inline void MakeValue(LocalTensor<float>& value,
                           ^
/home/data4t2/lelinfeng/cann/实验/FAST-BREADTH/lane-a/R003/V001/kernel.asc:241:13: error: no matching member function for call to 'ApplyAffine'
            ApplyAffine(value_float_.Get<float>(), gamma_local, bias_local, calc_len);
            ^~~~~~~~~~~
/home/data4t2/lelinfeng/cann/实验/FAST-BREADTH/lane-a/R003/V001/kernel.asc:127:28: note: candidate function not viable: expects an lvalue for 1st argument
    __aicore__ inline void ApplyAffine(LocalTensor<float>& value,
                           ^
/home/data4t2/lelinfeng/cann/实验/FAST-BREADTH/lane-a/R003/V001/kernel.asc:118:28: note: candidate function not viable: expects an lvalue for 1st argument
    __aicore__ inline void ApplyAffine(LocalTensor<float>& value,
                           ^
/home/data4t2/lelinfeng/cann/实验/FAST-BREADTH/lane-a/R003/V001/kernel.asc:138:28: note: candidate function not viable: expects an lvalue for 1st argument
    __aicore__ inline void ApplyAffine(LocalTensor<float>& value,
                           ^
/home/data4t2/lelinfeng/cann/实验/FAST-BREADTH/lane-a/R003/V001/kernel.asc:197:9: error: no matching member function for call to 'MakeValue'
        MakeValue(value_float_.Get<float>(), x_local, residual_local, calc_len);
        ^~~~~~~~~
/home/data4t2/lelinfeng/cann/实验/FAST-BREADTH/lane-a/R003/V001/kernel.asc:178:13: note: in instantiation of member function '(anonymous namespace)::AddRmsNormBiasKernel<__bf16>::CopyAndReduce' requested here
            CopyAndReduce(base + offset, valid_len, AlignedLen(valid_len), total);
            ^
/home/data4t2/lelinfeng/cann/实验/FAST-BREADTH/lane-a/R003/V001/kernel.asc:57:32: note: in instantiation of member function '(anonymous namespace)::AddRmsNormBiasKernel<__bf16>::ReduceRow' requested here
            float square_sum = ReduceRow(row);
                               ^
/home/data4t2/lelinfeng/cann/实验/FAST-BREADTH/lane-a/R003/V001/kernel.asc:287:12: note: in instantiation of member function '(anonymous namespace)::AddRmsNormBiasKernel<__bf16>::Process' requested here
    kernel.Process();
           ^
/home/data4t2/lelinfeng/cann/实验/FAST-BREADTH/lane-a/R003/V001/kernel.asc:387:9: note: in instantiation of function template specialization '(anonymous namespace)::RunKernel<__bf16>' requested here
        RunKernel<bfloat16_t>(x, residual, gamma, bias, output, outer, dim, epsilon);
        ^
/home/data4t2/lelinfeng/cann/实验/FAST-BREADTH/lane-a/R003/V001/kernel.asc:108:28: note: candidate function not viable: expects an lvalue for 1st argument
    __aicore__ inline void MakeValue(LocalTensor<float>& value,
                           ^
/home/data4t2/lelinfeng/cann/实验/FAST-BREADTH/lane-a/R003/V001/kernel.asc:90:28: note: candidate function not viable: expects an lvalue for 1st argument
    __aicore__ inline void MakeValue(LocalTensor<float>& value,
                           ^
/home/data4t2/lelinfeng/cann/实验/FAST-BREADTH/lane-a/R003/V001/kernel.asc:98:28: note: candidate function not viable: expects an lvalue for 1st argument
    __aicore__ inline void MakeValue(LocalTensor<float>& value,
                           ^
/home/data4t2/lelinfeng/cann/实验/FAST-BREADTH/lane-a/R003/V001/kernel.asc:239:13: error: no matching member function for call to 'MakeValue'
            MakeValue(value_float_.Get<float>(), x_local, residual_local, calc_len);
            ^~~~~~~~~
/home/data4t2/lelinfeng/cann/实验/FAST-BREADTH/lane-a/R003/V001/kernel.asc:59:13: note: in instantiation of member function '(anonymous namespace)::AddRmsNormBiasKernel<__bf16>::NormalizeRow' requested here
            NormalizeRow(row, 1.0f / rms);
            ^
/home/data4t2/lelinfeng/cann/实验/FAST-BREADTH/lane-a/R003/V001/kernel.asc:287:12: note: in instantiation of member function '(anonymous namespace)::AddRmsNormBiasKernel<__bf16>::Process' requested here
    kernel.Process();
           ^
/home/data4t2/lelinfeng/cann/实验/FAST-BREADTH/lane-a/R003/V001/kernel.asc:387:9: note: in instantiation of function template specialization '(anonymous namespace)::RunKernel<__bf16>' requested here
        RunKernel<bfloat16_t>(x, residual, gamma, bias, output, outer, dim, epsilon);
        ^
/home/data4t2/lelinfeng/cann/实验/FAST-BREADTH/lane-a/R003/V001/kernel.asc:108:28: note: candidate function not viable: expects an lvalue for 1st argument
    __aicore__ inline void MakeValue(LocalTensor<float>& value,
                           ^
/home/data4t2/lelinfeng/cann/实验/FAST-BREADTH/lane-a/R003/V001/kernel.asc:90:28: note: candidate function not viable: expects an lvalue for 1st argument
    __aicore__ inline void MakeValue(LocalTensor<float>& value,
                           ^
/home/data4t2/lelinfeng/cann/实验/FAST-BREADTH/lane-a/R003/V001/kernel.asc:98:28: note: candidate function not viable: expects an lvalue for 1st argument
    __aicore__ inline void MakeValue(LocalTensor<float>& value,
                           ^
/home/data4t2/lelinfeng/cann/实验/FAST-BREADTH/lane-a/R003/V001/kernel.asc:241:13: error: no matching member function for call to 'ApplyAffine'
            ApplyAffine(value_float_.Get<float>(), gamma_local, bias_local, calc_len);
            ^~~~~~~~~~~
/home/data4t2/lelinfeng/cann/实验/FAST-BREADTH/lane-a/R003/V001/kernel.asc:138:28: note: candidate function not viable: expects an lvalue for 1st argument
    __aicore__ inline void ApplyAffine(LocalTensor<float>& value,
                           ^
/home/data4t2/lelinfeng/cann/实验/FAST-BREADTH/lane-a/R003/V001/kernel.asc:118:28: note: candidate function not viable: expects an lvalue for 1st argument
    __aicore__ inline void ApplyAffine(LocalTensor<float>& value,
                           ^
/home/data4t2/lelinfeng/cann/实验/FAST-BREADTH/lane-a/R003/V001/kernel.asc:127:28: note: candidate function not viable: expects an lvalue for 1st argument
    __aicore__ inline void ApplyAffine(LocalTensor<float>& value,
                           ^
/home/data4t2/lelinfeng/cann/实验/FAST-BREADTH/lane-a/R003/V001/kernel.asc:197:9: error: no matching member function for call to 'MakeValue'
        MakeValue(value_float_.Get<float>(), x_local, residual_local, calc_len);
        ^~~~~~~~~
/home/data4t2/lelinfeng/cann/实验/FAST-BREADTH/lane-a/R003/V001/kernel.asc:178:13: note: in instantiation of member function '(anonymous namespace)::AddRmsNormBiasKernel<float>::CopyAndReduce' requested here
            CopyAndReduce(base + offset, valid_len, AlignedLen(valid_len), total);
            ^
/home/data4t2/lelinfeng/cann/实验/FAST-BREADTH/lane-a/R003/V001/kernel.asc:57:32: note: in instantiation of member function '(anonymous namespace)::AddRmsNormBiasKernel<float>::ReduceRow' requested here
            float square_sum = ReduceRow(row);
                               ^
/home/data4t2/lelinfeng/cann/实验/FAST-BREADTH/lane-a/R003/V001/kernel.asc:287:12: note: in instantiation of member function '(anonymous namespace)::AddRmsNormBiasKernel<float>::Process' requested here
    kernel.Process();
           ^
/home/data4t2/lelinfeng/cann/实验/FAST-BREADTH/lane-a/R003/V001/kernel.asc:389:9: note: in instantiation of function template specialization '(anonymous namespace)::RunKernel<float>' requested here
        RunKernel<float>(x, residual, gamma, bias, output, outer, dim, epsilon);
        ^
/home/data4t2/lelinfeng/cann/实验/FAST-BREADTH/lane-a/R003/V001/kernel.asc:90:28: note: candidate function not viable: expects an lvalue for 1st argument
    __aicore__ inline void MakeValue(LocalTensor<float>& value,
                           ^
/home/data4t2/lelinfeng/cann/实验/FAST-BREADTH/lane-a/R003/V001/kernel.asc:98:28: note: candidate function not viable: expects an lvalue for 1st argument
    __aicore__ inline void MakeValue(LocalTensor<float>& value,
                           ^
/home/data4t2/lelinfeng/cann/实验/FAST-BREADTH/lane-a/R003/V001/kernel.asc:108:28: note: candidate function not viable: expects an lvalue for 1st argument
    __aicore__ inline void MakeValue(LocalTensor<float>& value,
                           ^
/home/data4t2/lelinfeng/cann/实验/FAST-BREADTH/lane-a/R003/V001/kernel.asc:239:13: error: no matching member function for call to 'MakeValue'
            MakeValue(value_float_.Get<float>(), x_local, residual_local, calc_len);
            ^~~~~~~~~
/home/data4t2/lelinfeng/cann/实验/FAST-BREADTH/lane-a/R003/V001/kernel.asc:59:13: note: in instantiation of member function '(anonymous namespace)::AddRmsNormBiasKernel<float>::NormalizeRow' requested here
            NormalizeRow(row, 1.0f / rms);
            ^
/home/data4t2/lelinfeng/cann/实验/FAST-BREADTH/lane-a/R003/V001/kernel.asc:287:12: note: in instantiation of member function '(anonymous namespace)::AddRmsNormBiasKernel<float>::Process' requested here
    kernel.Process();
           ^
/home/data4t2/lelinfeng/cann/实验/FAST-BREADTH/lane-a/R003/V001/kernel.asc:389:9: note: in instantiation of function template specialization '(anonymous namespace)::RunKernel<float>' requested here
        RunKernel<float>(x, residual, gamma, bias, output, outer, dim, epsilon);
        ^
/home/data4t2/lelinfeng/cann/实验/FAST-BREADTH/lane-a/R003/V001/kernel.asc:90:28: note: candidate function not viable: expects an lvalue for 1st argument
    __aicore__ inline void MakeValue(LocalTensor<float>& value,
                           ^
/home/data4t2/lelinfeng/cann/实验/FAST-BREADTH/lane-a/R003/V001/kernel.asc:98:28: note: candidate function not viable: expects an lvalue for 1st argument
    __aicore__ inline void MakeValue(LocalTensor<float>& value,
                           ^
/home/data4t2/lelinfeng/cann/实验/FAST-BREADTH/lane-a/R003/V001/kernel.asc:108:28: note: candidate function not viable: expects an lvalue for 1st argument
    __aicore__ inline void MakeValue(LocalTensor<float>& value,
                           ^
/home/data4t2/lelinfeng/cann/实验/FAST-BREADTH/lane-a/R003/V001/kernel.asc:241:13: error: no matching member function for call to 'ApplyAffine'
            ApplyAffine(value_float_.Get<float>(), gamma_local, bias_local, calc_len);
            ^~~~~~~~~~~
/home/data4t2/lelinfeng/cann/实验/FAST-BREADTH/lane-a/R003/V001/kernel.asc:118:28: note: candidate function not viable: expects an lvalue for 1st argument
    __aicore__ inline void ApplyAffine(LocalTensor<float>& value,
                           ^
/home/data4t2/lelinfeng/cann/实验/FAST-BREADTH/lane-a/R003/V001/kernel.asc:127:28: note: candidate function not viable: expects an lvalue for 1st argument
    __aicore__ inline void ApplyAffine(LocalTensor<float>& value,
                           ^
/home/data4t2/lelinfeng/cann/实验/FAST-BREADTH/lane-a/R003/V001/kernel.asc:138:28: note: candidate function not viable: expects an lvalue for 1st argument
    __aicore__ inline void ApplyAffine(LocalTensor<float>& value,
                           ^
10 errors generated.
gmake[2]: *** [CMakeFiles/add_rms_norm_bias_custom.dir/build.make:76: CMakeFiles/add_rms_norm_bias_custom.dir/main.asc.o] Error 1
gmake[1]: *** [CMakeFiles/Makefile2:83: CMakeFiles/add_rms_norm_bias_custom.dir/all] Error 2
gmake: *** [Makefile:91: all] Error 2
BUILD_STATUS=2
Filesystem      Size  Used Avail Use% Mounted on
/dev/nvme1n1p1  3.5T  3.2T   82G  98% /home/data4t2
448K	/home/data4t2/lelinfeng/cann/实验/FAST-BREADTH/lane-a/R003/V001
