ROUTE=SYNC-BARRIER-ELISION-X
REVISION=V039
DIRECT_PARENT=R31B-V011
DEVICE=3
PARENT_SOURCE_SHA256=a8c19a1972207acc67e3fb0cd393cc70b0a4b183d1eaf5610edf80c2879b15e3
CANDIDATE_SOURCE_SHA256=cb1c13eb42c86b5d1cf625c5bfddb96d3c737c0120463a48aa9de6393859eabd
HOST=hwnput3
USER=lelinfeng
SOC=Ascend910B3
NPU_ARCH=dav-2201
BUILD_DIR=/tmp/sync-barrier-elision-v039.oNvzek
ASCEND_HOME_PATH=/usr/local/Ascend/ascend-toolkit/latest
CORRECTNESS_START=2026-10-07T21:21:27Z
+------------------------------------------------------------------------------------------------+
| npu-smi 25.0.rc1.1               Version: 25.0.rc1.1                                           |
+---------------------------+---------------+----------------------------------------------------+
| NPU   Name                | Health        | Power(W)    Temp(C)           Hugepages-Usage(page)|
| Chip                      | Bus-Id        | AICore(%)   Memory-Usage(MB)  HBM-Usage(MB)        |
+===========================+===============+====================================================+
| 0     910B3               | OK            | 92.5        28                0    / 0             |
| 0                         | 0000:C1:00.0  | 0           0    / 0          3432 / 65536         |
+===========================+===============+====================================================+
| 1     910B3               | OK            | 112.6       29                0    / 0             |
| 0                         | 0000:C2:00.0  | 9           0    / 0          9174 / 65536         |
+===========================+===============+====================================================+
| 2     910B3               | OK            | 97.9        32                0    / 0             |
| 0                         | 0000:81:00.0  | 5           0    / 0          7456 / 65536         |
+===========================+===============+====================================================+
| 3     910B3               | OK            | 90.5        28                0    / 0             |
| 0                         | 0000:82:00.0  | 0           0    / 0          3426 / 65536         |
+===========================+===============+====================================================+
| 4     910B3               | OK            | 188.8       53                0    / 0             |
| 0                         | 0000:01:00.0  | 59          0    / 0          59194/ 65536         |
+===========================+===============+====================================================+
| 5     910B3               | OK            | 172.7       49                0    / 0             |
| 0                         | 0000:02:00.0  | 45          0    / 0          60221/ 65536         |
+===========================+===============+====================================================+
| 6     910B3               | OK            | 167.2       47                0    / 0             |
| 0                         | 0000:41:00.0  | 44          0    / 0          60222/ 65536         |
+===========================+===============+====================================================+
| 7     910B3               | OK            | 127.3       36                0    / 0             |
| 0                         | 0000:42:00.0  | 0           0    / 0          24791/ 65536         |
+===========================+===============+====================================================+
+---------------------------+---------------+----------------------------------------------------+
| NPU     Chip              | Process id    | Process name             | Process memory(MB)      |
+===========================+===============+====================================================+
| No running processes found in NPU 0                                                            |
+===========================+===============+====================================================+
| 1       0                 | 3150467       | python                   | 5746                    |
+===========================+===============+====================================================+
| 2       0                 | 1935458       | python                   | 4088                    |
+===========================+===============+====================================================+
| No running processes found in NPU 3                                                            |
+===========================+===============+====================================================+
| 4       0                 | 2999855       | VLLMEngineCor            | 55666                   |
+===========================+===============+====================================================+
| 5       0                 | 89602         | VLLMWorker_TP            | 56700                   |
+===========================+===============+====================================================+
| 6       0                 | 91228         | VLLMWorker_TP            | 56701                   |
+===========================+===============+====================================================+
| 7       0                 | 439848        | python3                  | 21260                   |
+===========================+===============+====================================================+
[ 50%] Building ASC object CMakeFiles/sync_barrier_elision_correctness.dir/support/correctness_runner.asc.o
[100%] Linking ASC executable sync_barrier_elision_correctness
[100%] Built target sync_barrier_elision_correctness
CORRECTNESS_RUNNER_BUILD_RC=0
CORRECTNESS device=3 dtype=fp16 rows=8 width=128 parent_candidate_bit_mismatch=0 result=PASS
CORRECTNESS device=3 dtype=fp16 rows=8 width=256 parent_candidate_bit_mismatch=0 result=PASS
CORRECTNESS device=3 dtype=fp16 rows=8 width=1024 parent_candidate_bit_mismatch=0 result=PASS
CORRECTNESS device=3 dtype=fp16 rows=8 width=2048 parent_candidate_bit_mismatch=0 result=PASS
CORRECTNESS device=3 dtype=fp16 rows=8 width=4096 parent_candidate_bit_mismatch=0 result=PASS
CORRECTNESS_SUMMARY result=PASS cases=5
CORRECTNESS_RUN_RC=0
CORRECTNESS_END=2026-10-07T21:21:59Z
+------------------------------------------------------------------------------------------------+
| npu-smi 25.0.rc1.1               Version: 25.0.rc1.1                                           |
+---------------------------+---------------+----------------------------------------------------+
| NPU   Name                | Health        | Power(W)    Temp(C)           Hugepages-Usage(page)|
| Chip                      | Bus-Id        | AICore(%)   Memory-Usage(MB)  HBM-Usage(MB)        |
+===========================+===============+====================================================+
| 0     910B3               | OK            | 91.0        28                0    / 0             |
| 0                         | 0000:C1:00.0  | 0           0    / 0          3430 / 65536         |
+===========================+===============+====================================================+
| 1     910B3               | OK            | 99.6        29                0    / 0             |
| 0                         | 0000:C2:00.0  | 1           0    / 0          9174 / 65536         |
+===========================+===============+====================================================+
| 2     910B3               | OK            | 108.8       32                0    / 0             |
| 0                         | 0000:81:00.0  | 13          0    / 0          7456 / 65536         |
+===========================+===============+====================================================+
| 3     910B3               | OK            | 90.2        29                0    / 0             |
| 0                         | 0000:82:00.0  | 0           0    / 0          3428 / 65536         |
+===========================+===============+====================================================+
| 4     910B3               | OK            | 190.7       53                0    / 0             |
| 0                         | 0000:01:00.0  | 57          0    / 0          59214/ 65536         |
+===========================+===============+====================================================+
| 5     910B3               | OK            | 170.8       49                0    / 0             |
| 0                         | 0000:02:00.0  | 45          0    / 0          60222/ 65536         |
+===========================+===============+====================================================+
| 6     910B3               | OK            | 169.6       47                0    / 0             |
| 0                         | 0000:41:00.0  | 45          0    / 0          60222/ 65536         |
+===========================+===============+====================================================+
| 7     910B3               | OK            | 188.8       38                0    / 0             |
| 0                         | 0000:42:00.0  | 46          0    / 0          24790/ 65536         |
+===========================+===============+====================================================+
+---------------------------+---------------+----------------------------------------------------+
| NPU     Chip              | Process id    | Process name             | Process memory(MB)      |
+===========================+===============+====================================================+
| No running processes found in NPU 0                                                            |
+===========================+===============+====================================================+
| 1       0                 | 3150467       | python                   | 5746                    |
+===========================+===============+====================================================+
| 2       0                 | 1935458       | python                   | 4088                    |
+===========================+===============+====================================================+
| No running processes found in NPU 3                                                            |
+===========================+===============+====================================================+
| 4       0                 | 2999855       | VLLMEngineCor            | 55666                   |
+===========================+===============+====================================================+
| 5       0                 | 89602         | VLLMWorker_TP            | 56700                   |
+===========================+===============+====================================================+
| 6       0                 | 91228         | VLLMWorker_TP            | 56701                   |
+===========================+===============+====================================================+
| 7       0                 | 439848        | python3                  | 21260                   |
+===========================+===============+====================================================+
 21:22:00 up 242 days,  8:58, 33 users,  load average: 79.91, 67.71, 59.25
