ROUTE=SYNC-BARRIER-ELISION-X
REVISION=V039
PARENT=R31B-V011
DEVICE=3
SHAPE=fp16-8x128
WARMUPS=60
PAIRS=31
ORDER=alternating P,C then C,P
METHOD=ACL device event latency plus wall-clock diagnostics
HOST=hwnput3
USER=lelinfeng
START_UTC=2026-10-07T21:22:41Z
COMMAND=/tmp/sync-barrier-elision-v039.oNvzek/sync_barrier_elision_correctness 3 --local

===== PRE-RUN DEVICE SNAPSHOT =====
+------------------------------------------------------------------------------------------------+
| npu-smi 25.0.rc1.1               Version: 25.0.rc1.1                                           |
+---------------------------+---------------+----------------------------------------------------+
| NPU   Name                | Health        | Power(W)    Temp(C)           Hugepages-Usage(page)|
| Chip                      | Bus-Id        | AICore(%)   Memory-Usage(MB)  HBM-Usage(MB)        |
+===========================+===============+====================================================+
| 0     910B3               | OK            | 92.0        28                0    / 0             |
| 0                         | 0000:C1:00.0  | 0           0    / 0          3430 / 65536         |
+===========================+===============+====================================================+
| 1     910B3               | OK            | 119.4       29                0    / 0             |
| 0                         | 0000:C2:00.0  | 13          0    / 0          9174 / 65536         |
+===========================+===============+====================================================+
| 2     910B3               | OK            | 98.7        31                0    / 0             |
| 0                         | 0000:81:00.0  | 1           0    / 0          7456 / 65536         |
+===========================+===============+====================================================+
| 3     910B3               | OK            | 89.5        29                0    / 0             |
| 0                         | 0000:82:00.0  | 0           0    / 0          3425 / 65536         |
+===========================+===============+====================================================+
| 4     910B3               | OK            | 194.4       54                0    / 0             |
| 0                         | 0000:01:00.0  | 64          0    / 0          59213/ 65536         |
+===========================+===============+====================================================+
| 5     910B3               | OK            | 165.3       48                0    / 0             |
| 0                         | 0000:02:00.0  | 43          0    / 0          60222/ 65536         |
+===========================+===============+====================================================+
| 6     910B3               | OK            | 167.2       47                0    / 0             |
| 0                         | 0000:41:00.0  | 43          0    / 0          60221/ 65536         |
+===========================+===============+====================================================+
| 7     910B3               | OK            | 160.4       36                0    / 0             |
| 0                         | 0000:42:00.0  | 11          0    / 0          24790/ 65536         |
+===========================+===============+====================================================+
+---------------------------+---------------+----------------------------------------------------+
| NPU     Chip              | Process id    | Process name             | Process memory(MB)      |
+===========================+===============+====================================================+
| No running processes found in NPU 0                                                            |
+===========================+===============+====================================================+
| 1       0                 | 3150467       | python                   | 5746                    |
+===========================+===============+====================================================+
| 2       0                 | 1935458       | python                   | 4088                    |
+===========================+===============+====================================================+
| No running processes found in NPU 3                                                            |
+===========================+===============+====================================================+
| 4       0                 | 2999855       | VLLMEngineCor            | 55666                   |
+===========================+===============+====================================================+
| 5       0                 | 89602         | VLLMWorker_TP            | 56700                   |
+===========================+===============+====================================================+
| 6       0                 | 91228         | VLLMWorker_TP            | 56701                   |
+===========================+===============+====================================================+
| 7       0                 | 439848        | python3                  | 21260                   |
+===========================+===============+====================================================+

===== LOCAL RAW SAMPLES =====
LOCAL_SAMPLE case=fp16-8x128 pair=01 order=P,C parent_device_us=23.2400 candidate_device_us=20.1600 parent_wall_us=179.2770 candidate_wall_us=88.8490 paired_delta_us=-3.0800
LOCAL_SAMPLE case=fp16-8x128 pair=02 order=C,P parent_device_us=16.8600 candidate_device_us=19.8600 parent_wall_us=76.2290 candidate_wall_us=82.7190 paired_delta_us=3.0000
LOCAL_SAMPLE case=fp16-8x128 pair=03 order=P,C parent_device_us=16.2200 candidate_device_us=16.6400 parent_wall_us=76.1690 candidate_wall_us=72.3080 paired_delta_us=0.4200
LOCAL_SAMPLE case=fp16-8x128 pair=04 order=C,P parent_device_us=15.7800 candidate_device_us=6.2200 parent_wall_us=75.8090 candidate_wall_us=74.5290 paired_delta_us=-9.5600
LOCAL_SAMPLE case=fp16-8x128 pair=05 order=P,C parent_device_us=19.0400 candidate_device_us=19.0000 parent_wall_us=76.5990 candidate_wall_us=72.2290 paired_delta_us=-0.0400
LOCAL_SAMPLE case=fp16-8x128 pair=06 order=C,P parent_device_us=16.2400 candidate_device_us=4.1600 parent_wall_us=73.8290 candidate_wall_us=75.2280 paired_delta_us=-12.0800
LOCAL_SAMPLE case=fp16-8x128 pair=07 order=P,C parent_device_us=23.4800 candidate_device_us=21.5200 parent_wall_us=84.0380 candidate_wall_us=71.0890 paired_delta_us=-1.9600
LOCAL_SAMPLE case=fp16-8x128 pair=08 order=C,P parent_device_us=16.7600 candidate_device_us=5.4000 parent_wall_us=70.4580 candidate_wall_us=74.0790 paired_delta_us=-11.3600
LOCAL_SAMPLE case=fp16-8x128 pair=09 order=P,C parent_device_us=6.0800 candidate_device_us=42.9200 parent_wall_us=74.5090 candidate_wall_us=99.3780 paired_delta_us=36.8400
LOCAL_SAMPLE case=fp16-8x128 pair=10 order=C,P parent_device_us=5.6400 candidate_device_us=5.8200 parent_wall_us=74.2280 candidate_wall_us=73.8590 paired_delta_us=0.1800
LOCAL_SAMPLE case=fp16-8x128 pair=11 order=P,C parent_device_us=5.4600 candidate_device_us=18.5400 parent_wall_us=74.3290 candidate_wall_us=72.4890 paired_delta_us=13.0800
LOCAL_SAMPLE case=fp16-8x128 pair=12 order=C,P parent_device_us=14.7000 candidate_device_us=21.2800 parent_wall_us=71.0590 candidate_wall_us=72.6780 paired_delta_us=6.5800
LOCAL_SAMPLE case=fp16-8x128 pair=13 order=P,C parent_device_us=5.9000 candidate_device_us=5.4000 parent_wall_us=74.8290 candidate_wall_us=63.9290 paired_delta_us=-0.5000
LOCAL_SAMPLE case=fp16-8x128 pair=14 order=C,P parent_device_us=10.7600 candidate_device_us=22.3800 parent_wall_us=72.7990 candidate_wall_us=71.4390 paired_delta_us=11.6200
LOCAL_SAMPLE case=fp16-8x128 pair=15 order=P,C parent_device_us=19.6200 candidate_device_us=6.3600 parent_wall_us=72.8480 candidate_wall_us=73.5790 paired_delta_us=-13.2600
LOCAL_SAMPLE case=fp16-8x128 pair=16 order=C,P parent_device_us=17.3000 candidate_device_us=18.9000 parent_wall_us=71.8080 candidate_wall_us=70.9990 paired_delta_us=1.6000
LOCAL_SAMPLE case=fp16-8x128 pair=17 order=P,C parent_device_us=26.1400 candidate_device_us=16.9200 parent_wall_us=71.7690 candidate_wall_us=70.2590 paired_delta_us=-9.2200
LOCAL_SAMPLE case=fp16-8x128 pair=18 order=C,P parent_device_us=14.9200 candidate_device_us=18.9400 parent_wall_us=80.2090 candidate_wall_us=70.9190 paired_delta_us=4.0200
LOCAL_SAMPLE case=fp16-8x128 pair=19 order=P,C parent_device_us=19.7400 candidate_device_us=16.1800 parent_wall_us=72.4780 candidate_wall_us=73.4390 paired_delta_us=-3.5600
LOCAL_SAMPLE case=fp16-8x128 pair=20 order=C,P parent_device_us=6.6400 candidate_device_us=7.7800 parent_wall_us=72.2580 candidate_wall_us=75.1290 paired_delta_us=1.1400
LOCAL_SAMPLE case=fp16-8x128 pair=21 order=P,C parent_device_us=4.2800 candidate_device_us=13.8600 parent_wall_us=66.0090 candidate_wall_us=71.5690 paired_delta_us=9.5800
LOCAL_SAMPLE case=fp16-8x128 pair=22 order=C,P parent_device_us=15.3200 candidate_device_us=16.4200 parent_wall_us=71.5690 candidate_wall_us=71.9680 paired_delta_us=1.1000
LOCAL_SAMPLE case=fp16-8x128 pair=23 order=P,C parent_device_us=4.2000 candidate_device_us=20.5200 parent_wall_us=97.4380 candidate_wall_us=73.8490 paired_delta_us=16.3200
LOCAL_SAMPLE case=fp16-8x128 pair=24 order=C,P parent_device_us=18.1600 candidate_device_us=5.6400 parent_wall_us=71.0390 candidate_wall_us=75.4290 paired_delta_us=-12.5200
LOCAL_SAMPLE case=fp16-8x128 pair=25 order=P,C parent_device_us=22.7600 candidate_device_us=4.0600 parent_wall_us=74.6790 candidate_wall_us=75.6490 paired_delta_us=-18.7000
LOCAL_SAMPLE case=fp16-8x128 pair=26 order=C,P parent_device_us=7.5200 candidate_device_us=7.7200 parent_wall_us=74.0780 candidate_wall_us=74.9590 paired_delta_us=0.2000
LOCAL_SAMPLE case=fp16-8x128 pair=27 order=P,C parent_device_us=16.7800 candidate_device_us=17.2200 parent_wall_us=71.2790 candidate_wall_us=71.8990 paired_delta_us=0.4400
LOCAL_SAMPLE case=fp16-8x128 pair=28 order=C,P parent_device_us=18.4200 candidate_device_us=22.6600 parent_wall_us=71.9790 candidate_wall_us=71.1480 paired_delta_us=4.2400
LOCAL_SAMPLE case=fp16-8x128 pair=29 order=P,C parent_device_us=17.7000 candidate_device_us=18.5800 parent_wall_us=72.3190 candidate_wall_us=72.0480 paired_delta_us=0.8800
LOCAL_SAMPLE case=fp16-8x128 pair=30 order=C,P parent_device_us=4.4800 candidate_device_us=5.4600 parent_wall_us=75.2090 candidate_wall_us=75.0190 paired_delta_us=0.9800
LOCAL_SAMPLE case=fp16-8x128 pair=31 order=P,C parent_device_us=5.8600 candidate_device_us=17.6400 parent_wall_us=72.7890 candidate_wall_us=70.7590 paired_delta_us=11.7800
LOCAL_STATS case=fp16-8x128 metric=device_us binary=PARENT_R31B_V011 n=31 median=16.2200 mean=14.0645 stdev=6.6220 cv=0.47083 min=4.2000 max=26.1400 mad=3.5200 p10=5.4600 p90=22.7600
LOCAL_STATS case=fp16-8x128 metric=device_us binary=CANDIDATE_V039 n=31 median=16.9200 mean=14.9729 stdev=8.3499 cv=0.55767 min=4.0600 max=42.9200 mad=4.3600 p10=5.4000 p90=21.5200
LOCAL_STATS case=fp16-8x128 metric=wall_us binary=PARENT_R31B_V011 n=31 median=73.8290 mean=77.8683 stdev=19.5484 cv=0.25104 min=66.0090 max=179.2770 mad=1.9800 p10=71.0590 p90=80.2090
LOCAL_STATS case=fp16-8x128 metric=wall_us binary=CANDIDATE_V039 n=31 median=72.6780 mean=74.3039 stdev=6.1749 cv=0.08310 min=63.9290 max=99.3780 mad=1.5890 p10=70.9190 p90=75.6490
LOCAL_STATS case=fp16-8x128 metric=paired_delta_us binary=CANDIDATE_MINUS_PARENT n=31 median=0.4400 mean=0.9084 stdev=10.6273 cv=11.69909 min=-18.7000 max=36.8400 mad=3.8000 p10=-12.0800 p90=11.7800
LOCAL_RESULT route=SYNC-BARRIER-ELISION-X revision=V039 device=3 shape=8x128 dtype=fp16 samples=31 parent_median_us=16.2200 candidate_median_us=16.9200 local_delta_us=0.4400 local_score_percent=-2.712698 candidate_minus_parent_percent=2.712698
CORRECTNESS_SUMMARY result=PASS cases=5
RUNNER_RC=0

===== POST-RUN DEVICE SNAPSHOT =====
+------------------------------------------------------------------------------------------------+
| npu-smi 25.0.rc1.1               Version: 25.0.rc1.1                                           |
+---------------------------+---------------+----------------------------------------------------+
| NPU   Name                | Health        | Power(W)    Temp(C)           Hugepages-Usage(page)|
| Chip                      | Bus-Id        | AICore(%)   Memory-Usage(MB)  HBM-Usage(MB)        |
+===========================+===============+====================================================+
| 0     910B3               | OK            | 91.2        28                0    / 0             |
| 0                         | 0000:C1:00.0  | 0           0    / 0          3430 / 65536         |
+===========================+===============+====================================================+
| 1     910B3               | OK            | 101.0       29                0    / 0             |
| 0                         | 0000:C2:00.0  | 1           0    / 0          9174 / 65536         |
+===========================+===============+====================================================+
| 2     910B3               | OK            | 116.2       32                0    / 0             |
| 0                         | 0000:81:00.0  | 12          0    / 0          7456 / 65536         |
+===========================+===============+====================================================+
| 3     910B3               | OK            | 89.2        29                0    / 0             |
| 0                         | 0000:82:00.0  | 0           0    / 0          3428 / 65536         |
+===========================+===============+====================================================+
| 4     910B3               | OK            | 196.1       54                0    / 0             |
| 0                         | 0000:01:00.0  | 64          0    / 0          59193/ 65536         |
+===========================+===============+====================================================+
| 5     910B3               | OK            | 166.9       49                0    / 0             |
| 0                         | 0000:02:00.0  | 44          0    / 0          60222/ 65536         |
+===========================+===============+====================================================+
| 6     910B3               | OK            | 167.3       47                0    / 0             |
| 0                         | 0000:41:00.0  | 43          0    / 0          60222/ 65536         |
+===========================+===============+====================================================+
| 7     910B3               | OK            | 169.5       41                0    / 0             |
| 0                         | 0000:42:00.0  | 0           0    / 0          24790/ 65536         |
+===========================+===============+====================================================+
+---------------------------+---------------+----------------------------------------------------+
| NPU     Chip              | Process id    | Process name             | Process memory(MB)      |
+===========================+===============+====================================================+
| No running processes found in NPU 0                                                            |
+===========================+===============+====================================================+
| 1       0                 | 3150467       | python                   | 5746                    |
+===========================+===============+====================================================+
| 2       0                 | 1935458       | python                   | 4088                    |
+===========================+===============+====================================================+
| No running processes found in NPU 3                                                            |
+===========================+===============+====================================================+
| 4       0                 | 2999855       | VLLMEngineCor            | 55666                   |
+===========================+===============+====================================================+
| 5       0                 | 89602         | VLLMWorker_TP            | 56700                   |
+===========================+===============+====================================================+
| 6       0                 | 91228         | VLLMWorker_TP            | 56701                   |
+===========================+===============+====================================================+
| 7       0                 | 439848        | python3                  | 21260                   |
+===========================+===============+====================================================+
 21:22:50 up 242 days,  8:58, 33 users,  load average: 60.16, 64.41, 58.58
END_UTC=2026-10-07T21:22:50Z
