ROUTE=SYNC-BARRIER-ELISION-X
REVISION=V039
PARENT=R31B-V011
DEVICE=3
SHAPE=fp16-8x128
WARMUPS=60
PAIRS=31
ORDER=alternating P,C then C,P
METHOD=ACL device event latency plus wall-clock diagnostics
HOST=hwnput3
USER=lelinfeng
START_UTC=2026-10-07T21:23:09Z
COMMAND=/tmp/sync-barrier-elision-v039.oNvzek/sync_barrier_elision_correctness 3 --local

===== PRE-RUN DEVICE SNAPSHOT =====
+------------------------------------------------------------------------------------------------+
| npu-smi 25.0.rc1.1               Version: 25.0.rc1.1                                           |
+---------------------------+---------------+----------------------------------------------------+
| NPU   Name                | Health        | Power(W)    Temp(C)           Hugepages-Usage(page)|
| Chip                      | Bus-Id        | AICore(%)   Memory-Usage(MB)  HBM-Usage(MB)        |
+===========================+===============+====================================================+
| 0     910B3               | OK            | 99.0        28                0    / 0             |
| 0                         | 0000:C1:00.0  | 0           0    / 0          3490 / 65536         |
+===========================+===============+====================================================+
| 1     910B3               | OK            | 111.4       29                0    / 0             |
| 0                         | 0000:C2:00.0  | 2           0    / 0          9174 / 65536         |
+===========================+===============+====================================================+
| 2     910B3               | OK            | 105.1       32                0    / 0             |
| 0                         | 0000:81:00.0  | 3           0    / 0          7456 / 65536         |
+===========================+===============+====================================================+
| 3     910B3               | OK            | 89.7        29                0    / 0             |
| 0                         | 0000:82:00.0  | 0           0    / 0          3426 / 65536         |
+===========================+===============+====================================================+
| 4     910B3               | OK            | 196.5       54                0    / 0             |
| 0                         | 0000:01:00.0  | 64          0    / 0          59192/ 65536         |
+===========================+===============+====================================================+
| 5     910B3               | OK            | 165.8       48                0    / 0             |
| 0                         | 0000:02:00.0  | 44          0    / 0          60222/ 65536         |
+===========================+===============+====================================================+
| 6     910B3               | OK            | 167.3       47                0    / 0             |
| 0                         | 0000:41:00.0  | 44          0    / 0          60222/ 65536         |
+===========================+===============+====================================================+
| 7     910B3               | OK            | 159.5       37                0    / 0             |
| 0                         | 0000:42:00.0  | 10          0    / 0          24790/ 65536         |
+===========================+===============+====================================================+
+---------------------------+---------------+----------------------------------------------------+
| NPU     Chip              | Process id    | Process name             | Process memory(MB)      |
+===========================+===============+====================================================+
| 0       0                 | 2003560       | r14_param_mte2_          | 109                     |
+===========================+===============+====================================================+
| 1       0                 | 3150467       | python                   | 5746                    |
+===========================+===============+====================================================+
| 2       0                 | 1935458       | python                   | 4088                    |
+===========================+===============+====================================================+
| No running processes found in NPU 3                                                            |
+===========================+===============+====================================================+
| 4       0                 | 2999855       | VLLMEngineCor            | 55666                   |
+===========================+===============+====================================================+
| 5       0                 | 89602         | VLLMWorker_TP            | 56700                   |
+===========================+===============+====================================================+
| 6       0                 | 91228         | VLLMWorker_TP            | 56701                   |
+===========================+===============+====================================================+
| 7       0                 | 439848        | python3                  | 21260                   |
+===========================+===============+====================================================+

===== LOCAL RAW SAMPLES =====
LOCAL_SAMPLE case=fp16-8x128 pair=01 order=P,C parent_device_us=22.7600 candidate_device_us=19.7400 parent_wall_us=181.1880 candidate_wall_us=130.5380 paired_delta_us=-3.0200
LOCAL_SAMPLE case=fp16-8x128 pair=02 order=C,P parent_device_us=15.6800 candidate_device_us=24.5600 parent_wall_us=85.7980 candidate_wall_us=95.5390 paired_delta_us=8.8800
LOCAL_SAMPLE case=fp16-8x128 pair=03 order=P,C parent_device_us=21.5200 candidate_device_us=22.1800 parent_wall_us=80.9490 candidate_wall_us=77.8190 paired_delta_us=0.6600
LOCAL_SAMPLE case=fp16-8x128 pair=04 order=C,P parent_device_us=22.8400 candidate_device_us=16.2600 parent_wall_us=80.4590 candidate_wall_us=78.8190 paired_delta_us=-6.5800
LOCAL_SAMPLE case=fp16-8x128 pair=05 order=P,C parent_device_us=32.0600 candidate_device_us=19.7800 parent_wall_us=86.7380 candidate_wall_us=75.4490 paired_delta_us=-12.2800
LOCAL_SAMPLE case=fp16-8x128 pair=06 order=C,P parent_device_us=20.4600 candidate_device_us=27.9600 parent_wall_us=78.5290 candidate_wall_us=96.1480 paired_delta_us=7.5000
LOCAL_SAMPLE case=fp16-8x128 pair=07 order=P,C parent_device_us=16.7000 candidate_device_us=17.7800 parent_wall_us=76.8790 candidate_wall_us=77.8780 paired_delta_us=1.0800
LOCAL_SAMPLE case=fp16-8x128 pair=08 order=C,P parent_device_us=18.2400 candidate_device_us=26.2200 parent_wall_us=77.0790 candidate_wall_us=77.4090 paired_delta_us=7.9800
LOCAL_SAMPLE case=fp16-8x128 pair=09 order=P,C parent_device_us=17.3600 candidate_device_us=19.1800 parent_wall_us=75.6790 candidate_wall_us=76.4690 paired_delta_us=1.8200
LOCAL_SAMPLE case=fp16-8x128 pair=10 order=C,P parent_device_us=19.2000 candidate_device_us=17.4200 parent_wall_us=74.2580 candidate_wall_us=75.3090 paired_delta_us=-1.7800
LOCAL_SAMPLE case=fp16-8x128 pair=11 order=P,C parent_device_us=16.2800 candidate_device_us=15.9200 parent_wall_us=76.8190 candidate_wall_us=73.2290 paired_delta_us=-0.3600
LOCAL_SAMPLE case=fp16-8x128 pair=12 order=C,P parent_device_us=15.2000 candidate_device_us=16.5000 parent_wall_us=75.4090 candidate_wall_us=74.4780 paired_delta_us=1.3000
LOCAL_SAMPLE case=fp16-8x128 pair=13 order=P,C parent_device_us=21.4400 candidate_device_us=16.4000 parent_wall_us=77.0190 candidate_wall_us=76.3480 paired_delta_us=-5.0400
LOCAL_SAMPLE case=fp16-8x128 pair=14 order=C,P parent_device_us=15.4000 candidate_device_us=17.3800 parent_wall_us=74.7290 candidate_wall_us=95.5190 paired_delta_us=1.9800
LOCAL_SAMPLE case=fp16-8x128 pair=15 order=P,C parent_device_us=21.0400 candidate_device_us=17.5000 parent_wall_us=75.5190 candidate_wall_us=75.8090 paired_delta_us=-3.5400
LOCAL_SAMPLE case=fp16-8x128 pair=16 order=C,P parent_device_us=17.3400 candidate_device_us=17.3600 parent_wall_us=77.6090 candidate_wall_us=76.2080 paired_delta_us=0.0200
LOCAL_SAMPLE case=fp16-8x128 pair=17 order=P,C parent_device_us=19.5000 candidate_device_us=19.8800 parent_wall_us=78.1490 candidate_wall_us=77.4380 paired_delta_us=0.3800
LOCAL_SAMPLE case=fp16-8x128 pair=18 order=C,P parent_device_us=17.2200 candidate_device_us=6.0600 parent_wall_us=78.7190 candidate_wall_us=80.5790 paired_delta_us=-11.1600
LOCAL_SAMPLE case=fp16-8x128 pair=19 order=P,C parent_device_us=17.8000 candidate_device_us=14.3800 parent_wall_us=75.7990 candidate_wall_us=75.6890 paired_delta_us=-3.4200
LOCAL_SAMPLE case=fp16-8x128 pair=20 order=C,P parent_device_us=18.4000 candidate_device_us=15.8200 parent_wall_us=96.0380 candidate_wall_us=74.1790 paired_delta_us=-2.5800
LOCAL_SAMPLE case=fp16-8x128 pair=21 order=P,C parent_device_us=18.5200 candidate_device_us=20.7600 parent_wall_us=85.6590 candidate_wall_us=85.7090 paired_delta_us=2.2400
LOCAL_SAMPLE case=fp16-8x128 pair=22 order=C,P parent_device_us=21.5200 candidate_device_us=13.2600 parent_wall_us=83.1790 candidate_wall_us=102.3680 paired_delta_us=-8.2600
LOCAL_SAMPLE case=fp16-8x128 pair=23 order=P,C parent_device_us=20.5000 candidate_device_us=20.1400 parent_wall_us=80.4290 candidate_wall_us=78.3890 paired_delta_us=-0.3600
LOCAL_SAMPLE case=fp16-8x128 pair=24 order=C,P parent_device_us=15.0200 candidate_device_us=19.6000 parent_wall_us=76.4780 candidate_wall_us=79.8090 paired_delta_us=4.5800
LOCAL_SAMPLE case=fp16-8x128 pair=25 order=P,C parent_device_us=21.0600 candidate_device_us=16.5400 parent_wall_us=83.3990 candidate_wall_us=79.0090 paired_delta_us=-4.5200
LOCAL_SAMPLE case=fp16-8x128 pair=26 order=C,P parent_device_us=16.2200 candidate_device_us=14.9000 parent_wall_us=77.9380 candidate_wall_us=79.9590 paired_delta_us=-1.3200
LOCAL_SAMPLE case=fp16-8x128 pair=27 order=P,C parent_device_us=14.7000 candidate_device_us=21.1200 parent_wall_us=77.4390 candidate_wall_us=77.2290 paired_delta_us=6.4200
LOCAL_SAMPLE case=fp16-8x128 pair=28 order=C,P parent_device_us=22.6400 candidate_device_us=14.2600 parent_wall_us=79.3090 candidate_wall_us=73.6380 paired_delta_us=-8.3800
LOCAL_SAMPLE case=fp16-8x128 pair=29 order=P,C parent_device_us=19.3200 candidate_device_us=15.2000 parent_wall_us=80.1590 candidate_wall_us=81.5780 paired_delta_us=-4.1200
LOCAL_SAMPLE case=fp16-8x128 pair=30 order=C,P parent_device_us=19.3800 candidate_device_us=18.0200 parent_wall_us=81.1780 candidate_wall_us=78.4590 paired_delta_us=-1.3600
LOCAL_SAMPLE case=fp16-8x128 pair=31 order=P,C parent_device_us=20.6200 candidate_device_us=8.0800 parent_wall_us=80.1790 candidate_wall_us=90.3790 paired_delta_us=-12.5400
LOCAL_STATS case=fp16-8x128 metric=device_us binary=PARENT_R31B_V011 n=31 median=19.2000 mean=19.2239 stdev=3.4163 cv=0.17771 min=14.7000 max=32.0600 mad=1.9800 p10=15.4000 p90=22.6400
LOCAL_STATS case=fp16-8x128 metric=device_us binary=CANDIDATE_V039 n=31 median=17.4200 mean=17.7471 stdev=4.4323 cv=0.24975 min=6.0600 max=27.9600 mad=2.3200 p10=14.2600 p90=22.1800
LOCAL_STATS case=fp16-8x128 metric=wall_us binary=PARENT_R31B_V011 n=31 median=78.5290 mean=82.8616 stdev=18.7883 cv=0.22674 min=74.2580 max=181.1880 mad=2.0510 p10=75.5190 p90=85.7980
LOCAL_STATS case=fp16-8x128 metric=wall_us binary=CANDIDATE_V039 n=31 median=77.8780 mean=82.1735 stdev=11.6926 cv=0.14229 min=73.2290 max=130.5380 mad=2.1890 p10=74.4780 p90=95.5390
LOCAL_STATS case=fp16-8x128 metric=paired_delta_us binary=CANDIDATE_MINUS_PARENT n=31 median=-1.3200 mean=-1.4768 stdev=5.5774 cv=-3.77677 min=-12.5400 max=8.8800 mad=3.1400 p10=-8.3800 p90=6.4200
LOCAL_RESULT route=SYNC-BARRIER-ELISION-X revision=V039 device=3 shape=8x128 dtype=fp16 samples=31 parent_median_us=19.2000 candidate_median_us=17.4200 local_delta_us=-1.3200 local_score_percent=6.874999 candidate_minus_parent_percent=-6.874999
CORRECTNESS_SUMMARY result=PASS cases=5
RUNNER_RC=0

===== POST-RUN DEVICE SNAPSHOT =====
+------------------------------------------------------------------------------------------------+
| npu-smi 25.0.rc1.1               Version: 25.0.rc1.1                                           |
+---------------------------+---------------+----------------------------------------------------+
| NPU   Name                | Health        | Power(W)    Temp(C)           Hugepages-Usage(page)|
| Chip                      | Bus-Id        | AICore(%)   Memory-Usage(MB)  HBM-Usage(MB)        |
+===========================+===============+====================================================+
| 0     910B3               | OK            | 90.4        28                0    / 0             |
| 0                         | 0000:C1:00.0  | 0           0    / 0          3432 / 65536         |
+===========================+===============+====================================================+
| 1     910B3               | OK            | 100.8       30                0    / 0             |
| 0                         | 0000:C2:00.0  | 0           0    / 0          9174 / 65536         |
+===========================+===============+====================================================+
| 2     910B3               | OK            | 100.3       32                0    / 0             |
| 0                         | 0000:81:00.0  | 2           0    / 0          7456 / 65536         |
+===========================+===============+====================================================+
| 3     910B3               | OK            | 91.0        29                0    / 0             |
| 0                         | 0000:82:00.0  | 0           0    / 0          3428 / 65536         |
+===========================+===============+====================================================+
| 4     910B3               | OK            | 197.8       55                0    / 0             |
| 0                         | 0000:01:00.0  | 64          0    / 0          59192/ 65536         |
+===========================+===============+====================================================+
| 5     910B3               | OK            | 163.3       48                0    / 0             |
| 0                         | 0000:02:00.0  | 45          0    / 0          60222/ 65536         |
+===========================+===============+====================================================+
| 6     910B3               | OK            | 163.9       47                0    / 0             |
| 0                         | 0000:41:00.0  | 44          0    / 0          60222/ 65536         |
+===========================+===============+====================================================+
| 7     910B3               | OK            | 106.6       36                0    / 0             |
| 0                         | 0000:42:00.0  | 0           0    / 0          24791/ 65536         |
+===========================+===============+====================================================+
+---------------------------+---------------+----------------------------------------------------+
| NPU     Chip              | Process id    | Process name             | Process memory(MB)      |
+===========================+===============+====================================================+
| No running processes found in NPU 0                                                            |
+===========================+===============+====================================================+
| 1       0                 | 3150467       | python                   | 5746                    |
+===========================+===============+====================================================+
| 2       0                 | 1935458       | python                   | 4088                    |
+===========================+===============+====================================================+
| No running processes found in NPU 3                                                            |
+===========================+===============+====================================================+
| 4       0                 | 2999855       | VLLMEngineCor            | 55666                   |
+===========================+===============+====================================================+
| 5       0                 | 89602         | VLLMWorker_TP            | 56700                   |
+===========================+===============+====================================================+
| 6       0                 | 91228         | VLLMWorker_TP            | 56701                   |
+===========================+===============+====================================================+
| 7       0                 | 439848        | python3                  | 21260                   |
+===========================+===============+====================================================+
 21:23:19 up 242 days,  8:59, 33 users,  load average: 58.11, 63.62, 58.50
END_UTC=2026-10-07T21:23:19Z
