SNAPSHOT_UTC=2026-10-08T11:43:41Z

=== host ===
hwnput3

=== all NPU HBM and process snapshot ===
+------------------------------------------------------------------------------------------------+
| npu-smi 25.0.rc1.1               Version: 25.0.rc1.1                                           |
+---------------------------+---------------+----------------------------------------------------+
| NPU   Name                | Health        | Power(W)    Temp(C)           Hugepages-Usage(page)|
| Chip                      | Bus-Id        | AICore(%)   Memory-Usage(MB)  HBM-Usage(MB)        |
+===========================+===============+====================================================+
| 0     910B3               | OK            | 113.5       30                0    / 0             |
| 0                         | 0000:C1:00.0  | 1           0    / 0          9130 / 65536         |
+===========================+===============+====================================================+
| 1     910B3               | OK            | 181.9       38                0    / 0             |
| 0                         | 0000:C2:00.0  | 35          0    / 0          24083/ 65536         |
+===========================+===============+====================================================+
| 2     910B3               | OK            | 98.1        32                0    / 0             |
| 0                         | 0000:81:00.0  | 1           0    / 0          6439 / 65536         |
+===========================+===============+====================================================+
| 3     910B3               | OK            | 90.7        29                0    / 0             |
| 0                         | 0000:82:00.0  | 0           0    / 0          3427 / 65536         |
+===========================+===============+====================================================+
| 4     910B3               | OK            | 197.5       56                0    / 0             |
| 0                         | 0000:01:00.0  | 58          0    / 0          59192/ 65536         |
+===========================+===============+====================================================+
| 5     910B3               | OK            | 167.3       51                0    / 0             |
| 0                         | 0000:02:00.0  | 45          0    / 0          60222/ 65536         |
+===========================+===============+====================================================+
| 6     910B3               | OK            | 169.5       48                0    / 0             |
| 0                         | 0000:41:00.0  | 44          0    / 0          60222/ 65536         |
+===========================+===============+====================================================+
| 7     910B3               | OK            | 168.1       42                0    / 0             |
| 0                         | 0000:42:00.0  | 15          0    / 0          28838/ 65536         |
+===========================+===============+====================================================+
+---------------------------+---------------+----------------------------------------------------+
| NPU     Chip              | Process id    | Process name             | Process memory(MB)      |
+===========================+===============+====================================================+
| 0       0                 | 251901        | python                   | 5752                    |
+===========================+===============+====================================================+
| 1       0                 | 3150467       | python                   | 5748                    |
| 1       0                 | 203339        | python                   | 14957                   |
+===========================+===============+====================================================+
| 2       0                 | 2532306       | python                   | 3070                    |
+===========================+===============+====================================================+
| No running processes found in NPU 3                                                            |
+===========================+===============+====================================================+
| 4       0                 | 2999855       | VLLMEngineCor            | 55666                   |
+===========================+===============+====================================================+
| 5       0                 | 89602         | VLLMWorker_TP            | 56700                   |
+===========================+===============+====================================================+
| 6       0                 | 91228         | VLLMWorker_TP            | 56701                   |
+===========================+===============+====================================================+
| 7       0                 | 439848        | python3                  | 21260                   |
| 7       0                 | 2532308       | python                   | 4100                    |
+===========================+===============+====================================================+

=== device 0 detailed usages ===
	NPU ID                         : 0
	Chip Count                     : 1

	DDR Capacity(MB)               : 0
	DDR Usage Rate(%)              : 0
	DDR Hugepages Total(page)      : 0
	DDR Hugepages Usage Rate(%)    : 0
	HBM Capacity(MB)               : 65536
	HBM Usage Rate(%)              : 13
	Aicore Usage Rate(%)           : 1
	Aivector Usage Rate(%)         : 0
	Aicpu Usage Rate(%)            : 0
	Ctrlcpu Usage Rate(%)          : 8
	DDR Bandwidth Usage Rate(%)    : 0
	HBM Bandwidth Usage Rate(%)    : 7
	Chip ID                        : 0


=== host load ===
 11:43:43 up 242 days, 23:19, 36 users,  load average: 38.79, 53.24, 63.82

=== V053 Local runner processes ===
DEVICE_0_HBM_USED_MB=9130
DEVICE_0_HBM_TOTAL_MB=65536
DEVICE_0_FREE_HBM_MB=56406
