-- CMAKE_ASC_COMPILER: /usr/local/Ascend/ascend-toolkit/latest/compiler/ccec_compiler/bin/bisheng
CMake Warning at /usr/local/Ascend/ascend-toolkit/latest/aarch64-linux/tikcpp/ascendc_kernel_cmake/ASC_CMake/CMakeDetermineASCCompiler.cmake:57 (message):
  CMAKE_INSTALL_PREFIX is not set.  Set to default value
  /home/data4t2/lelinfeng/cann-row-scale-hoist-x-w4/本地实验/ROW-SCALE-HOIST-X/V053/local/out.
Call Stack (most recent call first):
  CMakeLists.txt:4 (project)


-- CMAKE_BUILD_TYPE: Release
-- CMAKE_INSTALL_PREFIX: /home/data4t2/lelinfeng/cann-row-scale-hoist-x-w4/本地实验/ROW-SCALE-HOIST-X/V053/local/out
-- ASCEND_CANN_PACKAGE_PATH: /usr/local/Ascend/ascend-toolkit/latest
-- CMAKE_ASC_LLD_LINKER: /usr/local/Ascend/ascend-toolkit/latest/tools/ccec_compiler/bin/ld.lld
-- The CXX compiler identification is GNU 11.4.0
-- Detecting CXX compiler ABI info
-- Detecting CXX compiler ABI info - done
-- Check for working CXX compiler: /usr/bin/c++ - skipped
-- Detecting CXX compile features
-- Detecting CXX compile features - done
-- Configuring done
-- Generating done
-- Build files have been written to: /tmp/cann-row-scale-hoist-x-v053-local-20261008T113732Z
[ 50%] Building ASC object CMakeFiles/v053_local_parent.dir/parent_runner.asc.o
PlugIn Err: can not find ASCEND_HOME_PATH.
PlugIn Err: can not find ASCEND_HOME_PATH.
/home/data4t2/lelinfeng/cann-row-scale-hoist-x-w4/本地实验/ROW-SCALE-HOIST-X/V053/local/parent_runner.asc:1:10: fatal error: 'acl/acl.h' file not found
#include <acl/acl.h>
         ^~~~~~~~~~~
PLEASE submit a bug report to https://github.com/llvm/llvm-project/issues/ and include the crash backtrace, preprocessed source, and associated run script.
Stack dump:
0.	Program arguments: /usr/local/Ascend/ascend-toolkit/8.5.0.alpha002/aarch64-linux/ccec_compiler/bin/bisheng -I /aarch64-linux/include -I /toolkit/toolchain/hcc/aarch64-target-linux-gnu/include -I /toolkit/toolchain/hcc/aarch64-target-linux-gnu/include/c++/7.3.0 -I /toolkit/toolchain/hcc/aarch64-target-linux-gnu/include/c++/7.3.0/aarch64-target-linux-gnu -I /toolkit/toolchain/hcc/aarch64-target-linux-gnu/include/c++/7.3.0/backward -Xaicore-start -O3 -std=c++17 -Xaicore-end -Xhost-start -fPIC -O2 -Xhost-end --npu-arch=dav-2201 -Xaicore-start -Xaicore-end -Xhost-start -isystem /toolkit/toolchain/hcc/aarch64-target-linux-gnu/include -isystem /toolkit/toolchain/hcc/aarch64-target-linux-gnu/include/c++/7.3.0 -isystem /toolkit/toolchain/hcc/aarch64-target-linux-gnu/include/c++/7.3.0/aarch64-target-linux-gnu -isystem /toolkit/toolchain/hcc/aarch64-target-linux-gnu/include/c++/7.3.0/backward -Xhost-end -MD -MT CMakeFiles/v053_local_parent.dir/parent_runner.asc.o -MF CMakeFiles/v053_local_parent.dir/parent_runner.asc.o.d -x asc --cce-aicore-arch=dav-c220 "-DBS_PLUGIN_DRIVER_ARGS_MACRO=\"-I/aarch64-linux/include -I/toolkit/toolchain/hcc/aarch64-target-linux-gnu/include -I/toolkit/toolchain/hcc/aarch64-target-linux-gnu/include/c++/7.3.0 -I/toolkit/toolchain/hcc/aarch64-target-linux-gnu/include/c++/7.3.0/aarch64-target-linux-gnu -I/toolkit/toolchain/hcc/aarch64-target-linux-gnu/include/c++/7.3.0/backward -Xaicore-start -O3 -std=c++17 -Xaicore-end -Xhost-start -fPIC -O2 -Xhost-end --npu-arch=dav-2201 -Xaicore-start -Xaicore-end -Xhost-start -isystem/toolkit/toolchain/hcc/aarch64-target-linux-gnu/include -isystem/toolkit/toolchain/hcc/aarch64-target-linux-gnu/include/c++/7.3.0 -isystem/toolkit/toolchain/hcc/aarch64-target-linux-gnu/include/c++/7.3.0/aarch64-target-linux-gnu -isystem/toolkit/toolchain/hcc/aarch64-target-linux-gnu/include/c++/7.3.0/backward -Xhost-end -MD -MT CMakeFiles/v053_local_parent.dir/parent_runner.asc.o -MF CMakeFiles/v053_local_parent.dir/parent_runner.asc.o.d -o CMakeFiles/v053_local_parent.dir/parent_runner.asc.o -c -x asc /home/data4t2/lelinfeng/cann-row-scale-hoist-x-w4/\346\234\254\345\234\260\345\256\236\351\252\214/ROW-SCALE-HOIST-X/V053/local/parent_runner.asc \"" -run-bisheng-plugin -o /tmp/bisheng-plugin-output-f31ee1.json /home/data4t2/lelinfeng/cann-row-scale-hoist-x-w4/\346\234\254\345\234\260\345\256\236\351\252\214/ROW-SCALE-HOIST-X/V053/local/parent_runner.asc
1.	<eof> parser at end of file
2.	Per-file LLVM IR generation
Stack dump without symbol names (ensure you have llvm-symbolizer in your PATH or set the environment var `LLVM_SYMBOLIZER_PATH` to point to it):
/usr/local/Ascend/ascend-toolkit/8.5.0.alpha002/aarch64-linux/ccec_compiler/bin/bisheng(+0x2c6eb9c)[0xaaaaebebeb9c]
/usr/local/Ascend/ascend-toolkit/8.5.0.alpha002/aarch64-linux/ccec_compiler/bin/bisheng(_ZN4llvm3sys15CleanupOnSignalEm+0x1a8)[0xaaaaebebcbe8]
/usr/local/Ascend/ascend-toolkit/8.5.0.alpha002/aarch64-linux/ccec_compiler/bin/bisheng(+0x2bb3f18)[0xaaaaebe03f18]
linux-vdso.so.1(__kernel_rt_sigreturn+0x0)[0xffff887877dc]
/usr/local/Ascend/ascend-toolkit/8.5.0.alpha002/aarch64-linux/ccec_compiler/bin/bisheng(_ZNK5clang14bisheng_plugin11PluginProxy10PreCompileEv+0x24)[0xaaaaef09e64c]
/usr/local/Ascend/ascend-toolkit/8.5.0.alpha002/aarch64-linux/ccec_compiler/bin/bisheng(_ZN5clang14bisheng_plugin23getKernelPluginStubJsonERN4llvm4json6ObjectE+0x1fc)[0xaaaaeeb2abdc]
/usr/local/Ascend/ascend-toolkit/8.5.0.alpha002/aarch64-linux/ccec_compiler/bin/bisheng(+0x3bf1360)[0xaaaaece41360]
/usr/local/Ascend/ascend-toolkit/8.5.0.alpha002/aarch64-linux/ccec_compiler/bin/bisheng(_ZN5clang8ParseASTERNS_4SemaEbb+0xb2c)[0xaaaaedb5d1fc]
/usr/local/Ascend/ascend-toolkit/8.5.0.alpha002/aarch64-linux/ccec_compiler/bin/bisheng(_ZN5clang13CodeGenAction13ExecuteActionEv+0x5f4)[0xaaaaece40dcc]
/usr/local/Ascend/ascend-toolkit/8.5.0.alpha002/aarch64-linux/ccec_compiler/bin/bisheng(_ZN5clang14FrontendAction7ExecuteEv+0xd4)[0xaaaaec896bcc]
/usr/local/Ascend/ascend-toolkit/8.5.0.alpha002/aarch64-linux/ccec_compiler/bin/bisheng(_ZN5clang16CompilerInstance13ExecuteActionERNS_14FrontendActionE+0x24c)[0xaaaaec83db64]
/usr/local/Ascend/ascend-toolkit/8.5.0.alpha002/aarch64-linux/ccec_compiler/bin/bisheng(_ZN5clang25ExecuteCompilerInvocationEPNS_16CompilerInstanceE+0x3f4)[0xaaaaec965a0c]
/usr/local/Ascend/ascend-toolkit/8.5.0.alpha002/aarch64-linux/ccec_compiler/bin/bisheng(_Z8cc1_mainN4llvm8ArrayRefIPKcEES2_Pv+0x1180)[0xaaaaea3ad9c0]
/usr/local/Ascend/ascend-toolkit/8.5.0.alpha002/aarch64-linux/ccec_compiler/bin/bisheng(+0x1155ca0)[0xaaaaea3a5ca0]
/usr/local/Ascend/ascend-toolkit/8.5.0.alpha002/aarch64-linux/ccec_compiler/bin/bisheng(+0x346ba68)[0xaaaaec6bba68]
/usr/local/Ascend/ascend-toolkit/8.5.0.alpha002/aarch64-linux/ccec_compiler/bin/bisheng(_ZN4llvm20CrashRecoveryContext9RunSafelyENS_12function_refIFvvEEE+0x40)[0xaaaaebe047d0]
/usr/local/Ascend/ascend-toolkit/8.5.0.alpha002/aarch64-linux/ccec_compiler/bin/bisheng(_ZNK5clang6driver10CC1Command7ExecuteEN4llvm8ArrayRefINS2_8OptionalINS2_9StringRefEEEEEPSsPb+0x1d8)[0xaaaaec6be250]
/usr/local/Ascend/ascend-toolkit/8.5.0.alpha002/aarch64-linux/ccec_compiler/bin/bisheng(_ZNK5clang6driver11Compilation14ExecuteCommandERKNS0_7CommandERPS3_b+0x24c)[0xaaaaec68b05c]
/usr/local/Ascend/ascend-toolkit/8.5.0.alpha002/aarch64-linux/ccec_compiler/bin/bisheng(_ZNK5clang6driver11Compilation11ExecuteJobsERKNS0_7JobListERN4llvm15SmallVectorImplISt4pairIiPKNS0_7CommandEEEEb+0xc4)[0xaaaaec68b894]
/usr/local/Ascend/ascend-toolkit/8.5.0.alpha002/aarch64-linux/ccec_compiler/bin/bisheng(_ZN5clang6driver6Driver18ExecuteCompilationERNS0_11CompilationERN4llvm15SmallVectorImplISt4pairIiPKNS0_7CommandEEEE+0x334)[0xaaaaec6ba84c]
/usr/local/Ascend/ascend-toolkit/8.5.0.alpha002/aarch64-linux/ccec_compiler/bin/bisheng(_Z10clang_mainiPPc+0x26c4)[0xaaaaea3ab26c]
/lib/aarch64-linux-gnu/libc.so.6(+0x27400)[0xffff88237400]
/lib/aarch64-linux-gnu/libc.so.6(__libc_start_main+0x98)[0xffff882374d8]
/usr/local/Ascend/ascend-toolkit/8.5.0.alpha002/aarch64-linux/ccec_compiler/bin/bisheng(+0x1155a40)[0xaaaaea3a5a40]
bisheng: error: clang frontend command failed with exit code 139 (use -v to see invocation)
2025-11-27T21:34:53+08:00 clang version 15.0.5 (clang-5c68a1cb1231 flang-5c68a1cb1231)
Target: aarch64-unknown-linux-gnu
Thread model: posix
InstalledDir: /usr/local/Ascend/ascend-toolkit/8.5.0.alpha002/aarch64-linux/ccec_compiler/bin
gmake[3]: *** [CMakeFiles/v053_local_parent.dir/build.make:76: CMakeFiles/v053_local_parent.dir/parent_runner.asc.o] Error 1
gmake[2]: *** [CMakeFiles/Makefile2:85: CMakeFiles/v053_local_parent.dir/all] Error 2
gmake[1]: *** [CMakeFiles/Makefile2:92: CMakeFiles/v053_local_parent.dir/rule] Error 2
gmake: *** [Makefile:124: v053_local_parent] Error 2
