tar: Ignoring unknown extended header keyword 'LIBARCHIVE.xattr.com.apple.provenance'
tar: Ignoring unknown extended header keyword 'LIBARCHIVE.xattr.com.apple.provenance'
tar: Ignoring unknown extended header keyword 'LIBARCHIVE.xattr.com.apple.provenance'
tar: Ignoring unknown extended header keyword 'LIBARCHIVE.xattr.com.apple.provenance'
tar: Ignoring unknown extended header keyword 'LIBARCHIVE.xattr.com.apple.provenance'
tar: Ignoring unknown extended header keyword 'LIBARCHIVE.xattr.com.apple.provenance'
tar: Ignoring unknown extended header keyword 'LIBARCHIVE.xattr.com.apple.provenance'
tar: Ignoring unknown extended header keyword 'LIBARCHIVE.xattr.com.apple.provenance'
2026-10-08T03:42:41Z
	NPU ID                         : 3
	Chip Count                     : 1

	DDR Capacity(MB)               : 0
	DDR Usage Rate(%)              : 0
	DDR Hugepages Total(page)      : 0
	DDR Hugepages Usage Rate(%)    : 0
	HBM Capacity(MB)               : 65536
	HBM Usage Rate(%)              : 7
	Aicore Usage Rate(%)           : 1
	Aivector Usage Rate(%)         : 2
	Aicpu Usage Rate(%)            : 0
	Ctrlcpu Usage Rate(%)          : 3
	DDR Bandwidth Usage Rate(%)    : 0
	HBM Bandwidth Usage Rate(%)    : 0
	Chip ID                        : 0
DEVICE_ID=3 FREE_HBM_MB=60948
55.67 56.77 51.93 29/15797 2574961
	NPU ID                         : 3
	Chip Count                     : 1

	Process id:2532307 Process name:python            Process memory(MB):1434
	Chip ID                        : 0

ROUTE=W4-R09 REVISION=V001 STAGE=compile CANN=/usr/local/Ascend/ascend-toolkit/8.5.0.alpha002
2025-11-27T21:34:53+08:00 clang version 15.0.5 (clang-5c68a1cb1231 flang-5c68a1cb1231)
Target: aarch64-unknown-linux-gnu
Thread model: posix
InstalledDir: /usr/local/Ascend/ascend-toolkit/8.5.0.alpha002/compiler/ccec_compiler/bin
-- CMAKE_ASC_COMPILER: /usr/local/Ascend/ascend-toolkit/8.5.0.alpha002/compiler/ccec_compiler/bin/bisheng
-- CMAKE_BUILD_TYPE: Release
-- CMAKE_INSTALL_PREFIX: /home/data4t2/lelinfeng/cann/server_runs/W4-R09/V001/support/out
-- ASCEND_CANN_PACKAGE_PATH: /usr/local/Ascend/ascend-toolkit/8.5.0.alpha002
-- CMAKE_ASC_LLD_LINKER: /usr/local/Ascend/ascend-toolkit/8.5.0.alpha002/tools/ccec_compiler/bin/ld.lld
CMake Warning at /usr/local/Ascend/ascend-toolkit/8.5.0.alpha002/aarch64-linux/tikcpp/ascendc_kernel_cmake/ASC_CMake/CMakeDetermineASCCompiler.cmake:57 (message):
  CMAKE_INSTALL_PREFIX is not set.  Set to default value
  /home/data4t2/lelinfeng/cann/server_runs/W4-R09/V001/support/out.
Call Stack (most recent call first):
  CMakeLists.txt:13 (project)


-- The CXX compiler identification is GNU 11.4.0
-- Detecting CXX compiler ABI info
-- Detecting CXX compiler ABI info - done
-- Check for working CXX compiler: /usr/bin/c++ - skipped
-- Detecting CXX compile features
-- Detecting CXX compile features - done
-- Configuring done
-- Generating done
-- Build files have been written to: /home/data4t2/lelinfeng/cann/server_runs/W4-R09/V001/build
[ 16%] Building ASC object CMakeFiles/w4r09_v001_parent.dir/parent_adapter.asc.o
[ 33%] Building ASC object CMakeFiles/w4r09_v001_candidate.dir/candidate_adapter.asc.o
/tmp/asc_plugin_binary_register_code-32c95a.c:3:10: fatal error: 'vector' file not found
#include <vector>
         ^~~~~~~~
1 error generated.
cceld: ccec ReturnCode: 1
cceld: ExecutionFailed: 0
cceld: ErrMsg: 
/usr/local/Ascend/ascend-toolkit/8.5.0.alpha002/aarch64-linux/ccec_compiler/bin/llvm-objcopy: error: '/tmp/cce_all_link-965222.o': No such file or directory
cceld: ccec ReturnCode: 1
cceld: ObjcopyExecutionFailed: 0
cceld: ObjcopyErrMsg: 
ld.lld: error: cannot open /tmp/cce_all_link-965222.o: No such file or directory
cceld: ccec ReturnCode: 1
cceld: RelocatedLinkedExecutionFailed: 0
cceld: RelocatedLinkedObjcopyErrMsg: 
/usr/local/Ascend/ascend-toolkit/8.5.0.alpha002/aarch64-linux/ccec_compiler/bin/llvm-objcopy: error: cceld: ccec ReturnCode: 1
cceld: LocalFixedExecutionFailed: 0
cceld: LocalFixedErrMsg: 
cceld: Linker ReturnCode: 1
cceld: ExecutionFailed: 0
cceld: ErrMsg: 
'/tmp/cce_relocated_linked_static_object-4c5203.o': The file was not recognized as a valid object file
ld.lld: error: target emulation unknown: -m or at least one .o file required
bisheng: error: linker command failed with exit code 1 (use -v to see invocation)
gmake[2]: *** [CMakeFiles/w4r09_v001_parent.dir/build.make:76: CMakeFiles/w4r09_v001_parent.dir/parent_adapter.asc.o] Error 1
gmake[1]: *** [CMakeFiles/Makefile2:87: CMakeFiles/w4r09_v001_parent.dir/all] Error 2
gmake[1]: *** Waiting for unfinished jobs....
/tmp/asc_plugin_binary_register_code-dab819.c:3:10: fatal error: 'vector' file not found
#include <vector>
         ^~~~~~~~
1 error generated.
cceld: ccec ReturnCode: 1
cceld: ExecutionFailed: 0
cceld: ErrMsg: 
/usr/local/Ascend/ascend-toolkit/8.5.0.alpha002/aarch64-linux/ccec_compiler/bin/llvm-objcopy: error: '/tmp/cce_all_link-b64928.o': cceld: ccec ReturnCode: 1
cceld: ObjcopyExecutionFailed: 0
cceld: ObjcopyErrMsg: 
No such file or directory
cceld: ccec ReturnCode: 1
cceld: RelocatedLinkedExecutionFailed: 0
cceld: RelocatedLinkedObjcopyErrMsg: 
ld.lld: error: cannot open /tmp/cce_all_link-b64928.o: No such file or directory
/usr/local/Ascend/ascend-toolkit/8.5.0.alpha002/aarch64-linux/ccec_compiler/bin/llvm-objcopy: error: '/tmp/cce_relocated_linked_static_object-03fc2f.o': The file was not recognized as a valid object file
cceld: ccec ReturnCode: 1
cceld: LocalFixedExecutionFailed: 0
cceld: LocalFixedErrMsg: 
ld.lld: error: target emulation unknown: -m or at least one .o file required
cceld: Linker ReturnCode: 1
cceld: ExecutionFailed: 0
cceld: ErrMsg: 
bisheng: error: linker command failed with exit code 1 (use -v to see invocation)
gmake[2]: *** [CMakeFiles/w4r09_v001_candidate.dir/build.make:76: CMakeFiles/w4r09_v001_candidate.dir/candidate_adapter.asc.o] Error 1
gmake[1]: *** [CMakeFiles/Makefile2:113: CMakeFiles/w4r09_v001_candidate.dir/all] Error 2
gmake: *** [Makefile:136: all] Error 2
