2026-10-08T03:44:50Z
	NPU ID                         : 3
	Chip Count                     : 1

	DDR Capacity(MB)               : 0
	DDR Usage Rate(%)              : 0
	DDR Hugepages Total(page)      : 0
	DDR Hugepages Usage Rate(%)    : 0
	HBM Capacity(MB)               : 65536
	HBM Usage Rate(%)              : 7
	Aicore Usage Rate(%)           : 3
	Aivector Usage Rate(%)         : 1
	Aicpu Usage Rate(%)            : 0
	Ctrlcpu Usage Rate(%)          : 4
	DDR Bandwidth Usage Rate(%)    : 0
	HBM Bandwidth Usage Rate(%)    : 0
	Chip ID                        : 0
DEVICE_ID=3 FREE_HBM_MB=60948
52.37 57.23 52.89 21/15798 2601084
	NPU ID                         : 3
	Chip Count                     : 1

	Process id:2532307 Process name:python            Process memory(MB):1434
	Chip ID                        : 0

ROUTE=W4-R09 REVISION=V001 STAGE=compile CANN=/usr/local/Ascend/ascend-toolkit/8.5.0.alpha002
2025-11-27T21:34:53+08:00 clang version 15.0.5 (clang-5c68a1cb1231 flang-5c68a1cb1231)
Target: aarch64-unknown-linux-gnu
Thread model: posix
InstalledDir: /usr/local/Ascend/ascend-toolkit/8.5.0.alpha002/compiler/ccec_compiler/bin
-- Configuring done
-- Generating done
-- Build files have been written to: /home/data4t2/lelinfeng/cann/server_runs/W4-R09/V001/build
Consolidate compiler generated dependencies of target w4r09_v001_parent
Consolidate compiler generated dependencies of target w4r09_v001_candidate
[ 16%] Building ASC object CMakeFiles/w4r09_v001_parent.dir/parent_adapter.asc.o
[ 33%] Building ASC object CMakeFiles/w4r09_v001_candidate.dir/candidate_adapter.asc.o
[ 50%] Linking ASC shared library libw4r09_v001_parent.so
[ 50%] Built target w4r09_v001_parent
[ 66%] Linking ASC shared library libw4r09_v001_candidate.so
[ 66%] Built target w4r09_v001_candidate
[ 83%] Building CXX object CMakeFiles/w4r09_v001_paired_runner.dir/runner_main.cpp.o
[100%] Linking CXX executable w4r09_v001_paired_runner
[100%] Built target w4r09_v001_paired_runner
