2026-10-08T03:48:09Z
	NPU ID                         : 3
	Chip Count                     : 1

	DDR Capacity(MB)               : 0
	DDR Usage Rate(%)              : 0
	DDR Hugepages Total(page)      : 0
	DDR Hugepages Usage Rate(%)    : 0
	HBM Capacity(MB)               : 65536
	HBM Usage Rate(%)              : 7
	Aicore Usage Rate(%)           : 13
	Aivector Usage Rate(%)         : 3
	Aicpu Usage Rate(%)            : 0
	Ctrlcpu Usage Rate(%)          : 3
	DDR Bandwidth Usage Rate(%)    : 0
	HBM Bandwidth Usage Rate(%)    : 0
	Chip ID                        : 0
DEVICE_ID=3 FREE_HBM_MB=60948
68.59 59.88 54.58 19/16003 2645955
	NPU ID                         : 3
	Chip Count                     : 1

	Process id:2532307 Process name:python            Process memory(MB):1434
	Chip ID                        : 0

ROUTE=W4-R09 REVISION=V001 STAGE=same CANN=/usr/local/Ascend/ascend-toolkit/8.5.0.alpha002
RUNNER_ARGUMENTS=--mode same --device 3 --dtype fp16 --rows 16 --width 16384 --blocks 8 --warmups 45 --repeats 31 --output results/same-r16-d16384-b01.tsv 
CORRECTNESS proxy_only=1 parent=R31B_V011 candidate=W4-R09-V001 input=deterministic_fp16_pattern_v1 epsilon=9.9999997e-06 device=3 rows=16 width=16384 dtype=fp16 blocks=8 bit_differences=0 max_abs=0 tolerance_failures=0 nonfinite=0 result=PASS
REFERENCE side=parent reference=fp64_cpu_final_fp16 rows=16 width=16384 dtype=fp16 max_abs=0.00390625 atol=0.001953125 rtol=0.001953125 failures=0 elements=262144 nonfinite=0 result=PASS
REFERENCE side=candidate reference=fp64_cpu_final_fp16 rows=16 width=16384 dtype=fp16 max_abs=0.00390625 atol=0.001953125 rtol=0.001953125 failures=0 elements=262144 nonfinite=0 result=PASS
LOCAL_PROXY_ONLY parent=R31B_V011 candidate=R31B_V011_same_function input=deterministic_fp16_pattern_v1 epsilon=9.9999997e-06 order=alternating_PC_CP device_load=EXTERNAL_NOT_CAPTURED device=3 rows=16 width=16384 dtype=fp16 requested_blocks=8 effective_blocks=8 min_rows_per_block=2 max_rows_per_block=2 warmups=45 paired_samples=31
DEVICE_US median_parent=18.300001 median_candidate=15.900001 median_paired_delta=-0.100000 median_delta_pct=-0.7257 p05_parent=11.500000 p95_parent=37.420001 spread90_parent=25.920001 p05_candidate=12.520000 p95_candidate=34.960002 spread90_candidate=22.440001
WALL_US median_parent=71.600000 median_candidate=70.320000 median_paired_delta=-0.899000 p05_parent=62.621000 p95_parent=85.761000 spread90_parent=23.140000 p05_candidate=62.481000 p95_candidate=89.651000 spread90_candidate=27.170000
2026-10-08T03:48:15Z
	NPU ID                         : 3
	Chip Count                     : 1

	DDR Capacity(MB)               : 0
	DDR Usage Rate(%)              : 0
	DDR Hugepages Total(page)      : 0
	DDR Hugepages Usage Rate(%)    : 0
	HBM Capacity(MB)               : 65536
	HBM Usage Rate(%)              : 7
	Aicore Usage Rate(%)           : 16
	Aivector Usage Rate(%)         : 9
	Aicpu Usage Rate(%)            : 0
	Ctrlcpu Usage Rate(%)          : 6
	DDR Bandwidth Usage Rate(%)    : 0
	HBM Bandwidth Usage Rate(%)    : 0
	Chip ID                        : 0
DEVICE_ID=3 FREE_HBM_MB=60948
62.79 58.93 54.32 27/16013 2648106
	NPU ID                         : 3
	Chip Count                     : 1

	Process id:2532307 Process name:python            Process memory(MB):1434
	Chip ID                        : 0

RUNNER_EXIT=0
2026-10-08T03:48:16Z
	NPU ID                         : 3
	Chip Count                     : 1

	DDR Capacity(MB)               : 0
	DDR Usage Rate(%)              : 0
	DDR Hugepages Total(page)      : 0
	DDR Hugepages Usage Rate(%)    : 0
	HBM Capacity(MB)               : 65536
	HBM Usage Rate(%)              : 7
	Aicore Usage Rate(%)           : 13
	Aivector Usage Rate(%)         : 4
	Aicpu Usage Rate(%)            : 0
	Ctrlcpu Usage Rate(%)          : 4
	DDR Bandwidth Usage Rate(%)    : 0
	HBM Bandwidth Usage Rate(%)    : 0
	Chip ID                        : 0
DEVICE_ID=3 FREE_HBM_MB=60948
62.79 58.93 54.32 21/16009 2648726
	NPU ID                         : 3
	Chip Count                     : 1

	Process id:2532307 Process name:python            Process memory(MB):1434
	Chip ID                        : 0

ROUTE=W4-R09 REVISION=V001 STAGE=same CANN=/usr/local/Ascend/ascend-toolkit/8.5.0.alpha002
RUNNER_ARGUMENTS=--mode same --device 3 --dtype fp16 --rows 16 --width 16384 --blocks 8 --warmups 45 --repeats 31 --output results/same-r16-d16384-b02.tsv 
CORRECTNESS proxy_only=1 parent=R31B_V011 candidate=W4-R09-V001 input=deterministic_fp16_pattern_v1 epsilon=9.9999997e-06 device=3 rows=16 width=16384 dtype=fp16 blocks=8 bit_differences=0 max_abs=0 tolerance_failures=0 nonfinite=0 result=PASS
REFERENCE side=parent reference=fp64_cpu_final_fp16 rows=16 width=16384 dtype=fp16 max_abs=0.00390625 atol=0.001953125 rtol=0.001953125 failures=0 elements=262144 nonfinite=0 result=PASS
REFERENCE side=candidate reference=fp64_cpu_final_fp16 rows=16 width=16384 dtype=fp16 max_abs=0.00390625 atol=0.001953125 rtol=0.001953125 failures=0 elements=262144 nonfinite=0 result=PASS
LOCAL_PROXY_ONLY parent=R31B_V011 candidate=R31B_V011_same_function input=deterministic_fp16_pattern_v1 epsilon=9.9999997e-06 order=alternating_PC_CP device_load=EXTERNAL_NOT_CAPTURED device=3 rows=16 width=16384 dtype=fp16 requested_blocks=8 effective_blocks=8 min_rows_per_block=2 max_rows_per_block=2 warmups=45 paired_samples=31
DEVICE_US median_parent=18.160000 median_candidate=19.040000 median_paired_delta=0.360001 median_delta_pct=1.9737 p05_parent=11.360000 p95_parent=26.200000 spread90_parent=14.840000 p05_candidate=10.960000 p95_candidate=25.939999 spread90_candidate=14.980000
WALL_US median_parent=62.981000 median_candidate=62.910000 median_paired_delta=-0.081000 p05_parent=60.921000 p95_parent=72.961000 spread90_parent=12.040000 p05_candidate=60.241000 p95_candidate=84.811000 spread90_candidate=24.570000
2026-10-08T03:48:22Z
	NPU ID                         : 3
	Chip Count                     : 1

	DDR Capacity(MB)               : 0
	DDR Usage Rate(%)              : 0
	DDR Hugepages Total(page)      : 0
	DDR Hugepages Usage Rate(%)    : 0
	HBM Capacity(MB)               : 65536
	HBM Usage Rate(%)              : 7
	Aicore Usage Rate(%)           : 0
	Aivector Usage Rate(%)         : 0
	Aicpu Usage Rate(%)            : 0
	Ctrlcpu Usage Rate(%)          : 3
	DDR Bandwidth Usage Rate(%)    : 0
	HBM Bandwidth Usage Rate(%)    : 0
	Chip ID                        : 0
DEVICE_ID=3 FREE_HBM_MB=60948
60.24 58.47 54.20 23/15974 2649732
	NPU ID                         : 3
	Chip Count                     : 1

	Process id:2532307 Process name:python            Process memory(MB):1434
	Chip ID                        : 0

RUNNER_EXIT=0
2026-10-08T03:48:23Z
	NPU ID                         : 3
	Chip Count                     : 1

	DDR Capacity(MB)               : 0
	DDR Usage Rate(%)              : 0
	DDR Hugepages Total(page)      : 0
	DDR Hugepages Usage Rate(%)    : 0
	HBM Capacity(MB)               : 65536
	HBM Usage Rate(%)              : 7
	Aicore Usage Rate(%)           : 6
	Aivector Usage Rate(%)         : 3
	Aicpu Usage Rate(%)            : 0
	Ctrlcpu Usage Rate(%)          : 4
	DDR Bandwidth Usage Rate(%)    : 0
	HBM Bandwidth Usage Rate(%)    : 0
	Chip ID                        : 0
DEVICE_ID=3 FREE_HBM_MB=60948
60.24 58.47 54.20 24/16008 2650014
	NPU ID                         : 3
	Chip Count                     : 1

	Process id:2532307 Process name:python            Process memory(MB):1434
	Chip ID                        : 0

ROUTE=W4-R09 REVISION=V001 STAGE=same CANN=/usr/local/Ascend/ascend-toolkit/8.5.0.alpha002
RUNNER_ARGUMENTS=--mode same --device 3 --dtype fp16 --rows 128 --width 12288 --blocks 40 --warmups 45 --repeats 31 --output results/same-r128-d12288-b01.tsv 
CORRECTNESS proxy_only=1 parent=R31B_V011 candidate=W4-R09-V001 input=deterministic_fp16_pattern_v1 epsilon=9.9999997e-06 device=3 rows=128 width=12288 dtype=fp16 blocks=40 bit_differences=0 max_abs=0 tolerance_failures=0 nonfinite=0 result=PASS
REFERENCE side=parent reference=fp64_cpu_final_fp16 rows=128 width=12288 dtype=fp16 max_abs=0.00390625 atol=0.001953125 rtol=0.001953125 failures=0 elements=1572864 nonfinite=0 result=PASS
REFERENCE side=candidate reference=fp64_cpu_final_fp16 rows=128 width=12288 dtype=fp16 max_abs=0.00390625 atol=0.001953125 rtol=0.001953125 failures=0 elements=1572864 nonfinite=0 result=PASS
LOCAL_PROXY_ONLY parent=R31B_V011 candidate=R31B_V011_same_function input=deterministic_fp16_pattern_v1 epsilon=9.9999997e-06 order=alternating_PC_CP device_load=EXTERNAL_NOT_CAPTURED device=3 rows=128 width=12288 dtype=fp16 requested_blocks=40 effective_blocks=40 min_rows_per_block=3 max_rows_per_block=4 warmups=45 paired_samples=31
DEVICE_US median_parent=19.940000 median_candidate=19.840000 median_paired_delta=-0.040000 median_delta_pct=-0.2250 p05_parent=17.160000 p95_parent=28.720001 spread90_parent=11.560000 p05_candidate=17.020000 p95_candidate=30.700000 spread90_candidate=13.680000
WALL_US median_parent=70.651000 median_candidate=68.980000 median_paired_delta=-0.970000 p05_parent=61.530000 p95_parent=86.190000 spread90_parent=24.660000 p05_candidate=61.761000 p95_candidate=78.491000 spread90_candidate=16.730000
2026-10-08T03:48:29Z
	NPU ID                         : 3
	Chip Count                     : 1

	DDR Capacity(MB)               : 0
	DDR Usage Rate(%)              : 0
	DDR Hugepages Total(page)      : 0
	DDR Hugepages Usage Rate(%)    : 0
	HBM Capacity(MB)               : 65536
	HBM Usage Rate(%)              : 7
	Aicore Usage Rate(%)           : 3
	Aivector Usage Rate(%)         : 3
	Aicpu Usage Rate(%)            : 0
	Ctrlcpu Usage Rate(%)          : 1
	DDR Bandwidth Usage Rate(%)    : 0
	HBM Bandwidth Usage Rate(%)    : 0
	Chip ID                        : 0
DEVICE_ID=3 FREE_HBM_MB=60948
58.54 58.14 54.12 28/16009 2650757
	NPU ID                         : 3
	Chip Count                     : 1

	Process id:2532307 Process name:python            Process memory(MB):1434
	Chip ID                        : 0

RUNNER_EXIT=0
2026-10-08T03:48:30Z
	NPU ID                         : 3
	Chip Count                     : 1

	DDR Capacity(MB)               : 0
	DDR Usage Rate(%)              : 0
	DDR Hugepages Total(page)      : 0
	DDR Hugepages Usage Rate(%)    : 0
	HBM Capacity(MB)               : 65536
	HBM Usage Rate(%)              : 7
	Aicore Usage Rate(%)           : 5
	Aivector Usage Rate(%)         : 3
	Aicpu Usage Rate(%)            : 0
	Ctrlcpu Usage Rate(%)          : 11
	DDR Bandwidth Usage Rate(%)    : 0
	HBM Bandwidth Usage Rate(%)    : 0
	Chip ID                        : 0
DEVICE_ID=3 FREE_HBM_MB=60948
56.42 57.71 54.00 25/15997 2651234
	NPU ID                         : 3
	Chip Count                     : 1

	Process id:2532307 Process name:python            Process memory(MB):1434
	Chip ID                        : 0

ROUTE=W4-R09 REVISION=V001 STAGE=same CANN=/usr/local/Ascend/ascend-toolkit/8.5.0.alpha002
RUNNER_ARGUMENTS=--mode same --device 3 --dtype fp16 --rows 128 --width 12288 --blocks 40 --warmups 45 --repeats 31 --output results/same-r128-d12288-b02.tsv 
CORRECTNESS proxy_only=1 parent=R31B_V011 candidate=W4-R09-V001 input=deterministic_fp16_pattern_v1 epsilon=9.9999997e-06 device=3 rows=128 width=12288 dtype=fp16 blocks=40 bit_differences=0 max_abs=0 tolerance_failures=0 nonfinite=0 result=PASS
REFERENCE side=parent reference=fp64_cpu_final_fp16 rows=128 width=12288 dtype=fp16 max_abs=0.00390625 atol=0.001953125 rtol=0.001953125 failures=0 elements=1572864 nonfinite=0 result=PASS
REFERENCE side=candidate reference=fp64_cpu_final_fp16 rows=128 width=12288 dtype=fp16 max_abs=0.00390625 atol=0.001953125 rtol=0.001953125 failures=0 elements=1572864 nonfinite=0 result=PASS
LOCAL_PROXY_ONLY parent=R31B_V011 candidate=R31B_V011_same_function input=deterministic_fp16_pattern_v1 epsilon=9.9999997e-06 order=alternating_PC_CP device_load=EXTERNAL_NOT_CAPTURED device=3 rows=128 width=12288 dtype=fp16 requested_blocks=40 effective_blocks=40 min_rows_per_block=3 max_rows_per_block=4 warmups=45 paired_samples=31
DEVICE_US median_parent=20.479999 median_candidate=19.800000 median_paired_delta=-1.920000 median_delta_pct=-7.3789 p05_parent=16.759999 p95_parent=67.740001 spread90_parent=50.980002 p05_candidate=16.840000 p95_candidate=42.520002 spread90_candidate=25.680002
WALL_US median_parent=71.601000 median_candidate=70.770000 median_paired_delta=-2.891000 p05_parent=62.340000 p95_parent=118.491000 spread90_parent=56.151000 p05_candidate=62.191000 p95_candidate=106.320000 spread90_candidate=44.129000
2026-10-08T03:48:36Z
	NPU ID                         : 3
	Chip Count                     : 1

	DDR Capacity(MB)               : 0
	DDR Usage Rate(%)              : 0
	DDR Hugepages Total(page)      : 0
	DDR Hugepages Usage Rate(%)    : 0
	HBM Capacity(MB)               : 65536
	HBM Usage Rate(%)              : 7
	Aicore Usage Rate(%)           : 13
	Aivector Usage Rate(%)         : 12
	Aicpu Usage Rate(%)            : 0
	Ctrlcpu Usage Rate(%)          : 4
	DDR Bandwidth Usage Rate(%)    : 0
	HBM Bandwidth Usage Rate(%)    : 4
	Chip ID                        : 0
DEVICE_ID=3 FREE_HBM_MB=60948
54.30 57.25 53.87 17/15992 2653209
	NPU ID                         : 3
	Chip Count                     : 1

	Process id:2532307 Process name:python            Process memory(MB):1434
	Chip ID                        : 0

RUNNER_EXIT=0
2026-10-08T03:48:38Z
	NPU ID                         : 3
	Chip Count                     : 1

	DDR Capacity(MB)               : 0
	DDR Usage Rate(%)              : 0
	DDR Hugepages Total(page)      : 0
	DDR Hugepages Usage Rate(%)    : 0
	HBM Capacity(MB)               : 65536
	HBM Usage Rate(%)              : 7
	Aicore Usage Rate(%)           : 4
	Aivector Usage Rate(%)         : 13
	Aicpu Usage Rate(%)            : 0
	Ctrlcpu Usage Rate(%)          : 13
	DDR Bandwidth Usage Rate(%)    : 0
	HBM Bandwidth Usage Rate(%)    : 4
	Chip ID                        : 0
DEVICE_ID=3 FREE_HBM_MB=60948
54.30 57.25 53.87 25/16019 2653854
	NPU ID                         : 3
	Chip Count                     : 1

	Process id:2532307 Process name:python            Process memory(MB):1434
	Chip ID                        : 0

ROUTE=W4-R09 REVISION=V001 STAGE=local CANN=/usr/local/Ascend/ascend-toolkit/8.5.0.alpha002
RUNNER_ARGUMENTS=--mode local --device 3 --dtype fp16 --rows 16 --width 16384 --blocks 8 --warmups 45 --repeats 31 --output results/paired-r16-d16384-b01.tsv 
CORRECTNESS proxy_only=1 parent=R31B_V011 candidate=W4-R09-V001 input=deterministic_fp16_pattern_v1 epsilon=9.9999997e-06 device=3 rows=16 width=16384 dtype=fp16 blocks=8 bit_differences=0 max_abs=0 tolerance_failures=0 nonfinite=0 result=PASS
REFERENCE side=parent reference=fp64_cpu_final_fp16 rows=16 width=16384 dtype=fp16 max_abs=0.00390625 atol=0.001953125 rtol=0.001953125 failures=0 elements=262144 nonfinite=0 result=PASS
REFERENCE side=candidate reference=fp64_cpu_final_fp16 rows=16 width=16384 dtype=fp16 max_abs=0.00390625 atol=0.001953125 rtol=0.001953125 failures=0 elements=262144 nonfinite=0 result=PASS
LOCAL_PROXY_ONLY parent=R31B_V011 candidate=W4-R09-V001 input=deterministic_fp16_pattern_v1 epsilon=9.9999997e-06 order=alternating_PC_CP device_load=EXTERNAL_NOT_CAPTURED device=3 rows=16 width=16384 dtype=fp16 requested_blocks=8 effective_blocks=8 min_rows_per_block=2 max_rows_per_block=2 warmups=45 paired_samples=31
DEVICE_US median_parent=22.220001 median_candidate=19.719999 median_paired_delta=-1.800001 median_delta_pct=-7.5885 p05_parent=15.000000 p95_parent=38.260002 spread90_parent=23.260002 p05_candidate=12.360000 p95_candidate=31.760000 spread90_candidate=19.400000
WALL_US median_parent=71.651000 median_candidate=71.651000 median_paired_delta=-0.131000 p05_parent=64.781000 p95_parent=96.251000 spread90_parent=31.470000 p05_candidate=65.921000 p95_candidate=82.990000 spread90_candidate=17.069000
2026-10-08T03:48:43Z
	NPU ID                         : 3
	Chip Count                     : 1

	DDR Capacity(MB)               : 0
	DDR Usage Rate(%)              : 0
	DDR Hugepages Total(page)      : 0
	DDR Hugepages Usage Rate(%)    : 0
	HBM Capacity(MB)               : 65536
	HBM Usage Rate(%)              : 7
	Aicore Usage Rate(%)           : 15
	Aivector Usage Rate(%)         : 11
	Aicpu Usage Rate(%)            : 0
	Ctrlcpu Usage Rate(%)          : 11
	DDR Bandwidth Usage Rate(%)    : 0
	HBM Bandwidth Usage Rate(%)    : 1
	Chip ID                        : 0
DEVICE_ID=3 FREE_HBM_MB=60948
52.43 56.81 53.74 57/16002 2655342
	NPU ID                         : 3
	Chip Count                     : 1

	Process id:2532307 Process name:python            Process memory(MB):1434
	Chip ID                        : 0

RUNNER_EXIT=0
2026-10-08T03:48:44Z
	NPU ID                         : 3
	Chip Count                     : 1

	DDR Capacity(MB)               : 0
	DDR Usage Rate(%)              : 0
	DDR Hugepages Total(page)      : 0
	DDR Hugepages Usage Rate(%)    : 0
	HBM Capacity(MB)               : 65536
	HBM Usage Rate(%)              : 7
	Aicore Usage Rate(%)           : 5
	Aivector Usage Rate(%)         : 9
	Aicpu Usage Rate(%)            : 0
	Ctrlcpu Usage Rate(%)          : 5
	DDR Bandwidth Usage Rate(%)    : 0
	HBM Bandwidth Usage Rate(%)    : 1
	Chip ID                        : 0
DEVICE_ID=3 FREE_HBM_MB=60948
52.43 56.81 53.74 20/16002 2655613
	NPU ID                         : 3
	Chip Count                     : 1

	Process id:2532307 Process name:python            Process memory(MB):1434
	Chip ID                        : 0

ROUTE=W4-R09 REVISION=V001 STAGE=local CANN=/usr/local/Ascend/ascend-toolkit/8.5.0.alpha002
RUNNER_ARGUMENTS=--mode local --device 3 --dtype fp16 --rows 16 --width 16384 --blocks 8 --warmups 45 --repeats 31 --output results/paired-r16-d16384-b02.tsv 
CORRECTNESS proxy_only=1 parent=R31B_V011 candidate=W4-R09-V001 input=deterministic_fp16_pattern_v1 epsilon=9.9999997e-06 device=3 rows=16 width=16384 dtype=fp16 blocks=8 bit_differences=0 max_abs=0 tolerance_failures=0 nonfinite=0 result=PASS
REFERENCE side=parent reference=fp64_cpu_final_fp16 rows=16 width=16384 dtype=fp16 max_abs=0.00390625 atol=0.001953125 rtol=0.001953125 failures=0 elements=262144 nonfinite=0 result=PASS
REFERENCE side=candidate reference=fp64_cpu_final_fp16 rows=16 width=16384 dtype=fp16 max_abs=0.00390625 atol=0.001953125 rtol=0.001953125 failures=0 elements=262144 nonfinite=0 result=PASS
LOCAL_PROXY_ONLY parent=R31B_V011 candidate=W4-R09-V001 input=deterministic_fp16_pattern_v1 epsilon=9.9999997e-06 order=alternating_PC_CP device_load=EXTERNAL_NOT_CAPTURED device=3 rows=16 width=16384 dtype=fp16 requested_blocks=8 effective_blocks=8 min_rows_per_block=2 max_rows_per_block=2 warmups=45 paired_samples=31
DEVICE_US median_parent=24.000000 median_candidate=23.399999 median_paired_delta=-1.960000 median_delta_pct=-10.0293 p05_parent=16.380001 p95_parent=34.880001 spread90_parent=18.500000 p05_candidate=14.900000 p95_candidate=29.700000 spread90_candidate=14.800000
WALL_US median_parent=79.650000 median_candidate=80.401000 median_paired_delta=0.220000 p05_parent=71.071000 p95_parent=89.591000 spread90_parent=18.520000 p05_candidate=78.040000 p95_candidate=93.550000 spread90_candidate=15.510000
2026-10-08T03:48:50Z
	NPU ID                         : 3
	Chip Count                     : 1

	DDR Capacity(MB)               : 0
	DDR Usage Rate(%)              : 0
	DDR Hugepages Total(page)      : 0
	DDR Hugepages Usage Rate(%)    : 0
	HBM Capacity(MB)               : 65536
	HBM Usage Rate(%)              : 7
	Aicore Usage Rate(%)           : 0
	Aivector Usage Rate(%)         : 0
	Aicpu Usage Rate(%)            : 0
	Ctrlcpu Usage Rate(%)          : 2
	DDR Bandwidth Usage Rate(%)    : 0
	HBM Bandwidth Usage Rate(%)    : 0
	Chip ID                        : 0
DEVICE_ID=3 FREE_HBM_MB=60948
48.54 55.83 53.46 27/15969 2657033
	NPU ID                         : 3
	Chip Count                     : 1

	Process id:2532307 Process name:python            Process memory(MB):1434
	Chip ID                        : 0

RUNNER_EXIT=0
2026-10-08T03:48:51Z
	NPU ID                         : 3
	Chip Count                     : 1

	DDR Capacity(MB)               : 0
	DDR Usage Rate(%)              : 0
	DDR Hugepages Total(page)      : 0
	DDR Hugepages Usage Rate(%)    : 0
	HBM Capacity(MB)               : 65536
	HBM Usage Rate(%)              : 7
	Aicore Usage Rate(%)           : 15
	Aivector Usage Rate(%)         : 7
	Aicpu Usage Rate(%)            : 0
	Ctrlcpu Usage Rate(%)          : 4
	DDR Bandwidth Usage Rate(%)    : 0
	HBM Bandwidth Usage Rate(%)    : 0
	Chip ID                        : 0
DEVICE_ID=3 FREE_HBM_MB=60948
48.54 55.83 53.46 20/15997 2657651
	NPU ID                         : 3
	Chip Count                     : 1

	Process id:2532307 Process name:python            Process memory(MB):1434
	Chip ID                        : 0

ROUTE=W4-R09 REVISION=V001 STAGE=local CANN=/usr/local/Ascend/ascend-toolkit/8.5.0.alpha002
RUNNER_ARGUMENTS=--mode local --device 3 --dtype fp16 --rows 16 --width 16384 --blocks 8 --warmups 45 --repeats 31 --output results/paired-r16-d16384-b03.tsv 
CORRECTNESS proxy_only=1 parent=R31B_V011 candidate=W4-R09-V001 input=deterministic_fp16_pattern_v1 epsilon=9.9999997e-06 device=3 rows=16 width=16384 dtype=fp16 blocks=8 bit_differences=0 max_abs=0 tolerance_failures=0 nonfinite=0 result=PASS
REFERENCE side=parent reference=fp64_cpu_final_fp16 rows=16 width=16384 dtype=fp16 max_abs=0.00390625 atol=0.001953125 rtol=0.001953125 failures=0 elements=262144 nonfinite=0 result=PASS
REFERENCE side=candidate reference=fp64_cpu_final_fp16 rows=16 width=16384 dtype=fp16 max_abs=0.00390625 atol=0.001953125 rtol=0.001953125 failures=0 elements=262144 nonfinite=0 result=PASS
LOCAL_PROXY_ONLY parent=R31B_V011 candidate=W4-R09-V001 input=deterministic_fp16_pattern_v1 epsilon=9.9999997e-06 order=alternating_PC_CP device_load=EXTERNAL_NOT_CAPTURED device=3 rows=16 width=16384 dtype=fp16 requested_blocks=8 effective_blocks=8 min_rows_per_block=2 max_rows_per_block=2 warmups=45 paired_samples=31
DEVICE_US median_parent=15.620000 median_candidate=16.279999 median_paired_delta=0.700000 median_delta_pct=5.2474 p05_parent=11.060000 p95_parent=25.599999 spread90_parent=14.539999 p05_candidate=12.020000 p95_candidate=28.160000 spread90_candidate=16.140000
WALL_US median_parent=64.091000 median_candidate=63.690000 median_paired_delta=-1.011000 p05_parent=62.351000 p95_parent=90.151000 spread90_parent=27.800000 p05_candidate=61.751000 p95_candidate=80.381000 spread90_candidate=18.630000
2026-10-08T03:48:57Z
	NPU ID                         : 3
	Chip Count                     : 1

	DDR Capacity(MB)               : 0
	DDR Usage Rate(%)              : 0
	DDR Hugepages Total(page)      : 0
	DDR Hugepages Usage Rate(%)    : 0
	HBM Capacity(MB)               : 65536
	HBM Usage Rate(%)              : 7
	Aicore Usage Rate(%)           : 9
	Aivector Usage Rate(%)         : 10
	Aicpu Usage Rate(%)            : 0
	Ctrlcpu Usage Rate(%)          : 2
	DDR Bandwidth Usage Rate(%)    : 0
	HBM Bandwidth Usage Rate(%)    : 0
	Chip ID                        : 0
DEVICE_ID=3 FREE_HBM_MB=60948
47.05 55.40 53.33 28/15977 2659043
	NPU ID                         : 3
	Chip Count                     : 1

	Process id:2532307 Process name:python            Process memory(MB):1434
	Chip ID                        : 0

RUNNER_EXIT=0
2026-10-08T03:48:58Z
	NPU ID                         : 3
	Chip Count                     : 1

	DDR Capacity(MB)               : 0
	DDR Usage Rate(%)              : 0
	DDR Hugepages Total(page)      : 0
	DDR Hugepages Usage Rate(%)    : 0
	HBM Capacity(MB)               : 65536
	HBM Usage Rate(%)              : 7
	Aicore Usage Rate(%)           : 1
	Aivector Usage Rate(%)         : 6
	Aicpu Usage Rate(%)            : 0
	Ctrlcpu Usage Rate(%)          : 13
	DDR Bandwidth Usage Rate(%)    : 0
	HBM Bandwidth Usage Rate(%)    : 0
	Chip ID                        : 0
DEVICE_ID=3 FREE_HBM_MB=60948
47.05 55.40 53.33 28/15959 2659907
	NPU ID                         : 3
	Chip Count                     : 1

	Process id:2532307 Process name:python            Process memory(MB):1434
	Chip ID                        : 0

ROUTE=W4-R09 REVISION=V001 STAGE=local CANN=/usr/local/Ascend/ascend-toolkit/8.5.0.alpha002
RUNNER_ARGUMENTS=--mode local --device 3 --dtype fp16 --rows 16 --width 16384 --blocks 8 --warmups 45 --repeats 31 --output results/paired-r16-d16384-b04.tsv 
CORRECTNESS proxy_only=1 parent=R31B_V011 candidate=W4-R09-V001 input=deterministic_fp16_pattern_v1 epsilon=9.9999997e-06 device=3 rows=16 width=16384 dtype=fp16 blocks=8 bit_differences=0 max_abs=0 tolerance_failures=0 nonfinite=0 result=PASS
REFERENCE side=parent reference=fp64_cpu_final_fp16 rows=16 width=16384 dtype=fp16 max_abs=0.00390625 atol=0.001953125 rtol=0.001953125 failures=0 elements=262144 nonfinite=0 result=PASS
REFERENCE side=candidate reference=fp64_cpu_final_fp16 rows=16 width=16384 dtype=fp16 max_abs=0.00390625 atol=0.001953125 rtol=0.001953125 failures=0 elements=262144 nonfinite=0 result=PASS
LOCAL_PROXY_ONLY parent=R31B_V011 candidate=W4-R09-V001 input=deterministic_fp16_pattern_v1 epsilon=9.9999997e-06 order=alternating_PC_CP device_load=EXTERNAL_NOT_CAPTURED device=3 rows=16 width=16384 dtype=fp16 requested_blocks=8 effective_blocks=8 min_rows_per_block=2 max_rows_per_block=2 warmups=45 paired_samples=31
DEVICE_US median_parent=19.600000 median_candidate=19.540001 median_paired_delta=-0.960000 median_delta_pct=-4.6829 p05_parent=12.620000 p95_parent=29.960001 spread90_parent=17.340001 p05_candidate=12.820000 p95_candidate=36.600001 spread90_candidate=23.780001
WALL_US median_parent=67.621000 median_candidate=67.221000 median_paired_delta=-0.191000 p05_parent=64.170000 p95_parent=106.561000 spread90_parent=42.391000 p05_candidate=65.221000 p95_candidate=77.721000 spread90_candidate=12.500000
2026-10-08T03:49:04Z
	NPU ID                         : 3
	Chip Count                     : 1

	DDR Capacity(MB)               : 0
	DDR Usage Rate(%)              : 0
	DDR Hugepages Total(page)      : 0
	DDR Hugepages Usage Rate(%)    : 0
	HBM Capacity(MB)               : 65536
	HBM Usage Rate(%)              : 7
	Aicore Usage Rate(%)           : 1
	Aivector Usage Rate(%)         : 1
	Aicpu Usage Rate(%)            : 0
	Ctrlcpu Usage Rate(%)          : 3
	DDR Bandwidth Usage Rate(%)    : 0
	HBM Bandwidth Usage Rate(%)    : 2
	Chip ID                        : 0
DEVICE_ID=3 FREE_HBM_MB=60948
45.77 55.00 53.21 19/15976 2660575
	NPU ID                         : 3
	Chip Count                     : 1

	Process id:2532307 Process name:python            Process memory(MB):1434
	Chip ID                        : 0

RUNNER_EXIT=0
2026-10-08T03:49:05Z
	NPU ID                         : 3
	Chip Count                     : 1

	DDR Capacity(MB)               : 0
	DDR Usage Rate(%)              : 0
	DDR Hugepages Total(page)      : 0
	DDR Hugepages Usage Rate(%)    : 0
	HBM Capacity(MB)               : 65536
	HBM Usage Rate(%)              : 7
	Aicore Usage Rate(%)           : 1
	Aivector Usage Rate(%)         : 2
	Aicpu Usage Rate(%)            : 0
	Ctrlcpu Usage Rate(%)          : 6
	DDR Bandwidth Usage Rate(%)    : 0
	HBM Bandwidth Usage Rate(%)    : 3
	Chip ID                        : 0
DEVICE_ID=3 FREE_HBM_MB=60948
44.58 54.60 53.09 28/15974 2660895
	NPU ID                         : 3
	Chip Count                     : 1

	Process id:2532307 Process name:python            Process memory(MB):1434
	Chip ID                        : 0

ROUTE=W4-R09 REVISION=V001 STAGE=local CANN=/usr/local/Ascend/ascend-toolkit/8.5.0.alpha002
RUNNER_ARGUMENTS=--mode local --device 3 --dtype fp16 --rows 128 --width 12288 --blocks 40 --warmups 45 --repeats 31 --output results/paired-r128-d12288-b01.tsv 
CORRECTNESS proxy_only=1 parent=R31B_V011 candidate=W4-R09-V001 input=deterministic_fp16_pattern_v1 epsilon=9.9999997e-06 device=3 rows=128 width=12288 dtype=fp16 blocks=40 bit_differences=0 max_abs=0 tolerance_failures=0 nonfinite=0 result=PASS
REFERENCE side=parent reference=fp64_cpu_final_fp16 rows=128 width=12288 dtype=fp16 max_abs=0.00390625 atol=0.001953125 rtol=0.001953125 failures=0 elements=1572864 nonfinite=0 result=PASS
REFERENCE side=candidate reference=fp64_cpu_final_fp16 rows=128 width=12288 dtype=fp16 max_abs=0.00390625 atol=0.001953125 rtol=0.001953125 failures=0 elements=1572864 nonfinite=0 result=PASS
LOCAL_PROXY_ONLY parent=R31B_V011 candidate=W4-R09-V001 input=deterministic_fp16_pattern_v1 epsilon=9.9999997e-06 order=alternating_PC_CP device_load=EXTERNAL_NOT_CAPTURED device=3 rows=128 width=12288 dtype=fp16 requested_blocks=40 effective_blocks=40 min_rows_per_block=3 max_rows_per_block=4 warmups=45 paired_samples=31
DEVICE_US median_parent=30.460000 median_candidate=28.480001 median_paired_delta=1.319999 median_delta_pct=4.5865 p05_parent=18.820001 p95_parent=66.019997 spread90_parent=47.199996 p05_candidate=19.080000 p95_candidate=70.660003 spread90_candidate=51.580003
WALL_US median_parent=79.600000 median_candidate=79.010000 median_paired_delta=-0.560000 p05_parent=74.021000 p95_parent=118.441000 spread90_parent=44.420000 p05_candidate=74.381000 p95_candidate=128.651000 spread90_candidate=54.270000
2026-10-08T03:49:11Z
	NPU ID                         : 3
	Chip Count                     : 1

	DDR Capacity(MB)               : 0
	DDR Usage Rate(%)              : 0
	DDR Hugepages Total(page)      : 0
	DDR Hugepages Usage Rate(%)    : 0
	HBM Capacity(MB)               : 65536
	HBM Usage Rate(%)              : 7
	Aicore Usage Rate(%)           : 13
	Aivector Usage Rate(%)         : 3
	Aicpu Usage Rate(%)            : 0
	Ctrlcpu Usage Rate(%)          : 5
	DDR Bandwidth Usage Rate(%)    : 0
	HBM Bandwidth Usage Rate(%)    : 4
	Chip ID                        : 0
DEVICE_ID=3 FREE_HBM_MB=60948
53.91 56.37 53.67 24/15981 2662765
	NPU ID                         : 3
	Chip Count                     : 1

	Process id:2532307 Process name:python            Process memory(MB):1434
	Chip ID                        : 0

RUNNER_EXIT=0
2026-10-08T03:49:13Z
	NPU ID                         : 3
	Chip Count                     : 1

	DDR Capacity(MB)               : 0
	DDR Usage Rate(%)              : 0
	DDR Hugepages Total(page)      : 0
	DDR Hugepages Usage Rate(%)    : 0
	HBM Capacity(MB)               : 65536
	HBM Usage Rate(%)              : 7
	Aicore Usage Rate(%)           : 15
	Aivector Usage Rate(%)         : 8
	Aicpu Usage Rate(%)            : 0
	Ctrlcpu Usage Rate(%)          : 13
	DDR Bandwidth Usage Rate(%)    : 0
	HBM Bandwidth Usage Rate(%)    : 2
	Chip ID                        : 0
DEVICE_ID=3 FREE_HBM_MB=60948
53.91 56.37 53.67 22/15798 2663111
	NPU ID                         : 3
	Chip Count                     : 1

	Process id:2532307 Process name:python            Process memory(MB):1434
	Chip ID                        : 0

ROUTE=W4-R09 REVISION=V001 STAGE=local CANN=/usr/local/Ascend/ascend-toolkit/8.5.0.alpha002
RUNNER_ARGUMENTS=--mode local --device 3 --dtype fp16 --rows 128 --width 12288 --blocks 40 --warmups 45 --repeats 31 --output results/paired-r128-d12288-b02.tsv 
CORRECTNESS proxy_only=1 parent=R31B_V011 candidate=W4-R09-V001 input=deterministic_fp16_pattern_v1 epsilon=9.9999997e-06 device=3 rows=128 width=12288 dtype=fp16 blocks=40 bit_differences=0 max_abs=0 tolerance_failures=0 nonfinite=0 result=PASS
REFERENCE side=parent reference=fp64_cpu_final_fp16 rows=128 width=12288 dtype=fp16 max_abs=0.00390625 atol=0.001953125 rtol=0.001953125 failures=0 elements=1572864 nonfinite=0 result=PASS
REFERENCE side=candidate reference=fp64_cpu_final_fp16 rows=128 width=12288 dtype=fp16 max_abs=0.00390625 atol=0.001953125 rtol=0.001953125 failures=0 elements=1572864 nonfinite=0 result=PASS
LOCAL_PROXY_ONLY parent=R31B_V011 candidate=W4-R09-V001 input=deterministic_fp16_pattern_v1 epsilon=9.9999997e-06 order=alternating_PC_CP device_load=EXTERNAL_NOT_CAPTURED device=3 rows=128 width=12288 dtype=fp16 requested_blocks=40 effective_blocks=40 min_rows_per_block=3 max_rows_per_block=4 warmups=45 paired_samples=31
DEVICE_US median_parent=30.920001 median_candidate=28.400000 median_paired_delta=3.399998 median_delta_pct=5.6875 p05_parent=17.220000 p95_parent=73.459998 spread90_parent=56.239998 p05_candidate=16.720001 p95_candidate=79.060003 spread90_candidate=62.340003
WALL_US median_parent=91.261000 median_candidate=87.201000 median_paired_delta=0.481000 p05_parent=72.931000 p95_parent=158.152000 spread90_parent=85.221000 p05_candidate=74.171000 p95_candidate=191.112000 spread90_candidate=116.941000
2026-10-08T03:49:19Z
	NPU ID                         : 3
	Chip Count                     : 1

	DDR Capacity(MB)               : 0
	DDR Usage Rate(%)              : 0
	DDR Hugepages Total(page)      : 0
	DDR Hugepages Usage Rate(%)    : 0
	HBM Capacity(MB)               : 65536
	HBM Usage Rate(%)              : 7
	Aicore Usage Rate(%)           : 1
	Aivector Usage Rate(%)         : 2
	Aicpu Usage Rate(%)            : 0
	Ctrlcpu Usage Rate(%)          : 6
	DDR Bandwidth Usage Rate(%)    : 0
	HBM Bandwidth Usage Rate(%)    : 0
	Chip ID                        : 0
DEVICE_ID=3 FREE_HBM_MB=60948
52.39 56.01 53.57 36/15952 2665908
	NPU ID                         : 3
	Chip Count                     : 1

	Process id:2532307 Process name:python            Process memory(MB):1434
	Chip ID                        : 0

RUNNER_EXIT=0
2026-10-08T03:49:20Z
	NPU ID                         : 3
	Chip Count                     : 1

	DDR Capacity(MB)               : 0
	DDR Usage Rate(%)              : 0
	DDR Hugepages Total(page)      : 0
	DDR Hugepages Usage Rate(%)    : 0
	HBM Capacity(MB)               : 65536
	HBM Usage Rate(%)              : 7
	Aicore Usage Rate(%)           : 16
	Aivector Usage Rate(%)         : 3
	Aicpu Usage Rate(%)            : 0
	Ctrlcpu Usage Rate(%)          : 8
	DDR Bandwidth Usage Rate(%)    : 0
	HBM Bandwidth Usage Rate(%)    : 0
	Chip ID                        : 0
DEVICE_ID=3 FREE_HBM_MB=60948
51.48 55.76 53.50 34/15971 2666284
	NPU ID                         : 3
	Chip Count                     : 1

	Process id:2532307 Process name:python            Process memory(MB):1434
	Chip ID                        : 0

ROUTE=W4-R09 REVISION=V001 STAGE=local CANN=/usr/local/Ascend/ascend-toolkit/8.5.0.alpha002
RUNNER_ARGUMENTS=--mode local --device 3 --dtype fp16 --rows 128 --width 12288 --blocks 40 --warmups 45 --repeats 31 --output results/paired-r128-d12288-b03.tsv 
CORRECTNESS proxy_only=1 parent=R31B_V011 candidate=W4-R09-V001 input=deterministic_fp16_pattern_v1 epsilon=9.9999997e-06 device=3 rows=128 width=12288 dtype=fp16 blocks=40 bit_differences=0 max_abs=0 tolerance_failures=0 nonfinite=0 result=PASS
REFERENCE side=parent reference=fp64_cpu_final_fp16 rows=128 width=12288 dtype=fp16 max_abs=0.00390625 atol=0.001953125 rtol=0.001953125 failures=0 elements=1572864 nonfinite=0 result=PASS
REFERENCE side=candidate reference=fp64_cpu_final_fp16 rows=128 width=12288 dtype=fp16 max_abs=0.00390625 atol=0.001953125 rtol=0.001953125 failures=0 elements=1572864 nonfinite=0 result=PASS
LOCAL_PROXY_ONLY parent=R31B_V011 candidate=W4-R09-V001 input=deterministic_fp16_pattern_v1 epsilon=9.9999997e-06 order=alternating_PC_CP device_load=EXTERNAL_NOT_CAPTURED device=3 rows=128 width=12288 dtype=fp16 requested_blocks=40 effective_blocks=40 min_rows_per_block=3 max_rows_per_block=4 warmups=45 paired_samples=31
DEVICE_US median_parent=24.900001 median_candidate=28.279999 median_paired_delta=3.500002 median_delta_pct=16.7373 p05_parent=18.460000 p95_parent=41.359998 spread90_parent=22.899998 p05_candidate=20.099999 p95_candidate=58.120001 spread90_candidate=38.020002
WALL_US median_parent=85.921000 median_candidate=85.860000 median_paired_delta=0.599000 p05_parent=82.361000 p95_parent=120.441000 spread90_parent=38.080000 p05_candidate=82.841000 p95_candidate=111.801000 spread90_candidate=28.960000
2026-10-08T03:49:27Z
	NPU ID                         : 3
	Chip Count                     : 1

	DDR Capacity(MB)               : 0
	DDR Usage Rate(%)              : 0
	DDR Hugepages Total(page)      : 0
	DDR Hugepages Usage Rate(%)    : 0
	HBM Capacity(MB)               : 65536
	HBM Usage Rate(%)              : 7
	Aicore Usage Rate(%)           : 16
	Aivector Usage Rate(%)         : 3
	Aicpu Usage Rate(%)            : 0
	Ctrlcpu Usage Rate(%)          : 14
	DDR Bandwidth Usage Rate(%)    : 0
	HBM Bandwidth Usage Rate(%)    : 3
	Chip ID                        : 0
DEVICE_ID=3 FREE_HBM_MB=60948
50.24 55.43 53.41 28/15989 2668471
	NPU ID                         : 3
	Chip Count                     : 1

	Process id:2532307 Process name:python            Process memory(MB):1434
	Chip ID                        : 0

RUNNER_EXIT=0
2026-10-08T03:49:28Z
	NPU ID                         : 3
	Chip Count                     : 1

	DDR Capacity(MB)               : 0
	DDR Usage Rate(%)              : 0
	DDR Hugepages Total(page)      : 0
	DDR Hugepages Usage Rate(%)    : 0
	HBM Capacity(MB)               : 65536
	HBM Usage Rate(%)              : 7
	Aicore Usage Rate(%)           : 18
	Aivector Usage Rate(%)         : 3
	Aicpu Usage Rate(%)            : 0
	Ctrlcpu Usage Rate(%)          : 2
	DDR Bandwidth Usage Rate(%)    : 0
	HBM Bandwidth Usage Rate(%)    : 3
	Chip ID                        : 0
DEVICE_ID=3 FREE_HBM_MB=60948
50.24 55.43 53.41 32/15984 2669026
	NPU ID                         : 3
	Chip Count                     : 1

	Process id:2532307 Process name:python            Process memory(MB):1434
	Chip ID                        : 0

ROUTE=W4-R09 REVISION=V001 STAGE=local CANN=/usr/local/Ascend/ascend-toolkit/8.5.0.alpha002
RUNNER_ARGUMENTS=--mode local --device 3 --dtype fp16 --rows 128 --width 12288 --blocks 40 --warmups 45 --repeats 31 --output results/paired-r128-d12288-b04.tsv 
CORRECTNESS proxy_only=1 parent=R31B_V011 candidate=W4-R09-V001 input=deterministic_fp16_pattern_v1 epsilon=9.9999997e-06 device=3 rows=128 width=12288 dtype=fp16 blocks=40 bit_differences=0 max_abs=0 tolerance_failures=0 nonfinite=0 result=PASS
REFERENCE side=parent reference=fp64_cpu_final_fp16 rows=128 width=12288 dtype=fp16 max_abs=0.00390625 atol=0.001953125 rtol=0.001953125 failures=0 elements=1572864 nonfinite=0 result=PASS
REFERENCE side=candidate reference=fp64_cpu_final_fp16 rows=128 width=12288 dtype=fp16 max_abs=0.00390625 atol=0.001953125 rtol=0.001953125 failures=0 elements=1572864 nonfinite=0 result=PASS
LOCAL_PROXY_ONLY parent=R31B_V011 candidate=W4-R09-V001 input=deterministic_fp16_pattern_v1 epsilon=9.9999997e-06 order=alternating_PC_CP device_load=EXTERNAL_NOT_CAPTURED device=3 rows=128 width=12288 dtype=fp16 requested_blocks=40 effective_blocks=40 min_rows_per_block=3 max_rows_per_block=4 warmups=45 paired_samples=31
DEVICE_US median_parent=30.200001 median_candidate=29.440001 median_paired_delta=-0.720002 median_delta_pct=-1.9868 p05_parent=20.080000 p95_parent=60.580000 spread90_parent=40.500000 p05_candidate=17.600000 p95_candidate=70.900001 spread90_candidate=53.300001
WALL_US median_parent=77.441000 median_candidate=83.521000 median_paired_delta=2.571000 p05_parent=73.461000 p95_parent=123.721000 spread90_parent=50.260000 p05_candidate=72.951000 p95_candidate=125.661000 spread90_candidate=52.710000
2026-10-08T03:49:34Z
	NPU ID                         : 3
	Chip Count                     : 1

	DDR Capacity(MB)               : 0
	DDR Usage Rate(%)              : 0
	DDR Hugepages Total(page)      : 0
	DDR Hugepages Usage Rate(%)    : 0
	HBM Capacity(MB)               : 65536
	HBM Usage Rate(%)              : 7
	Aicore Usage Rate(%)           : 1
	Aivector Usage Rate(%)         : 3
	Aicpu Usage Rate(%)            : 0
	Ctrlcpu Usage Rate(%)          : 2
	DDR Bandwidth Usage Rate(%)    : 0
	HBM Bandwidth Usage Rate(%)    : 0
	Chip ID                        : 0
DEVICE_ID=3 FREE_HBM_MB=60948
64.23 58.25 54.33 205/15983 2670236
	NPU ID                         : 3
	Chip Count                     : 1

	Process id:2532307 Process name:python            Process memory(MB):1434
	Chip ID                        : 0

RUNNER_EXIT=0
