CASE_BEGIN name=fp16-tail-d12288 dtype=fp16 rows=2 width=12288 device=5 warmup_each=45 pairs=21 samples_per_binary=21
SAMPLE case=fp16-tail-d12288 pair=01 order=P,C parent_device_us=6.780 candidate_device_us=5.840 parent_wall_us=251.216 candidate_wall_us=265.046 paired_device_delta_us=-0.940
SAMPLE case=fp16-tail-d12288 pair=02 order=C,P parent_device_us=7.800 candidate_device_us=8.220 parent_wall_us=225.657 candidate_wall_us=317.895 paired_device_delta_us=0.420
SAMPLE case=fp16-tail-d12288 pair=03 order=P,C parent_device_us=5.680 candidate_device_us=6.060 parent_wall_us=98.098 candidate_wall_us=235.976 paired_device_delta_us=0.380
SAMPLE case=fp16-tail-d12288 pair=04 order=C,P parent_device_us=7.660 candidate_device_us=7.320 parent_wall_us=194.837 candidate_wall_us=86.709 paired_device_delta_us=-0.340
SAMPLE case=fp16-tail-d12288 pair=05 order=P,C parent_device_us=5.560 candidate_device_us=25.940 parent_wall_us=206.347 candidate_wall_us=83.849 paired_device_delta_us=20.380
SAMPLE case=fp16-tail-d12288 pair=06 order=C,P parent_device_us=7.240 candidate_device_us=7.440 parent_wall_us=84.249 candidate_wall_us=158.837 paired_device_delta_us=0.200
SAMPLE case=fp16-tail-d12288 pair=07 order=P,C parent_device_us=5.900 candidate_device_us=5.840 parent_wall_us=288.565 candidate_wall_us=80.109 paired_device_delta_us=-0.060
SAMPLE case=fp16-tail-d12288 pair=08 order=C,P parent_device_us=7.100 candidate_device_us=7.520 parent_wall_us=249.826 candidate_wall_us=370.565 paired_device_delta_us=0.420
SAMPLE case=fp16-tail-d12288 pair=09 order=P,C parent_device_us=5.360 candidate_device_us=184.960 parent_wall_us=273.155 candidate_wall_us=238.477 paired_device_delta_us=179.600
SAMPLE case=fp16-tail-d12288 pair=10 order=C,P parent_device_us=7.040 candidate_device_us=7.300 parent_wall_us=93.588 candidate_wall_us=227.977 paired_device_delta_us=0.260
SAMPLE case=fp16-tail-d12288 pair=11 order=P,C parent_device_us=5.520 candidate_device_us=5.620 parent_wall_us=166.567 candidate_wall_us=206.667 paired_device_delta_us=0.100
SAMPLE case=fp16-tail-d12288 pair=12 order=C,P parent_device_us=190.920 candidate_device_us=5.780 parent_wall_us=245.687 candidate_wall_us=224.866 paired_device_delta_us=-185.140
SAMPLE case=fp16-tail-d12288 pair=13 order=P,C parent_device_us=5.900 candidate_device_us=5.840 parent_wall_us=258.796 candidate_wall_us=266.876 paired_device_delta_us=-0.060
SAMPLE case=fp16-tail-d12288 pair=14 order=C,P parent_device_us=5.860 candidate_device_us=5.920 parent_wall_us=255.046 candidate_wall_us=238.366 paired_device_delta_us=0.060
SAMPLE case=fp16-tail-d12288 pair=15 order=P,C parent_device_us=5.660 candidate_device_us=5.780 parent_wall_us=237.266 candidate_wall_us=268.166 paired_device_delta_us=0.120
SAMPLE case=fp16-tail-d12288 pair=16 order=C,P parent_device_us=5.600 candidate_device_us=5.740 parent_wall_us=233.086 candidate_wall_us=243.056 paired_device_delta_us=0.140
SAMPLE case=fp16-tail-d12288 pair=17 order=P,C parent_device_us=154.440 candidate_device_us=131.900 parent_wall_us=211.107 candidate_wall_us=187.677 paired_device_delta_us=-22.540
SAMPLE case=fp16-tail-d12288 pair=18 order=C,P parent_device_us=6.160 candidate_device_us=113.540 parent_wall_us=129.398 candidate_wall_us=168.087 paired_device_delta_us=107.380
SAMPLE case=fp16-tail-d12288 pair=19 order=P,C parent_device_us=5.780 candidate_device_us=5.340 parent_wall_us=244.246 candidate_wall_us=236.116 paired_device_delta_us=-0.440
SAMPLE case=fp16-tail-d12288 pair=20 order=C,P parent_device_us=5.660 candidate_device_us=5.660 parent_wall_us=251.366 candidate_wall_us=191.567 paired_device_delta_us=0.000
SAMPLE case=fp16-tail-d12288 pair=21 order=P,C parent_device_us=6.300 candidate_device_us=5.680 parent_wall_us=240.806 candidate_wall_us=245.666 paired_device_delta_us=-0.620
PAIR_BLOCK case=fp16-tail-d12288 block=1 pairs=21 parent_median_us=5.900 candidate_median_us=5.920 paired_delta_median_us=0.100
CORRECTNESS case=fp16-tail-d12288 binary=PARENT_V017 result=PASS failures=0 max_abs=0.0009765625 max_rel=0.0015923567
CORRECTNESS case=fp16-tail-d12288 binary=CAND_V019 result=PASS failures=0 max_abs=0.0009765625 max_rel=0.0015923567
BITWISE case=fp16-tail-d12288 parent_vs_candidate=IDENTICAL diff_elements=0
SUMMARY case=fp16-tail-d12288 metric=device_us binary=PARENT_V017 n=21 median=5.900 mean=22.091 stdev=50.400 cv=2.28145 min=5.360 max=190.920 max_min=35.619 mad=0.380 p10=5.560 p90=7.800 spread=185.560 core_cv=0.07976
SUMMARY case=fp16-tail-d12288 metric=device_us binary=CAND_V019 n=21 median=5.920 mean=26.821 stdev=50.374 cv=1.87814 min=5.340 max=184.960 max_min=34.637 mad=0.300 p10=5.660 p90=113.540 spread=179.620 core_cv=0.03090
SUMMARY case=fp16-tail-d12288 metric=wall_us binary=PARENT_V017 n=21 median=237.266 mean=211.377 stdev=61.221 cv=0.28963 min=84.249 max=288.565 max_min=3.425 mad=21.530 p10=98.098 p90=258.796 spread=204.316 core_cv=0.08905
SUMMARY case=fp16-tail-d12288 metric=wall_us binary=CAND_V019 n=21 median=235.976 mean=216.312 stdev=72.569 cv=0.33548 min=80.109 max=370.565 max_min=4.626 mad=30.900 p10=86.709 p90=268.166 spread=290.456 core_cv=0.09392
SUMMARY case=fp16-tail-d12288 metric=paired_device_delta_us binary=CAND_V019_minus_PARENT_V017 n=21 median=0.100 mean=4.730 stdev=62.658 cv=13.24817 min=-185.140 max=179.600 max_min=-0.970 mad=0.320 p10=-0.940 p90=20.380 spread=364.740 core_cv=0.00000
CASE_END name=fp16-tail-d12288 correctness=PASS
CASE_BEGIN name=fp16-wide-d32768 dtype=fp16 rows=2 width=32768 device=5 warmup_each=45 pairs=21 samples_per_binary=21
SAMPLE case=fp16-wide-d32768 pair=01 order=P,C parent_device_us=8.720 candidate_device_us=15.040 parent_wall_us=85.519 candidate_wall_us=72.498 paired_device_delta_us=6.320
SAMPLE case=fp16-wide-d32768 pair=02 order=C,P parent_device_us=11.240 candidate_device_us=41.900 parent_wall_us=139.128 candidate_wall_us=85.919 paired_device_delta_us=30.660
SAMPLE case=fp16-wide-d32768 pair=03 order=P,C parent_device_us=70.400 candidate_device_us=8.520 parent_wall_us=134.378 candidate_wall_us=111.308 paired_device_delta_us=-61.880
SAMPLE case=fp16-wide-d32768 pair=04 order=C,P parent_device_us=11.500 candidate_device_us=11.840 parent_wall_us=74.669 candidate_wall_us=71.599 paired_device_delta_us=0.340
SAMPLE case=fp16-wide-d32768 pair=05 order=P,C parent_device_us=8.620 candidate_device_us=8.600 parent_wall_us=84.638 candidate_wall_us=100.469 paired_device_delta_us=-0.020
SAMPLE case=fp16-wide-d32768 pair=06 order=C,P parent_device_us=10.720 candidate_device_us=11.660 parent_wall_us=71.919 candidate_wall_us=83.519 paired_device_delta_us=0.940
SAMPLE case=fp16-wide-d32768 pair=07 order=P,C parent_device_us=8.960 candidate_device_us=8.820 parent_wall_us=69.109 candidate_wall_us=130.248 paired_device_delta_us=-0.140
SAMPLE case=fp16-wide-d32768 pair=08 order=C,P parent_device_us=11.300 candidate_device_us=11.400 parent_wall_us=72.409 candidate_wall_us=73.299 paired_device_delta_us=0.100
SAMPLE case=fp16-wide-d32768 pair=09 order=P,C parent_device_us=8.580 candidate_device_us=8.400 parent_wall_us=104.038 candidate_wall_us=80.609 paired_device_delta_us=-0.180
SAMPLE case=fp16-wide-d32768 pair=10 order=C,P parent_device_us=11.100 candidate_device_us=11.060 parent_wall_us=78.099 candidate_wall_us=80.388 paired_device_delta_us=-0.040
SAMPLE case=fp16-wide-d32768 pair=11 order=P,C parent_device_us=37.920 candidate_device_us=8.660 parent_wall_us=92.108 candidate_wall_us=113.448 paired_device_delta_us=-29.260
SAMPLE case=fp16-wide-d32768 pair=12 order=C,P parent_device_us=8.920 candidate_device_us=9.140 parent_wall_us=87.958 candidate_wall_us=74.459 paired_device_delta_us=0.220
SAMPLE case=fp16-wide-d32768 pair=13 order=P,C parent_device_us=9.160 candidate_device_us=8.580 parent_wall_us=97.659 candidate_wall_us=69.329 paired_device_delta_us=-0.580
SAMPLE case=fp16-wide-d32768 pair=14 order=C,P parent_device_us=8.560 candidate_device_us=42.760 parent_wall_us=118.198 candidate_wall_us=84.559 paired_device_delta_us=34.200
SAMPLE case=fp16-wide-d32768 pair=15 order=P,C parent_device_us=8.520 candidate_device_us=76.860 parent_wall_us=255.956 candidate_wall_us=132.298 paired_device_delta_us=68.340
SAMPLE case=fp16-wide-d32768 pair=16 order=C,P parent_device_us=8.300 candidate_device_us=8.460 parent_wall_us=112.858 candidate_wall_us=123.768 paired_device_delta_us=0.160
SAMPLE case=fp16-wide-d32768 pair=17 order=P,C parent_device_us=18.980 candidate_device_us=8.400 parent_wall_us=84.279 candidate_wall_us=82.338 paired_device_delta_us=-10.580
SAMPLE case=fp16-wide-d32768 pair=18 order=C,P parent_device_us=8.620 candidate_device_us=7.880 parent_wall_us=89.439 candidate_wall_us=117.368 paired_device_delta_us=-0.740
SAMPLE case=fp16-wide-d32768 pair=19 order=P,C parent_device_us=8.700 candidate_device_us=8.980 parent_wall_us=105.948 candidate_wall_us=185.347 paired_device_delta_us=0.280
SAMPLE case=fp16-wide-d32768 pair=20 order=C,P parent_device_us=9.020 candidate_device_us=9.100 parent_wall_us=200.617 candidate_wall_us=128.828 paired_device_delta_us=0.080
SAMPLE case=fp16-wide-d32768 pair=21 order=P,C parent_device_us=8.420 candidate_device_us=8.720 parent_wall_us=156.388 candidate_wall_us=127.088 paired_device_delta_us=0.300
PAIR_BLOCK case=fp16-wide-d32768 block=1 pairs=21 parent_median_us=8.960 candidate_median_us=8.980 paired_delta_median_us=0.100
CORRECTNESS case=fp16-wide-d32768 binary=PARENT_V017 result=PASS failures=0 max_abs=0.001953125 max_rel=0.010989011
CORRECTNESS case=fp16-wide-d32768 binary=CAND_V019 result=PASS failures=0 max_abs=0.001953125 max_rel=0.010989011
BITWISE case=fp16-wide-d32768 parent_vs_candidate=IDENTICAL diff_elements=0
SUMMARY case=fp16-wide-d32768 metric=device_us binary=PARENT_V017 n=21 median=8.960 mean=14.108 stdev=14.464 cv=1.02523 min=8.300 max=70.400 max_min=8.482 mad=0.440 p10=8.520 p90=18.980 spread=62.100 core_cv=0.06680
SUMMARY case=fp16-wide-d32768 metric=device_us binary=CAND_V019 n=21 median=8.980 mean=15.942 stdev=17.146 cv=1.07554 min=7.880 max=76.860 max_min=9.754 mad=0.580 p10=8.400 p90=41.900 spread=68.980 core_cv=0.03900
SUMMARY case=fp16-wide-d32768 metric=wall_us binary=PARENT_V017 n=21 median=92.108 mean=110.253 stdev=46.541 cv=0.42213 min=69.109 max=255.956 max_min=3.704 mad=17.439 p10=72.409 p90=156.388 spread=186.847 core_cv=0.11030
SUMMARY case=fp16-wide-d32768 metric=wall_us binary=CAND_V019 n=21 median=85.919 mean=101.366 stdev=29.659 cv=0.29259 min=69.329 max=185.347 max_min=2.673 mad=14.550 p10=72.498 p90=130.248 spread=116.018 core_cv=0.10734
SUMMARY case=fp16-wide-d32768 metric=paired_device_delta_us binary=CAND_V019_minus_PARENT_V017 n=21 median=0.100 mean=1.834 stdev=24.030 cv=13.10042 min=-61.880 max=68.340 max_min=-1.104 mad=0.280 p10=-10.580 p90=30.660 spread=130.220 core_cv=0.15713
CASE_END name=fp16-wide-d32768 correctness=PASS
CASE_BEGIN name=bf16-tail-d12288 dtype=bf16 rows=2 width=12288 device=5 warmup_each=45 pairs=21 samples_per_binary=21
SAMPLE case=bf16-tail-d12288 pair=01 order=P,C parent_device_us=14.080 candidate_device_us=56.620 parent_wall_us=92.449 candidate_wall_us=95.548 paired_device_delta_us=42.540
SAMPLE case=bf16-tail-d12288 pair=02 order=C,P parent_device_us=6.900 candidate_device_us=6.820 parent_wall_us=126.908 candidate_wall_us=94.478 paired_device_delta_us=-0.080
SAMPLE case=bf16-tail-d12288 pair=03 order=P,C parent_device_us=6.300 candidate_device_us=85.420 parent_wall_us=148.608 candidate_wall_us=141.768 paired_device_delta_us=79.120
SAMPLE case=bf16-tail-d12288 pair=04 order=C,P parent_device_us=6.860 candidate_device_us=7.260 parent_wall_us=299.115 candidate_wall_us=152.088 paired_device_delta_us=0.400
SAMPLE case=bf16-tail-d12288 pair=05 order=P,C parent_device_us=6.340 candidate_device_us=6.220 parent_wall_us=164.587 candidate_wall_us=186.987 paired_device_delta_us=-0.120
SAMPLE case=bf16-tail-d12288 pair=06 order=C,P parent_device_us=7.240 candidate_device_us=6.720 parent_wall_us=173.537 candidate_wall_us=301.486 paired_device_delta_us=-0.520
SAMPLE case=bf16-tail-d12288 pair=07 order=P,C parent_device_us=6.700 candidate_device_us=6.400 parent_wall_us=190.417 candidate_wall_us=336.244 paired_device_delta_us=-0.300
SAMPLE case=bf16-tail-d12288 pair=08 order=C,P parent_device_us=7.780 candidate_device_us=7.180 parent_wall_us=122.738 candidate_wall_us=183.777 paired_device_delta_us=-0.600
SAMPLE case=bf16-tail-d12288 pair=09 order=P,C parent_device_us=6.160 candidate_device_us=6.240 parent_wall_us=330.175 candidate_wall_us=178.717 paired_device_delta_us=0.080
SAMPLE case=bf16-tail-d12288 pair=10 order=C,P parent_device_us=7.380 candidate_device_us=6.940 parent_wall_us=188.057 candidate_wall_us=168.068 paired_device_delta_us=-0.440
SAMPLE case=bf16-tail-d12288 pair=11 order=P,C parent_device_us=6.020 candidate_device_us=5.980 parent_wall_us=152.748 candidate_wall_us=76.129 paired_device_delta_us=-0.040
SAMPLE case=bf16-tail-d12288 pair=12 order=C,P parent_device_us=6.620 candidate_device_us=6.700 parent_wall_us=160.028 candidate_wall_us=91.848 paired_device_delta_us=0.080
SAMPLE case=bf16-tail-d12288 pair=13 order=P,C parent_device_us=6.720 candidate_device_us=6.420 parent_wall_us=311.176 candidate_wall_us=177.698 paired_device_delta_us=-0.300
SAMPLE case=bf16-tail-d12288 pair=14 order=C,P parent_device_us=6.200 candidate_device_us=6.340 parent_wall_us=256.016 candidate_wall_us=184.347 paired_device_delta_us=0.140
SAMPLE case=bf16-tail-d12288 pair=15 order=P,C parent_device_us=6.100 candidate_device_us=6.320 parent_wall_us=185.478 candidate_wall_us=189.338 paired_device_delta_us=0.220
SAMPLE case=bf16-tail-d12288 pair=16 order=C,P parent_device_us=5.980 candidate_device_us=115.760 parent_wall_us=193.157 candidate_wall_us=166.718 paired_device_delta_us=109.780
SAMPLE case=bf16-tail-d12288 pair=17 order=P,C parent_device_us=7.220 candidate_device_us=6.580 parent_wall_us=183.958 candidate_wall_us=210.457 paired_device_delta_us=-0.640
SAMPLE case=bf16-tail-d12288 pair=18 order=C,P parent_device_us=6.740 candidate_device_us=7.940 parent_wall_us=82.388 candidate_wall_us=92.159 paired_device_delta_us=1.200
SAMPLE case=bf16-tail-d12288 pair=19 order=P,C parent_device_us=6.360 candidate_device_us=6.320 parent_wall_us=185.477 candidate_wall_us=130.158 paired_device_delta_us=-0.040
SAMPLE case=bf16-tail-d12288 pair=20 order=C,P parent_device_us=6.280 candidate_device_us=6.360 parent_wall_us=220.656 candidate_wall_us=144.338 paired_device_delta_us=0.080
SAMPLE case=bf16-tail-d12288 pair=21 order=P,C parent_device_us=7.280 candidate_device_us=5.900 parent_wall_us=153.268 candidate_wall_us=76.449 paired_device_delta_us=-1.380
PAIR_BLOCK case=bf16-tail-d12288 block=1 pairs=21 parent_median_us=6.700 candidate_median_us=6.580 paired_delta_median_us=-0.040
CORRECTNESS case=bf16-tail-d12288 binary=PARENT_V017 result=PASS failures=0 max_abs=0.0078125 max_rel=0.0073529412
CORRECTNESS case=bf16-tail-d12288 binary=CAND_V019 result=PASS failures=0 max_abs=0.0078125 max_rel=0.0073529412
BITWISE case=bf16-tail-d12288 parent_vs_candidate=IDENTICAL diff_elements=0
SUMMARY case=bf16-tail-d12288 metric=device_us binary=PARENT_V017 n=21 median=6.700 mean=7.012 stdev=1.695 cv=0.24176 min=5.980 max=14.080 max_min=2.355 mad=0.500 p10=6.100 p90=7.380 spread=8.100 core_cv=0.07728
SUMMARY case=bf16-tail-d12288 metric=device_us binary=CAND_V019 n=21 median=6.580 mean=17.926 stdev=29.951 cv=1.67083 min=5.900 max=115.760 max_min=19.620 mad=0.340 p10=6.220 p90=56.620 spread=109.860 core_cv=0.05862
SUMMARY case=bf16-tail-d12288 metric=wall_us binary=PARENT_V017 n=21 median=183.958 mean=186.711 stdev=66.056 cv=0.35379 min=82.388 max=330.175 max_min=4.008 mad=31.210 p10=122.738 p90=299.115 spread=247.787 core_cv=0.11621
SUMMARY case=bf16-tail-d12288 metric=wall_us binary=CAND_V019 n=21 median=166.718 mean=160.895 stdev=67.220 cv=0.41779 min=76.129 max=336.244 max_min=4.417 mad=24.950 p10=91.848 p90=210.457 spread=260.115 core_cv=0.10139
SUMMARY case=bf16-tail-d12288 metric=paired_device_delta_us binary=CAND_V019_minus_PARENT_V017 n=21 median=-0.040 mean=10.913 stdev=29.686 cv=2.72016 min=-1.380 max=109.780 max_min=-79.551 mad=0.260 p10=-0.600 p90=42.540 spread=111.160 core_cv=0.00000
CASE_END name=bf16-tail-d12288 correctness=PASS
CASE_BEGIN name=bf16-wide-d32768 dtype=bf16 rows=2 width=32768 device=5 warmup_each=45 pairs=21 samples_per_binary=21
SAMPLE case=bf16-wide-d32768 pair=01 order=P,C parent_device_us=11.800 candidate_device_us=12.800 parent_wall_us=134.418 candidate_wall_us=84.569 paired_device_delta_us=1.000
SAMPLE case=bf16-wide-d32768 pair=02 order=C,P parent_device_us=13.340 candidate_device_us=11.720 parent_wall_us=90.999 candidate_wall_us=189.598 paired_device_delta_us=-1.620
SAMPLE case=bf16-wide-d32768 pair=03 order=P,C parent_device_us=12.300 candidate_device_us=12.000 parent_wall_us=118.868 candidate_wall_us=208.297 paired_device_delta_us=-0.300
SAMPLE case=bf16-wide-d32768 pair=04 order=C,P parent_device_us=12.200 candidate_device_us=80.300 parent_wall_us=122.498 candidate_wall_us=137.268 paired_device_delta_us=68.100
SAMPLE case=bf16-wide-d32768 pair=05 order=P,C parent_device_us=12.280 candidate_device_us=14.500 parent_wall_us=109.458 candidate_wall_us=78.549 paired_device_delta_us=2.220
SAMPLE case=bf16-wide-d32768 pair=06 order=C,P parent_device_us=11.840 candidate_device_us=22.980 parent_wall_us=173.868 candidate_wall_us=78.108 paired_device_delta_us=11.140
SAMPLE case=bf16-wide-d32768 pair=07 order=P,C parent_device_us=11.600 candidate_device_us=11.880 parent_wall_us=85.639 candidate_wall_us=78.209 paired_device_delta_us=0.280
SAMPLE case=bf16-wide-d32768 pair=08 order=C,P parent_device_us=11.940 candidate_device_us=82.920 parent_wall_us=82.949 candidate_wall_us=137.488 paired_device_delta_us=70.980
SAMPLE case=bf16-wide-d32768 pair=09 order=P,C parent_device_us=98.200 candidate_device_us=11.860 parent_wall_us=157.047 candidate_wall_us=122.188 paired_device_delta_us=-86.340
SAMPLE case=bf16-wide-d32768 pair=10 order=C,P parent_device_us=12.080 candidate_device_us=12.160 parent_wall_us=91.219 candidate_wall_us=91.799 paired_device_delta_us=0.080
SAMPLE case=bf16-wide-d32768 pair=11 order=P,C parent_device_us=65.740 candidate_device_us=64.980 parent_wall_us=119.538 candidate_wall_us=120.908 paired_device_delta_us=-0.760
SAMPLE case=bf16-wide-d32768 pair=12 order=C,P parent_device_us=24.080 candidate_device_us=12.240 parent_wall_us=76.279 candidate_wall_us=81.598 paired_device_delta_us=-11.840
SAMPLE case=bf16-wide-d32768 pair=13 order=P,C parent_device_us=47.200 candidate_device_us=11.660 parent_wall_us=90.679 candidate_wall_us=88.139 paired_device_delta_us=-35.540
SAMPLE case=bf16-wide-d32768 pair=14 order=C,P parent_device_us=21.520 candidate_device_us=58.760 parent_wall_us=80.439 candidate_wall_us=163.177 paired_device_delta_us=37.240
SAMPLE case=bf16-wide-d32768 pair=15 order=P,C parent_device_us=21.600 candidate_device_us=44.900 parent_wall_us=78.668 candidate_wall_us=88.699 paired_device_delta_us=23.300
SAMPLE case=bf16-wide-d32768 pair=16 order=C,P parent_device_us=54.760 candidate_device_us=11.620 parent_wall_us=207.547 candidate_wall_us=76.819 paired_device_delta_us=-43.140
SAMPLE case=bf16-wide-d32768 pair=17 order=P,C parent_device_us=70.120 candidate_device_us=62.340 parent_wall_us=122.668 candidate_wall_us=105.618 paired_device_delta_us=-7.780
SAMPLE case=bf16-wide-d32768 pair=18 order=C,P parent_device_us=12.180 candidate_device_us=12.400 parent_wall_us=77.358 candidate_wall_us=91.639 paired_device_delta_us=0.220
SAMPLE case=bf16-wide-d32768 pair=19 order=P,C parent_device_us=12.160 candidate_device_us=11.820 parent_wall_us=76.169 candidate_wall_us=83.629 paired_device_delta_us=-0.340
SAMPLE case=bf16-wide-d32768 pair=20 order=C,P parent_device_us=14.100 candidate_device_us=13.900 parent_wall_us=72.949 candidate_wall_us=73.109 paired_device_delta_us=-0.200
SAMPLE case=bf16-wide-d32768 pair=21 order=P,C parent_device_us=21.760 candidate_device_us=14.420 parent_wall_us=71.959 candidate_wall_us=73.218 paired_device_delta_us=-7.340
PAIR_BLOCK case=bf16-wide-d32768 block=1 pairs=21 parent_median_us=13.340 candidate_median_us=12.800 paired_delta_median_us=-0.200
CORRECTNESS case=bf16-wide-d32768 binary=PARENT_V017 result=PASS failures=0 max_abs=0.0078125 max_rel=0.01754386
CORRECTNESS case=bf16-wide-d32768 binary=CAND_V019 result=PASS failures=0 max_abs=0.0078125 max_rel=0.01754386
BITWISE case=bf16-wide-d32768 parent_vs_candidate=IDENTICAL diff_elements=0
SUMMARY case=bf16-wide-d32768 metric=device_us binary=PARENT_V017 n=21 median=13.340 mean=27.276 stdev=24.793 cv=0.90896 min=11.600 max=98.200 max_min=8.466 mad=1.540 p10=11.840 p90=65.740 spread=86.600 core_cv=0.05736
SUMMARY case=bf16-wide-d32768 metric=device_us binary=CAND_V019 n=21 median=12.800 mean=28.198 stdev=25.428 cv=0.90178 min=11.620 max=82.920 max_min=7.136 mad=1.140 p10=11.720 p90=64.980 spread=71.300 core_cv=0.08161
SUMMARY case=bf16-wide-d32768 metric=wall_us binary=PARENT_V017 n=21 median=90.999 mean=106.725 stdev=36.811 cv=0.34491 min=71.959 max=207.547 max_min=2.884 mad=18.050 p10=76.169 p90=157.047 spread=135.588 core_cv=0.08068
SUMMARY case=bf16-wide-d32768 metric=wall_us binary=CAND_V019 n=21 median=88.699 mean=107.268 stdev=39.393 cv=0.36724 min=73.109 max=208.297 max_min=2.849 mad=11.880 p10=76.819 p90=163.177 spread=135.188 core_cv=0.10545
SUMMARY case=bf16-wide-d32768 metric=paired_device_delta_us binary=CAND_V019_minus_PARENT_V017 n=21 median=-0.200 mean=0.922 stdev=33.582 cv=36.42640 min=-86.340 max=70.980 max_min=-0.822 mad=7.140 p10=-35.540 p90=37.240 spread=157.320 core_cv=0.00000
CASE_END name=bf16-wide-d32768 correctness=PASS
CASE_BEGIN name=fp16-ctrl-d8192 dtype=fp16 rows=2 width=8192 device=5 warmup_each=45 pairs=21 samples_per_binary=21
SAMPLE case=fp16-ctrl-d8192 pair=01 order=P,C parent_device_us=5.060 candidate_device_us=5.180 parent_wall_us=175.117 candidate_wall_us=191.057 paired_device_delta_us=0.120
SAMPLE case=fp16-ctrl-d8192 pair=02 order=C,P parent_device_us=5.900 candidate_device_us=6.020 parent_wall_us=93.789 candidate_wall_us=126.538 paired_device_delta_us=0.120
SAMPLE case=fp16-ctrl-d8192 pair=03 order=P,C parent_device_us=5.060 candidate_device_us=4.640 parent_wall_us=93.368 candidate_wall_us=142.978 paired_device_delta_us=-0.420
SAMPLE case=fp16-ctrl-d8192 pair=04 order=C,P parent_device_us=5.760 candidate_device_us=6.360 parent_wall_us=172.898 candidate_wall_us=337.394 paired_device_delta_us=0.600
SAMPLE case=fp16-ctrl-d8192 pair=05 order=P,C parent_device_us=4.640 candidate_device_us=4.780 parent_wall_us=170.708 candidate_wall_us=316.046 paired_device_delta_us=0.140
SAMPLE case=fp16-ctrl-d8192 pair=06 order=C,P parent_device_us=6.240 candidate_device_us=5.760 parent_wall_us=111.818 candidate_wall_us=84.269 paired_device_delta_us=-0.480
SAMPLE case=fp16-ctrl-d8192 pair=07 order=P,C parent_device_us=5.480 candidate_device_us=5.140 parent_wall_us=89.969 candidate_wall_us=72.588 paired_device_delta_us=-0.340
SAMPLE case=fp16-ctrl-d8192 pair=08 order=C,P parent_device_us=6.140 candidate_device_us=6.380 parent_wall_us=157.718 candidate_wall_us=176.497 paired_device_delta_us=0.240
SAMPLE case=fp16-ctrl-d8192 pair=09 order=P,C parent_device_us=4.840 candidate_device_us=5.100 parent_wall_us=160.147 candidate_wall_us=76.299 paired_device_delta_us=0.260
SAMPLE case=fp16-ctrl-d8192 pair=10 order=C,P parent_device_us=6.300 candidate_device_us=5.580 parent_wall_us=130.268 candidate_wall_us=86.748 paired_device_delta_us=-0.720
SAMPLE case=fp16-ctrl-d8192 pair=11 order=P,C parent_device_us=5.160 candidate_device_us=4.920 parent_wall_us=223.187 candidate_wall_us=322.375 paired_device_delta_us=-0.240
SAMPLE case=fp16-ctrl-d8192 pair=12 order=C,P parent_device_us=5.140 candidate_device_us=4.980 parent_wall_us=87.358 candidate_wall_us=100.609 paired_device_delta_us=-0.160
SAMPLE case=fp16-ctrl-d8192 pair=13 order=P,C parent_device_us=5.180 candidate_device_us=5.320 parent_wall_us=151.848 candidate_wall_us=301.105 paired_device_delta_us=0.140
SAMPLE case=fp16-ctrl-d8192 pair=14 order=C,P parent_device_us=4.800 candidate_device_us=4.980 parent_wall_us=87.068 candidate_wall_us=117.968 paired_device_delta_us=0.180
SAMPLE case=fp16-ctrl-d8192 pair=15 order=P,C parent_device_us=4.760 candidate_device_us=4.660 parent_wall_us=155.178 candidate_wall_us=196.436 paired_device_delta_us=-0.100
SAMPLE case=fp16-ctrl-d8192 pair=16 order=C,P parent_device_us=4.960 candidate_device_us=5.020 parent_wall_us=172.317 candidate_wall_us=298.316 paired_device_delta_us=0.060
SAMPLE case=fp16-ctrl-d8192 pair=17 order=P,C parent_device_us=4.900 candidate_device_us=4.980 parent_wall_us=156.537 candidate_wall_us=315.005 paired_device_delta_us=0.080
SAMPLE case=fp16-ctrl-d8192 pair=18 order=C,P parent_device_us=5.140 candidate_device_us=5.280 parent_wall_us=155.677 candidate_wall_us=152.748 paired_device_delta_us=0.140
SAMPLE case=fp16-ctrl-d8192 pair=19 order=P,C parent_device_us=5.460 candidate_device_us=4.720 parent_wall_us=193.267 candidate_wall_us=131.638 paired_device_delta_us=-0.740
SAMPLE case=fp16-ctrl-d8192 pair=20 order=C,P parent_device_us=4.640 candidate_device_us=113.160 parent_wall_us=89.959 candidate_wall_us=159.657 paired_device_delta_us=108.520
SAMPLE case=fp16-ctrl-d8192 pair=21 order=P,C parent_device_us=4.900 candidate_device_us=5.100 parent_wall_us=74.139 candidate_wall_us=193.277 paired_device_delta_us=0.200
PAIR_BLOCK case=fp16-ctrl-d8192 block=1 pairs=21 parent_median_us=5.140 candidate_median_us=5.100 paired_delta_median_us=0.120
CORRECTNESS case=fp16-ctrl-d8192 binary=PARENT_V017 result=PASS failures=0 max_abs=0.0009765625 max_rel=0.0012618296
CORRECTNESS case=fp16-ctrl-d8192 binary=CAND_V019 result=PASS failures=0 max_abs=0.0009765625 max_rel=0.0012618296
BITWISE case=fp16-ctrl-d8192 parent_vs_candidate=IDENTICAL diff_elements=0
SUMMARY case=fp16-ctrl-d8192 metric=device_us binary=PARENT_V017 n=21 median=5.140 mean=5.260 stdev=0.522 cv=0.09920 min=4.640 max=6.300 max_min=1.358 mad=0.320 p10=4.760 p90=6.140 spread=1.660 core_cv=0.08167
SUMMARY case=fp16-ctrl-d8192 metric=device_us binary=CAND_V019 n=21 median=5.100 mean=10.384 stdev=23.554 cv=2.26838 min=4.640 max=113.160 max_min=24.388 mad=0.220 p10=4.720 p90=6.360 spread=108.520 core_cv=0.07228
SUMMARY case=fp16-ctrl-d8192 metric=wall_us binary=PARENT_V017 n=21 median=155.178 mean=138.206 stdev=42.261 cv=0.30578 min=74.139 max=223.187 max_min=3.010 mad=24.910 p10=87.358 p90=175.117 spread=149.048 core_cv=0.08086
SUMMARY case=fp16-ctrl-d8192 metric=wall_us binary=CAND_V019 n=21 median=159.657 mean=185.693 stdev=91.753 cv=0.49411 min=72.588 max=337.394 max_min=4.648 mad=59.048 p10=84.269 p90=316.046 spread=264.806 core_cv=0.13709
SUMMARY case=fp16-ctrl-d8192 metric=paired_device_delta_us binary=CAND_V019_minus_PARENT_V017 n=21 median=0.120 mean=5.124 stdev=23.693 cv=4.62419 min=-0.740 max=108.520 max_min=-146.649 mad=0.140 p10=-0.480 p90=0.260 spread=109.260 core_cv=0.08299
CASE_END name=fp16-ctrl-d8192 correctness=PASS
CASE_BEGIN name=bf16-ctrl-d8192 dtype=bf16 rows=2 width=8192 device=5 warmup_each=45 pairs=21 samples_per_binary=21
SAMPLE case=bf16-ctrl-d8192 pair=01 order=P,C parent_device_us=5.780 candidate_device_us=5.720 parent_wall_us=329.915 candidate_wall_us=93.989 paired_device_delta_us=-0.060
SAMPLE case=bf16-ctrl-d8192 pair=02 order=C,P parent_device_us=6.400 candidate_device_us=14.960 parent_wall_us=91.979 candidate_wall_us=73.629 paired_device_delta_us=8.560
SAMPLE case=bf16-ctrl-d8192 pair=03 order=P,C parent_device_us=16.080 candidate_device_us=5.400 parent_wall_us=67.699 candidate_wall_us=172.227 paired_device_delta_us=-10.680
SAMPLE case=bf16-ctrl-d8192 pair=04 order=C,P parent_device_us=6.520 candidate_device_us=6.800 parent_wall_us=305.115 candidate_wall_us=192.267 paired_device_delta_us=0.280
SAMPLE case=bf16-ctrl-d8192 pair=05 order=P,C parent_device_us=5.180 candidate_device_us=5.080 parent_wall_us=96.009 candidate_wall_us=85.138 paired_device_delta_us=-0.100
SAMPLE case=bf16-ctrl-d8192 pair=06 order=C,P parent_device_us=6.460 candidate_device_us=6.600 parent_wall_us=186.627 candidate_wall_us=146.978 paired_device_delta_us=0.140
SAMPLE case=bf16-ctrl-d8192 pair=07 order=P,C parent_device_us=5.840 candidate_device_us=5.760 parent_wall_us=173.028 candidate_wall_us=143.467 paired_device_delta_us=-0.080
SAMPLE case=bf16-ctrl-d8192 pair=08 order=C,P parent_device_us=6.420 candidate_device_us=100.000 parent_wall_us=158.467 candidate_wall_us=152.758 paired_device_delta_us=93.580
SAMPLE case=bf16-ctrl-d8192 pair=09 order=P,C parent_device_us=5.360 candidate_device_us=5.320 parent_wall_us=190.247 candidate_wall_us=129.918 paired_device_delta_us=-0.040
SAMPLE case=bf16-ctrl-d8192 pair=10 order=C,P parent_device_us=6.340 candidate_device_us=16.720 parent_wall_us=72.058 candidate_wall_us=75.509 paired_device_delta_us=10.380
SAMPLE case=bf16-ctrl-d8192 pair=11 order=P,C parent_device_us=5.420 candidate_device_us=147.200 parent_wall_us=82.628 candidate_wall_us=199.327 paired_device_delta_us=141.780
SAMPLE case=bf16-ctrl-d8192 pair=12 order=C,P parent_device_us=5.420 candidate_device_us=5.720 parent_wall_us=146.728 candidate_wall_us=189.237 paired_device_delta_us=0.300
SAMPLE case=bf16-ctrl-d8192 pair=13 order=P,C parent_device_us=5.360 candidate_device_us=97.900 parent_wall_us=176.558 candidate_wall_us=154.138 paired_device_delta_us=92.540
SAMPLE case=bf16-ctrl-d8192 pair=14 order=C,P parent_device_us=5.200 candidate_device_us=9.200 parent_wall_us=176.107 candidate_wall_us=167.067 paired_device_delta_us=4.000
SAMPLE case=bf16-ctrl-d8192 pair=15 order=P,C parent_device_us=5.220 candidate_device_us=5.140 parent_wall_us=310.795 candidate_wall_us=168.008 paired_device_delta_us=-0.080
SAMPLE case=bf16-ctrl-d8192 pair=16 order=C,P parent_device_us=5.240 candidate_device_us=5.360 parent_wall_us=394.114 candidate_wall_us=174.578 paired_device_delta_us=0.120
SAMPLE case=bf16-ctrl-d8192 pair=17 order=P,C parent_device_us=5.260 candidate_device_us=5.560 parent_wall_us=237.867 candidate_wall_us=148.617 paired_device_delta_us=0.300
SAMPLE case=bf16-ctrl-d8192 pair=18 order=C,P parent_device_us=5.900 candidate_device_us=5.500 parent_wall_us=160.658 candidate_wall_us=172.337 paired_device_delta_us=-0.400
SAMPLE case=bf16-ctrl-d8192 pair=19 order=P,C parent_device_us=85.320 candidate_device_us=5.820 parent_wall_us=144.707 candidate_wall_us=157.658 paired_device_delta_us=-79.500
SAMPLE case=bf16-ctrl-d8192 pair=20 order=C,P parent_device_us=5.520 candidate_device_us=5.200 parent_wall_us=114.118 candidate_wall_us=301.616 paired_device_delta_us=-0.320
SAMPLE case=bf16-ctrl-d8192 pair=21 order=P,C parent_device_us=5.560 candidate_device_us=144.820 parent_wall_us=165.117 candidate_wall_us=198.557 paired_device_delta_us=139.260
PAIR_BLOCK case=bf16-ctrl-d8192 block=1 pairs=21 parent_median_us=5.560 candidate_median_us=5.760 paired_delta_median_us=0.140
CORRECTNESS case=bf16-ctrl-d8192 binary=PARENT_V017 result=PASS failures=0 max_abs=0.0078125 max_rel=0.0075757578
CORRECTNESS case=bf16-ctrl-d8192 binary=CAND_V019 result=PASS failures=0 max_abs=0.0078125 max_rel=0.0075757578
BITWISE case=bf16-ctrl-d8192 parent_vs_candidate=IDENTICAL diff_elements=0
SUMMARY case=bf16-ctrl-d8192 metric=device_us binary=PARENT_V017 n=21 median=5.560 mean=9.990 stdev=17.414 cv=1.74305 min=5.180 max=85.320 max_min=16.471 mad=0.340 p10=5.220 p90=6.520 spread=80.140 core_cv=0.08596
SUMMARY case=bf16-ctrl-d8192 metric=device_us binary=CAND_V019 n=21 median=5.760 mean=29.037 stdev=47.726 cv=1.64362 min=5.080 max=147.200 max_min=28.976 mad=0.620 p10=5.200 p90=100.000 spread=142.120 core_cv=0.08996
SUMMARY case=bf16-ctrl-d8192 metric=wall_us binary=PARENT_V017 n=21 median=165.117 mean=180.026 stdev=89.709 cv=0.49831 min=67.699 max=394.114 max_min=5.822 mad=50.999 p10=82.628 p90=310.795 spread=326.415 core_cv=0.09218
SUMMARY case=bf16-ctrl-d8192 metric=wall_us binary=CAND_V019 n=21 median=157.658 mean=157.001 stdev=50.771 cv=0.32338 min=73.629 max=301.616 max_min=4.096 mad=16.920 p10=85.138 p90=198.557 spread=227.987 core_cv=0.08807
SUMMARY case=bf16-ctrl-d8192 metric=paired_device_delta_us binary=CAND_V019_minus_PARENT_V017 n=21 median=0.140 mean=19.047 stdev=52.834 cv=2.77394 min=-79.500 max=141.780 max_min=-1.783 mad=0.460 p10=-0.400 p90=93.580 spread=221.280 core_cv=0.10879
CASE_END name=bf16-ctrl-d8192 correctness=PASS
RUNNER_COMPLETE mode=PAIRED correctness=PASS cases=4 warmup_each=45 pairs_each=21 timing=DEVICE_EVENT_PRIMARY wall=DIAGNOSTIC
