4f5bfc319b72d1f0bcfd453bc92e80ac64216719898757292daf1aa1b73b6063  phase4/local/R31A/V021/submission.asc
dd13093823c885e785a650abff4863827e652eb8607ad0621a96eb31b6764fa0  phase4/local/R31A/V021/support/parent_v016_submission.asc
da39bdde59ba89a1bd6925542dabe2b546e3a4553384ea190a528f9fa9d57d9f  phase4/local/R31A/V021/support/paired_probe.cpp
28c5dd26d3226c8f36668c3e56d9cf0126574e2785868fb18d02e134bf81dcd8  phase4/local/R31A/V021/support/paired_probe_main.inc
dd45d48c000b77f9fd47f8c9e050a39ad320da13319553f0722aad78e05baecc  phase4/local/R31A/V021/support/paired_probe_v016.asc
4ccb96b2a9f5abf6b5f116a1bf2ff3fdff982ae42dbdac9f2f5c39a2e4541df1  phase4/local/R31A/V021/support/paired_probe_v021.asc
4f5bfc319b72d1f0bcfd453bc92e80ac64216719898757292daf1aa1b73b6063  /home/data4t2/lelinfeng/phase4-worktrees/R31A/V021-direct/phase4/local/R31A/V021/submission.asc
dd13093823c885e785a650abff4863827e652eb8607ad0621a96eb31b6764fa0  /home/data4t2/lelinfeng/phase4-worktrees/R31A/V021-direct/phase4/local/R31A/V021/support/parent_v016_submission.asc
da39bdde59ba89a1bd6925542dabe2b546e3a4553384ea190a528f9fa9d57d9f  /home/data4t2/lelinfeng/phase4-worktrees/R31A/V021-direct/phase4/local/R31A/V021/support/paired_probe.cpp
c95dec4cfd552020462e509fa3fbbf2dbe3b10162ff719cf735df15b1f08b2e7  /home/data4t2/lelinfeng/phase4-worktrees/R31A/V021-direct/phase4/local/R31A/V021/support/paired_probe_main.inc
4ccb96b2a9f5abf6b5f116a1bf2ff3fdff982ae42dbdac9f2f5c39a2e4541df1  /home/data4t2/lelinfeng/phase4-worktrees/R31A/V021-direct/phase4/local/R31A/V021/support/paired_probe_v021.asc
d11fa9aa541e5c75dc38bd509cd515ca44347162741f6b93b7a0b371aecfde11  /home/data4t2/lelinfeng/phase4-worktrees/R31A/V021-direct/probe-build/r31a_paired_probe
11d7a2cb60912ce23b05a768c9076abcf2c513ad8b0844cc062d158082a4d5ea  /home/data4t2/lelinfeng/phase4-worktrees/R31A/V021-direct/probe-build/libr31a_paired_v016.so
9bacd8cd72b8db5c6b8a1574ce199c674b18bc2bcf858cfb91ade29f71d24674  /home/data4t2/lelinfeng/phase4-worktrees/R31A/V021-direct/probe-build/libr31a_paired_v021.so
dd45d48c000b77f9fd47f8c9e050a39ad320da13319553f0722aad78e05baecc  /home/data4t2/lelinfeng/phase4-worktrees/R31A/V021-direct/phase4/local/R31A/V021/support/paired_probe_v016.asc
28c5dd26d3226c8f36668c3e56d9cf0126574e2785868fb18d02e134bf81dcd8  /home/data4t2/lelinfeng/phase4-worktrees/R31A/V021-direct/phase4/local/R31A/V021/support/paired_probe_main.inc
d11fa9aa541e5c75dc38bd509cd515ca44347162741f6b93b7a0b371aecfde11  /home/data4t2/lelinfeng/phase4-worktrees/R31A/V021-direct/probe-build/r31a_paired_probe
11d7a2cb60912ce23b05a768c9076abcf2c513ad8b0844cc062d158082a4d5ea  /home/data4t2/lelinfeng/phase4-worktrees/R31A/V021-direct/probe-build/libr31a_paired_v016.so
9bacd8cd72b8db5c6b8a1574ce199c674b18bc2bcf858cfb91ade29f71d24674  /home/data4t2/lelinfeng/phase4-worktrees/R31A/V021-direct/probe-build/libr31a_paired_v021.so
28c5dd26d3226c8f36668c3e56d9cf0126574e2785868fb18d02e134bf81dcd8  /home/data4t2/lelinfeng/phase4-worktrees/R31A/V021-direct/phase4/local/R31A/V021/support/paired_probe_main.inc
4f5bfc319b72d1f0bcfd453bc92e80ac64216719898757292daf1aa1b73b6063  /home/data4t2/lelinfeng/phase4-worktrees/R31A/V021-direct/phase4/local/R31A/V021/submission.asc
dd13093823c885e785a650abff4863827e652eb8607ad0621a96eb31b6764fa0  /home/data4t2/lelinfeng/phase4-worktrees/R31A/V021-direct/phase4/local/R31A/V021/support/parent_v016_submission.asc
7dbde489de951be883fe38d6cbc991800c0451a97931af8ac036c339f0e61f9a  /home/data4t2/lelinfeng/phase4-worktrees/R31A/V021-direct/probe-build/r31a_paired_probe
11d7a2cb60912ce23b05a768c9076abcf2c513ad8b0844cc062d158082a4d5ea  /home/data4t2/lelinfeng/phase4-worktrees/R31A/V021-direct/probe-build/libr31a_paired_v016.so
9bacd8cd72b8db5c6b8a1574ce199c674b18bc2bcf858cfb91ade29f71d24674  /home/data4t2/lelinfeng/phase4-worktrees/R31A/V021-direct/probe-build/libr31a_paired_v021.so
