[ 50%] Building ASC object CMakeFiles/r31a_paired_probe.dir/paired_probe.asc.o
[ERROR] ASCPLUGIN [pid:3392401, tid:3392401] [asc_utils.cpp:58] Path []:  no such file or directory.
[ERROR] ASCPLUGIN [pid:3392401, tid:3392401] [asc_utils.cpp:68] Path []: path not exist.
[ERROR] ASCPLUGIN [pid:3392401, tid:3392401] [asc_utils.cpp:58] Path []:  no such file or directory.
[ERROR] ASCPLUGIN [pid:3392401, tid:3392401] [asc_utils.cpp:68] Path []: path not exist.
PlugIn Err: get real path name failed.
PlugIn Err: get real path name failed.
PlugIn Err: get real path name failed.
PlugIn Err: get real path name failed.
PlugIn Err: get real path name failed.
PlugIn Err: get real path name failed.
[ERROR] ASCPLUGIN [pid:3392401, tid:3392401] [asc_ast_device_consumer.cpp:300] Unknown kernelInfo, mangledName: _ZN9r31a_v01616r31a_kernel_v016EPhS0_S0_S0_S0_mmjff at :3258, col:28, please check log.
In file included from /home/data4t2/lelinfeng/phase4-worktrees/R31A/V021-direct/phase4/local/R31A/V021/support/paired_probe.asc:22:
/home/data4t2/lelinfeng/phase4-worktrees/R31A/V021-direct/phase4/local/R31A/V021/support/paired_probe_main.inc:318:13: error: reinterpret_cast from 'float *' to '__gm__ uint8_t *' (aka '__gm__ unsigned char *') is not allowed
Fatal Err: A fatal error occurred in iternel process, and Diagnostic info can not be reported correctly
In file included from /home/data4t2/lelinfeng/phase4-worktrees/R31A/V021-direct/phase4/local/R31A/V021/support/paired_probe.asc:22:
/home/data4t2/lelinfeng/phase4-worktrees/R31A/V021-direct/phase4/local/R31A/V021/support/paired_probe_main.inc:318:13: error: reinterpret_cast from 'float *' to '__gm__ uint8_t *' (aka '__gm__ unsigned char *') is not allowed
Fatal Err: A fatal error occurred in iternel process, and Diagnostic info can not be reported correctly
gmake[3]: *** [CMakeFiles/r31a_paired_probe.dir/build.make:76: CMakeFiles/r31a_paired_probe.dir/paired_probe.asc.o] Error 1
gmake[2]: *** [CMakeFiles/Makefile2:139: CMakeFiles/r31a_paired_probe.dir/all] Error 2
gmake[1]: *** [CMakeFiles/Makefile2:146: CMakeFiles/r31a_paired_probe.dir/rule] Error 2
gmake: *** [Makefile:150: r31a_paired_probe] Error 2
