/usr/bin/cmake -S/home/data4t2/lelinfeng/phase4-worktrees/R31A/V021-direct/phase4/local/R31A/V021/support -B/home/data4t2/lelinfeng/phase4-worktrees/R31A/V021-direct/probe-build --check-build-system CMakeFiles/Makefile.cmake 0
/usr/bin/gmake  -f CMakeFiles/Makefile2 r31a_paired_probe
gmake[1]: Entering directory '/home/data4t2/lelinfeng/phase4-worktrees/R31A/V021-direct/probe-build'
/usr/bin/cmake -S/home/data4t2/lelinfeng/phase4-worktrees/R31A/V021-direct/phase4/local/R31A/V021/support -B/home/data4t2/lelinfeng/phase4-worktrees/R31A/V021-direct/probe-build --check-build-system CMakeFiles/Makefile.cmake 0
/usr/bin/cmake -E cmake_progress_start /home/data4t2/lelinfeng/phase4-worktrees/R31A/V021-direct/probe-build/CMakeFiles 4
/usr/bin/gmake  -f CMakeFiles/Makefile2 CMakeFiles/r31a_paired_probe.dir/all
gmake[2]: Entering directory '/home/data4t2/lelinfeng/phase4-worktrees/R31A/V021-direct/probe-build'
/usr/bin/gmake  -f CMakeFiles/r31a_paired_v016_kernel.dir/build.make CMakeFiles/r31a_paired_v016_kernel.dir/depend
gmake[3]: Entering directory '/home/data4t2/lelinfeng/phase4-worktrees/R31A/V021-direct/probe-build'
cd /home/data4t2/lelinfeng/phase4-worktrees/R31A/V021-direct/probe-build && /usr/bin/cmake -E cmake_depends "Unix Makefiles" /home/data4t2/lelinfeng/phase4-worktrees/R31A/V021-direct/phase4/local/R31A/V021/support /home/data4t2/lelinfeng/phase4-worktrees/R31A/V021-direct/phase4/local/R31A/V021/support /home/data4t2/lelinfeng/phase4-worktrees/R31A/V021-direct/probe-build /home/data4t2/lelinfeng/phase4-worktrees/R31A/V021-direct/probe-build /home/data4t2/lelinfeng/phase4-worktrees/R31A/V021-direct/probe-build/CMakeFiles/r31a_paired_v016_kernel.dir/DependInfo.cmake --color=
Dependencies file "CMakeFiles/r31a_paired_v016_kernel.dir/paired_probe_v016.asc.o.d" is newer than depends file "/home/data4t2/lelinfeng/phase4-worktrees/R31A/V021-direct/probe-build/CMakeFiles/r31a_paired_v016_kernel.dir/compiler_depend.internal".
Consolidate compiler generated dependencies of target r31a_paired_v016_kernel
gmake[3]: Leaving directory '/home/data4t2/lelinfeng/phase4-worktrees/R31A/V021-direct/probe-build'
/usr/bin/gmake  -f CMakeFiles/r31a_paired_v016_kernel.dir/build.make CMakeFiles/r31a_paired_v016_kernel.dir/build
gmake[3]: Entering directory '/home/data4t2/lelinfeng/phase4-worktrees/R31A/V021-direct/probe-build'
[ 25%] Building ASC object CMakeFiles/r31a_paired_v016_kernel.dir/paired_probe_v016.asc.o
/usr/bin/cmake -E env CPATH=/usr/include/c++/11:/usr/include/aarch64-linux-gnu/c++/11:/usr/include/c++/11/backward CPLUS_INCLUDE_PATH=/usr/include/c++/11:/usr/include/aarch64-linux-gnu/c++/11:/usr/include/c++/11/backward /usr/local/Ascend/ascend-toolkit/latest/compiler/ccec_compiler/bin/bisheng --npu-arch=dav-2201 --npu-soc=Ascend910B3  -I/home/data4t2/lelinfeng/phase4-worktrees/R31A/V021-direct/phase4/local/R31A/V021/support -I/usr/local/Ascend/ascend-toolkit/8.5.0.alpha002/aarch64-linux/include -I/usr/local/Ascend/ascend-toolkit/8.5.0.alpha002/aarch64-linux/ascendc/include -I/usr/local/Ascend/ascend-toolkit/8.5.0.alpha002/aarch64-linux/ascendc/include/basic_api/impl -I/usr/local/Ascend/ascend-toolkit/8.5.0.alpha002/aarch64-linux -I/usr/local/Ascend/ascend-toolkit/8.5.0.alpha002/aarch64-linux/asc -I/usr/local/Ascend/ascend-toolkit/8.5.0.alpha002/aarch64-linux/asc/include -I/usr/local/Ascend/ascend-toolkit/8.5.0.alpha002/aarch64-linux/asc/include/basic_api -I/usr/local/Ascend/ascend-toolkit/8.5.0.alpha002/aarch64-linux/asc/include/interface -I/usr/local/Ascend/ascend-toolkit/8.5.0.alpha002/toolkit/toolchain/hcc/aarch64-target-linux-gnu/include -I/usr/local/Ascend/ascend-toolkit/8.5.0.alpha002/toolkit/toolchain/hcc/aarch64-target-linux-gnu/include/c++/7.3.0 -I/usr/local/Ascend/ascend-toolkit/8.5.0.alpha002/toolkit/toolchain/hcc/aarch64-target-linux-gnu/include/c++/7.3.0/aarch64-target-linux-gnu -I/usr/local/Ascend/ascend-toolkit/8.5.0.alpha002/toolkit/toolchain/hcc/aarch64-target-linux-gnu/include/c++/7.3.0/backward -Xaicore-start -O3 -std=c++17 -Xaicore-end -Xhost-start -fPIC -O2 -Xhost-end --npu-arch=dav-2201 -MD -MT CMakeFiles/r31a_paired_v016_kernel.dir/paired_probe_v016.asc.o -MF CMakeFiles/r31a_paired_v016_kernel.dir/paired_probe_v016.asc.o.d -o CMakeFiles/r31a_paired_v016_kernel.dir/paired_probe_v016.asc.o -c -x asc /home/data4t2/lelinfeng/phase4-worktrees/R31A/V021-direct/phase4/local/R31A/V021/support/paired_probe_v016.asc
[ERROR] ASCPLUGIN [pid:4165470, tid:4165470] [asc_utils.cpp:58] Path []:  no such file or directory.
[ERROR] ASCPLUGIN [pid:4165470, tid:4165470] [asc_utils.cpp:68] Path []: path not exist.
PlugIn Err: get real path name failed.
PlugIn Err: get real path name failed.
PlugIn Err: get real path name failed.
[ERROR] ASCPLUGIN [pid:4165470, tid:4165470] [asc_ast_device_consumer.cpp:300] Unknown kernelInfo, mangledName: _Z16r31a_kernel_v016PhS_S_S_S_mmjff at :3258, col:28, please check log.
ld.lld: error: undefined symbol: void __origin__r31a_kernel_v016<float>(unsigned char AS1*, unsigned char AS1*, unsigned char AS1*, unsigned char AS1*, unsigned char AS1*, unsigned long, unsigned long, unsigned int, float, float)
>>> referenced by paired_probe_v016.asc
>>>               /tmp/paired_probe_v016-3db0bb.o-feab64.extract:(_Z16r31a_kernel_v016IfEvPhS0_S0_S0_S0_mmjff_mix_aic)

ld.lld: error: undefined symbol: void __origin__r31a_kernel_v016<half>(unsigned char AS1*, unsigned char AS1*, unsigned char AS1*, unsigned char AS1*, unsigned char AS1*, unsigned long, unsigned long, unsigned int, float, float)
>>> referenced by paired_probe_v016.asc
>>>               /tmp/paired_probe_v016-3db0bb.o-feab64.extract:(_Z16r31a_kernel_v016IDhEvPhS0_S0_S0_S0_mmjff_mix_aic)

ld.lld: error: undefined symbol: void __origin__r31a_kernel_v016<__bf16>(unsigned char AS1*, unsigned char AS1, unsigned char AS1, unsigned char AS1, unsigned char AS1, unsigned long, unsigned long, unsigned int, float, float)
>>> referenced by paired_probe_v016.asc
>>>               /tmp/paired_probe_v016-3db0bb.o-feab64.extract:(_Z16r31a_kernel_v016Iu6__bf16EvPhS0_S0_S0_S0_mmjff_mix_aic)
cceld: ccec ReturnCode: 1
cceld: ExecutionFailed: 0
cceld: ErrMsg: 
bisheng: error: linker command failed with exit code 1 (use -v to see invocation)
gmake[3]: *** [CMakeFiles/r31a_paired_v016_kernel.dir/build.make:76: CMakeFiles/r31a_paired_v016_kernel.dir/paired_probe_v016.asc.o] Error 1
gmake[3]: Leaving directory '/home/data4t2/lelinfeng/phase4-worktrees/R31A/V021-direct/probe-build'
gmake[2]: Leaving directory '/home/data4t2/lelinfeng/phase4-worktrees/R31A/V021-direct/probe-build'
gmake[2]: *** [CMakeFiles/Makefile2:143: CMakeFiles/r31a_paired_v016_kernel.dir/all] Error 2
gmake[1]: *** [CMakeFiles/Makefile2:203: CMakeFiles/r31a_paired_probe.dir/rule] Error 2
gmake[1]: Leaving directory '/home/data4t2/lelinfeng/phase4-worktrees/R31A/V021-direct/probe-build'
gmake: *** [Makefile:176: r31a_paired_probe] Error 2
