Consolidate compiler generated dependencies of target r31a_paired_v021_kernel
[ 25%] Building ASC object CMakeFiles/r31a_paired_v021_kernel.dir/paired_probe_v021.asc.o
[ 25%] Built target r31a_paired_v021_kernel
[ 50%] Building ASC object CMakeFiles/r31a_paired_v016_kernel.dir/paired_probe_v016.asc.o
[ 50%] Built target r31a_paired_v016_kernel
Consolidate compiler generated dependencies of target r31a_paired_probe
[ 75%] Building CXX object CMakeFiles/r31a_paired_probe.dir/paired_probe.cpp.o
[100%] Linking CXX executable r31a_paired_probe
ld.lld: error: duplicate symbol: __device_stub___Z24add_rms_norm_bias_customIfEvPhS0_S0_S0_S0_mmjff
>>> defined at CMakeFiles/r31a_paired_v016_kernel.dir/paired_probe_v016.asc.o:(__device_stub___Z24add_rms_norm_bias_customIfEvPhS0_S0_S0_S0_mmjff)
>>> defined at CMakeFiles/r31a_paired_v021_kernel.dir/paired_probe_v021.asc.o:(.text+0x8E4)

ld.lld: error: duplicate symbol: __device_stub___Z24add_rms_norm_bias_customIDhEvPhS0_S0_S0_S0_mmjff
>>> defined at CMakeFiles/r31a_paired_v016_kernel.dir/paired_probe_v016.asc.o:(__device_stub___Z24add_rms_norm_bias_customIDhEvPhS0_S0_S0_S0_mmjff)
>>> defined at CMakeFiles/r31a_paired_v021_kernel.dir/paired_probe_v021.asc.o:(.text+0x8E8)

ld.lld: error: duplicate symbol: __device_stub___Z24add_rms_norm_bias_customIu6__bf16EvPhS0_S0_S0_S0_mmjff
>>> defined at CMakeFiles/r31a_paired_v016_kernel.dir/paired_probe_v016.asc.o:(__device_stub___Z24add_rms_norm_bias_customIu6__bf16EvPhS0_S0_S0_S0_mmjff)
>>> defined at CMakeFiles/r31a_paired_v021_kernel.dir/paired_probe_v021.asc.o:(.text+0x8EC)
cceld: Linker ReturnCode: 1
cceld: ExecutionFailed: 0
cceld: ErrMsg: 
bisheng: error: linker command failed with exit code 1 (use -v to see invocation)
gmake[3]: *** [CMakeFiles/r31a_paired_probe.dir/build.make:101: r31a_paired_probe] Error 1
gmake[2]: *** [CMakeFiles/Makefile2:196: CMakeFiles/r31a_paired_probe.dir/all] Error 2
gmake[1]: *** [CMakeFiles/Makefile2:203: CMakeFiles/r31a_paired_probe.dir/rule] Error 2
gmake: *** [Makefile:176: r31a_paired_probe] Error 2
