[ 50%] Building ASC object CMakeFiles/brx_ref_probe.dir/runner_ref_batch.asc.o
In file included from /home/data4t2/lelinfeng/BATCH-RESIDENT-X_runs/ref-harness/support/runner_ref_batch.asc:2:
/home/data4t2/lelinfeng/BATCH-RESIDENT-X_runs/ref-harness/support/runner_ref.inc:263:21: warning: 'cce_global' attribute ignored when parsing type [-Wignored-attributes]
        run_kernel((GM_ADDR)deviceX, infoX, (GM_ADDR)deviceR, infoR,
                    ^~~~~~~
/usr/local/Ascend/ascend-toolkit/8.5.0.alpha002/compiler/tikcpp/tikcfw/impl/utils/kernel_utils_macros.h:18:17: note: expanded from macro 'GM_ADDR'
#define GM_ADDR __gm__ uint8_t*
                ^~~~~~
/usr/local/Ascend/ascend-toolkit/8.5.0.alpha002/aarch64-linux/ccec_compiler/lib/clang/15.0.5/include/__clang_cce_defines.h:47:31: note: expanded from macro '__gm__'
#define __gm__ __attribute__((cce_global))
                              ^~~~~~~~~~
In file included from /home/data4t2/lelinfeng/BATCH-RESIDENT-X_runs/ref-harness/support/runner_ref_batch.asc:2:
/home/data4t2/lelinfeng/BATCH-RESIDENT-X_runs/ref-harness/support/runner_ref.inc:263:46: warning: 'cce_global' attribute ignored when parsing type [-Wignored-attributes]
        run_kernel((GM_ADDR)deviceX, infoX, (GM_ADDR)deviceR, infoR,
                                             ^~~~~~~
/usr/local/Ascend/ascend-toolkit/8.5.0.alpha002/compiler/tikcpp/tikcfw/impl/utils/kernel_utils_macros.h:18:17: note: expanded from macro 'GM_ADDR'
#define GM_ADDR __gm__ uint8_t*
                ^~~~~~
/usr/local/Ascend/ascend-toolkit/8.5.0.alpha002/aarch64-linux/ccec_compiler/lib/clang/15.0.5/include/__clang_cce_defines.h:47:31: note: expanded from macro '__gm__'
#define __gm__ __attribute__((cce_global))
                              ^~~~~~~~~~
In file included from /home/data4t2/lelinfeng/BATCH-RESIDENT-X_runs/ref-harness/support/runner_ref_batch.asc:2:
/home/data4t2/lelinfeng/BATCH-RESIDENT-X_runs/ref-harness/support/runner_ref.inc:264:21: warning: 'cce_global' attribute ignored when parsing type [-Wignored-attributes]
                   (GM_ADDR)deviceG, infoG, (GM_ADDR)deviceB, infoB,
                    ^~~~~~~
/usr/local/Ascend/ascend-toolkit/8.5.0.alpha002/compiler/tikcpp/tikcfw/impl/utils/kernel_utils_macros.h:18:17: note: expanded from macro 'GM_ADDR'
#define GM_ADDR __gm__ uint8_t*
                ^~~~~~
/usr/local/Ascend/ascend-toolkit/8.5.0.alpha002/aarch64-linux/ccec_compiler/lib/clang/15.0.5/include/__clang_cce_defines.h:47:31: note: expanded from macro '__gm__'
#define __gm__ __attribute__((cce_global))
                              ^~~~~~~~~~
In file included from /home/data4t2/lelinfeng/BATCH-RESIDENT-X_runs/ref-harness/support/runner_ref_batch.asc:2:
/home/data4t2/lelinfeng/BATCH-RESIDENT-X_runs/ref-harness/support/runner_ref.inc:264:46: warning: 'cce_global' attribute ignored when parsing type [-Wignored-attributes]
                   (GM_ADDR)deviceG, infoG, (GM_ADDR)deviceB, infoB,
                                             ^~~~~~~
/usr/local/Ascend/ascend-toolkit/8.5.0.alpha002/compiler/tikcpp/tikcfw/impl/utils/kernel_utils_macros.h:18:17: note: expanded from macro 'GM_ADDR'
#define GM_ADDR __gm__ uint8_t*
                ^~~~~~
/usr/local/Ascend/ascend-toolkit/8.5.0.alpha002/aarch64-linux/ccec_compiler/lib/clang/15.0.5/include/__clang_cce_defines.h:47:31: note: expanded from macro '__gm__'
#define __gm__ __attribute__((cce_global))
                              ^~~~~~~~~~
In file included from /home/data4t2/lelinfeng/BATCH-RESIDENT-X_runs/ref-harness/support/runner_ref_batch.asc:2:
/home/data4t2/lelinfeng/BATCH-RESIDENT-X_runs/ref-harness/support/runner_ref.inc:265:21: warning: 'cce_global' attribute ignored when parsing type [-Wignored-attributes]
                   (GM_ADDR)deviceOut, infoO, availableCoreNum, stream, kEpsilon);
                    ^~~~~~~
/usr/local/Ascend/ascend-toolkit/8.5.0.alpha002/compiler/tikcpp/tikcfw/impl/utils/kernel_utils_macros.h:18:17: note: expanded from macro 'GM_ADDR'
#define GM_ADDR __gm__ uint8_t*
                ^~~~~~
/usr/local/Ascend/ascend-toolkit/8.5.0.alpha002/aarch64-linux/ccec_compiler/lib/clang/15.0.5/include/__clang_cce_defines.h:47:31: note: expanded from macro '__gm__'
#define __gm__ __attribute__((cce_global))
                              ^~~~~~~~~~
In file included from /home/data4t2/lelinfeng/BATCH-RESIDENT-X_runs/ref-harness/support/runner_ref_batch.asc:2:
/home/data4t2/lelinfeng/BATCH-RESIDENT-X_runs/ref-harness/support/runner_ref.inc:385:57: warning: format specifies type 'int' but the argument has type 'int64_t' (aka 'long') [-Wformat]
                deviceId, static_cast<long long>(rows), width, dtype, warmup, samples, blocks, batchN, bad);
                                                        ^~~~~
6 warnings generated.
In file included from /home/data4t2/lelinfeng/BATCH-RESIDENT-X_runs/ref-harness/support/runner_ref_batch.asc:2:
/home/data4t2/lelinfeng/BATCH-RESIDENT-X_runs/ref-harness/support/runner_ref.inc:385:57: warning: format specifies type 'int' but the argument has type 'int64_t' (aka 'long') [-Wformat]
1 warning generated.
Warning: please refer to the above warning message. 
In file included from /home/data4t2/lelinfeng/BATCH-RESIDENT-X_runs/ref-harness/support/runner_ref_batch.asc:2:
/home/data4t2/lelinfeng/BATCH-RESIDENT-X_runs/ref-harness/support/runner_ref.inc:385:57: warning: format specifies type 'int' but the argument has type 'int64_t' (aka 'long') [-Wformat]
1 warning generated.
Warning: please refer to the above warning message. 
In file included from /home/data4t2/lelinfeng/BATCH-RESIDENT-X_runs/ref-harness/support/runner_ref_batch.asc:2:
/home/data4t2/lelinfeng/BATCH-RESIDENT-X_runs/ref-harness/support/runner_ref.inc:263:21: warning: 'cce_global' attribute ignored when parsing type [-Wignored-attributes]
/usr/local/Ascend/ascend-toolkit/8.5.0.alpha002/compiler/tikcpp/tikcfw/impl/utils/kernel_utils_macros.h:18:17: note: expanded from macro 'GM_ADDR'
/usr/local/Ascend/ascend-toolkit/8.5.0.alpha002/aarch64-linux/ccec_compiler/lib/clang/15.0.5/include/__clang_cce_defines.h:47:31: note: expanded from macro '__gm__'
In file included from /home/data4t2/lelinfeng/BATCH-RESIDENT-X_runs/ref-harness/support/runner_ref_batch.asc:2:
/home/data4t2/lelinfeng/BATCH-RESIDENT-X_runs/ref-harness/support/runner_ref.inc:263:46: warning: 'cce_global' attribute ignored when parsing type [-Wignored-attributes]
/usr/local/Ascend/ascend-toolkit/8.5.0.alpha002/compiler/tikcpp/tikcfw/impl/utils/kernel_utils_macros.h:18:17: note: expanded from macro 'GM_ADDR'
/usr/local/Ascend/ascend-toolkit/8.5.0.alpha002/aarch64-linux/ccec_compiler/lib/clang/15.0.5/include/__clang_cce_defines.h:47:31: note: expanded from macro '__gm__'
In file included from /home/data4t2/lelinfeng/BATCH-RESIDENT-X_runs/ref-harness/support/runner_ref_batch.asc:2:
/home/data4t2/lelinfeng/BATCH-RESIDENT-X_runs/ref-harness/support/runner_ref.inc:264:21: warning: 'cce_global' attribute ignored when parsing type [-Wignored-attributes]
/usr/local/Ascend/ascend-toolkit/8.5.0.alpha002/compiler/tikcpp/tikcfw/impl/utils/kernel_utils_macros.h:18:17: note: expanded from macro 'GM_ADDR'
/usr/local/Ascend/ascend-toolkit/8.5.0.alpha002/aarch64-linux/ccec_compiler/lib/clang/15.0.5/include/__clang_cce_defines.h:47:31: note: expanded from macro '__gm__'
In file included from /home/data4t2/lelinfeng/BATCH-RESIDENT-X_runs/ref-harness/support/runner_ref_batch.asc:2:
/home/data4t2/lelinfeng/BATCH-RESIDENT-X_runs/ref-harness/support/runner_ref.inc:264:46: warning: 'cce_global' attribute ignored when parsing type [-Wignored-attributes]
/usr/local/Ascend/ascend-toolkit/8.5.0.alpha002/compiler/tikcpp/tikcfw/impl/utils/kernel_utils_macros.h:18:17: note: expanded from macro 'GM_ADDR'
/usr/local/Ascend/ascend-toolkit/8.5.0.alpha002/aarch64-linux/ccec_compiler/lib/clang/15.0.5/include/__clang_cce_defines.h:47:31: note: expanded from macro '__gm__'
In file included from /home/data4t2/lelinfeng/BATCH-RESIDENT-X_runs/ref-harness/support/runner_ref_batch.asc:2:
/home/data4t2/lelinfeng/BATCH-RESIDENT-X_runs/ref-harness/support/runner_ref.inc:265:21: warning: 'cce_global' attribute ignored when parsing type [-Wignored-attributes]
/usr/local/Ascend/ascend-toolkit/8.5.0.alpha002/compiler/tikcpp/tikcfw/impl/utils/kernel_utils_macros.h:18:17: note: expanded from macro 'GM_ADDR'
/usr/local/Ascend/ascend-toolkit/8.5.0.alpha002/aarch64-linux/ccec_compiler/lib/clang/15.0.5/include/__clang_cce_defines.h:47:31: note: expanded from macro '__gm__'
In file included from /home/data4t2/lelinfeng/BATCH-RESIDENT-X_runs/ref-harness/support/runner_ref_batch.asc:2:
/home/data4t2/lelinfeng/BATCH-RESIDENT-X_runs/ref-harness/support/runner_ref.inc:385:57: warning: format specifies type 'int' but the argument has type 'int64_t' (aka 'long') [-Wformat]
6 warnings generated.
Warning: please refer to the above warning message. 
Warning: please refer to the above warning message. 
Warning: please refer to the above warning message. 
Warning: please refer to the above warning message. 
Warning: please refer to the above warning message. 
Warning: please refer to the above warning message. 
Warning: please refer to the above warning message. 
Warning: please refer to the above warning message. 
Warning: please refer to the above warning message. 
Warning: please refer to the above warning message. 
Warning: please refer to the above warning message. 
Warning: please refer to the above warning message. 
Warning: please refer to the above warning message. 
Warning: please refer to the above warning message. 
Warning: please refer to the above warning message. 
Warning: please refer to the above warning message. 
[100%] Linking ASC executable brx_ref_probe
[100%] Built target brx_ref_probe
