[INFO] Start profiling...
CORRECTNESS proxy_only=1 parent=R31B_V011 candidate=W4-R09-V001 input=deterministic_fp16_pattern_v1 epsilon=9.9999997e-06 device=7 rows=16 width=16384 dtype=fp16 blocks=8 bit_differences=0 max_abs=0 tolerance_failures=0 nonfinite=0 result=PASS
REFERENCE side=parent reference=fp64_cpu_final_fp16 rows=16 width=16384 dtype=fp16 max_abs=0.00390625 atol=0.001953125 rtol=0.001953125 failures=0 elements=262144 nonfinite=0 result=PASS
REFERENCE side=candidate reference=fp64_cpu_final_fp16 rows=16 width=16384 dtype=fp16 max_abs=0.00390625 atol=0.001953125 rtol=0.001953125 failures=0 elements=262144 nonfinite=0 result=PASS
LOCAL_PROXY_ONLY parent=R31B_V011 candidate=W4-R09-V001 input=deterministic_fp16_pattern_v1 epsilon=9.9999997e-06 order=alternating_PC_CP device_load=EXTERNAL_NOT_CAPTURED device=7 rows=16 width=16384 dtype=fp16 requested_blocks=8 effective_blocks=8 min_rows_per_block=2 max_rows_per_block=2 warmups=60 paired_samples=47
DEVICE_US median_parent=24.219999 median_candidate=24.160000 median_paired_delta=-0.160001 median_delta_pct=-0.7992 p05_parent=15.480000 p95_parent=33.259999 spread90_parent=17.779999 p05_candidate=15.720000 p95_candidate=39.439999 spread90_candidate=23.719998
WALL_US median_parent=87.020000 median_candidate=87.050000 median_paired_delta=-0.370000 p05_parent=78.830000 p95_parent=93.230000 spread90_parent=14.400000 p05_candidate=77.020000 p95_candidate=97.840000 spread90_candidate=20.820000
[INFO] Start export data in PROF_000001_20261009044748526_BALGNBMPAQKQPRNA.
Fri 09 Oct 2026 04:47:54 [INFO] [MSVP] [1463907] msprof_common.py: Start analyzing data in "/home/data4t2/lelinfeng/cann/server_runs/W4-R09/V001/qualification/r2-parent-candidate-prof/PROF_000001_20261009044748526_BALGNBMPAQKQPRNA/host" ...
Fri 09 Oct 2026 04:47:54 [INFO] [MSVP] [1463907] msprof_common.py: It may take few minutes, please be patient ...
Fri 09 Oct 2026 04:47:55 [INFO] [MSVP] [1463907] msprof_common.py: Analysis data in "/home/data4t2/lelinfeng/cann/server_runs/W4-R09/V001/qualification/r2-parent-candidate-prof/PROF_000001_20261009044748526_BALGNBMPAQKQPRNA/host" finished.
Fri 09 Oct 2026 04:47:55 [INFO] [MSVP] [1463907] msprof_common.py: Start analyzing data in "/home/data4t2/lelinfeng/cann/server_runs/W4-R09/V001/qualification/r2-parent-candidate-prof/PROF_000001_20261009044748526_BALGNBMPAQKQPRNA/device_7" ...
Fri 09 Oct 2026 04:47:55 [INFO] [MSVP] [1463907] msprof_common.py: It may take few minutes, please be patient ...
Fri 09 Oct 2026 04:47:55 [INFO] [MSVP] [1463907] msprof_common.py: Analysis data in "/home/data4t2/lelinfeng/cann/server_runs/W4-R09/V001/qualification/r2-parent-candidate-prof/PROF_000001_20261009044748526_BALGNBMPAQKQPRNA/device_7" finished.
Fri 09 Oct 2026 04:47:55 [INFO] [MSVP] [1463907] msprof_export.py: All collected data will be exported, path is: /home/data4t2/lelinfeng/cann/server_runs/W4-R09/V001/qualification/r2-parent-candidate-prof/PROF_000001_20261009044748526_BALGNBMPAQKQPRNA/device_7.
Fri 09 Oct 2026 04:47:55 [INFO] [MSVP] [1463907] msprof_export.py: There is no timeline data to export for "/home/data4t2/lelinfeng/cann/server_runs/W4-R09/V001/qualification/r2-parent-candidate-prof/PROF_000001_20261009044748526_BALGNBMPAQKQPRNA/host"
Fri 09 Oct 2026 04:47:56 [INFO] [MSVP] [1464316] msprof_export.py: The data in "/home/data4t2/lelinfeng/cann/server_runs/W4-R09/V001/qualification/r2-parent-candidate-prof/PROF_000001_20261009044748526_BALGNBMPAQKQPRNA/host" has been analyzed. Parsing phase will be skipped.
Fri 09 Oct 2026 04:47:56 [INFO] [MSVP] [1464316] msprof_export.py: The data in "/home/data4t2/lelinfeng/cann/server_runs/W4-R09/V001/qualification/r2-parent-candidate-prof/PROF_000001_20261009044748526_BALGNBMPAQKQPRNA/device_7" has been analyzed. Parsing phase will be skipped.
Fri 09 Oct 2026 04:47:56 [INFO] [MSVP] [1464316] msprof_export.py: All collected data will be exported, path is: /home/data4t2/lelinfeng/cann/server_runs/W4-R09/V001/qualification/r2-parent-candidate-prof/PROF_000001_20261009044748526_BALGNBMPAQKQPRNA/device_7.
Fri 09 Oct 2026 04:47:57 [INFO] [MSVP] [1464316] msprof_export.py: There is no summary data to export for "/home/data4t2/lelinfeng/cann/server_runs/W4-R09/V001/qualification/r2-parent-candidate-prof/PROF_000001_20261009044748526_BALGNBMPAQKQPRNA/host"
Fri 09 Oct 2026 04:47:57 [INFO] [MSVP] [1464316] msprof_export.py: All collected data will be exported, path is: /home/data4t2/lelinfeng/cann/server_runs/W4-R09/V001/qualification/r2-parent-candidate-prof/PROF_000001_20261009044748526_BALGNBMPAQKQPRNA/device_7.
Fri 09 Oct 2026 04:47:57 [INFO] [MSVP] [1464316] msprof_export.py: There is no summary data to export for "/home/data4t2/lelinfeng/cann/server_runs/W4-R09/V001/qualification/r2-parent-candidate-prof/PROF_000001_20261009044748526_BALGNBMPAQKQPRNA/device_7"
Fri 09 Oct 2026 04:47:57 [INFO] [MSVP] [1464316] msprof_common.py: Start exporting summary output_file.
Fri 09 Oct 2026 04:47:57 [INFO] [MSVP] [1464316] msprof_common.py: End exporting summary output_file.The file is stored in the /home/data4t2/lelinfeng/cann/server_runs/W4-R09/V001/qualification/r2-parent-candidate-prof/PROF_000001_20261009044748526_BALGNBMPAQKQPRNA/mindstudio_profiler_output path.
[INFO] Export all data in PROF_000001_20261009044748526_BALGNBMPAQKQPRNA done.
[INFO] Start query data in PROF_000001_20261009044748526_BALGNBMPAQKQPRNA.
Job Info	Device ID	Dir Name	Collection Time           	Model ID	Iteration Number	Top Time Iteration	Rank ID	

NA      	         	host    	2026-10-09 04:47:48.530992	N/A     	N/A             	N/A               	-1     	

NA      	7        	device_7	2026-10-09 04:47:48.976026	N/A     	N/A             	N/A               	-1     	

[INFO] Query all data in PROF_000001_20261009044748526_BALGNBMPAQKQPRNA done.
[INFO] Profiling finished.
[INFO] Process profiling data complete. Data is saved in /home/data4t2/lelinfeng/cann/server_runs/W4-R09/V001/qualification/r2-parent-candidate-prof/PROF_000001_20261009044748526_BALGNBMPAQKQPRNA
