STAGE=COMPILE
RUN_ID=20261008T003800Z
HOST=hwnput3
/bin/bash: line 4: /usr/local/Ascend/ascend-toolkit/latest/bin/set_env.sh: No such file or directory
ASCEND_ENV_SOURCE_EXIT=1
ASCEND_HOME_PATH=
-- The CXX compiler identification is Clang 15.0.5
-- Detecting CXX compiler ABI info
-- Detecting CXX compiler ABI info - done
-- Check for working CXX compiler: /usr/local/Ascend/ascend-toolkit/8.5.0.alpha002/aarch64-linux/ccec_compiler/bin/bisheng - skipped
-- Detecting CXX compile features
-- Detecting CXX compile features - done
-- Configuring done
-- Generating done
-- Build files have been written to: /tmp/cann-row-scale-hoist-x-v044-compile-20261008T003800Z
CMAKE_CONFIGURE_EXIT=0
Built target device
[100%] Building CXX object CMakeFiles/submission.dir/src/adapter.cpp.o
[100%] Built target submission
COMPILE_EXIT_CODE=0
