STAGE=CORRECTNESS_RUN
RUN_ID=20261008T004300Z
HOST=hwnput3
DEVICE_RESERVATION=USER_DIRECTIVE_EXCLUSIVE_DEVICE0_FOR_V044
START_UTC=2026-10-08T00:40:19Z
	NPU ID                         : 0
	Chip Count                     : 1

	DDR Capacity(MB)               : 0
	DDR Usage Rate(%)              : 0
	DDR Hugepages Total(page)      : 0
	DDR Hugepages Usage Rate(%)    : 0
	HBM Capacity(MB)               : 65536
	HBM Usage Rate(%)              : 5
	Aicore Usage Rate(%)           : 0
	Aivector Usage Rate(%)         : 0
	Aicpu Usage Rate(%)            : 0
	Ctrlcpu Usage Rate(%)          : 4
	DDR Bandwidth Usage Rate(%)    : 0
	HBM Bandwidth Usage Rate(%)    : 0
	Chip ID                        : 0

ASCEND_ENV_SOURCE_EXIT=0
ASCEND_HOME_PATH=/usr/local/Ascend/ascend-toolkit/8.5.0.alpha002
DISPATCH_AUDIT={"label":"PARENT","dtype":"fp16","shape":[40,3072],"vector_cores":40,"launch_blocks":40,"local_rows_min":1,"local_rows_max":1,"selected_branch":"ProcessNarrowMidOverlap_FP16","resident_params":false,"candidate_source_delta_executed":false}
CORRECTNESS_RESULT={"label":"PARENT","status":"PASS","device":0,"dtype":"fp16","shape":[40,3072],"vector_cores":0,"matched_ratio":1.000000000,"atol":0.001953125,"rtol":0.001953125,"max_abs_error":0.00390625,"max_abs_error_limit":0.100000001}
PARENT_RUNNER_EXIT_CODE=0
DISPATCH_AUDIT={"label":"CANDIDATE","dtype":"fp16","shape":[40,3072],"vector_cores":40,"launch_blocks":40,"local_rows_min":1,"local_rows_max":1,"selected_branch":"ProcessNarrowMidOverlap_FP16","resident_params":false,"candidate_source_delta_executed":true}
CORRECTNESS_RESULT={"label":"CANDIDATE","status":"PASS","device":0,"dtype":"fp16","shape":[40,3072],"vector_cores":0,"matched_ratio":1.000000000,"atol":0.001953125,"rtol":0.001953125,"max_abs_error":0.00390625,"max_abs_error_limit":0.100000001}
CANDIDATE_RUNNER_EXIT_CODE=0
CORRECTNESS_EXIT_CODE=0
