[ 33%] Built target device
[ 33%] Building CXX object CMakeFiles/submission.dir/src/adapter.cpp.o
[ 66%] Building CXX object CMakeFiles/full_link.dir/src/adapter.cpp.o
In file included from /home/data4t2/lelinfeng/cann-row-scale-hoist-x-w4/本地实验/ROW-SCALE-HOIST-X/V001/compile/src/adapter.cpp:1:
/home/data4t2/lelinfeng/cann-row-scale-hoist-x-w4/本地实验/ROW-SCALE-HOIST-X/V001/compile/src/submission.asc:3485:45: error: unknown type name 'TensorGroupInfo'
extern "C" void run_kernel(GM_ADDR x, const TensorGroupInfo& info_x, GM_ADDR residual, const TensorGroupInfo& info_residual, GM_ADDR gamma, const TensorGroupInfo& info_gamma, GM_ADDR bias, const TensorGroupInfo& info_bias, GM_ADDR output, const TensorGroupInfo& info_output, int64_t availableCoreNum, aclrtStream stream,
                                            ^
/home/data4t2/lelinfeng/cann-row-scale-hoist-x-w4/本地实验/ROW-SCALE-HOIST-X/V001/compile/src/submission.asc:3485:94: error: unknown type name 'TensorGroupInfo'
extern "C" void run_kernel(GM_ADDR x, const TensorGroupInfo& info_x, GM_ADDR residual, const TensorGroupInfo& info_residual, GM_ADDR gamma, const TensorGroupInfo& info_gamma, GM_ADDR bias, const TensorGroupInfo& info_bias, GM_ADDR output, const TensorGroupInfo& info_output, int64_t availableCoreNum, aclrtStream stream,
                                                                                             ^
/home/data4t2/lelinfeng/cann-row-scale-hoist-x-w4/本地实验/ROW-SCALE-HOIST-X/V001/compile/src/submission.asc:3485:147: error: unknown type name 'TensorGroupInfo'
extern "C" void run_kernel(GM_ADDR x, const TensorGroupInfo& info_x, GM_ADDR residual, const TensorGroupInfo& info_residual, GM_ADDR gamma, const TensorGroupInfo& info_gamma, GM_ADDR bias, const TensorGroupInfo& info_bias, GM_ADDR output, const TensorGroupInfo& info_output, int64_t availableCoreNum, aclrtStream stream,
                                                                                                                                                  ^
/home/data4t2/lelinfeng/cann-row-scale-hoist-x-w4/本地实验/ROW-SCALE-HOIST-X/V001/compile/src/submission.asc:3485:196: error: unknown type name 'TensorGroupInfo'
extern "C" void run_kernel(GM_ADDR x, const TensorGroupInfo& info_x, GM_ADDR residual, const TensorGroupInfo& info_residual, GM_ADDR gamma, const TensorGroupInfo& info_gamma, GM_ADDR bias, const TensorGroupInfo& info_bias, GM_ADDR output, const TensorGroupInfo& info_output, int64_t availableCoreNum, aclrtStream stream,
                                                                                                                                                                                                   ^
/home/data4t2/lelinfeng/cann-row-scale-hoist-x-w4/本地实验/ROW-SCALE-HOIST-X/V001/compile/src/submission.asc:3485:246: error: unknown type name 'TensorGroupInfo'
extern "C" void run_kernel(GM_ADDR x, const TensorGroupInfo& info_x, GM_ADDR residual, const TensorGroupInfo& info_residual, GM_ADDR gamma, const TensorGroupInfo& info_gamma, GM_ADDR bias, const TensorGroupInfo& info_bias, GM_ADDR output, const TensorGroupInfo& info_output, int64_t availableCoreNum, aclrtStream stream,
                                                                                                                                                                                                                                                     ^
/home/data4t2/lelinfeng/cann-row-scale-hoist-x-w4/本地实验/ROW-SCALE-HOIST-X/V001/compile/src/submission.asc:3485:302: error: unknown type name 'aclrtStream'
extern "C" void run_kernel(GM_ADDR x, const TensorGroupInfo& info_x, GM_ADDR residual, const TensorGroupInfo& info_residual, GM_ADDR gamma, const TensorGroupInfo& info_gamma, GM_ADDR bias, const TensorGroupInfo& info_bias, GM_ADDR output, const TensorGroupInfo& info_output, int64_t availableCoreNum, aclrtStream stream,
                                                                                                                                                                                                                                                                                                             ^
/home/data4t2/lelinfeng/cann-row-scale-hoist-x-w4/本地实验/ROW-SCALE-HOIST-X/V001/compile/src/submission.asc:3499:11: error: unknown type name 'TensorInfo'
    const TensorInfo& xInfo = info_x.tensors[0];
          ^
/home/data4t2/lelinfeng/cann-row-scale-hoist-x-w4/本地实验/ROW-SCALE-HOIST-X/V001/compile/src/submission.asc:3500:11: error: unknown type name 'TensorInfo'
    const TensorInfo& residualInfo = info_residual.tensors[0];
          ^
In file included from /home/data4t2/lelinfeng/cann-row-scale-hoist-x-w4/本地实验/ROW-SCALE-HOIST-X/V001/compile/src/adapter.cpp:1:
/home/data4t2/lelinfeng/cann-row-scale-hoist-x-w4/本地实验/ROW-SCALE-HOIST-X/V001/compile/src/submission.asc:3485:45: error: unknown type name 'TensorGroupInfo'
extern "C" void run_kernel(GM_ADDR x, const TensorGroupInfo& info_x, GM_ADDR residual, const TensorGroupInfo& info_residual, GM_ADDR gamma, const TensorGroupInfo& info_gamma, GM_ADDR bias, const TensorGroupInfo& info_bias, GM_ADDR output, const TensorGroupInfo& info_output, int64_t availableCoreNum, aclrtStream stream,
                                            ^
/home/data4t2/lelinfeng/cann-row-scale-hoist-x-w4/本地实验/ROW-SCALE-HOIST-X/V001/compile/src/submission.asc:3501:11: error: unknown type name 'TensorInfo'
    const TensorInfo& gammaInfo = info_gamma.tensors[0];
          ^
/home/data4t2/lelinfeng/cann-row-scale-hoist-x-w4/本地实验/ROW-SCALE-HOIST-X/V001/compile/src/submission.asc:3485:94: error: unknown type name 'TensorGroupInfo'
extern "C" void run_kernel(GM_ADDR x, const TensorGroupInfo& info_x, GM_ADDR residual, const TensorGroupInfo& info_residual, GM_ADDR gamma, const TensorGroupInfo& info_gamma, GM_ADDR bias, const TensorGroupInfo& info_bias, GM_ADDR output, const TensorGroupInfo& info_output, int64_t availableCoreNum, aclrtStream stream,
                                                                                             ^
/home/data4t2/lelinfeng/cann-row-scale-hoist-x-w4/本地实验/ROW-SCALE-HOIST-X/V001/compile/src/submission.asc:3502:11: error: unknown type name 'TensorInfo'
    const TensorInfo& biasInfo = info_bias.tensors[0];
          ^
/home/data4t2/lelinfeng/cann-row-scale-hoist-x-w4/本地实验/ROW-SCALE-HOIST-X/V001/compile/src/submission.asc:3485:147: error: unknown type name 'TensorGroupInfo'
extern "C" void run_kernel(GM_ADDR x, const TensorGroupInfo& info_x, GM_ADDR residual, const TensorGroupInfo& info_residual, GM_ADDR gamma, const TensorGroupInfo& info_gamma, GM_ADDR bias, const TensorGroupInfo& info_bias, GM_ADDR output, const TensorGroupInfo& info_output, int64_t availableCoreNum, aclrtStream stream,
                                                                                                                                                  ^
/home/data4t2/lelinfeng/cann-row-scale-hoist-x-w4/本地实验/ROW-SCALE-HOIST-X/V001/compile/src/submission.asc:3503:11: error: unknown type name 'TensorInfo'
    const TensorInfo& outputInfo = info_output.tensors[0];
          ^
/home/data4t2/lelinfeng/cann-row-scale-hoist-x-w4/本地实验/ROW-SCALE-HOIST-X/V001/compile/src/submission.asc:3485:196: error: unknown type name 'TensorGroupInfo'
extern "C" void run_kernel(GM_ADDR x, const TensorGroupInfo& info_x, GM_ADDR residual, const TensorGroupInfo& info_residual, GM_ADDR gamma, const TensorGroupInfo& info_gamma, GM_ADDR bias, const TensorGroupInfo& info_bias, GM_ADDR output, const TensorGroupInfo& info_output, int64_t availableCoreNum, aclrtStream stream,
                                                                                                                                                                                                   ^
/home/data4t2/lelinfeng/cann-row-scale-hoist-x-w4/本地实验/ROW-SCALE-HOIST-X/V001/compile/src/submission.asc:3485:246: error: unknown type name 'TensorGroupInfo'
extern "C" void run_kernel(GM_ADDR x, const TensorGroupInfo& info_x, GM_ADDR residual, const TensorGroupInfo& info_residual, GM_ADDR gamma, const TensorGroupInfo& info_gamma, GM_ADDR bias, const TensorGroupInfo& info_bias, GM_ADDR output, const TensorGroupInfo& info_output, int64_t availableCoreNum, aclrtStream stream,
                                                                                                                                                                                                                                                     ^
/home/data4t2/lelinfeng/cann-row-scale-hoist-x-w4/本地实验/ROW-SCALE-HOIST-X/V001/compile/src/submission.asc:3485:302: error: unknown type name 'aclrtStream'
extern "C" void run_kernel(GM_ADDR x, const TensorGroupInfo& info_x, GM_ADDR residual, const TensorGroupInfo& info_residual, GM_ADDR gamma, const TensorGroupInfo& info_gamma, GM_ADDR bias, const TensorGroupInfo& info_bias, GM_ADDR output, const TensorGroupInfo& info_output, int64_t availableCoreNum, aclrtStream stream,
                                                                                                                                                                                                                                                                                                             ^
/home/data4t2/lelinfeng/cann-row-scale-hoist-x-w4/本地实验/ROW-SCALE-HOIST-X/V001/compile/src/submission.asc:3499:11: error: unknown type name 'TensorInfo'
    const TensorInfo& xInfo = info_x.tensors[0];
          ^
/home/data4t2/lelinfeng/cann-row-scale-hoist-x-w4/本地实验/ROW-SCALE-HOIST-X/V001/compile/src/submission.asc:3500:11: error: unknown type name 'TensorInfo'
    const TensorInfo& residualInfo = info_residual.tensors[0];
          ^
/home/data4t2/lelinfeng/cann-row-scale-hoist-x-w4/本地实验/ROW-SCALE-HOIST-X/V001/compile/src/submission.asc:3501:11: error: unknown type name 'TensorInfo'
    const TensorInfo& gammaInfo = info_gamma.tensors[0];
          ^
/home/data4t2/lelinfeng/cann-row-scale-hoist-x-w4/本地实验/ROW-SCALE-HOIST-X/V001/compile/src/submission.asc:3502:11: error: unknown type name 'TensorInfo'
    const TensorInfo& biasInfo = info_bias.tensors[0];
          ^
/home/data4t2/lelinfeng/cann-row-scale-hoist-x-w4/本地实验/ROW-SCALE-HOIST-X/V001/compile/src/submission.asc:3503:11: error: unknown type name 'TensorInfo'
    const TensorInfo& outputInfo = info_output.tensors[0];
          ^
11 errors generated.
11 errors generated.
In file included from /home/data4t2/lelinfeng/cann-row-scale-hoist-x-w4/本地实验/ROW-SCALE-HOIST-X/V001/compile/src/adapter.cpp:1:
/home/data4t2/lelinfeng/cann-row-scale-hoist-x-w4/本地实验/ROW-SCALE-HOIST-X/V001/compile/src/submission.asc:3485:45: error: unknown type name 'TensorGroupInfo'
extern "C" void run_kernel(GM_ADDR x, const TensorGroupInfo& info_x, GM_ADDR residual, const TensorGroupInfo& info_residual, GM_ADDR gamma, const TensorGroupInfo& info_gamma, GM_ADDR bias, const TensorGroupInfo& info_bias, GM_ADDR output, const TensorGroupInfo& info_output, int64_t availableCoreNum, aclrtStream stream,
                                            ^
/home/data4t2/lelinfeng/cann-row-scale-hoist-x-w4/本地实验/ROW-SCALE-HOIST-X/V001/compile/src/submission.asc:3485:94: error: unknown type name 'TensorGroupInfo'
extern "C" void run_kernel(GM_ADDR x, const TensorGroupInfo& info_x, GM_ADDR residual, const TensorGroupInfo& info_residual, GM_ADDR gamma, const TensorGroupInfo& info_gamma, GM_ADDR bias, const TensorGroupInfo& info_bias, GM_ADDR output, const TensorGroupInfo& info_output, int64_t availableCoreNum, aclrtStream stream,
                                                                                             ^
/home/data4t2/lelinfeng/cann-row-scale-hoist-x-w4/本地实验/ROW-SCALE-HOIST-X/V001/compile/src/submission.asc:3485:147: error: unknown type name 'TensorGroupInfo'
extern "C" void run_kernel(GM_ADDR x, const TensorGroupInfo& info_x, GM_ADDR residual, const TensorGroupInfo& info_residual, GM_ADDR gamma, const TensorGroupInfo& info_gamma, GM_ADDR bias, const TensorGroupInfo& info_bias, GM_ADDR output, const TensorGroupInfo& info_output, int64_t availableCoreNum, aclrtStream stream,
                                                                                                                                                  ^
/home/data4t2/lelinfeng/cann-row-scale-hoist-x-w4/本地实验/ROW-SCALE-HOIST-X/V001/compile/src/submission.asc:3485:196: error: unknown type name 'TensorGroupInfo'
extern "C" void run_kernel(GM_ADDR x, const TensorGroupInfo& info_x, GM_ADDR residual, const TensorGroupInfo& info_residual, GM_ADDR gamma, const TensorGroupInfo& info_gamma, GM_ADDR bias, const TensorGroupInfo& info_bias, GM_ADDR output, const TensorGroupInfo& info_output, int64_t availableCoreNum, aclrtStream stream,
                                                                                                                                                                                                   ^
/home/data4t2/lelinfeng/cann-row-scale-hoist-x-w4/本地实验/ROW-SCALE-HOIST-X/V001/compile/src/submission.asc:3485:246: error: unknown type name 'TensorGroupInfo'
extern "C" void run_kernel(GM_ADDR x, const TensorGroupInfo& info_x, GM_ADDR residual, const TensorGroupInfo& info_residual, GM_ADDR gamma, const TensorGroupInfo& info_gamma, GM_ADDR bias, const TensorGroupInfo& info_bias, GM_ADDR output, const TensorGroupInfo& info_output, int64_t availableCoreNum, aclrtStream stream,
                                                                                                                                                                                                                                                     ^
/home/data4t2/lelinfeng/cann-row-scale-hoist-x-w4/本地实验/ROW-SCALE-HOIST-X/V001/compile/src/submission.asc:3485:302: error: unknown type name 'aclrtStream'
extern "C" void run_kernel(GM_ADDR x, const TensorGroupInfo& info_x, GM_ADDR residual, const TensorGroupInfo& info_residual, GM_ADDR gamma, const TensorGroupInfo& info_gamma, GM_ADDR bias, const TensorGroupInfo& info_bias, GM_ADDR output, const TensorGroupInfo& info_output, int64_t availableCoreNum, aclrtStream stream,
                                                                                                                                                                                                                                                                                                             ^
/home/data4t2/lelinfeng/cann-row-scale-hoist-x-w4/本地实验/ROW-SCALE-HOIST-X/V001/compile/src/submission.asc:3499:11: error: unknown type name 'TensorInfo'
    const TensorInfo& xInfo = info_x.tensors[0];
          ^
/home/data4t2/lelinfeng/cann-row-scale-hoist-x-w4/本地实验/ROW-SCALE-HOIST-X/V001/compile/src/submission.asc:3500:11: error: unknown type name 'TensorInfo'
    const TensorInfo& residualInfo = info_residual.tensors[0];
          ^
/home/data4t2/lelinfeng/cann-row-scale-hoist-x-w4/本地实验/ROW-SCALE-HOIST-X/V001/compile/src/submission.asc:3501:11: error: unknown type name 'TensorInfo'
    const TensorInfo& gammaInfo = info_gamma.tensors[0];
          ^
In file included from /home/data4t2/lelinfeng/cann-row-scale-hoist-x-w4/本地实验/ROW-SCALE-HOIST-X/V001/compile/src/adapter.cpp:1:
/home/data4t2/lelinfeng/cann-row-scale-hoist-x-w4/本地实验/ROW-SCALE-HOIST-X/V001/compile/src/submission.asc:3485:45: error: unknown type name 'TensorGroupInfo'
extern "C" void run_kernel(GM_ADDR x, const TensorGroupInfo& info_x, GM_ADDR residual, const TensorGroupInfo& info_residual, GM_ADDR gamma, const TensorGroupInfo& info_gamma, GM_ADDR bias, const TensorGroupInfo& info_bias, GM_ADDR output, const TensorGroupInfo& info_output, int64_t availableCoreNum, aclrtStream stream,
                                            ^
/home/data4t2/lelinfeng/cann-row-scale-hoist-x-w4/本地实验/ROW-SCALE-HOIST-X/V001/compile/src/submission.asc:3502:11: error: unknown type name 'TensorInfo'
    const TensorInfo& biasInfo = info_bias.tensors[0];
          ^
/home/data4t2/lelinfeng/cann-row-scale-hoist-x-w4/本地实验/ROW-SCALE-HOIST-X/V001/compile/src/submission.asc:3485:94: error: unknown type name 'TensorGroupInfo'
extern "C" void run_kernel(GM_ADDR x, const TensorGroupInfo& info_x, GM_ADDR residual, const TensorGroupInfo& info_residual, GM_ADDR gamma, const TensorGroupInfo& info_gamma, GM_ADDR bias, const TensorGroupInfo& info_bias, GM_ADDR output, const TensorGroupInfo& info_output, int64_t availableCoreNum, aclrtStream stream,
                                                                                             ^
/home/data4t2/lelinfeng/cann-row-scale-hoist-x-w4/本地实验/ROW-SCALE-HOIST-X/V001/compile/src/submission.asc:3503:11: error: unknown type name 'TensorInfo'
    const TensorInfo& outputInfo = info_output.tensors[0];
          ^
/home/data4t2/lelinfeng/cann-row-scale-hoist-x-w4/本地实验/ROW-SCALE-HOIST-X/V001/compile/src/submission.asc:3485:147: error: unknown type name 'TensorGroupInfo'
extern "C" void run_kernel(GM_ADDR x, const TensorGroupInfo& info_x, GM_ADDR residual, const TensorGroupInfo& info_residual, GM_ADDR gamma, const TensorGroupInfo& info_gamma, GM_ADDR bias, const TensorGroupInfo& info_bias, GM_ADDR output, const TensorGroupInfo& info_output, int64_t availableCoreNum, aclrtStream stream,
                                                                                                                                                  ^
/home/data4t2/lelinfeng/cann-row-scale-hoist-x-w4/本地实验/ROW-SCALE-HOIST-X/V001/compile/src/submission.asc:3485:196: error: unknown type name 'TensorGroupInfo'
extern "C" void run_kernel(GM_ADDR x, const TensorGroupInfo& info_x, GM_ADDR residual, const TensorGroupInfo& info_residual, GM_ADDR gamma, const TensorGroupInfo& info_gamma, GM_ADDR bias, const TensorGroupInfo& info_bias, GM_ADDR output, const TensorGroupInfo& info_output, int64_t availableCoreNum, aclrtStream stream,
                                                                                                                                                                                                   ^
/home/data4t2/lelinfeng/cann-row-scale-hoist-x-w4/本地实验/ROW-SCALE-HOIST-X/V001/compile/src/submission.asc:3485:246: error: unknown type name 'TensorGroupInfo'
extern "C" void run_kernel(GM_ADDR x, const TensorGroupInfo& info_x, GM_ADDR residual, const TensorGroupInfo& info_residual, GM_ADDR gamma, const TensorGroupInfo& info_gamma, GM_ADDR bias, const TensorGroupInfo& info_bias, GM_ADDR output, const TensorGroupInfo& info_output, int64_t availableCoreNum, aclrtStream stream,
                                                                                                                                                                                                                                                     ^
/home/data4t2/lelinfeng/cann-row-scale-hoist-x-w4/本地实验/ROW-SCALE-HOIST-X/V001/compile/src/submission.asc:3485:302: error: unknown type name 'aclrtStream'
extern "C" void run_kernel(GM_ADDR x, const TensorGroupInfo& info_x, GM_ADDR residual, const TensorGroupInfo& info_residual, GM_ADDR gamma, const TensorGroupInfo& info_gamma, GM_ADDR bias, const TensorGroupInfo& info_bias, GM_ADDR output, const TensorGroupInfo& info_output, int64_t availableCoreNum, aclrtStream stream,
                                                                                                                                                                                                                                                                                                             ^
/home/data4t2/lelinfeng/cann-row-scale-hoist-x-w4/本地实验/ROW-SCALE-HOIST-X/V001/compile/src/submission.asc:3499:11: error: unknown type name 'TensorInfo'
    const TensorInfo& xInfo = info_x.tensors[0];
          ^
/home/data4t2/lelinfeng/cann-row-scale-hoist-x-w4/本地实验/ROW-SCALE-HOIST-X/V001/compile/src/submission.asc:3500:11: error: unknown type name 'TensorInfo'
    const TensorInfo& residualInfo = info_residual.tensors[0];
          ^
/home/data4t2/lelinfeng/cann-row-scale-hoist-x-w4/本地实验/ROW-SCALE-HOIST-X/V001/compile/src/submission.asc:3501:11: error: unknown type name 'TensorInfo'
    const TensorInfo& gammaInfo = info_gamma.tensors[0];
          ^
/home/data4t2/lelinfeng/cann-row-scale-hoist-x-w4/本地实验/ROW-SCALE-HOIST-X/V001/compile/src/submission.asc:3502:11: error: unknown type name 'TensorInfo'
    const TensorInfo& biasInfo = info_bias.tensors[0];
          ^
/home/data4t2/lelinfeng/cann-row-scale-hoist-x-w4/本地实验/ROW-SCALE-HOIST-X/V001/compile/src/submission.asc:3503:11: error: unknown type name 'TensorInfo'
    const TensorInfo& outputInfo = info_output.tensors[0];
          ^
11 errors generated.
gmake[2]: *** [CMakeFiles/full_link.dir/build.make:76: CMakeFiles/full_link.dir/src/adapter.cpp.o] Error 1
gmake[1]: *** [CMakeFiles/Makefile2:139: CMakeFiles/full_link.dir/all] Error 2
gmake[1]: *** Waiting for unfinished jobs....
11 errors generated.
gmake[2]: *** [CMakeFiles/submission.dir/build.make:76: CMakeFiles/submission.dir/src/adapter.cpp.o] Error 1
gmake[1]: *** [CMakeFiles/Makefile2:113: CMakeFiles/submission.dir/all] Error 2
gmake: *** [Makefile:91: all] Error 2
