ROUTE=SYNC-BARRIER-ELISION-X
REVISION=V010
DIRECT_PARENT=R31B-V011
HOST=hwnput3
BUILD_DIR=/tmp/sync-barrier-elision-v010.AIQLUE
CANDIDATE_SOURCE_SHA256=9d63b230bedbdfb205bf725b89f8590b7f176047c623e3bf934ff5e1c9f8ace0
COMPILE_START=2026-10-07T10:40:37Z
-- CMAKE_ASC_COMPILER: /usr/local/Ascend/ascend-toolkit/latest/compiler/ccec_compiler/bin/bisheng
CMake Warning at /usr/local/Ascend/ascend-toolkit/8.5.0.alpha002/aarch64-linux/tikcpp/ascendc_kernel_cmake/ASC_CMake/CMakeDetermineASCCompiler.cmake:57 (message):
  CMAKE_INSTALL_PREFIX is not set.  Set to default value
  /home/data4t2/lelinfeng/cann-route-w4-3-sync-barrier-elision/本地实验/SYNC-BARRIER-ELISION-X/V010/out.
Call Stack (most recent call first):
  CMakeLists.txt:8 (project)


-- CMAKE_BUILD_TYPE: Release
-- CMAKE_INSTALL_PREFIX: /home/data4t2/lelinfeng/cann-route-w4-3-sync-barrier-elision/本地实验/SYNC-BARRIER-ELISION-X/V010/out
-- ASCEND_CANN_PACKAGE_PATH: /usr/local/Ascend/ascend-toolkit/8.5.0.alpha002
-- CMAKE_ASC_LLD_LINKER: /usr/local/Ascend/ascend-toolkit/8.5.0.alpha002/tools/ccec_compiler/bin/ld.lld
-- Configuring done
-- Generating done
-- Build files have been written to: /tmp/sync-barrier-elision-v010.AIQLUE
CONFIG_RC=0
[ 50%] Building ASC object CMakeFiles/sync_barrier_elision_v010.dir/src/compile_adapter.asc.o
[100%] Linking ASC executable sync_barrier_elision_v010
[100%] Built target sync_barrier_elision_v010
BUILD_RC=0
COMPILE_END=2026-10-07T10:40:54Z
CANDIDATE_SOURCE_SHA256_AFTER=9d63b230bedbdfb205bf725b89f8590b7f176047c623e3bf934ff5e1c9f8ace0
