
=== COMPILEFIX-A R003 ===
a1656a00f4479b5c3b68296f72c2e2e969d4aa2f89e893005fcdded734051758  kernel.asc
-- System processer: aarch64
-- CMAKE_ASC_COMPILER: /home/data4t2/lelinfeng/cann_game/.toolchains/cann-9.0/cann-9.0.0/bin/bisheng
-- ASCEND_CANN_PACKAGE_LINUX_PATH: /home/data4t2/lelinfeng/cann_game/.toolchains/cann-9.0/cann-9.0.0/aarch64-linux
-- CMAKE_ASC_LLD_LINKER: /home/data4t2/lelinfeng/cann_game/.toolchains/cann-9.0/cann-9.0.0/aarch64-linux/ccec_compiler/bin/ld.lld
-- The CXX compiler identification is GNU 11.4.0
-- Detecting CXX compiler ABI info
-- Detecting CXX compiler ABI info - done
-- Check for working CXX compiler: /usr/bin/c++ - skipped
-- Detecting CXX compile features
-- Detecting CXX compile features - done
-- Configuring done
-- Generating done
-- Build files have been written to: /home/data4t2/lelinfeng/cann/实验/FAST-BREADTH/lane-a/R003/V001/build-fix-a
CMAKE_STATUS=0
[ 50%] Building ASC object CMakeFiles/add_rms_norm_bias_custom.dir/main.asc.o
In file included from /home/data4t2/lelinfeng/cann/实验/FAST-BREADTH/lane-a/R003/V001/main.asc:35:
/home/data4t2/lelinfeng/cann/实验/FAST-BREADTH/lane-a/R003/V001/kernel.asc:58:25: error: no matching function for call to 'sqrtf'
            float rms = sqrtf(square_sum * inv_dim + epsilon_);
                        ^~~~~
/usr/include/aarch64-linux-gnu/bits/mathcalls.h:143:1: note: candidate function not viable: call to [host] function from [aicore] function
__MATHCALL (sqrt,, (_Mdouble_ __x));
^
/usr/include/math.h:287:3: note: expanded from macro '__MATHCALL'
  __MATHDECL (_Mdouble_,function,suffix, args)
  ^
/usr/include/math.h:289:3: note: expanded from macro '__MATHDECL'
  __MATHDECL_1(type, function,suffix, args); \
  ^
/usr/include/math.h:299:3: note: expanded from macro '__MATHDECL_1'
  __MATHDECL_1_IMPL(type, function, suffix, args)
  ^
/usr/include/math.h:297:15: note: expanded from macro '__MATHDECL_1_IMPL'
  extern type __MATH_PRECNAME(function,suffix) args __THROW
              ^
/usr/include/math.h:326:34: note: expanded from macro '__MATH_PRECNAME'
# define __MATH_PRECNAME(name,r) name##f##r
                                 ^
<scratch space>:283:1: note: expanded from here
sqrtf
^
1 error generated.
In file included from /home/data4t2/lelinfeng/cann/实验/FAST-BREADTH/lane-a/R003/V001/main.asc:35:
/home/data4t2/lelinfeng/cann/实验/FAST-BREADTH/lane-a/R003/V001/kernel.asc:58:25: error: no matching function for call to 'sqrtf'
            float rms = sqrtf(square_sum * inv_dim + epsilon_);
                        ^~~~~
/usr/include/aarch64-linux-gnu/bits/mathcalls.h:143:1: note: candidate function not viable: call to [host] function from [aicore] function
__MATHCALL (sqrt,, (_Mdouble_ __x));
^
/usr/include/math.h:287:3: note: expanded from macro '__MATHCALL'
  __MATHDECL (_Mdouble_,function,suffix, args)
  ^
/usr/include/math.h:289:3: note: expanded from macro '__MATHDECL'
  __MATHDECL_1(type, function,suffix, args); \
  ^
/usr/include/math.h:299:3: note: expanded from macro '__MATHDECL_1'
  __MATHDECL_1_IMPL(type, function, suffix, args)
  ^
/usr/include/math.h:297:15: note: expanded from macro '__MATHDECL_1_IMPL'
  extern type __MATH_PRECNAME(function,suffix) args __THROW
              ^
/usr/include/math.h:326:34: note: expanded from macro '__MATH_PRECNAME'
# define __MATH_PRECNAME(name,r) name##f##r
                                 ^
<scratch space>:283:1: note: expanded from here
sqrtf
^
1 error generated.
gmake[2]: *** [CMakeFiles/add_rms_norm_bias_custom.dir/build.make:76: CMakeFiles/add_rms_norm_bias_custom.dir/main.asc.o] Error 1
gmake[1]: *** [CMakeFiles/Makefile2:83: CMakeFiles/add_rms_norm_bias_custom.dir/all] Error 2
gmake: *** [Makefile:91: all] Error 2
BUILD_STATUS=2
