CMake Warning at /usr/local/Ascend/ascend-toolkit/8.5.0.alpha002/aarch64-linux/tikcpp/ascendc_kernel_cmake/ASC_CMake/CMakeDetermineASCCompiler.cmake:57 (message):
  CMAKE_INSTALL_PREFIX is not set.  Set to default value
  /tmp/cann-phase4-G001/out.
Call Stack (most recent call first):
  CMakeLists.txt:13 (project)


-- CMAKE_ASC_COMPILER: /usr/local/Ascend/ascend-toolkit/8.5.0.alpha002/compiler/ccec_compiler/bin/bisheng
-- SOC_VERSION: Ascend910B3
-- CMAKE_BUILD_TYPE: Release
-- CMAKE_INSTALL_PREFIX: /tmp/cann-phase4-G001/out
-- ASCEND_CANN_PACKAGE_PATH: /usr/local/Ascend/ascend-toolkit/8.5.0.alpha002
-- CMAKE_ASC_LLD_LINKER: /usr/local/Ascend/ascend-toolkit/8.5.0.alpha002/tools/ccec_compiler/bin/ld.lld
-- Configuring done
-- Generating done
-- Build files have been written to: /tmp/cann-phase4-G001/build
[ 66%] Compile G001 AddRmsNormBias kernel for Ascend910B3 / dav-2201
[ 66%] Building ASC object CMakeFiles/g001_submission_compile.dir/compile_adapter.asc.o
PlugIn Err: can not find ASCEND_HOME_PATH.
bisheng: warning: '-x cce' after last input file has no effect [-Wunused-command-line-argument]
PlugIn Err: can not find ASCEND_HOME_PATH.
In file included from /tmp/cann-phase4-G001/compile_adapter.asc:12:
/tmp/cann-phase4-G001/src/add_rms_norm_bias.cpp:3:10: fatal error: 'kernel_operator.h' file not found
#include "kernel_operator.h"
         ^~~~~~~~~~~~~~~~~~~
PLEASE submit a bug report to https://github.com/llvm/llvm-project/issues/ and include the crash backtrace, preprocessed source, and associated run script.
Stack dump:
0.	Program arguments: /usr/local/Ascend/ascend-toolkit/8.5.0.alpha002/aarch64-linux/ccec_compiler/bin/bisheng --npu-arch=dav-2201 --npu-soc=Ascend910B3 --cce-aicore-arch=dav-c220 -I /usr/local/Ascend/ascend-toolkit/8.5.0.alpha002/toolkit/toolchain/hcc/aarch64-target-linux-gnu/include/c++/7.3.0 -I /usr/local/Ascend/ascend-toolkit/8.5.0.alpha002/toolkit/toolchain/hcc/aarch64-target-linux-gnu/include/c++/7.3.0/aarch64-target-linux-gnu -I /usr/local/Ascend/ascend-toolkit/8.5.0.alpha002/toolkit/toolchain/hcc/aarch64-target-linux-gnu/include/c++/7.3.0/backward -Xaicore-start -O3 -std=c++17 -Xaicore-end -Xhost-start -I /usr/local/Ascend/ascend-toolkit/8.5.0.alpha002/toolkit/toolchain/hcc/aarch64-target-linux-gnu/include/c++/7.3.0 -I /usr/local/Ascend/ascend-toolkit/8.5.0.alpha002/toolkit/toolchain/hcc/aarch64-target-linux-gnu/include/c++/7.3.0/aarch64-target-linux-gnu -I /usr/local/Ascend/ascend-toolkit/8.5.0.alpha002/toolkit/toolchain/hcc/aarch64-target-linux-gnu/include/c++/7.3.0/backward -fPIC -O2 -Xhost-end --npu-arch=dav-2201 -MD -MT CMakeFiles/g001_submission_compile.dir/compile_adapter.asc.o -MF CMakeFiles/g001_submission_compile.dir/compile_adapter.asc.o.d -x asc --cce-aicore-arch=dav-c220 "-DBS_PLUGIN_DRIVER_ARGS_MACRO=\"--npu-arch=dav-2201 --npu-soc=Ascend910B3 --cce-aicore-arch=dav-c220 -I/usr/local/Ascend/ascend-toolkit/8.5.0.alpha002/toolkit/toolchain/hcc/aarch64-target-linux-gnu/include/c++/7.3.0 -I/usr/local/Ascend/ascend-toolkit/8.5.0.alpha002/toolkit/toolchain/hcc/aarch64-target-linux-gnu/include/c++/7.3.0/aarch64-target-linux-gnu -I/usr/local/Ascend/ascend-toolkit/8.5.0.alpha002/toolkit/toolchain/hcc/aarch64-target-linux-gnu/include/c++/7.3.0/backward -Xaicore-start -O3 -std=c++17 -Xaicore-end -Xhost-start -I/usr/local/Ascend/ascend-toolkit/8.5.0.alpha002/toolkit/toolchain/hcc/aarch64-target-linux-gnu/include/c++/7.3.0 -I/usr/local/Ascend/ascend-toolkit/8.5.0.alpha002/toolkit/toolchain/hcc/aarch64-target-linux-gnu/include/c++/7.3.0/aarch64-target-linux-gnu -I/usr/local/Ascend/ascend-toolkit/8.5.0.alpha002/toolkit/toolchain/hcc/aarch64-target-linux-gnu/include/c++/7.3.0/backward -fPIC -O2 -Xhost-end --npu-arch=dav-2201 -MD -MT CMakeFiles/g001_submission_compile.dir/compile_adapter.asc.o -MF CMakeFiles/g001_submission_compile.dir/compile_adapter.asc.o.d -o CMakeFiles/g001_submission_compile.dir/compile_adapter.asc.o -c -x asc /tmp/cann-phase4-G001/compile_adapter.asc \"" -run-bisheng-plugin -o /tmp/bisheng-plugin-output-20ab0a.json /tmp/cann-phase4-G001/compile_adapter.asc
1.	<eof> parser at end of file
2.	Per-file LLVM IR generation
Stack dump without symbol names (ensure you have llvm-symbolizer in your PATH or set the environment var `LLVM_SYMBOLIZER_PATH` to point to it):
/usr/local/Ascend/ascend-toolkit/8.5.0.alpha002/aarch64-linux/ccec_compiler/bin/bisheng(+0x2c6eb9c)[0xaaaae97aeb9c]
/usr/local/Ascend/ascend-toolkit/8.5.0.alpha002/aarch64-linux/ccec_compiler/bin/bisheng(_ZN4llvm3sys15CleanupOnSignalEm+0x1a8)[0xaaaae97acbe8]
/usr/local/Ascend/ascend-toolkit/8.5.0.alpha002/aarch64-linux/ccec_compiler/bin/bisheng(+0x2bb3f18)[0xaaaae96f3f18]
linux-vdso.so.1(__kernel_rt_sigreturn+0x0)[0xffff9c8587dc]
/usr/local/Ascend/ascend-toolkit/8.5.0.alpha002/aarch64-linux/ccec_compiler/bin/bisheng(_ZNK5clang14bisheng_plugin11PluginProxy10PreCompileEv+0x24)[0xaaaaec98e64c]
/usr/local/Ascend/ascend-toolkit/8.5.0.alpha002/aarch64-linux/ccec_compiler/bin/bisheng(_ZN5clang14bisheng_plugin23getKernelPluginStubJsonERN4llvm4json6ObjectE+0x1fc)[0xaaaaec41abdc]
/usr/local/Ascend/ascend-toolkit/8.5.0.alpha002/aarch64-linux/ccec_compiler/bin/bisheng(+0x3bf1360)[0xaaaaea731360]
/usr/local/Ascend/ascend-toolkit/8.5.0.alpha002/aarch64-linux/ccec_compiler/bin/bisheng(_ZN5clang8ParseASTERNS_4SemaEbb+0xb2c)[0xaaaaeb44d1fc]
/usr/local/Ascend/ascend-toolkit/8.5.0.alpha002/aarch64-linux/ccec_compiler/bin/bisheng(_ZN5clang13CodeGenAction13ExecuteActionEv+0x5f4)[0xaaaaea730dcc]
/usr/local/Ascend/ascend-toolkit/8.5.0.alpha002/aarch64-linux/ccec_compiler/bin/bisheng(_ZN5clang14FrontendAction7ExecuteEv+0xd4)[0xaaaaea186bcc]
/usr/local/Ascend/ascend-toolkit/8.5.0.alpha002/aarch64-linux/ccec_compiler/bin/bisheng(_ZN5clang16CompilerInstance13ExecuteActionERNS_14FrontendActionE+0x24c)[0xaaaaea12db64]
/usr/local/Ascend/ascend-toolkit/8.5.0.alpha002/aarch64-linux/ccec_compiler/bin/bisheng(_ZN5clang25ExecuteCompilerInvocationEPNS_16CompilerInstanceE+0x3f4)[0xaaaaea255a0c]
/usr/local/Ascend/ascend-toolkit/8.5.0.alpha002/aarch64-linux/ccec_compiler/bin/bisheng(_Z8cc1_mainN4llvm8ArrayRefIPKcEES2_Pv+0x1180)[0xaaaae7c9d9c0]
/usr/local/Ascend/ascend-toolkit/8.5.0.alpha002/aarch64-linux/ccec_compiler/bin/bisheng(+0x1155ca0)[0xaaaae7c95ca0]
/usr/local/Ascend/ascend-toolkit/8.5.0.alpha002/aarch64-linux/ccec_compiler/bin/bisheng(+0x346ba68)[0xaaaae9faba68]
/usr/local/Ascend/ascend-toolkit/8.5.0.alpha002/aarch64-linux/ccec_compiler/bin/bisheng(_ZN4llvm20CrashRecoveryContext9RunSafelyENS_12function_refIFvvEEE+0x40)[0xaaaae96f47d0]
/usr/local/Ascend/ascend-toolkit/8.5.0.alpha002/aarch64-linux/ccec_compiler/bin/bisheng(_ZNK5clang6driver10CC1Command7ExecuteEN4llvm8ArrayRefINS2_8OptionalINS2_9StringRefEEEEEPSsPb+0x1d8)[0xaaaae9fae250]
/usr/local/Ascend/ascend-toolkit/8.5.0.alpha002/aarch64-linux/ccec_compiler/bin/bisheng(_ZNK5clang6driver11Compilation14ExecuteCommandERKNS0_7CommandERPS3_b+0x24c)[0xaaaae9f7b05c]
/usr/local/Ascend/ascend-toolkit/8.5.0.alpha002/aarch64-linux/ccec_compiler/bin/bisheng(_ZNK5clang6driver11Compilation11ExecuteJobsERKNS0_7JobListERN4llvm15SmallVectorImplISt4pairIiPKNS0_7CommandEEEEb+0xc4)[0xaaaae9f7b894]
/usr/local/Ascend/ascend-toolkit/8.5.0.alpha002/aarch64-linux/ccec_compiler/bin/bisheng(_ZN5clang6driver6Driver18ExecuteCompilationERNS0_11CompilationERN4llvm15SmallVectorImplISt4pairIiPKNS0_7CommandEEEE+0x334)[0xaaaae9faa84c]
/usr/local/Ascend/ascend-toolkit/8.5.0.alpha002/aarch64-linux/ccec_compiler/bin/bisheng(_Z10clang_mainiPPc+0x26c4)[0xaaaae7c9b26c]
/lib/aarch64-linux-gnu/libc.so.6(+0x27400)[0xffff9c307400]
/lib/aarch64-linux-gnu/libc.so.6(__libc_start_main+0x98)[0xffff9c3074d8]
/usr/local/Ascend/ascend-toolkit/8.5.0.alpha002/aarch64-linux/ccec_compiler/bin/bisheng(+0x1155a40)[0xaaaae7c95a40]
bisheng: error: clang frontend command failed with exit code 139 (use -v to see invocation)
2025-11-27T21:34:53+08:00 clang version 15.0.5 (clang-5c68a1cb1231 flang-5c68a1cb1231)
Target: aarch64-unknown-linux-gnu
Thread model: posix
InstalledDir: /usr/local/Ascend/ascend-toolkit/8.5.0.alpha002/aarch64-linux/ccec_compiler/bin
gmake[2]: *** [CMakeFiles/g001_submission_compile.dir/build.make:76: CMakeFiles/g001_submission_compile.dir/compile_adapter.asc.o] Error 1
gmake[1]: *** [CMakeFiles/Makefile2:111: CMakeFiles/g001_submission_compile.dir/all] Error 2
gmake[1]: *** Waiting for unfinished jobs....
[ 66%] Built target g001_compile
gmake: *** [Makefile:91: all] Error 2

Build with toolkit environment:
-- Configuring done
-- Generating done
-- Build files have been written to: /tmp/cann-phase4-G001/build
[ 33%] Built target g001_compile
[ 66%] Building ASC object CMakeFiles/g001_submission_compile.dir/compile_adapter.asc.o
ld.lld: error: undefined symbol: sqrtf
>>> referenced by compile_adapter.asc
>>>               /tmp/compile_adapter-3ab8d3.o-326986.extract:(g001_add_rms_norm_bias)
>>> referenced by compile_adapter.asc
>>>               /tmp/compile_adapter-3ab8d3.o-326986.extract:(g001_add_rms_norm_bias)
>>> referenced by compile_adapter.asc
>>>               /tmp/compile_adapter-3ab8d3.o-326986.extract:(g001_add_rms_norm_bias)
>>> referenced 4 more times
cceld: ccec ReturnCode: 1
cceld: ExecutionFailed: 0
cceld: ErrMsg: 
bisheng: error: linker command failed with exit code 1 (use -v to see invocation)
gmake[2]: *** [CMakeFiles/g001_submission_compile.dir/build.make:76: CMakeFiles/g001_submission_compile.dir/compile_adapter.asc.o] Error 1
gmake[1]: *** [CMakeFiles/Makefile2:111: CMakeFiles/g001_submission_compile.dir/all] Error 2
gmake: *** [Makefile:91: all] Error 2

Target scalar intrinsic build:
-- Configuring done
-- Generating done
-- Build files have been written to: /tmp/cann-phase4-G001/build
[ 33%] Compile G001 AddRmsNormBias kernel for Ascend910B3 / dav-2201
Consolidate compiler generated dependencies of target g001_submission_compile
bisheng: warning: '-x cce' after last input file has no effect [-Wunused-command-line-argument]
[ 66%] Building ASC object CMakeFiles/g001_submission_compile.dir/compile_adapter.asc.o
[ 66%] Built target g001_compile
/tmp/asc_plugin_binary_register_code-1222a8.c:3:10: fatal error: 'vector' file not found
#include <vector>
         ^~~~~~~~
1 error generated.
cceld: ccec ReturnCode: 1
cceld: ExecutionFailed: 0
cceld: ErrMsg: 
/usr/local/Ascend/ascend-toolkit/8.5.0.alpha002/aarch64-linux/ccec_compiler/bin/llvm-objcopy: error: '/tmp/cce_all_link-2e4d1d.o': No such file or directory
cceld: ccec ReturnCode: 1
cceld: ObjcopyExecutionFailed: 0
cceld: ObjcopyErrMsg: 
ld.lld: error: cannot open /tmp/cce_all_link-2e4d1d.o: No such file or directory
cceld: ccec ReturnCode: 1
cceld: RelocatedLinkedExecutionFailed: 0
cceld: RelocatedLinkedObjcopyErrMsg: 
/usr/local/Ascend/ascend-toolkit/8.5.0.alpha002/aarch64-linux/ccec_compiler/bin/llvm-objcopy: error: '/tmp/cce_relocated_linked_static_object-8cbc80.o': The file was not recognized as a valid object file
cceld: ccec ReturnCode: 1
cceld: LocalFixedExecutionFailed: 0
cceld: LocalFixedErrMsg: 
ld.lld: error: target emulation unknown: -m or at least one .o file required
cceld: Linker ReturnCode: 1
cceld: ExecutionFailed: 0
cceld: ErrMsg: 
bisheng: error: linker command failed with exit code 1 (use -v to see invocation)
gmake[2]: *** [CMakeFiles/g001_submission_compile.dir/build.make:76: CMakeFiles/g001_submission_compile.dir/compile_adapter.asc.o] Error 1
gmake[1]: *** [CMakeFiles/Makefile2:111: CMakeFiles/g001_submission_compile.dir/all] Error 2
gmake: *** [Makefile:91: all] Error 2

Build with system C++ include paths:
-- Configuring done
-- Generating done
-- Build files have been written to: /tmp/cann-phase4-G001/build
Consolidate compiler generated dependencies of target g001_submission_compile
[ 33%] Built target g001_compile
[ 66%] Building ASC object CMakeFiles/g001_submission_compile.dir/compile_adapter.asc.o
[100%] Linking ASC executable g001_submission_compile
[100%] Built target g001_submission_compile
