[INFO] Start profiling...
REFERENCE rows=80 width=8192 dtype=fp32 device=3 physical_cores=40 available_cores=40 block_count=40 mismatches=0 max_abs=7.6549910899e-07 reference=cpu_fp64 atol=2e-5 rtol=1e-4 seed=322351
SAME_BINARY warmup=45 pairs_per_block=21 blocks=2 timing=device_event_primary wall_secondary=1 timed_allocations=0 kernel_change=NONE
block	pair	order	p1_us	p2_us	p1_wall_us	p2_wall_us
0	0	P1-P2	41.540000588	39.299998432	216.731000000	113.050000000
0	1	P2-P1	36.940000951	21.840000525	90.330000000	111.851000000
0	2	P1-P2	28.359999880	26.359999552	89.241000000	88.780000000
0	3	P2-P1	22.959999740	31.399998814	88.561000000	91.550000000
0	4	P1-P2	21.859999746	26.939999312	87.890000000	87.141000000
0	5	P2-P1	30.279999599	24.119999260	86.630000000	86.640000000
0	6	P1-P2	26.639999822	30.540000647	89.331000000	86.750000000
0	7	P2-P1	22.059999406	36.079999059	101.770000000	87.981000000
0	8	P1-P2	30.759999529	28.139999136	91.161000000	88.460000000
0	9	P2-P1	34.099999815	31.920000911	86.171000000	89.200000000
0	10	P1-P2	23.979999125	24.779999629	85.760000000	84.831000000
0	11	P2-P1	23.660000414	25.860000402	85.620000000	84.610000000
0	12	P1-P2	25.779999793	11.479999870	86.801000000	88.410000000
0	13	P2-P1	61.719998717	32.600000501	106.920000000	87.811000000
0	14	P1-P2	21.400000900	25.720000267	88.510000000	87.511000000
0	15	P2-P1	27.839999646	25.639999658	85.061000000	84.340000000
0	16	P1-P2	29.239999130	29.799999669	85.350000000	86.190000000
0	17	P2-P1	19.239999354	21.040000021	86.900000000	85.761000000
0	18	P1-P2	38.380000740	31.879998744	88.121000000	88.910000000
0	19	P2-P1	26.319999248	23.380000144	88.411000000	85.220000000
0	20	P1-P2	28.440000489	21.579999477	87.760000000	84.161000000
1	0	P2-P1	27.780000120	20.659999922	85.480000000	87.600000000
1	1	P1-P2	26.680000126	23.240000010	85.201000000	85.710000000
1	2	P2-P1	30.559999868	33.560000360	86.010000000	87.491000000
1	3	P1-P2	27.739999816	28.359999880	86.770000000	85.801000000
1	4	P2-P1	19.060000777	38.800001144	80.961000000	87.680000000
1	5	P1-P2	25.720000267	23.940000683	85.540000000	85.160000000
1	6	P2-P1	34.880001098	37.280000746	95.750000000	83.801000000
1	7	P1-P2	27.939999476	58.520000428	88.771000000	97.500000000
1	8	P2-P1	32.620001584	30.939999968	86.670000000	87.000000000
1	9	P1-P2	30.859999359	35.080000758	84.720000000	89.571000000
1	10	P2-P1	28.839999810	24.599999189	85.470000000	85.970000000
1	11	P1-P2	33.199999481	34.340001643	88.040000000	86.920000000
1	12	P2-P1	28.060000390	31.520001590	87.570000000	85.221000000
1	13	P1-P2	174.740001559	140.560001135	249.701000000	198.661000000
1	14	P2-P1	18.540000543	31.580001116	87.731000000	94.180000000
1	15	P1-P2	24.760000408	19.780000672	85.910000000	99.551000000
1	16	P2-P1	17.000000924	25.599999353	86.480000000	84.910000000
1	17	P1-P2	22.959999740	20.819999278	88.630000000	87.060000000
1	18	P2-P1	27.939999476	29.179999605	85.690000000	87.711000000
1	19	P1-P2	26.799999177	30.339999124	87.901000000	84.790000000
1	20	P2-P1	22.600000724	20.640000701	84.241000000	87.250000000
[INFO] Start export data in PROF_000001_20261008060014644_LFBPNFRPPBFKJHHC.
Thu 08 Oct 2026 06:00:19 [INFO] [MSVP] [4056258] msprof_common.py: Start analyzing data in "/home/data4t2/lelinfeng/server_runs/W4-R14/param-mte2-fingerprint-20261008/parent-probe/task-time-20261008/80x8192_fp32/capture/PROF_000001_20261008060014644_LFBPNFRPPBFKJHHC/host" ...
Thu 08 Oct 2026 06:00:19 [INFO] [MSVP] [4056258] msprof_common.py: It may take few minutes, please be patient ...
Thu 08 Oct 2026 06:00:19 [INFO] [MSVP] [4056258] msprof_common.py: Analysis data in "/home/data4t2/lelinfeng/server_runs/W4-R14/param-mte2-fingerprint-20261008/parent-probe/task-time-20261008/80x8192_fp32/capture/PROF_000001_20261008060014644_LFBPNFRPPBFKJHHC/host" finished.
Thu 08 Oct 2026 06:00:19 [INFO] [MSVP] [4056258] msprof_common.py: Start analyzing data in "/home/data4t2/lelinfeng/server_runs/W4-R14/param-mte2-fingerprint-20261008/parent-probe/task-time-20261008/80x8192_fp32/capture/PROF_000001_20261008060014644_LFBPNFRPPBFKJHHC/device_3" ...
Thu 08 Oct 2026 06:00:19 [INFO] [MSVP] [4056258] msprof_common.py: It may take few minutes, please be patient ...
Thu 08 Oct 2026 06:00:19 [INFO] [MSVP] [4056258] msprof_common.py: Analysis data in "/home/data4t2/lelinfeng/server_runs/W4-R14/param-mte2-fingerprint-20261008/parent-probe/task-time-20261008/80x8192_fp32/capture/PROF_000001_20261008060014644_LFBPNFRPPBFKJHHC/device_3" finished.
Thu 08 Oct 2026 06:00:19 [INFO] [MSVP] [4056258] msprof_export.py: All collected data will be exported, path is: /home/data4t2/lelinfeng/server_runs/W4-R14/param-mte2-fingerprint-20261008/parent-probe/task-time-20261008/80x8192_fp32/capture/PROF_000001_20261008060014644_LFBPNFRPPBFKJHHC/device_3.
Thu 08 Oct 2026 06:00:20 [INFO] [MSVP] [4056258] msprof_export.py: There is no timeline data to export for "/home/data4t2/lelinfeng/server_runs/W4-R14/param-mte2-fingerprint-20261008/parent-probe/task-time-20261008/80x8192_fp32/capture/PROF_000001_20261008060014644_LFBPNFRPPBFKJHHC/host"
Thu 08 Oct 2026 06:00:21 [INFO] [MSVP] [4056525] msprof_export.py: The data in "/home/data4t2/lelinfeng/server_runs/W4-R14/param-mte2-fingerprint-20261008/parent-probe/task-time-20261008/80x8192_fp32/capture/PROF_000001_20261008060014644_LFBPNFRPPBFKJHHC/host" has been analyzed. Parsing phase will be skipped.
Thu 08 Oct 2026 06:00:21 [INFO] [MSVP] [4056525] msprof_export.py: The data in "/home/data4t2/lelinfeng/server_runs/W4-R14/param-mte2-fingerprint-20261008/parent-probe/task-time-20261008/80x8192_fp32/capture/PROF_000001_20261008060014644_LFBPNFRPPBFKJHHC/device_3" has been analyzed. Parsing phase will be skipped.
Thu 08 Oct 2026 06:00:21 [INFO] [MSVP] [4056525] msprof_export.py: All collected data will be exported, path is: /home/data4t2/lelinfeng/server_runs/W4-R14/param-mte2-fingerprint-20261008/parent-probe/task-time-20261008/80x8192_fp32/capture/PROF_000001_20261008060014644_LFBPNFRPPBFKJHHC/device_3.
Thu 08 Oct 2026 06:00:21 [INFO] [MSVP] [4056525] msprof_export.py: There is no summary data to export for "/home/data4t2/lelinfeng/server_runs/W4-R14/param-mte2-fingerprint-20261008/parent-probe/task-time-20261008/80x8192_fp32/capture/PROF_000001_20261008060014644_LFBPNFRPPBFKJHHC/host"
Thu 08 Oct 2026 06:00:21 [INFO] [MSVP] [4056525] msprof_export.py: All collected data will be exported, path is: /home/data4t2/lelinfeng/server_runs/W4-R14/param-mte2-fingerprint-20261008/parent-probe/task-time-20261008/80x8192_fp32/capture/PROF_000001_20261008060014644_LFBPNFRPPBFKJHHC/device_3.
Thu 08 Oct 2026 06:00:21 [INFO] [MSVP] [4056525] msprof_export.py: There is no summary data to export for "/home/data4t2/lelinfeng/server_runs/W4-R14/param-mte2-fingerprint-20261008/parent-probe/task-time-20261008/80x8192_fp32/capture/PROF_000001_20261008060014644_LFBPNFRPPBFKJHHC/device_3"
Thu 08 Oct 2026 06:00:21 [INFO] [MSVP] [4056525] msprof_common.py: Start exporting summary output_file.
Thu 08 Oct 2026 06:00:21 [INFO] [MSVP] [4056525] msprof_common.py: End exporting summary output_file.The file is stored in the /home/data4t2/lelinfeng/server_runs/W4-R14/param-mte2-fingerprint-20261008/parent-probe/task-time-20261008/80x8192_fp32/capture/PROF_000001_20261008060014644_LFBPNFRPPBFKJHHC/mindstudio_profiler_output path.
[INFO] Export all data in PROF_000001_20261008060014644_LFBPNFRPPBFKJHHC done.
[INFO] Start query data in PROF_000001_20261008060014644_LFBPNFRPPBFKJHHC.
Job Info	Device ID	Dir Name	Collection Time           	Model ID	Iteration Number	Top Time Iteration	Rank ID	

NA      	         	host    	2026-10-08 06:00:14.649177	N/A     	N/A             	N/A               	-1     	

NA      	3        	device_3	2026-10-08 06:00:15.108903	N/A     	N/A             	N/A               	-1     	

[INFO] Query all data in PROF_000001_20261008060014644_LFBPNFRPPBFKJHHC done.
[INFO] Profiling finished.
[INFO] Process profiling data complete. Data is saved in /home/data4t2/lelinfeng/server_runs/W4-R14/param-mte2-fingerprint-20261008/parent-probe/task-time-20261008/80x8192_fp32/capture/PROF_000001_20261008060014644_LFBPNFRPPBFKJHHC
