V045_CORRECTNESS_START_UTC=2026-10-07T18:52:19,442707707+00:00
HOST=hwnput3
DEVICE=4
PARENT=R31B-V011
DTYPE=FP32
SHAPES=128x4472,128x4480,128x4488
C15=EXCLUDED
PARENT_STAGED_SHA256=a8c19a1972207acc67e3fb0cd393cc70b0a4b183d1eaf5610edf80c2879b15e3  本地实验/R-W4-4/V045/partial-ranking/stage/parent.asc
CANDIDATE_SHA256=01ce40919026ab8a312fcf6e2a5aa6a4d1d44b3dfcace36a4fe00afa6aaa14f1  本地实验/R-W4-4/V045/submission.asc
RUN_BEGIN_UTC=2026-10-07T18:52:20,861345413+00:00
RUN_BEGIN side=parent width=4472 binary=本地实验/R-W4-4/V045/partial-ranking/stage/build-v045/clx_ref_parent_probe
RUN_END rc=0 side=parent width=4472 prefix=本地实验/R-W4-4/V045/partial-ranking/parent-correctness-r128-w4472-fp32
RUN_BEGIN_UTC=2026-10-07T18:52:28,390486015+00:00
RUN_BEGIN side=candidate width=4472 binary=本地实验/R-W4-4/V045/partial-ranking/stage/build-v045/clx_ref_candidate_probe
RUN_END rc=3 side=candidate width=4472 prefix=本地实验/R-W4-4/V045/partial-ranking/candidate-correctness-r128-w4472-fp32
RUN_BEGIN_UTC=2026-10-07T18:52:35,322419888+00:00
RUN_BEGIN side=parent width=4480 binary=本地实验/R-W4-4/V045/partial-ranking/stage/build-v045/clx_ref_parent_probe
RUN_END rc=0 side=parent width=4480 prefix=本地实验/R-W4-4/V045/partial-ranking/parent-correctness-r128-w4480-fp32
RUN_BEGIN_UTC=2026-10-07T18:52:42,278746060+00:00
RUN_BEGIN side=candidate width=4480 binary=本地实验/R-W4-4/V045/partial-ranking/stage/build-v045/clx_ref_candidate_probe
RUN_END rc=3 side=candidate width=4480 prefix=本地实验/R-W4-4/V045/partial-ranking/candidate-correctness-r128-w4480-fp32
RUN_BEGIN_UTC=2026-10-07T18:52:48,638691640+00:00
RUN_BEGIN side=parent width=4488 binary=本地实验/R-W4-4/V045/partial-ranking/stage/build-v045/clx_ref_parent_probe
RUN_END rc=0 side=parent width=4488 prefix=本地实验/R-W4-4/V045/partial-ranking/parent-correctness-r128-w4488-fp32
RUN_BEGIN_UTC=2026-10-07T18:52:55,182034263+00:00
RUN_BEGIN side=candidate width=4488 binary=本地实验/R-W4-4/V045/partial-ranking/stage/build-v045/clx_ref_candidate_probe
RUN_END rc=0 side=candidate width=4488 prefix=本地实验/R-W4-4/V045/partial-ranking/candidate-correctness-r128-w4488-fp32
V045_CORRECTNESS_END_UTC=2026-10-07T18:53:03,458062714+00:00
