V045_LOCAL_START_UTC=2026-10-07T18:53:42,285276830+00:00
HOST=hwnput3
DEVICE=4
PARENT=R31B-V011
DTYPE=FP32
SHAPES=128x4488
EXCLUDED_CANDIDATE_FAIL_SHAPES=128x4472,128x4480
PAIRS=6
WARMUP=45
SAMPLES_PER_BLOCK=31
BLOCKS=2
BATCH_N=64
GAP_SEC=0
RUN_BEGIN_UTC=2026-10-07T18:53:43,593671937+00:00
RUN_BEGIN shape=128x4488 pair=1 order=parent candidate side=parent binary=本地实验/R-W4-4/V045/partial-ranking/stage/build-v045/clx_ref_parent_probe
RUN_END rc=0 shape=128x4488 pair=1 side=parent prefix=本地实验/R-W4-4/V045/partial-ranking/local-pair01-parent-r128-w4488-fp32
RUN_BEGIN_UTC=2026-10-07T18:53:50,356226146+00:00
RUN_BEGIN shape=128x4488 pair=1 order=parent candidate side=candidate binary=本地实验/R-W4-4/V045/partial-ranking/stage/build-v045/clx_ref_candidate_probe
RUN_END rc=0 shape=128x4488 pair=1 side=candidate prefix=本地实验/R-W4-4/V045/partial-ranking/local-pair01-candidate-r128-w4488-fp32
RUN_BEGIN_UTC=2026-10-07T18:53:56,895287730+00:00
RUN_BEGIN shape=128x4488 pair=2 order=candidate parent side=candidate binary=本地实验/R-W4-4/V045/partial-ranking/stage/build-v045/clx_ref_candidate_probe
RUN_END rc=0 shape=128x4488 pair=2 side=candidate prefix=本地实验/R-W4-4/V045/partial-ranking/local-pair02-candidate-r128-w4488-fp32
RUN_BEGIN_UTC=2026-10-07T18:54:04,804167276+00:00
RUN_BEGIN shape=128x4488 pair=2 order=candidate parent side=parent binary=本地实验/R-W4-4/V045/partial-ranking/stage/build-v045/clx_ref_parent_probe
RUN_END rc=0 shape=128x4488 pair=2 side=parent prefix=本地实验/R-W4-4/V045/partial-ranking/local-pair02-parent-r128-w4488-fp32
RUN_BEGIN_UTC=2026-10-07T18:54:12,526733982+00:00
RUN_BEGIN shape=128x4488 pair=3 order=parent candidate side=parent binary=本地实验/R-W4-4/V045/partial-ranking/stage/build-v045/clx_ref_parent_probe
RUN_END rc=0 shape=128x4488 pair=3 side=parent prefix=本地实验/R-W4-4/V045/partial-ranking/local-pair03-parent-r128-w4488-fp32
RUN_BEGIN_UTC=2026-10-07T18:54:19,278051994+00:00
RUN_BEGIN shape=128x4488 pair=3 order=parent candidate side=candidate binary=本地实验/R-W4-4/V045/partial-ranking/stage/build-v045/clx_ref_candidate_probe
RUN_END rc=0 shape=128x4488 pair=3 side=candidate prefix=本地实验/R-W4-4/V045/partial-ranking/local-pair03-candidate-r128-w4488-fp32
RUN_BEGIN_UTC=2026-10-07T18:54:26,019458349+00:00
RUN_BEGIN shape=128x4488 pair=4 order=candidate parent side=candidate binary=本地实验/R-W4-4/V045/partial-ranking/stage/build-v045/clx_ref_candidate_probe
RUN_END rc=0 shape=128x4488 pair=4 side=candidate prefix=本地实验/R-W4-4/V045/partial-ranking/local-pair04-candidate-r128-w4488-fp32
RUN_BEGIN_UTC=2026-10-07T18:54:33,743723587+00:00
RUN_BEGIN shape=128x4488 pair=4 order=candidate parent side=parent binary=本地实验/R-W4-4/V045/partial-ranking/stage/build-v045/clx_ref_parent_probe
RUN_END rc=0 shape=128x4488 pair=4 side=parent prefix=本地实验/R-W4-4/V045/partial-ranking/local-pair04-parent-r128-w4488-fp32
RUN_BEGIN_UTC=2026-10-07T18:54:40,074356310+00:00
RUN_BEGIN shape=128x4488 pair=5 order=parent candidate side=parent binary=本地实验/R-W4-4/V045/partial-ranking/stage/build-v045/clx_ref_parent_probe
RUN_END rc=0 shape=128x4488 pair=5 side=parent prefix=本地实验/R-W4-4/V045/partial-ranking/local-pair05-parent-r128-w4488-fp32
RUN_BEGIN_UTC=2026-10-07T18:54:47,794611525+00:00
RUN_BEGIN shape=128x4488 pair=5 order=parent candidate side=candidate binary=本地实验/R-W4-4/V045/partial-ranking/stage/build-v045/clx_ref_candidate_probe
RUN_END rc=0 shape=128x4488 pair=5 side=candidate prefix=本地实验/R-W4-4/V045/partial-ranking/local-pair05-candidate-r128-w4488-fp32
RUN_BEGIN_UTC=2026-10-07T18:54:55,536561625+00:00
RUN_BEGIN shape=128x4488 pair=6 order=candidate parent side=candidate binary=本地实验/R-W4-4/V045/partial-ranking/stage/build-v045/clx_ref_candidate_probe
RUN_END rc=0 shape=128x4488 pair=6 side=candidate prefix=本地实验/R-W4-4/V045/partial-ranking/local-pair06-candidate-r128-w4488-fp32
RUN_BEGIN_UTC=2026-10-07T18:55:02,488660948+00:00
RUN_BEGIN shape=128x4488 pair=6 order=candidate parent side=parent binary=本地实验/R-W4-4/V045/partial-ranking/stage/build-v045/clx_ref_parent_probe
RUN_END rc=0 shape=128x4488 pair=6 side=parent prefix=本地实验/R-W4-4/V045/partial-ranking/local-pair06-parent-r128-w4488-fp32
V045_LOCAL_END_UTC=2026-10-07T18:55:10,365120101+00:00
