CORRECTNESS_START_UTC=2026-10-07T14:27:29.293736897Z
HOST=hwnput3
DEVICE=4
DTYPE=FP32
SHAPES=128x504,128x512,128x520
C15=EXCLUDED
RUN_START_UTC=2026-10-07T14:27:29.298205282Z
SIDE=parent SHAPE=128x504 BINARY=本地实验/R-W4-4/V035/partial-ranking/stage/build/clx_ref_parent_probe PREFIX=本地实验/R-W4-4/V035/partial-ranking/parent-correctness-r128-w504-fp32
REF_HARNESS device=4 shape=128x504 dtype=0 warmup=0 samples=1 blocks=1 bad=0
RUN_EXIT_CODE=0
RUN_END_UTC=2026-10-07T14:27:36.238184502Z
RUN_START_UTC=2026-10-07T14:27:36.241083438Z
SIDE=candidate SHAPE=128x504 BINARY=本地实验/R-W4-4/V035/partial-ranking/stage/build/clx_ref_candidate_probe PREFIX=本地实验/R-W4-4/V035/partial-ranking/candidate-correctness-r128-w504-fp32
REF_HARNESS device=4 shape=128x504 dtype=0 warmup=0 samples=1 blocks=1 bad=0
RUN_EXIT_CODE=0
RUN_END_UTC=2026-10-07T14:27:44.182779980Z
RUN_START_UTC=2026-10-07T14:27:44.186027048Z
SIDE=parent SHAPE=128x512 BINARY=本地实验/R-W4-4/V035/partial-ranking/stage/build/clx_ref_parent_probe PREFIX=本地实验/R-W4-4/V035/partial-ranking/parent-correctness-r128-w512-fp32
REF_HARNESS device=4 shape=128x512 dtype=0 warmup=0 samples=1 blocks=1 bad=0
RUN_EXIT_CODE=0
RUN_END_UTC=2026-10-07T14:27:51.928338772Z
RUN_START_UTC=2026-10-07T14:27:51.930994317Z
SIDE=candidate SHAPE=128x512 BINARY=本地实验/R-W4-4/V035/partial-ranking/stage/build/clx_ref_candidate_probe PREFIX=本地实验/R-W4-4/V035/partial-ranking/candidate-correctness-r128-w512-fp32
REF_HARNESS device=4 shape=128x512 dtype=0 warmup=0 samples=1 blocks=1 bad=0
RUN_EXIT_CODE=0
RUN_END_UTC=2026-10-07T14:27:58.669885015Z
RUN_START_UTC=2026-10-07T14:27:58.672524480Z
SIDE=parent SHAPE=128x520 BINARY=本地实验/R-W4-4/V035/partial-ranking/stage/build/clx_ref_parent_probe PREFIX=本地实验/R-W4-4/V035/partial-ranking/parent-correctness-r128-w520-fp32
REF_HARNESS device=4 shape=128x520 dtype=0 warmup=0 samples=1 blocks=1 bad=0
RUN_EXIT_CODE=0
RUN_END_UTC=2026-10-07T14:28:05.408534706Z
RUN_START_UTC=2026-10-07T14:28:05.411461372Z
SIDE=candidate SHAPE=128x520 BINARY=本地实验/R-W4-4/V035/partial-ranking/stage/build/clx_ref_candidate_probe PREFIX=本地实验/R-W4-4/V035/partial-ranking/candidate-correctness-r128-w520-fp32
REF_HARNESS device=4 shape=128x520 dtype=0 warmup=0 samples=1 blocks=1 bad=0
RUN_EXIT_CODE=0
RUN_END_UTC=2026-10-07T14:28:12.147541112Z
CORRECTNESS_EXIT_CODE=0
CORRECTNESS_END_UTC=2026-10-07T14:28:12.150241907Z
