-- CMAKE_ASC_COMPILER: /usr/local/Ascend/ascend-toolkit/8.5.0.alpha002/compiler/ccec_compiler/bin/bisheng
CMake Warning at /usr/local/Ascend/ascend-toolkit/8.5.0.alpha002/aarch64-linux/tikcpp/ascendc_kernel_cmake/ASC_CMake/CMakeDetermineASCCompiler.cmake:57 (message):
  CMAKE_INSTALL_PREFIX is not set.  Set to default value
  /home/data4t2/lelinfeng/phase4-review-repro/ADAPTIVE-CORE-OWNERSHIP-CHAMPION-X/V001/out.
Call Stack (most recent call first):
  CMakeLists.txt:9 (project)


-- SOC_VERSION: Ascend910B3
-- CMAKE_BUILD_TYPE: Release
-- CMAKE_INSTALL_PREFIX: /home/data4t2/lelinfeng/phase4-review-repro/ADAPTIVE-CORE-OWNERSHIP-CHAMPION-X/V001/out
-- ASCEND_CANN_PACKAGE_PATH: /usr/local/Ascend/ascend-toolkit/8.5.0.alpha002
-- CMAKE_ASC_LLD_LINKER: /usr/local/Ascend/ascend-toolkit/8.5.0.alpha002/tools/ccec_compiler/bin/ld.lld
-- The CXX compiler identification is GNU 11.4.0
-- Detecting CXX compiler ABI info
-- Detecting CXX compiler ABI info - done
-- Check for working CXX compiler: /usr/bin/c++ - skipped
-- Detecting CXX compile features
-- Detecting CXX compile features - done
-- Configuring done
-- Generating done
-- Build files have been written to: /home/data4t2/lelinfeng/phase4-review-repro/ADAPTIVE-CORE-OWNERSHIP-CHAMPION-X/V001/build-server3-v001
[ 50%] Building ASC object CMakeFiles/adaptive_parent.dir/support/parent_entry.asc.o
In file included from /home/data4t2/lelinfeng/phase4-review-repro/ADAPTIVE-CORE-OWNERSHIP-CHAMPION-X/V001/support/parent_entry.asc:3:
/home/data4t2/lelinfeng/phase4-review-repro/ADAPTIVE-CORE-OWNERSHIP-CHAMPION-X/V001/support/../parent.asc:3479:302: error: unknown type name 'aclrtStream'
extern "C" void run_kernel(GM_ADDR x, const TensorGroupInfo& info_x, GM_ADDR residual, const TensorGroupInfo& info_residual, GM_ADDR gamma, const TensorGroupInfo& info_gamma, GM_ADDR bias, const TensorGroupInfo& info_bias, GM_ADDR output, const TensorGroupInfo& info_output, int64_t availableCoreNum, aclrtStream stream,
                                                                                                                                                                                                                                                                                                             ^
1 error generated.
gmake[3]: *** [CMakeFiles/adaptive_parent.dir/build.make:76: CMakeFiles/adaptive_parent.dir/support/parent_entry.asc.o] Error 1
gmake[2]: *** [CMakeFiles/Makefile2:87: CMakeFiles/adaptive_parent.dir/all] Error 2
gmake[1]: *** [CMakeFiles/Makefile2:94: CMakeFiles/adaptive_parent.dir/rule] Error 2
gmake: *** [Makefile:169: adaptive_parent] Error 2
