2026-10-08T06:56:05Z
hwnput3
	NPU ID                         : 4
	Chip Count                     : 1

	DDR Capacity(MB)               : 0
	DDR Usage Rate(%)              : 0
	DDR Hugepages Total(page)      : 0
	DDR Hugepages Usage Rate(%)    : 0
	HBM Capacity(MB)               : 65536
	HBM Usage Rate(%)              : 90
	Aicore Usage Rate(%)           : 57
	Aivector Usage Rate(%)         : 39
	Aicpu Usage Rate(%)            : 0
	Ctrlcpu Usage Rate(%)          : 7
	DDR Bandwidth Usage Rate(%)    : 0
	HBM Bandwidth Usage Rate(%)    : 59
	Chip ID                        : 0

57.29 58.28 62.08 32/16011 467389
ORIGINAL_ELF=/home/data4t2/lelinfeng/cann/w4/R10-active-core-d-aware-x/V002/build/r10_probe size=77808 mtime=2026-10-08 05:05:28.000269731 +0000 inode=191517793
ORIGINAL_ELF=/home/data4t2/lelinfeng/cann/w4/R10-active-core-d-aware-x/V002/build/libr10_parent.so size=530176 mtime=2026-10-08 05:05:08.492141220 +0000 inode=191517783
ORIGINAL_ELF=/home/data4t2/lelinfeng/cann/w4/R10-active-core-d-aware-x/V002/build/libr10_candidate.so size=530952 mtime=2026-10-08 05:05:26.556260193 +0000 inode=191517788
FREE_HBM_MB=6553
 0x0000000000000001 (NEEDED)             Shared library: [libr10_parent.so]
 0x0000000000000001 (NEEDED)             Shared library: [libr10_candidate.so]
 0x0000000000000001 (NEEDED)             Shared library: [libascendcl.so]
 0x0000000000000001 (NEEDED)             Shared library: [liberror_manager.so]
 0x0000000000000001 (NEEDED)             Shared library: [libge_common_base.so]
 0x0000000000000001 (NEEDED)             Shared library: [libstdc++.so.6]
 0x0000000000000001 (NEEDED)             Shared library: [libm.so.6]
 0x0000000000000001 (NEEDED)             Shared library: [libgcc_s.so.1]
 0x0000000000000001 (NEEDED)             Shared library: [libc.so.6]
 0x0000000000000001 (NEEDED)             Shared library: [ld-linux-aarch64.so.1]
 0x000000000000001d (RUNPATH)            Library runpath: [/usr/local/Ascend/ascend-toolkit/8.5.0.alpha002/aarch64-linux/lib64:/usr/local/Ascend/ascend-toolkit/8.5.0.alpha002/lib64:/usr/local/Ascend/driver/lib64/driver:/usr/local/Ascend/driver/lib64/common:/home/data4t2/lelinfeng/cann/w4/R10-active-core-d-aware-x/V002/build]
HOST_COMPILE=PASS
KERNEL_REBUILT=NO
2026-10-08T06:56:08Z
hwnput3
	NPU ID                         : 4
	Chip Count                     : 1

	DDR Capacity(MB)               : 0
	DDR Usage Rate(%)              : 0
	DDR Hugepages Total(page)      : 0
	DDR Hugepages Usage Rate(%)    : 0
	HBM Capacity(MB)               : 65536
	HBM Usage Rate(%)              : 90
	Aicore Usage Rate(%)           : 57
	Aivector Usage Rate(%)         : 37
	Aicpu Usage Rate(%)            : 0
	Ctrlcpu Usage Rate(%)          : 2
	DDR Bandwidth Usage Rate(%)    : 0
	HBM Bandwidth Usage Rate(%)    : 63
	Chip ID                        : 0

57.29 58.28 62.08 25/16020 467787
ORIGINAL_ELF=/home/data4t2/lelinfeng/cann/w4/R10-active-core-d-aware-x/V002/build/r10_probe size=77808 mtime=2026-10-08 05:05:28.000269731 +0000 inode=191517793
ORIGINAL_ELF=/home/data4t2/lelinfeng/cann/w4/R10-active-core-d-aware-x/V002/build/libr10_parent.so size=530176 mtime=2026-10-08 05:05:08.492141220 +0000 inode=191517783
ORIGINAL_ELF=/home/data4t2/lelinfeng/cann/w4/R10-active-core-d-aware-x/V002/build/libr10_candidate.so size=530952 mtime=2026-10-08 05:05:26.556260193 +0000 inode=191517788
STAGE_COMPLETE=build
RUNNING_DEVICE_OPERATION=NONE
