SNAPSHOT_UTC=2026-10-08T14:43:49Z

=== host ===
hwnput3

=== all NPU HBM and process snapshot ===
+------------------------------------------------------------------------------------------------+
| npu-smi 25.0.rc1.1               Version: 25.0.rc1.1                                           |
+---------------------------+---------------+----------------------------------------------------+
| NPU   Name                | Health        | Power(W)    Temp(C)           Hugepages-Usage(page)|
| Chip                      | Bus-Id        | AICore(%)   Memory-Usage(MB)  HBM-Usage(MB)        |
+===========================+===============+====================================================+
| 0     910B3               | OK            | 130.8       38                0    / 0             |
| 0                         | 0000:C1:00.0  | 16          0    / 0          9132 / 65536         |
+===========================+===============+====================================================+
| 1     910B3               | OK            | 158.9       49                0    / 0             |
| 0                         | 0000:C2:00.0  | 20          0    / 0          24327/ 65536         |
+===========================+===============+====================================================+
| 2     910B3               | OK            | 89.3        38                0    / 0             |
| 0                         | 0000:81:00.0  | 0           0    / 0          3422 / 65536         |
+===========================+===============+====================================================+
| 3     910B3               | OK            | 92.9        38                0    / 0             |
| 0                         | 0000:82:00.0  | 0           0    / 0          3428 / 65536         |
+===========================+===============+====================================================+
| 4     910B3               | OK            | 201.0       62                0    / 0             |
| 0                         | 0000:01:00.0  | 58          0    / 0          59193/ 65536         |
+===========================+===============+====================================================+
| 5     910B3               | OK            | 174.1       61                0    / 0             |
| 0                         | 0000:02:00.0  | 44          0    / 0          60222/ 65536         |
+===========================+===============+====================================================+
| 6     910B3               | OK            | 177.7       55                0    / 0             |
| 0                         | 0000:41:00.0  | 43          0    / 0          60221/ 65536         |
+===========================+===============+====================================================+
| 7     910B3               | OK            | 99.2        43                0    / 0             |
| 0                         | 0000:42:00.0  | 0           0    / 0          24791/ 65536         |
+===========================+===============+====================================================+
+---------------------------+---------------+----------------------------------------------------+
| NPU     Chip              | Process id    | Process name             | Process memory(MB)      |
+===========================+===============+====================================================+
| 0       0                 | 251901        | python                   | 5752                    |
+===========================+===============+====================================================+
| 1       0                 | 3150467       | python                   | 5748                    |
| 1       0                 | 203339        | python                   | 15199                   |
+===========================+===============+====================================================+
| No running processes found in NPU 2                                                            |
+===========================+===============+====================================================+
| No running processes found in NPU 3                                                            |
+===========================+===============+====================================================+
| 4       0                 | 2999855       | VLLMEngineCor            | 55666                   |
+===========================+===============+====================================================+
| 5       0                 | 89602         | VLLMWorker_TP            | 56700                   |
+===========================+===============+====================================================+
| 6       0                 | 91228         | VLLMWorker_TP            | 56701                   |
+===========================+===============+====================================================+
| 7       0                 | 439848        | python3                  | 21260                   |
+===========================+===============+====================================================+

=== device 0 detailed usages ===
	NPU ID                         : 0
	Chip Count                     : 1

	DDR Capacity(MB)               : 0
	DDR Usage Rate(%)              : 0
	DDR Hugepages Total(page)      : 0
	DDR Hugepages Usage Rate(%)    : 0
	HBM Capacity(MB)               : 65536
	HBM Usage Rate(%)              : 13
	Aicore Usage Rate(%)           : 15
	Aivector Usage Rate(%)         : 10
	Aicpu Usage Rate(%)            : 0
	Ctrlcpu Usage Rate(%)          : 7
	DDR Bandwidth Usage Rate(%)    : 0
	HBM Bandwidth Usage Rate(%)    : 1
	Chip ID                        : 0


=== host load ===
 14:43:51 up 243 days,  2:19, 36 users,  load average: 70.41, 61.59, 59.12

=== V055 runner process snapshot ===
1013586 lelinfe+ bash            /bin/bash -lc set -eo pipefail source /usr/local/Ascend/ascend-toolkit/set_env.sh root='本地实验/ROW-SCALE-HOIST-X/V055' build_dir='/tmp/cann-row-scale-hoist-x-v055-runners-20261008T143724Z' parent_sha='7c2569d9e3830c845f2b5dc4587a73a05a0bdf041168614cd55ad84204e063f9' candidate_sha='07ef84374e1668f7f57dd9e2a6b20b99f4588c25b27c8f3d9d3ed9a1fa157228' test "$(sha256sum "$root/compile/src/parent_submission.asc" | cut -d' ' -f1)" = "$parent_sha" test "$(sha256sum "$root/compile/src/submission.asc" | cut -d' ' -f1)" = "$candidate_sha" test "$(sha256sum '本地实验/ROW-SCALE-HOIST-X/V026/submission.asc' | cut -d' ' -f1)" = "$parent_sha" test -x "$build_dir/v055_correctness_parent" && test -x "$build_dir/v055_correctness_candidate" strings "$build_dir/v055_correctness_candidate" | rg "$candidate_sha" >/dev/null printf '%s\n' "$build_dir" > "$root/runners-build-dir.txt" sha256sum "$build_dir"/v055_correctness_parent "$build_dir"/v055_correctness_candidate "$build_dir"/v055_local_parent "$build_dir"/v055_local_candidate > "$root/runners-executable-sha256.txt" snapshot="$root/device-snapshot-before-correctness.log" {   date -u '+SNAPSHOT_UTC=%Y-%m-%dT%H:%M:%SZ'   printf '\n=== host ===\n'   hostname -f   printf '\n=== all NPU HBM and process snapshot ===\n'   npu-smi info   printf '\n=== device 0 detailed usages ===\n'   npu-smi info -t usages -i 0   printf '\n=== host load ===\n'   uptime   printf '\n=== V055 runner process snapshot ===\n'   ps -eo pid,user,comm,args | rg -i 'v055|row.scale.hoist|cann-row-scale' || true } 2>&1 | tee "$snapshot" read -r hbm_used hbm_total < <(awk '/0000:C1:00.0/ {line=$0; sub(/^.*0000:C1:00.0[[:space:]]*\|[[:space:]]*/, "", line); gsub(/\|/, "", line); if (match(line, /[0-9]+[[:space:]]*\/[[:space:]]*[0-9]+[[:space:]]*$/)) {pair=substr(line, RSTART, RLENGTH); split(pair, a, "/"); gsub(/[[:space:]]/, "", a[1]); gsub(/[[:space:]]/, "", a[2]); print a[1], a[2]; exit}}' "$snapshot") test -n "$hbm_used" && test -n "$hbm_total" free_hbm=$((hbm_total - hbm_used)) printf 'DEVICE_0_HBM_USED_MB=%s\nDEVICE_0_HBM_TOTAL_MB=%s\nDEVICE_0_FREE_HBM_MB=%s\n' "$hbm_used" "$hbm_total" "$free_hbm" | tee -a "$snapshot" invocation="$root/correctness-invocation.txt" printf 'REVISION=V055\nDEVICE=0\nSHAPE=128x8192 BF16\nPARENT_SOURCE_SHA256=%s\nCANDIDATE_SOURCE_SHA256=%s\nPARENT_EXECUTABLE=%s/v055_correctness_parent\nPARENT_EXECUTABLE_SHA256=%s\nCANDIDATE_EXECUTABLE=%s/v055_correctness_candidate\nCANDIDATE_EXECUTABLE_SHA256=%s\n' "$parent_sha" "$candidate_sha" "$build_dir" "$(sha256sum "$build_dir/v055_correctness_parent" | cut -d' ' -f1)" "$build_dir" "$(sha256sum "$build_dir/v055_correctness_candidate" | cut -d' ' -f1)" > "$invocation" if [ "$free_hbm" -lt 100 ]; then printf 'DEVICE_GATE=BLOCKED_FREE_HBM_LT_100MB\n' >> "$invocation"; exit 3; fi printf 'DEVICE_GATE=PASS_FREE_HBM_GE_100MB\nCORRECTNESS_START_UTC=%s\n' "$(date -u '+%Y-%m-%dT%H:%M:%SZ')" >> "$invocation" set +e "$build_dir/v055_correctness_parent" > "$root/correctness/parent.log" 2>&1 parent_exit=$? printf 'PARENT_EXIT=%s\n' "$parent_exit" >> "$invocation" "$build_dir/v055_correctness_candidate" > "$root/correctness/candidate.log" 2>&1 candidate_exit=$? printf 'CANDIDATE_EXIT=%s\n' "$candidate_exit" >> "$invocation" set -e printf 'CORRECTNESS_END_UTC=%s\n' "$(date -u '+%Y-%m-%dT%H:%M:%SZ')" >> "$invocation" cat "$root/correctness/parent.log" cat "$root/correctness/candidate.log" if [ "$parent_exit" -eq 0 ] && [ "$candidate_exit" -eq 0 ] && rg '"status":"PASS"' "$root/correctness/parent.log" >/dev/null && rg '"status":"PASS"' "$root/correctness/candidate.log" >/dev/null; then   printf 'CORRECTNESS_GATE=PASS\n' >> "$invocation" else   printf 'CORRECTNESS_GATE=FAIL_OR_UNRESOLVED\n' >> "$invocation"   release="$root/device-release.log"   { date -u '+POST_CORRECTNESS_RELEASE_SNAPSHOT_UTC=%Y-%m-%dT%H:%M:%SZ'; npu-smi info; npu-smi info -t usages -i 0; ps -eo pid,user,comm,args | rg -i 'v055|row.scale.hoist|cann-row-scale' || true; printf 'DEVICE_0_RELEASED_AFTER_CORRECTNESS_CAPTURE=true\n'; } 2>&1 | tee "$release"   exit 2 fi
1013615 lelinfe+ bash            /bin/bash -lc set -eo pipefail source /usr/local/Ascend/ascend-toolkit/set_env.sh root='本地实验/ROW-SCALE-HOIST-X/V055' build_dir='/tmp/cann-row-scale-hoist-x-v055-runners-20261008T143724Z' parent_sha='7c2569d9e3830c845f2b5dc4587a73a05a0bdf041168614cd55ad84204e063f9' candidate_sha='07ef84374e1668f7f57dd9e2a6b20b99f4588c25b27c8f3d9d3ed9a1fa157228' test "$(sha256sum "$root/compile/src/parent_submission.asc" | cut -d' ' -f1)" = "$parent_sha" test "$(sha256sum "$root/compile/src/submission.asc" | cut -d' ' -f1)" = "$candidate_sha" test "$(sha256sum '本地实验/ROW-SCALE-HOIST-X/V026/submission.asc' | cut -d' ' -f1)" = "$parent_sha" test -x "$build_dir/v055_correctness_parent" && test -x "$build_dir/v055_correctness_candidate" strings "$build_dir/v055_correctness_candidate" | rg "$candidate_sha" >/dev/null printf '%s\n' "$build_dir" > "$root/runners-build-dir.txt" sha256sum "$build_dir"/v055_correctness_parent "$build_dir"/v055_correctness_candidate "$build_dir"/v055_local_parent "$build_dir"/v055_local_candidate > "$root/runners-executable-sha256.txt" snapshot="$root/device-snapshot-before-correctness.log" {   date -u '+SNAPSHOT_UTC=%Y-%m-%dT%H:%M:%SZ'   printf '\n=== host ===\n'   hostname -f   printf '\n=== all NPU HBM and process snapshot ===\n'   npu-smi info   printf '\n=== device 0 detailed usages ===\n'   npu-smi info -t usages -i 0   printf '\n=== host load ===\n'   uptime   printf '\n=== V055 runner process snapshot ===\n'   ps -eo pid,user,comm,args | rg -i 'v055|row.scale.hoist|cann-row-scale' || true } 2>&1 | tee "$snapshot" read -r hbm_used hbm_total < <(awk '/0000:C1:00.0/ {line=$0; sub(/^.*0000:C1:00.0[[:space:]]*\|[[:space:]]*/, "", line); gsub(/\|/, "", line); if (match(line, /[0-9]+[[:space:]]*\/[[:space:]]*[0-9]+[[:space:]]*$/)) {pair=substr(line, RSTART, RLENGTH); split(pair, a, "/"); gsub(/[[:space:]]/, "", a[1]); gsub(/[[:space:]]/, "", a[2]); print a[1], a[2]; exit}}' "$snapshot") test -n "$hbm_used" && test -n "$hbm_total" free_hbm=$((hbm_total - hbm_used)) printf 'DEVICE_0_HBM_USED_MB=%s\nDEVICE_0_HBM_TOTAL_MB=%s\nDEVICE_0_FREE_HBM_MB=%s\n' "$hbm_used" "$hbm_total" "$free_hbm" | tee -a "$snapshot" invocation="$root/correctness-invocation.txt" printf 'REVISION=V055\nDEVICE=0\nSHAPE=128x8192 BF16\nPARENT_SOURCE_SHA256=%s\nCANDIDATE_SOURCE_SHA256=%s\nPARENT_EXECUTABLE=%s/v055_correctness_parent\nPARENT_EXECUTABLE_SHA256=%s\nCANDIDATE_EXECUTABLE=%s/v055_correctness_candidate\nCANDIDATE_EXECUTABLE_SHA256=%s\n' "$parent_sha" "$candidate_sha" "$build_dir" "$(sha256sum "$build_dir/v055_correctness_parent" | cut -d' ' -f1)" "$build_dir" "$(sha256sum "$build_dir/v055_correctness_candidate" | cut -d' ' -f1)" > "$invocation" if [ "$free_hbm" -lt 100 ]; then printf 'DEVICE_GATE=BLOCKED_FREE_HBM_LT_100MB\n' >> "$invocation"; exit 3; fi printf 'DEVICE_GATE=PASS_FREE_HBM_GE_100MB\nCORRECTNESS_START_UTC=%s\n' "$(date -u '+%Y-%m-%dT%H:%M:%SZ')" >> "$invocation" set +e "$build_dir/v055_correctness_parent" > "$root/correctness/parent.log" 2>&1 parent_exit=$? printf 'PARENT_EXIT=%s\n' "$parent_exit" >> "$invocation" "$build_dir/v055_correctness_candidate" > "$root/correctness/candidate.log" 2>&1 candidate_exit=$? printf 'CANDIDATE_EXIT=%s\n' "$candidate_exit" >> "$invocation" set -e printf 'CORRECTNESS_END_UTC=%s\n' "$(date -u '+%Y-%m-%dT%H:%M:%SZ')" >> "$invocation" cat "$root/correctness/parent.log" cat "$root/correctness/candidate.log" if [ "$parent_exit" -eq 0 ] && [ "$candidate_exit" -eq 0 ] && rg '"status":"PASS"' "$root/correctness/parent.log" >/dev/null && rg '"status":"PASS"' "$root/correctness/candidate.log" >/dev/null; then   printf 'CORRECTNESS_GATE=PASS\n' >> "$invocation" else   printf 'CORRECTNESS_GATE=FAIL_OR_UNRESOLVED\n' >> "$invocation"   release="$root/device-release.log"   { date -u '+POST_CORRECTNESS_RELEASE_SNAPSHOT_UTC=%Y-%m-%dT%H:%M:%SZ'; npu-smi info; npu-smi info -t usages -i 0; ps -eo pid,user,comm,args | rg -i 'v055|row.scale.hoist|cann-row-scale' || true; printf 'DEVICE_0_RELEASED_AFTER_CORRECTNESS_CAPTURE=true\n'; } 2>&1 | tee "$release"   exit 2 fi
1013616 lelinfe+ tee             tee 本地实验/ROW-SCALE-HOIST-X/V055/device-snapshot-before-correctness.log
1013911 lelinfe+ rg              rg -i v055|row.scale.hoist|cann-row-scale
DEVICE_0_HBM_USED_MB=9132
DEVICE_0_HBM_TOTAL_MB=65536
DEVICE_0_FREE_HBM_MB=56404
