ROUTE=ROW-SCALE-HOIST-X
REVISION=V045
DEVICE=0
RESERVATION=USER_DIRECTIVE_EXCLUSIVE_FROM_CORRECTNESS_THROUGH_LOCAL_NUMERIC_RESULT_CAPTURE
RESULT_CAPTURED=YES
RESULT_RECEIPT=RESULT.md; local-result.json; six retained Parent/Candidate raw logs
LOCAL_SCORE=92.6170800932
LOCAL_DELTA_PERCENT_CANDIDATE_VS_PARENT=7.9714453310
LOCAL_VERDICT=MEASUREMENT_BLOCKED
CURRENT_LOCAL_BEST=V026
FINAL_USAGE_CAPTURE_UTC=2026-10-08T01:10:06Z
FINAL_SNAPSHOT=device-release-snapshot-20261008T011006Z.log
DEVICE_0_HEALTH=OK
DEVICE_0_AICORE_PERCENT=0
DEVICE_0_HBM_USED_MB=3433
DEVICE_0_HBM_TOTAL_MB=65536
DEVICE_0_HBM_FREE_MB=62103
DEVICE_0_PROCESS_SNAPSHOT=none
DEVICE_RESERVATION_RELEASED=YES
RELEASE_UTC=2026-10-08T01:10:46Z
SHARED_DEVICE_LEDGER=NOT_MODIFIED
OTHER_PROCESSES_MODIFIED=NO
