REVISION=V088
GATE=PARENT_CANDIDATE_CORRECTNESS_RETRY02
DEVICE=4
RUNTIME_ENV=source_set_env.sh; LD_LIBRARY_PATH=/usr/lib/aarch64-linux-gnu:${LD_LIBRARY_PATH}; LC_ALL=C
SNAPSHOT=2026-10-08T07:19:33.754091996Z FREE_HBM=6343MB EXISTING_PID=2999855_UNTOUCHED
C15=EXCLUDED_KNOWN_PARENT_FAILURE
START_UTC=2026-10-08T07:21:45.054212840Z
COMMAND=本地实验/R-W4-4/V088/partial-ranking/stage/build-v088/clx_ref_parent_probe 4 128 1048 0 本地实验/R-W4-4/V088/partial-ranking/v088-parent-correctness-r128-w1048-fp32-attempt02 0 1 1 0
RESULT variant=parent shape=128x1048 dtype=FP32 rc=0 bad=0 max_abs=1.43051e-06
COMMAND=本地实验/R-W4-4/V088/partial-ranking/stage/build-v088/clx_ref_candidate_probe 4 128 1048 0 本地实验/R-W4-4/V088/partial-ranking/v088-candidate-correctness-r128-w1048-fp32-attempt02 0 1 1 0
RESULT variant=candidate shape=128x1048 dtype=FP32 rc=0 bad=0 max_abs=1.43051e-06
COMMAND=本地实验/R-W4-4/V088/partial-ranking/stage/build-v088/clx_ref_parent_probe 4 128 1056 0 本地实验/R-W4-4/V088/partial-ranking/v088-parent-correctness-r128-w1056-fp32-attempt02 0 1 1 0
RESULT variant=parent shape=128x1056 dtype=FP32 rc=0 bad=0 max_abs=1.43051e-06
COMMAND=本地实验/R-W4-4/V088/partial-ranking/stage/build-v088/clx_ref_candidate_probe 4 128 1056 0 本地实验/R-W4-4/V088/partial-ranking/v088-candidate-correctness-r128-w1056-fp32-attempt02 0 1 1 0
RESULT variant=candidate shape=128x1056 dtype=FP32 rc=0 bad=0 max_abs=1.43051e-06
COMMAND=本地实验/R-W4-4/V088/partial-ranking/stage/build-v088/clx_ref_parent_probe 4 128 1064 0 本地实验/R-W4-4/V088/partial-ranking/v088-parent-correctness-r128-w1064-fp32-attempt02 0 1 1 0
RESULT variant=parent shape=128x1064 dtype=FP32 rc=0 bad=0 max_abs=1.19209e-06
COMMAND=本地实验/R-W4-4/V088/partial-ranking/stage/build-v088/clx_ref_candidate_probe 4 128 1064 0 本地实验/R-W4-4/V088/partial-ranking/v088-candidate-correctness-r128-w1064-fp32-attempt02 0 1 1 0
RESULT variant=candidate shape=128x1064 dtype=FP32 rc=0 bad=0 max_abs=1.19209e-06
ALL_ASSIGNED_CORRECTNESS_PASS=1
END_UTC=2026-10-08T07:22:25.922391629Z
