=== V005/REFERENCE BF16 CASE10 BYTE COMPARISON START ===
2026-09-17T10:53:39Z
DEVICE=6
Filesystem      Size  Used Avail Use% Mounted on
/dev/nvme1n1p1  3.5T  3.2T   92G  98% /home/data4t2
	NPU ID                         : 6
	Chip Count                     : 1

	DDR Capacity(MB)               : 0
	DDR Usage Rate(%)              : 0
	DDR Hugepages Total(page)      : 0
	DDR Hugepages Usage Rate(%)    : 0
	HBM Capacity(MB)               : 65536
	HBM Usage Rate(%)              : 91
	Aicore Usage Rate(%)           : 0
	Aivector Usage Rate(%)         : 0
	Aicpu Usage Rate(%)            : 0
	Ctrlcpu Usage Rate(%)          : 7
	DDR Bandwidth Usage Rate(%)    : 0
	HBM Bandwidth Usage Rate(%)    : 0
	Chip ID                        : 0

V005_SOURCE:
afd5b8eef071e2e849064b1913290b485e0689cf9da40987fb1ffc67dc36bd9c  /home/data4t2/lelinfeng/cann/实验/V005/工程/kernel.asc
  394 16690 /home/data4t2/lelinfeng/cann/实验/V005/工程/kernel.asc
REFERENCE_SOURCE:
35525ce93b068ef928d1e9a60e4f2c6fdec45fbc7c5511b73b509186dfd0635e  /home/data4t2/lelinfeng/cann/实验/参考候选验证/工程/kernel.asc
  2947 160461 /home/data4t2/lelinfeng/cann/实验/参考候选验证/工程/kernel.asc
-- System processer: aarch64
-- CMAKE_ASC_COMPILER: /home/data4t2/lelinfeng/cann_game/.toolchains/cann-9.0/cann-9.0.0/bin/bisheng
-- ASCEND_CANN_PACKAGE_LINUX_PATH: /home/data4t2/lelinfeng/cann_game/.toolchains/cann-9.0/cann-9.0.0/aarch64-linux
-- CMAKE_ASC_LLD_LINKER: /home/data4t2/lelinfeng/cann_game/.toolchains/cann-9.0/cann-9.0.0/aarch64-linux/ccec_compiler/bin/ld.lld
-- The CXX compiler identification is GNU 11.4.0
-- Detecting CXX compiler ABI info
-- Detecting CXX compiler ABI info - done
-- Check for working CXX compiler: /usr/bin/c++ - skipped
-- Detecting CXX compile features
-- Detecting CXX compile features - done
-- Configuring done
-- Generating done
-- Build files have been written to: /home/data4t2/lelinfeng/cann/实验/V005/工程/build
V005_CONFIG_STATUS=0
V005_BUILD_STATUS=0
V005_DATA_STATUS=0
PROBE width=4096 rows=8 rank=3 dtype=2 device=6 bytes=65536
PROBE_STATUS=0 CORES=40
V005_RUN_STATUS=0
V005_OUTPUT:
b9fc9fd9a2139d1fb3cb1519e3f6a4db99de9dfabde201ca4f022bb7bc221692  /tmp/v005-reference-case10-3976384/v005_output.bin
-- System processer: aarch64
-- CMAKE_ASC_COMPILER: /home/data4t2/lelinfeng/cann_game/.toolchains/cann-9.0/cann-9.0.0/bin/bisheng
-- ASCEND_CANN_PACKAGE_LINUX_PATH: /home/data4t2/lelinfeng/cann_game/.toolchains/cann-9.0/cann-9.0.0/aarch64-linux
-- CMAKE_ASC_LLD_LINKER: /home/data4t2/lelinfeng/cann_game/.toolchains/cann-9.0/cann-9.0.0/aarch64-linux/ccec_compiler/bin/ld.lld
-- The CXX compiler identification is GNU 11.4.0
-- Detecting CXX compiler ABI info
-- Detecting CXX compiler ABI info - done
-- Check for working CXX compiler: /usr/bin/c++ - skipped
-- Detecting CXX compile features
-- Detecting CXX compile features - done
-- Configuring done
-- Generating done
-- Build files have been written to: /home/data4t2/lelinfeng/cann/实验/参考候选验证/工程/build
REFERENCE_CONFIG_STATUS=0
REFERENCE_BUILD_STATUS=0
PROBE width=4096 rows=8 rank=3 dtype=2 device=6 bytes=65536
PROBE_STATUS=0 CORES=40
REFERENCE_RUN_STATUS=0
REFERENCE_OUTPUT:
b9fc9fd9a2139d1fb3cb1519e3f6a4db99de9dfabde201ca4f022bb7bc221692  /tmp/v005-reference-case10-3976384/reference_output.bin
OUTPUT_BYTE_COMPARE=IDENTICAL
OUTPUT_COMPARE_STATUS=0
Filesystem      Size  Used Avail Use% Mounted on
/dev/nvme1n1p1  3.5T  3.2T   92G  98% /home/data4t2
=== V005/REFERENCE BF16 CASE10 BYTE COMPARISON END ===
2026-09-17T10:54:10Z
