REVISION=V087
CHANGE=kSmallFp32BatchMaxWidth: 4096 -> 1088
PARENT=R31B-V011
PARENT_SOURCE_SHA256=a8c19a1972207acc67e3fb0cd393cc70b0a4b183d1eaf5610edf80c2879b15e3
HOST=hwnput3
START_UTC=2026-10-08T05:41:58.762527316Z
-- The CXX compiler identification is Clang 15.0.5
-- Detecting CXX compiler ABI info
-- Detecting CXX compiler ABI info - done
-- Check for working CXX compiler: /usr/local/Ascend/ascend-toolkit/8.5.0.alpha002/aarch64-linux/ccec_compiler/bin/bisheng - skipped
-- Detecting CXX compile features
-- Detecting CXX compile features - done
-- Configuring done
-- Generating done
-- Build files have been written to: /home/data4t2/lelinfeng/cann-r-w4-4/本地实验/R-W4-4/V087/build-cmake
CMAKE_CONFIGURE_RC=0
Built target device
[100%] Building CXX object CMakeFiles/submission.dir/src/adapter.cpp.o
[100%] Built target submission
ROUTE_BUILD_RC=0
END_UTC=2026-10-08T05:42:06.402847045Z
