ROUTE=MODE-DISPATCH-CUTOFF-X
REVISION=V095
GATE=PARENT_CANDIDATE_CORRECTNESS
PARENT=R31B-V011
PARENT_SHA256=a8c19a1972207acc67e3fb0cd393cc70b0a4b183d1eaf5610edf80c2879b15e3
CANDIDATE_SHA256=4f6273566422a96ead41a66e09104618d740ac5f2041f900bf6917833f0d81fb
DEVICE=2
DTYPE=FP32
SHAPES=128x1008,128x1016,128x1024
C15=EXCLUDED_KNOWN_PARENT_FAILURE
START_UTC=2026-10-08T17:12:24.858303118Z
739c8d45f43bcf1d7defe78b0deebd5452e677770ef659c2997b2430545f5715  本地实验/R-W4-4/V095/partial-ranking/stage/build-v095/clx_ref_parent_probe
e439f39fb928d50c029bbc9ccc46e78c6c3c6d721c4da270e15ce01821b0661b  本地实验/R-W4-4/V095/partial-ranking/stage/build-v095/clx_ref_candidate_probe
CANDIDATE_PARENT_DIFF_RC=1
START_UTC=2026-10-08T17:12:24.869723285Z
COMMAND=本地实验/R-W4-4/V095/partial-ranking/stage/build-v095/clx_ref_parent_probe 2 128 1008 0 本地实验/R-W4-4/V095/partial-ranking/v095-parent-correctness-r128-w1008-fp32 0 1 1 0
RESULT side=parent width=1008 rc=127 
END_UTC=2026-10-08T17:12:24.878934574Z
START_UTC=2026-10-08T17:12:24.881050450Z
COMMAND=本地实验/R-W4-4/V095/partial-ranking/stage/build-v095/clx_ref_candidate_probe 2 128 1008 0 本地实验/R-W4-4/V095/partial-ranking/v095-candidate-correctness-r128-w1008-fp32 0 1 1 0
RESULT side=candidate width=1008 rc=127 
END_UTC=2026-10-08T17:12:24.889785346Z
START_UTC=2026-10-08T17:12:24.891672030Z
COMMAND=本地实验/R-W4-4/V095/partial-ranking/stage/build-v095/clx_ref_parent_probe 2 128 1016 0 本地实验/R-W4-4/V095/partial-ranking/v095-parent-correctness-r128-w1016-fp32 0 1 1 0
RESULT side=parent width=1016 rc=127 
END_UTC=2026-10-08T17:12:24.900218304Z
START_UTC=2026-10-08T17:12:24.902101539Z
COMMAND=本地实验/R-W4-4/V095/partial-ranking/stage/build-v095/clx_ref_candidate_probe 2 128 1016 0 本地实验/R-W4-4/V095/partial-ranking/v095-candidate-correctness-r128-w1016-fp32 0 1 1 0
RESULT side=candidate width=1016 rc=127 
END_UTC=2026-10-08T17:12:24.911027606Z
START_UTC=2026-10-08T17:12:24.912883290Z
COMMAND=本地实验/R-W4-4/V095/partial-ranking/stage/build-v095/clx_ref_parent_probe 2 128 1024 0 本地实验/R-W4-4/V095/partial-ranking/v095-parent-correctness-r128-w1024-fp32 0 1 1 0
RESULT side=parent width=1024 rc=127 
END_UTC=2026-10-08T17:12:24.919867093Z
START_UTC=2026-10-08T17:12:24.921968378Z
COMMAND=本地实验/R-W4-4/V095/partial-ranking/stage/build-v095/clx_ref_candidate_probe 2 128 1024 0 本地实验/R-W4-4/V095/partial-ranking/v095-candidate-correctness-r128-w1024-fp32 0 1 1 0
RESULT side=candidate width=1024 rc=127 
END_UTC=2026-10-08T17:12:24.928856940Z
CORRECTNESS_FAIL=1
POST_SNAPSHOT_UTC=2026-10-08T17:12:24.930681854Z
END_UTC=2026-10-08T17:12:27.493622085Z
