Thu Oct  8 21:03:34 UTC 2026
TOOLKIT_ENV=/usr/local/Ascend/ascend-toolkit/set_env.sh
ASCEND_RT_VISIBLE_DEVICES=3
ASCEND_HOME_PATH=/usr/local/Ascend/ascend-toolkit/latest
ASCEND_CANN_PACKAGE_PATH=
ASCEND_TOOLKIT_HOME=/usr/local/Ascend/ascend-toolkit/latest
PARENT_EXECUTABLE_SHA256 c6a846fe2b89117920cbc8a9f91967230f5f7f51c567aefca4a438c5ac4449f2  本地实验/ROW-SCALE-HOIST-X/V066/runners/build-local-20261008T210000Z/v066_local_parent
CANDIDATE_EXECUTABLE_SHA256 7c38e1b60c532b52887e66b75cc8b9173c12805482aca474e2bcbaac50d36913  本地实验/ROW-SCALE-HOIST-X/V066/runners/build-local-20261008T210000Z/v066_local_candidate

--- ldd parent ---
	linux-vdso.so.1 (0x0000ffff86818000)
	libascendcl.so => /usr/local/Ascend/ascend-toolkit/latest/lib64/libascendcl.so (0x0000ffff86530000)
	libregister.so => /usr/local/Ascend/ascend-toolkit/latest/lib64/libregister.so (0x0000ffff85880000)
	libplatform.so => /usr/local/Ascend/ascend-toolkit/latest/lib64/libplatform.so (0x0000ffff85720000)
	libunified_dlog.so => /usr/local/Ascend/ascend-toolkit/latest/lib64/libunified_dlog.so (0x0000ffff856d0000)
	libm.so.6 => /lib/aarch64-linux-gnu/libm.so.6 (0x0000ffff85630000)
	libgraph_base.so => /usr/local/Ascend/ascend-toolkit/latest/lib64/libgraph_base.so (0x0000ffff84e70000)
	libgcc_s.so.1 => /lib/aarch64-linux-gnu/libgcc_s.so.1 (0x0000ffff84e40000)
	libc.so.6 => /lib/aarch64-linux-gnu/libc.so.6 (0x0000ffff84c90000)
	/lib/ld-linux-aarch64.so.1 (0x0000ffff867df000)
	libruntime.so => /usr/local/Ascend/ascend-toolkit/latest/lib64/libruntime.so (0x0000ffff84bc0000)
	liberror_manager.so => /usr/local/Ascend/ascend-toolkit/latest/lib64/liberror_manager.so (0x0000ffff84b40000)
	libprofapi.so => /usr/local/Ascend/ascend-toolkit/latest/lib64/libprofapi.so (0x0000ffff84b00000)
	libascendalog.so => /usr/local/Ascend/ascend-toolkit/latest/lib64/libascendalog.so (0x0000ffff84ab0000)
	libmmpa.so => /usr/local/Ascend/ascend-toolkit/latest/lib64/libmmpa.so (0x0000ffff84a80000)
	libascend_dump.so => /usr/local/Ascend/ascend-toolkit/latest/lib64/libascend_dump.so (0x0000ffff84940000)
	libc_sec.so => /usr/local/Ascend/ascend-toolkit/latest/lib64/libc_sec.so (0x0000ffff84900000)
	libstdc++.so.6 => /lib/aarch64-linux-gnu/libstdc++.so.6 (0x0000ffff846d0000)
	libmsprofiler.so => /usr/local/Ascend/ascend-toolkit/latest/lib64/libmsprofiler.so (0x0000ffff84320000)
	libgert.so => /usr/local/Ascend/ascend-toolkit/latest/lib64/libgert.so (0x0000ffff83ac0000)
	libascendcl_impl.so => /usr/local/Ascend/ascend-toolkit/latest/lib64/libascendcl_impl.so (0x0000ffff83a00000)
	librt.so.1 => /lib/aarch64-linux-gnu/librt.so.1 (0x0000ffff839e0000)
	libdl.so.2 => /lib/aarch64-linux-gnu/libdl.so.2 (0x0000ffff839c0000)
	libge_executor.so => /usr/local/Ascend/ascend-toolkit/latest/lib64/libge_executor.so (0x0000ffff838b0000)
	libgraph.so => /usr/local/Ascend/ascend-toolkit/latest/lib64/libgraph.so (0x0000ffff83690000)
	libascend_watchdog.so => /usr/local/Ascend/ascend-toolkit/latest/lib64/libascend_watchdog.so (0x0000ffff83660000)
	libascend_protobuf.so.3.13.0.0 => /usr/local/Ascend/ascend-toolkit/latest/lib64/libascend_protobuf.so.3.13.0.0 (0x0000ffff83130000)
	libpthread.so.0 => /lib/aarch64-linux-gnu/libpthread.so.0 (0x0000ffff83110000)
	libopp_registry.so => /usr/local/Ascend/ascend-toolkit/latest/lib64/libopp_registry.so (0x0000ffff83080000)
	libmetadef.so => /usr/local/Ascend/ascend-toolkit/latest/lib64/libmetadef.so (0x0000ffff82f40000)
	libruntime_common.so => /usr/local/Ascend/ascend-toolkit/latest/lib64/libruntime_common.so (0x0000ffff82ee0000)
	libascend_hal.so => /usr/local/Ascend/driver/lib64/driver/libascend_hal.so (0x0000ffff82a70000)
	libhybrid_executor.so => /usr/local/Ascend/ascend-toolkit/latest/lib64/libhybrid_executor.so (0x0000ffff82610000)
	libdavinci_executor.so => /usr/local/Ascend/ascend-toolkit/latest/lib64/libdavinci_executor.so (0x0000ffff82130000)
	libge_common.so => /usr/local/Ascend/ascend-toolkit/latest/lib64/libge_common.so (0x0000ffff81ff0000)
	libge_common_base.so => /usr/local/Ascend/ascend-toolkit/latest/lib64/libge_common_base.so (0x0000ffff81a40000)
	libexe_graph.so => /usr/local/Ascend/ascend-toolkit/latest/lib64/libexe_graph.so (0x0000ffff819e0000)
	liblowering.so => /usr/local/Ascend/ascend-toolkit/latest/lib64/liblowering.so (0x0000ffff818f0000)
	libascend_trace.so => /usr/local/Ascend/ascend-toolkit/latest/lib64/libascend_trace.so (0x0000ffff80eb0000)

--- ldd candidate ---
	linux-vdso.so.1 (0x0000ffff930f2000)
	libascendcl.so => /usr/local/Ascend/ascend-toolkit/latest/lib64/libascendcl.so (0x0000ffff92e10000)
	libregister.so => /usr/local/Ascend/ascend-toolkit/latest/lib64/libregister.so (0x0000ffff92160000)
	libplatform.so => /usr/local/Ascend/ascend-toolkit/latest/lib64/libplatform.so (0x0000ffff92000000)
	libunified_dlog.so => /usr/local/Ascend/ascend-toolkit/latest/lib64/libunified_dlog.so (0x0000ffff91fb0000)
	libm.so.6 => /lib/aarch64-linux-gnu/libm.so.6 (0x0000ffff91f10000)
	libgraph_base.so => /usr/local/Ascend/ascend-toolkit/latest/lib64/libgraph_base.so (0x0000ffff91750000)
	libgcc_s.so.1 => /lib/aarch64-linux-gnu/libgcc_s.so.1 (0x0000ffff91720000)
	libc.so.6 => /lib/aarch64-linux-gnu/libc.so.6 (0x0000ffff91570000)
	/lib/ld-linux-aarch64.so.1 (0x0000ffff930b9000)
	libruntime.so => /usr/local/Ascend/ascend-toolkit/latest/lib64/libruntime.so (0x0000ffff914a0000)
	liberror_manager.so => /usr/local/Ascend/ascend-toolkit/latest/lib64/liberror_manager.so (0x0000ffff91420000)
	libprofapi.so => /usr/local/Ascend/ascend-toolkit/latest/lib64/libprofapi.so (0x0000ffff913e0000)
	libascendalog.so => /usr/local/Ascend/ascend-toolkit/latest/lib64/libascendalog.so (0x0000ffff91390000)
	libmmpa.so => /usr/local/Ascend/ascend-toolkit/latest/lib64/libmmpa.so (0x0000ffff91360000)
	libascend_dump.so => /usr/local/Ascend/ascend-toolkit/latest/lib64/libascend_dump.so (0x0000ffff91220000)
	libc_sec.so => /usr/local/Ascend/ascend-toolkit/latest/lib64/libc_sec.so (0x0000ffff911e0000)
	libstdc++.so.6 => /lib/aarch64-linux-gnu/libstdc++.so.6 (0x0000ffff90fb0000)
	libmsprofiler.so => /usr/local/Ascend/ascend-toolkit/latest/lib64/libmsprofiler.so (0x0000ffff90c00000)
	libgert.so => /usr/local/Ascend/ascend-toolkit/latest/lib64/libgert.so (0x0000ffff903a0000)
	libascendcl_impl.so => /usr/local/Ascend/ascend-toolkit/latest/lib64/libascendcl_impl.so (0x0000ffff902e0000)
	librt.so.1 => /lib/aarch64-linux-gnu/librt.so.1 (0x0000ffff902c0000)
	libdl.so.2 => /lib/aarch64-linux-gnu/libdl.so.2 (0x0000ffff902a0000)
	libge_executor.so => /usr/local/Ascend/ascend-toolkit/latest/lib64/libge_executor.so (0x0000ffff90190000)
	libgraph.so => /usr/local/Ascend/ascend-toolkit/latest/lib64/libgraph.so (0x0000ffff8ff70000)
	libascend_watchdog.so => /usr/local/Ascend/ascend-toolkit/latest/lib64/libascend_watchdog.so (0x0000ffff8ff40000)
	libascend_protobuf.so.3.13.0.0 => /usr/local/Ascend/ascend-toolkit/latest/lib64/libascend_protobuf.so.3.13.0.0 (0x0000ffff8fa10000)
	libpthread.so.0 => /lib/aarch64-linux-gnu/libpthread.so.0 (0x0000ffff8f9f0000)
	libopp_registry.so => /usr/local/Ascend/ascend-toolkit/latest/lib64/libopp_registry.so (0x0000ffff8f960000)
	libmetadef.so => /usr/local/Ascend/ascend-toolkit/latest/lib64/libmetadef.so (0x0000ffff8f820000)
	libruntime_common.so => /usr/local/Ascend/ascend-toolkit/latest/lib64/libruntime_common.so (0x0000ffff8f7c0000)
	libascend_hal.so => /usr/local/Ascend/driver/lib64/driver/libascend_hal.so (0x0000ffff8f350000)
	libhybrid_executor.so => /usr/local/Ascend/ascend-toolkit/latest/lib64/libhybrid_executor.so (0x0000ffff8eef0000)
	libdavinci_executor.so => /usr/local/Ascend/ascend-toolkit/latest/lib64/libdavinci_executor.so (0x0000ffff8ea10000)
	libge_common.so => /usr/local/Ascend/ascend-toolkit/latest/lib64/libge_common.so (0x0000ffff8e8d0000)
	libge_common_base.so => /usr/local/Ascend/ascend-toolkit/latest/lib64/libge_common_base.so (0x0000ffff8e320000)
	libexe_graph.so => /usr/local/Ascend/ascend-toolkit/latest/lib64/libexe_graph.so (0x0000ffff8e2c0000)
	liblowering.so => /usr/local/Ascend/ascend-toolkit/latest/lib64/liblowering.so (0x0000ffff8e1d0000)
	libascend_trace.so => /usr/local/Ascend/ascend-toolkit/latest/lib64/libascend_trace.so (0x0000ffff8d790000)
