2026-10-09 10:17:15 [INFO] [314814] [314814] [time_logger.h:28] DeviceContextEntry  start
2026-10-09 10:17:15 [INFO] [314814] [314837] [parser.cpp:51] loop: /home/data4t2/lelinfeng/server_runs/W4-R12/candidate-v001-20261009/profiles/C1-msprof/PROF_000001_20261009101711121_EJQEMGCBLDAFHOPB/device_4/data/stars_soc.data.4.slice_0, file size: 72192
2026-10-09 10:17:15 [INFO] [314814] [314834] [parser.cpp:120] notify: no files pattern, don't need to parse
2026-10-09 10:17:15 [INFO] [314814] [314835] [parser.cpp:120] notify: no files pattern, don't need to parse
2026-10-09 10:17:15 [INFO] [314814] [314837] [parser.cpp:54] total size: 72192
2026-10-09 10:17:15 [INFO] [314814] [314834] [freq_parser.cpp:67] FreqProfileData structCount is : 0
2026-10-09 10:17:15 [INFO] [314814] [314835] [ffts_profile_parser.cpp:78] FftsProfileData structCount is : 0
2026-10-09 10:17:15 [INFO] [314814] [314834] [freq_parser.cpp:95] Freq.data parser is completed, begin to save data into dataInventory!
2026-10-09 10:17:15 [INFO] [314814] [314835] [ffts_profile_parser.cpp:92] Ffts_profile.data parser is completed, begin to save data into dataInventory!
2026-10-09 10:17:15 [INFO] [314814] [314837] [parser.cpp:159] Parse filePrefix is: stars_soc., the number of files is: 1, and the total size of all files is: 72192
2026-10-09 10:17:15 [INFO] [314814] [314834] [parser.cpp:177] Parser is completed!
2026-10-09 10:17:15 [INFO] [314814] [314835] [parser.cpp:177] Parser is completed!
2026-10-09 10:17:15 [INFO] [314814] [314836] [parser.cpp:51] loop: /home/data4t2/lelinfeng/server_runs/W4-R12/candidate-v001-20261009/profiles/C1-msprof/PROF_000001_20261009101711121_EJQEMGCBLDAFHOPB/device_4/data/ts_track.data.4.slice_0, file size: 80
2026-10-09 10:17:15 [INFO] [314814] [314836] [parser.cpp:54] total size: 80
2026-10-09 10:17:15 [INFO] [314814] [314836] [parser.cpp:159] Parse filePrefix is: ts_track., the number of files is: 1, and the total size of all files is: 80
2026-10-09 10:17:15 [INFO] [314814] [314837] [parser.cpp:87] Data has been read to the memory successfully!
2026-10-09 10:17:15 [INFO] [314814] [314837] [stars_soc_parser.cpp:76] StarsSoc structCount: 1128
2026-10-09 10:17:15 [WARN] [314814] [314832] [connection.cpp:68] sqlite3_exec return 1, Failed to check: no such table: StreamExpandSpec
2026-10-09 10:17:15 [INFO] [314814] [314836] [parser.cpp:87] Data has been read to the memory successfully!
2026-10-09 10:17:15 [WARN] [314814] [314832] [ load_stream_expand_spec_data.cpp:42] There is no StreamExpandSpec
2026-10-09 10:17:15 [INFO] [314814] [314836] [ts_track_parser.cpp:65] TsTrack structCount: 2
2026-10-09 10:17:15 [INFO] [314814] [314836] [parser.cpp:177] Parser is completed!
2026-10-09 10:17:15 [INFO] [314814] [314837] [parser.cpp:177] Parser is completed!
2026-10-09 10:17:15 [INFO] [314814] [314831] [process_control.cpp:189] Level[0]Release Data Types: 
2026-10-09 10:17:15 [INFO] [314814] [314843] [freq_persistence.cpp:46] Start to process /home/data4t2/lelinfeng/server_runs/W4-R12/candidate-v001-20261009/profiles/C1-msprof/PROF_000001_20261009101711121_EJQEMGCBLDAFHOPB/device_4/sqlite/freq.db.
2026-10-09 10:17:15 [INFO] [314814] [314845] [time_logger.h:28] LogModeling::SplitLogGroups  start
2026-10-09 10:17:15 [INFO] [314814] [314846] [acc_pmu_persistence.cpp:57] Start to process /home/data4t2/lelinfeng/server_runs/W4-R12/candidate-v001-20261009/profiles/C1-msprof/PROF_000001_20261009101711121_EJQEMGCBLDAFHOPB/device_4/sqlite/acc_pmu.db.
2026-10-09 10:17:15 [INFO] [314814] [314844] [step_trace_process.cpp:197] Start to process step trace data
2026-10-09 10:17:15 [INFO] [314814] [314847] [pmu_modeling.cpp:48] PMU modeling has done!
2026-10-09 10:17:15 [INFO] [314814] [314843] [freq_persistence.cpp:50] The freq is default data no need to persistence!
2026-10-09 10:17:15 [WARN] [314814] [314844] [step_trace_process.cpp:200] stepData is empty
2026-10-09 10:17:15 [INFO] [314814] [314845] [time_logger.h:35] LogModeling::SplitLogGroups  end, cost time = 0 ms
2026-10-09 10:17:15 [INFO] [314814] [314845] [log_modeling.cpp:152] HalLogData size:1128
2026-10-09 10:17:15 [INFO] [314814] [314845] [log_modeling.cpp:153] acsqS stream:2, total:564
2026-10-09 10:17:15 [INFO] [314814] [314845] [log_modeling.cpp:154] acsqE stream:2, total:564
2026-10-09 10:17:15 [INFO] [314814] [314846] [acc_pmu_persistence.cpp:61] There is no acc pmu data don't need to persistence!
2026-10-09 10:17:15 [INFO] [314814] [314845] [log_modeling.cpp:155] fftsS stream:0, total:0
2026-10-09 10:17:15 [INFO] [314814] [314845] [log_modeling.cpp:156] fftsE stream:0, total:0
2026-10-09 10:17:15 [INFO] [314814] [314845] [time_logger.h:28] LogModeling::AddToDeviceTask  start
2026-10-09 10:17:15 [INFO] [314814] [314845] [log_modeling.cpp:224] ACSQ matched count:564
2026-10-09 10:17:15 [INFO] [314814] [314845] [log_modeling.cpp:234] FFTS matched count:0
2026-10-09 10:17:15 [INFO] [314814] [314845] [time_logger.h:35] LogModeling::AddToDeviceTask  end, cost time = 0 ms
2026-10-09 10:17:15 [INFO] [314814] [314831] [process_control.cpp:189] Level[1]Release Data Types: St6vectorIN8Analysis6Domain10HalLogDataESaIS2_EE St6vectorIN8Analysis6Domain12HalTrackDataESaIS2_EE 
2026-10-09 10:17:15 [INFO] [314814] [314848] [db_runner.h:75] Start query data
2026-10-09 10:17:15 [INFO] [314814] [314848] [db_runner.h:86] Query data success: SELECT stream_id, request_id, batch_id, task_id, context_ids, model_id, task_type, connection_id FROM HostTask where device_id = 4
2026-10-09 10:17:15 [INFO] [314814] [314848] [db_runner.h:75] Start query data
2026-10-09 10:17:15 [INFO] [314814] [314848] [db_runner.h:86] Query data success: SELECT stream_id, batch_id, task_id, context_id, block_dim, mix_block_dim FROM TaskInfo where device_id = 4
2026-10-09 10:17:15 [INFO] [314814] [314848] [load_host_data.cpp:101] Read host geinfo 0 not in table.
2026-10-09 10:17:15 [WARN] [314814] [314848] [load_host_data.cpp:52] There is no /home/data4t2/lelinfeng/server_runs/W4-R12/candidate-v001-20261009/profiles/C1-msprof/PROF_000001_20261009101711121_EJQEMGCBLDAFHOPB/device_4/..///host//sqlite/hccl.db
2026-10-09 10:17:15 [WARN] [314814] [314848] [load_host_data.cpp:52] There is no /home/data4t2/lelinfeng/server_runs/W4-R12/candidate-v001-20261009/profiles/C1-msprof/PROF_000001_20261009101711121_EJQEMGCBLDAFHOPB/device_4/..///host//sqlite/hccl.db
2026-10-09 10:17:15 [INFO] [314814] [314831] [process_control.cpp:189] Level[2]Release Data Types: 
2026-10-09 10:17:15 [WARN] [314814] [314850] [pmu_association.cpp:221] There is no deviceTask or PMUData, don't need to associate!
2026-10-09 10:17:15 [INFO] [314814] [314851] [ascend_task_association.cpp:184] Found 562 host device matched task, generate 564 topDownTask
2026-10-09 10:17:15 [INFO] [314814] [314831] [process_control.cpp:189] Level[3]Release Data Types: St3mapIN8Analysis6Domain6TaskIdESt6vectorINS1_8HostTaskESaIS4_EESt4lessIS2_ESaISt4pairIKS2_S6_EEE St6vectorIN8Analysis6Domain10HalPmuDataESaIS2_EE St6vectorIN8Analysis6Domain14HalFreqLpmDataESaIS2_EE 
2026-10-09 10:17:15 [INFO] [314814] [314853] [hccl_calculator.cpp:51] Start Hccl calculator ProcessEntry.
2026-10-09 10:17:15 [WARN] [314814] [314854] [metric_summary_persistence.cpp:266] There is no PMU metric config don't need to persistence
2026-10-09 10:17:15 [INFO] [314814] [314853] [hccl_calculator.cpp:77] Start Hccl calculator GetHcclData.
2026-10-09 10:17:15 [INFO] [314814] [314853] [hccl_calculator.cpp:106] Start merge hccl task and ascend task.
2026-10-09 10:17:15 [INFO] [314814] [314853] [hccl_calculator.cpp:205] Start merge hccl op data.
2026-10-09 10:17:15 [INFO] [314814] [314853] [hccl_calculator.cpp:274] Start UpdateHcclOpNameByGroupName.
2026-10-09 10:17:15 [INFO] [314814] [314853] [hccl_calculator.cpp:300] Start UpdateHcclBandwidth.
2026-10-09 10:17:15 [INFO] [314814] [314853] [hccl_calculator.cpp:376] Start GetHcclStatisticsData.
2026-10-09 10:17:15 [WARN] [314814] [314853] [hccl_calculator.cpp:378] No op type in hccl data.
2026-10-09 10:17:15 [INFO] [314814] [314853] [hccl_calculator.cpp:433] Start inject hccl data.
2026-10-09 10:17:15 [INFO] [314814] [314831] [process_control.cpp:189] Level[4]Release Data Types: St3mapIN8Analysis6Domain6TaskIdESt6vectorINS1_10DeviceTaskESaIS4_EESt4lessIS2_ESaISt4pairIKS2_S6_EEE St6vectorIN8Analysis6Domain8HcclTaskESaIS2_EE 
2026-10-09 10:17:15 [INFO] [314814] [314855] [device_hccl_persistence.cpp:129] Start to dump device hccl data.
2026-10-09 10:17:15 [INFO] [314814] [314856] [ascend_task_persistence.cpp:72] Start to process /home/data4t2/lelinfeng/server_runs/W4-R12/candidate-v001-20261009/profiles/C1-msprof/PROF_000001_20261009101711121_EJQEMGCBLDAFHOPB/device_4/sqlite/ascend_task.db.
2026-10-09 10:17:15 [WARN] [314814] [314855] [device_hccl_persistence.cpp:48] Hccl op data is empty.
2026-10-09 10:17:15 [WARN] [314814] [314855] [device_hccl_persistence.cpp:76] Hccl task data is empty.
2026-10-09 10:17:15 [INFO] [314814] [314856] [persistence_utils.h:39] Processor Save AscendTask Data.
2026-10-09 10:17:15 [WARN] [314814] [314855] [device_hccl_persistence.cpp:108] Hccl statistics data is empty.
2026-10-09 10:17:15 [INFO] [314814] [314856] [db_runner.cpp:49] Start create AscendTask
2026-10-09 10:17:15 [INFO] [314814] [314856] [db_runner.cpp:62] create AscendTask success
2026-10-09 10:17:15 [INFO] [314814] [314856] [db_runner.h:57] Start insert data to AscendTask
2026-10-09 10:17:15 [INFO] [314814] [314856] [db_runner.h:68] insert data to AscendTask success
2026-10-09 10:17:15 [INFO] [314814] [314856] [ascend_task_persistence.cpp:81] Process AscendTask done!
2026-10-09 10:17:15 [INFO] [314814] [314831] [process_control.cpp:189] Level[5]Release Data Types: St6vectorI11TopDownTaskSaIS0_EE St6vectorIN8Analysis6Domain14DeviceHcclTaskESaIS2_EE St6vectorIN8Analysis6Domain14HcclStatisticsESaIS2_EE St6vectorIN8Analysis6Domain6HcclOpESaIS2_EE 
2026-10-09 10:17:15 [INFO] [314814] [314814] [device_context.cpp:135] stat info: ===============================================================================
deivce file in /home/data4t2/lelinfeng/server_runs/W4-R12/candidate-v001-20261009/profiles/C1-msprof/PROF_000001_20261009101711121_EJQEMGCBLDAFHOPB/device_4
chip id: 5, process levels:6
-------------------------------------------------------------------------------
level[0] generalResult:true, process num:6
	process0[StarsSocParser]:return: 0x0, mandatory:true
		dependProcessNames: 
		startTime:21074002747504 us, duration: 2444 us
	process1[DeviceTaskProcess]:return: 0x0, mandatory:true
		dependProcessNames: 
		startTime:21074002747558 us, duration: 63 us
	process2[FreqParser]:return: 0x0, mandatory:true
		dependProcessNames: 
		startTime:21074002747594 us, duration: 323 us
	process3[LoadStreamExpandSpec]:return: 0x0, mandatory:true
		dependProcessNames: 
		startTime:21074002747627 us, duration: 703 us
	process4[FftsProfileParser]:return: 0x0, mandatory:true
		dependProcessNames: 
		startTime:21074002747653 us, duration: 269 us
	process5[TsTrackParser]:return: 0x0, mandatory:true
		dependProcessNames: 
		startTime:21074002747807 us, duration: 573 us
-------------------------------------------------------------------------------
level[1] generalResult:true, process num:5
	process0[FreqPersistence]:return: 0x0, mandatory:true
		dependProcessNames: FreqParser, 
		startTime:21074002750395 us, duration: 150 us
	process1[PmuModeling]:return: 0x0, mandatory:true
		dependProcessNames: FftsProfileParser, TsTrackParser, 
		startTime:21074002750409 us, duration: 117 us
	process2[Domain::LogModeling]:return: 0x0, mandatory:true
		dependProcessNames: StarsSocParser, TsTrackParser, 
		startTime:21074002750414 us, duration: 886 us
	process3[AccPmuPersistence]:return: 0x0, mandatory:true
		dependProcessNames: StarsSocParser, 
		startTime:21074002750419 us, duration: 221 us
	process4[StepTraceProcess]:return: 0x0, mandatory:false
		dependProcessNames: TsTrackParser, 
		startTime:21074002750427 us, duration: 129 us
-------------------------------------------------------------------------------
level[2] generalResult:true, process num:1
	process0[LoadHostData]:return: 0x0, mandatory:false
		dependProcessNames: Domain::LogModeling, 
		startTime:21074002751488 us, duration: 2413 us
-------------------------------------------------------------------------------
level[3] generalResult:true, process num:2
	process0[PmuAssociation]:return: 0x0, mandatory:true
		dependProcessNames: LoadHostData, PmuModeling, 
		startTime:21074002754118 us, duration: 31 us
	process1[AscendTaskAssociation]:return: 0x0, mandatory:true
		dependProcessNames: LoadHostData, 
		startTime:21074002754131 us, duration: 6019 us
-------------------------------------------------------------------------------
level[4] generalResult:true, process num:2
	process0[HcclCalculator]:return: 0x0, mandatory:true
		dependProcessNames: AscendTaskAssociation, LoadHostData, 
		startTime:21074002760542 us, duration: 676 us
	process1[MetricSummaryPersistence]:return: 0x0, mandatory:true
		dependProcessNames: PmuAssociation, 
		startTime:21074002760562 us, duration: 105 us
-------------------------------------------------------------------------------
level[5] generalResult:true, process num:2
	process0[AscendTaskPersistence]:return: 0x0, mandatory:true
		dependProcessNames: HcclCalculator, 
		startTime:21074002761613 us, duration: 3387 us
	process1[DeviceHcclPersistence]:return: 0x0, mandatory:true
		dependProcessNames: HcclCalculator, 
		startTime:21074002761624 us, duration: 263 us


2026-10-09 10:17:15 [INFO] [314814] [314814] [time_logger.h:35] DeviceContextEntry  end, cost time = 20 ms
