V048_LOCAL_START_UTC=2026-10-07T19:53:30.078427195Z
HOST=hwnput3
DEVICE=4
PARENT=R31B-V011
DTYPE=FP32
SHAPES=128x4872
PAIRS=6
PAIR_ORDER=odd:PARENT/CANDIDATE,even:CANDIDATE/PARENT
WARMUP=45
SAMPLES_PER_BLOCK=31
BLOCKS=2
BATCH_N=64
GAP_SEC=0
PARTIAL_CORRECTNESS=YES
LOCAL_SCORE_COMPARABLE_TO_OFFICIAL=NO
RUN_BEGIN_UTC=2026-10-07T19:53:30.084778946Z
RUN_BEGIN shape=128x4872 pair=1 order=parent_candidate side=parent binary=本地实验/R-W4-4/V048/partial-ranking/stage/build-v048/clx_ref_parent_probe
RUN_END rc=0 shape=128x4872 pair=1 side=parent prefix=本地实验/R-W4-4/V048/partial-ranking/local-pair01-parent-r128-w4872-fp32
RUN_BEGIN_UTC=2026-10-07T19:53:38.004754822Z
RUN_BEGIN shape=128x4872 pair=1 order=parent_candidate side=candidate binary=本地实验/R-W4-4/V048/partial-ranking/stage/build-v048/clx_ref_candidate_probe
RUN_END rc=0 shape=128x4872 pair=1 side=candidate prefix=本地实验/R-W4-4/V048/partial-ranking/local-pair01-candidate-r128-w4872-fp32
RUN_BEGIN_UTC=2026-10-07T19:53:43.768828647Z
RUN_BEGIN shape=128x4872 pair=2 order=candidate_parent side=candidate binary=本地实验/R-W4-4/V048/partial-ranking/stage/build-v048/clx_ref_candidate_probe
RUN_END rc=0 shape=128x4872 pair=2 side=candidate prefix=本地实验/R-W4-4/V048/partial-ranking/local-pair02-candidate-r128-w4872-fp32
RUN_BEGIN_UTC=2026-10-07T19:53:50.535378050Z
RUN_BEGIN shape=128x4872 pair=2 order=candidate_parent side=parent binary=本地实验/R-W4-4/V048/partial-ranking/stage/build-v048/clx_ref_parent_probe
RUN_END rc=0 shape=128x4872 pair=2 side=parent prefix=本地实验/R-W4-4/V048/partial-ranking/local-pair02-parent-r128-w4872-fp32
RUN_BEGIN_UTC=2026-10-07T19:53:58.473794811Z
RUN_BEGIN shape=128x4872 pair=3 order=parent_candidate side=parent binary=本地实验/R-W4-4/V048/partial-ranking/stage/build-v048/clx_ref_parent_probe
RUN_END rc=0 shape=128x4872 pair=3 side=parent prefix=本地实验/R-W4-4/V048/partial-ranking/local-pair03-parent-r128-w4872-fp32
RUN_BEGIN_UTC=2026-10-07T19:54:05.399425498Z
RUN_BEGIN shape=128x4872 pair=3 order=parent_candidate side=candidate binary=本地实验/R-W4-4/V048/partial-ranking/stage/build-v048/clx_ref_candidate_probe
RUN_END rc=0 shape=128x4872 pair=3 side=candidate prefix=本地实验/R-W4-4/V048/partial-ranking/local-pair03-candidate-r128-w4872-fp32
RUN_BEGIN_UTC=2026-10-07T19:54:12.923609304Z
RUN_BEGIN shape=128x4872 pair=4 order=candidate_parent side=candidate binary=本地实验/R-W4-4/V048/partial-ranking/stage/build-v048/clx_ref_candidate_probe
RUN_END rc=0 shape=128x4872 pair=4 side=candidate prefix=本地实验/R-W4-4/V048/partial-ranking/local-pair04-candidate-r128-w4872-fp32
RUN_BEGIN_UTC=2026-10-07T19:54:19.467411722Z
RUN_BEGIN shape=128x4872 pair=4 order=candidate_parent side=parent binary=本地实验/R-W4-4/V048/partial-ranking/stage/build-v048/clx_ref_parent_probe
RUN_END rc=0 shape=128x4872 pair=4 side=parent prefix=本地实验/R-W4-4/V048/partial-ranking/local-pair04-parent-r128-w4872-fp32
RUN_BEGIN_UTC=2026-10-07T19:54:26.423995801Z
RUN_BEGIN shape=128x4872 pair=5 order=parent_candidate side=parent binary=本地实验/R-W4-4/V048/partial-ranking/stage/build-v048/clx_ref_parent_probe
RUN_END rc=0 shape=128x4872 pair=5 side=parent prefix=本地实验/R-W4-4/V048/partial-ranking/local-pair05-parent-r128-w4872-fp32
RUN_BEGIN_UTC=2026-10-07T19:54:33.962057171Z
RUN_BEGIN shape=128x4872 pair=5 order=parent_candidate side=candidate binary=本地实验/R-W4-4/V048/partial-ranking/stage/build-v048/clx_ref_candidate_probe
RUN_END rc=0 shape=128x4872 pair=5 side=candidate prefix=本地实验/R-W4-4/V048/partial-ranking/local-pair05-candidate-r128-w4872-fp32
RUN_BEGIN_UTC=2026-10-07T19:54:40.701667227Z
RUN_BEGIN shape=128x4872 pair=6 order=candidate_parent side=candidate binary=本地实验/R-W4-4/V048/partial-ranking/stage/build-v048/clx_ref_candidate_probe
RUN_END rc=0 shape=128x4872 pair=6 side=candidate prefix=本地实验/R-W4-4/V048/partial-ranking/local-pair06-candidate-r128-w4872-fp32
RUN_BEGIN_UTC=2026-10-07T19:54:47.649496936Z
RUN_BEGIN shape=128x4872 pair=6 order=candidate_parent side=parent binary=本地实验/R-W4-4/V048/partial-ranking/stage/build-v048/clx_ref_parent_probe
RUN_END rc=0 shape=128x4872 pair=6 side=parent prefix=本地实验/R-W4-4/V048/partial-ranking/local-pair06-parent-r128-w4872-fp32
V048_LOCAL_END_UTC=2026-10-07T19:54:55.730497054Z
