V048_CORRECTNESS_START_UTC=2026-10-07T19:52:02.230408429Z
HOST=hwnput3
DEVICE=4
PARENT=R31B-V011
DTYPE=FP32
SHAPES=128x4856,128x4864,128x4872
C15=EXCLUDED_KNOWN_PARENT_FAILURE
PARENT_SHA256=a8c19a1972207acc67e3fb0cd393cc70b0a4b183d1eaf5610edf80c2879b15e3  本地实验/R-W4-4/V048/partial-ranking/stage/parent.asc
CANDIDATE_SHA256=bd900346df18fd4956a2b6ea2e14ae8bc97950d8b3dff99315bff30cd983dc5f  本地实验/R-W4-4/V048/submission.asc
RUN_BEGIN_UTC=2026-10-07T19:52:03.618757649Z
RUN_BEGIN side=parent width=4856 binary=本地实验/R-W4-4/V048/partial-ranking/stage/build-v048/clx_ref_parent_probe
RUN_END rc=0 side=parent width=4856 prefix=本地实验/R-W4-4/V048/partial-ranking/parent-correctness-r128-w4856-fp32
RUN_BEGIN_UTC=2026-10-07T19:52:10.787816629Z
RUN_BEGIN side=candidate width=4856 binary=本地实验/R-W4-4/V048/partial-ranking/stage/build-v048/clx_ref_candidate_probe
RUN_END rc=3 side=candidate width=4856 prefix=本地实验/R-W4-4/V048/partial-ranking/candidate-correctness-r128-w4856-fp32
RUN_BEGIN_UTC=2026-10-07T19:52:17.750317537Z
RUN_BEGIN side=parent width=4864 binary=本地实验/R-W4-4/V048/partial-ranking/stage/build-v048/clx_ref_parent_probe
RUN_END rc=0 side=parent width=4864 prefix=本地实验/R-W4-4/V048/partial-ranking/parent-correctness-r128-w4864-fp32
RUN_BEGIN_UTC=2026-10-07T19:52:24.106475552Z
RUN_BEGIN side=candidate width=4864 binary=本地实验/R-W4-4/V048/partial-ranking/stage/build-v048/clx_ref_candidate_probe
RUN_END rc=3 side=candidate width=4864 prefix=本地实验/R-W4-4/V048/partial-ranking/candidate-correctness-r128-w4864-fp32
RUN_BEGIN_UTC=2026-10-07T19:52:31.043336877Z
RUN_BEGIN side=parent width=4872 binary=本地实验/R-W4-4/V048/partial-ranking/stage/build-v048/clx_ref_parent_probe
RUN_END rc=0 side=parent width=4872 prefix=本地实验/R-W4-4/V048/partial-ranking/parent-correctness-r128-w4872-fp32
RUN_BEGIN_UTC=2026-10-07T19:52:37.591046552Z
RUN_BEGIN side=candidate width=4872 binary=本地实验/R-W4-4/V048/partial-ranking/stage/build-v048/clx_ref_candidate_probe
RUN_END rc=0 side=candidate width=4872 prefix=本地实验/R-W4-4/V048/partial-ranking/candidate-correctness-r128-w4872-fp32
V048_CORRECTNESS_END_UTC=2026-10-07T19:52:45.862219920Z
