RUNNER_SOURCE_IDENTITY={"label":"CANDIDATE","source_sha256":"9a0ffc80edcacc1225e8763a5d57e63e023cdbf9a90d79033ecc42c81b0076d0"}
DISPATCH_AUDIT={"label":"CANDIDATE","dtype":"fp32","shape":[128,3072],"vector_cores":40,"launch_blocks":40,"local_rows_min":3,"local_rows_max":4,"selected_branch":"ProcessSmallFp32Batched","candidate_source_delta_executed":true}
MISMATCH index=3584 row=1 col=512 output=0.0667187572 golden=-1.38222313 error=1.44894195
MISMATCH index=3585 row=1 col=513 output=0.0696233958 golden=-1.38266098 error=1.45228434
MISMATCH index=3586 row=1 col=514 output=0.0725142807 golden=-1.38288546 error=1.45539975
MISMATCH index=3587 row=1 col=515 output=0.0753877163 golden=-1.38289559 error=1.45828331
MISMATCH index=3588 row=1 col=516 output=0.0782402307 golden=-1.38269377 error=1.46093404
MISMATCH index=3589 row=1 col=517 output=0.0810732245 golden=-1.38227928 error=1.46335244
MISMATCH index=3590 row=1 col=518 output=0.0838833377 golden=-1.38165605 error=1.46553934
MISMATCH index=3591 row=1 col=519 output=0.0866665691 golden=-1.38081706 error=1.46748364
MISMATCH index=3592 row=1 col=520 output=0.0894250795 golden=-1.3797735 error=1.46919858
MISMATCH index=3593 row=1 col=521 output=0.0921548828 golden=-1.37851799 error=1.47067285
MISMATCH index=3594 row=1 col=522 output=0.0948543996 golden=-1.37705481 error=1.47190917
MISMATCH index=3595 row=1 col=523 output=0.0975201651 golden=-1.37538421 error=1.47290432
MISMATCH index=3596 row=1 col=524 output=0.100153804 golden=-1.37350774 error=1.47366154
MISMATCH index=3597 row=1 col=525 output=0.102751888 golden=-1.37142563 error=1.47417748
MISMATCH index=3598 row=1 col=526 output=0.105311409 golden=-1.36914265 error=1.47445405
MISMATCH index=3599 row=1 col=527 output=0.107833244 golden=-1.36665094 error=1.47448421
CORRECTNESS_RESULT={"label":"CANDIDATE","status":"FAIL","device":0,"dtype":"fp32","shape":[128,3072],"vector_cores":40,"matched_ratio":0.618787130,"atol":1.52587891e-05,"rtol":0.0009765625,"max_abs_error":6.19191217,"max_abs_error_limit":0.00999999978}
RUNNER_RESULT={"label":"CANDIDATE","device":0,"dtype":"fp32","shape":[128,3072],"vector_cores":40,"warmups":45,"samples":32,"raw_device_us":[10.880000,39.500000,20.760000,36.299999,28.740000,49.260002,28.680000,30.540001,27.140001,21.779999,20.980000,19.780001,25.340000,30.580000,20.500000,28.759998,23.400000,9.020000,21.160000,9.139999,44.599998,11.820000,32.720001,11.840000,33.080002,45.439999,32.140003,32.820000,138.979996,34.040001,44.660000,35.300003],"median_device_us":28.750000,"mean_device_us":31.240000,"mad_device_us":11.805000}
