ROUTE=SYNC-BARRIER-ELISION-X
REVISION=V038
DIRECT_PARENT=R31B-V011
DEVICE=3
PARENT_SOURCE_SHA256=a8c19a1972207acc67e3fb0cd393cc70b0a4b183d1eaf5610edf80c2879b15e3
CANDIDATE_SOURCE_SHA256=8053e410a98cb38ae23b144b3e6030b6074dd3cd61f56889eec01a243a10ac2c
HOST=hwnput3
USER=lelinfeng
SOC=Ascend910B3
NPU_ARCH=dav-2201
BUILD_DIR=/tmp/sync-barrier-elision-v038.50cgsL
CORRECTNESS_START=2026-10-07T21:08:45Z
+------------------------------------------------------------------------------------------------+
| npu-smi 25.0.rc1.1               Version: 25.0.rc1.1                                           |
+---------------------------+---------------+----------------------------------------------------+
| NPU   Name                | Health        | Power(W)    Temp(C)           Hugepages-Usage(page)|
| Chip                      | Bus-Id        | AICore(%)   Memory-Usage(MB)  HBM-Usage(MB)        |
+===========================+===============+====================================================+
| 0     910B3               | OK            | 93.6        37                0    / 0             |
| 0                         | 0000:C1:00.0  | 0           0    / 0          3428 / 65536         |
+===========================+===============+====================================================+
| 1     910B3               | OK            | 104.7       40                0    / 0             |
| 0                         | 0000:C2:00.0  | 4           0    / 0          9174 / 65536         |
+===========================+===============+====================================================+
| 2     910B3               | OK            | 118.0       41                0    / 0             |
| 0                         | 0000:81:00.0  | 11          0    / 0          7456 / 65536         |
+===========================+===============+====================================================+
| 3     910B3               | OK            | 94.1        39                0    / 0             |
| 0                         | 0000:82:00.0  | 0           0    / 0          3426 / 65536         |
+===========================+===============+====================================================+
| 4     910B3               | OK            | 199.8       62                0    / 0             |
| 0                         | 0000:01:00.0  | 65          0    / 0          59192/ 65536         |
+===========================+===============+====================================================+
| 5     910B3               | OK            | 169.7       57                0    / 0             |
| 0                         | 0000:02:00.0  | 44          0    / 0          60222/ 65536         |
+===========================+===============+====================================================+
| 6     910B3               | OK            | 174.0       56                0    / 0             |
| 0                         | 0000:41:00.0  | 44          0    / 0          60222/ 65536         |
+===========================+===============+====================================================+
| 7     910B3               | OK            | 189.9       47                0    / 0             |
| 0                         | 0000:42:00.0  | 33          0    / 0          24790/ 65536         |
+===========================+===============+====================================================+
+---------------------------+---------------+----------------------------------------------------+
| NPU     Chip              | Process id    | Process name             | Process memory(MB)      |
+===========================+===============+====================================================+
| No running processes found in NPU 0                                                            |
+===========================+===============+====================================================+
| 1       0                 | 3150467       | python                   | 5746                    |
+===========================+===============+====================================================+
| 2       0                 | 1935458       | python                   | 4088                    |
+===========================+===============+====================================================+
| No running processes found in NPU 3                                                            |
+===========================+===============+====================================================+
| 4       0                 | 2999855       | VLLMEngineCor            | 55666                   |
+===========================+===============+====================================================+
| 5       0                 | 89602         | VLLMWorker_TP            | 56700                   |
+===========================+===============+====================================================+
| 6       0                 | 91228         | VLLMWorker_TP            | 56701                   |
+===========================+===============+====================================================+
| 7       0                 | 439848        | python3                  | 21260                   |
+===========================+===============+====================================================+
[ 50%] Building ASC object CMakeFiles/sync_barrier_elision_correctness.dir/support/correctness_runner.asc.o
PlugIn Err: can not find ASCEND_HOME_PATH.
PlugIn Err: can not find ASCEND_HOME_PATH.
In file included from /home/data4t2/lelinfeng/cann-route-w4-3-sync-barrier-elision/本地实验/SYNC-BARRIER-ELISION-X/V038/support/correctness_runner.asc:11:
/usr/local/Ascend/ascend-toolkit/8.5.0.alpha002/aarch64-linux/asc/include/kernel_operator.h:18:10: fatal error: 'kernel_tpipe_impl.h' file not found
#include "kernel_tpipe_impl.h"
         ^~~~~~~~~~~~~~~~~~~~~
PLEASE submit a bug report to https://github.com/llvm/llvm-project/issues/ and include the crash backtrace, preprocessed source, and associated run script.
Stack dump:
0.	Program arguments: /usr/local/Ascend/ascend-toolkit/8.5.0.alpha002/aarch64-linux/ccec_compiler/bin/bisheng -I /home/data4t2/lelinfeng/cann-route-w4-3-sync-barrier-elision/\346\234\254\345\234\260\345\256\236\351\252\214/SYNC-BARRIER-ELISION-X/V038/support -I /home/data4t2/lelinfeng/cann-route-w4-3-sync-barrier-elision/\346\234\254\345\234\260\345\256\236\351\252\214/SYNC-BARRIER-ELISION-X/V038 -I /usr/local/Ascend/ascend-toolkit/8.5.0.alpha002/aarch64-linux/include -I /usr/local/Ascend/ascend-toolkit/8.5.0.alpha002/aarch64-linux/asc/include -I /usr/include/c++/11 -I /usr/include/aarch64-linux-gnu/c++/11 --cce-aicore-arch=dav-c220 -I /usr/local/Ascend/ascend-toolkit/8.5.0.alpha002/toolkit/toolchain/hcc/aarch64-target-linux-gnu/include/c++/7.3.0 -I /usr/local/Ascend/ascend-toolkit/8.5.0.alpha002/toolkit/toolchain/hcc/aarch64-target-linux-gnu/include/c++/7.3.0/aarch64-target-linux-gnu -I /usr/local/Ascend/ascend-toolkit/8.5.0.alpha002/toolkit/toolchain/hcc/aarch64-target-linux-gnu/include/c++/7.3.0/backward -I /usr/include/c++/11 -I /usr/include/aarch64-linux-gnu/c++/11 -I /usr/include/c++/11/backward -Xaicore-start -O3 -std=c++17 -Xaicore-end -Xhost-start -I /usr/local/Ascend/ascend-toolkit/8.5.0.alpha002/toolkit/toolchain/hcc/aarch64-target-linux-gnu/include/c++/7.3.0 -I /usr/local/Ascend/ascend-toolkit/8.5.0.alpha002/toolkit/toolchain/hcc/aarch64-target-linux-gnu/include/c++/7.3.0/aarch64-target-linux-gnu -I /usr/local/Ascend/ascend-toolkit/8.5.0.alpha002/toolkit/toolchain/hcc/aarch64-target-linux-gnu/include/c++/7.3.0/backward -I /usr/include/c++/11 -I /usr/include/aarch64-linux-gnu/c++/11 -I /usr/include/c++/11/backward -fPIC -O2 -Xhost-end --npu-arch=dav-2201 -std=c++17 -MD -MT CMakeFiles/sync_barrier_elision_correctness.dir/support/correctness_runner.asc.o -MF CMakeFiles/sync_barrier_elision_correctness.dir/support/correctness_runner.asc.o.d -x asc --cce-aicore-arch=dav-c220 "-DBS_PLUGIN_DRIVER_ARGS_MACRO=\"-I/home/data4t2/lelinfeng/cann-route-w4-3-sync-barrier-elision/\346\234\254\345\234\260\345\256\236\351\252\214/SYNC-BARRIER-ELISION-X/V038/support -I/home/data4t2/lelinfeng/cann-route-w4-3-sync-barrier-elision/\346\234\254\345\234\260\345\256\236\351\252\214/SYNC-BARRIER-ELISION-X/V038 -I/usr/local/Ascend/ascend-toolkit/8.5.0.alpha002/aarch64-linux/include -I/usr/local/Ascend/ascend-toolkit/8.5.0.alpha002/aarch64-linux/asc/include -I/usr/include/c++/11 -I/usr/include/aarch64-linux-gnu/c++/11 --cce-aicore-arch=dav-c220 -I/usr/local/Ascend/ascend-toolkit/8.5.0.alpha002/toolkit/toolchain/hcc/aarch64-target-linux-gnu/include/c++/7.3.0 -I/usr/local/Ascend/ascend-toolkit/8.5.0.alpha002/toolkit/toolchain/hcc/aarch64-target-linux-gnu/include/c++/7.3.0/aarch64-target-linux-gnu -I/usr/local/Ascend/ascend-toolkit/8.5.0.alpha002/toolkit/toolchain/hcc/aarch64-target-linux-gnu/include/c++/7.3.0/backward -I/usr/include/c++/11 -I/usr/include/aarch64-linux-gnu/c++/11 -I/usr/include/c++/11/backward -Xaicore-start -O3 -std=c++17 -Xaicore-end -Xhost-start -I/usr/local/Ascend/ascend-toolkit/8.5.0.alpha002/toolkit/toolchain/hcc/aarch64-target-linux-gnu/include/c++/7.3.0 -I/usr/local/Ascend/ascend-toolkit/8.5.0.alpha002/toolkit/toolchain/hcc/aarch64-target-linux-gnu/include/c++/7.3.0/aarch64-target-linux-gnu -I/usr/local/Ascend/ascend-toolkit/8.5.0.alpha002/toolkit/toolchain/hcc/aarch64-target-linux-gnu/include/c++/7.3.0/backward -I/usr/include/c++/11 -I/usr/include/aarch64-linux-gnu/c++/11 -I/usr/include/c++/11/backward -fPIC -O2 -Xhost-end --npu-arch=dav-2201 -std=c++17 -MD -MT CMakeFiles/sync_barrier_elision_correctness.dir/support/correctness_runner.asc.o -MF CMakeFiles/sync_barrier_elision_correctness.dir/support/correctness_runner.asc.o.d -o CMakeFiles/sync_barrier_elision_correctness.dir/support/correctness_runner.asc.o -c -x asc /home/data4t2/lelinfeng/cann-route-w4-3-sync-barrier-elision/\346\234\254\345\234\260\345\256\236\351\252\214/SYNC-BARRIER-ELISION-X/V038/support/correctness_runner.asc \"" -run-bisheng-plugin -o /tmp/bisheng-plugin-output-691fda.json /home/data4t2/lelinfeng/cann-route-w4-3-sync-barrier-elision/\346\234\254\345\234\260\345\256\236\351\252\214/SYNC-BARRIER-ELISION-X/V038/support/correctness_runner.asc
1.	<eof> parser at end of file
2.	Per-file LLVM IR generation
Stack dump without symbol names (ensure you have llvm-symbolizer in your PATH or set the environment var `LLVM_SYMBOLIZER_PATH` to point to it):
/usr/local/Ascend/ascend-toolkit/8.5.0.alpha002/aarch64-linux/ccec_compiler/bin/bisheng(+0x2c6eb9c)[0xaaaae869eb9c]
/usr/local/Ascend/ascend-toolkit/8.5.0.alpha002/aarch64-linux/ccec_compiler/bin/bisheng(_ZN4llvm3sys15CleanupOnSignalEm+0x1a8)[0xaaaae869cbe8]
/usr/local/Ascend/ascend-toolkit/8.5.0.alpha002/aarch64-linux/ccec_compiler/bin/bisheng(+0x2bb3f18)[0xaaaae85e3f18]
linux-vdso.so.1(__kernel_rt_sigreturn+0x0)[0xffffae4757dc]
/usr/local/Ascend/ascend-toolkit/8.5.0.alpha002/aarch64-linux/ccec_compiler/bin/bisheng(_ZNK5clang14bisheng_plugin11PluginProxy10PreCompileEv+0x24)[0xaaaaeb87e64c]
/usr/local/Ascend/ascend-toolkit/8.5.0.alpha002/aarch64-linux/ccec_compiler/bin/bisheng(_ZN5clang14bisheng_plugin23getKernelPluginStubJsonERN4llvm4json6ObjectE+0x1fc)[0xaaaaeb30abdc]
/usr/local/Ascend/ascend-toolkit/8.5.0.alpha002/aarch64-linux/ccec_compiler/bin/bisheng(+0x3bf1360)[0xaaaae9621360]
/usr/local/Ascend/ascend-toolkit/8.5.0.alpha002/aarch64-linux/ccec_compiler/bin/bisheng(_ZN5clang8ParseASTERNS_4SemaEbb+0xb2c)[0xaaaaea33d1fc]
/usr/local/Ascend/ascend-toolkit/8.5.0.alpha002/aarch64-linux/ccec_compiler/bin/bisheng(_ZN5clang13CodeGenAction13ExecuteActionEv+0x5f4)[0xaaaae9620dcc]
/usr/local/Ascend/ascend-toolkit/8.5.0.alpha002/aarch64-linux/ccec_compiler/bin/bisheng(_ZN5clang14FrontendAction7ExecuteEv+0xd4)[0xaaaae9076bcc]
/usr/local/Ascend/ascend-toolkit/8.5.0.alpha002/aarch64-linux/ccec_compiler/bin/bisheng(_ZN5clang16CompilerInstance13ExecuteActionERNS_14FrontendActionE+0x24c)[0xaaaae901db64]
/usr/local/Ascend/ascend-toolkit/8.5.0.alpha002/aarch64-linux/ccec_compiler/bin/bisheng(_ZN5clang25ExecuteCompilerInvocationEPNS_16CompilerInstanceE+0x3f4)[0xaaaae9145a0c]
/usr/local/Ascend/ascend-toolkit/8.5.0.alpha002/aarch64-linux/ccec_compiler/bin/bisheng(_Z8cc1_mainN4llvm8ArrayRefIPKcEES2_Pv+0x1180)[0xaaaae6b8d9c0]
/usr/local/Ascend/ascend-toolkit/8.5.0.alpha002/aarch64-linux/ccec_compiler/bin/bisheng(+0x1155ca0)[0xaaaae6b85ca0]
/usr/local/Ascend/ascend-toolkit/8.5.0.alpha002/aarch64-linux/ccec_compiler/bin/bisheng(+0x346ba68)[0xaaaae8e9ba68]
/usr/local/Ascend/ascend-toolkit/8.5.0.alpha002/aarch64-linux/ccec_compiler/bin/bisheng(_ZN4llvm20CrashRecoveryContext9RunSafelyENS_12function_refIFvvEEE+0x40)[0xaaaae85e47d0]
/usr/local/Ascend/ascend-toolkit/8.5.0.alpha002/aarch64-linux/ccec_compiler/bin/bisheng(_ZNK5clang6driver10CC1Command7ExecuteEN4llvm8ArrayRefINS2_8OptionalINS2_9StringRefEEEEEPSsPb+0x1d8)[0xaaaae8e9e250]
/usr/local/Ascend/ascend-toolkit/8.5.0.alpha002/aarch64-linux/ccec_compiler/bin/bisheng(_ZNK5clang6driver11Compilation14ExecuteCommandERKNS0_7CommandERPS3_b+0x24c)[0xaaaae8e6b05c]
/usr/local/Ascend/ascend-toolkit/8.5.0.alpha002/aarch64-linux/ccec_compiler/bin/bisheng(_ZNK5clang6driver11Compilation11ExecuteJobsERKNS0_7JobListERN4llvm15SmallVectorImplISt4pairIiPKNS0_7CommandEEEEb+0xc4)[0xaaaae8e6b894]
/usr/local/Ascend/ascend-toolkit/8.5.0.alpha002/aarch64-linux/ccec_compiler/bin/bisheng(_ZN5clang6driver6Driver18ExecuteCompilationERNS0_11CompilationERN4llvm15SmallVectorImplISt4pairIiPKNS0_7CommandEEEE+0x334)[0xaaaae8e9a84c]
/usr/local/Ascend/ascend-toolkit/8.5.0.alpha002/aarch64-linux/ccec_compiler/bin/bisheng(_Z10clang_mainiPPc+0x26c4)[0xaaaae6b8b26c]
/lib/aarch64-linux-gnu/libc.so.6(+0x27400)[0xffffadf17400]
/lib/aarch64-linux-gnu/libc.so.6(__libc_start_main+0x98)[0xffffadf174d8]
/usr/local/Ascend/ascend-toolkit/8.5.0.alpha002/aarch64-linux/ccec_compiler/bin/bisheng(+0x1155a40)[0xaaaae6b85a40]
bisheng: error: clang frontend command failed with exit code 139 (use -v to see invocation)
2025-11-27T21:34:53+08:00 clang version 15.0.5 (clang-5c68a1cb1231 flang-5c68a1cb1231)
Target: aarch64-unknown-linux-gnu
Thread model: posix
InstalledDir: /usr/local/Ascend/ascend-toolkit/8.5.0.alpha002/aarch64-linux/ccec_compiler/bin
gmake[3]: *** [CMakeFiles/sync_barrier_elision_correctness.dir/build.make:76: CMakeFiles/sync_barrier_elision_correctness.dir/support/correctness_runner.asc.o] Error 1
gmake[2]: *** [CMakeFiles/Makefile2:111: CMakeFiles/sync_barrier_elision_correctness.dir/all] Error 2
gmake[1]: *** [CMakeFiles/Makefile2:118: CMakeFiles/sync_barrier_elision_correctness.dir/rule] Error 2
gmake: *** [Makefile:137: sync_barrier_elision_correctness] Error 2
CORRECTNESS_RUNNER_BUILD_RC=2
CORRECTNESS_RUN_RC=125
CORRECTNESS_END=2026-10-07T21:08:48Z
+------------------------------------------------------------------------------------------------+
| npu-smi 25.0.rc1.1               Version: 25.0.rc1.1                                           |
+---------------------------+---------------+----------------------------------------------------+
| NPU   Name                | Health        | Power(W)    Temp(C)           Hugepages-Usage(page)|
| Chip                      | Bus-Id        | AICore(%)   Memory-Usage(MB)  HBM-Usage(MB)        |
+===========================+===============+====================================================+
| 0     910B3               | OK            | 95.4        37                0    / 0             |
| 0                         | 0000:C1:00.0  | 0           0    / 0          3428 / 65536         |
+===========================+===============+====================================================+
| 1     910B3               | OK            | 101.8       40                0    / 0             |
| 0                         | 0000:C2:00.0  | 1           0    / 0          9174 / 65536         |
+===========================+===============+====================================================+
| 2     910B3               | OK            | 114.3       41                0    / 0             |
| 0                         | 0000:81:00.0  | 5           0    / 0          7456 / 65536         |
+===========================+===============+====================================================+
| 3     910B3               | OK            | 94.2        39                0    / 0             |
| 0                         | 0000:82:00.0  | 0           0    / 0          3426 / 65536         |
+===========================+===============+====================================================+
| 4     910B3               | OK            | 201.9       63                0    / 0             |
| 0                         | 0000:01:00.0  | 63          0    / 0          59193/ 65536         |
+===========================+===============+====================================================+
| 5     910B3               | OK            | 158.6       53                0    / 0             |
| 0                         | 0000:02:00.0  | 32          0    / 0          60222/ 65536         |
+===========================+===============+====================================================+
| 6     910B3               | OK            | 152.0       52                0    / 0             |
| 0                         | 0000:41:00.0  | 22          0    / 0          60222/ 65536         |
+===========================+===============+====================================================+
| 7     910B3               | OK            | 112.2       46                0    / 0             |
| 0                         | 0000:42:00.0  | 0           0    / 0          24791/ 65536         |
+===========================+===============+====================================================+
+---------------------------+---------------+----------------------------------------------------+
| NPU     Chip              | Process id    | Process name             | Process memory(MB)      |
+===========================+===============+====================================================+
| No running processes found in NPU 0                                                            |
+===========================+===============+====================================================+
| 1       0                 | 3150467       | python                   | 5746                    |
+===========================+===============+====================================================+
| 2       0                 | 1935458       | python                   | 4088                    |
+===========================+===============+====================================================+
| No running processes found in NPU 3                                                            |
+===========================+===============+====================================================+
| 4       0                 | 2999855       | VLLMEngineCor            | 55666                   |
+===========================+===============+====================================================+
| 5       0                 | 89602         | VLLMWorker_TP            | 56700                   |
+===========================+===============+====================================================+
| 6       0                 | 91228         | VLLMWorker_TP            | 56701                   |
+===========================+===============+====================================================+
| 7       0                 | 439848        | python3                  | 21260                   |
+===========================+===============+====================================================+
 21:08:49 up 242 days,  8:44, 33 users,  load average: 47.39, 57.13, 49.86
