ROUTE=SYNC-BARRIER-ELISION-X
REVISION=V038
PARENT=R31B-V011
DEVICE=3
SHAPE=fp16-8x128
WARMUPS=60
PAIRS=31
ORDER=alternating P,C then C,P
METHOD=ACL device event latency plus wall-clock diagnostics
HOST=hwnput3
USER=lelinfeng
START_UTC=2026-10-07T21:14:30Z
COMMAND=/tmp/sync-barrier-elision-v038.50cgsL/sync_barrier_elision_correctness 3 --local

===== PRE-RUN DEVICE SNAPSHOT =====
+------------------------------------------------------------------------------------------------+
| npu-smi 25.0.rc1.1               Version: 25.0.rc1.1                                           |
+---------------------------+---------------+----------------------------------------------------+
| NPU   Name                | Health        | Power(W)    Temp(C)           Hugepages-Usage(page)|
| Chip                      | Bus-Id        | AICore(%)   Memory-Usage(MB)  HBM-Usage(MB)        |
+===========================+===============+====================================================+
| 0     910B3               | OK            | 92.7        31                0    / 0             |
| 0                         | 0000:C1:00.0  | 0           0    / 0          3428 / 65536         |
+===========================+===============+====================================================+
| 1     910B3               | OK            | 99.3        31                0    / 0             |
| 0                         | 0000:C2:00.0  | 1           0    / 0          9174 / 65536         |
+===========================+===============+====================================================+
| 2     910B3               | OK            | 108.3       34                0    / 0             |
| 0                         | 0000:81:00.0  | 6           0    / 0          7456 / 65536         |
+===========================+===============+====================================================+
| 3     910B3               | OK            | 91.6        32                0    / 0             |
| 0                         | 0000:82:00.0  | 0           0    / 0          3426 / 65536         |
+===========================+===============+====================================================+
| 4     910B3               | OK            | 198.2       58                0    / 0             |
| 0                         | 0000:01:00.0  | 64          0    / 0          59193/ 65536         |
+===========================+===============+====================================================+
| 5     910B3               | OK            | 166.3       51                0    / 0             |
| 0                         | 0000:02:00.0  | 44          0    / 0          60222/ 65536         |
+===========================+===============+====================================================+
| 6     910B3               | OK            | 169.6       50                0    / 0             |
| 0                         | 0000:41:00.0  | 44          0    / 0          60222/ 65536         |
+===========================+===============+====================================================+
| 7     910B3               | OK            | 173.1       47                0    / 0             |
| 0                         | 0000:42:00.0  | 0           0    / 0          24790/ 65536         |
+===========================+===============+====================================================+
+---------------------------+---------------+----------------------------------------------------+
| NPU     Chip              | Process id    | Process name             | Process memory(MB)      |
+===========================+===============+====================================================+
| No running processes found in NPU 0                                                            |
+===========================+===============+====================================================+
| 1       0                 | 3150467       | python                   | 5746                    |
+===========================+===============+====================================================+
| 2       0                 | 1935458       | python                   | 4088                    |
+===========================+===============+====================================================+
| No running processes found in NPU 3                                                            |
+===========================+===============+====================================================+
| 4       0                 | 2999855       | VLLMEngineCor            | 55666                   |
+===========================+===============+====================================================+
| 5       0                 | 89602         | VLLMWorker_TP            | 56700                   |
+===========================+===============+====================================================+
| 6       0                 | 91228         | VLLMWorker_TP            | 56701                   |
+===========================+===============+====================================================+
| 7       0                 | 439848        | python3                  | 21260                   |
+===========================+===============+====================================================+

===== LOCAL RAW SAMPLES =====
LOCAL_SAMPLE case=fp16-8x128 pair=01 order=P,C parent_device_us=29.1200 candidate_device_us=22.0800 parent_wall_us=179.9720 candidate_wall_us=93.5310 paired_delta_us=-7.0400
LOCAL_SAMPLE case=fp16-8x128 pair=02 order=C,P parent_device_us=8.5200 candidate_device_us=7.8800 parent_wall_us=76.5810 candidate_wall_us=79.4200 paired_delta_us=-0.6400
LOCAL_SAMPLE case=fp16-8x128 pair=03 order=P,C parent_device_us=8.1000 candidate_device_us=4.9000 parent_wall_us=73.5910 candidate_wall_us=68.7010 paired_delta_us=-3.2000
LOCAL_SAMPLE case=fp16-8x128 pair=04 order=C,P parent_device_us=14.1000 candidate_device_us=7.6600 parent_wall_us=60.7410 candidate_wall_us=69.2210 paired_delta_us=-6.4400
LOCAL_SAMPLE case=fp16-8x128 pair=05 order=P,C parent_device_us=7.3200 candidate_device_us=8.2000 parent_wall_us=79.2010 candidate_wall_us=81.4300 paired_delta_us=0.8800
LOCAL_SAMPLE case=fp16-8x128 pair=06 order=C,P parent_device_us=24.8600 candidate_device_us=6.7200 parent_wall_us=78.6510 candidate_wall_us=68.5100 paired_delta_us=-18.1400
LOCAL_SAMPLE case=fp16-8x128 pair=07 order=P,C parent_device_us=4.8800 candidate_device_us=8.4600 parent_wall_us=71.5310 candidate_wall_us=70.5310 paired_delta_us=3.5800
LOCAL_SAMPLE case=fp16-8x128 pair=08 order=C,P parent_device_us=23.3800 candidate_device_us=27.9800 parent_wall_us=80.7610 candidate_wall_us=78.8310 paired_delta_us=4.6000
LOCAL_SAMPLE case=fp16-8x128 pair=09 order=P,C parent_device_us=4.4800 candidate_device_us=5.5200 parent_wall_us=72.9510 candidate_wall_us=82.3410 paired_delta_us=1.0400
LOCAL_SAMPLE case=fp16-8x128 pair=10 order=C,P parent_device_us=5.2400 candidate_device_us=6.3200 parent_wall_us=85.5210 candidate_wall_us=71.2700 paired_delta_us=1.0800
LOCAL_SAMPLE case=fp16-8x128 pair=11 order=P,C parent_device_us=7.6200 candidate_device_us=7.8200 parent_wall_us=90.3610 candidate_wall_us=85.2210 paired_delta_us=0.2000
LOCAL_SAMPLE case=fp16-8x128 pair=12 order=C,P parent_device_us=6.7400 candidate_device_us=8.6200 parent_wall_us=69.2400 candidate_wall_us=70.9310 paired_delta_us=1.8800
LOCAL_SAMPLE case=fp16-8x128 pair=13 order=P,C parent_device_us=8.5600 candidate_device_us=7.5000 parent_wall_us=70.1600 candidate_wall_us=68.5710 paired_delta_us=-1.0600
LOCAL_SAMPLE case=fp16-8x128 pair=14 order=C,P parent_device_us=25.9400 candidate_device_us=8.7000 parent_wall_us=68.8010 candidate_wall_us=69.5910 paired_delta_us=-17.2400
LOCAL_SAMPLE case=fp16-8x128 pair=15 order=P,C parent_device_us=4.6400 candidate_device_us=16.0200 parent_wall_us=82.0310 candidate_wall_us=67.5910 paired_delta_us=11.3800
LOCAL_SAMPLE case=fp16-8x128 pair=16 order=C,P parent_device_us=6.5000 candidate_device_us=7.9000 parent_wall_us=68.3700 candidate_wall_us=73.8400 paired_delta_us=1.4000
LOCAL_SAMPLE case=fp16-8x128 pair=17 order=P,C parent_device_us=27.6600 candidate_device_us=6.7400 parent_wall_us=78.2410 candidate_wall_us=71.0910 paired_delta_us=-20.9200
LOCAL_SAMPLE case=fp16-8x128 pair=18 order=C,P parent_device_us=7.6000 candidate_device_us=23.0800 parent_wall_us=69.0010 candidate_wall_us=77.3910 paired_delta_us=15.4800
LOCAL_SAMPLE case=fp16-8x128 pair=19 order=P,C parent_device_us=24.3400 candidate_device_us=6.9000 parent_wall_us=77.4810 candidate_wall_us=65.0300 paired_delta_us=-17.4400
LOCAL_SAMPLE case=fp16-8x128 pair=20 order=C,P parent_device_us=6.3200 candidate_device_us=20.8000 parent_wall_us=68.2510 candidate_wall_us=75.6800 paired_delta_us=14.4800
LOCAL_SAMPLE case=fp16-8x128 pair=21 order=P,C parent_device_us=6.5000 candidate_device_us=8.7200 parent_wall_us=67.6210 candidate_wall_us=66.9610 paired_delta_us=2.2200
LOCAL_SAMPLE case=fp16-8x128 pair=22 order=C,P parent_device_us=7.3200 candidate_device_us=7.0600 parent_wall_us=70.9800 candidate_wall_us=66.3110 paired_delta_us=-0.2600
LOCAL_SAMPLE case=fp16-8x128 pair=23 order=P,C parent_device_us=30.1400 candidate_device_us=6.3200 parent_wall_us=79.3010 candidate_wall_us=79.6110 paired_delta_us=-23.8200
LOCAL_SAMPLE case=fp16-8x128 pair=24 order=C,P parent_device_us=20.6400 candidate_device_us=4.3400 parent_wall_us=75.3710 candidate_wall_us=78.6010 paired_delta_us=-16.3000
LOCAL_SAMPLE case=fp16-8x128 pair=25 order=P,C parent_device_us=4.1400 candidate_device_us=4.2800 parent_wall_us=109.6510 candidate_wall_us=70.1300 paired_delta_us=0.1400
LOCAL_SAMPLE case=fp16-8x128 pair=26 order=C,P parent_device_us=17.5600 candidate_device_us=16.4800 parent_wall_us=67.4710 candidate_wall_us=70.1710 paired_delta_us=-1.0800
LOCAL_SAMPLE case=fp16-8x128 pair=27 order=P,C parent_device_us=4.0600 candidate_device_us=4.8400 parent_wall_us=68.1010 candidate_wall_us=69.3510 paired_delta_us=0.7800
LOCAL_SAMPLE case=fp16-8x128 pair=28 order=C,P parent_device_us=5.2800 candidate_device_us=6.5400 parent_wall_us=59.4700 candidate_wall_us=71.3800 paired_delta_us=1.2600
LOCAL_SAMPLE case=fp16-8x128 pair=29 order=P,C parent_device_us=15.8800 candidate_device_us=22.1600 parent_wall_us=67.2410 candidate_wall_us=65.1610 paired_delta_us=6.2800
LOCAL_SAMPLE case=fp16-8x128 pair=30 order=C,P parent_device_us=5.3400 candidate_device_us=6.7600 parent_wall_us=59.5400 candidate_wall_us=66.2110 paired_delta_us=1.4200
LOCAL_SAMPLE case=fp16-8x128 pair=31 order=P,C parent_device_us=16.7000 candidate_device_us=18.6200 parent_wall_us=64.3010 candidate_wall_us=65.2510 paired_delta_us=1.9200
LOCAL_STATS case=fp16-8x128 metric=device_us binary=PARENT_R31B_V011 n=31 median=7.6200 mean=12.5639 stdev=8.7740 cv=0.69836 min=4.0600 max=30.1400 mad=2.9800 p10=4.6400 p90=25.9400
LOCAL_STATS case=fp16-8x128 metric=device_us binary=CANDIDATE_V038 n=31 median=7.8200 mean=10.5135 stdev=6.6132 cv=0.62902 min=4.2800 max=27.9800 mad=1.2800 p10=4.9000 p90=22.0800
LOCAL_STATS case=fp16-8x128 metric=wall_us binary=PARENT_R31B_V011 n=31 median=71.5310 mean=77.1125 stdev=21.4875 cv=0.27865 min=59.4700 max=179.9720 mad=5.0500 p10=64.3010 p90=85.5210
LOCAL_STATS case=fp16-8x128 metric=wall_us binary=CANDIDATE_V038 n=31 median=70.5310 mean=72.8343 stdev=6.7841 cv=0.09314 min=65.0300 max=93.5310 mad=3.5700 p10=66.2110 p90=81.4300
LOCAL_STATS case=fp16-8x128 metric=paired_delta_us binary=CANDIDATE_MINUS_PARENT n=31 median=0.7800 mean=-2.0503 stdev=9.7442 cv=-4.75254 min=-23.8200 max=15.4800 mad=1.8600 p10=-17.4400 p90=6.2800
LOCAL_RESULT route=SYNC-BARRIER-ELISION-X revision=V038 device=3 shape=8x128 dtype=fp16 samples=31 parent_median_us=7.6200 candidate_median_us=7.8200 local_delta_us=0.7800 local_score_percent=-10.236219 candidate_minus_parent_percent=10.236219
CORRECTNESS_SUMMARY result=PASS cases=5
RUNNER_RC=0

===== POST-RUN DEVICE SNAPSHOT =====
+------------------------------------------------------------------------------------------------+
| npu-smi 25.0.rc1.1               Version: 25.0.rc1.1                                           |
+---------------------------+---------------+----------------------------------------------------+
| NPU   Name                | Health        | Power(W)    Temp(C)           Hugepages-Usage(page)|
| Chip                      | Bus-Id        | AICore(%)   Memory-Usage(MB)  HBM-Usage(MB)        |
+===========================+===============+====================================================+
| 0     910B3               | OK            | 99.5        30                0    / 0             |
| 0                         | 0000:C1:00.0  | 0           0    / 0          3479 / 65536         |
+===========================+===============+====================================================+
| 1     910B3               | OK            | 112.0       31                0    / 0             |
| 0                         | 0000:C2:00.0  | 10          0    / 0          9174 / 65536         |
+===========================+===============+====================================================+
| 2     910B3               | OK            | 100.7       34                0    / 0             |
| 0                         | 0000:81:00.0  | 2           0    / 0          7456 / 65536         |
+===========================+===============+====================================================+
| 3     910B3               | OK            | 92.0        32                0    / 0             |
| 0                         | 0000:82:00.0  | 0           0    / 0          3428 / 65536         |
+===========================+===============+====================================================+
| 4     910B3               | OK            | 193.8       58                0    / 0             |
| 0                         | 0000:01:00.0  | 62          0    / 0          59193/ 65536         |
+===========================+===============+====================================================+
| 5     910B3               | OK            | 168.2       51                0    / 0             |
| 0                         | 0000:02:00.0  | 44          0    / 0          60222/ 65536         |
+===========================+===============+====================================================+
| 6     910B3               | OK            | 169.7       49                0    / 0             |
| 0                         | 0000:41:00.0  | 43          0    / 0          60222/ 65536         |
+===========================+===============+====================================================+
| 7     910B3               | OK            | 109.8       40                0    / 0             |
| 0                         | 0000:42:00.0  | 0           0    / 0          24790/ 65536         |
+===========================+===============+====================================================+
+---------------------------+---------------+----------------------------------------------------+
| NPU     Chip              | Process id    | Process name             | Process memory(MB)      |
+===========================+===============+====================================================+
| 0       0                 | 1929686       | r14_param_mte2_          | 102                     |
+===========================+===============+====================================================+
| 1       0                 | 3150467       | python                   | 5746                    |
+===========================+===============+====================================================+
| 2       0                 | 1935458       | python                   | 4088                    |
+===========================+===============+====================================================+
| No running processes found in NPU 3                                                            |
+===========================+===============+====================================================+
| 4       0                 | 2999855       | VLLMEngineCor            | 55666                   |
+===========================+===============+====================================================+
| 5       0                 | 89602         | VLLMWorker_TP            | 56700                   |
+===========================+===============+====================================================+
| 6       0                 | 91228         | VLLMWorker_TP            | 56701                   |
+===========================+===============+====================================================+
| 7       0                 | 439848        | python3                  | 21260                   |
+===========================+===============+====================================================+
 21:14:39 up 242 days,  8:50, 33 users,  load average: 73.02, 64.16, 55.52
END_UTC=2026-10-07T21:14:39Z
