V047_CORRECTNESS_START_UTC=2026-10-07T19:40:47.925583267Z
HOST=hwnput3
DEVICE=4
PARENT=R31B-V011
DTYPE=FP32
SHAPES=128x4728,128x4736,128x4744
C15=EXCLUDED_KNOWN_PARENT_FAILURE
PARENT_SHA256=a8c19a1972207acc67e3fb0cd393cc70b0a4b183d1eaf5610edf80c2879b15e3  本地实验/R-W4-4/V047/partial-ranking/stage/parent.asc
CANDIDATE_SHA256=565f9134250c6fa4822a082562c3a2ca37bb9958486bf974bdd0dbabb44a6e38  本地实验/R-W4-4/V047/submission.asc
RUN_BEGIN_UTC=2026-10-07T19:40:49.261947660Z
RUN_BEGIN side=parent width=4728 binary=本地实验/R-W4-4/V047/partial-ranking/stage/build-v047/clx_ref_parent_probe
RUN_END rc=0 side=parent width=4728 prefix=本地实验/R-W4-4/V047/partial-ranking/parent-correctness-r128-w4728-fp32
RUN_BEGIN_UTC=2026-10-07T19:40:57.227340328Z
RUN_BEGIN side=candidate width=4728 binary=本地实验/R-W4-4/V047/partial-ranking/stage/build-v047/clx_ref_candidate_probe
RUN_END rc=3 side=candidate width=4728 prefix=本地实验/R-W4-4/V047/partial-ranking/candidate-correctness-r128-w4728-fp32
RUN_BEGIN_UTC=2026-10-07T19:41:04.594707237Z
RUN_BEGIN side=parent width=4736 binary=本地实验/R-W4-4/V047/partial-ranking/stage/build-v047/clx_ref_parent_probe
RUN_END rc=0 side=parent width=4736 prefix=本地实验/R-W4-4/V047/partial-ranking/parent-correctness-r128-w4736-fp32
RUN_BEGIN_UTC=2026-10-07T19:41:11.365184754Z
RUN_BEGIN side=candidate width=4736 binary=本地实验/R-W4-4/V047/partial-ranking/stage/build-v047/clx_ref_candidate_probe
RUN_END rc=3 side=candidate width=4736 prefix=本地实验/R-W4-4/V047/partial-ranking/candidate-correctness-r128-w4736-fp32
RUN_BEGIN_UTC=2026-10-07T19:41:19.112359270Z
RUN_BEGIN side=parent width=4744 binary=本地实验/R-W4-4/V047/partial-ranking/stage/build-v047/clx_ref_parent_probe
RUN_END rc=0 side=parent width=4744 prefix=本地实验/R-W4-4/V047/partial-ranking/parent-correctness-r128-w4744-fp32
RUN_BEGIN_UTC=2026-10-07T19:41:25.458177394Z
RUN_BEGIN side=candidate width=4744 binary=本地实验/R-W4-4/V047/partial-ranking/stage/build-v047/clx_ref_candidate_probe
RUN_END rc=0 side=candidate width=4744 prefix=本地实验/R-W4-4/V047/partial-ranking/candidate-correctness-r128-w4744-fp32
V047_CORRECTNESS_END_UTC=2026-10-07T19:41:33.579559166Z
