V053_CORRECTNESS_START_UTC=2026-10-07T21:00:38.191858008Z
HOST=hwnput3
DEVICE=4
PARENT=R31B-V011
DTYPE=FP32
SHAPES=128x5496,128x5504,128x5512
C15=EXCLUDED_KNOWN_PARENT_FAILURE
PARENT_SHA256=a8c19a1972207acc67e3fb0cd393cc70b0a4b183d1eaf5610edf80c2879b15e3  本地实验/R-W4-4/V053/partial-ranking/stage/parent.asc
CANDIDATE_SHA256=138f425c48bfb37904a6d6ca3143fb4f2b85b2bad6afe346ba9c4f937bdc6201  本地实验/R-W4-4/V053/submission.asc
RUN_BEGIN_UTC=2026-10-07T21:00:39.525411368Z
RUN_BEGIN side=parent width=5496 binary=本地实验/R-W4-4/V053/partial-ranking/stage/build-v053/clx_ref_parent_probe
RUN_END rc=0 side=parent width=5496 prefix=本地实验/R-W4-4/V053/partial-ranking/parent-correctness-r128-w5496-fp32
RUN_BEGIN_UTC=2026-10-07T21:00:46.509193561Z
RUN_BEGIN side=candidate width=5496 binary=本地实验/R-W4-4/V053/partial-ranking/stage/build-v053/clx_ref_candidate_probe
RUN_END rc=3 side=candidate width=5496 prefix=本地实验/R-W4-4/V053/partial-ranking/candidate-correctness-r128-w5496-fp32
RUN_BEGIN_UTC=2026-10-07T21:00:53.530233373Z
RUN_BEGIN side=parent width=5504 binary=本地实验/R-W4-4/V053/partial-ranking/stage/build-v053/clx_ref_parent_probe
RUN_END rc=0 side=parent width=5504 prefix=本地实验/R-W4-4/V053/partial-ranking/parent-correctness-r128-w5504-fp32
RUN_BEGIN_UTC=2026-10-07T21:01:00.485329427Z
RUN_BEGIN side=candidate width=5504 binary=本地实验/R-W4-4/V053/partial-ranking/stage/build-v053/clx_ref_candidate_probe
RUN_END rc=3 side=candidate width=5504 prefix=本地实验/R-W4-4/V053/partial-ranking/candidate-correctness-r128-w5504-fp32
RUN_BEGIN_UTC=2026-10-07T21:01:07.237835681Z
RUN_BEGIN side=parent width=5512 binary=本地实验/R-W4-4/V053/partial-ranking/stage/build-v053/clx_ref_parent_probe
RUN_END rc=0 side=parent width=5512 prefix=本地实验/R-W4-4/V053/partial-ranking/parent-correctness-r128-w5512-fp32
RUN_BEGIN_UTC=2026-10-07T21:01:13.984441747Z
RUN_BEGIN side=candidate width=5512 binary=本地实验/R-W4-4/V053/partial-ranking/stage/build-v053/clx_ref_candidate_probe
RUN_END rc=0 side=candidate width=5512 prefix=本地实验/R-W4-4/V053/partial-ranking/candidate-correctness-r128-w5512-fp32
V053_CORRECTNESS_END_UTC=2026-10-07T21:01:21.851672827Z
