ROUTE=SYNC-BARRIER-ELISION-X
REVISION=V026
DIRECT_PARENT=R31B-V011
HOST=hwnput3
DEVICE=3
CANDIDATE_SOURCE_SHA256=a54e86bf395ad4a580c12a1441479fdca0a7916c06c8d97ff5e737e543c17ffc
PARENT_SOURCE_SHA256=a8c19a1972207acc67e3fb0cd393cc70b0a4b183d1eaf5610edf80c2879b15e3
COMPILE=PASS
CORRECTNESS_START=2026-10-07T15:29:49Z
+------------------------------------------------------------------------------------------------+
| npu-smi 25.0.rc1.1               Version: 25.0.rc1.1                                           |
+---------------------------+---------------+----------------------------------------------------+
| NPU   Name                | Health        | Power(W)    Temp(C)           Hugepages-Usage(page)|
| Chip                      | Bus-Id        | AICore(%)   Memory-Usage(MB)  HBM-Usage(MB)        |
+===========================+===============+====================================================+
| 0     910B3               | OK            | 127.4       39                0    / 0             |
| 0                         | 0000:C1:00.0  | 18          0    / 0          4790 / 65536         |
+===========================+===============+====================================================+
| 1     910B3               | OK            | 126.9       39                0    / 0             |
| 0                         | 0000:C2:00.0  | 13          0    / 0          9176 / 65536         |
+===========================+===============+====================================================+
| 2     910B3               | OK            | 97.8        39                0    / 0             |
| 0                         | 0000:81:00.0  | 0           0    / 0          7453 / 65536         |
+===========================+===============+====================================================+
| 3     910B3               | OK            | 92.7        37                0    / 0             |
| 0                         | 0000:82:00.0  | 0           0    / 0          3425 / 65536         |
+===========================+===============+====================================================+
| 4     910B3               | OK            | 91.4        42                0    / 0             |
| 0                         | 0000:01:00.0  | 0           0    / 0          59192/ 65536         |
+===========================+===============+====================================================+
| 5     910B3               | OK            | 188.3       59                0    / 0             |
| 0                         | 0000:02:00.0  | 51          0    / 0          61586/ 65536         |
+===========================+===============+====================================================+
| 6     910B3               | OK            | 163.7       52                0    / 0             |
| 0                         | 0000:41:00.0  | 35          0    / 0          60222/ 65536         |
+===========================+===============+====================================================+
| 7     910B3               | OK            | 192.8       46                0    / 0             |
| 0                         | 0000:42:00.0  | 37          0    / 0          24791/ 65536         |
+===========================+===============+====================================================+
+---------------------------+---------------+----------------------------------------------------+
| NPU     Chip              | Process id    | Process name             | Process memory(MB)      |
+===========================+===============+====================================================+
| 0       0                 | 2973510       | python                   | 1416                    |
+===========================+===============+====================================================+
| 1       0                 | 1935455       | python                   | 5748                    |
+===========================+===============+====================================================+
| 2       0                 | 1935458       | python                   | 4086                    |
+===========================+===============+====================================================+
| No running processes found in NPU 3                                                            |
+===========================+===============+====================================================+
| 4       0                 | 2999855       | VLLMEngineCor            | 55666                   |
+===========================+===============+====================================================+
| 5       0                 | 89602         | VLLMWorker_TP            | 56700                   |
| 5       0                 | 1935454       | python                   | 1416                    |
+===========================+===============+====================================================+
| 6       0                 | 91228         | VLLMWorker_TP            | 56701                   |
+===========================+===============+====================================================+
| 7       0                 | 439848        | python3                  | 21260                   |
+===========================+===============+====================================================+
[ 50%] Building ASC object CMakeFiles/sync_barrier_elision_correctness.dir/support/correctness_runner.asc.o
[100%] Linking ASC executable sync_barrier_elision_correctness
[100%] Built target sync_barrier_elision_correctness
CORRECTNESS_RUNNER_BUILD_RC=0
ACL_FAIL operation=sync_parent status=507034
CORRECTNESS device=3 dtype=fp16 rows=8 width=128 parent_candidate_bit_mismatch=0 result=PASS
CORRECTNESS device=3 dtype=fp16 rows=8 width=256 parent_candidate_bit_mismatch=0 result=PASS
CORRECTNESS device=3 dtype=fp16 rows=8 width=1024 parent_candidate_bit_mismatch=0 result=PASS
CORRECTNESS device=3 dtype=fp16 rows=8 width=2048 parent_candidate_bit_mismatch=0 result=PASS
CORRECTNESS_RUN_RC=2
+------------------------------------------------------------------------------------------------+
| npu-smi 25.0.rc1.1               Version: 25.0.rc1.1                                           |
+---------------------------+---------------+----------------------------------------------------+
| NPU   Name                | Health        | Power(W)    Temp(C)           Hugepages-Usage(page)|
| Chip                      | Bus-Id        | AICore(%)   Memory-Usage(MB)  HBM-Usage(MB)        |
+===========================+===============+====================================================+
| 0     910B3               | OK            | 128.6       30                0    / 0             |
| 0                         | 0000:C1:00.0  | 15          0    / 0          9119 / 65536         |
+===========================+===============+====================================================+
| 1     910B3               | OK            | 107.5       30                0    / 0             |
| 0                         | 0000:C2:00.0  | 1           0    / 0          4844 / 65536         |
+===========================+===============+====================================================+
| 2     910B3               | OK            | 108.8       31                0    / 0             |
| 0                         | 0000:81:00.0  | 7           0    / 0          7453 / 65536         |
+===========================+===============+====================================================+
| 3     910B3               | OK            | 91.3        29                0    / 0             |
| 0                         | 0000:82:00.0  | 0           0    / 0          3428 / 65536         |
+===========================+===============+====================================================+
| 4     910B3               | OK            | 91.2        34                0    / 0             |
| 0                         | 0000:01:00.0  | 0           0    / 0          59214/ 65536         |
+===========================+===============+====================================================+
| 5     910B3               | OK            | 169.5       49                0    / 0             |
| 0                         | 0000:02:00.0  | 39          0    / 0          61585/ 65536         |
+===========================+===============+====================================================+
| 6     910B3               | OK            | 156.6       45                0    / 0             |
| 0                         | 0000:41:00.0  | 45          0    / 0          60222/ 65536         |
+===========================+===============+====================================================+
| 7     910B3               | OK            | 109.6       36                0    / 0             |
| 0                         | 0000:42:00.0  | 3           0    / 0          24790/ 65536         |
+===========================+===============+====================================================+
+---------------------------+---------------+----------------------------------------------------+
| NPU     Chip              | Process id    | Process name             | Process memory(MB)      |
+===========================+===============+====================================================+
| 0       0                 | 2973510       | python                   | 5744                    |
+===========================+===============+====================================================+
| 1       0                 | 3150467       | python                   | 1416                    |
+===========================+===============+====================================================+
| 2       0                 | 1935458       | python                   | 4086                    |
+===========================+===============+====================================================+
| No running processes found in NPU 3                                                            |
+===========================+===============+====================================================+
| 4       0                 | 2999855       | VLLMEngineCor            | 55666                   |
+===========================+===============+====================================================+
| 5       0                 | 89602         | VLLMWorker_TP            | 56700                   |
| 5       0                 | 1935454       | python                   | 1416                    |
+===========================+===============+====================================================+
| 6       0                 | 91228         | VLLMWorker_TP            | 56701                   |
+===========================+===============+====================================================+
| 7       0                 | 439848        | python3                  | 21260                   |
+===========================+===============+====================================================+
 15:48:36 up 242 days,  3:24, 34 users,  load average: 53.87, 51.46, 53.71
CORRECTNESS_END=2026-10-07T15:48:36Z
RESULT_RC=2
