HOST=hwnput3
2026-09-23T22:25:00+00:00
41031f4b207e47b51b1452bd3f4b6f4fd8cb304c26651bcde55ffe2a87a15758  src/source-meta.json
bd2b18cedf25ee4cb51a63690a1e2e4f48a9fa18766674f7401aa24b56072b8a  src/submission.asc
56163104edd986446b4124f6fda021b98038e13e76add0fbb44504e89572b1c2  src/local_full.asc
LOAD_QUALITY=LOAD_CONTAMINATED
CMD=EXT_DIAG_MATRIX=1 EXT_DTYPE=0 ./build3/ext_correctness
TILING_CASE=diag_fp32_d256_rows1_cores1:dtype=0:rows=1:dim=256:cores=1 BLOCK_FACTOR=1 ROW_FACTOR=1 UB_FACTOR=256 ALIGNED_UB_FACTOR=256
SYNC_CASE=diag_fp32_d256_rows1_cores1:dtype=0:rows=1:dim=256:cores=1 ACLRT_SYNC_STATUS=0 ACL_RECENT_ERROR=<null>
CASE=diag_fp32_d256_rows1_cores1 DTYPE=0 ROWS=1 DIM=256 CORES=1 BLOCK_FACTOR=1 ROW_FACTOR=1 UB_FACTOR=256 STATUS=FAIL SYNC_STATUS=0 RECENT_ERROR=<null> MATCHED_RATIO=0.0195312 MAX_ABS_ERROR=2.16133 MAX_ALLOWED=0.0021183
TILING_CASE=diag_fp32_d256_rows1_cores2:dtype=0:rows=1:dim=256:cores=2 BLOCK_FACTOR=1 ROW_FACTOR=1 UB_FACTOR=256 ALIGNED_UB_FACTOR=256
SYNC_CASE=diag_fp32_d256_rows1_cores2:dtype=0:rows=1:dim=256:cores=2 ACLRT_SYNC_STATUS=0 ACL_RECENT_ERROR=<null>
CASE=diag_fp32_d256_rows1_cores2 DTYPE=0 ROWS=1 DIM=256 CORES=2 BLOCK_FACTOR=1 ROW_FACTOR=1 UB_FACTOR=256 STATUS=FAIL SYNC_STATUS=0 RECENT_ERROR=<null> MATCHED_RATIO=0.00390625 MAX_ABS_ERROR=0.000390887 MAX_ALLOWED=0.0021183
TILING_CASE=diag_fp32_d256_rows1_cores3:dtype=0:rows=1:dim=256:cores=3 BLOCK_FACTOR=1 ROW_FACTOR=1 UB_FACTOR=256 ALIGNED_UB_FACTOR=256
SYNC_CASE=diag_fp32_d256_rows1_cores3:dtype=0:rows=1:dim=256:cores=3 ACLRT_SYNC_STATUS=0 ACL_RECENT_ERROR=<null>
CASE=diag_fp32_d256_rows1_cores3 DTYPE=0 ROWS=1 DIM=256 CORES=3 BLOCK_FACTOR=1 ROW_FACTOR=1 UB_FACTOR=256 STATUS=FAIL SYNC_STATUS=0 RECENT_ERROR=<null> MATCHED_RATIO=0.0234375 MAX_ABS_ERROR=2.14369 MAX_ALLOWED=0.0021183
TILING_CASE=diag_fp32_d256_rows2_cores1:dtype=0:rows=2:dim=256:cores=1 BLOCK_FACTOR=1 ROW_FACTOR=2 UB_FACTOR=256 ALIGNED_UB_FACTOR=256
SYNC_CASE=diag_fp32_d256_rows2_cores1:dtype=0:rows=2:dim=256:cores=1 ACLRT_SYNC_STATUS=0 ACL_RECENT_ERROR=<null>
CASE=diag_fp32_d256_rows2_cores1 DTYPE=0 ROWS=2 DIM=256 CORES=1 BLOCK_FACTOR=1 ROW_FACTOR=2 UB_FACTOR=256 STATUS=FAIL SYNC_STATUS=0 RECENT_ERROR=<null> MATCHED_RATIO=0.00976562 MAX_ABS_ERROR=1.88846 MAX_ALLOWED=0.0021183
TILING_CASE=diag_fp32_d256_rows2_cores2:dtype=0:rows=2:dim=256:cores=2 BLOCK_FACTOR=2 ROW_FACTOR=1 UB_FACTOR=256 ALIGNED_UB_FACTOR=256
SYNC_CASE=diag_fp32_d256_rows2_cores2:dtype=0:rows=2:dim=256:cores=2 ACLRT_SYNC_STATUS=0 ACL_RECENT_ERROR=<null>
CASE=diag_fp32_d256_rows2_cores2 DTYPE=0 ROWS=2 DIM=256 CORES=2 BLOCK_FACTOR=2 ROW_FACTOR=1 UB_FACTOR=256 STATUS=FAIL SYNC_STATUS=0 RECENT_ERROR=<null> MATCHED_RATIO=0.0117188 MAX_ABS_ERROR=2.14567 MAX_ALLOWED=0.0021183
TILING_CASE=diag_fp32_d256_rows2_cores3:dtype=0:rows=2:dim=256:cores=3 BLOCK_FACTOR=2 ROW_FACTOR=1 UB_FACTOR=256 ALIGNED_UB_FACTOR=256
SYNC_CASE=diag_fp32_d256_rows2_cores3:dtype=0:rows=2:dim=256:cores=3 ACLRT_SYNC_STATUS=0 ACL_RECENT_ERROR=<null>
CASE=diag_fp32_d256_rows2_cores3 DTYPE=0 ROWS=2 DIM=256 CORES=3 BLOCK_FACTOR=2 ROW_FACTOR=1 UB_FACTOR=256 STATUS=FAIL SYNC_STATUS=0 RECENT_ERROR=<null> MATCHED_RATIO=0.00976562 MAX_ABS_ERROR=2.16133 MAX_ALLOWED=0.0021183
TILING_CASE=diag_fp32_d256_rows3_cores1:dtype=0:rows=3:dim=256:cores=1 BLOCK_FACTOR=1 ROW_FACTOR=3 UB_FACTOR=256 ALIGNED_UB_FACTOR=256
SYNC_CASE=diag_fp32_d256_rows3_cores1:dtype=0:rows=3:dim=256:cores=1 ACLRT_SYNC_STATUS=0 ACL_RECENT_ERROR=<null>
CASE=diag_fp32_d256_rows3_cores1 DTYPE=0 ROWS=3 DIM=256 CORES=1 BLOCK_FACTOR=1 ROW_FACTOR=3 UB_FACTOR=256 STATUS=FAIL SYNC_STATUS=0 RECENT_ERROR=<null> MATCHED_RATIO=0.00651042 MAX_ABS_ERROR=2.39214 MAX_ALLOWED=0.00237422
TILING_CASE=diag_fp32_d256_rows3_cores2:dtype=0:rows=3:dim=256:cores=2 BLOCK_FACTOR=2 ROW_FACTOR=2 UB_FACTOR=256 ALIGNED_UB_FACTOR=256
SYNC_CASE=diag_fp32_d256_rows3_cores2:dtype=0:rows=3:dim=256:cores=2 ACLRT_SYNC_STATUS=0 ACL_RECENT_ERROR=<null>
CASE=diag_fp32_d256_rows3_cores2 DTYPE=0 ROWS=3 DIM=256 CORES=2 BLOCK_FACTOR=2 ROW_FACTOR=2 UB_FACTOR=256 STATUS=FAIL SYNC_STATUS=0 RECENT_ERROR=<null> MATCHED_RATIO=0.00520833 MAX_ABS_ERROR=1.83667 MAX_ALLOWED=0.00237422
TILING_CASE=diag_fp32_d256_rows3_cores3:dtype=0:rows=3:dim=256:cores=3 BLOCK_FACTOR=3 ROW_FACTOR=1 UB_FACTOR=256 ALIGNED_UB_FACTOR=256
SYNC_CASE=diag_fp32_d256_rows3_cores3:dtype=0:rows=3:dim=256:cores=3 ACLRT_SYNC_STATUS=0 ACL_RECENT_ERROR=<null>
CASE=diag_fp32_d256_rows3_cores3 DTYPE=0 ROWS=3 DIM=256 CORES=3 BLOCK_FACTOR=3 ROW_FACTOR=1 UB_FACTOR=256 STATUS=FAIL SYNC_STATUS=0 RECENT_ERROR=<null> MATCHED_RATIO=0.0078125 MAX_ABS_ERROR=2.16133 MAX_ALLOWED=0.00237422
TILING_CASE=diag_fp32_d4096_rows1_cores1:dtype=0:rows=1:dim=4096:cores=1 BLOCK_FACTOR=1 ROW_FACTOR=1 UB_FACTOR=4096 ALIGNED_UB_FACTOR=4096
SYNC_CASE=diag_fp32_d4096_rows1_cores1:dtype=0:rows=1:dim=4096:cores=1 ACLRT_SYNC_STATUS=0 ACL_RECENT_ERROR=<null>
CASE=diag_fp32_d4096_rows1_cores1 DTYPE=0 ROWS=1 DIM=4096 CORES=1 BLOCK_FACTOR=1 ROW_FACTOR=1 UB_FACTOR=4096 STATUS=FAIL SYNC_STATUS=0 RECENT_ERROR=<null> MATCHED_RATIO=0.013916 MAX_ABS_ERROR=1.69789e+08 MAX_ALLOWED=0.00230357
TILING_CASE=diag_fp32_d4096_rows1_cores2:dtype=0:rows=1:dim=4096:cores=2 BLOCK_FACTOR=1 ROW_FACTOR=1 UB_FACTOR=4096 ALIGNED_UB_FACTOR=4096
SYNC_CASE=diag_fp32_d4096_rows1_cores2:dtype=0:rows=1:dim=4096:cores=2 ACLRT_SYNC_STATUS=0 ACL_RECENT_ERROR=<null>
CASE=diag_fp32_d4096_rows1_cores2 DTYPE=0 ROWS=1 DIM=4096 CORES=2 BLOCK_FACTOR=1 ROW_FACTOR=1 UB_FACTOR=4096 STATUS=FAIL SYNC_STATUS=0 RECENT_ERROR=<null> MATCHED_RATIO=0.0229492 MAX_ABS_ERROR=7.84335e+09 MAX_ALLOWED=0.00230357
TILING_CASE=diag_fp32_d4096_rows1_cores3:dtype=0:rows=1:dim=4096:cores=3 BLOCK_FACTOR=1 ROW_FACTOR=1 UB_FACTOR=4096 ALIGNED_UB_FACTOR=4096
SYNC_CASE=diag_fp32_d4096_rows1_cores3:dtype=0:rows=1:dim=4096:cores=3 ACLRT_SYNC_STATUS=0 ACL_RECENT_ERROR=<null>
CASE=diag_fp32_d4096_rows1_cores3 DTYPE=0 ROWS=1 DIM=4096 CORES=3 BLOCK_FACTOR=1 ROW_FACTOR=1 UB_FACTOR=4096 STATUS=FAIL SYNC_STATUS=0 RECENT_ERROR=<null> MATCHED_RATIO=0.0229492 MAX_ABS_ERROR=2.08412e+08 MAX_ALLOWED=0.00230357
TILING_CASE=diag_fp32_d4096_rows2_cores1:dtype=0:rows=2:dim=4096:cores=1 BLOCK_FACTOR=1 ROW_FACTOR=2 UB_FACTOR=4096 ALIGNED_UB_FACTOR=4096
SYNC_CASE=diag_fp32_d4096_rows2_cores1:dtype=0:rows=2:dim=4096:cores=1 ACLRT_SYNC_STATUS=0 ACL_RECENT_ERROR=<null>
CASE=diag_fp32_d4096_rows2_cores1 DTYPE=0 ROWS=2 DIM=4096 CORES=1 BLOCK_FACTOR=1 ROW_FACTOR=2 UB_FACTOR=4096 STATUS=FAIL SYNC_STATUS=0 RECENT_ERROR=<null> MATCHED_RATIO=0.0230713 MAX_ABS_ERROR=2.38713 MAX_ALLOWED=0.00236953
TILING_CASE=diag_fp32_d4096_rows2_cores2:dtype=0:rows=2:dim=4096:cores=2 BLOCK_FACTOR=2 ROW_FACTOR=1 UB_FACTOR=4096 ALIGNED_UB_FACTOR=4096
SYNC_CASE=diag_fp32_d4096_rows2_cores2:dtype=0:rows=2:dim=4096:cores=2 ACLRT_SYNC_STATUS=0 ACL_RECENT_ERROR=<null>
CASE=diag_fp32_d4096_rows2_cores2 DTYPE=0 ROWS=2 DIM=4096 CORES=2 BLOCK_FACTOR=2 ROW_FACTOR=1 UB_FACTOR=4096 STATUS=FAIL SYNC_STATUS=0 RECENT_ERROR=<null> MATCHED_RATIO=0.0230713 MAX_ABS_ERROR=1.35644e+10 MAX_ALLOWED=0.00236953
TILING_CASE=diag_fp32_d4096_rows2_cores3:dtype=0:rows=2:dim=4096:cores=3 BLOCK_FACTOR=2 ROW_FACTOR=1 UB_FACTOR=4096 ALIGNED_UB_FACTOR=4096
SYNC_CASE=diag_fp32_d4096_rows2_cores3:dtype=0:rows=2:dim=4096:cores=3 ACLRT_SYNC_STATUS=0 ACL_RECENT_ERROR=<null>
CASE=diag_fp32_d4096_rows2_cores3 DTYPE=0 ROWS=2 DIM=4096 CORES=3 BLOCK_FACTOR=2 ROW_FACTOR=1 UB_FACTOR=4096 STATUS=FAIL SYNC_STATUS=0 RECENT_ERROR=<null> MATCHED_RATIO=0.0229492 MAX_ABS_ERROR=9.70221e+10 MAX_ALLOWED=0.00236953
TILING_CASE=diag_fp32_d4096_rows3_cores1:dtype=0:rows=3:dim=4096:cores=1 BLOCK_FACTOR=1 ROW_FACTOR=3 UB_FACTOR=3744 ALIGNED_UB_FACTOR=3744
SYNC_CASE=diag_fp32_d4096_rows3_cores1:dtype=0:rows=3:dim=4096:cores=1 ACLRT_SYNC_STATUS=0 ACL_RECENT_ERROR=<null>
CASE=diag_fp32_d4096_rows3_cores1 DTYPE=0 ROWS=3 DIM=4096 CORES=1 BLOCK_FACTOR=1 ROW_FACTOR=3 UB_FACTOR=3744 STATUS=FAIL SYNC_STATUS=0 RECENT_ERROR=<null> MATCHED_RATIO=0.0228678 MAX_ABS_ERROR=91.925 MAX_ALLOWED=0.00236953
TILING_CASE=diag_fp32_d4096_rows3_cores2:dtype=0:rows=3:dim=4096:cores=2 BLOCK_FACTOR=2 ROW_FACTOR=2 UB_FACTOR=4096 ALIGNED_UB_FACTOR=4096
SYNC_CASE=diag_fp32_d4096_rows3_cores2:dtype=0:rows=3:dim=4096:cores=2 ACLRT_SYNC_STATUS=0 ACL_RECENT_ERROR=<null>
CASE=diag_fp32_d4096_rows3_cores2 DTYPE=0 ROWS=3 DIM=4096 CORES=2 BLOCK_FACTOR=2 ROW_FACTOR=2 UB_FACTOR=4096 STATUS=FAIL SYNC_STATUS=0 RECENT_ERROR=<null> MATCHED_RATIO=0.023112 MAX_ABS_ERROR=2.3876 MAX_ALLOWED=0.00236953
TILING_CASE=diag_fp32_d4096_rows3_cores3:dtype=0:rows=3:dim=4096:cores=3 BLOCK_FACTOR=3 ROW_FACTOR=1 UB_FACTOR=4096 ALIGNED_UB_FACTOR=4096
SYNC_CASE=diag_fp32_d4096_rows3_cores3:dtype=0:rows=3:dim=4096:cores=3 ACLRT_SYNC_STATUS=0 ACL_RECENT_ERROR=<null>
CASE=diag_fp32_d4096_rows3_cores3 DTYPE=0 ROWS=3 DIM=4096 CORES=3 BLOCK_FACTOR=3 ROW_FACTOR=1 UB_FACTOR=4096 STATUS=FAIL SYNC_STATUS=0 RECENT_ERROR=<null> MATCHED_RATIO=0.0229492 MAX_ABS_ERROR=1.86827e+12 MAX_ALLOWED=0.00236953
TILING_CASE=diag_fp32_d8192_rows1_cores1:dtype=0:rows=1:dim=8192:cores=1 BLOCK_FACTOR=1 ROW_FACTOR=1 UB_FACTOR=7504 ALIGNED_UB_FACTOR=7504
SYNC_CASE=diag_fp32_d8192_rows1_cores1:dtype=0:rows=1:dim=8192:cores=1 ACLRT_SYNC_STATUS=0 ACL_RECENT_ERROR=<null>
CASE=diag_fp32_d8192_rows1_cores1 DTYPE=0 ROWS=1 DIM=8192 CORES=1 BLOCK_FACTOR=1 ROW_FACTOR=1 UB_FACTOR=7504 STATUS=FAIL SYNC_STATUS=0 RECENT_ERROR=<null> MATCHED_RATIO=0.0222168 MAX_ABS_ERROR=3.78775 MAX_ALLOWED=0.00236128
TILING_CASE=diag_fp32_d8192_rows1_cores2:dtype=0:rows=1:dim=8192:cores=2 BLOCK_FACTOR=1 ROW_FACTOR=1 UB_FACTOR=7504 ALIGNED_UB_FACTOR=7504
SYNC_CASE=diag_fp32_d8192_rows1_cores2:dtype=0:rows=1:dim=8192:cores=2 ACLRT_SYNC_STATUS=0 ACL_RECENT_ERROR=<null>
CASE=diag_fp32_d8192_rows1_cores2 DTYPE=0 ROWS=1 DIM=8192 CORES=2 BLOCK_FACTOR=1 ROW_FACTOR=1 UB_FACTOR=7504 STATUS=FAIL SYNC_STATUS=0 RECENT_ERROR=<null> MATCHED_RATIO=0.0224609 MAX_ABS_ERROR=6.33261 MAX_ALLOWED=0.00236128
TILING_CASE=diag_fp32_d8192_rows1_cores3:dtype=0:rows=1:dim=8192:cores=3 BLOCK_FACTOR=1 ROW_FACTOR=1 UB_FACTOR=7504 ALIGNED_UB_FACTOR=7504
SYNC_CASE=diag_fp32_d8192_rows1_cores3:dtype=0:rows=1:dim=8192:cores=3 ACLRT_SYNC_STATUS=0 ACL_RECENT_ERROR=<null>
CASE=diag_fp32_d8192_rows1_cores3 DTYPE=0 ROWS=1 DIM=8192 CORES=3 BLOCK_FACTOR=1 ROW_FACTOR=1 UB_FACTOR=7504 STATUS=FAIL SYNC_STATUS=0 RECENT_ERROR=<null> MATCHED_RATIO=0.0229492 MAX_ABS_ERROR=5.45337 MAX_ALLOWED=0.00236128
TILING_CASE=diag_fp32_d8192_rows2_cores1:dtype=0:rows=2:dim=8192:cores=1 BLOCK_FACTOR=1 ROW_FACTOR=2 UB_FACTOR=5000 ALIGNED_UB_FACTOR=5000
SYNC_CASE=diag_fp32_d8192_rows2_cores1:dtype=0:rows=2:dim=8192:cores=1 ACLRT_SYNC_STATUS=0 ACL_RECENT_ERROR=<null>
CASE=diag_fp32_d8192_rows2_cores1 DTYPE=0 ROWS=2 DIM=8192 CORES=1 BLOCK_FACTOR=1 ROW_FACTOR=2 UB_FACTOR=5000 STATUS=FAIL SYNC_STATUS=0 RECENT_ERROR=<null> MATCHED_RATIO=0.0229492 MAX_ABS_ERROR=6.83532 MAX_ALLOWED=0.00236809
TILING_CASE=diag_fp32_d8192_rows2_cores2:dtype=0:rows=2:dim=8192:cores=2 BLOCK_FACTOR=2 ROW_FACTOR=1 UB_FACTOR=7504 ALIGNED_UB_FACTOR=7504
SYNC_CASE=diag_fp32_d8192_rows2_cores2:dtype=0:rows=2:dim=8192:cores=2 ACLRT_SYNC_STATUS=0 ACL_RECENT_ERROR=<null>
CASE=diag_fp32_d8192_rows2_cores2 DTYPE=0 ROWS=2 DIM=8192 CORES=2 BLOCK_FACTOR=2 ROW_FACTOR=1 UB_FACTOR=7504 STATUS=FAIL SYNC_STATUS=0 RECENT_ERROR=<null> MATCHED_RATIO=0.0229492 MAX_ABS_ERROR=439.062 MAX_ALLOWED=0.00236809
TILING_CASE=diag_fp32_d8192_rows2_cores3:dtype=0:rows=2:dim=8192:cores=3 BLOCK_FACTOR=2 ROW_FACTOR=1 UB_FACTOR=7504 ALIGNED_UB_FACTOR=7504
SYNC_CASE=diag_fp32_d8192_rows2_cores3:dtype=0:rows=2:dim=8192:cores=3 ACLRT_SYNC_STATUS=0 ACL_RECENT_ERROR=<null>
CASE=diag_fp32_d8192_rows2_cores3 DTYPE=0 ROWS=2 DIM=8192 CORES=3 BLOCK_FACTOR=2 ROW_FACTOR=1 UB_FACTOR=7504 STATUS=FAIL SYNC_STATUS=0 RECENT_ERROR=<null> MATCHED_RATIO=0.022644 MAX_ABS_ERROR=5.89721 MAX_ALLOWED=0.00236809
TILING_CASE=diag_fp32_d8192_rows3_cores1:dtype=0:rows=3:dim=8192:cores=1 BLOCK_FACTOR=1 ROW_FACTOR=3 UB_FACTOR=3744 ALIGNED_UB_FACTOR=3744
SYNC_CASE=diag_fp32_d8192_rows3_cores1:dtype=0:rows=3:dim=8192:cores=1 ACLRT_SYNC_STATUS=0 ACL_RECENT_ERROR=<null>
CASE=diag_fp32_d8192_rows3_cores1 DTYPE=0 ROWS=3 DIM=8192 CORES=1 BLOCK_FACTOR=1 ROW_FACTOR=3 UB_FACTOR=3744 STATUS=FAIL SYNC_STATUS=0 RECENT_ERROR=<null> MATCHED_RATIO=0.0205892 MAX_ABS_ERROR=3.97564 MAX_ALLOWED=0.00236809
TILING_CASE=diag_fp32_d8192_rows3_cores2:dtype=0:rows=3:dim=8192:cores=2 BLOCK_FACTOR=2 ROW_FACTOR=2 UB_FACTOR=5000 ALIGNED_UB_FACTOR=5000
SYNC_CASE=diag_fp32_d8192_rows3_cores2:dtype=0:rows=3:dim=8192:cores=2 ACLRT_SYNC_STATUS=0 ACL_RECENT_ERROR=<null>
CASE=diag_fp32_d8192_rows3_cores2 DTYPE=0 ROWS=3 DIM=8192 CORES=2 BLOCK_FACTOR=2 ROW_FACTOR=2 UB_FACTOR=5000 STATUS=FAIL SYNC_STATUS=0 RECENT_ERROR=<null> MATCHED_RATIO=0.0228678 MAX_ABS_ERROR=4.28426 MAX_ALLOWED=0.00236809
TILING_CASE=diag_fp32_d8192_rows3_cores3:dtype=0:rows=3:dim=8192:cores=3 BLOCK_FACTOR=3 ROW_FACTOR=1 UB_FACTOR=7504 ALIGNED_UB_FACTOR=7504
SYNC_CASE=diag_fp32_d8192_rows3_cores3:dtype=0:rows=3:dim=8192:cores=3 ACLRT_SYNC_STATUS=0 ACL_RECENT_ERROR=<null>
CASE=diag_fp32_d8192_rows3_cores3 DTYPE=0 ROWS=3 DIM=8192 CORES=3 BLOCK_FACTOR=3 ROW_FACTOR=1 UB_FACTOR=7504 STATUS=FAIL SYNC_STATUS=0 RECENT_ERROR=<null> MATCHED_RATIO=0.0227865 MAX_ABS_ERROR=4.80288 MAX_ALLOWED=0.00236809
OUTLIFE_CORRECTNESS_EXIT=1
