HOST=hwnput3
2026-09-23T22:17:41+00:00
d653b9ef35c7c4ce5bf8e7b0133da9a914bde600fd647876927a8df095302354  src/source-meta.json
3d1e6bfc8fb8d3c31ddc1210d28189377dd892903bae452cc647051ef1a4b42e  src/submission.asc
56163104edd986446b4124f6fda021b98038e13e76add0fbb44504e89572b1c2  src/local_full.asc
LOAD_QUALITY=LOAD_CONTAMINATED
+------------------------------------------------------------------------------------------------+
| npu-smi 25.0.rc1.1               Version: 25.0.rc1.1                                           |
+---------------------------+---------------+----------------------------------------------------+
| NPU   Name                | Health        | Power(W)    Temp(C)           Hugepages-Usage(page)|
| Chip                      | Bus-Id        | AICore(%)   Memory-Usage(MB)  HBM-Usage(MB)        |
+===========================+===============+====================================================+
| 0     910B3               | OK            | 148.8       40                0    / 0             |
| 0                         | 0000:C1:00.0  | 32          0    / 0          59957/ 65536         |
+===========================+===============+====================================================+
| 1     910B3               | OK            | 143.5       39                0    / 0             |
| 0                         | 0000:C2:00.0  | 33          0    / 0          60007/ 65536         |
+===========================+===============+====================================================+
| 2     910B3               | OK            | 139.7       42                0    / 0             |
| 0                         | 0000:81:00.0  | 32          0    / 0          59949/ 65536         |
+===========================+===============+====================================================+
| 3     910B3               | OK            | 145.5       41                0    / 0             |
| 0                         | 0000:82:00.0  | 33          0    / 0          59951/ 65536         |
+===========================+===============+====================================================+
| 4     910B3               | OK            | 90.6        38                0    / 0             |
| 0                         | 0000:01:00.0  | 0           0    / 0          59188/ 65536         |
+===========================+===============+====================================================+
| 5     910B3               | OK            | 91.9        36                0    / 0             |
| 0                         | 0000:02:00.0  | 0           0    / 0          59878/ 65536         |
+===========================+===============+====================================================+
| 6     910B3               | OK            | 94.9        38                0    / 0             |
| 0                         | 0000:41:00.0  | 0           0    / 0          59875/ 65536         |
+===========================+===============+====================================================+
| 7     910B3               | OK            | 107.1       40                0    / 0             |
| 0                         | 0000:42:00.0  | 0           0    / 0          65531/ 65536         |
+===========================+===============+====================================================+
+---------------------------+---------------+----------------------------------------------------+
| NPU     Chip              | Process id    | Process name             | Process memory(MB)      |
+===========================+===============+====================================================+
| 0       0                 | 89395         | VLLMWorker_TP            | 56434                   |
+===========================+===============+====================================================+
| 1       0                 | 91055         | VLLMWorker_TP            | 56434                   |
+===========================+===============+====================================================+
| 2       0                 | 92813         | VLLMWorker_TP            | 56435                   |
+===========================+===============+====================================================+
| 3       0                 | 94498         | VLLMWorker_TP            | 56435                   |
+===========================+===============+====================================================+
| 4       0                 | 2999855       | VLLMEngineCor            | 55664                   |
+===========================+===============+====================================================+
| 5       0                 | 89602         | VLLMWorker_TP            | 56354                   |
+===========================+===============+====================================================+
| 6       0                 | 91228         | VLLMWorker_TP            | 56355                   |
+===========================+===============+====================================================+
| 7       0                 | 3458196       | python                   | 62078                   |
+===========================+===============+====================================================+
CMD=EXT_DIAG_MATRIX=1 EXT_DTYPE=0 ./build3/ext_correctness
TILING_CASE=diag_fp32_d256_rows1_cores1:dtype=0:rows=1:dim=256:cores=1 BLOCK_FACTOR=1 ROW_FACTOR=1 UB_FACTOR=256 ALIGNED_UB_FACTOR=256
SYNC_CASE=diag_fp32_d256_rows1_cores1:dtype=0:rows=1:dim=256:cores=1 ACLRT_SYNC_STATUS=0 ACL_RECENT_ERROR=<null>
CASE=diag_fp32_d256_rows1_cores1 DTYPE=0 ROWS=1 DIM=256 CORES=1 BLOCK_FACTOR=1 ROW_FACTOR=1 UB_FACTOR=256 STATUS=FAIL SYNC_STATUS=0 RECENT_ERROR=<null> MATCHED_RATIO=0.015625 MAX_ABS_ERROR=2.14369 MAX_ALLOWED=0.0021183
TILING_CASE=diag_fp32_d256_rows1_cores2:dtype=0:rows=1:dim=256:cores=2 BLOCK_FACTOR=1 ROW_FACTOR=1 UB_FACTOR=256 ALIGNED_UB_FACTOR=256
SYNC_CASE=diag_fp32_d256_rows1_cores2:dtype=0:rows=1:dim=256:cores=2 ACLRT_SYNC_STATUS=0 ACL_RECENT_ERROR=<null>
CASE=diag_fp32_d256_rows1_cores2 DTYPE=0 ROWS=1 DIM=256 CORES=2 BLOCK_FACTOR=1 ROW_FACTOR=1 UB_FACTOR=256 STATUS=FAIL SYNC_STATUS=0 RECENT_ERROR=<null> MATCHED_RATIO=0.015625 MAX_ABS_ERROR=2.06429 MAX_ALLOWED=0.0021183
TILING_CASE=diag_fp32_d256_rows1_cores3:dtype=0:rows=1:dim=256:cores=3 BLOCK_FACTOR=1 ROW_FACTOR=1 UB_FACTOR=256 ALIGNED_UB_FACTOR=256
SYNC_CASE=diag_fp32_d256_rows1_cores3:dtype=0:rows=1:dim=256:cores=3 ACLRT_SYNC_STATUS=0 ACL_RECENT_ERROR=<null>
CASE=diag_fp32_d256_rows1_cores3 DTYPE=0 ROWS=1 DIM=256 CORES=3 BLOCK_FACTOR=1 ROW_FACTOR=1 UB_FACTOR=256 STATUS=FAIL SYNC_STATUS=0 RECENT_ERROR=<null> MATCHED_RATIO=0.0195312 MAX_ABS_ERROR=2.16133 MAX_ALLOWED=0.0021183
TILING_CASE=diag_fp32_d256_rows2_cores1:dtype=0:rows=2:dim=256:cores=1 BLOCK_FACTOR=1 ROW_FACTOR=2 UB_FACTOR=256 ALIGNED_UB_FACTOR=256
SYNC_CASE=diag_fp32_d256_rows2_cores1:dtype=0:rows=2:dim=256:cores=1 ACLRT_SYNC_STATUS=0 ACL_RECENT_ERROR=<null>
CASE=diag_fp32_d256_rows2_cores1 DTYPE=0 ROWS=2 DIM=256 CORES=1 BLOCK_FACTOR=1 ROW_FACTOR=2 UB_FACTOR=256 STATUS=FAIL SYNC_STATUS=0 RECENT_ERROR=<null> MATCHED_RATIO=0.0214844 MAX_ABS_ERROR=4.07432 MAX_ALLOWED=0.0021183
TILING_CASE=diag_fp32_d256_rows2_cores2:dtype=0:rows=2:dim=256:cores=2 BLOCK_FACTOR=2 ROW_FACTOR=1 UB_FACTOR=256 ALIGNED_UB_FACTOR=256
SYNC_CASE=diag_fp32_d256_rows2_cores2:dtype=0:rows=2:dim=256:cores=2 ACLRT_SYNC_STATUS=0 ACL_RECENT_ERROR=<null>
CASE=diag_fp32_d256_rows2_cores2 DTYPE=0 ROWS=2 DIM=256 CORES=2 BLOCK_FACTOR=2 ROW_FACTOR=1 UB_FACTOR=256 STATUS=FAIL SYNC_STATUS=0 RECENT_ERROR=<null> MATCHED_RATIO=0.00976562 MAX_ABS_ERROR=2.16133 MAX_ALLOWED=0.0021183
TILING_CASE=diag_fp32_d256_rows2_cores3:dtype=0:rows=2:dim=256:cores=3 BLOCK_FACTOR=2 ROW_FACTOR=1 UB_FACTOR=256 ALIGNED_UB_FACTOR=256
SYNC_CASE=diag_fp32_d256_rows2_cores3:dtype=0:rows=2:dim=256:cores=3 ACLRT_SYNC_STATUS=0 ACL_RECENT_ERROR=<null>
CASE=diag_fp32_d256_rows2_cores3 DTYPE=0 ROWS=2 DIM=256 CORES=3 BLOCK_FACTOR=2 ROW_FACTOR=1 UB_FACTOR=256 STATUS=FAIL SYNC_STATUS=0 RECENT_ERROR=<null> MATCHED_RATIO=0.0136719 MAX_ABS_ERROR=2.14369 MAX_ALLOWED=0.0021183
TILING_CASE=diag_fp32_d256_rows3_cores1:dtype=0:rows=3:dim=256:cores=1 BLOCK_FACTOR=1 ROW_FACTOR=3 UB_FACTOR=256 ALIGNED_UB_FACTOR=256
SYNC_CASE=diag_fp32_d256_rows3_cores1:dtype=0:rows=3:dim=256:cores=1 ACLRT_SYNC_STATUS=0 ACL_RECENT_ERROR=<null>
CASE=diag_fp32_d256_rows3_cores1 DTYPE=0 ROWS=3 DIM=256 CORES=1 BLOCK_FACTOR=1 ROW_FACTOR=3 UB_FACTOR=256 STATUS=FAIL SYNC_STATUS=0 RECENT_ERROR=<null> MATCHED_RATIO=0.0247396 MAX_ABS_ERROR=2.38315 MAX_ALLOWED=0.00237422
TILING_CASE=diag_fp32_d256_rows3_cores2:dtype=0:rows=3:dim=256:cores=2 BLOCK_FACTOR=2 ROW_FACTOR=2 UB_FACTOR=256 ALIGNED_UB_FACTOR=256
SYNC_CASE=diag_fp32_d256_rows3_cores2:dtype=0:rows=3:dim=256:cores=2 ACLRT_SYNC_STATUS=0 ACL_RECENT_ERROR=<null>
CASE=diag_fp32_d256_rows3_cores2 DTYPE=0 ROWS=3 DIM=256 CORES=2 BLOCK_FACTOR=2 ROW_FACTOR=2 UB_FACTOR=256 STATUS=FAIL SYNC_STATUS=0 RECENT_ERROR=<null> MATCHED_RATIO=0.0247396 MAX_ABS_ERROR=3.71863 MAX_ALLOWED=0.00237422
TILING_CASE=diag_fp32_d256_rows3_cores3:dtype=0:rows=3:dim=256:cores=3 BLOCK_FACTOR=3 ROW_FACTOR=1 UB_FACTOR=256 ALIGNED_UB_FACTOR=256
SYNC_CASE=diag_fp32_d256_rows3_cores3:dtype=0:rows=3:dim=256:cores=3 ACLRT_SYNC_STATUS=0 ACL_RECENT_ERROR=<null>
CASE=diag_fp32_d256_rows3_cores3 DTYPE=0 ROWS=3 DIM=256 CORES=3 BLOCK_FACTOR=3 ROW_FACTOR=1 UB_FACTOR=256 STATUS=FAIL SYNC_STATUS=0 RECENT_ERROR=<null> MATCHED_RATIO=0.00651042 MAX_ABS_ERROR=2.21444 MAX_ALLOWED=0.00237422
TILING_CASE=diag_fp32_d4096_rows1_cores1:dtype=0:rows=1:dim=4096:cores=1 BLOCK_FACTOR=1 ROW_FACTOR=1 UB_FACTOR=4096 ALIGNED_UB_FACTOR=4096
SYNC_CASE=diag_fp32_d4096_rows1_cores1:dtype=0:rows=1:dim=4096:cores=1 ACLRT_SYNC_STATUS=0 ACL_RECENT_ERROR=<null>
CASE=diag_fp32_d4096_rows1_cores1 DTYPE=0 ROWS=1 DIM=4096 CORES=1 BLOCK_FACTOR=1 ROW_FACTOR=1 UB_FACTOR=4096 STATUS=FAIL SYNC_STATUS=0 RECENT_ERROR=<null> MATCHED_RATIO=0.0229492 MAX_ABS_ERROR=1.552e+10 MAX_ALLOWED=0.00230357
TILING_CASE=diag_fp32_d4096_rows1_cores2:dtype=0:rows=1:dim=4096:cores=2 BLOCK_FACTOR=1 ROW_FACTOR=1 UB_FACTOR=4096 ALIGNED_UB_FACTOR=4096
SYNC_CASE=diag_fp32_d4096_rows1_cores2:dtype=0:rows=1:dim=4096:cores=2 ACLRT_SYNC_STATUS=0 ACL_RECENT_ERROR=<null>
CASE=diag_fp32_d4096_rows1_cores2 DTYPE=0 ROWS=1 DIM=4096 CORES=2 BLOCK_FACTOR=1 ROW_FACTOR=1 UB_FACTOR=4096 STATUS=FAIL SYNC_STATUS=0 RECENT_ERROR=<null> MATCHED_RATIO=0.0229492 MAX_ABS_ERROR=1.11365e+09 MAX_ALLOWED=0.00230357
TILING_CASE=diag_fp32_d4096_rows1_cores3:dtype=0:rows=1:dim=4096:cores=3 BLOCK_FACTOR=1 ROW_FACTOR=1 UB_FACTOR=4096 ALIGNED_UB_FACTOR=4096
SYNC_CASE=diag_fp32_d4096_rows1_cores3:dtype=0:rows=1:dim=4096:cores=3 ACLRT_SYNC_STATUS=0 ACL_RECENT_ERROR=<null>
CASE=diag_fp32_d4096_rows1_cores3 DTYPE=0 ROWS=1 DIM=4096 CORES=3 BLOCK_FACTOR=1 ROW_FACTOR=1 UB_FACTOR=4096 STATUS=FAIL SYNC_STATUS=0 RECENT_ERROR=<null> MATCHED_RATIO=0.0229492 MAX_ABS_ERROR=4.43665e+10 MAX_ALLOWED=0.00230357
TILING_CASE=diag_fp32_d4096_rows2_cores1:dtype=0:rows=2:dim=4096:cores=1 BLOCK_FACTOR=1 ROW_FACTOR=2 UB_FACTOR=4096 ALIGNED_UB_FACTOR=4096
SYNC_CASE=diag_fp32_d4096_rows2_cores1:dtype=0:rows=2:dim=4096:cores=1 ACLRT_SYNC_STATUS=0 ACL_RECENT_ERROR=<null>
CASE=diag_fp32_d4096_rows2_cores1 DTYPE=0 ROWS=2 DIM=4096 CORES=1 BLOCK_FACTOR=1 ROW_FACTOR=2 UB_FACTOR=4096 STATUS=FAIL SYNC_STATUS=0 RECENT_ERROR=<null> MATCHED_RATIO=0.0230713 MAX_ABS_ERROR=2.38719 MAX_ALLOWED=0.00236953
TILING_CASE=diag_fp32_d4096_rows2_cores2:dtype=0:rows=2:dim=4096:cores=2 BLOCK_FACTOR=2 ROW_FACTOR=1 UB_FACTOR=4096 ALIGNED_UB_FACTOR=4096
SYNC_CASE=diag_fp32_d4096_rows2_cores2:dtype=0:rows=2:dim=4096:cores=2 ACLRT_SYNC_STATUS=0 ACL_RECENT_ERROR=<null>
CASE=diag_fp32_d4096_rows2_cores2 DTYPE=0 ROWS=2 DIM=4096 CORES=2 BLOCK_FACTOR=2 ROW_FACTOR=1 UB_FACTOR=4096 STATUS=FAIL SYNC_STATUS=0 RECENT_ERROR=<null> MATCHED_RATIO=0.0230713 MAX_ABS_ERROR=3.88865e+09 MAX_ALLOWED=0.00236953
TILING_CASE=diag_fp32_d4096_rows2_cores3:dtype=0:rows=2:dim=4096:cores=3 BLOCK_FACTOR=2 ROW_FACTOR=1 UB_FACTOR=4096 ALIGNED_UB_FACTOR=4096
SYNC_CASE=diag_fp32_d4096_rows2_cores3:dtype=0:rows=2:dim=4096:cores=3 ACLRT_SYNC_STATUS=0 ACL_RECENT_ERROR=<null>
CASE=diag_fp32_d4096_rows2_cores3 DTYPE=0 ROWS=2 DIM=4096 CORES=3 BLOCK_FACTOR=2 ROW_FACTOR=1 UB_FACTOR=4096 STATUS=FAIL SYNC_STATUS=0 RECENT_ERROR=<null> MATCHED_RATIO=0.0230713 MAX_ABS_ERROR=8.87621e+09 MAX_ALLOWED=0.00236953
TILING_CASE=diag_fp32_d4096_rows3_cores1:dtype=0:rows=3:dim=4096:cores=1 BLOCK_FACTOR=1 ROW_FACTOR=3 UB_FACTOR=3744 ALIGNED_UB_FACTOR=3744
SYNC_CASE=diag_fp32_d4096_rows3_cores1:dtype=0:rows=3:dim=4096:cores=1 ACLRT_SYNC_STATUS=0 ACL_RECENT_ERROR=<null>
CASE=diag_fp32_d4096_rows3_cores1 DTYPE=0 ROWS=3 DIM=4096 CORES=1 BLOCK_FACTOR=1 ROW_FACTOR=3 UB_FACTOR=3744 STATUS=FAIL SYNC_STATUS=0 RECENT_ERROR=<null> MATCHED_RATIO=0.0231934 MAX_ABS_ERROR=5.94917 MAX_ALLOWED=0.00236953
TILING_CASE=diag_fp32_d4096_rows3_cores2:dtype=0:rows=3:dim=4096:cores=2 BLOCK_FACTOR=2 ROW_FACTOR=2 UB_FACTOR=4096 ALIGNED_UB_FACTOR=4096
SYNC_CASE=diag_fp32_d4096_rows3_cores2:dtype=0:rows=3:dim=4096:cores=2 ACLRT_SYNC_STATUS=0 ACL_RECENT_ERROR=<null>
CASE=diag_fp32_d4096_rows3_cores2 DTYPE=0 ROWS=3 DIM=4096 CORES=2 BLOCK_FACTOR=2 ROW_FACTOR=2 UB_FACTOR=4096 STATUS=FAIL SYNC_STATUS=0 RECENT_ERROR=<null> MATCHED_RATIO=0.0227865 MAX_ABS_ERROR=7.66986e+08 MAX_ALLOWED=0.00236953
TILING_CASE=diag_fp32_d4096_rows3_cores3:dtype=0:rows=3:dim=4096:cores=3 BLOCK_FACTOR=3 ROW_FACTOR=1 UB_FACTOR=4096 ALIGNED_UB_FACTOR=4096
SYNC_CASE=diag_fp32_d4096_rows3_cores3:dtype=0:rows=3:dim=4096:cores=3 ACLRT_SYNC_STATUS=0 ACL_RECENT_ERROR=<null>
CASE=diag_fp32_d4096_rows3_cores3 DTYPE=0 ROWS=3 DIM=4096 CORES=3 BLOCK_FACTOR=3 ROW_FACTOR=1 UB_FACTOR=4096 STATUS=FAIL SYNC_STATUS=0 RECENT_ERROR=<null> MATCHED_RATIO=0.023112 MAX_ABS_ERROR=2.37031 MAX_ALLOWED=0.00236953
TILING_CASE=diag_fp32_d8192_rows1_cores1:dtype=0:rows=1:dim=8192:cores=1 BLOCK_FACTOR=1 ROW_FACTOR=1 UB_FACTOR=7504 ALIGNED_UB_FACTOR=7504
SYNC_CASE=diag_fp32_d8192_rows1_cores1:dtype=0:rows=1:dim=8192:cores=1 ACLRT_SYNC_STATUS=0 ACL_RECENT_ERROR=<null>
CASE=diag_fp32_d8192_rows1_cores1 DTYPE=0 ROWS=1 DIM=8192 CORES=1 BLOCK_FACTOR=1 ROW_FACTOR=1 UB_FACTOR=7504 STATUS=FAIL SYNC_STATUS=0 RECENT_ERROR=<null> MATCHED_RATIO=0.0229492 MAX_ABS_ERROR=5.37313 MAX_ALLOWED=0.00236128
TILING_CASE=diag_fp32_d8192_rows1_cores2:dtype=0:rows=1:dim=8192:cores=2 BLOCK_FACTOR=1 ROW_FACTOR=1 UB_FACTOR=7504 ALIGNED_UB_FACTOR=7504
SYNC_CASE=diag_fp32_d8192_rows1_cores2:dtype=0:rows=1:dim=8192:cores=2 ACLRT_SYNC_STATUS=0 ACL_RECENT_ERROR=<null>
CASE=diag_fp32_d8192_rows1_cores2 DTYPE=0 ROWS=1 DIM=8192 CORES=2 BLOCK_FACTOR=1 ROW_FACTOR=1 UB_FACTOR=7504 STATUS=FAIL SYNC_STATUS=0 RECENT_ERROR=<null> MATCHED_RATIO=0.0229492 MAX_ABS_ERROR=204.684 MAX_ALLOWED=0.00236128
TILING_CASE=diag_fp32_d8192_rows1_cores3:dtype=0:rows=1:dim=8192:cores=3 BLOCK_FACTOR=1 ROW_FACTOR=1 UB_FACTOR=7504 ALIGNED_UB_FACTOR=7504
SYNC_CASE=diag_fp32_d8192_rows1_cores3:dtype=0:rows=1:dim=8192:cores=3 ACLRT_SYNC_STATUS=0 ACL_RECENT_ERROR=<null>
CASE=diag_fp32_d8192_rows1_cores3 DTYPE=0 ROWS=1 DIM=8192 CORES=3 BLOCK_FACTOR=1 ROW_FACTOR=1 UB_FACTOR=7504 STATUS=FAIL SYNC_STATUS=0 RECENT_ERROR=<null> MATCHED_RATIO=0.0229492 MAX_ABS_ERROR=476.193 MAX_ALLOWED=0.00236128
TILING_CASE=diag_fp32_d8192_rows2_cores1:dtype=0:rows=2:dim=8192:cores=1 BLOCK_FACTOR=1 ROW_FACTOR=2 UB_FACTOR=5000 ALIGNED_UB_FACTOR=5000
SYNC_CASE=diag_fp32_d8192_rows2_cores1:dtype=0:rows=2:dim=8192:cores=1 ACLRT_SYNC_STATUS=0 ACL_RECENT_ERROR=<null>
CASE=diag_fp32_d8192_rows2_cores1 DTYPE=0 ROWS=2 DIM=8192 CORES=1 BLOCK_FACTOR=1 ROW_FACTOR=2 UB_FACTOR=5000 STATUS=FAIL SYNC_STATUS=0 RECENT_ERROR=<null> MATCHED_RATIO=0.0228271 MAX_ABS_ERROR=161.048 MAX_ALLOWED=0.00236809
TILING_CASE=diag_fp32_d8192_rows2_cores2:dtype=0:rows=2:dim=8192:cores=2 BLOCK_FACTOR=2 ROW_FACTOR=1 UB_FACTOR=7504 ALIGNED_UB_FACTOR=7504
SYNC_CASE=diag_fp32_d8192_rows2_cores2:dtype=0:rows=2:dim=8192:cores=2 ACLRT_SYNC_STATUS=0 ACL_RECENT_ERROR=<null>
CASE=diag_fp32_d8192_rows2_cores2 DTYPE=0 ROWS=2 DIM=8192 CORES=2 BLOCK_FACTOR=2 ROW_FACTOR=1 UB_FACTOR=7504 STATUS=FAIL SYNC_STATUS=0 RECENT_ERROR=<null> MATCHED_RATIO=0.0228882 MAX_ABS_ERROR=4.98038 MAX_ALLOWED=0.00236809
TILING_CASE=diag_fp32_d8192_rows2_cores3:dtype=0:rows=2:dim=8192:cores=3 BLOCK_FACTOR=2 ROW_FACTOR=1 UB_FACTOR=7504 ALIGNED_UB_FACTOR=7504
SYNC_CASE=diag_fp32_d8192_rows2_cores3:dtype=0:rows=2:dim=8192:cores=3 ACLRT_SYNC_STATUS=0 ACL_RECENT_ERROR=<null>
CASE=diag_fp32_d8192_rows2_cores3 DTYPE=0 ROWS=2 DIM=8192 CORES=3 BLOCK_FACTOR=2 ROW_FACTOR=1 UB_FACTOR=7504 STATUS=FAIL SYNC_STATUS=0 RECENT_ERROR=<null> MATCHED_RATIO=0.0218506 MAX_ABS_ERROR=5.49621 MAX_ALLOWED=0.00236809
TILING_CASE=diag_fp32_d8192_rows3_cores1:dtype=0:rows=3:dim=8192:cores=1 BLOCK_FACTOR=1 ROW_FACTOR=3 UB_FACTOR=3744 ALIGNED_UB_FACTOR=3744
SYNC_CASE=diag_fp32_d8192_rows3_cores1:dtype=0:rows=3:dim=8192:cores=1 ACLRT_SYNC_STATUS=0 ACL_RECENT_ERROR=<null>
CASE=diag_fp32_d8192_rows3_cores1 DTYPE=0 ROWS=3 DIM=8192 CORES=1 BLOCK_FACTOR=1 ROW_FACTOR=3 UB_FACTOR=3744 STATUS=FAIL SYNC_STATUS=0 RECENT_ERROR=<null> MATCHED_RATIO=0.0226644 MAX_ABS_ERROR=2.79018 MAX_ALLOWED=0.00236809
TILING_CASE=diag_fp32_d8192_rows3_cores2:dtype=0:rows=3:dim=8192:cores=2 BLOCK_FACTOR=2 ROW_FACTOR=2 UB_FACTOR=5000 ALIGNED_UB_FACTOR=5000
SYNC_CASE=diag_fp32_d8192_rows3_cores2:dtype=0:rows=3:dim=8192:cores=2 ACLRT_SYNC_STATUS=0 ACL_RECENT_ERROR=<null>
CASE=diag_fp32_d8192_rows3_cores2 DTYPE=0 ROWS=3 DIM=8192 CORES=2 BLOCK_FACTOR=2 ROW_FACTOR=2 UB_FACTOR=5000 STATUS=FAIL SYNC_STATUS=0 RECENT_ERROR=<null> MATCHED_RATIO=0.0229899 MAX_ABS_ERROR=55.3065 MAX_ALLOWED=0.00236809
TILING_CASE=diag_fp32_d8192_rows3_cores3:dtype=0:rows=3:dim=8192:cores=3 BLOCK_FACTOR=3 ROW_FACTOR=1 UB_FACTOR=7504 ALIGNED_UB_FACTOR=7504
SYNC_CASE=diag_fp32_d8192_rows3_cores3:dtype=0:rows=3:dim=8192:cores=3 ACLRT_SYNC_STATUS=0 ACL_RECENT_ERROR=<null>
CASE=diag_fp32_d8192_rows3_cores3 DTYPE=0 ROWS=3 DIM=8192 CORES=3 BLOCK_FACTOR=3 ROW_FACTOR=1 UB_FACTOR=7504 STATUS=FAIL SYNC_STATUS=0 RECENT_ERROR=<null> MATCHED_RATIO=0.023234 MAX_ABS_ERROR=101.756 MAX_ALLOWED=0.00236809
SCALAR_ALIGN_CORRECTNESS_EXIT=1
