HOST=hwnput3
2026-09-23T22:15:44+00:00
CMD=cmake --build build3 --target ext_device -j2
d653b9ef35c7c4ce5bf8e7b0133da9a914bde600fd647876927a8df095302354  src/source-meta.json
3d1e6bfc8fb8d3c31ddc1210d28189377dd892903bae452cc647051ef1a4b42e  src/submission.asc
56163104edd986446b4124f6fda021b98038e13e76add0fbb44504e89572b1c2  src/local_full.asc
Consolidate compiler generated dependencies of target ext_device
[100%] Building ASC object CMakeFiles/ext_device.dir/device_wrap.asc.o
In file included from /home/data4t2/lelinfeng/phase4-review-repro/EXT-ASCEND-X-V001/src/device_wrap.asc:2:
/home/data4t2/lelinfeng/phase4-review-repro/EXT-ASCEND-X-V001/src/submission.asc:496:21: warning: reinterpret_cast from '__gm__ unsigned char **' to 'void **' changes address space of nested pointers [-Wincompatible-pointer-types-discards-qualifiers]
1 warning generated.
Warning: please refer to the above warning message. 
In file included from /home/data4t2/lelinfeng/phase4-review-repro/EXT-ASCEND-X-V001/src/device_wrap.asc:2:
/home/data4t2/lelinfeng/phase4-review-repro/EXT-ASCEND-X-V001/src/submission.asc:496:21: warning: reinterpret_cast from '__gm__ unsigned char **' to 'void **' changes address space of nested pointers [-Wincompatible-pointer-types-discards-qualifiers]
1 warning generated.
Warning: please refer to the above warning message. 
[100%] Built target ext_device
EXT_DEVICE_EXIT=0
CMD=cmake --build build3 --target ext_submission -j2
Consolidate compiler generated dependencies of target ext_submission
[100%] Building ASC object CMakeFiles/ext_submission.dir/submission_wrap.asc.o
In file included from /home/data4t2/lelinfeng/phase4-review-repro/EXT-ASCEND-X-V001/src/submission_wrap.asc:2:
/home/data4t2/lelinfeng/phase4-review-repro/EXT-ASCEND-X-V001/src/submission.asc:496:21: warning: reinterpret_cast from '__gm__ unsigned char **' to 'void **' changes address space of nested pointers [-Wincompatible-pointer-types-discards-qualifiers]
1 warning generated.
Warning: please refer to the above warning message. 
In file included from /home/data4t2/lelinfeng/phase4-review-repro/EXT-ASCEND-X-V001/src/submission_wrap.asc:2:
/home/data4t2/lelinfeng/phase4-review-repro/EXT-ASCEND-X-V001/src/submission.asc:496:21: warning: reinterpret_cast from '__gm__ unsigned char **' to 'void **' changes address space of nested pointers [-Wincompatible-pointer-types-discards-qualifiers]
1 warning generated.
Warning: please refer to the above warning message. 
[100%] Built target ext_submission
EXT_SUBMISSION_EXIT=0
CMD=cmake --build build3 --target ext_correctness -j2
Consolidate compiler generated dependencies of target ext_correctness
[ 50%] Building ASC object CMakeFiles/ext_correctness.dir/local_full.asc.o
In file included from /home/data4t2/lelinfeng/phase4-review-repro/EXT-ASCEND-X-V001/src/local_full.asc:28:
/home/data4t2/lelinfeng/phase4-review-repro/EXT-ASCEND-X-V001/src/submission.asc:496:21: warning: reinterpret_cast from '__gm__ unsigned char **' to 'void **' changes address space of nested pointers [-Wincompatible-pointer-types-discards-qualifiers]
/home/data4t2/lelinfeng/phase4-review-repro/EXT-ASCEND-X-V001/src/local_full.asc:113:21: warning: reinterpret_cast from '__gm__ unsigned char **' to 'void **' changes address space of nested pointers [-Wincompatible-pointer-types-discards-qualifiers]
/home/data4t2/lelinfeng/phase4-review-repro/EXT-ASCEND-X-V001/src/local_full.asc:184:26: warning: reinterpret_cast from '__gm__ unsigned char **' to 'void **' changes address space of nested pointers [-Wincompatible-pointer-types-discards-qualifiers]
3 warnings generated.
Warning: please refer to the above warning message. 
Warning: please refer to the above warning message. 
Warning: please refer to the above warning message. 
In file included from /home/data4t2/lelinfeng/phase4-review-repro/EXT-ASCEND-X-V001/src/local_full.asc:28:
/home/data4t2/lelinfeng/phase4-review-repro/EXT-ASCEND-X-V001/src/submission.asc:496:21: warning: reinterpret_cast from '__gm__ unsigned char **' to 'void **' changes address space of nested pointers [-Wincompatible-pointer-types-discards-qualifiers]
/home/data4t2/lelinfeng/phase4-review-repro/EXT-ASCEND-X-V001/src/local_full.asc:113:21: warning: reinterpret_cast from '__gm__ unsigned char **' to 'void **' changes address space of nested pointers [-Wincompatible-pointer-types-discards-qualifiers]
/home/data4t2/lelinfeng/phase4-review-repro/EXT-ASCEND-X-V001/src/local_full.asc:184:26: warning: reinterpret_cast from '__gm__ unsigned char **' to 'void **' changes address space of nested pointers [-Wincompatible-pointer-types-discards-qualifiers]
3 warnings generated.
Warning: please refer to the above warning message. 
Warning: please refer to the above warning message. 
Warning: please refer to the above warning message. 
[100%] Linking ASC executable ext_correctness
[100%] Built target ext_correctness
EXT_CORRECTNESS_FULL_LINK_EXIT=0
