HOST=hwnput3
2026-09-23T22:23:17+00:00
CMD=cmake --build build3 --target ext_device -j2
41031f4b207e47b51b1452bd3f4b6f4fd8cb304c26651bcde55ffe2a87a15758  src/source-meta.json
bd2b18cedf25ee4cb51a63690a1e2e4f48a9fa18766674f7401aa24b56072b8a  src/submission.asc
56163104edd986446b4124f6fda021b98038e13e76add0fbb44504e89572b1c2  src/local_full.asc
Consolidate compiler generated dependencies of target ext_device
[100%] Building ASC object CMakeFiles/ext_device.dir/device_wrap.asc.o
In file included from /home/data4t2/lelinfeng/phase4-review-repro/EXT-ASCEND-X-V001/src/device_wrap.asc:2:
/home/data4t2/lelinfeng/phase4-review-repro/EXT-ASCEND-X-V001/src/submission.asc:506:21: warning: reinterpret_cast from '__gm__ unsigned char **' to 'void **' changes address space of nested pointers [-Wincompatible-pointer-types-discards-qualifiers]
1 warning generated.
Warning: please refer to the above warning message. 
In file included from /home/data4t2/lelinfeng/phase4-review-repro/EXT-ASCEND-X-V001/src/device_wrap.asc:2:
/home/data4t2/lelinfeng/phase4-review-repro/EXT-ASCEND-X-V001/src/submission.asc:506:21: warning: reinterpret_cast from '__gm__ unsigned char **' to 'void **' changes address space of nested pointers [-Wincompatible-pointer-types-discards-qualifiers]
1 warning generated.
Warning: please refer to the above warning message. 
[100%] Built target ext_device
EXT_DEVICE_EXIT=0
CMD=cmake --build build3 --target ext_submission -j2
Consolidate compiler generated dependencies of target ext_submission
[100%] Building ASC object CMakeFiles/ext_submission.dir/submission_wrap.asc.o
In file included from /home/data4t2/lelinfeng/phase4-review-repro/EXT-ASCEND-X-V001/src/submission_wrap.asc:2:
/home/data4t2/lelinfeng/phase4-review-repro/EXT-ASCEND-X-V001/src/submission.asc:506:21: warning: reinterpret_cast from '__gm__ unsigned char **' to 'void **' changes address space of nested pointers [-Wincompatible-pointer-types-discards-qualifiers]
1 warning generated.
Warning: please refer to the above warning message. 
In file included from /home/data4t2/lelinfeng/phase4-review-repro/EXT-ASCEND-X-V001/src/submission_wrap.asc:2:
/home/data4t2/lelinfeng/phase4-review-repro/EXT-ASCEND-X-V001/src/submission.asc:506:21: warning: reinterpret_cast from '__gm__ unsigned char **' to 'void **' changes address space of nested pointers [-Wincompatible-pointer-types-discards-qualifiers]
1 warning generated.
Warning: please refer to the above warning message. 
[100%] Built target ext_submission
EXT_SUBMISSION_EXIT=0
CMD=cmake --build build3 --target ext_correctness -j2
Consolidate compiler generated dependencies of target ext_correctness
[ 50%] Building ASC object CMakeFiles/ext_correctness.dir/local_full.asc.o
In file included from /home/data4t2/lelinfeng/phase4-review-repro/EXT-ASCEND-X-V001/src/local_full.asc:28:
/home/data4t2/lelinfeng/phase4-review-repro/EXT-ASCEND-X-V001/src/submission.asc:506:21: warning: reinterpret_cast from '__gm__ unsigned char **' to 'void **' changes address space of nested pointers [-Wincompatible-pointer-types-discards-qualifiers]
/home/data4t2/lelinfeng/phase4-review-repro/EXT-ASCEND-X-V001/src/local_full.asc:113:21: warning: reinterpret_cast from '__gm__ unsigned char **' to 'void **' changes address space of nested pointers [-Wincompatible-pointer-types-discards-qualifiers]
/home/data4t2/lelinfeng/phase4-review-repro/EXT-ASCEND-X-V001/src/local_full.asc:184:26: warning: reinterpret_cast from '__gm__ unsigned char **' to 'void **' changes address space of nested pointers [-Wincompatible-pointer-types-discards-qualifiers]
3 warnings generated.
Warning: please refer to the above warning message. 
Warning: please refer to the above warning message. 
Warning: please refer to the above warning message. 
In file included from /home/data4t2/lelinfeng/phase4-review-repro/EXT-ASCEND-X-V001/src/local_full.asc:28:
/home/data4t2/lelinfeng/phase4-review-repro/EXT-ASCEND-X-V001/src/submission.asc:506:21: warning: reinterpret_cast from '__gm__ unsigned char **' to 'void **' changes address space of nested pointers [-Wincompatible-pointer-types-discards-qualifiers]
/home/data4t2/lelinfeng/phase4-review-repro/EXT-ASCEND-X-V001/src/local_full.asc:113:21: warning: reinterpret_cast from '__gm__ unsigned char **' to 'void **' changes address space of nested pointers [-Wincompatible-pointer-types-discards-qualifiers]
/home/data4t2/lelinfeng/phase4-review-repro/EXT-ASCEND-X-V001/src/local_full.asc:184:26: warning: reinterpret_cast from '__gm__ unsigned char **' to 'void **' changes address space of nested pointers [-Wincompatible-pointer-types-discards-qualifiers]
3 warnings generated.
Warning: please refer to the above warning message. 
Warning: please refer to the above warning message. 
Warning: please refer to the above warning message. 
[100%] Linking ASC executable ext_correctness
[100%] Built target ext_correctness
EXT_CORRECTNESS_FULL_LINK_EXIT=0
