ROUTE=SYNC-BARRIER-ELISION-X
REVISION=V034
DIRECT_PARENT=R31B-V011
PARENT_SOURCE_SHA256=a8c19a1972207acc67e3fb0cd393cc70b0a4b183d1eaf5610edf80c2879b15e3
CANDIDATE_SOURCE_SHA256=a2a190e38cf9a5fa7de578780cdcec8c5a13f2dc4c863a2078fee22751ddbf71
COMPILE=PASS
HOST=hwnput3
USER=lelinfeng
SOC=Ascend910B3
NPU_ARCH=dav-2201
DEVICE=3
BUILD_DIR=/tmp/sync-barrier-elision-v034.EU4JH1
CORRECTNESS_START=2026-10-07T20:07:08Z
[ 50%] Building ASC object CMakeFiles/sync_barrier_elision_correctness.dir/support/correctness_runner.asc.o
[100%] Linking ASC executable sync_barrier_elision_correctness
[100%] Built target sync_barrier_elision_correctness
CORRECTNESS_RUNNER_BUILD_RC=0

===== PRE-RUN DEVICE SNAPSHOT =====
+------------------------------------------------------------------------------------------------+
| npu-smi 25.0.rc1.1               Version: 25.0.rc1.1                                           |
+---------------------------+---------------+----------------------------------------------------+
| NPU   Name                | Health        | Power(W)    Temp(C)           Hugepages-Usage(page)|
| Chip                      | Bus-Id        | AICore(%)   Memory-Usage(MB)  HBM-Usage(MB)        |
+===========================+===============+====================================================+
| 0     910B3               | OK            | 93.0        35                0    / 0             |
| 0                         | 0000:C1:00.0  | 0           0    / 0          3429 / 65536         |
+===========================+===============+====================================================+
| 1     910B3               | OK            | 99.9        37                0    / 0             |
| 0                         | 0000:C2:00.0  | 0           0    / 0          9174 / 65536         |
+===========================+===============+====================================================+
| 2     910B3               | OK            | 99.3        39                0    / 0             |
| 0                         | 0000:81:00.0  | 1           0    / 0          7456 / 65536         |
+===========================+===============+====================================================+
| 3     910B3               | OK            | 94.1        36                0    / 0             |
| 0                         | 0000:82:00.0  | 0           0    / 0          3426 / 65536         |
+===========================+===============+====================================================+
| 4     910B3               | OK            | 204.7       60                0    / 0             |
| 0                         | 0000:01:00.0  | 57          0    / 0          59257/ 65536         |
+===========================+===============+====================================================+
| 5     910B3               | OK            | 167.1       55                0    / 0             |
| 0                         | 0000:02:00.0  | 44          0    / 0          60222/ 65536         |
+===========================+===============+====================================================+
| 6     910B3               | OK            | 176.2       53                0    / 0             |
| 0                         | 0000:41:00.0  | 43          0    / 0          60221/ 65536         |
+===========================+===============+====================================================+
| 7     910B3               | OK            | 99.0        42                0    / 0             |
| 0                         | 0000:42:00.0  | 0           0    / 0          24790/ 65536         |
+===========================+===============+====================================================+
+---------------------------+---------------+----------------------------------------------------+
| NPU     Chip              | Process id    | Process name             | Process memory(MB)      |
+===========================+===============+====================================================+
| No running processes found in NPU 0                                                            |
+===========================+===============+====================================================+
| 1       0                 | 3150467       | python                   | 5746                    |
+===========================+===============+====================================================+
| 2       0                 | 1935458       | python                   | 4088                    |
+===========================+===============+====================================================+
| No running processes found in NPU 3                                                            |
+===========================+===============+====================================================+
| 4       0                 | 1345074       | clx_ref_candida          | 115                     |
| 4       0                 | 2999855       | VLLMEngineCor            | 55666                   |
+===========================+===============+====================================================+
| 5       0                 | 89602         | VLLMWorker_TP            | 56700                   |
+===========================+===============+====================================================+
| 6       0                 | 91228         | VLLMWorker_TP            | 56701                   |
+===========================+===============+====================================================+
| 7       0                 | 439848        | python3                  | 21260                   |
+===========================+===============+====================================================+
PREFLIGHT=PASS_DEVICE3_NO_PROCESS_AICORE_0
CORRECTNESS device=3 dtype=fp16 rows=8 width=128 parent_candidate_bit_mismatch=1023 result=FAIL
CORRECTNESS_RUN_RC=3

===== POST-RUN DEVICE SNAPSHOT =====
+------------------------------------------------------------------------------------------------+
| npu-smi 25.0.rc1.1               Version: 25.0.rc1.1                                           |
+---------------------------+---------------+----------------------------------------------------+
| NPU   Name                | Health        | Power(W)    Temp(C)           Hugepages-Usage(page)|
| Chip                      | Bus-Id        | AICore(%)   Memory-Usage(MB)  HBM-Usage(MB)        |
+===========================+===============+====================================================+
| 0     910B3               | OK            | 94.1        35                0    / 0             |
| 0                         | 0000:C1:00.0  | 0           0    / 0          3429 / 65536         |
+===========================+===============+====================================================+
| 1     910B3               | OK            | 100.2       37                0    / 0             |
| 0                         | 0000:C2:00.0  | 0           0    / 0          9174 / 65536         |
+===========================+===============+====================================================+
| 2     910B3               | OK            | 99.3        39                0    / 0             |
| 0                         | 0000:81:00.0  | 1           0    / 0          7456 / 65536         |
+===========================+===============+====================================================+
| 3     910B3               | OK            | 92.7        36                0    / 0             |
| 0                         | 0000:82:00.0  | 0           0    / 0          3428 / 65536         |
+===========================+===============+====================================================+
| 4     910B3               | OK            | 302.1       59                0    / 0             |
| 0                         | 0000:01:00.0  | 64          0    / 0          59214/ 65536         |
+===========================+===============+====================================================+
| 5     910B3               | OK            | 171.3       55                0    / 0             |
| 0                         | 0000:02:00.0  | 44          0    / 0          60222/ 65536         |
+===========================+===============+====================================================+
| 6     910B3               | OK            | 170.7       53                0    / 0             |
| 0                         | 0000:41:00.0  | 44          0    / 0          60221/ 65536         |
+===========================+===============+====================================================+
| 7     910B3               | OK            | 98.3        41                0    / 0             |
| 0                         | 0000:42:00.0  | 0           0    / 0          24790/ 65536         |
+===========================+===============+====================================================+
+---------------------------+---------------+----------------------------------------------------+
| NPU     Chip              | Process id    | Process name             | Process memory(MB)      |
+===========================+===============+====================================================+
| No running processes found in NPU 0                                                            |
+===========================+===============+====================================================+
| 1       0                 | 3150467       | python                   | 5746                    |
+===========================+===============+====================================================+
| 2       0                 | 1935458       | python                   | 4088                    |
+===========================+===============+====================================================+
| No running processes found in NPU 3                                                            |
+===========================+===============+====================================================+
| 4       0                 | 2999855       | VLLMEngineCor            | 55666                   |
+===========================+===============+====================================================+
| 5       0                 | 89602         | VLLMWorker_TP            | 56700                   |
+===========================+===============+====================================================+
| 6       0                 | 91228         | VLLMWorker_TP            | 56701                   |
+===========================+===============+====================================================+
| 7       0                 | 439848        | python3                  | 21260                   |
+===========================+===============+====================================================+
CORRECTNESS_END=2026-10-07T20:07:42Z
EVIDENCE_LOG=本地实验/SYNC-BARRIER-ELISION-X/V034/logs/correctness-local-20261007T200650Z.log
