=== UB-LIVENESS-X compile 2026-09-23T21:54:01Z ===
ASCEND_HOME_PATH=/usr/local/Ascend/ascend-toolkit/8.5.0.alpha002
SOC: Ascend910B3 arch dav-2201
--- cmake ---
CMake Warning at /usr/local/Ascend/ascend-toolkit/8.5.0.alpha002/aarch64-linux/tikcpp/ascendc_kernel_cmake/ASC_CMake/CMakeDetermineASCCompiler.cmake:7 (message):
  ASCEND_CANN_PACKAGE_PATH is not set.  Set to env variable ASCEND_HOME_PATH.
Call Stack (most recent call first):
  CMakeLists.txt:10 (project)


-- CMAKE_ASC_COMPILER: /usr/local/Ascend/ascend-toolkit/8.5.0.alpha002/aarch64-linux/ccec_compiler/bin/bisheng
CMake Warning at /usr/local/Ascend/ascend-toolkit/8.5.0.alpha002/aarch64-linux/tikcpp/ascendc_kernel_cmake/ASC_CMake/CMakeDetermineASCCompiler.cmake:47 (message):
  CMAKE_BUILD_TYPE is not set.  Set to default value Release.
Call Stack (most recent call first):
  CMakeLists.txt:10 (project)


CMake Warning at /usr/local/Ascend/ascend-toolkit/8.5.0.alpha002/aarch64-linux/tikcpp/ascendc_kernel_cmake/ASC_CMake/CMakeDetermineASCCompiler.cmake:57 (message):
  CMAKE_INSTALL_PREFIX is not set.  Set to default value
  /home/data4t2/lelinfeng/phase4-workspaces/UB-LIVENESS-X/out.
Call Stack (most recent call first):
  CMakeLists.txt:10 (project)


-- SOC_VERSION: Ascend910B3
-- CMAKE_BUILD_TYPE: Release
-- CMAKE_INSTALL_PREFIX: /home/data4t2/lelinfeng/phase4-workspaces/UB-LIVENESS-X/out
-- ASCEND_CANN_PACKAGE_PATH: /usr/local/Ascend/ascend-toolkit/8.5.0.alpha002
-- CMAKE_ASC_LLD_LINKER: /usr/local/Ascend/ascend-toolkit/8.5.0.alpha002/tools/ccec_compiler/bin/ld.lld
-- The CXX compiler identification is GNU 11.4.0
-- Detecting CXX compiler ABI info
-- Detecting CXX compiler ABI info - done
-- Check for working CXX compiler: /usr/bin/c++ - skipped
-- Detecting CXX compile features
-- Detecting CXX compile features - done
-- Configuring done
-- Generating done
CMake Warning:
  Manually-specified variables were not used by the project:

    ASC_DIR
    CMAKE_C_FLAGS


-- Build files have been written to: /home/data4t2/lelinfeng/phase4-workspaces/UB-LIVENESS-X/build
--- device compile ---
[100%] Building ASC object CMakeFiles/ub_liveness_x_device.dir/submission_shim.asc.o
[100%] Built target ub_liveness_x_device
--- submission compile ---
[100%] Building ASC object CMakeFiles/ub_liveness_x_submission.dir/submission_shim.asc.o
[100%] Built target ub_liveness_x_submission
--- full link ---
[ 50%] Building ASC object CMakeFiles/ub_liveness_x_full_link.dir/main.asc.o
[100%] Linking ASC executable ub_liveness_x_full_link
[100%] Built target ub_liveness_x_full_link
=== COMPILE_OK ===
