ROUTE=STAGING-LIVENESS-X
REVISION=V034
STAGE=SUPPORT_COMPILE
RUN_ID=20261007T224834Z
CMAKE_BUILD_TYPE=Release
CANDIDATE_SHA256=75131108d32bc587c3c289d53ded04a15c5224417c675cb37a46df032e104d33  本地实验/STAGING-LIVENESS-X/V034/src/submission.asc
SUPPORT_WRAPPER_SHA256=cdba35ed7830ebdf29f545e373b60e413561e065db0f4556427949225b19e62a  route_support/STAGING-LIVENESS-X/V034/exact_source_kernel.cpp
RUNNER_CMAKE_SHA256=308dbcfa3b0e028f76ad55a0c09ff486a1aea8aa8256e020055d6b48291a1f3a  本地实验/STAGING-LIVENESS-X/V034/support/runner/CMakeLists.txt
START_UTC=2026-10-07T22:48:53Z
-- The CXX compiler identification is Clang 15.0.5
-- Detecting CXX compiler ABI info
-- Detecting CXX compiler ABI info - done
-- Check for working CXX compiler: /usr/local/Ascend/ascend-toolkit/8.5.0.alpha002/aarch64-linux/ccec_compiler/bin/bisheng - skipped
-- Detecting CXX compile features
-- Detecting CXX compile features - done
-- Pinned exact source: /home/data4t2/lelinfeng/cann-staging-liveness-x/本地实验/STAGING-LIVENESS-X/V034/src/submission.asc
-- Pinned source SHA-256: 75131108d32bc587c3c289d53ded04a15c5224417c675cb37a46df032e104d33
-- Kernel build: CANN template-aware preprocess/device/host-stub pipeline
-- Host runner entry: separate support adapter over generated exact-kernel stubs
-- Configuring done
-- Generating done
-- Build files have been written to: /home/data4t2/lelinfeng/cann-staging-liveness-x/route_support/STAGING-LIVENESS-X/V034/build/runner-cann-generated-entry-20261007T224834Z
CONFIGURE_RC=0
[  2%] Creating directories for 'v034_exact_kernel_precompile'
[  4%] No download step for 'v034_exact_kernel_precompile'
[  6%] No update step for 'v034_exact_kernel_precompile'
[  9%] No patch step for 'v034_exact_kernel_precompile'
[ 11%] Performing configure step for 'v034_exact_kernel_precompile'
-- The C compiler identification is GNU 11.4.0
-- The CXX compiler identification is GNU 11.4.0
-- Detecting C compiler ABI info
-- Detecting C compiler ABI info - done
-- Check for working C compiler: /usr/bin/cc - skipped
-- Detecting C compile features
-- Detecting C compile features - done
-- Detecting CXX compiler ABI info
-- Detecting CXX compiler ABI info - done
-- Check for working CXX compiler: /usr/bin/c++ - skipped
-- Detecting CXX compile features
-- Detecting CXX compile features - done
-- Configuring done
-- Generating done
CMake Warning:
  Manually-specified variables were not used by the project:

    DYNAMIC_MODE
    INCLUDE_DIR


-- Build files have been written to: /home/data4t2/lelinfeng/cann-staging-liveness-x/route_support/STAGING-LIVENESS-X/V034/build/runner-cann-generated-entry-20261007T224834Z/v034_exact_kernel_precompile-prefix/src/v034_exact_kernel_precompile-build
[ 13%] Performing build step for 'v034_exact_kernel_precompile'
[100%] Building CXX object CMakeFiles/precompile_obj.dir/home/data4t2/lelinfeng/cann-staging-liveness-x/route_support/STAGING-LIVENESS-X/V034/exact_source_kernel.cpp.o
[100%] Built target precompile_obj
[100%] Built target check_src_template
[ 15%] No install step for 'v034_exact_kernel_precompile'
[ 18%] Completed 'v034_exact_kernel_precompile'
[ 18%] Built target v034_exact_kernel_precompile
[ 20%] Creating directories for 'v034_exact_kernel_preprocess'
[ 22%] No download step for 'v034_exact_kernel_preprocess'
[ 25%] No update step for 'v034_exact_kernel_preprocess'
[ 27%] No patch step for 'v034_exact_kernel_preprocess'
[ 29%] Performing configure step for 'v034_exact_kernel_preprocess'
-- The C compiler identification is GNU 11.4.0
-- The CXX compiler identification is GNU 11.4.0
-- Detecting C compiler ABI info
-- Detecting C compiler ABI info - done
-- Check for working C compiler: /usr/bin/cc - skipped
-- Detecting C compile features
-- Detecting C compile features - done
-- Detecting CXX compiler ABI info
-- Detecting CXX compiler ABI info - done
-- Check for working CXX compiler: /usr/bin/c++ - skipped
-- Detecting CXX compile features
-- Detecting CXX compile features - done
-- Configuring done
-- Generating done
-- Build files have been written to: /home/data4t2/lelinfeng/cann-staging-liveness-x/route_support/STAGING-LIVENESS-X/V034/build/runner-cann-generated-entry-20261007T224834Z/v034_exact_kernel_preprocess-prefix/src/v034_exact_kernel_preprocess-build
[ 31%] Performing build step for 'v034_exact_kernel_preprocess'
[ 33%] Building CXX object CMakeFiles/preprocess_obj.dir/home/data4t2/lelinfeng/cann-staging-liveness-x/route_support/STAGING-LIVENESS-X/V034/exact_source_kernel.cpp.o
[ 66%] Building CXX object CMakeFiles/aiv_obj.dir/home/data4t2/lelinfeng/cann-staging-liveness-x/route_support/STAGING-LIVENESS-X/V034/exact_source_kernel.cpp.o
[ 66%] Built target preprocess_obj
[100%] Building CXX object CMakeFiles/aic_obj.dir/home/data4t2/lelinfeng/cann-staging-liveness-x/route_support/STAGING-LIVENESS-X/V034/exact_source_kernel.cpp.o
[100%] Built target aic_obj
/usr/local/Ascend/ascend-toolkit/8.5.0.alpha002/tools/ccec_compiler/bin/ld.lld -m aicorelinux -Ttext=0 /home/data4t2/lelinfeng/cann-staging-liveness-x/route_support/STAGING-LIVENESS-X/V034/build/runner-cann-generated-entry-20261007T224834Z/v034_exact_kernel_preprocess-prefix/src/v034_exact_kernel_preprocess-build/CMakeFiles/aic_obj.dir/home/data4t2/lelinfeng/cann-staging-liveness-x/route_support/STAGING-LIVENESS-X/V034/exact_source_kernel.cpp.o -o /home/data4t2/lelinfeng/cann-staging-liveness-x/route_support/STAGING-LIVENESS-X/V034/build/runner-cann-generated-entry-20261007T224834Z/v034_exact_kernel_preprocess-prefix/src/v034_exact_kernel_preprocess-build/CMakeFiles/aic_obj.dir/home/data4t2/lelinfeng/cann-staging-liveness-x/route_support/STAGING-LIVENESS-X/V034/exact_source_kernel.cpp.o[100%] Built target merge_aic_obj_text
[100%] Built target aiv_obj
/usr/local/Ascend/ascend-toolkit/8.5.0.alpha002/tools/ccec_compiler/bin/ld.lld -m aicorelinux -Ttext=0 /home/data4t2/lelinfeng/cann-staging-liveness-x/route_support/STAGING-LIVENESS-X/V034/build/runner-cann-generated-entry-20261007T224834Z/v034_exact_kernel_preprocess-prefix/src/v034_exact_kernel_preprocess-build/CMakeFiles/aiv_obj.dir/home/data4t2/lelinfeng/cann-staging-liveness-x/route_support/STAGING-LIVENESS-X/V034/exact_source_kernel.cpp.o -o /home/data4t2/lelinfeng/cann-staging-liveness-x/route_support/STAGING-LIVENESS-X/V034/build/runner-cann-generated-entry-20261007T224834Z/v034_exact_kernel_preprocess-prefix/src/v034_exact_kernel_preprocess-build/CMakeFiles/aiv_obj.dir/home/data4t2/lelinfeng/cann-staging-liveness-x/route_support/STAGING-LIVENESS-X/V034/exact_source_kernel.cpp.o[100%] Built target merge_aiv_obj_text
[100%] Built target _host_cpp
[ 34%] No install step for 'v034_exact_kernel_preprocess'
[ 36%] Completed 'v034_exact_kernel_preprocess'
[ 36%] Built target v034_exact_kernel_preprocess
[ 38%] Creating directories for 'v034_exact_kernel_aiv_device'
[ 40%] Creating directories for 'v034_exact_kernel_aic_device'
[ 43%] No download step for 'v034_exact_kernel_aic_device'
[ 45%] No download step for 'v034_exact_kernel_aiv_device'
[ 47%] No update step for 'v034_exact_kernel_aic_device'
[ 50%] No update step for 'v034_exact_kernel_aiv_device'
[ 52%] No patch step for 'v034_exact_kernel_aic_device'
[ 54%] No patch step for 'v034_exact_kernel_aiv_device'
[ 56%] Performing configure step for 'v034_exact_kernel_aic_device'
[ 59%] Performing configure step for 'v034_exact_kernel_aiv_device'
-- The C compiler identification is GNU 11.4.0
-- The C compiler identification is GNU 11.4.0
-- The CXX compiler identification is GNU 11.4.0
-- Detecting C compiler ABI info
-- The CXX compiler identification is GNU 11.4.0
-- Detecting C compiler ABI info
-- Detecting C compiler ABI info - done
-- Check for working C compiler: /usr/bin/cc - skipped
-- Detecting C compile features
-- Detecting C compile features - done
-- Detecting CXX compiler ABI info
-- Detecting C compiler ABI info - done
-- Check for working C compiler: /usr/bin/cc - skipped
-- Detecting C compile features
-- Detecting C compile features - done
-- Detecting CXX compiler ABI info
-- Detecting CXX compiler ABI info - done
-- Check for working CXX compiler: /usr/bin/c++ - skipped
-- Detecting CXX compile features
-- Detecting CXX compile features - done
-- Configuring done
-- Generating done
CMake Warning:
  Manually-specified variables were not used by the project:

    BUILD_MODE


-- Build files have been written to: /home/data4t2/lelinfeng/cann-staging-liveness-x/route_support/STAGING-LIVENESS-X/V034/build/runner-cann-generated-entry-20261007T224834Z/v034_exact_kernel_aic_device-prefix/src/v034_exact_kernel_aic_device-build
-- Detecting CXX compiler ABI info - done
-- Check for working CXX compiler: /usr/bin/c++ - skipped
-- Detecting CXX compile features
-- Detecting CXX compile features - done
[ 61%] Performing build step for 'v034_exact_kernel_aic_device'
-- Configuring done
-- Generating done
-- Build files have been written to: /home/data4t2/lelinfeng/cann-staging-liveness-x/route_support/STAGING-LIVENESS-X/V034/build/runner-cann-generated-entry-20261007T224834Z/v034_exact_kernel_aiv_device-prefix/src/v034_exact_kernel_aiv_device-build
[ 63%] Performing build step for 'v034_exact_kernel_aiv_device'
[ 65%] No install step for 'v034_exact_kernel_aic_device'
[ 68%] Completed 'v034_exact_kernel_aic_device'
[100%] Building CXX object CMakeFiles/device_aiv_obj.dir/home/data4t2/lelinfeng/cann-staging-liveness-x/route_support/STAGING-LIVENESS-X/V034/build/runner-cann-generated-entry-20261007T224834Z/auto_gen/v034_exact_kernel/auto_gen_exact_source_kernel.cpp.o
[ 68%] Built target v034_exact_kernel_aic_device
[ 70%] Creating directories for 'v034_exact_kernel_host'
[ 72%] No download step for 'v034_exact_kernel_host'
[ 75%] No update step for 'v034_exact_kernel_host'
[ 77%] No patch step for 'v034_exact_kernel_host'
[ 79%] Performing configure step for 'v034_exact_kernel_host'
-- The C compiler identification is GNU 11.4.0
-- The CXX compiler identification is GNU 11.4.0
-- Detecting C compiler ABI info
-- Detecting C compiler ABI info - done
-- Check for working C compiler: /usr/bin/cc - skipped
-- Detecting C compile features
-- Detecting C compile features - done
-- Detecting CXX compiler ABI info
-- Detecting CXX compiler ABI info - done
-- Check for working CXX compiler: /usr/bin/c++ - skipped
-- Detecting CXX compile features
-- Detecting CXX compile features - done
-- Configuring done
-- Generating done
CMake Warning:
  Manually-specified variables were not used by the project:

    ASCEND_PYTHON_EXECUTABLE


-- Build files have been written to: /home/data4t2/lelinfeng/cann-staging-liveness-x/route_support/STAGING-LIVENESS-X/V034/build/runner-cann-generated-entry-20261007T224834Z/v034_exact_kernel_host-prefix/src/v034_exact_kernel_host-build
[ 81%] Performing build step for 'v034_exact_kernel_host'
[100%] Building CXX object CMakeFiles/host_bisheng_obj.dir/home/data4t2/lelinfeng/cann-staging-liveness-x/route_support/STAGING-LIVENESS-X/V034/exact_source_kernel.cpp.o
[100%] Built target host_bisheng_obj
[ 84%] Performing install step for 'v034_exact_kernel_host'
In file included from /home/data4t2/lelinfeng/cann-staging-liveness-x/route_support/STAGING-LIVENESS-X/V034/build/runner-cann-generated-entry-20261007T224834Z/auto_gen/v034_exact_kernel/auto_gen_exact_source_kernel.cpp:7:
In file included from /home/data4t2/lelinfeng/cann-staging-liveness-x/route_support/STAGING-LIVENESS-X/V034/exact_source_kernel.cpp:21:
/home/data4t2/lelinfeng/cann-staging-liveness-x/本地实验/STAGING-LIVENESS-X/V034/src/submission.asc:3468:28: error: __attribute__((aic)), __attribute__((aiv)), bisheng::core_ratio attribute needs to appear with cce kernel func.
__global__ __vector__ void add_rms_norm_bias_custom(
                           ^
/home/data4t2/lelinfeng/cann-staging-liveness-x/route_support/STAGING-LIVENESS-X/V034/build/runner-cann-generated-entry-20261007T224834Z/auto_gen/v034_exact_kernel/auto_gen_exact_source_kernel.cpp:6:34: note: expanded from macro 'add_rms_norm_bias_custom'
#define add_rms_norm_bias_custom add_rms_norm_bias_custom_origin
                                 ^
In file included from /home/data4t2/lelinfeng/cann-staging-liveness-x/route_support/STAGING-LIVENESS-X/V034/build/runner-cann-generated-entry-20261007T224834Z/auto_gen/v034_exact_kernel/auto_gen_exact_source_kernel.cpp:7:
/home/data4t2/lelinfeng/cann-staging-liveness-x/route_support/STAGING-LIVENESS-X/V034/exact_source_kernel.cpp:27:10: error: explicit instantiation cannot be 'inline'
template __global__ __vector__ void add_rms_norm_bias_custom<float>(
         ^~~~~~~~~~~
/home/data4t2/lelinfeng/cann-staging-liveness-x/route_support/STAGING-LIVENESS-X/V034/build/runner-cann-generated-entry-20261007T224834Z/auto_gen/v034_exact_kernel/auto_gen_exact_source_kernel.cpp:5:20: note: expanded from macro '__global__'
#define __global__ inline
                   ^
In file included from /home/data4t2/lelinfeng/cann-staging-liveness-x/route_support/STAGING-LIVENESS-X/V034/build/runner-cann-generated-entry-20261007T224834Z/auto_gen/v034_exact_kernel/auto_gen_exact_source_kernel.cpp:7:
/home/data4t2/lelinfeng/cann-staging-liveness-x/route_support/STAGING-LIVENESS-X/V034/exact_source_kernel.cpp:31:10: error: explicit instantiation cannot be 'inline'
template __global__ __vector__ void add_rms_norm_bias_custom<half>(
         ^~~~~~~~~~~
/home/data4t2/lelinfeng/cann-staging-liveness-x/route_support/STAGING-LIVENESS-X/V034/build/runner-cann-generated-entry-20261007T224834Z/auto_gen/v034_exact_kernel/auto_gen_exact_source_kernel.cpp:5:20: note: expanded from macro '__global__'
#define __global__ inline
                   ^
In file included from /home/data4t2/lelinfeng/cann-staging-liveness-x/route_support/STAGING-LIVENESS-X/V034/build/runner-cann-generated-entry-20261007T224834Z/auto_gen/v034_exact_kernel/auto_gen_exact_source_kernel.cpp:7:
/home/data4t2/lelinfeng/cann-staging-liveness-x/route_support/STAGING-LIVENESS-X/V034/exact_source_kernel.cpp:35:10: error: explicit instantiation cannot be 'inline'
template __global__ __vector__ void add_rms_norm_bias_custom<bfloat16_t>(
         ^~~~~~~~~~~
/home/data4t2/lelinfeng/cann-staging-liveness-x/route_support/STAGING-LIVENESS-X/V034/build/runner-cann-generated-entry-20261007T224834Z/auto_gen/v034_exact_kernel/auto_gen_exact_source_kernel.cpp:5:20: note: expanded from macro '__global__'
#define __global__ inline
                   ^
Consolidate compiler generated dependencies of target host_bisheng_obj
[100%] Building CXX object CMakeFiles/host_bisheng_obj.dir/home/data4t2/lelinfeng/cann-staging-liveness-x/route_support/STAGING-LIVENESS-X/V034/exact_source_kernel.cpp.o
4 errors generated.
gmake[6]: *** [CMakeFiles/device_aiv_obj.dir/build.make:76: CMakeFiles/device_aiv_obj.dir/home/data4t2/lelinfeng/cann-staging-liveness-x/route_support/STAGING-LIVENESS-X/V034/build/runner-cann-generated-entry-20261007T224834Z/auto_gen/v034_exact_kernel/auto_gen_exact_source_kernel.cpp.o] Error 1
gmake[5]: *** [CMakeFiles/Makefile2:85: CMakeFiles/device_aiv_obj.dir/all] Error 2
gmake[4]: *** [Makefile:91: all] Error 2
gmake[3]: *** [CMakeFiles/v034_exact_kernel_aiv_device.dir/build.make:86: v034_exact_kernel_aiv_device-prefix/src/v034_exact_kernel_aiv_device-stamp/v034_exact_kernel_aiv_device-build] Error 2
gmake[2]: *** [CMakeFiles/Makefile2:204: CMakeFiles/v034_exact_kernel_aiv_device.dir/all] Error 2
gmake[2]: *** Waiting for unfinished jobs....
[100%] Built target host_bisheng_obj
Install the project...
-- Install configuration: "Release"
-- Installing: /home/data4t2/lelinfeng/cann-staging-liveness-x/route_support/STAGING-LIVENESS-X/V034/build/runner-cann-generated-entry-20261007T224834Z/v034_exact_kernel_host_dir/./objects-Release/host_bisheng_obj/home/data4t2/lelinfeng/cann-staging-liveness-x/route_support/STAGING-LIVENESS-X/V034/exact_source_kernel.cpp.o
[ 86%] Completed 'v034_exact_kernel_host'
[ 86%] Built target v034_exact_kernel_host
gmake[1]: *** [CMakeFiles/Makefile2:344: CMakeFiles/route_runner.dir/rule] Error 2
gmake: *** [Makefile:286: route_runner] Error 2
BUILD_RC=2
END_UTC=2026-10-07T22:49:09Z
