LOCAL_SAMPLE case=fp16-128x128 pair=01 order=P,C parent_device_us=20.2000 candidate_device_us=27.9800 parent_gelem_s=0.811089 candidate_gelem_s=0.585561 parent_wall_us=162.4820 candidate_wall_us=81.6510 paired_delta_us=7.7800
LOCAL_SAMPLE case=fp16-128x128 pair=02 order=C,P parent_device_us=24.7600 candidate_device_us=6.1200 parent_gelem_s=0.661712 candidate_gelem_s=2.677124 parent_wall_us=78.5100 candidate_wall_us=71.0400 paired_delta_us=-18.6400
LOCAL_SAMPLE case=fp16-128x128 pair=03 order=P,C parent_device_us=19.5000 candidate_device_us=15.8200 parent_gelem_s=0.840205 candidate_gelem_s=1.035651 parent_wall_us=62.5500 candidate_wall_us=62.2710 paired_delta_us=-3.6800
LOCAL_SAMPLE case=fp16-128x128 pair=04 order=C,P parent_device_us=19.5400 candidate_device_us=20.3200 parent_gelem_s=0.838485 candidate_gelem_s=0.806299 parent_wall_us=62.8710 candidate_wall_us=69.3110 paired_delta_us=0.7800
LOCAL_SAMPLE case=fp16-128x128 pair=05 order=P,C parent_device_us=17.6600 candidate_device_us=14.3200 parent_gelem_s=0.927746 candidate_gelem_s=1.144134 parent_wall_us=60.5310 candidate_wall_us=59.6700 paired_delta_us=-3.3400
LOCAL_SAMPLE case=fp16-128x128 pair=06 order=C,P parent_device_us=15.4800 candidate_device_us=6.1800 parent_gelem_s=1.058398 candidate_gelem_s=2.651133 parent_wall_us=59.1510 candidate_wall_us=62.0510 paired_delta_us=-9.3000
LOCAL_SAMPLE case=fp16-128x128 pair=07 order=P,C parent_device_us=16.3800 candidate_device_us=6.1600 parent_gelem_s=1.000244 candidate_gelem_s=2.659740 parent_wall_us=58.8010 candidate_wall_us=62.9310 paired_delta_us=-10.2200
LOCAL_SAMPLE case=fp16-128x128 pair=08 order=C,P parent_device_us=19.1000 candidate_device_us=20.5400 parent_gelem_s=0.857801 candidate_gelem_s=0.797663 parent_wall_us=59.5310 candidate_wall_us=60.0400 paired_delta_us=1.4400
LOCAL_SAMPLE case=fp16-128x128 pair=09 order=P,C parent_device_us=17.2000 candidate_device_us=14.6800 parent_gelem_s=0.952558 candidate_gelem_s=1.116076 parent_wall_us=58.6410 candidate_wall_us=58.5010 paired_delta_us=-2.5200
LOCAL_SAMPLE case=fp16-128x128 pair=10 order=C,P parent_device_us=18.8600 candidate_device_us=16.7000 parent_gelem_s=0.868717 candidate_gelem_s=0.981078 parent_wall_us=59.7200 candidate_wall_us=63.9500 paired_delta_us=-2.1600
LOCAL_SAMPLE case=fp16-128x128 pair=11 order=P,C parent_device_us=6.0000 candidate_device_us=6.3600 parent_gelem_s=2.730667 candidate_gelem_s=2.576101 parent_wall_us=62.5810 candidate_wall_us=61.9810 paired_delta_us=0.3600
LOCAL_SAMPLE case=fp16-128x128 pair=12 order=C,P parent_device_us=6.5800 candidate_device_us=15.9400 parent_gelem_s=2.489970 candidate_gelem_s=1.027854 parent_wall_us=67.0410 candidate_wall_us=61.1610 paired_delta_us=9.3600
LOCAL_SAMPLE case=fp16-128x128 pair=13 order=P,C parent_device_us=17.6600 candidate_device_us=15.7400 parent_gelem_s=0.927746 candidate_gelem_s=1.040915 parent_wall_us=63.6310 candidate_wall_us=65.2700 paired_delta_us=-1.9200
LOCAL_SAMPLE case=fp16-128x128 pair=14 order=C,P parent_device_us=20.7200 candidate_device_us=17.5600 parent_gelem_s=0.790734 candidate_gelem_s=0.933030 parent_wall_us=64.5610 candidate_wall_us=61.9700 paired_delta_us=-3.1600
LOCAL_SAMPLE case=fp16-128x128 pair=15 order=P,C parent_device_us=6.8200 candidate_device_us=22.7800 parent_gelem_s=2.402346 candidate_gelem_s=0.719227 parent_wall_us=65.5310 candidate_wall_us=70.7710 paired_delta_us=15.9600
LOCAL_SAMPLE case=fp16-128x128 pair=16 order=C,P parent_device_us=19.2800 candidate_device_us=20.1400 parent_gelem_s=0.849793 candidate_gelem_s=0.813505 parent_wall_us=60.1900 candidate_wall_us=60.7310 paired_delta_us=0.8600
LOCAL_SAMPLE case=fp16-128x128 pair=17 order=P,C parent_device_us=13.6200 candidate_device_us=17.7600 parent_gelem_s=1.202937 candidate_gelem_s=0.922523 parent_wall_us=59.8910 candidate_wall_us=58.8110 paired_delta_us=4.1400
LOCAL_SAMPLE case=fp16-128x128 pair=18 order=C,P parent_device_us=16.4000 candidate_device_us=17.8200 parent_gelem_s=0.999024 candidate_gelem_s=0.919416 parent_wall_us=59.7010 candidate_wall_us=69.4410 paired_delta_us=1.4200
LOCAL_SAMPLE case=fp16-128x128 pair=19 order=P,C parent_device_us=6.2400 candidate_device_us=17.5800 parent_gelem_s=2.625641 candidate_gelem_s=0.931968 parent_wall_us=63.7900 candidate_wall_us=70.4800 paired_delta_us=11.3400
LOCAL_SAMPLE case=fp16-128x128 pair=20 order=C,P parent_device_us=17.0000 candidate_device_us=22.9000 parent_gelem_s=0.963765 candidate_gelem_s=0.715459 parent_wall_us=62.9710 candidate_wall_us=65.7700 paired_delta_us=5.9000
LOCAL_SAMPLE case=fp16-128x128 pair=21 order=P,C parent_device_us=6.2800 candidate_device_us=27.8800 parent_gelem_s=2.608917 candidate_gelem_s=0.587661 parent_wall_us=64.9310 candidate_wall_us=73.6310 paired_delta_us=21.6000
LOCAL_SAMPLE case=fp16-128x128 pair=22 order=C,P parent_device_us=13.1000 candidate_device_us=19.4600 parent_gelem_s=1.250687 candidate_gelem_s=0.841932 parent_wall_us=60.7810 candidate_wall_us=66.0210 paired_delta_us=6.3600
LOCAL_SAMPLE case=fp16-128x128 pair=23 order=P,C parent_device_us=6.5200 candidate_device_us=6.3000 parent_gelem_s=2.512884 candidate_gelem_s=2.600635 parent_wall_us=63.2400 candidate_wall_us=64.8300 paired_delta_us=-0.2200
LOCAL_SAMPLE case=fp16-128x128 pair=24 order=C,P parent_device_us=18.7000 candidate_device_us=7.4800 parent_gelem_s=0.876150 candidate_gelem_s=2.190374 parent_wall_us=59.7910 candidate_wall_us=63.4510 paired_delta_us=-11.2200
LOCAL_SAMPLE case=fp16-128x128 pair=25 order=P,C parent_device_us=23.2000 candidate_device_us=5.9200 parent_gelem_s=0.706207 candidate_gelem_s=2.767568 parent_wall_us=61.6310 candidate_wall_us=63.8700 paired_delta_us=-17.2800
LOCAL_SAMPLE case=fp16-128x128 pair=26 order=C,P parent_device_us=6.4200 candidate_device_us=6.3200 parent_gelem_s=2.552025 candidate_gelem_s=2.592405 parent_wall_us=65.9410 candidate_wall_us=62.8300 paired_delta_us=-0.1000
LOCAL_SAMPLE case=fp16-128x128 pair=27 order=P,C parent_device_us=17.5200 candidate_device_us=25.9800 parent_gelem_s=0.935160 candidate_gelem_s=0.630639 parent_wall_us=63.2510 candidate_wall_us=68.3510 paired_delta_us=8.4600
LOCAL_SAMPLE case=fp16-128x128 pair=28 order=C,P parent_device_us=17.1000 candidate_device_us=16.3200 parent_gelem_s=0.958129 candidate_gelem_s=1.003922 parent_wall_us=63.3500 candidate_wall_us=63.5110 paired_delta_us=-0.7800
LOCAL_SAMPLE case=fp16-128x128 pair=29 order=P,C parent_device_us=16.1800 candidate_device_us=16.1000 parent_gelem_s=1.012608 candidate_gelem_s=1.017640 parent_wall_us=60.4100 candidate_wall_us=59.8010 paired_delta_us=-0.0800
LOCAL_SAMPLE case=fp16-128x128 pair=30 order=C,P parent_device_us=13.1600 candidate_device_us=14.8400 parent_gelem_s=1.244985 candidate_gelem_s=1.104043 parent_wall_us=58.7610 candidate_wall_us=59.7810 paired_delta_us=1.6800
LOCAL_SAMPLE case=fp16-128x128 pair=31 order=P,C parent_device_us=19.3600 candidate_device_us=17.1600 parent_gelem_s=0.846281 candidate_gelem_s=0.954779 parent_wall_us=59.4400 candidate_wall_us=60.0100 paired_delta_us=-2.2000
LOCAL_STATS case=fp16-128x128 metric=device_us binary=PARENT_R31B_V011 n=31 median=17.1000 mean=15.3723 stdev=5.4979 cv=0.35765 min=6.0000 max=24.7600 mad=2.4000 p10=6.4200 p90=20.2000
LOCAL_STATS case=fp16-128x128 metric=device_us binary=CANDIDATE_V062 n=31 median=16.3200 mean=15.7148 stdev=6.6050 cv=0.42031 min=5.9200 max=27.9800 mad=3.8200 p10=6.1800 p90=22.9000
LOCAL_STATS case=fp16-128x128 metric=wall_us binary=PARENT_R31B_V011 n=31 median=62.5500 mean=65.6195 stdev=18.3730 cv=0.27999 min=58.6410 max=162.4820 mad=2.3810 p10=59.1510 p90=65.9410
LOCAL_STATS case=fp16-128x128 metric=wall_us binary=CANDIDATE_V062 n=31 median=63.4510 mean=64.6416 stdev=5.1477 cv=0.07963 min=58.5010 max=81.6510 mad=2.7200 p10=59.7810 p90=70.7710
LOCAL_STATS case=fp16-128x128 metric=gelem_s binary=PARENT_R31B_V011 n=31 median=0.9581 mean=1.3001 stdev=0.7056 cv=0.54274 min=0.6617 max=2.7307 mad=0.1179 p10=0.8111 p90=2.5520
LOCAL_STATS case=fp16-128x128 metric=gelem_s binary=CANDIDATE_V062 n=31 median=1.0039 mean=1.3337 stdev=0.7706 cv=0.57775 min=0.5856 max=2.7676 mad=0.1904 p10=0.7155 p90=2.6511
LOCAL_STATS case=fp16-128x128 metric=paired_delta_us binary=CANDIDATE_MINUS_PARENT n=31 median=-0.0800 mean=0.3426 stdev=8.5333 cv=24.90885 min=-18.6400 max=21.6000 mad=3.2600 p10=-10.2200 p90=9.3600
LOCAL_RESULT route=SYNC-BARRIER-ELISION-X revision=V062 device=3 shape=128x128 dtype=fp16 samples=31 parent_median_us=17.1000 candidate_median_us=16.3200 parent_median_gelem_s=0.958129 candidate_median_gelem_s=1.003922 local_delta_us=-0.0800 local_score_percent=0.467829 candidate_minus_parent_percent=-0.467829
