SAME_BINARY_SAMPLE binary=CANDIDATE_V062 case=fp16-128x128 pair=01 order=A,B first_device_us=19.1200 second_device_us=20.4400 first_gelem_s=0.856904 second_gelem_s=0.801566 first_wall_us=168.4220 second_wall_us=89.1420 second_minus_first_us=1.3200
SAME_BINARY_SAMPLE binary=CANDIDATE_V062 case=fp16-128x128 pair=02 order=B,A first_device_us=25.0800 second_device_us=18.5800 first_gelem_s=0.653270 second_gelem_s=0.881808 first_wall_us=83.9810 second_wall_us=77.9510 second_minus_first_us=-6.5000
SAME_BINARY_SAMPLE binary=CANDIDATE_V062 case=fp16-128x128 pair=03 order=A,B first_device_us=6.7000 second_device_us=18.8600 first_gelem_s=2.445373 second_gelem_s=0.868717 first_wall_us=76.2400 second_wall_us=73.3610 second_minus_first_us=12.1600
SAME_BINARY_SAMPLE binary=CANDIDATE_V062 case=fp16-128x128 pair=04 order=B,A first_device_us=6.4200 second_device_us=6.2600 first_gelem_s=2.552025 second_gelem_s=2.617252 first_wall_us=77.9510 second_wall_us=85.7410 second_minus_first_us=-0.1600
SAME_BINARY_SAMPLE binary=CANDIDATE_V062 case=fp16-128x128 pair=05 order=A,B first_device_us=19.3000 second_device_us=23.3800 first_gelem_s=0.848912 second_gelem_s=0.700770 first_wall_us=77.3410 second_wall_us=74.4910 second_minus_first_us=4.0800
SAME_BINARY_SAMPLE binary=CANDIDATE_V062 case=fp16-128x128 pair=06 order=B,A first_device_us=6.2800 second_device_us=6.8600 first_gelem_s=2.608917 second_gelem_s=2.388338 first_wall_us=73.0710 second_wall_us=66.1710 second_minus_first_us=0.5800
SAME_BINARY_SAMPLE binary=CANDIDATE_V062 case=fp16-128x128 pair=07 order=A,B first_device_us=17.8200 second_device_us=6.3000 first_gelem_s=0.919416 second_gelem_s=2.600635 first_wall_us=96.3310 second_wall_us=74.7810 second_minus_first_us=-11.5200
SAME_BINARY_SAMPLE binary=CANDIDATE_V062 case=fp16-128x128 pair=08 order=B,A first_device_us=27.4000 second_device_us=7.7400 first_gelem_s=0.597956 second_gelem_s=2.116796 first_wall_us=84.8010 second_wall_us=72.1510 second_minus_first_us=-19.6600
SAME_BINARY_SAMPLE binary=CANDIDATE_V062 case=fp16-128x128 pair=09 order=A,B first_device_us=6.6400 second_device_us=6.6000 first_gelem_s=2.467470 second_gelem_s=2.482424 first_wall_us=73.5210 second_wall_us=89.6010 second_minus_first_us=-0.0400
SAME_BINARY_SAMPLE binary=CANDIDATE_V062 case=fp16-128x128 pair=10 order=B,A first_device_us=6.3000 second_device_us=5.9000 first_gelem_s=2.600635 second_gelem_s=2.776949 first_wall_us=85.0410 second_wall_us=74.2310 second_minus_first_us=-0.4000
SAME_BINARY_SAMPLE binary=CANDIDATE_V062 case=fp16-128x128 pair=11 order=A,B first_device_us=6.6800 second_device_us=18.1000 first_gelem_s=2.452695 second_gelem_s=0.905193 first_wall_us=75.0910 second_wall_us=81.1710 second_minus_first_us=11.4200
SAME_BINARY_SAMPLE binary=CANDIDATE_V062 case=fp16-128x128 pair=12 order=B,A first_device_us=16.3800 second_device_us=15.9000 first_gelem_s=1.000244 second_gelem_s=1.030440 first_wall_us=70.0510 second_wall_us=68.3700 second_minus_first_us=-0.4800
SAME_BINARY_SAMPLE binary=CANDIDATE_V062 case=fp16-128x128 pair=13 order=A,B first_device_us=6.1600 second_device_us=6.2600 first_gelem_s=2.659740 second_gelem_s=2.617252 first_wall_us=72.4510 second_wall_us=140.4910 second_minus_first_us=0.1000
SAME_BINARY_SAMPLE binary=CANDIDATE_V062 case=fp16-128x128 pair=14 order=B,A first_device_us=6.4200 second_device_us=16.7800 first_gelem_s=2.552025 second_gelem_s=0.976400 first_wall_us=85.0610 second_wall_us=71.9710 second_minus_first_us=10.3600
SAME_BINARY_SAMPLE binary=CANDIDATE_V062 case=fp16-128x128 pair=15 order=A,B first_device_us=17.9200 second_device_us=6.9200 first_gelem_s=0.914286 second_gelem_s=2.367630 first_wall_us=74.7510 second_wall_us=77.4710 second_minus_first_us=-11.0000
SAME_BINARY_SAMPLE binary=CANDIDATE_V062 case=fp16-128x128 pair=16 order=B,A first_device_us=29.9000 second_device_us=6.5800 first_gelem_s=0.547960 second_gelem_s=2.489970 first_wall_us=90.1410 second_wall_us=76.0010 second_minus_first_us=-23.3200
SAME_BINARY_SAMPLE binary=CANDIDATE_V062 case=fp16-128x128 pair=17 order=A,B first_device_us=6.3400 second_device_us=22.6600 first_gelem_s=2.584227 second_gelem_s=0.723036 first_wall_us=92.2910 second_wall_us=77.5010 second_minus_first_us=16.3200
SAME_BINARY_SAMPLE binary=CANDIDATE_V062 case=fp16-128x128 pair=18 order=B,A first_device_us=5.8400 second_device_us=17.0600 first_gelem_s=2.805479 second_gelem_s=0.960375 first_wall_us=79.3610 second_wall_us=97.9710 second_minus_first_us=11.2200
SAME_BINARY_SAMPLE binary=CANDIDATE_V062 case=fp16-128x128 pair=19 order=A,B first_device_us=6.4400 second_device_us=6.2600 first_gelem_s=2.544099 second_gelem_s=2.617252 first_wall_us=100.9010 second_wall_us=78.4310 second_minus_first_us=-0.1800
SAME_BINARY_SAMPLE binary=CANDIDATE_V062 case=fp16-128x128 pair=20 order=B,A first_device_us=14.4000 second_device_us=6.0200 first_gelem_s=1.137778 second_gelem_s=2.721595 first_wall_us=74.2310 second_wall_us=104.0120 second_minus_first_us=-8.3800
SAME_BINARY_SAMPLE binary=CANDIDATE_V062 case=fp16-128x128 pair=21 order=A,B first_device_us=6.4000 second_device_us=6.5400 first_gelem_s=2.560000 second_gelem_s=2.505199 first_wall_us=104.2610 second_wall_us=97.1110 second_minus_first_us=0.1400
SAME_BINARY_SAMPLE binary=CANDIDATE_V062 case=fp16-128x128 pair=22 order=B,A first_device_us=6.4000 second_device_us=6.5200 first_gelem_s=2.560000 second_gelem_s=2.512884 first_wall_us=90.5010 second_wall_us=71.1300 second_minus_first_us=0.1200
SAME_BINARY_SAMPLE binary=CANDIDATE_V062 case=fp16-128x128 pair=23 order=A,B first_device_us=23.8600 second_device_us=28.7000 first_gelem_s=0.686672 second_gelem_s=0.570871 first_wall_us=85.8610 second_wall_us=76.3000 second_minus_first_us=4.8400
SAME_BINARY_SAMPLE binary=CANDIDATE_V062 case=fp16-128x128 pair=24 order=B,A first_device_us=6.3200 second_device_us=6.4600 first_gelem_s=2.592405 second_gelem_s=2.536223 first_wall_us=91.2110 second_wall_us=98.9710 second_minus_first_us=0.1400
SAME_BINARY_SAMPLE binary=CANDIDATE_V062 case=fp16-128x128 pair=25 order=A,B first_device_us=6.2600 second_device_us=33.2400 first_gelem_s=2.617252 second_gelem_s=0.492900 first_wall_us=136.1920 second_wall_us=115.6910 second_minus_first_us=26.9800
SAME_BINARY_SAMPLE binary=CANDIDATE_V062 case=fp16-128x128 pair=26 order=B,A first_device_us=40.1000 second_device_us=16.9400 first_gelem_s=0.408579 second_gelem_s=0.967178 first_wall_us=105.5120 second_wall_us=66.3700 second_minus_first_us=-23.1600
SAME_BINARY_SAMPLE binary=CANDIDATE_V062 case=fp16-128x128 pair=27 order=A,B first_device_us=16.6800 second_device_us=16.4000 first_gelem_s=0.982254 second_gelem_s=0.999024 first_wall_us=68.1200 second_wall_us=65.3400 second_minus_first_us=-0.2800
SAME_BINARY_SAMPLE binary=CANDIDATE_V062 case=fp16-128x128 pair=28 order=B,A first_device_us=18.0400 second_device_us=6.5400 first_gelem_s=0.908204 second_gelem_s=2.505199 first_wall_us=71.5410 second_wall_us=78.8910 second_minus_first_us=-11.5000
SAME_BINARY_SAMPLE binary=CANDIDATE_V062 case=fp16-128x128 pair=29 order=A,B first_device_us=16.3600 second_device_us=6.5000 first_gelem_s=1.001467 second_gelem_s=2.520615 first_wall_us=74.6710 second_wall_us=92.4820 second_minus_first_us=-9.8600
SAME_BINARY_SAMPLE binary=CANDIDATE_V062 case=fp16-128x128 pair=30 order=B,A first_device_us=6.3800 second_device_us=26.4600 first_gelem_s=2.568025 second_gelem_s=0.619199 first_wall_us=76.4710 second_wall_us=99.4610 second_minus_first_us=20.0800
SAME_BINARY_SAMPLE binary=CANDIDATE_V062 case=fp16-128x128 pair=31 order=A,B first_device_us=17.8000 second_device_us=5.5000 first_gelem_s=0.920449 second_gelem_s=2.978909 first_wall_us=84.1810 second_wall_us=70.7310 second_minus_first_us=-12.3000
LOCAL_STATS case=CANDIDATE_V062 metric=device_us binary=same_binary_first n=31 median=6.7000 mean=13.6174 stdev=8.9328 cv=0.65598 min=5.8400 max=40.1000 mad=0.8600 p10=6.2800 p90=25.0800
LOCAL_STATS case=CANDIDATE_V062 metric=device_us binary=same_binary_second n=31 median=6.9200 mean=13.0084 stdev=8.1302 cv=0.62500 min=5.5000 max=33.2400 mad=1.0200 p10=6.2600 p90=23.3800
LOCAL_STATS case=CANDIDATE_V062 metric=paired_delta_us binary=same_binary_second_minus_first n=31 median=-0.0400 mean=-0.6090 stdev=11.7670 cv=-19.32085 min=-23.3200 max=26.9800 mad=8.3400 p10=-12.3000 p90=12.1600
LOCAL_STATS case=CANDIDATE_V062 metric=gelem_s binary=same_binary_first n=31 median=2.4454 mean=1.7276 stdev=0.9004 cv=0.52120 min=0.4086 max=2.8055 mad=0.3601 p10=0.6533 p90=2.6089
LOCAL_STATS case=CANDIDATE_V062 metric=gelem_s binary=same_binary_second n=31 median=2.3676 mean=1.7694 stdev=0.8923 cv=0.50427 min=0.4929 max=2.9789 mad=0.4093 p10=0.7008 p90=2.6173
LOCAL_STATS case=CANDIDATE_V062 metric=wall_us binary=same_binary_first n=31 median=83.9810 mean=87.0823 stdev=20.4987 cv=0.23539 min=68.1200 max=168.4220 mad=8.8900 p10=72.4510 p90=104.2610
LOCAL_STATS case=CANDIDATE_V062 metric=wall_us binary=same_binary_second n=31 median=77.5010 mean=83.3384 stdev=16.4189 cv=0.19701 min=65.3400 max=140.4910 mad=6.7700 p10=68.3700 p90=99.4610
SAME_BINARY_QUALIFICATION binary=CANDIDATE_V062 case=fp16-128x128 samples=31 first_mad_over_median=0.128358 second_mad_over_median=0.147399 median_drift_fraction=0.032305
SAME_BINARY_SUMMARY binary=CANDIDATE_V062 device=3 shape=128x128 dtype=fp16 samples=31
