LOCAL_BLOCK1_START_UTC=2026-10-08T02:36:48Z
LOCAL_SAMPLE case=fp16-128x128 pair=01 order=P,C parent_device_us=23.4400 candidate_device_us=19.0000 parent_gelem_s=0.698976 candidate_gelem_s=0.862316 parent_wall_us=112.1120 candidate_wall_us=82.5010 paired_delta_us=-4.4400
LOCAL_SAMPLE case=fp16-128x128 pair=02 order=C,P parent_device_us=9.6800 candidate_device_us=23.7000 parent_gelem_s=1.692562 candidate_gelem_s=0.691308 parent_wall_us=75.1910 candidate_wall_us=95.8420 paired_delta_us=14.0200
LOCAL_SAMPLE case=fp16-128x128 pair=03 order=P,C parent_device_us=6.1400 candidate_device_us=9.1000 parent_gelem_s=2.668404 candidate_gelem_s=1.800439 parent_wall_us=72.3410 candidate_wall_us=69.4210 paired_delta_us=2.9600
LOCAL_SAMPLE case=fp16-128x128 pair=04 order=C,P parent_device_us=39.7200 candidate_device_us=6.3800 parent_gelem_s=0.412487 candidate_gelem_s=2.568025 parent_wall_us=107.0220 candidate_wall_us=71.5510 paired_delta_us=-33.3400
LOCAL_SAMPLE case=fp16-128x128 pair=05 order=P,C parent_device_us=19.3200 candidate_device_us=21.0200 parent_gelem_s=0.848033 candidate_gelem_s=0.779448 parent_wall_us=71.2210 candidate_wall_us=69.4110 paired_delta_us=1.7000
LOCAL_SAMPLE case=fp16-128x128 pair=06 order=C,P parent_device_us=19.3200 candidate_device_us=8.2200 parent_gelem_s=0.848033 candidate_gelem_s=1.993187 parent_wall_us=69.0110 candidate_wall_us=82.5720 paired_delta_us=-11.1000
LOCAL_SAMPLE case=fp16-128x128 pair=07 order=P,C parent_device_us=6.1000 candidate_device_us=23.1000 parent_gelem_s=2.685902 candidate_gelem_s=0.709264 parent_wall_us=70.1410 candidate_wall_us=68.9820 paired_delta_us=17.0000
LOCAL_SAMPLE case=fp16-128x128 pair=08 order=C,P parent_device_us=6.4200 candidate_device_us=6.4600 parent_gelem_s=2.552025 candidate_gelem_s=2.536223 parent_wall_us=70.0110 candidate_wall_us=73.0510 paired_delta_us=0.0400
LOCAL_SAMPLE case=fp16-128x128 pair=09 order=P,C parent_device_us=18.0000 candidate_device_us=14.2400 parent_gelem_s=0.910222 candidate_gelem_s=1.150562 parent_wall_us=67.4310 candidate_wall_us=67.7610 paired_delta_us=-3.7600
LOCAL_SAMPLE case=fp16-128x128 pair=10 order=C,P parent_device_us=6.7400 candidate_device_us=6.2800 parent_gelem_s=2.430860 candidate_gelem_s=2.608917 parent_wall_us=72.0310 candidate_wall_us=71.2910 paired_delta_us=-0.4600
LOCAL_SAMPLE case=fp16-128x128 pair=11 order=P,C parent_device_us=6.8400 candidate_device_us=9.6600 parent_gelem_s=2.395322 candidate_gelem_s=1.696066 parent_wall_us=69.4810 candidate_wall_us=58.7810 paired_delta_us=2.8200
LOCAL_SAMPLE case=fp16-128x128 pair=12 order=C,P parent_device_us=6.6200 candidate_device_us=6.8200 parent_gelem_s=2.474924 candidate_gelem_s=2.402346 parent_wall_us=70.1610 candidate_wall_us=68.7610 paired_delta_us=0.2000
LOCAL_SAMPLE case=fp16-128x128 pair=13 order=P,C parent_device_us=19.4800 candidate_device_us=17.5000 parent_gelem_s=0.841068 candidate_gelem_s=0.936229 parent_wall_us=69.8310 candidate_wall_us=69.3920 paired_delta_us=-1.9800
LOCAL_SAMPLE case=fp16-128x128 pair=14 order=C,P parent_device_us=7.0200 candidate_device_us=17.8400 parent_gelem_s=2.333903 candidate_gelem_s=0.918386 parent_wall_us=69.2110 candidate_wall_us=68.3210 paired_delta_us=10.8200
LOCAL_SAMPLE case=fp16-128x128 pair=15 order=P,C parent_device_us=6.7200 candidate_device_us=17.9000 parent_gelem_s=2.438095 candidate_gelem_s=0.915307 parent_wall_us=68.2210 candidate_wall_us=68.3410 paired_delta_us=11.1800
LOCAL_SAMPLE case=fp16-128x128 pair=16 order=C,P parent_device_us=31.0800 candidate_device_us=15.3400 parent_gelem_s=0.527156 candidate_gelem_s=1.068057 parent_wall_us=97.2520 candidate_wall_us=67.7010 paired_delta_us=-15.7400
LOCAL_SAMPLE case=fp16-128x128 pair=17 order=P,C parent_device_us=6.7200 candidate_device_us=7.9800 parent_gelem_s=2.438095 candidate_gelem_s=2.053133 parent_wall_us=68.1210 candidate_wall_us=69.2810 paired_delta_us=1.2600
LOCAL_SAMPLE case=fp16-128x128 pair=18 order=C,P parent_device_us=11.6200 candidate_device_us=6.4000 parent_gelem_s=1.409983 candidate_gelem_s=2.560000 parent_wall_us=69.3320 candidate_wall_us=69.6210 paired_delta_us=-5.2200
LOCAL_SAMPLE case=fp16-128x128 pair=19 order=P,C parent_device_us=6.7000 candidate_device_us=6.5600 parent_gelem_s=2.445373 candidate_gelem_s=2.497561 parent_wall_us=68.9610 candidate_wall_us=69.8210 paired_delta_us=-0.1400
LOCAL_SAMPLE case=fp16-128x128 pair=20 order=C,P parent_device_us=6.2600 candidate_device_us=22.0200 parent_gelem_s=2.617252 candidate_gelem_s=0.744051 parent_wall_us=69.7810 candidate_wall_us=69.6720 paired_delta_us=15.7600
LOCAL_SAMPLE case=fp16-128x128 pair=21 order=P,C parent_device_us=7.0000 candidate_device_us=6.4800 parent_gelem_s=2.340571 candidate_gelem_s=2.528395 parent_wall_us=70.8910 candidate_wall_us=71.2210 paired_delta_us=-0.5200
LOCAL_SAMPLE case=fp16-128x128 pair=22 order=C,P parent_device_us=18.9200 candidate_device_us=22.6200 parent_gelem_s=0.865962 candidate_gelem_s=0.724315 parent_wall_us=68.8910 candidate_wall_us=69.7710 paired_delta_us=3.7000
LOCAL_SAMPLE case=fp16-128x128 pair=23 order=P,C parent_device_us=6.5200 candidate_device_us=6.5600 parent_gelem_s=2.512884 candidate_gelem_s=2.497561 parent_wall_us=71.2210 candidate_wall_us=62.4210 paired_delta_us=0.0400
LOCAL_SAMPLE case=fp16-128x128 pair=24 order=C,P parent_device_us=12.4400 candidate_device_us=11.4000 parent_gelem_s=1.317042 candidate_gelem_s=1.437193 parent_wall_us=68.9810 candidate_wall_us=68.6510 paired_delta_us=-1.0400
LOCAL_SAMPLE case=fp16-128x128 pair=25 order=P,C parent_device_us=6.3200 candidate_device_us=6.8600 parent_gelem_s=2.592405 candidate_gelem_s=2.388338 parent_wall_us=70.1310 candidate_wall_us=67.6110 paired_delta_us=0.5400
LOCAL_SAMPLE case=fp16-128x128 pair=26 order=C,P parent_device_us=6.0800 candidate_device_us=6.7600 parent_gelem_s=2.694737 candidate_gelem_s=2.423669 parent_wall_us=69.3510 candidate_wall_us=60.5110 paired_delta_us=0.6800
LOCAL_SAMPLE case=fp16-128x128 pair=27 order=P,C parent_device_us=6.3200 candidate_device_us=7.0200 parent_gelem_s=2.592405 candidate_gelem_s=2.333903 parent_wall_us=72.8010 candidate_wall_us=68.0710 paired_delta_us=0.7000
LOCAL_SAMPLE case=fp16-128x128 pair=28 order=C,P parent_device_us=6.5000 candidate_device_us=23.2400 parent_gelem_s=2.520615 candidate_gelem_s=0.704991 parent_wall_us=70.1710 candidate_wall_us=69.2220 paired_delta_us=16.7400
LOCAL_SAMPLE case=fp16-128x128 pair=29 order=P,C parent_device_us=15.5800 candidate_device_us=6.5000 parent_gelem_s=1.051605 candidate_gelem_s=2.520615 parent_wall_us=83.9310 candidate_wall_us=77.3620 paired_delta_us=-9.0800
LOCAL_SAMPLE case=fp16-128x128 pair=30 order=C,P parent_device_us=7.8000 candidate_device_us=7.2200 parent_gelem_s=2.100513 candidate_gelem_s=2.269252 parent_wall_us=68.2110 candidate_wall_us=70.7010 paired_delta_us=-0.5800
LOCAL_SAMPLE case=fp16-128x128 pair=31 order=P,C parent_device_us=5.9600 candidate_device_us=21.7200 parent_gelem_s=2.748993 candidate_gelem_s=0.754328 parent_wall_us=70.7920 candidate_wall_us=66.9810 paired_delta_us=15.7600
LOCAL_STATS case=fp16-128x128 metric=device_us binary=PARENT_R31B_V011 n=31 median=6.8400 mean=11.7219 stdev=8.3478 cv=0.71215 min=5.9600 max=39.7200 mad=0.7400 p10=6.1400 p90=19.4800
LOCAL_STATS case=fp16-128x128 metric=device_us binary=CANDIDATE_V054 n=31 median=9.1000 mean=12.6419 stdev=6.6991 cv=0.52991 min=6.2800 max=23.7000 mad=2.7000 p10=6.4600 p90=22.6200
LOCAL_STATS case=fp16-128x128 metric=wall_us binary=PARENT_R31B_V011 n=31 median=70.1310 mean=73.9431 stdev=11.0610 cv=0.14959 min=67.4310 max=112.1120 mad=1.1200 p10=68.2210 p90=83.9310
LOCAL_STATS case=fp16-128x128 metric=wall_us binary=CANDIDATE_V054 n=31 median=69.3920 mean=70.4709 stdev=6.7317 cv=0.09553 min=58.7810 max=95.8420 mad=1.3210 p10=66.9810 p90=77.3620
LOCAL_STATS case=fp16-128x128 metric=gelem_s binary=PARENT_R31B_V011 n=31 median=2.3953 mean=1.9034 stdev=0.8092 cv=0.42511 min=0.4125 max=2.7490 mad=0.2906 p10=0.8411 p90=2.6684
LOCAL_STATS case=fp16-128x128 metric=gelem_s binary=CANDIDATE_V054 n=31 median=1.8004 mean=1.6798 stdev=0.7736 cv=0.46053 min=0.6913 max=2.6089 mad=0.7324 p10=0.7243 p90=2.5362
LOCAL_STATS case=fp16-128x128 metric=paired_delta_us binary=CANDIDATE_MINUS_PARENT n=31 median=0.2000 mean=0.9200 stdev=10.2412 cv=11.13169 min=-33.3400 max=17.0000 mad=2.7600 p10=-9.0800 p90=15.7600
LOCAL_RESULT route=SYNC-BARRIER-ELISION-X revision=V054 device=3 shape=128x128 dtype=fp16 samples=31 parent_median_us=6.8400 candidate_median_us=9.1000 parent_median_gelem_s=2.395322 candidate_median_gelem_s=1.800439 local_delta_us=0.2000 local_score_percent=-2.923972 candidate_minus_parent_percent=2.923972
