LOCAL_BLOCK2_START_UTC=2026-10-08T02:38:43Z
LOCAL_SAMPLE case=fp16-128x128 pair=01 order=P,C parent_device_us=31.0600 candidate_device_us=29.2200 parent_gelem_s=0.527495 candidate_gelem_s=0.560712 parent_wall_us=125.6320 candidate_wall_us=113.1420 paired_delta_us=-1.8400
LOCAL_SAMPLE case=fp16-128x128 pair=02 order=C,P parent_device_us=28.9000 candidate_device_us=8.3800 parent_gelem_s=0.566920 candidate_gelem_s=1.955131 parent_wall_us=85.4110 candidate_wall_us=84.2210 paired_delta_us=-20.5200
LOCAL_SAMPLE case=fp16-128x128 pair=03 order=P,C parent_device_us=7.2200 candidate_device_us=25.3200 parent_gelem_s=2.269252 candidate_gelem_s=0.647077 parent_wall_us=75.5410 candidate_wall_us=80.6110 paired_delta_us=18.1000
LOCAL_SAMPLE case=fp16-128x128 pair=04 order=C,P parent_device_us=26.6000 candidate_device_us=7.0000 parent_gelem_s=0.615940 candidate_gelem_s=2.340571 parent_wall_us=82.0210 candidate_wall_us=68.2710 paired_delta_us=-19.6000
LOCAL_SAMPLE case=fp16-128x128 pair=05 order=P,C parent_device_us=8.2600 candidate_device_us=27.6800 parent_gelem_s=1.983535 candidate_gelem_s=0.591908 parent_wall_us=76.9110 candidate_wall_us=81.0310 paired_delta_us=19.4200
LOCAL_SAMPLE case=fp16-128x128 pair=06 order=C,P parent_device_us=30.6800 candidate_device_us=30.7800 parent_gelem_s=0.534029 candidate_gelem_s=0.532294 parent_wall_us=83.6010 candidate_wall_us=83.9910 paired_delta_us=0.1000
LOCAL_SAMPLE case=fp16-128x128 pair=07 order=P,C parent_device_us=21.0800 candidate_device_us=25.9800 parent_gelem_s=0.777230 candidate_gelem_s=0.630639 parent_wall_us=73.9010 candidate_wall_us=80.9210 paired_delta_us=4.9000
LOCAL_SAMPLE case=fp16-128x128 pair=08 order=C,P parent_device_us=26.4600 candidate_device_us=19.6800 parent_gelem_s=0.619199 candidate_gelem_s=0.832520 parent_wall_us=82.2910 candidate_wall_us=72.3010 paired_delta_us=-6.7800
LOCAL_SAMPLE case=fp16-128x128 pair=09 order=P,C parent_device_us=26.6600 candidate_device_us=11.4000 parent_gelem_s=0.614554 candidate_gelem_s=1.437193 parent_wall_us=83.3210 candidate_wall_us=73.4910 paired_delta_us=-15.2600
LOCAL_SAMPLE case=fp16-128x128 pair=10 order=C,P parent_device_us=12.5800 candidate_device_us=26.0200 parent_gelem_s=1.302385 candidate_gelem_s=0.629669 parent_wall_us=72.3310 candidate_wall_us=81.0810 paired_delta_us=13.4400
LOCAL_SAMPLE case=fp16-128x128 pair=11 order=P,C parent_device_us=8.9400 candidate_device_us=7.5200 parent_gelem_s=1.832662 candidate_gelem_s=2.178723 parent_wall_us=76.5810 candidate_wall_us=75.3210 paired_delta_us=-1.4200
LOCAL_SAMPLE case=fp16-128x128 pair=12 order=C,P parent_device_us=14.7200 candidate_device_us=14.4000 parent_gelem_s=1.113043 candidate_gelem_s=1.137778 parent_wall_us=69.7910 candidate_wall_us=72.1810 paired_delta_us=-0.3200
LOCAL_SAMPLE case=fp16-128x128 pair=13 order=P,C parent_device_us=25.8600 candidate_device_us=25.2400 parent_gelem_s=0.633565 candidate_gelem_s=0.649128 parent_wall_us=81.3020 candidate_wall_us=83.0610 paired_delta_us=-0.6200
LOCAL_SAMPLE case=fp16-128x128 pair=14 order=C,P parent_device_us=27.6600 candidate_device_us=7.7000 parent_gelem_s=0.592336 candidate_gelem_s=2.127792 parent_wall_us=82.4410 candidate_wall_us=75.2110 paired_delta_us=-19.9600
LOCAL_SAMPLE case=fp16-128x128 pair=15 order=P,C parent_device_us=26.6000 candidate_device_us=9.5200 parent_gelem_s=0.615940 candidate_gelem_s=1.721008 parent_wall_us=83.3310 candidate_wall_us=80.4710 paired_delta_us=-17.0800
LOCAL_SAMPLE case=fp16-128x128 pair=16 order=C,P parent_device_us=8.4800 candidate_device_us=7.9400 parent_gelem_s=1.932075 candidate_gelem_s=2.063476 parent_wall_us=72.9910 candidate_wall_us=84.2420 paired_delta_us=-0.5400
LOCAL_SAMPLE case=fp16-128x128 pair=17 order=P,C parent_device_us=43.8200 candidate_device_us=28.4200 parent_gelem_s=0.373893 candidate_gelem_s=0.576495 parent_wall_us=98.4910 candidate_wall_us=80.7820 paired_delta_us=-15.4000
LOCAL_SAMPLE case=fp16-128x128 pair=18 order=C,P parent_device_us=9.9600 candidate_device_us=8.7600 parent_gelem_s=1.644980 candidate_gelem_s=1.870320 parent_wall_us=72.3010 candidate_wall_us=76.4010 paired_delta_us=-1.2000
LOCAL_SAMPLE case=fp16-128x128 pair=19 order=P,C parent_device_us=11.7600 candidate_device_us=9.4400 parent_gelem_s=1.393197 candidate_gelem_s=1.735593 parent_wall_us=83.7710 candidate_wall_us=73.1310 paired_delta_us=-2.3200
LOCAL_SAMPLE case=fp16-128x128 pair=20 order=C,P parent_device_us=10.4600 candidate_device_us=9.1200 parent_gelem_s=1.566348 candidate_gelem_s=1.796491 parent_wall_us=80.1310 candidate_wall_us=76.0110 paired_delta_us=-1.3400
LOCAL_SAMPLE case=fp16-128x128 pair=21 order=P,C parent_device_us=19.1000 candidate_device_us=8.5800 parent_gelem_s=0.857801 candidate_gelem_s=1.909557 parent_wall_us=73.3410 candidate_wall_us=72.6610 paired_delta_us=-10.5200
LOCAL_SAMPLE case=fp16-128x128 pair=22 order=C,P parent_device_us=8.9200 candidate_device_us=6.8800 parent_gelem_s=1.836771 candidate_gelem_s=2.381395 parent_wall_us=73.0610 candidate_wall_us=73.0710 paired_delta_us=-2.0400
LOCAL_SAMPLE case=fp16-128x128 pair=23 order=P,C parent_device_us=8.0600 candidate_device_us=8.8400 parent_gelem_s=2.032754 candidate_gelem_s=1.853394 parent_wall_us=73.0610 candidate_wall_us=113.1620 paired_delta_us=0.7800
LOCAL_SAMPLE case=fp16-128x128 pair=24 order=C,P parent_device_us=9.3400 candidate_device_us=7.7600 parent_gelem_s=1.754176 candidate_gelem_s=2.111340 parent_wall_us=75.3210 candidate_wall_us=78.7510 paired_delta_us=-1.5800
LOCAL_SAMPLE case=fp16-128x128 pair=25 order=P,C parent_device_us=26.5600 candidate_device_us=7.8000 parent_gelem_s=0.616867 candidate_gelem_s=2.100513 parent_wall_us=82.4010 candidate_wall_us=62.8110 paired_delta_us=-18.7600
LOCAL_SAMPLE case=fp16-128x128 pair=26 order=C,P parent_device_us=9.3200 candidate_device_us=29.0800 parent_gelem_s=1.757940 candidate_gelem_s=0.563411 parent_wall_us=78.7810 candidate_wall_us=82.5510 paired_delta_us=19.7600
LOCAL_SAMPLE case=fp16-128x128 pair=27 order=P,C parent_device_us=17.4000 candidate_device_us=8.6200 parent_gelem_s=0.941609 candidate_gelem_s=1.900696 parent_wall_us=70.7810 candidate_wall_us=84.7110 paired_delta_us=-8.7800
LOCAL_SAMPLE case=fp16-128x128 pair=28 order=C,P parent_device_us=15.7000 candidate_device_us=34.0800 parent_gelem_s=1.043567 candidate_gelem_s=0.480751 parent_wall_us=70.6610 candidate_wall_us=84.1510 paired_delta_us=18.3800
LOCAL_SAMPLE case=fp16-128x128 pair=29 order=P,C parent_device_us=32.4200 candidate_device_us=8.7200 parent_gelem_s=0.505367 candidate_gelem_s=1.878899 parent_wall_us=81.3210 candidate_wall_us=80.5410 paired_delta_us=-23.7000
LOCAL_SAMPLE case=fp16-128x128 pair=30 order=C,P parent_device_us=44.1600 candidate_device_us=8.0600 parent_gelem_s=0.371014 candidate_gelem_s=2.032754 parent_wall_us=98.5220 candidate_wall_us=71.2210 paired_delta_us=-36.1000
LOCAL_SAMPLE case=fp16-128x128 pair=31 order=P,C parent_device_us=32.0800 candidate_device_us=8.4600 parent_gelem_s=0.510723 candidate_gelem_s=1.936643 parent_wall_us=82.0710 candidate_wall_us=75.1710 paired_delta_us=-23.6200
LOCAL_STATS case=fp16-128x128 metric=device_us binary=PARENT_R31B_V011 n=31 median=19.1000 mean=20.3490 stdev=10.7880 cv=0.53015 min=7.2200 max=44.1600 mad=9.1400 p10=8.4800 p90=32.0800
LOCAL_STATS case=fp16-128x128 metric=device_us binary=CANDIDATE_V054 n=31 median=9.1200 mean=15.3677 stdev=9.4173 cv=0.61280 min=6.8800 max=34.0800 mad=1.6000 p10=7.7000 p90=29.0800
LOCAL_STATS case=fp16-128x128 metric=wall_us binary=PARENT_R31B_V011 n=31 median=80.1310 mean=80.6908 stdev=10.8717 cv=0.13473 min=69.7910 max=125.6320 mad=4.5900 p10=72.3010 p90=85.4110
LOCAL_STATS case=fp16-128x128 metric=wall_us binary=CANDIDATE_V054 n=31 median=80.4710 mean=79.8282 stdev=10.3752 cv=0.12997 min=62.8110 max=113.1620 mad=4.2400 p10=72.1810 p90=84.2420
LOCAL_STATS case=fp16-128x128 metric=gelem_s binary=PARENT_R31B_V011 n=31 median=0.8578 mean=1.0883 stdev=0.6004 cv=0.55170 min=0.3710 max=2.2693 mad=0.3471 p10=0.5107 p90=1.9321
LOCAL_STATS case=fp16-128x128 metric=gelem_s binary=CANDIDATE_V054 n=31 median=1.7965 mean=1.4569 stdev=0.6806 cv=0.46718 min=0.4808 max=2.3814 mad=0.3593 p10=0.5634 p90=2.1278
LOCAL_STATS case=fp16-128x128 metric=paired_delta_us binary=CANDIDATE_MINUS_PARENT n=31 median=-1.8400 mean=-4.9813 stdev=13.9814 cv=-2.80678 min=-36.1000 max=19.7600 mad=8.6800 p10=-20.5200 p90=18.1000
LOCAL_RESULT route=SYNC-BARRIER-ELISION-X revision=V054 device=3 shape=128x128 dtype=fp16 samples=31 parent_median_us=19.1000 candidate_median_us=9.1200 parent_median_gelem_s=0.857801 candidate_median_gelem_s=1.796491 local_delta_us=-1.8400 local_score_percent=9.633513 candidate_minus_parent_percent=-9.633513
