CANDIDATE_QUALIFICATION_RUN1_UTC=2026-10-08T02:34:36Z
SAME_BINARY_SAMPLE binary=CANDIDATE_V054 case=fp16-128x128 pair=01 order=A,B first_device_us=12.0200 second_device_us=56.2400 first_gelem_s=1.363062 second_gelem_s=0.291323 first_wall_us=113.3330 second_wall_us=106.9920 second_minus_first_us=44.2200
SAME_BINARY_SAMPLE binary=CANDIDATE_V054 case=fp16-128x128 pair=02 order=B,A first_device_us=7.9800 second_device_us=16.9400 first_gelem_s=2.053133 second_gelem_s=0.967178 first_wall_us=87.2910 second_wall_us=79.1610 second_minus_first_us=8.9600
SAME_BINARY_SAMPLE binary=CANDIDATE_V054 case=fp16-128x128 pair=03 order=A,B first_device_us=18.6800 second_device_us=7.9200 first_gelem_s=0.877088 second_gelem_s=2.068687 first_wall_us=78.2020 second_wall_us=75.2110 second_minus_first_us=-10.7600
SAME_BINARY_SAMPLE binary=CANDIDATE_V054 case=fp16-128x128 pair=04 order=B,A first_device_us=11.5600 second_device_us=8.2200 first_gelem_s=1.417301 second_gelem_s=1.993187 first_wall_us=82.7110 second_wall_us=76.8220 second_minus_first_us=-3.3400
SAME_BINARY_SAMPLE binary=CANDIDATE_V054 case=fp16-128x128 pair=05 order=A,B first_device_us=17.5400 second_device_us=20.9200 first_gelem_s=0.934093 second_gelem_s=0.783174 first_wall_us=76.5110 second_wall_us=76.8210 second_minus_first_us=3.3800
SAME_BINARY_SAMPLE binary=CANDIDATE_V054 case=fp16-128x128 pair=06 order=B,A first_device_us=21.9200 second_device_us=21.5000 first_gelem_s=0.747445 second_gelem_s=0.762046 first_wall_us=76.4820 second_wall_us=74.4810 second_minus_first_us=-0.4200
SAME_BINARY_SAMPLE binary=CANDIDATE_V054 case=fp16-128x128 pair=07 order=A,B first_device_us=8.3200 second_device_us=11.5800 first_gelem_s=1.969231 second_gelem_s=1.414853 first_wall_us=76.8220 second_wall_us=77.3310 second_minus_first_us=3.2600
SAME_BINARY_SAMPLE binary=CANDIDATE_V054 case=fp16-128x128 pair=08 order=B,A first_device_us=7.4600 second_device_us=29.3400 first_gelem_s=2.196247 second_gelem_s=0.558419 first_wall_us=68.3810 second_wall_us=75.1710 second_minus_first_us=21.8800
SAME_BINARY_SAMPLE binary=CANDIDATE_V054 case=fp16-128x128 pair=09 order=A,B first_device_us=15.9400 second_device_us=8.4400 first_gelem_s=1.027854 second_gelem_s=1.941232 first_wall_us=65.4610 second_wall_us=67.3810 second_minus_first_us=-7.5000
SAME_BINARY_SAMPLE binary=CANDIDATE_V054 case=fp16-128x128 pair=10 order=B,A first_device_us=15.9200 second_device_us=8.1200 first_gelem_s=1.029146 second_gelem_s=2.017734 first_wall_us=65.1920 second_wall_us=65.5210 second_minus_first_us=-7.8000
SAME_BINARY_SAMPLE binary=CANDIDATE_V054 case=fp16-128x128 pair=11 order=A,B first_device_us=7.6200 second_device_us=7.0400 first_gelem_s=2.150131 second_gelem_s=2.327273 first_wall_us=66.4210 second_wall_us=67.0910 second_minus_first_us=-0.5800
SAME_BINARY_SAMPLE binary=CANDIDATE_V054 case=fp16-128x128 pair=12 order=B,A first_device_us=19.5000 second_device_us=7.8000 first_gelem_s=0.840205 second_gelem_s=2.100513 first_wall_us=64.9910 second_wall_us=66.7020 second_minus_first_us=-11.7000
SAME_BINARY_SAMPLE binary=CANDIDATE_V054 case=fp16-128x128 pair=13 order=A,B first_device_us=21.8200 second_device_us=20.1600 first_gelem_s=0.750871 second_gelem_s=0.812698 first_wall_us=65.6010 second_wall_us=66.0310 second_minus_first_us=-1.6600
SAME_BINARY_SAMPLE binary=CANDIDATE_V054 case=fp16-128x128 pair=14 order=B,A first_device_us=21.4600 second_device_us=22.0200 first_gelem_s=0.763467 second_gelem_s=0.744051 first_wall_us=65.8510 second_wall_us=65.9910 second_minus_first_us=0.5600
SAME_BINARY_SAMPLE binary=CANDIDATE_V054 case=fp16-128x128 pair=15 order=A,B first_device_us=20.5800 second_device_us=9.3400 first_gelem_s=0.796113 second_gelem_s=1.754176 first_wall_us=64.3610 second_wall_us=65.6610 second_minus_first_us=-11.2400
SAME_BINARY_SAMPLE binary=CANDIDATE_V054 case=fp16-128x128 pair=16 order=B,A first_device_us=10.8400 second_device_us=8.4400 first_gelem_s=1.511439 second_gelem_s=1.941232 first_wall_us=65.9410 second_wall_us=65.3010 second_minus_first_us=-2.4000
SAME_BINARY_SAMPLE binary=CANDIDATE_V054 case=fp16-128x128 pair=17 order=A,B first_device_us=7.3400 second_device_us=7.2400 first_gelem_s=2.232153 second_gelem_s=2.262983 first_wall_us=65.1510 second_wall_us=57.2110 second_minus_first_us=-0.1000
SAME_BINARY_SAMPLE binary=CANDIDATE_V054 case=fp16-128x128 pair=18 order=B,A first_device_us=8.5800 second_device_us=8.3000 first_gelem_s=1.909557 second_gelem_s=1.973976 first_wall_us=70.2510 second_wall_us=70.3120 second_minus_first_us=-0.2800
SAME_BINARY_SAMPLE binary=CANDIDATE_V054 case=fp16-128x128 pair=19 order=A,B first_device_us=10.7600 second_device_us=18.8600 first_gelem_s=1.522677 second_gelem_s=0.868717 first_wall_us=92.7820 second_wall_us=68.4110 second_minus_first_us=8.1000
SAME_BINARY_SAMPLE binary=CANDIDATE_V054 case=fp16-128x128 pair=20 order=B,A first_device_us=9.0200 second_device_us=7.3800 first_gelem_s=1.816408 second_gelem_s=2.220054 first_wall_us=68.6920 second_wall_us=57.7910 second_minus_first_us=-1.6400
SAME_BINARY_SAMPLE binary=CANDIDATE_V054 case=fp16-128x128 pair=21 order=A,B first_device_us=9.2000 second_device_us=17.8600 first_gelem_s=1.780870 second_gelem_s=0.917357 first_wall_us=67.0910 second_wall_us=66.5920 second_minus_first_us=8.6600
SAME_BINARY_SAMPLE binary=CANDIDATE_V054 case=fp16-128x128 pair=22 order=B,A first_device_us=6.6200 second_device_us=10.5800 first_gelem_s=2.474924 second_gelem_s=1.548582 first_wall_us=67.9110 second_wall_us=65.9520 second_minus_first_us=3.9600
SAME_BINARY_SAMPLE binary=CANDIDATE_V054 case=fp16-128x128 pair=23 order=A,B first_device_us=8.6000 second_device_us=6.6000 first_gelem_s=1.905116 second_gelem_s=2.482424 first_wall_us=65.7510 second_wall_us=66.7010 second_minus_first_us=-2.0000
SAME_BINARY_SAMPLE binary=CANDIDATE_V054 case=fp16-128x128 pair=24 order=B,A first_device_us=7.9000 second_device_us=18.3200 first_gelem_s=2.073924 second_gelem_s=0.894323 first_wall_us=59.5710 second_wall_us=66.0610 second_minus_first_us=10.4200
SAME_BINARY_SAMPLE binary=CANDIDATE_V054 case=fp16-128x128 pair=25 order=A,B first_device_us=23.3800 second_device_us=17.1200 first_gelem_s=0.700770 second_gelem_s=0.957009 first_wall_us=64.4110 second_wall_us=64.6810 second_minus_first_us=-6.2600
SAME_BINARY_SAMPLE binary=CANDIDATE_V054 case=fp16-128x128 pair=26 order=B,A first_device_us=17.7200 second_device_us=22.3400 first_gelem_s=0.924605 second_gelem_s=0.733393 first_wall_us=65.8710 second_wall_us=63.6610 second_minus_first_us=4.6200
SAME_BINARY_SAMPLE binary=CANDIDATE_V054 case=fp16-128x128 pair=27 order=A,B first_device_us=7.7200 second_device_us=7.9200 first_gelem_s=2.122280 second_gelem_s=2.068687 first_wall_us=66.6010 second_wall_us=66.1210 second_minus_first_us=0.2000
SAME_BINARY_SAMPLE binary=CANDIDATE_V054 case=fp16-128x128 pair=28 order=B,A first_device_us=17.8800 second_device_us=7.9800 first_gelem_s=0.916331 second_gelem_s=2.053133 first_wall_us=64.7920 second_wall_us=65.8710 second_minus_first_us=-9.9000
SAME_BINARY_SAMPLE binary=CANDIDATE_V054 case=fp16-128x128 pair=29 order=A,B first_device_us=8.6400 second_device_us=17.3400 first_gelem_s=1.896296 second_gelem_s=0.944867 first_wall_us=71.7620 second_wall_us=68.0310 second_minus_first_us=8.7000
SAME_BINARY_SAMPLE binary=CANDIDATE_V054 case=fp16-128x128 pair=30 order=B,A first_device_us=20.5600 second_device_us=7.9400 first_gelem_s=0.796887 second_gelem_s=2.063476 first_wall_us=71.7620 second_wall_us=67.8810 second_minus_first_us=-12.6200
SAME_BINARY_SAMPLE binary=CANDIDATE_V054 case=fp16-128x128 pair=31 order=A,B first_device_us=21.0600 second_device_us=15.0600 first_gelem_s=0.777968 second_gelem_s=1.087915 first_wall_us=66.0810 second_wall_us=64.7910 second_minus_first_us=-6.0000
LOCAL_STATS case=CANDIDATE_V054 metric=device_us binary=same_binary_first n=31 median=11.5600 mean=13.6819 stdev=5.7576 cv=0.42082 min=6.6200 max=23.3800 mad=4.2200 p10=7.6200 p90=21.4600
LOCAL_STATS case=CANDIDATE_V054 metric=device_us binary=same_binary_second n=31 median=10.5800 mean=14.6729 stdev=9.9145 cv=0.67570 min=6.6000 max=56.2400 mad=3.5400 p10=7.3800 p90=22.0200
LOCAL_STATS case=CANDIDATE_V054 metric=paired_delta_us binary=same_binary_second_minus_first n=31 median=-0.4200 mean=0.9910 stdev=11.1412 cv=11.24277 min=-12.6200 max=44.2200 mad=5.5800 p10=-10.7600 p90=8.9600
LOCAL_STATS case=CANDIDATE_V054 metric=gelem_s binary=same_binary_first n=31 median=1.4173 mean=1.4283 stdev=0.5846 cv=0.40927 min=0.7008 max=2.4749 mad=0.5519 p10=0.7635 p90=2.1501
LOCAL_STATS case=CANDIDATE_V054 metric=gelem_s binary=same_binary_second n=31 median=1.5486 mean=1.4695 stdev=0.6519 cv=0.44364 min=0.2913 max=2.4824 mad=0.5916 p10=0.7441 p90=2.2201
LOCAL_STATS case=CANDIDATE_V054 metric=wall_us binary=same_binary_first n=31 median=66.6010 mean=71.3559 stdev=10.7099 cv=0.15009 min=59.5710 max=113.3330 mad=1.8090 p10=64.7920 p90=82.7110
LOCAL_STATS case=CANDIDATE_V054 metric=wall_us binary=same_binary_second n=31 median=66.7010 mean=69.4109 stdev=8.7313 cv=0.12579 min=57.2110 max=106.9920 mad=1.4000 p10=64.6810 p90=76.8220
SAME_BINARY_QUALIFICATION binary=CANDIDATE_V054 case=fp16-128x128 samples=31 first_mad_over_median=0.365052 second_mad_over_median=0.334594 median_drift_fraction=0.088528
SAME_BINARY_SUMMARY binary=CANDIDATE_V054 device=3 shape=128x128 dtype=fp16 samples=31
