CANDIDATE_QUALIFICATION_RUN2_UTC=2026-10-08T02:35:41Z
SAME_BINARY_SAMPLE binary=CANDIDATE_V054 case=fp16-128x128 pair=01 order=A,B first_device_us=32.4800 second_device_us=38.2400 first_gelem_s=0.504433 second_gelem_s=0.428452 first_wall_us=141.0120 second_wall_us=99.8010 second_minus_first_us=5.7600
SAME_BINARY_SAMPLE binary=CANDIDATE_V054 case=fp16-128x128 pair=02 order=B,A first_device_us=24.8000 second_device_us=6.5400 first_gelem_s=0.660645 second_gelem_s=2.505199 first_wall_us=118.4620 second_wall_us=101.3710 second_minus_first_us=-18.2600
SAME_BINARY_SAMPLE binary=CANDIDATE_V054 case=fp16-128x128 pair=03 order=A,B first_device_us=23.7000 second_device_us=7.3800 first_gelem_s=0.691308 second_gelem_s=2.220054 first_wall_us=82.5010 second_wall_us=77.3620 second_minus_first_us=-16.3200
SAME_BINARY_SAMPLE binary=CANDIDATE_V054 case=fp16-128x128 pair=04 order=B,A first_device_us=6.8800 second_device_us=18.6000 first_gelem_s=2.381395 second_gelem_s=0.880860 first_wall_us=85.8110 second_wall_us=79.1720 second_minus_first_us=11.7200
SAME_BINARY_SAMPLE binary=CANDIDATE_V054 case=fp16-128x128 pair=05 order=A,B first_device_us=20.3200 second_device_us=8.1800 first_gelem_s=0.806299 second_gelem_s=2.002934 first_wall_us=82.2320 second_wall_us=81.7710 second_minus_first_us=-12.1400
SAME_BINARY_SAMPLE binary=CANDIDATE_V054 case=fp16-128x128 pair=06 order=B,A first_device_us=18.7000 second_device_us=25.2000 first_gelem_s=0.876150 second_gelem_s=0.650159 first_wall_us=79.9620 second_wall_us=80.2910 second_minus_first_us=6.5000
SAME_BINARY_SAMPLE binary=CANDIDATE_V054 case=fp16-128x128 pair=07 order=A,B first_device_us=20.3400 second_device_us=22.5000 first_gelem_s=0.805506 second_gelem_s=0.728178 first_wall_us=79.0910 second_wall_us=96.4620 second_minus_first_us=2.1600
SAME_BINARY_SAMPLE binary=CANDIDATE_V054 case=fp16-128x128 pair=08 order=B,A first_device_us=20.2800 second_device_us=9.0800 first_gelem_s=0.807890 second_gelem_s=1.804405 first_wall_us=92.3120 second_wall_us=76.7810 second_minus_first_us=-11.2000
SAME_BINARY_SAMPLE binary=CANDIDATE_V054 case=fp16-128x128 pair=09 order=A,B first_device_us=8.3600 second_device_us=19.2400 first_gelem_s=1.959809 second_gelem_s=0.851559 first_wall_us=86.9010 second_wall_us=78.8320 second_minus_first_us=10.8800
SAME_BINARY_SAMPLE binary=CANDIDATE_V054 case=fp16-128x128 pair=10 order=B,A first_device_us=19.6000 second_device_us=22.4600 first_gelem_s=0.835918 second_gelem_s=0.729475 first_wall_us=90.3110 second_wall_us=86.8810 second_minus_first_us=2.8600
SAME_BINARY_SAMPLE binary=CANDIDATE_V054 case=fp16-128x128 pair=11 order=A,B first_device_us=21.4200 second_device_us=20.8600 first_gelem_s=0.764893 second_gelem_s=0.785427 first_wall_us=91.4920 second_wall_us=84.6520 second_minus_first_us=-0.5600
SAME_BINARY_SAMPLE binary=CANDIDATE_V054 case=fp16-128x128 pair=12 order=B,A first_device_us=22.5000 second_device_us=21.5200 first_gelem_s=0.728178 second_gelem_s=0.761338 first_wall_us=94.2720 second_wall_us=87.3510 second_minus_first_us=-0.9800
SAME_BINARY_SAMPLE binary=CANDIDATE_V054 case=fp16-128x128 pair=13 order=A,B first_device_us=11.4000 second_device_us=17.9000 first_gelem_s=1.437193 second_gelem_s=0.915307 first_wall_us=84.5710 second_wall_us=84.0720 second_minus_first_us=6.5000
SAME_BINARY_SAMPLE binary=CANDIDATE_V054 case=fp16-128x128 pair=14 order=B,A first_device_us=21.2800 second_device_us=20.7800 first_gelem_s=0.769925 second_gelem_s=0.788450 first_wall_us=86.5720 second_wall_us=98.3510 second_minus_first_us=-0.5000
SAME_BINARY_SAMPLE binary=CANDIDATE_V054 case=fp16-128x128 pair=15 order=A,B first_device_us=21.7000 second_device_us=19.5200 first_gelem_s=0.755023 second_gelem_s=0.839344 first_wall_us=87.1210 second_wall_us=84.0120 second_minus_first_us=-2.1800
SAME_BINARY_SAMPLE binary=CANDIDATE_V054 case=fp16-128x128 pair=16 order=B,A first_device_us=18.3200 second_device_us=19.9800 first_gelem_s=0.894323 second_gelem_s=0.820020 first_wall_us=89.0520 second_wall_us=77.9410 second_minus_first_us=1.6600
SAME_BINARY_SAMPLE binary=CANDIDATE_V054 case=fp16-128x128 pair=17 order=A,B first_device_us=19.8400 second_device_us=20.0000 first_gelem_s=0.825806 second_gelem_s=0.819200 first_wall_us=86.5510 second_wall_us=84.6420 second_minus_first_us=0.1600
SAME_BINARY_SAMPLE binary=CANDIDATE_V054 case=fp16-128x128 pair=18 order=B,A first_device_us=23.7000 second_device_us=20.7800 first_gelem_s=0.691308 second_gelem_s=0.788450 first_wall_us=90.8420 second_wall_us=83.3410 second_minus_first_us=-2.9200
SAME_BINARY_SAMPLE binary=CANDIDATE_V054 case=fp16-128x128 pair=19 order=A,B first_device_us=19.1000 second_device_us=19.4200 first_gelem_s=0.857801 second_gelem_s=0.843666 first_wall_us=83.3210 second_wall_us=83.1520 second_minus_first_us=0.3200
SAME_BINARY_SAMPLE binary=CANDIDATE_V054 case=fp16-128x128 pair=20 order=B,A first_device_us=19.4400 second_device_us=21.9400 first_gelem_s=0.842798 second_gelem_s=0.746764 first_wall_us=82.4920 second_wall_us=83.9110 second_minus_first_us=2.5000
SAME_BINARY_SAMPLE binary=CANDIDATE_V054 case=fp16-128x128 pair=21 order=A,B first_device_us=20.3800 second_device_us=20.4800 first_gelem_s=0.803925 second_gelem_s=0.800000 first_wall_us=82.8320 second_wall_us=80.4910 second_minus_first_us=0.1000
SAME_BINARY_SAMPLE binary=CANDIDATE_V054 case=fp16-128x128 pair=22 order=B,A first_device_us=35.0800 second_device_us=8.5400 first_gelem_s=0.467047 second_gelem_s=1.918501 first_wall_us=93.8910 second_wall_us=85.5210 second_minus_first_us=-26.5400
SAME_BINARY_SAMPLE binary=CANDIDATE_V054 case=fp16-128x128 pair=23 order=A,B first_device_us=25.3000 second_device_us=24.3600 first_gelem_s=0.647589 second_gelem_s=0.672578 first_wall_us=84.8320 second_wall_us=84.2720 second_minus_first_us=-0.9400
SAME_BINARY_SAMPLE binary=CANDIDATE_V054 case=fp16-128x128 pair=24 order=B,A first_device_us=29.2800 second_device_us=27.0600 first_gelem_s=0.559563 second_gelem_s=0.605469 first_wall_us=85.8010 second_wall_us=99.8420 second_minus_first_us=-2.2200
SAME_BINARY_SAMPLE binary=CANDIDATE_V054 case=fp16-128x128 pair=25 order=A,B first_device_us=22.0800 second_device_us=21.4800 first_gelem_s=0.742029 second_gelem_s=0.762756 first_wall_us=103.6010 second_wall_us=83.6410 second_minus_first_us=-0.6000
SAME_BINARY_SAMPLE binary=CANDIDATE_V054 case=fp16-128x128 pair=26 order=B,A first_device_us=20.7200 second_device_us=14.5200 first_gelem_s=0.790734 second_gelem_s=1.128375 first_wall_us=89.3220 second_wall_us=85.0120 second_minus_first_us=-6.2000
SAME_BINARY_SAMPLE binary=CANDIDATE_V054 case=fp16-128x128 pair=27 order=A,B first_device_us=20.8400 second_device_us=19.4400 first_gelem_s=0.786180 second_gelem_s=0.842798 first_wall_us=83.6710 second_wall_us=86.4320 second_minus_first_us=-1.4000
SAME_BINARY_SAMPLE binary=CANDIDATE_V054 case=fp16-128x128 pair=28 order=B,A first_device_us=20.4400 second_device_us=23.6800 first_gelem_s=0.801566 second_gelem_s=0.691892 first_wall_us=86.9120 second_wall_us=83.7410 second_minus_first_us=3.2400
SAME_BINARY_SAMPLE binary=CANDIDATE_V054 case=fp16-128x128 pair=29 order=A,B first_device_us=26.5400 second_device_us=20.5800 first_gelem_s=0.617332 second_gelem_s=0.796113 first_wall_us=92.0210 second_wall_us=83.6410 second_minus_first_us=-5.9600
SAME_BINARY_SAMPLE binary=CANDIDATE_V054 case=fp16-128x128 pair=30 order=B,A first_device_us=22.2200 second_device_us=18.4400 first_gelem_s=0.737354 second_gelem_s=0.888503 first_wall_us=88.0620 second_wall_us=81.0710 second_minus_first_us=-3.7800
SAME_BINARY_SAMPLE binary=CANDIDATE_V054 case=fp16-128x128 pair=31 order=A,B first_device_us=19.3200 second_device_us=21.2800 first_gelem_s=0.848033 second_gelem_s=0.769925 first_wall_us=83.0210 second_wall_us=85.9220 second_minus_first_us=1.9600
LOCAL_STATS case=CANDIDATE_V054 metric=device_us binary=same_binary_first n=31 median=20.7200 mean=21.1729 stdev=5.6559 cv=0.26713 min=6.8800 max=35.0800 mad=1.5000 p10=18.3200 p90=26.5400
LOCAL_STATS case=CANDIDATE_V054 metric=device_us binary=same_binary_second n=31 median=20.4800 mean=19.3542 stdev=6.3900 cv=0.33016 min=6.5400 max=38.2400 mad=1.8800 p10=8.5400 p90=24.3600
LOCAL_STATS case=CANDIDATE_V054 metric=paired_delta_us binary=same_binary_second_minus_first n=31 median=-0.5600 mean=-1.8187 stdev=8.1555 cv=-4.48420 min=-26.5400 max=11.7200 mad=3.0600 p10=-12.1400 p90=6.5000
LOCAL_STATS case=CANDIDATE_V054 metric=gelem_s binary=same_binary_first n=31 median=0.7907 mean=0.8612 stdev=0.3887 cv=0.45133 min=0.4670 max=2.3814 mad=0.0573 p10=0.6173 p90=0.8943
LOCAL_STATS case=CANDIDATE_V054 metric=gelem_s binary=same_binary_second n=31 median=0.8000 mean=0.9931 stdev=0.5120 cv=0.51551 min=0.4285 max=2.5052 mad=0.0705 p10=0.6726 p90=1.9185
LOCAL_STATS case=CANDIDATE_V054 metric=wall_us binary=same_binary_first n=31 median=86.9010 mean=89.9628 stdev=12.0667 cv=0.13413 min=79.0910 max=141.0120 mad=3.8800 p10=82.4920 p90=94.2720
LOCAL_STATS case=CANDIDATE_V054 metric=wall_us binary=same_binary_second n=31 median=84.0120 mean=85.4753 stdev=6.7171 cv=0.07858 min=76.7810 max=101.3710 mad=2.4200 p10=78.8320 p90=98.3510
SAME_BINARY_QUALIFICATION binary=CANDIDATE_V054 case=fp16-128x128 samples=31 first_mad_over_median=0.072394 second_mad_over_median=0.091797 median_drift_fraction=0.011650
SAME_BINARY_SUMMARY binary=CANDIDATE_V054 device=3 shape=128x128 dtype=fp16 samples=31
