PARENT_QUALIFICATION_RUN2_UTC=2026-10-08T02:34:11Z
SAME_BINARY_SAMPLE binary=PARENT_R31B_V011 case=fp16-128x128 pair=01 order=A,B first_device_us=21.5000 second_device_us=25.7400 first_gelem_s=0.762046 second_gelem_s=0.636519 first_wall_us=113.4820 second_wall_us=87.4610 second_minus_first_us=4.2400
SAME_BINARY_SAMPLE binary=PARENT_R31B_V011 case=fp16-128x128 pair=02 order=B,A first_device_us=17.7600 second_device_us=26.0200 first_gelem_s=0.922523 second_gelem_s=0.629669 first_wall_us=82.2720 second_wall_us=98.0520 second_minus_first_us=8.2600
SAME_BINARY_SAMPLE binary=PARENT_R31B_V011 case=fp16-128x128 pair=03 order=A,B first_device_us=8.0600 second_device_us=18.7200 first_gelem_s=2.032754 second_gelem_s=0.875214 first_wall_us=76.7720 second_wall_us=92.6120 second_minus_first_us=10.6600
SAME_BINARY_SAMPLE binary=PARENT_R31B_V011 case=fp16-128x128 pair=04 order=B,A first_device_us=15.9400 second_device_us=12.4800 first_gelem_s=1.027854 second_gelem_s=1.312821 first_wall_us=73.6610 second_wall_us=72.8420 second_minus_first_us=-3.4600
SAME_BINARY_SAMPLE binary=PARENT_R31B_V011 case=fp16-128x128 pair=05 order=A,B first_device_us=8.0200 second_device_us=17.8200 first_gelem_s=2.042893 second_gelem_s=0.919416 first_wall_us=75.4510 second_wall_us=71.4610 second_minus_first_us=9.8000
SAME_BINARY_SAMPLE binary=PARENT_R31B_V011 case=fp16-128x128 pair=06 order=B,A first_device_us=21.3000 second_device_us=19.2400 first_gelem_s=0.769202 second_gelem_s=0.851559 first_wall_us=72.6720 second_wall_us=72.7910 second_minus_first_us=-2.0600
SAME_BINARY_SAMPLE binary=PARENT_R31B_V011 case=fp16-128x128 pair=07 order=A,B first_device_us=21.7400 second_device_us=7.5600 first_gelem_s=0.753634 second_gelem_s=2.167196 first_wall_us=72.4720 second_wall_us=72.1310 second_minus_first_us=-14.1800
SAME_BINARY_SAMPLE binary=PARENT_R31B_V011 case=fp16-128x128 pair=08 order=B,A first_device_us=8.7000 second_device_us=9.6800 first_gelem_s=1.883218 second_gelem_s=1.692562 first_wall_us=61.7620 second_wall_us=70.1610 second_minus_first_us=0.9800
SAME_BINARY_SAMPLE binary=PARENT_R31B_V011 case=fp16-128x128 pair=09 order=A,B first_device_us=19.3800 second_device_us=18.7200 first_gelem_s=0.845408 second_gelem_s=0.875214 first_wall_us=71.4520 second_wall_us=71.9810 second_minus_first_us=-0.6600
SAME_BINARY_SAMPLE binary=PARENT_R31B_V011 case=fp16-128x128 pair=10 order=B,A first_device_us=19.4000 second_device_us=8.2800 first_gelem_s=0.844536 second_gelem_s=1.978744 first_wall_us=72.6920 second_wall_us=72.0210 second_minus_first_us=-11.1200
SAME_BINARY_SAMPLE binary=PARENT_R31B_V011 case=fp16-128x128 pair=11 order=A,B first_device_us=19.4200 second_device_us=19.9600 first_gelem_s=0.843666 second_gelem_s=0.820842 first_wall_us=71.1110 second_wall_us=69.8110 second_minus_first_us=0.5400
SAME_BINARY_SAMPLE binary=PARENT_R31B_V011 case=fp16-128x128 pair=12 order=B,A first_device_us=21.3000 second_device_us=17.8000 first_gelem_s=0.769202 second_gelem_s=0.920449 first_wall_us=70.8110 second_wall_us=70.7020 second_minus_first_us=-3.5000
SAME_BINARY_SAMPLE binary=PARENT_R31B_V011 case=fp16-128x128 pair=13 order=A,B first_device_us=34.9200 second_device_us=8.8000 first_gelem_s=0.469187 second_gelem_s=1.861818 first_wall_us=81.3010 second_wall_us=61.9120 second_minus_first_us=-26.1200
SAME_BINARY_SAMPLE binary=PARENT_R31B_V011 case=fp16-128x128 pair=14 order=B,A first_device_us=8.2200 second_device_us=21.6400 first_gelem_s=1.993187 second_gelem_s=0.757116 first_wall_us=72.5210 second_wall_us=71.8520 second_minus_first_us=13.4200
SAME_BINARY_SAMPLE binary=PARENT_R31B_V011 case=fp16-128x128 pair=15 order=A,B first_device_us=21.8800 second_device_us=14.6200 first_gelem_s=0.748812 second_gelem_s=1.120657 first_wall_us=71.5310 second_wall_us=71.2010 second_minus_first_us=-7.2600
SAME_BINARY_SAMPLE binary=PARENT_R31B_V011 case=fp16-128x128 pair=16 order=B,A first_device_us=15.7800 second_device_us=6.5000 first_gelem_s=1.038276 second_gelem_s=2.520615 first_wall_us=71.7110 second_wall_us=71.8710 second_minus_first_us=-9.2800
SAME_BINARY_SAMPLE binary=PARENT_R31B_V011 case=fp16-128x128 pair=17 order=A,B first_device_us=24.0800 second_device_us=19.5000 first_gelem_s=0.680399 second_gelem_s=0.840205 first_wall_us=79.3720 second_wall_us=75.1810 second_minus_first_us=-4.5800
SAME_BINARY_SAMPLE binary=PARENT_R31B_V011 case=fp16-128x128 pair=18 order=B,A first_device_us=8.0400 second_device_us=18.8800 first_gelem_s=2.037811 second_gelem_s=0.867797 first_wall_us=76.3710 second_wall_us=71.6220 second_minus_first_us=10.8400
SAME_BINARY_SAMPLE binary=PARENT_R31B_V011 case=fp16-128x128 pair=19 order=A,B first_device_us=7.9600 second_device_us=6.9600 first_gelem_s=2.058291 second_gelem_s=2.354023 first_wall_us=72.9610 second_wall_us=71.4910 second_minus_first_us=-1.0000
SAME_BINARY_SAMPLE binary=PARENT_R31B_V011 case=fp16-128x128 pair=20 order=B,A first_device_us=19.9000 second_device_us=18.3800 first_gelem_s=0.823317 second_gelem_s=0.891404 first_wall_us=71.1910 second_wall_us=70.4510 second_minus_first_us=-1.5200
SAME_BINARY_SAMPLE binary=PARENT_R31B_V011 case=fp16-128x128 pair=21 order=A,B first_device_us=15.6600 second_device_us=22.9800 first_gelem_s=1.046232 second_gelem_s=0.712968 first_wall_us=70.5320 second_wall_us=70.0310 second_minus_first_us=7.3200
SAME_BINARY_SAMPLE binary=PARENT_R31B_V011 case=fp16-128x128 pair=22 order=B,A first_device_us=8.6800 second_device_us=18.4400 first_gelem_s=1.887558 second_gelem_s=0.888503 first_wall_us=71.7520 second_wall_us=71.8210 second_minus_first_us=9.7600
SAME_BINARY_SAMPLE binary=PARENT_R31B_V011 case=fp16-128x128 pair=23 order=A,B first_device_us=14.9200 second_device_us=8.1000 first_gelem_s=1.098123 second_gelem_s=2.022716 first_wall_us=70.9820 second_wall_us=73.1110 second_minus_first_us=-6.8200
SAME_BINARY_SAMPLE binary=PARENT_R31B_V011 case=fp16-128x128 pair=24 order=B,A first_device_us=14.4400 second_device_us=19.1000 first_gelem_s=1.134626 second_gelem_s=0.857801 first_wall_us=70.5520 second_wall_us=72.3910 second_minus_first_us=4.6600
SAME_BINARY_SAMPLE binary=PARENT_R31B_V011 case=fp16-128x128 pair=25 order=A,B first_device_us=20.0400 second_device_us=7.5800 first_gelem_s=0.817565 second_gelem_s=2.161478 first_wall_us=70.2110 second_wall_us=72.1810 second_minus_first_us=-12.4600
SAME_BINARY_SAMPLE binary=PARENT_R31B_V011 case=fp16-128x128 pair=26 order=B,A first_device_us=8.0800 second_device_us=20.2200 first_gelem_s=2.027723 second_gelem_s=0.810287 first_wall_us=70.9410 second_wall_us=78.9020 second_minus_first_us=12.1400
SAME_BINARY_SAMPLE binary=PARENT_R31B_V011 case=fp16-128x128 pair=27 order=A,B first_device_us=22.2000 second_device_us=7.9000 first_gelem_s=0.738018 second_gelem_s=2.073924 first_wall_us=72.4610 second_wall_us=73.3220 second_minus_first_us=-14.3000
SAME_BINARY_SAMPLE binary=PARENT_R31B_V011 case=fp16-128x128 pair=28 order=B,A first_device_us=21.6000 second_device_us=19.6200 first_gelem_s=0.758518 second_gelem_s=0.835066 first_wall_us=70.8010 second_wall_us=70.0510 second_minus_first_us=-1.9800
SAME_BINARY_SAMPLE binary=PARENT_R31B_V011 case=fp16-128x128 pair=29 order=A,B first_device_us=7.3400 second_device_us=15.5000 first_gelem_s=2.232153 second_gelem_s=1.057032 first_wall_us=72.0810 second_wall_us=69.5610 second_minus_first_us=8.1600
SAME_BINARY_SAMPLE binary=PARENT_R31B_V011 case=fp16-128x128 pair=30 order=B,A first_device_us=13.3800 second_device_us=6.2800 first_gelem_s=1.224514 second_gelem_s=2.608917 first_wall_us=75.2120 second_wall_us=72.9910 second_minus_first_us=-7.1000
SAME_BINARY_SAMPLE binary=PARENT_R31B_V011 case=fp16-128x128 pair=31 order=A,B first_device_us=15.2800 second_device_us=19.9000 first_gelem_s=1.072251 second_gelem_s=0.823317 first_wall_us=72.4520 second_wall_us=70.2910 second_minus_first_us=4.6200
LOCAL_STATS case=PARENT_R31B_V011 metric=device_us binary=same_binary_first n=31 median=15.9400 mean=16.2877 stdev=6.5441 cv=0.40178 min=7.3400 max=34.9200 mad=5.5600 p10=8.0400 p90=21.8800
LOCAL_STATS case=PARENT_R31B_V011 metric=device_us binary=same_binary_second n=31 median=18.3800 mean=15.5781 stdev=6.0779 cv=0.39016 min=6.2800 max=26.0200 mad=3.2600 p10=7.5600 p90=21.6400
LOCAL_STATS case=PARENT_R31B_V011 metric=paired_delta_us binary=same_binary_second_minus_first n=31 median=-1.0000 mean=-0.7097 stdev=9.3889 cv=-13.22987 min=-26.1200 max=13.4200 mad=6.2600 p10=-12.4600 p90=10.6600
LOCAL_STATS case=PARENT_R31B_V011 metric=gelem_s binary=same_binary_first n=31 median=1.0279 mean=1.2059 stdev=0.5536 cv=0.45906 min=0.4692 max=2.2322 mad=0.2658 p10=0.7488 p90=2.0378
LOCAL_STATS case=PARENT_R31B_V011 metric=gelem_s binary=same_binary_second n=31 median=0.8914 mean=1.2821 stdev=0.6368 cv=0.49665 min=0.6297 max=2.6089 mad=0.1656 p10=0.7571 p90=2.1672
LOCAL_STATS case=PARENT_R31B_V011 metric=wall_us binary=same_binary_first n=31 median=72.4520 mean=74.1789 stdev=8.1833 cv=0.11032 min=61.7620 max=113.4820 mad=1.4700 p10=70.5520 p90=79.3720
LOCAL_STATS case=PARENT_R31B_V011 metric=wall_us binary=same_binary_second n=31 median=71.8710 mean=73.6213 stdev=6.9674 cv=0.09464 min=61.9120 max=98.0520 mad=1.1690 p10=70.0310 p90=78.9020
SAME_BINARY_QUALIFICATION binary=PARENT_R31B_V011 case=fp16-128x128 samples=31 first_mad_over_median=0.348808 second_mad_over_median=0.177367 median_drift_fraction=0.142191
SAME_BINARY_SUMMARY binary=PARENT_R31B_V011 device=3 shape=128x128 dtype=fp16 samples=31
