LOCAL_SAMPLE case=bf16-128x256 pair=01 order=P,C parent_device_us=19.2800 candidate_device_us=20.4600 parent_gelem_s=1.699585 candidate_gelem_s=1.601564 parent_wall_us=136.0010 candidate_wall_us=99.0210 paired_delta_us=1.1800
LOCAL_SAMPLE case=bf16-128x256 pair=02 order=C,P parent_device_us=7.1400 candidate_device_us=12.1000 parent_gelem_s=4.589356 candidate_gelem_s=2.708099 parent_wall_us=107.6310 candidate_wall_us=84.6310 paired_delta_us=4.9600
LOCAL_SAMPLE case=bf16-128x256 pair=03 order=P,C parent_device_us=6.7200 candidate_device_us=9.5000 parent_gelem_s=4.876191 candidate_gelem_s=3.449263 parent_wall_us=92.8700 candidate_wall_us=84.0410 paired_delta_us=2.7800
LOCAL_SAMPLE case=bf16-128x256 pair=04 order=C,P parent_device_us=7.3000 candidate_device_us=7.9400 parent_gelem_s=4.488767 candidate_gelem_s=4.126952 parent_wall_us=113.9100 candidate_wall_us=79.8510 paired_delta_us=0.6400
LOCAL_SAMPLE case=bf16-128x256 pair=05 order=P,C parent_device_us=18.9800 candidate_device_us=67.4800 parent_gelem_s=1.726449 candidate_gelem_s=0.485596 parent_wall_us=235.0510 candidate_wall_us=146.5610 paired_delta_us=48.5000
LOCAL_SAMPLE case=bf16-128x256 pair=06 order=C,P parent_device_us=10.0800 candidate_device_us=18.4600 parent_gelem_s=3.250794 candidate_gelem_s=1.775081 parent_wall_us=82.2810 candidate_wall_us=90.5710 paired_delta_us=8.3800
LOCAL_SAMPLE case=bf16-128x256 pair=07 order=P,C parent_device_us=17.3800 candidate_device_us=7.6200 parent_gelem_s=1.885386 candidate_gelem_s=4.300263 parent_wall_us=79.9500 candidate_wall_us=78.4610 paired_delta_us=-9.7600
LOCAL_SAMPLE case=bf16-128x256 pair=08 order=C,P parent_device_us=18.4000 candidate_device_us=21.5400 parent_gelem_s=1.780870 candidate_gelem_s=1.521263 parent_wall_us=76.7900 candidate_wall_us=77.8400 paired_delta_us=3.1400
LOCAL_SAMPLE case=bf16-128x256 pair=09 order=P,C parent_device_us=7.2800 candidate_device_us=6.8400 parent_gelem_s=4.501099 candidate_gelem_s=4.790643 parent_wall_us=80.5510 candidate_wall_us=79.2500 paired_delta_us=-0.4400
LOCAL_SAMPLE case=bf16-128x256 pair=10 order=C,P parent_device_us=17.2400 candidate_device_us=21.6200 parent_gelem_s=1.900696 candidate_gelem_s=1.515634 parent_wall_us=86.5100 candidate_wall_us=77.4010 paired_delta_us=4.3800
LOCAL_SAMPLE case=bf16-128x256 pair=11 order=P,C parent_device_us=7.4200 candidate_device_us=7.0200 parent_gelem_s=4.416172 candidate_gelem_s=4.667806 parent_wall_us=100.3500 candidate_wall_us=76.8110 paired_delta_us=-0.4000
LOCAL_SAMPLE case=bf16-128x256 pair=12 order=C,P parent_device_us=25.2000 candidate_device_us=7.8600 parent_gelem_s=1.300317 candidate_gelem_s=4.168957 parent_wall_us=98.3400 candidate_wall_us=98.7110 paired_delta_us=-17.3400
LOCAL_SAMPLE case=bf16-128x256 pair=13 order=P,C parent_device_us=7.2600 candidate_device_us=7.3600 parent_gelem_s=4.513499 candidate_gelem_s=4.452174 parent_wall_us=77.7110 candidate_wall_us=65.1400 paired_delta_us=0.1000
LOCAL_SAMPLE case=bf16-128x256 pair=14 order=C,P parent_device_us=19.1000 candidate_device_us=7.8400 parent_gelem_s=1.715602 candidate_gelem_s=4.179592 parent_wall_us=77.0310 candidate_wall_us=101.3510 paired_delta_us=-11.2600
LOCAL_SAMPLE case=bf16-128x256 pair=15 order=P,C parent_device_us=7.2800 candidate_device_us=7.9600 parent_gelem_s=4.501099 candidate_gelem_s=4.116583 parent_wall_us=92.8900 candidate_wall_us=80.5610 paired_delta_us=0.6800
LOCAL_SAMPLE case=bf16-128x256 pair=16 order=C,P parent_device_us=20.4000 candidate_device_us=16.4200 parent_gelem_s=1.606274 candidate_gelem_s=1.995615 parent_wall_us=77.1000 candidate_wall_us=79.8210 paired_delta_us=-3.9800
LOCAL_SAMPLE case=bf16-128x256 pair=17 order=P,C parent_device_us=22.1000 candidate_device_us=8.5000 parent_gelem_s=1.482715 candidate_gelem_s=3.855059 parent_wall_us=78.0510 candidate_wall_us=78.9600 paired_delta_us=-13.6000
LOCAL_SAMPLE case=bf16-128x256 pair=18 order=C,P parent_device_us=19.6000 candidate_device_us=18.3200 parent_gelem_s=1.671837 candidate_gelem_s=1.788646 parent_wall_us=78.0500 candidate_wall_us=78.8410 paired_delta_us=-1.2800
LOCAL_SAMPLE case=bf16-128x256 pair=19 order=P,C parent_device_us=10.0000 candidate_device_us=8.6800 parent_gelem_s=3.276800 candidate_gelem_s=3.775115 parent_wall_us=92.5900 candidate_wall_us=76.4010 paired_delta_us=-1.3200
LOCAL_SAMPLE case=bf16-128x256 pair=20 order=C,P parent_device_us=8.8200 candidate_device_us=9.2000 parent_gelem_s=3.715193 candidate_gelem_s=3.561739 parent_wall_us=82.1000 candidate_wall_us=117.1310 paired_delta_us=0.3800
LOCAL_SAMPLE case=bf16-128x256 pair=21 order=P,C parent_device_us=7.5400 candidate_device_us=22.8200 parent_gelem_s=4.345889 candidate_gelem_s=1.435933 parent_wall_us=68.2910 candidate_wall_us=80.2310 paired_delta_us=15.2800
LOCAL_SAMPLE case=bf16-128x256 pair=22 order=C,P parent_device_us=7.9800 candidate_device_us=23.4800 parent_gelem_s=4.106266 candidate_gelem_s=1.395571 parent_wall_us=74.2710 candidate_wall_us=77.3000 paired_delta_us=15.5000
LOCAL_SAMPLE case=bf16-128x256 pair=23 order=P,C parent_device_us=20.8800 candidate_device_us=25.9000 parent_gelem_s=1.569349 candidate_gelem_s=1.265174 parent_wall_us=76.4200 candidate_wall_us=87.7710 paired_delta_us=5.0200
LOCAL_SAMPLE case=bf16-128x256 pair=24 order=C,P parent_device_us=23.6600 candidate_device_us=8.5600 parent_gelem_s=1.384953 candidate_gelem_s=3.828037 parent_wall_us=73.0910 candidate_wall_us=67.7300 paired_delta_us=-15.1000
LOCAL_SAMPLE case=bf16-128x256 pair=25 order=P,C parent_device_us=9.4000 candidate_device_us=8.5200 parent_gelem_s=3.485957 candidate_gelem_s=3.846010 parent_wall_us=74.2910 candidate_wall_us=62.3100 paired_delta_us=-0.8800
LOCAL_SAMPLE case=bf16-128x256 pair=26 order=C,P parent_device_us=22.4400 candidate_device_us=23.4200 parent_gelem_s=1.460250 candidate_gelem_s=1.399146 parent_wall_us=74.4000 candidate_wall_us=72.5710 paired_delta_us=0.9800
LOCAL_SAMPLE case=bf16-128x256 pair=27 order=P,C parent_device_us=9.2200 candidate_device_us=18.4800 parent_gelem_s=3.554013 candidate_gelem_s=1.773160 parent_wall_us=76.1110 candidate_wall_us=78.2600 paired_delta_us=9.2600
LOCAL_SAMPLE case=bf16-128x256 pair=28 order=C,P parent_device_us=20.0800 candidate_device_us=8.2600 parent_gelem_s=1.631872 candidate_gelem_s=3.967070 parent_wall_us=80.6510 candidate_wall_us=86.1310 paired_delta_us=-11.8200
LOCAL_SAMPLE case=bf16-128x256 pair=29 order=P,C parent_device_us=7.8800 candidate_device_us=8.9400 parent_gelem_s=4.158375 candidate_gelem_s=3.665324 parent_wall_us=81.4600 candidate_wall_us=88.7210 paired_delta_us=1.0600
LOCAL_SAMPLE case=bf16-128x256 pair=30 order=C,P parent_device_us=18.1400 candidate_device_us=8.7000 parent_gelem_s=1.806395 candidate_gelem_s=3.766437 parent_wall_us=81.7800 candidate_wall_us=89.4000 paired_delta_us=-9.4400
LOCAL_SAMPLE case=bf16-128x256 pair=31 order=P,C parent_device_us=17.1400 candidate_device_us=21.4400 parent_gelem_s=1.911785 candidate_gelem_s=1.528358 parent_wall_us=79.6010 candidate_wall_us=77.7300 paired_delta_us=4.3000
LOCAL_STATS case=bf16-128x256 metric=device_us binary=PARENT_R31B_V011 n=31 median=17.1400 mean=14.2368 stdev=6.3221 cv=0.44407 min=6.7200 max=25.2000 mad=7.0600 p10=7.2800 p90=22.1000
LOCAL_STATS case=bf16-128x256 metric=device_us binary=CANDIDATE_V069 n=31 median=9.2000 mean=15.2013 stdev=11.6551 cv=0.76672 min=6.8400 max=67.4800 mad=2.1800 p10=7.6200 p90=23.4200
LOCAL_STATS case=bf16-128x256 metric=wall_us binary=PARENT_R31B_V011 n=31 median=80.5510 mean=89.8750 stdev=30.3953 cv=0.33819 min=68.2910 max=235.0510 mad=4.4400 p10=74.2910 p90=107.6310
LOCAL_STATS case=bf16-128x256 metric=wall_us binary=CANDIDATE_V069 n=31 median=79.8210 mean=84.5004 stdev=15.8705 cv=0.18782 min=62.3100 max=146.5610 mad=4.2200 p10=72.5710 p90=99.0210
LOCAL_STATS case=bf16-128x256 metric=gelem_s binary=PARENT_R31B_V011 n=31 median=1.9118 mean=2.8488 stdev=1.3068 cv=0.45872 min=1.3003 max=4.8762 mad=0.6115 p10=1.4827 p90=4.5011
LOCAL_STATS case=bf16-128x256 metric=gelem_s binary=CANDIDATE_V069 n=31 median=3.5617 mean=2.9260 stdev=1.3051 cv=0.44605 min=0.4856 max=4.7906 mad=0.8904 p10=1.3991 p90=4.3003
LOCAL_STATS case=bf16-128x256 metric=paired_delta_us binary=CANDIDATE_MINUS_PARENT n=31 median=0.6400 mean=0.9645 stdev=11.8989 cv=12.33670 min=-17.3400 max=48.5000 mad=3.7400 p10=-11.8200 p90=9.2600
LOCAL_RESULT route=SYNC-BARRIER-ELISION-X revision=V069 device=3 shape=128x256 dtype=bf16 samples=31 parent_median_us=17.1400 candidate_median_us=9.2000 parent_median_gelem_s=1.911785 candidate_median_gelem_s=3.561739 local_delta_us=0.6400 local_score_percent=-3.733954 candidate_minus_parent_percent=3.733954
