2026-10-08T17:46:56Z
+------------------------------------------------------------------------------------------------+
| npu-smi 25.0.rc1.1               Version: 25.0.rc1.1                                           |
+---------------------------+---------------+----------------------------------------------------+
| NPU   Name                | Health        | Power(W)    Temp(C)           Hugepages-Usage(page)|
| Chip                      | Bus-Id        | AICore(%)   Memory-Usage(MB)  HBM-Usage(MB)        |
+===========================+===============+====================================================+
| 0     910B3               | OK            | 139.5       32                0    / 0             |
| 0                         | 0000:C1:00.0  | 20          0    / 0          18119/ 65536         |
+===========================+===============+====================================================+
| 1     910B3               | OK            | 207.3       45                0    / 0             |
| 0                         | 0000:C2:00.0  | 60          0    / 0          28508/ 65536         |
+===========================+===============+====================================================+
| 2     910B3               | OK            | 96.7        30                0    / 0             |
| 0                         | 0000:81:00.0  | 1           0    / 0          6436 / 65536         |
+===========================+===============+====================================================+
| 3     910B3               | OK            | 111.0       30                0    / 0             |
| 0                         | 0000:82:00.0  | 7           0    / 0          9131 / 65536         |
+===========================+===============+====================================================+
| 4     910B3               | OK            | 290.3       51                0    / 0             |
| 0                         | 0000:01:00.0  | 61          0    / 0          59193/ 65536         |
+===========================+===============+====================================================+
| 5     910B3               | OK            | 171.4       53                0    / 0             |
| 0                         | 0000:02:00.0  | 45          0    / 0          60221/ 65536         |
+===========================+===============+====================================================+
| 6     910B3               | OK            | 164.9       47                0    / 0             |
| 0                         | 0000:41:00.0  | 45          0    / 0          60222/ 65536         |
+===========================+===============+====================================================+
| 7     910B3               | OK            | 190.5       40                0    / 0             |
| 0                         | 0000:42:00.0  | 44          0    / 0          28825/ 65536         |
+===========================+===============+====================================================+
+---------------------------+---------------+----------------------------------------------------+
| NPU     Chip              | Process id    | Process name             | Process memory(MB)      |
+===========================+===============+====================================================+
| 0       0                 | 2743971       | python                   | 9042                    |
| 0       0                 | 251901        | python                   | 5752                    |
+===========================+===============+====================================================+
| 1       0                 | 3150467       | python                   | 5748                    |
| 1       0                 | 2055828       | python                   | 4234                    |
| 1       0                 | 203339        | python                   | 15199                   |
+===========================+===============+====================================================+
| 2       0                 | 2055832       | python                   | 3066                    |
+===========================+===============+====================================================+
| 3       0                 | 2055830       | python                   | 5756                    |
+===========================+===============+====================================================+
| 4       0                 | 2999855       | VLLMEngineCor            | 55666                   |
+===========================+===============+====================================================+
| 5       0                 | 89602         | VLLMWorker_TP            | 56700                   |
+===========================+===============+====================================================+
| 6       0                 | 91228         | VLLMWorker_TP            | 56701                   |
+===========================+===============+====================================================+
| 7       0                 | 439848        | python3                  | 21260                   |
| 7       0                 | 2055831       | python                   | 4086                    |
+===========================+===============+====================================================+
