--- LOAD_AT_CORRECTNESS_FIX2_START ---
+------------------------------------------------------------------------------------------------+
| npu-smi 25.0.rc1.1               Version: 25.0.rc1.1                                           |
+---------------------------+---------------+----------------------------------------------------+
| NPU   Name                | Health        | Power(W)    Temp(C)           Hugepages-Usage(page)|
| Chip                      | Bus-Id        | AICore(%)   Memory-Usage(MB)  HBM-Usage(MB)        |
+===========================+===============+====================================================+
| 0     910B3               | OK            | 147.2       42                0    / 0             |
| 0                         | 0000:C1:00.0  | 33          0    / 0          59957/ 65536         |
+===========================+===============+====================================================+
| 1     910B3               | OK            | 136.9       40                0    / 0             |
| 0                         | 0000:C2:00.0  | 19          0    / 0          60006/ 65536         |
+===========================+===============+====================================================+
| 2     910B3               | OK            | 136.3       44                0    / 0             |
| 0                         | 0000:81:00.0  | 33          0    / 0          59949/ 65536         |
+===========================+===============+====================================================+
| 3     910B3               | OK            | 145.6       43                0    / 0             |
| 0                         | 0000:82:00.0  | 32          0    / 0          59951/ 65536         |
+===========================+===============+====================================================+
| 4     910B3               | OK            | 91.1        41                0    / 0             |
| 0                         | 0000:01:00.0  | 0           0    / 0          59184/ 65536         |
+===========================+===============+====================================================+
| 5     910B3               | OK            | 93.7        39                0    / 0             |
| 0                         | 0000:02:00.0  | 0           0    / 0          59876/ 65536         |
+===========================+===============+====================================================+
| 6     910B3               | OK            | 95.3        42                0    / 0             |
| 0                         | 0000:41:00.0  | 0           0    / 0          59875/ 65536         |
+===========================+===============+====================================================+
| 7     910B3               | OK            | 106.9       43                0    / 0             |
| 0                         | 0000:42:00.0  | 0           0    / 0          65534/ 65536         |
+===========================+===============+====================================================+
+---------------------------+---------------+----------------------------------------------------+
| NPU     Chip              | Process id    | Process name             | Process memory(MB)      |
+===========================+===============+====================================================+
| 0       0                 | 89395         | VLLMWorker_TP            | 56434                   |
+===========================+===============+====================================================+
| 1       0                 | 91055         | VLLMWorker_TP            | 56434                   |
+===========================+===============+====================================================+
| 2       0                 | 92813         | VLLMWorker_TP            | 56435                   |
+===========================+===============+====================================================+
| 3       0                 | 94498         | VLLMWorker_TP            | 56435                   |
+===========================+===============+====================================================+
| 4       0                 | 2999855       | VLLMEngineCor            | 55664                   |
+===========================+===============+====================================================+
| 5       0                 | 89602         | VLLMWorker_TP            | 56354                   |
+===========================+===============+====================================================+
| 6       0                 | 91228         | VLLMWorker_TP            | 56355                   |
+===========================+===============+====================================================+
| 7       0                 | 3458196       | python                   | 62160                   |
+===========================+===============+====================================================+
--- CORRECTNESS_FIX2_COMMAND ---
+ /home/data4t2/lelinfeng/phase4-workspaces/WIDE-X-FRESH4/build-server3/npu_correctness_BUILD-FIX-001
NPU correctness passed: dtype=0 width=2048 rows=2 max_abs_error=1.1920929e-07
NPU correctness passed: dtype=0 width=16384 rows=2 max_abs_error=3.5762787e-07
NPU correctness passed: dtype=0 width=32768 rows=2 max_abs_error=1.1920929e-07
NPU correctness passed: dtype=1 width=2048 rows=2 max_abs_error=0
NPU correctness passed: dtype=1 width=16384 rows=2 max_abs_error=0.0009765625
NPU correctness passed: dtype=1 width=32768 rows=2 max_abs_error=0.00048828125
NPU correctness passed: dtype=2 width=2048 rows=2 max_abs_error=0
NPU correctness passed: dtype=2 width=16384 rows=2 max_abs_error=0
NPU correctness passed: dtype=2 width=32768 rows=2 max_abs_error=0
