2026-10-09 16:16:17 [INFO] [3744870] [3744870] [export_manager.cpp:119] Start to load data!
2026-10-09 16:16:17 [INFO] [3744870] [3744870] [data_processor.cpp:27] HASH_INIT Run. Dir is /home/data4t2/lelinfeng/cann-w5-r04-l2/研究/GM-L2-CACHE-POLICY-X/profile-existing-parent-memory-l2-20261009/msprof-l2cache-output/PROF_000001_20261009161608421_IFAKNLORMCMBPDKC
2026-10-09 16:16:17 [WARN] [3744870] [3744870] [data_processor.cpp:38] Can't find the db, the path is /home/data4t2/lelinfeng/cann-w5-r04-l2/研究/GM-L2-CACHE-POLICY-X/profile-existing-parent-memory-l2-20261009/msprof-l2cache-output/PROF_000001_20261009161608421_IFAKNLORMCMBPDKC/host/sqlite/ge_logic_stream_info.db.
2026-10-09 16:16:17 [INFO] [3744870] [3744870] [hash_init_processor.cpp:55] Init Hash data, dir is /home/data4t2/lelinfeng/cann-w5-r04-l2/研究/GM-L2-CACHE-POLICY-X/profile-existing-parent-memory-l2-20261009/msprof-l2cache-output/PROF_000001_20261009161608421_IFAKNLORMCMBPDKC
2026-10-09 16:16:17 [INFO] [3744870] [3744870] [data_processor.cpp:54] Check /home/data4t2/lelinfeng/cann-w5-r04-l2/研究/GM-L2-CACHE-POLICY-X/profile-existing-parent-memory-l2-20261009/msprof-l2cache-output/PROF_000001_20261009161608421_IFAKNLORMCMBPDKC/host/sqlite/ge_hash.db and GeHashInfo success.
2026-10-09 16:16:17 [INFO] [3744870] [3744870] [db_runner.h:75] Start query data
2026-10-09 16:16:17 [INFO] [3744870] [3744870] [db_runner.h:86] Query data success: SELECT hash_key, hash_value FROM GeHashInfo
2026-10-09 16:16:17 [INFO] [3744870] [3744874] [data_processor.cpp:27] ACC_PMU Run. Dir is /home/data4t2/lelinfeng/cann-w5-r04-l2/研究/GM-L2-CACHE-POLICY-X/profile-existing-parent-memory-l2-20261009/msprof-l2cache-output/PROF_000001_20261009161608421_IFAKNLORMCMBPDKC
2026-10-09 16:16:17 [INFO] [3744870] [3744875] [data_processor.cpp:27] AICORE_FREQ Run. Dir is /home/data4t2/lelinfeng/cann-w5-r04-l2/研究/GM-L2-CACHE-POLICY-X/profile-existing-parent-memory-l2-20261009/msprof-l2cache-output/PROF_000001_20261009161608421_IFAKNLORMCMBPDKC
2026-10-09 16:16:17 [INFO] [3744870] [3744873] [data_processor.cpp:27] API Run. Dir is /home/data4t2/lelinfeng/cann-w5-r04-l2/研究/GM-L2-CACHE-POLICY-X/profile-existing-parent-memory-l2-20261009/msprof-l2cache-output/PROF_000001_20261009161608421_IFAKNLORMCMBPDKC
2026-10-09 16:16:17 [INFO] [3744870] [3744871] [data_processor.cpp:27] COMMUNICATION Run. Dir is /home/data4t2/lelinfeng/cann-w5-r04-l2/研究/GM-L2-CACHE-POLICY-X/profile-existing-parent-memory-l2-20261009/msprof-l2cache-output/PROF_000001_20261009161608421_IFAKNLORMCMBPDKC
2026-10-09 16:16:17 [INFO] [3744870] [3744878] [data_processor.cpp:27] COMMUNICATION_STATISTIC Run. Dir is /home/data4t2/lelinfeng/cann-w5-r04-l2/研究/GM-L2-CACHE-POLICY-X/profile-existing-parent-memory-l2-20261009/msprof-l2cache-output/PROF_000001_20261009161608421_IFAKNLORMCMBPDKC
2026-10-09 16:16:17 [INFO] [3744870] [3744877] [data_processor.cpp:27] COMPUTE_TASK_INFO Run. Dir is /home/data4t2/lelinfeng/cann-w5-r04-l2/研究/GM-L2-CACHE-POLICY-X/profile-existing-parent-memory-l2-20261009/msprof-l2cache-output/PROF_000001_20261009161608421_IFAKNLORMCMBPDKC
2026-10-09 16:16:17 [INFO] [3744870] [3744876] [data_processor.cpp:27] CPU_USAGE Run. Dir is /home/data4t2/lelinfeng/cann-w5-r04-l2/研究/GM-L2-CACHE-POLICY-X/profile-existing-parent-memory-l2-20261009/msprof-l2cache-output/PROF_000001_20261009161608421_IFAKNLORMCMBPDKC
2026-10-09 16:16:17 [WARN] [3744870] [3744878] [data_processor.cpp:38] Can't find the db, the path is /home/data4t2/lelinfeng/cann-w5-r04-l2/研究/GM-L2-CACHE-POLICY-X/profile-existing-parent-memory-l2-20261009/msprof-l2cache-output/PROF_000001_20261009161608421_IFAKNLORMCMBPDKC/device_3/sqlite/hccl_single_device.db.
2026-10-09 16:16:17 [INFO] [3744870] [3744879] [data_processor.cpp:27] DDR Run. Dir is /home/data4t2/lelinfeng/cann-w5-r04-l2/研究/GM-L2-CACHE-POLICY-X/profile-existing-parent-memory-l2-20261009/msprof-l2cache-output/PROF_000001_20261009161608421_IFAKNLORMCMBPDKC
2026-10-09 16:16:17 [INFO] [3744870] [3744878] [data_processor.h:72] Save COMMUNICATION_STATISTIC data into dataInventory
2026-10-09 16:16:17 [WARN] [3744870] [3744878] [data_processor.h:74] COMMUNICATION_STATISTIC no data to inject to dataInventory
2026-10-09 16:16:17 [INFO] [3744870] [3744876] [host_usage_processor.cpp:23] Start process CPU_USAGE.
2026-10-09 16:16:17 [WARN] [3744870] [3744874] [data_processor.cpp:38] Can't find the db, the path is /home/data4t2/lelinfeng/cann-w5-r04-l2/研究/GM-L2-CACHE-POLICY-X/profile-existing-parent-memory-l2-20261009/msprof-l2cache-output/PROF_000001_20261009161608421_IFAKNLORMCMBPDKC/device_3/sqlite/acc_pmu.db.
2026-10-09 16:16:17 [INFO] [3744870] [3744872] [data_processor.cpp:27] DEVICE_MSTX Run. Dir is /home/data4t2/lelinfeng/cann-w5-r04-l2/研究/GM-L2-CACHE-POLICY-X/profile-existing-parent-memory-l2-20261009/msprof-l2cache-output/PROF_000001_20261009161608421_IFAKNLORMCMBPDKC
2026-10-09 16:16:17 [INFO] [3744870] [3744874] [data_processor.h:72] Save ACC_PMU data into dataInventory
2026-10-09 16:16:17 [INFO] [3744870] [3744880] [data_processor.cpp:27] DISK_USAGE Run. Dir is /home/data4t2/lelinfeng/cann-w5-r04-l2/研究/GM-L2-CACHE-POLICY-X/profile-existing-parent-memory-l2-20261009/msprof-l2cache-output/PROF_000001_20261009161608421_IFAKNLORMCMBPDKC
2026-10-09 16:16:17 [WARN] [3744870] [3744874] [data_processor.h:74] ACC_PMU no data to inject to dataInventory
2026-10-09 16:16:17 [INFO] [3744870] [3744878] [data_processor.cpp:27] FUSION_OP Run. Dir is /home/data4t2/lelinfeng/cann-w5-r04-l2/研究/GM-L2-CACHE-POLICY-X/profile-existing-parent-memory-l2-20261009/msprof-l2cache-output/PROF_000001_20261009161608421_IFAKNLORMCMBPDKC
2026-10-09 16:16:17 [INFO] [3744870] [3744880] [host_usage_processor.cpp:23] Start process DISK_USAGE.
2026-10-09 16:16:17 [INFO] [3744870] [3744874] [data_processor.cpp:27] HBM Run. Dir is /home/data4t2/lelinfeng/cann-w5-r04-l2/研究/GM-L2-CACHE-POLICY-X/profile-existing-parent-memory-l2-20261009/msprof-l2cache-output/PROF_000001_20261009161608421_IFAKNLORMCMBPDKC
2026-10-09 16:16:17 [WARN] [3744870] [3744871] [data_processor.cpp:38] Can't find the db, the path is /home/data4t2/lelinfeng/cann-w5-r04-l2/研究/GM-L2-CACHE-POLICY-X/profile-existing-parent-memory-l2-20261009/msprof-l2cache-output/PROF_000001_20261009161608421_IFAKNLORMCMBPDKC/device_3/sqlite/hccl_single_device.db.
2026-10-09 16:16:17 [WARN] [3744870] [3744878] [data_processor.cpp:38] Can't find the db, the path is /home/data4t2/lelinfeng/cann-w5-r04-l2/研究/GM-L2-CACHE-POLICY-X/profile-existing-parent-memory-l2-20261009/msprof-l2cache-output/PROF_000001_20261009161608421_IFAKNLORMCMBPDKC/host/sqlite/ge_model_info.db.
2026-10-09 16:16:17 [WARN] [3744870] [3744871] [data_processor.cpp:38] Can't find the db, the path is /home/data4t2/lelinfeng/cann-w5-r04-l2/研究/GM-L2-CACHE-POLICY-X/profile-existing-parent-memory-l2-20261009/msprof-l2cache-output/PROF_000001_20261009161608421_IFAKNLORMCMBPDKC/device_3/sqlite/hccl_single_device.db.
2026-10-09 16:16:17 [INFO] [3744870] [3744878] [data_processor.cpp:27] HCCS Run. Dir is /home/data4t2/lelinfeng/cann-w5-r04-l2/研究/GM-L2-CACHE-POLICY-X/profile-existing-parent-memory-l2-20261009/msprof-l2cache-output/PROF_000001_20261009161608421_IFAKNLORMCMBPDKC
2026-10-09 16:16:17 [INFO] [3744870] [3744871] [data_processor.h:61] There are 0 records before COMMUNICATION_TASK_INFO data filtering, filterTime is 1791562568896623000.
2026-10-09 16:16:17 [INFO] [3744870] [3744871] [data_processor.h:65] There are 0 records after COMMUNICATION_TASK_INFO data filtering.
2026-10-09 16:16:17 [INFO] [3744870] [3744871] [data_processor.h:61] There are 0 records before COMMUNICATION_TASK_INFO data filtering, filterTime is 1791562568896623000.
2026-10-09 16:16:17 [INFO] [3744870] [3744871] [data_processor.h:65] There are 0 records after COMMUNICATION_TASK_INFO data filtering.
2026-10-09 16:16:17 [INFO] [3744870] [3744871] [data_processor.h:72] Save COMMUNICATION_TASK_INFO data into dataInventory
2026-10-09 16:16:17 [WARN] [3744870] [3744871] [data_processor.h:74] COMMUNICATION_TASK_INFO no data to inject to dataInventory
2026-10-09 16:16:17 [INFO] [3744870] [3744871] [data_processor.h:72] Save COMMUNICATION_OP data into dataInventory
2026-10-09 16:16:17 [WARN] [3744870] [3744871] [data_processor.h:74] COMMUNICATION_OP no data to inject to dataInventory
2026-10-09 16:16:17 [INFO] [3744870] [3744871] [data_processor.cpp:27] KFC_COMM Run. Dir is /home/data4t2/lelinfeng/cann-w5-r04-l2/研究/GM-L2-CACHE-POLICY-X/profile-existing-parent-memory-l2-20261009/msprof-l2cache-output/PROF_000001_20261009161608421_IFAKNLORMCMBPDKC
2026-10-09 16:16:17 [WARN] [3744870] [3744876] [data_processor.cpp:38] Can't find the db, the path is /home/data4t2/lelinfeng/cann-w5-r04-l2/研究/GM-L2-CACHE-POLICY-X/profile-existing-parent-memory-l2-20261009/msprof-l2cache-output/PROF_000001_20261009161608421_IFAKNLORMCMBPDKC/host/sqlite/host_cpu_usage.db.
2026-10-09 16:16:17 [INFO] [3744870] [3744876] [data_processor.cpp:27] KFC_TASK Run. Dir is /home/data4t2/lelinfeng/cann-w5-r04-l2/研究/GM-L2-CACHE-POLICY-X/profile-existing-parent-memory-l2-20261009/msprof-l2cache-output/PROF_000001_20261009161608421_IFAKNLORMCMBPDKC
2026-10-09 16:16:17 [WARN] [3744870] [3744880] [data_processor.cpp:38] Can't find the db, the path is /home/data4t2/lelinfeng/cann-w5-r04-l2/研究/GM-L2-CACHE-POLICY-X/profile-existing-parent-memory-l2-20261009/msprof-l2cache-output/PROF_000001_20261009161608421_IFAKNLORMCMBPDKC/host/sqlite/host_disk_usage.db.
2026-10-09 16:16:17 [INFO] [3744870] [3744880] [data_processor.cpp:27] LLC Run. Dir is /home/data4t2/lelinfeng/cann-w5-r04-l2/研究/GM-L2-CACHE-POLICY-X/profile-existing-parent-memory-l2-20261009/msprof-l2cache-output/PROF_000001_20261009161608421_IFAKNLORMCMBPDKC
2026-10-09 16:16:17 [WARN] [3744870] [3744874] [data_processor.cpp:38] Can't find the db, the path is /home/data4t2/lelinfeng/cann-w5-r04-l2/研究/GM-L2-CACHE-POLICY-X/profile-existing-parent-memory-l2-20261009/msprof-l2cache-output/PROF_000001_20261009161608421_IFAKNLORMCMBPDKC/device_3/sqlite/hbm.db.
2026-10-09 16:16:17 [INFO] [3744870] [3744874] [data_processor.h:72] Save HBM data into dataInventory
2026-10-09 16:16:17 [WARN] [3744870] [3744874] [data_processor.h:74] HBM no data to inject to dataInventory
2026-10-09 16:16:17 [INFO] [3744870] [3744874] [data_processor.h:72] Save HBM data into dataInventory
2026-10-09 16:16:17 [WARN] [3744870] [3744874] [data_processor.h:74] HBM no data to inject to dataInventory
2026-10-09 16:16:17 [WARN] [3744870] [3744878] [data_processor.cpp:38] Can't find the db, the path is /home/data4t2/lelinfeng/cann-w5-r04-l2/研究/GM-L2-CACHE-POLICY-X/profile-existing-parent-memory-l2-20261009/msprof-l2cache-output/PROF_000001_20261009161608421_IFAKNLORMCMBPDKC/device_3/sqlite/hccs.db.
2026-10-09 16:16:17 [INFO] [3744870] [3744874] [data_processor.cpp:27] MC2_COMM_INFO Run. Dir is /home/data4t2/lelinfeng/cann-w5-r04-l2/研究/GM-L2-CACHE-POLICY-X/profile-existing-parent-memory-l2-20261009/msprof-l2cache-output/PROF_000001_20261009161608421_IFAKNLORMCMBPDKC
2026-10-09 16:16:17 [INFO] [3744870] [3744878] [data_processor.h:72] Save HCCS data into dataInventory
2026-10-09 16:16:17 [WARN] [3744870] [3744878] [data_processor.h:74] HCCS no data to inject to dataInventory
2026-10-09 16:16:17 [WARN] [3744870] [3744874] [data_processor.cpp:38] Can't find the db, the path is /home/data4t2/lelinfeng/cann-w5-r04-l2/研究/GM-L2-CACHE-POLICY-X/profile-existing-parent-memory-l2-20261009/msprof-l2cache-output/PROF_000001_20261009161608421_IFAKNLORMCMBPDKC/host/sqlite/mc2_comm_info.db.
2026-10-09 16:16:17 [INFO] [3744870] [3744878] [data_processor.h:72] Save HCCS data into dataInventory
2026-10-09 16:16:17 [INFO] [3744870] [3744874] [data_processor.cpp:27] MEMCPY_INFO Run. Dir is /home/data4t2/lelinfeng/cann-w5-r04-l2/研究/GM-L2-CACHE-POLICY-X/profile-existing-parent-memory-l2-20261009/msprof-l2cache-output/PROF_000001_20261009161608421_IFAKNLORMCMBPDKC
2026-10-09 16:16:17 [WARN] [3744870] [3744878] [data_processor.h:74] HCCS no data to inject to dataInventory
2026-10-09 16:16:17 [WARN] [3744870] [3744871] [data_processor.cpp:38] Can't find the db, the path is /home/data4t2/lelinfeng/cann-w5-r04-l2/研究/GM-L2-CACHE-POLICY-X/profile-existing-parent-memory-l2-20261009/msprof-l2cache-output/PROF_000001_20261009161608421_IFAKNLORMCMBPDKC/device_3/sqlite/hccl_single_device.db.
2026-10-09 16:16:17 [INFO] [3744870] [3744878] [data_processor.cpp:27] MEM_USAGE Run. Dir is /home/data4t2/lelinfeng/cann-w5-r04-l2/研究/GM-L2-CACHE-POLICY-X/profile-existing-parent-memory-l2-20261009/msprof-l2cache-output/PROF_000001_20261009161608421_IFAKNLORMCMBPDKC
2026-10-09 16:16:17 [WARN] [3744870] [3744871] [data_processor.cpp:38] Can't find the db, the path is /home/data4t2/lelinfeng/cann-w5-r04-l2/研究/GM-L2-CACHE-POLICY-X/profile-existing-parent-memory-l2-20261009/msprof-l2cache-output/PROF_000001_20261009161608421_IFAKNLORMCMBPDKC/device_3/sqlite/hccl_single_device.db.
2026-10-09 16:16:17 [INFO] [3744870] [3744878] [host_usage_processor.cpp:23] Start process MEM_USAGE.
2026-10-09 16:16:17 [INFO] [3744870] [3744871] [data_processor.h:72] Save KFC_COMM data into dataInventory
2026-10-09 16:16:17 [WARN] [3744870] [3744871] [data_processor.h:74] KFC_COMM no data to inject to dataInventory
2026-10-09 16:16:17 [INFO] [3744870] [3744873] [data_processor.cpp:54] Check /home/data4t2/lelinfeng/cann-w5-r04-l2/研究/GM-L2-CACHE-POLICY-X/profile-existing-parent-memory-l2-20261009/msprof-l2cache-output/PROF_000001_20261009161608421_IFAKNLORMCMBPDKC/host/sqlite/api_event.db and ApiData success.
2026-10-09 16:16:17 [INFO] [3744870] [3744871] [data_processor.h:72] Save KFC_COMM data into dataInventory
2026-10-09 16:16:17 [INFO] [3744870] [3744873] [db_runner.h:75] Start query data
2026-10-09 16:16:17 [WARN] [3744870] [3744871] [data_processor.h:74] KFC_COMM no data to inject to dataInventory
2026-10-09 16:16:17 [INFO] [3744870] [3744871] [data_processor.cpp:27] MODEL_NAME Run. Dir is /home/data4t2/lelinfeng/cann-w5-r04-l2/研究/GM-L2-CACHE-POLICY-X/profile-existing-parent-memory-l2-20261009/msprof-l2cache-output/PROF_000001_20261009161608421_IFAKNLORMCMBPDKC
2026-10-09 16:16:17 [WARN] [3744870] [3744871] [data_processor.cpp:38] Can't find the db, the path is /home/data4t2/lelinfeng/cann-w5-r04-l2/研究/GM-L2-CACHE-POLICY-X/profile-existing-parent-memory-l2-20261009/msprof-l2cache-output/PROF_000001_20261009161608421_IFAKNLORMCMBPDKC/host/sqlite/ge_model_info.db.
2026-10-09 16:16:17 [INFO] [3744870] [3744871] [data_processor.cpp:27] MSTX Run. Dir is /home/data4t2/lelinfeng/cann-w5-r04-l2/研究/GM-L2-CACHE-POLICY-X/profile-existing-parent-memory-l2-20261009/msprof-l2cache-output/PROF_000001_20261009161608421_IFAKNLORMCMBPDKC
2026-10-09 16:16:17 [WARN] [3744870] [3744879] [data_processor.cpp:38] Can't find the db, the path is /home/data4t2/lelinfeng/cann-w5-r04-l2/研究/GM-L2-CACHE-POLICY-X/profile-existing-parent-memory-l2-20261009/msprof-l2cache-output/PROF_000001_20261009161608421_IFAKNLORMCMBPDKC/device_3/sqlite/ddr.db.
2026-10-09 16:16:17 [INFO] [3744870] [3744879] [data_processor.h:72] Save DDR data into dataInventory
2026-10-09 16:16:17 [WARN] [3744870] [3744879] [data_processor.h:74] DDR no data to inject to dataInventory
2026-10-09 16:16:17 [INFO] [3744870] [3744879] [data_processor.cpp:27] NETDEV_STATS Run. Dir is /home/data4t2/lelinfeng/cann-w5-r04-l2/研究/GM-L2-CACHE-POLICY-X/profile-existing-parent-memory-l2-20261009/msprof-l2cache-output/PROF_000001_20261009161608421_IFAKNLORMCMBPDKC
2026-10-09 16:16:17 [WARN] [3744870] [3744878] [data_processor.cpp:38] Can't find the db, the path is /home/data4t2/lelinfeng/cann-w5-r04-l2/研究/GM-L2-CACHE-POLICY-X/profile-existing-parent-memory-l2-20261009/msprof-l2cache-output/PROF_000001_20261009161608421_IFAKNLORMCMBPDKC/host/sqlite/host_mem_usage.db.
2026-10-09 16:16:17 [INFO] [3744870] [3744878] [data_processor.cpp:27] NETWORK_USAGE Run. Dir is /home/data4t2/lelinfeng/cann-w5-r04-l2/研究/GM-L2-CACHE-POLICY-X/profile-existing-parent-memory-l2-20261009/msprof-l2cache-output/PROF_000001_20261009161608421_IFAKNLORMCMBPDKC
2026-10-09 16:16:17 [INFO] [3744870] [3744878] [host_usage_processor.cpp:23] Start process NETWORK_USAGE.
2026-10-09 16:16:17 [WARN] [3744870] [3744876] [data_processor.cpp:38] Can't find the db, the path is /home/data4t2/lelinfeng/cann-w5-r04-l2/研究/GM-L2-CACHE-POLICY-X/profile-existing-parent-memory-l2-20261009/msprof-l2cache-output/PROF_000001_20261009161608421_IFAKNLORMCMBPDKC/device_3/sqlite/kfc_info.db.
2026-10-09 16:16:17 [WARN] [3744870] [3744880] [data_processor.cpp:38] Can't find the db, the path is /home/data4t2/lelinfeng/cann-w5-r04-l2/研究/GM-L2-CACHE-POLICY-X/profile-existing-parent-memory-l2-20261009/msprof-l2cache-output/PROF_000001_20261009161608421_IFAKNLORMCMBPDKC/device_3/sqlite/llc.db.
2026-10-09 16:16:17 [WARN] [3744870] [3744876] [data_processor.cpp:38] Can't find the db, the path is /home/data4t2/lelinfeng/cann-w5-r04-l2/研究/GM-L2-CACHE-POLICY-X/profile-existing-parent-memory-l2-20261009/msprof-l2cache-output/PROF_000001_20261009161608421_IFAKNLORMCMBPDKC/device_3/sqlite/kfc_info.db.
2026-10-09 16:16:17 [INFO] [3744870] [3744876] [data_processor.h:72] Save KFC_TASK data into dataInventory
2026-10-09 16:16:17 [INFO] [3744870] [3744880] [data_processor.h:72] Save LLC data into dataInventory
2026-10-09 16:16:17 [WARN] [3744870] [3744876] [data_processor.h:74] KFC_TASK no data to inject to dataInventory
2026-10-09 16:16:17 [WARN] [3744870] [3744879] [data_processor.cpp:38] Can't find the db, the path is /home/data4t2/lelinfeng/cann-w5-r04-l2/研究/GM-L2-CACHE-POLICY-X/profile-existing-parent-memory-l2-20261009/msprof-l2cache-output/PROF_000001_20261009161608421_IFAKNLORMCMBPDKC/device_3/sqlite/netdev_stats.db.
2026-10-09 16:16:17 [WARN] [3744870] [3744880] [data_processor.h:74] LLC no data to inject to dataInventory
2026-10-09 16:16:17 [INFO] [3744870] [3744880] [data_processor.h:72] Save LLC data into dataInventory
2026-10-09 16:16:17 [WARN] [3744870] [3744880] [data_processor.h:74] LLC no data to inject to dataInventory
2026-10-09 16:16:17 [INFO] [3744870] [3744880] [data_processor.cpp:27] NPU_MEM Run. Dir is /home/data4t2/lelinfeng/cann-w5-r04-l2/研究/GM-L2-CACHE-POLICY-X/profile-existing-parent-memory-l2-20261009/msprof-l2cache-output/PROF_000001_20261009161608421_IFAKNLORMCMBPDKC
2026-10-09 16:16:17 [INFO] [3744870] [3744877] [data_processor.cpp:54] Check /home/data4t2/lelinfeng/cann-w5-r04-l2/研究/GM-L2-CACHE-POLICY-X/profile-existing-parent-memory-l2-20261009/msprof-l2cache-output/PROF_000001_20261009161608421_IFAKNLORMCMBPDKC/host/sqlite/ge_info.db and TaskInfo success.
2026-10-09 16:16:17 [WARN] [3744870] [3744878] [data_processor.cpp:38] Can't find the db, the path is /home/data4t2/lelinfeng/cann-w5-r04-l2/研究/GM-L2-CACHE-POLICY-X/profile-existing-parent-memory-l2-20261009/msprof-l2cache-output/PROF_000001_20261009161608421_IFAKNLORMCMBPDKC/host/sqlite/host_network_usage.db.
2026-10-09 16:16:17 [INFO] [3744870] [3744876] [data_processor.cpp:27] NIC Run. Dir is /home/data4t2/lelinfeng/cann-w5-r04-l2/研究/GM-L2-CACHE-POLICY-X/profile-existing-parent-memory-l2-20261009/msprof-l2cache-output/PROF_000001_20261009161608421_IFAKNLORMCMBPDKC
2026-10-09 16:16:17 [INFO] [3744870] [3744879] [data_processor.h:72] Save NETDEV_STATS data into dataInventory
2026-10-09 16:16:17 [INFO] [3744870] [3744878] [data_processor.cpp:27] NPU_MODULE_MEM Run. Dir is /home/data4t2/lelinfeng/cann-w5-r04-l2/研究/GM-L2-CACHE-POLICY-X/profile-existing-parent-memory-l2-20261009/msprof-l2cache-output/PROF_000001_20261009161608421_IFAKNLORMCMBPDKC
2026-10-09 16:16:17 [WARN] [3744870] [3744879] [data_processor.h:74] NETDEV_STATS no data to inject to dataInventory
2026-10-09 16:16:17 [INFO] [3744870] [3744877] [db_runner.h:75] Start query data
2026-10-09 16:16:17 [INFO] [3744870] [3744879] [data_processor.cpp:27] NPU_OP_MEM Run. Dir is /home/data4t2/lelinfeng/cann-w5-r04-l2/研究/GM-L2-CACHE-POLICY-X/profile-existing-parent-memory-l2-20261009/msprof-l2cache-output/PROF_000001_20261009161608421_IFAKNLORMCMBPDKC
2026-10-09 16:16:17 [WARN] [3744870] [3744871] [data_processor.cpp:38] Can't find the db, the path is /home/data4t2/lelinfeng/cann-w5-r04-l2/研究/GM-L2-CACHE-POLICY-X/profile-existing-parent-memory-l2-20261009/msprof-l2cache-output/PROF_000001_20261009161608421_IFAKNLORMCMBPDKC/host/sqlite/msproftx.db.
2026-10-09 16:16:17 [WARN] [3744870] [3744879] [data_processor.cpp:38] Can't find the db, the path is /home/data4t2/lelinfeng/cann-w5-r04-l2/研究/GM-L2-CACHE-POLICY-X/profile-existing-parent-memory-l2-20261009/msprof-l2cache-output/PROF_000001_20261009161608421_IFAKNLORMCMBPDKC/host/sqlite/task_memory.db.
2026-10-09 16:16:17 [WARN] [3744870] [3744871] [data_processor.cpp:38] Can't find the db, the path is /home/data4t2/lelinfeng/cann-w5-r04-l2/研究/GM-L2-CACHE-POLICY-X/profile-existing-parent-memory-l2-20261009/msprof-l2cache-output/PROF_000001_20261009161608421_IFAKNLORMCMBPDKC/host/sqlite/msproftx.db.
2026-10-09 16:16:17 [INFO] [3744870] [3744879] [data_processor.cpp:27] OP_STATISTIC Run. Dir is /home/data4t2/lelinfeng/cann-w5-r04-l2/研究/GM-L2-CACHE-POLICY-X/profile-existing-parent-memory-l2-20261009/msprof-l2cache-output/PROF_000001_20261009161608421_IFAKNLORMCMBPDKC
2026-10-09 16:16:17 [WARN] [3744870] [3744871] [msproftx_host_processor.cpp:79] msprofTx in /home/data4t2/lelinfeng/cann-w5-r04-l2/研究/GM-L2-CACHE-POLICY-X/profile-existing-parent-memory-l2-20261009/msprof-l2cache-output/PROF_000001_20261009161608421_IFAKNLORMCMBPDKC is not exists, return
2026-10-09 16:16:17 [INFO] [3744870] [3744871] [data_processor.cpp:27] OSRT_API Run. Dir is /home/data4t2/lelinfeng/cann-w5-r04-l2/研究/GM-L2-CACHE-POLICY-X/profile-existing-parent-memory-l2-20261009/msprof-l2cache-output/PROF_000001_20261009161608421_IFAKNLORMCMBPDKC
2026-10-09 16:16:17 [INFO] [3744870] [3744871] [host_usage_processor.cpp:23] Start process OSRT_API.
2026-10-09 16:16:17 [WARN] [3744870] [3744876] [data_processor.cpp:38] Can't find the db, the path is /home/data4t2/lelinfeng/cann-w5-r04-l2/研究/GM-L2-CACHE-POLICY-X/profile-existing-parent-memory-l2-20261009/msprof-l2cache-output/PROF_000001_20261009161608421_IFAKNLORMCMBPDKC/device_3/sqlite/nic.db.
2026-10-09 16:16:17 [WARN] [3744870] [3744876] [data_processor.cpp:38] Can't find the db, the path is /home/data4t2/lelinfeng/cann-w5-r04-l2/研究/GM-L2-CACHE-POLICY-X/profile-existing-parent-memory-l2-20261009/msprof-l2cache-output/PROF_000001_20261009161608421_IFAKNLORMCMBPDKC/device_3/sqlite/nic.db.
2026-10-09 16:16:17 [INFO] [3744870] [3744876] [data_processor.cpp:27] PCIE Run. Dir is /home/data4t2/lelinfeng/cann-w5-r04-l2/研究/GM-L2-CACHE-POLICY-X/profile-existing-parent-memory-l2-20261009/msprof-l2cache-output/PROF_000001_20261009161608421_IFAKNLORMCMBPDKC
2026-10-09 16:16:17 [INFO] [3744870] [3744876] [pcie_processor.cpp:47] PCIeProcessor Process, dir is /home/data4t2/lelinfeng/cann-w5-r04-l2/研究/GM-L2-CACHE-POLICY-X/profile-existing-parent-memory-l2-20261009/msprof-l2cache-output/PROF_000001_20261009161608421_IFAKNLORMCMBPDKC
2026-10-09 16:16:17 [WARN] [3744870] [3744871] [data_processor.cpp:38] Can't find the db, the path is /home/data4t2/lelinfeng/cann-w5-r04-l2/研究/GM-L2-CACHE-POLICY-X/profile-existing-parent-memory-l2-20261009/msprof-l2cache-output/PROF_000001_20261009161608421_IFAKNLORMCMBPDKC/host/sqlite/host_runtime_api.db.
2026-10-09 16:16:17 [INFO] [3744870] [3744871] [data_processor.cpp:27] PMU Run. Dir is /home/data4t2/lelinfeng/cann-w5-r04-l2/研究/GM-L2-CACHE-POLICY-X/profile-existing-parent-memory-l2-20261009/msprof-l2cache-output/PROF_000001_20261009161608421_IFAKNLORMCMBPDKC
2026-10-09 16:16:17 [WARN] [3744870] [3744880] [data_processor.cpp:38] Can't find the db, the path is /home/data4t2/lelinfeng/cann-w5-r04-l2/研究/GM-L2-CACHE-POLICY-X/profile-existing-parent-memory-l2-20261009/msprof-l2cache-output/PROF_000001_20261009161608421_IFAKNLORMCMBPDKC/device_3/sqlite/npu_mem.db.
2026-10-09 16:16:17 [INFO] [3744870] [3744880] [data_processor.h:72] Save NPU_MEM data into dataInventory
2026-10-09 16:16:17 [WARN] [3744870] [3744880] [data_processor.h:74] NPU_MEM no data to inject to dataInventory
2026-10-09 16:16:17 [INFO] [3744870] [3744880] [data_processor.cpp:27] QOS Run. Dir is /home/data4t2/lelinfeng/cann-w5-r04-l2/研究/GM-L2-CACHE-POLICY-X/profile-existing-parent-memory-l2-20261009/msprof-l2cache-output/PROF_000001_20261009161608421_IFAKNLORMCMBPDKC
2026-10-09 16:16:17 [WARN] [3744870] [3744878] [data_processor.cpp:38] Can't find the db, the path is /home/data4t2/lelinfeng/cann-w5-r04-l2/研究/GM-L2-CACHE-POLICY-X/profile-existing-parent-memory-l2-20261009/msprof-l2cache-output/PROF_000001_20261009161608421_IFAKNLORMCMBPDKC/device_3/sqlite/npu_module_mem.db.
2026-10-09 16:16:17 [INFO] [3744870] [3744878] [data_processor.h:72] Save NPU_MODULE_MEM data into dataInventory
2026-10-09 16:16:17 [WARN] [3744870] [3744878] [data_processor.h:74] NPU_MODULE_MEM no data to inject to dataInventory
2026-10-09 16:16:17 [INFO] [3744870] [3744878] [data_processor.cpp:27] ROCE Run. Dir is /home/data4t2/lelinfeng/cann-w5-r04-l2/研究/GM-L2-CACHE-POLICY-X/profile-existing-parent-memory-l2-20261009/msprof-l2cache-output/PROF_000001_20261009161608421_IFAKNLORMCMBPDKC
2026-10-09 16:16:17 [WARN] [3744870] [3744872] [connection.cpp:68] sqlite3_exec return 1, Failed to check: no such table: StepTrace
2026-10-09 16:16:17 [INFO] [3744870] [3744871] [metric_processor.cpp:79] TaskBasedProcess, dir is /home/data4t2/lelinfeng/cann-w5-r04-l2/研究/GM-L2-CACHE-POLICY-X/profile-existing-parent-memory-l2-20261009/msprof-l2cache-output/PROF_000001_20261009161608421_IFAKNLORMCMBPDKC
2026-10-09 16:16:17 [INFO] [3744870] [3744874] [data_processor.cpp:54] Check /home/data4t2/lelinfeng/cann-w5-r04-l2/研究/GM-L2-CACHE-POLICY-X/profile-existing-parent-memory-l2-20261009/msprof-l2cache-output/PROF_000001_20261009161608421_IFAKNLORMCMBPDKC/host/sqlite/runtime.db and MemcpyInfo success.
2026-10-09 16:16:17 [INFO] [3744870] [3744874] [db_runner.h:75] Start query data
2026-10-09 16:16:17 [WARN] [3744870] [3744880] [data_processor.cpp:38] Can't find the db, the path is /home/data4t2/lelinfeng/cann-w5-r04-l2/研究/GM-L2-CACHE-POLICY-X/profile-existing-parent-memory-l2-20261009/msprof-l2cache-output/PROF_000001_20261009161608421_IFAKNLORMCMBPDKC/device_3/sqlite/qos.db.
2026-10-09 16:16:17 [INFO] [3744870] [3744880] [data_processor.h:72] Save QOS data into dataInventory
2026-10-09 16:16:17 [WARN] [3744870] [3744880] [data_processor.h:74] QOS no data to inject to dataInventory
2026-10-09 16:16:17 [INFO] [3744870] [3744880] [data_processor.cpp:27] SIO Run. Dir is /home/data4t2/lelinfeng/cann-w5-r04-l2/研究/GM-L2-CACHE-POLICY-X/profile-existing-parent-memory-l2-20261009/msprof-l2cache-output/PROF_000001_20261009161608421_IFAKNLORMCMBPDKC
2026-10-09 16:16:17 [WARN] [3744870] [3744878] [data_processor.cpp:38] Can't find the db, the path is /home/data4t2/lelinfeng/cann-w5-r04-l2/研究/GM-L2-CACHE-POLICY-X/profile-existing-parent-memory-l2-20261009/msprof-l2cache-output/PROF_000001_20261009161608421_IFAKNLORMCMBPDKC/device_3/sqlite/roce.db.
2026-10-09 16:16:17 [WARN] [3744870] [3744878] [data_processor.cpp:38] Can't find the db, the path is /home/data4t2/lelinfeng/cann-w5-r04-l2/研究/GM-L2-CACHE-POLICY-X/profile-existing-parent-memory-l2-20261009/msprof-l2cache-output/PROF_000001_20261009161608421_IFAKNLORMCMBPDKC/device_3/sqlite/roce.db.
2026-10-09 16:16:17 [INFO] [3744870] [3744878] [data_processor.cpp:27] SOC Run. Dir is /home/data4t2/lelinfeng/cann-w5-r04-l2/研究/GM-L2-CACHE-POLICY-X/profile-existing-parent-memory-l2-20261009/msprof-l2cache-output/PROF_000001_20261009161608421_IFAKNLORMCMBPDKC
2026-10-09 16:16:17 [WARN] [3744870] [3744872] [data_processor.cpp:50] Check StepTrace not exists
2026-10-09 16:16:17 [INFO] [3744870] [3744872] [data_processor.h:72] Save TASK data into dataInventory
2026-10-09 16:16:17 [WARN] [3744870] [3744872] [data_processor.h:74] TASK no data to inject to dataInventory
2026-10-09 16:16:17 [INFO] [3744870] [3744872] [data_processor.cpp:27] STEP_TRACE Run. Dir is /home/data4t2/lelinfeng/cann-w5-r04-l2/研究/GM-L2-CACHE-POLICY-X/profile-existing-parent-memory-l2-20261009/msprof-l2cache-output/PROF_000001_20261009161608421_IFAKNLORMCMBPDKC
2026-10-09 16:16:17 [WARN] [3744870] [3744880] [data_processor.cpp:38] Can't find the db, the path is /home/data4t2/lelinfeng/cann-w5-r04-l2/研究/GM-L2-CACHE-POLICY-X/profile-existing-parent-memory-l2-20261009/msprof-l2cache-output/PROF_000001_20261009161608421_IFAKNLORMCMBPDKC/device_3/sqlite/sio.db.
2026-10-09 16:16:17 [WARN] [3744870] [3744876] [data_processor.cpp:38] Can't find the db, the path is /home/data4t2/lelinfeng/cann-w5-r04-l2/研究/GM-L2-CACHE-POLICY-X/profile-existing-parent-memory-l2-20261009/msprof-l2cache-output/PROF_000001_20261009161608421_IFAKNLORMCMBPDKC/device_3/sqlite/pcie.db.
2026-10-09 16:16:17 [INFO] [3744870] [3744880] [data_processor.h:72] Save SIO data into dataInventory
2026-10-09 16:16:17 [INFO] [3744870] [3744876] [data_processor.h:72] Save PCIE data into dataInventory
2026-10-09 16:16:17 [WARN] [3744870] [3744880] [data_processor.h:74] SIO no data to inject to dataInventory
2026-10-09 16:16:17 [WARN] [3744870] [3744876] [data_processor.h:74] PCIE no data to inject to dataInventory
2026-10-09 16:16:17 [INFO] [3744870] [3744880] [data_processor.cpp:27] TASK Run. Dir is /home/data4t2/lelinfeng/cann-w5-r04-l2/研究/GM-L2-CACHE-POLICY-X/profile-existing-parent-memory-l2-20261009/msprof-l2cache-output/PROF_000001_20261009161608421_IFAKNLORMCMBPDKC
2026-10-09 16:16:17 [INFO] [3744870] [3744876] [data_processor.cpp:27] UNIFIED_PMU Run. Dir is /home/data4t2/lelinfeng/cann-w5-r04-l2/研究/GM-L2-CACHE-POLICY-X/profile-existing-parent-memory-l2-20261009/msprof-l2cache-output/PROF_000001_20261009161608421_IFAKNLORMCMBPDKC
2026-10-09 16:16:17 [INFO] [3744870] [3744875] [data_processor.cpp:54] Check /home/data4t2/lelinfeng/cann-w5-r04-l2/研究/GM-L2-CACHE-POLICY-X/profile-existing-parent-memory-l2-20261009/msprof-l2cache-output/PROF_000001_20261009161608421_IFAKNLORMCMBPDKC/device_3/sqlite/freq.db and FreqParse success.
2026-10-09 16:16:17 [INFO] [3744870] [3744875] [aicore_freq_processor.cpp:97] AicoreFreqProcessor GetData, dir is /home/data4t2/lelinfeng/cann-w5-r04-l2/研究/GM-L2-CACHE-POLICY-X/profile-existing-parent-memory-l2-20261009/msprof-l2cache-output/PROF_000001_20261009161608421_IFAKNLORMCMBPDKC/device_3/sqlite/freq.db
2026-10-09 16:16:17 [WARN] [3744870] [3744878] [data_processor.cpp:38] Can't find the db, the path is /home/data4t2/lelinfeng/cann-w5-r04-l2/研究/GM-L2-CACHE-POLICY-X/profile-existing-parent-memory-l2-20261009/msprof-l2cache-output/PROF_000001_20261009161608421_IFAKNLORMCMBPDKC/device_3/sqlite/soc_profiler.db.
2026-10-09 16:16:17 [INFO] [3744870] [3744875] [db_runner.h:75] Start query data
2026-10-09 16:16:17 [INFO] [3744870] [3744878] [data_processor.h:72] Save SOC data into dataInventory
2026-10-09 16:16:17 [WARN] [3744870] [3744878] [data_processor.h:74] SOC no data to inject to dataInventory
2026-10-09 16:16:17 [WARN] [3744870] [3744872] [data_processor.cpp:38] Can't find the db, the path is /home/data4t2/lelinfeng/cann-w5-r04-l2/研究/GM-L2-CACHE-POLICY-X/profile-existing-parent-memory-l2-20261009/msprof-l2cache-output/PROF_000001_20261009161608421_IFAKNLORMCMBPDKC/device_3/sqlite/trace.db.
2026-10-09 16:16:17 [INFO] [3744870] [3744872] [data_processor.h:61] There are 0 records before STEP_TRACE data filtering, filterTime is 1791562568896623000.
2026-10-09 16:16:17 [INFO] [3744870] [3744872] [data_processor.h:65] There are 0 records after STEP_TRACE data filtering.
2026-10-09 16:16:17 [INFO] [3744870] [3744876] [unified_pmu_processor.cpp:81] TaskBasedProcess, dir is /home/data4t2/lelinfeng/cann-w5-r04-l2/研究/GM-L2-CACHE-POLICY-X/profile-existing-parent-memory-l2-20261009/msprof-l2cache-output/PROF_000001_20261009161608421_IFAKNLORMCMBPDKC
2026-10-09 16:16:17 [WARN] [3744870] [3744872] [data_processor.cpp:38] Can't find the db, the path is /home/data4t2/lelinfeng/cann-w5-r04-l2/研究/GM-L2-CACHE-POLICY-X/profile-existing-parent-memory-l2-20261009/msprof-l2cache-output/PROF_000001_20261009161608421_IFAKNLORMCMBPDKC/device_3/sqlite/trace.db.
2026-10-09 16:16:17 [INFO] [3744870] [3744872] [data_processor.h:61] There are 0 records before STEP_TRACE data filtering, filterTime is 1791562568896623000.
2026-10-09 16:16:17 [INFO] [3744870] [3744872] [data_processor.h:65] There are 0 records after STEP_TRACE data filtering.
2026-10-09 16:16:17 [WARN] [3744870] [3744872] [data_processor.cpp:38] Can't find the db, the path is /home/data4t2/lelinfeng/cann-w5-r04-l2/研究/GM-L2-CACHE-POLICY-X/profile-existing-parent-memory-l2-20261009/msprof-l2cache-output/PROF_000001_20261009161608421_IFAKNLORMCMBPDKC/device_3/sqlite/trace.db.
2026-10-09 16:16:17 [INFO] [3744870] [3744872] [data_processor.h:61] There are 0 records before STEP_TRACE data filtering, filterTime is 1791562568896623000.
2026-10-09 16:16:17 [INFO] [3744870] [3744872] [data_processor.h:65] There are 0 records after STEP_TRACE data filtering.
2026-10-09 16:16:17 [INFO] [3744870] [3744872] [data_processor.h:72] Save STEP_TRACE data into dataInventory
2026-10-09 16:16:17 [WARN] [3744870] [3744872] [data_processor.h:74] STEP_TRACE no data to inject to dataInventory
2026-10-09 16:16:17 [INFO] [3744870] [3744872] [data_processor.h:72] Save STEP_TRACE data into dataInventory
2026-10-09 16:16:17 [WARN] [3744870] [3744872] [data_processor.h:74] STEP_TRACE no data to inject to dataInventory
2026-10-09 16:16:17 [INFO] [3744870] [3744872] [data_processor.h:72] Save STEP_TRACE data into dataInventory
2026-10-09 16:16:17 [WARN] [3744870] [3744872] [data_processor.h:74] STEP_TRACE no data to inject to dataInventory
2026-10-09 16:16:17 [INFO] [3744870] [3744874] [db_runner.h:86] Query data success: SELECT stream_id, batch_id, task_id, context_id, device_id, data_size, memcpy_direction FROM MemcpyInfo
2026-10-09 16:16:17 [INFO] [3744870] [3744879] [data_processor.cpp:54] Check /home/data4t2/lelinfeng/cann-w5-r04-l2/研究/GM-L2-CACHE-POLICY-X/profile-existing-parent-memory-l2-20261009/msprof-l2cache-output/PROF_000001_20261009161608421_IFAKNLORMCMBPDKC/device_3/sqlite/op_counter.db and op_report success.
2026-10-09 16:16:17 [INFO] [3744870] [3744879] [db_runner.h:75] Start query data
2026-10-09 16:16:17 [INFO] [3744870] [3744874] [data_processor.h:72] Save MEMCPY_INFO data into dataInventory
2026-10-09 16:16:17 [INFO] [3744870] [3744871] [data_processor.cpp:54] Check /home/data4t2/lelinfeng/cann-w5-r04-l2/研究/GM-L2-CACHE-POLICY-X/profile-existing-parent-memory-l2-20261009/msprof-l2cache-output/PROF_000001_20261009161608421_IFAKNLORMCMBPDKC/device_3/sqlite/metric_summary.db and MetricSummary success.
2026-10-09 16:16:17 [INFO] [3744870] [3744871] [metric_processor.cpp:127] GetAndCheckTableColumns.
2026-10-09 16:16:17 [INFO] [3744870] [3744871] [db_runner.cpp:148] Start get MetricSummary headers
2026-10-09 16:16:17 [INFO] [3744870] [3744875] [db_runner.h:86] Query data success: SELECT syscnt, freq FROM FreqParse
2026-10-09 16:16:17 [INFO] [3744870] [3744877] [db_runner.h:86] Query data success: SELECT hashid, model_id, op_name, stream_id, task_id, block_dim, mix_block_dim, task_type, op_type, op_flag, batch_id, IFNULL(input_formats, 'NULL'), IFNULL(input_data_types, 'NULL'), IFNULL(input_shapes, 'NULL'), IFNULL(output_formats, 'NULL'), IFNULL(output_data_types, 'NULL'), IFNULL(output_shapes, 'NULL'), device_id, context_id, (case when op_state is 'N/A' then 'N/A' when op_state is '1' then 'dynamic' when op_state is '0' then 'static' end) FROM TaskInfo
2026-10-09 16:16:17 [INFO] [3744870] [3744880] [data_processor.cpp:54] Check /home/data4t2/lelinfeng/cann-w5-r04-l2/研究/GM-L2-CACHE-POLICY-X/profile-existing-parent-memory-l2-20261009/msprof-l2cache-output/PROF_000001_20261009161608421_IFAKNLORMCMBPDKC/device_3/sqlite/ascend_task.db and AscendTask success.
2026-10-09 16:16:17 [INFO] [3744870] [3744875] [aicore_freq_processor.cpp:116] AicoreFreqProcessor FormatData.
2026-10-09 16:16:17 [INFO] [3744870] [3744876] [data_processor.cpp:54] Check /home/data4t2/lelinfeng/cann-w5-r04-l2/研究/GM-L2-CACHE-POLICY-X/profile-existing-parent-memory-l2-20261009/msprof-l2cache-output/PROF_000001_20261009161608421_IFAKNLORMCMBPDKC/device_3/sqlite/metric_summary.db and MetricSummary success.
2026-10-09 16:16:17 [INFO] [3744870] [3744876] [unified_pmu_processor.cpp:126] GetAndCheckTableColumns.
2026-10-09 16:16:17 [INFO] [3744870] [3744876] [db_runner.cpp:148] Start get MetricSummary headers
2026-10-09 16:16:17 [INFO] [3744870] [3744880] [db_runner.h:75] Start query data
2026-10-09 16:16:17 [INFO] [3744870] [3744875] [data_processor.h:72] Save AICORE_FREQ data into dataInventory
2026-10-09 16:16:17 [INFO] [3744870] [3744879] [db_runner.h:86] Query data success: SELECT op_type, core_type, occurrences,  round(total_time/1000.0, 3), round(min/1000.0, 3), round(avg/1000.0, 3), round(max/1000.0, 3), round(ratio, 3) FROM op_report WHERE op_type != 'N/A' and core_type not in ('WRITE_BACK', 'INVALID')
2026-10-09 16:16:17 [INFO] [3744870] [3744871] [db_runner.cpp:161] Get MetricSummary columns success
2026-10-09 16:16:17 [INFO] [3744870] [3744877] [data_processor.h:72] Save COMPUTE_TASK_INFO data into dataInventory
2026-10-09 16:16:17 [INFO] [3744870] [3744879] [data_processor.h:72] Save OP_STATISTIC data into dataInventory
2026-10-09 16:16:17 [INFO] [3744870] [3744871] [db_runner.h:75] Start query data
2026-10-09 16:16:17 [INFO] [3744870] [3744876] [db_runner.cpp:161] Get MetricSummary columns success
2026-10-09 16:16:17 [INFO] [3744870] [3744876] [unified_pmu_processor.cpp:172] This column[task_id] does not need to be processed.
2026-10-09 16:16:17 [INFO] [3744870] [3744876] [unified_pmu_processor.cpp:172] This column[stream_id] does not need to be processed.
2026-10-09 16:16:17 [INFO] [3744870] [3744876] [unified_pmu_processor.cpp:172] This column[subtask_id] does not need to be processed.
2026-10-09 16:16:17 [INFO] [3744870] [3744876] [unified_pmu_processor.cpp:172] This column[batch_id] does not need to be processed.
2026-10-09 16:16:17 [INFO] [3744870] [3744876] [unified_pmu_processor.cpp:186] GetTaskBasedData, dbPath is /home/data4t2/lelinfeng/cann-w5-r04-l2/研究/GM-L2-CACHE-POLICY-X/profile-existing-parent-memory-l2-20261009/msprof-l2cache-output/PROF_000001_20261009161608421_IFAKNLORMCMBPDKC/device_3/sqlite/metric_summary.db, column name is aic_total_time.
2026-10-09 16:16:17 [INFO] [3744870] [3744876] [db_runner.h:75] Start query data
2026-10-09 16:16:17 [INFO] [3744870] [3744873] [db_runner.h:86] Query data success: SELECT struct_type, id, level, thread_id, item_id, start, end, connection_id FROM ApiData
2026-10-09 16:16:17 [INFO] [3744870] [3744876] [db_runner.h:86] Query data success: SELECT stream_id, task_id, subtask_id,  batch_id, aic_total_time FROM MetricSummary
2026-10-09 16:16:17 [INFO] [3744870] [3744880] [db_runner.h:86] Query data success: SELECT a.start_time, a.duration, a.model_id, a.index_id, a.stream_id, a.task_id, a.context_id,a.batch_id, a.connection_id, a.host_task_type, a.device_task_type FROM AscendTask a WHERE a.device_task_type != 'UNKNOWN'
2026-10-09 16:16:17 [INFO] [3744870] [3744871] [db_runner.h:86] Query data success: SELECT ROUND(aic_total_time, 3) FROM MetricSummary
2026-10-09 16:16:17 [INFO] [3744870] [3744876] [unified_pmu_processor.cpp:235] FormatTaskBasedData.
2026-10-09 16:16:17 [INFO] [3744870] [3744876] [unified_pmu_processor.cpp:186] GetTaskBasedData, dbPath is /home/data4t2/lelinfeng/cann-w5-r04-l2/研究/GM-L2-CACHE-POLICY-X/profile-existing-parent-memory-l2-20261009/msprof-l2cache-output/PROF_000001_20261009161608421_IFAKNLORMCMBPDKC/device_3/sqlite/metric_summary.db, column name is aic_total_cycles.
2026-10-09 16:16:17 [INFO] [3744870] [3744871] [db_runner.h:75] Start query data
2026-10-09 16:16:17 [INFO] [3744870] [3744876] [db_runner.h:75] Start query data
2026-10-09 16:16:17 [INFO] [3744870] [3744871] [db_runner.h:86] Query data success: SELECT aic_total_cycles FROM MetricSummary
2026-10-09 16:16:17 [INFO] [3744870] [3744871] [db_runner.h:75] Start query data
2026-10-09 16:16:17 [INFO] [3744870] [3744876] [db_runner.h:86] Query data success: SELECT stream_id, task_id, subtask_id,  batch_id, aic_total_cycles FROM MetricSummary
2026-10-09 16:16:17 [INFO] [3744870] [3744876] [unified_pmu_processor.cpp:235] FormatTaskBasedData.
2026-10-09 16:16:17 [INFO] [3744870] [3744876] [unified_pmu_processor.cpp:186] GetTaskBasedData, dbPath is /home/data4t2/lelinfeng/cann-w5-r04-l2/研究/GM-L2-CACHE-POLICY-X/profile-existing-parent-memory-l2-20261009/msprof-l2cache-output/PROF_000001_20261009161608421_IFAKNLORMCMBPDKC/device_3/sqlite/metric_summary.db, column name is aic_write_cache_hit.
2026-10-09 16:16:17 [INFO] [3744870] [3744876] [db_runner.h:75] Start query data
2026-10-09 16:16:17 [INFO] [3744870] [3744871] [db_runner.h:86] Query data success: SELECT ROUND(aic_write_cache_hit, 3) FROM MetricSummary
2026-10-09 16:16:17 [INFO] [3744870] [3744871] [db_runner.h:75] Start query data
2026-10-09 16:16:17 [INFO] [3744870] [3744876] [db_runner.h:86] Query data success: SELECT stream_id, task_id, subtask_id,  batch_id, aic_write_cache_hit FROM MetricSummary
2026-10-09 16:16:17 [INFO] [3744870] [3744876] [unified_pmu_processor.cpp:235] FormatTaskBasedData.
2026-10-09 16:16:17 [INFO] [3744870] [3744876] [unified_pmu_processor.cpp:186] GetTaskBasedData, dbPath is /home/data4t2/lelinfeng/cann-w5-r04-l2/研究/GM-L2-CACHE-POLICY-X/profile-existing-parent-memory-l2-20261009/msprof-l2cache-output/PROF_000001_20261009161608421_IFAKNLORMCMBPDKC/device_3/sqlite/metric_summary.db, column name is aic_write_cache_miss_allocate.
2026-10-09 16:16:17 [INFO] [3744870] [3744876] [db_runner.h:75] Start query data
2026-10-09 16:16:17 [INFO] [3744870] [3744876] [db_runner.h:86] Query data success: SELECT stream_id, task_id, subtask_id,  batch_id, aic_write_cache_miss_allocate FROM MetricSummary
2026-10-09 16:16:17 [INFO] [3744870] [3744876] [unified_pmu_processor.cpp:235] FormatTaskBasedData.
2026-10-09 16:16:17 [INFO] [3744870] [3744871] [db_runner.h:86] Query data success: SELECT ROUND(aic_write_cache_miss_allocate, 3) FROM MetricSummary
2026-10-09 16:16:17 [INFO] [3744870] [3744876] [unified_pmu_processor.cpp:186] GetTaskBasedData, dbPath is /home/data4t2/lelinfeng/cann-w5-r04-l2/研究/GM-L2-CACHE-POLICY-X/profile-existing-parent-memory-l2-20261009/msprof-l2cache-output/PROF_000001_20261009161608421_IFAKNLORMCMBPDKC/device_3/sqlite/metric_summary.db, column name is aic_r0_read_cache_hit.
2026-10-09 16:16:17 [INFO] [3744870] [3744871] [db_runner.h:75] Start query data
2026-10-09 16:16:17 [INFO] [3744870] [3744876] [db_runner.h:75] Start query data
2026-10-09 16:16:17 [INFO] [3744870] [3744876] [db_runner.h:86] Query data success: SELECT stream_id, task_id, subtask_id,  batch_id, aic_r0_read_cache_hit FROM MetricSummary
2026-10-09 16:16:17 [INFO] [3744870] [3744876] [unified_pmu_processor.cpp:235] FormatTaskBasedData.
2026-10-09 16:16:17 [INFO] [3744870] [3744876] [unified_pmu_processor.cpp:186] GetTaskBasedData, dbPath is /home/data4t2/lelinfeng/cann-w5-r04-l2/研究/GM-L2-CACHE-POLICY-X/profile-existing-parent-memory-l2-20261009/msprof-l2cache-output/PROF_000001_20261009161608421_IFAKNLORMCMBPDKC/device_3/sqlite/metric_summary.db, column name is aic_r0_read_cache_miss_allocate.
2026-10-09 16:16:17 [INFO] [3744870] [3744876] [db_runner.h:75] Start query data
2026-10-09 16:16:17 [INFO] [3744870] [3744871] [db_runner.h:86] Query data success: SELECT ROUND(aic_r0_read_cache_hit, 3) FROM MetricSummary
2026-10-09 16:16:17 [INFO] [3744870] [3744871] [db_runner.h:75] Start query data
2026-10-09 16:16:17 [INFO] [3744870] [3744876] [db_runner.h:86] Query data success: SELECT stream_id, task_id, subtask_id,  batch_id, aic_r0_read_cache_miss_allocate FROM MetricSummary
2026-10-09 16:16:17 [INFO] [3744870] [3744876] [unified_pmu_processor.cpp:235] FormatTaskBasedData.
2026-10-09 16:16:17 [INFO] [3744870] [3744876] [unified_pmu_processor.cpp:186] GetTaskBasedData, dbPath is /home/data4t2/lelinfeng/cann-w5-r04-l2/研究/GM-L2-CACHE-POLICY-X/profile-existing-parent-memory-l2-20261009/msprof-l2cache-output/PROF_000001_20261009161608421_IFAKNLORMCMBPDKC/device_3/sqlite/metric_summary.db, column name is aic_r1_read_cache_hit.
2026-10-09 16:16:17 [INFO] [3744870] [3744876] [db_runner.h:75] Start query data
2026-10-09 16:16:17 [INFO] [3744870] [3744871] [db_runner.h:86] Query data success: SELECT ROUND(aic_r0_read_cache_miss_allocate, 3) FROM MetricSummary
2026-10-09 16:16:17 [INFO] [3744870] [3744871] [db_runner.h:75] Start query data
2026-10-09 16:16:17 [INFO] [3744870] [3744876] [db_runner.h:86] Query data success: SELECT stream_id, task_id, subtask_id,  batch_id, aic_r1_read_cache_hit FROM MetricSummary
2026-10-09 16:16:17 [INFO] [3744870] [3744876] [unified_pmu_processor.cpp:235] FormatTaskBasedData.
2026-10-09 16:16:17 [INFO] [3744870] [3744876] [unified_pmu_processor.cpp:186] GetTaskBasedData, dbPath is /home/data4t2/lelinfeng/cann-w5-r04-l2/研究/GM-L2-CACHE-POLICY-X/profile-existing-parent-memory-l2-20261009/msprof-l2cache-output/PROF_000001_20261009161608421_IFAKNLORMCMBPDKC/device_3/sqlite/metric_summary.db, column name is aic_r1_read_cache_miss_allocate.
2026-10-09 16:16:17 [INFO] [3744870] [3744876] [db_runner.h:75] Start query data
2026-10-09 16:16:17 [INFO] [3744870] [3744876] [db_runner.h:86] Query data success: SELECT stream_id, task_id, subtask_id,  batch_id, aic_r1_read_cache_miss_allocate FROM MetricSummary
2026-10-09 16:16:17 [INFO] [3744870] [3744876] [unified_pmu_processor.cpp:235] FormatTaskBasedData.
2026-10-09 16:16:17 [INFO] [3744870] [3744876] [unified_pmu_processor.cpp:186] GetTaskBasedData, dbPath is /home/data4t2/lelinfeng/cann-w5-r04-l2/研究/GM-L2-CACHE-POLICY-X/profile-existing-parent-memory-l2-20261009/msprof-l2cache-output/PROF_000001_20261009161608421_IFAKNLORMCMBPDKC/device_3/sqlite/metric_summary.db, column name is aiv_total_time.
2026-10-09 16:16:17 [INFO] [3744870] [3744871] [db_runner.h:86] Query data success: SELECT ROUND(aic_r1_read_cache_hit, 3) FROM MetricSummary
2026-10-09 16:16:17 [INFO] [3744870] [3744871] [db_runner.h:75] Start query data
2026-10-09 16:16:17 [INFO] [3744870] [3744876] [db_runner.h:75] Start query data
2026-10-09 16:16:17 [INFO] [3744870] [3744876] [db_runner.h:86] Query data success: SELECT stream_id, task_id, subtask_id,  batch_id, aiv_total_time FROM MetricSummary
2026-10-09 16:16:17 [INFO] [3744870] [3744876] [unified_pmu_processor.cpp:235] FormatTaskBasedData.
2026-10-09 16:16:17 [INFO] [3744870] [3744876] [unified_pmu_processor.cpp:186] GetTaskBasedData, dbPath is /home/data4t2/lelinfeng/cann-w5-r04-l2/研究/GM-L2-CACHE-POLICY-X/profile-existing-parent-memory-l2-20261009/msprof-l2cache-output/PROF_000001_20261009161608421_IFAKNLORMCMBPDKC/device_3/sqlite/metric_summary.db, column name is aiv_total_cycles.
2026-10-09 16:16:17 [INFO] [3744870] [3744880] [data_processor.h:61] There are 671 records before TASK data filtering, filterTime is 1791562568896623000.
2026-10-09 16:16:17 [INFO] [3744870] [3744880] [data_processor.h:65] There are 671 records after TASK data filtering.
2026-10-09 16:16:17 [INFO] [3744870] [3744876] [db_runner.h:75] Start query data
2026-10-09 16:16:17 [INFO] [3744870] [3744880] [data_processor.h:72] Save TASK data into dataInventory
2026-10-09 16:16:17 [INFO] [3744870] [3744871] [db_runner.h:86] Query data success: SELECT ROUND(aic_r1_read_cache_miss_allocate, 3) FROM MetricSummary
2026-10-09 16:16:17 [INFO] [3744870] [3744871] [db_runner.h:75] Start query data
2026-10-09 16:16:17 [INFO] [3744870] [3744876] [db_runner.h:86] Query data success: SELECT stream_id, task_id, subtask_id,  batch_id, aiv_total_cycles FROM MetricSummary
2026-10-09 16:16:17 [INFO] [3744870] [3744876] [unified_pmu_processor.cpp:235] FormatTaskBasedData.
2026-10-09 16:16:17 [INFO] [3744870] [3744876] [unified_pmu_processor.cpp:186] GetTaskBasedData, dbPath is /home/data4t2/lelinfeng/cann-w5-r04-l2/研究/GM-L2-CACHE-POLICY-X/profile-existing-parent-memory-l2-20261009/msprof-l2cache-output/PROF_000001_20261009161608421_IFAKNLORMCMBPDKC/device_3/sqlite/metric_summary.db, column name is aiv_write_cache_hit.
2026-10-09 16:16:17 [INFO] [3744870] [3744876] [db_runner.h:75] Start query data
2026-10-09 16:16:17 [INFO] [3744870] [3744876] [db_runner.h:86] Query data success: SELECT stream_id, task_id, subtask_id,  batch_id, aiv_write_cache_hit FROM MetricSummary
2026-10-09 16:16:17 [INFO] [3744870] [3744876] [unified_pmu_processor.cpp:235] FormatTaskBasedData.
2026-10-09 16:16:17 [INFO] [3744870] [3744876] [unified_pmu_processor.cpp:186] GetTaskBasedData, dbPath is /home/data4t2/lelinfeng/cann-w5-r04-l2/研究/GM-L2-CACHE-POLICY-X/profile-existing-parent-memory-l2-20261009/msprof-l2cache-output/PROF_000001_20261009161608421_IFAKNLORMCMBPDKC/device_3/sqlite/metric_summary.db, column name is aiv_write_cache_miss_allocate.
2026-10-09 16:16:17 [INFO] [3744870] [3744871] [db_runner.h:86] Query data success: SELECT ROUND(aiv_total_time, 3) FROM MetricSummary
2026-10-09 16:16:17 [INFO] [3744870] [3744871] [db_runner.h:75] Start query data
2026-10-09 16:16:17 [INFO] [3744870] [3744876] [db_runner.h:75] Start query data
2026-10-09 16:16:17 [INFO] [3744870] [3744871] [db_runner.h:86] Query data success: SELECT aiv_total_cycles FROM MetricSummary
2026-10-09 16:16:17 [INFO] [3744870] [3744871] [db_runner.h:75] Start query data
2026-10-09 16:16:17 [INFO] [3744870] [3744876] [db_runner.h:86] Query data success: SELECT stream_id, task_id, subtask_id,  batch_id, aiv_write_cache_miss_allocate FROM MetricSummary
2026-10-09 16:16:17 [INFO] [3744870] [3744876] [unified_pmu_processor.cpp:235] FormatTaskBasedData.
2026-10-09 16:16:17 [INFO] [3744870] [3744876] [unified_pmu_processor.cpp:186] GetTaskBasedData, dbPath is /home/data4t2/lelinfeng/cann-w5-r04-l2/研究/GM-L2-CACHE-POLICY-X/profile-existing-parent-memory-l2-20261009/msprof-l2cache-output/PROF_000001_20261009161608421_IFAKNLORMCMBPDKC/device_3/sqlite/metric_summary.db, column name is aiv_r0_read_cache_hit.
2026-10-09 16:16:17 [INFO] [3744870] [3744876] [db_runner.h:75] Start query data
2026-10-09 16:16:17 [INFO] [3744870] [3744876] [db_runner.h:86] Query data success: SELECT stream_id, task_id, subtask_id,  batch_id, aiv_r0_read_cache_hit FROM MetricSummary
2026-10-09 16:16:17 [INFO] [3744870] [3744876] [unified_pmu_processor.cpp:235] FormatTaskBasedData.
2026-10-09 16:16:17 [INFO] [3744870] [3744876] [unified_pmu_processor.cpp:186] GetTaskBasedData, dbPath is /home/data4t2/lelinfeng/cann-w5-r04-l2/研究/GM-L2-CACHE-POLICY-X/profile-existing-parent-memory-l2-20261009/msprof-l2cache-output/PROF_000001_20261009161608421_IFAKNLORMCMBPDKC/device_3/sqlite/metric_summary.db, column name is aiv_r0_read_cache_miss_allocate.
2026-10-09 16:16:17 [INFO] [3744870] [3744871] [db_runner.h:86] Query data success: SELECT ROUND(aiv_write_cache_hit, 3) FROM MetricSummary
2026-10-09 16:16:17 [INFO] [3744870] [3744876] [db_runner.h:75] Start query data
2026-10-09 16:16:17 [INFO] [3744870] [3744871] [db_runner.h:75] Start query data
2026-10-09 16:16:17 [INFO] [3744870] [3744876] [db_runner.h:86] Query data success: SELECT stream_id, task_id, subtask_id,  batch_id, aiv_r0_read_cache_miss_allocate FROM MetricSummary
2026-10-09 16:16:17 [INFO] [3744870] [3744876] [unified_pmu_processor.cpp:235] FormatTaskBasedData.
2026-10-09 16:16:17 [INFO] [3744870] [3744876] [unified_pmu_processor.cpp:186] GetTaskBasedData, dbPath is /home/data4t2/lelinfeng/cann-w5-r04-l2/研究/GM-L2-CACHE-POLICY-X/profile-existing-parent-memory-l2-20261009/msprof-l2cache-output/PROF_000001_20261009161608421_IFAKNLORMCMBPDKC/device_3/sqlite/metric_summary.db, column name is aiv_r1_read_cache_hit.
2026-10-09 16:16:17 [INFO] [3744870] [3744876] [db_runner.h:75] Start query data
2026-10-09 16:16:17 [INFO] [3744870] [3744871] [db_runner.h:86] Query data success: SELECT ROUND(aiv_write_cache_miss_allocate, 3) FROM MetricSummary
2026-10-09 16:16:17 [INFO] [3744870] [3744871] [db_runner.h:75] Start query data
2026-10-09 16:16:17 [INFO] [3744870] [3744876] [db_runner.h:86] Query data success: SELECT stream_id, task_id, subtask_id,  batch_id, aiv_r1_read_cache_hit FROM MetricSummary
2026-10-09 16:16:17 [INFO] [3744870] [3744876] [unified_pmu_processor.cpp:235] FormatTaskBasedData.
2026-10-09 16:16:17 [INFO] [3744870] [3744876] [unified_pmu_processor.cpp:186] GetTaskBasedData, dbPath is /home/data4t2/lelinfeng/cann-w5-r04-l2/研究/GM-L2-CACHE-POLICY-X/profile-existing-parent-memory-l2-20261009/msprof-l2cache-output/PROF_000001_20261009161608421_IFAKNLORMCMBPDKC/device_3/sqlite/metric_summary.db, column name is aiv_r1_read_cache_miss_allocate.
2026-10-09 16:16:17 [INFO] [3744870] [3744876] [db_runner.h:75] Start query data
2026-10-09 16:16:17 [INFO] [3744870] [3744876] [db_runner.h:86] Query data success: SELECT stream_id, task_id, subtask_id,  batch_id, aiv_r1_read_cache_miss_allocate FROM MetricSummary
2026-10-09 16:16:17 [INFO] [3744870] [3744876] [unified_pmu_processor.cpp:235] FormatTaskBasedData.
2026-10-09 16:16:17 [INFO] [3744870] [3744876] [data_processor.h:72] Save TASK_PMU_INFO data into dataInventory
2026-10-09 16:16:17 [INFO] [3744870] [3744871] [db_runner.h:86] Query data success: SELECT ROUND(aiv_r0_read_cache_hit, 3) FROM MetricSummary
2026-10-09 16:16:17 [INFO] [3744870] [3744871] [db_runner.h:75] Start query data
2026-10-09 16:16:17 [INFO] [3744870] [3744871] [db_runner.h:86] Query data success: SELECT ROUND(aiv_r0_read_cache_miss_allocate, 3) FROM MetricSummary
2026-10-09 16:16:17 [INFO] [3744870] [3744871] [db_runner.h:75] Start query data
2026-10-09 16:16:17 [INFO] [3744870] [3744871] [db_runner.h:86] Query data success: SELECT ROUND(aiv_r1_read_cache_hit, 3) FROM MetricSummary
2026-10-09 16:16:17 [INFO] [3744870] [3744871] [db_runner.h:75] Start query data
2026-10-09 16:16:17 [INFO] [3744870] [3744871] [db_runner.h:86] Query data success: SELECT ROUND(aiv_r1_read_cache_miss_allocate, 3) FROM MetricSummary
2026-10-09 16:16:17 [INFO] [3744870] [3744871] [db_runner.h:75] Start query data
2026-10-09 16:16:17 [INFO] [3744870] [3744871] [db_runner.h:86] Query data success: SELECT subtask_id FROM MetricSummary
2026-10-09 16:16:17 [INFO] [3744870] [3744871] [db_runner.h:75] Start query data
2026-10-09 16:16:17 [INFO] [3744870] [3744871] [db_runner.h:86] Query data success: SELECT stream_id FROM MetricSummary
2026-10-09 16:16:17 [INFO] [3744870] [3744871] [db_runner.h:75] Start query data
2026-10-09 16:16:17 [INFO] [3744870] [3744871] [db_runner.h:86] Query data success: SELECT task_id FROM MetricSummary
2026-10-09 16:16:17 [INFO] [3744870] [3744871] [db_runner.h:75] Start query data
2026-10-09 16:16:17 [INFO] [3744870] [3744871] [db_runner.h:86] Query data success: SELECT batch_id FROM MetricSummary
2026-10-09 16:16:17 [INFO] [3744870] [3744871] [metric_processor.cpp:291] FormatTaskBasedData.
2026-10-09 16:16:17 [INFO] [3744870] [3744871] [metric_processor.cpp:348] Calculating memory bound...
2026-10-09 16:16:17 [INFO] [3744870] [3744871] [metric_processor.cpp:351] can't find memory bound needed column, no memory bound data added.
2026-10-09 16:16:17 [INFO] [3744870] [3744871] [metric_processor.cpp:456] Add cube usage
2026-10-09 16:16:17 [INFO] [3744870] [3744871] [metric_processor.cpp:459] No need to calculate cube usage.
2026-10-09 16:16:17 [INFO] [3744870] [3744873] [api_processor.cpp:35] There are 2784 records before API data filtering, filterTime is 1791562568425657000.
2026-10-09 16:16:17 [INFO] [3744870] [3744873] [api_processor.cpp:49] There are 2784 records after API data filtering.
2026-10-09 16:16:17 [INFO] [3744870] [3744873] [data_processor.h:72] Save API data into dataInventory
2026-10-09 16:16:17 [INFO] [3744870] [3744884] [summary_manager.cpp:53] Start exporting summary!
2026-10-09 16:16:17 [INFO] [3744870] [3744882] [db_assembler.cpp:1231] Start exporting db!
2026-10-09 16:16:17 [INFO] [3744870] [3744885] [summary_assembler.h:33] Begin to Assemble OP_SUMMARY data
2026-10-09 16:16:17 [INFO] [3744870] [3744889] [summary_assembler.h:33] Begin to Assemble OP_STATISTIC data
2026-10-09 16:16:17 [INFO] [3744870] [3744886] [summary_assembler.h:33] Begin to Assemble COMMUNICATION_STATISTIC data
2026-10-09 16:16:17 [INFO] [3744870] [3744888] [summary_assembler.h:33] Begin to Assemble NPU_MEM data
2026-10-09 16:16:17 [INFO] [3744870] [3744887] [summary_assembler.h:33] Begin to Assemble NPU_MODULE_MEM data
2026-10-09 16:16:17 [WARN] [3744870] [3744888] [npu_memory_assembler.cpp:32] No data to export npu memory summary
2026-10-09 16:16:17 [WARN] [3744870] [3744887] [npu_module_mem_assembler.cpp:41] No data to export npu module memory summary
2026-10-09 16:16:17 [WARN] [3744870] [3744888] [summary_assembler.h:39] No need to Export NPU_MEM data
2026-10-09 16:16:17 [WARN] [3744870] [3744887] [summary_assembler.h:39] No need to Export NPU_MODULE_MEM data
2026-10-09 16:16:17 [INFO] [3744870] [3744888] [summary_assembler.h:33] Begin to Assemble API data
2026-10-09 16:16:17 [INFO] [3744870] [3744887] [summary_assembler.h:33] Begin to Assemble FUSION_OP data
2026-10-09 16:16:17 [WARN] [3744870] [3744887] [fusion_op_assembler.cpp:69] fusion op data not exist.
2026-10-09 16:16:17 [WARN] [3744870] [3744887] [summary_assembler.h:39] No need to Export FUSION_OP data
2026-10-09 16:16:17 [INFO] [3744870] [3744887] [summary_assembler.h:33] Begin to Assemble TASK_TIME_SUMMARY data
2026-10-09 16:16:17 [INFO] [3744870] [3744882] [db_assembler.cpp:1164] Find completed msprof db, /home/data4t2/lelinfeng/cann-w5-r04-l2/研究/GM-L2-CACHE-POLICY-X/profile-existing-parent-memory-l2-20261009/msprof-l2cache-output/PROF_000001_20261009161608421_IFAKNLORMCMBPDKC/msprof_20261009161615.db.
2026-10-09 16:16:17 [WARN] [3744870] [3744886] [comm_statistic_assembler.cpp:56] Communication Statistic data not exist.
2026-10-09 16:16:17 [WARN] [3744870] [3744886] [summary_assembler.h:39] No need to Export COMMUNICATION_STATISTIC data
2026-10-09 16:16:17 [INFO] [3744870] [3744889] [csv_writer.cpp:77] Start dump /home/data4t2/lelinfeng/cann-w5-r04-l2/研究/GM-L2-CACHE-POLICY-X/profile-existing-parent-memory-l2-20261009/msprof-l2cache-output/PROF_000001_20261009161608421_IFAKNLORMCMBPDKC/mindstudio_profiler_output/op_statistic.csv, timestamp is 20261009161617.
2026-10-09 16:16:17 [INFO] [3744870] [3744886] [summary_assembler.h:33] Begin to Assemble STEP_TRACE data
2026-10-09 16:16:17 [WARN] [3744870] [3744886] [summary_step_trace_assembler.cpp:59] trainTraceData not exists, can't export step trace data.
2026-10-09 16:16:17 [WARN] [3744870] [3744886] [summary_assembler.h:39] No need to Export STEP_TRACE data
2026-10-09 16:16:17 [INFO] [3744870] [3744889] [file.cpp:416] The file not exists: /home/data4t2/lelinfeng/cann-w5-r04-l2/研究/GM-L2-CACHE-POLICY-X/profile-existing-parent-memory-l2-20261009/msprof-l2cache-output/PROF_000001_20261009161608421_IFAKNLORMCMBPDKC/mindstudio_profiler_output/op_statistic_20261009161617.csv.
2026-10-09 16:16:17 [INFO] [3744870] [3744889] [csv_writer.cpp:84] Generate /home/data4t2/lelinfeng/cann-w5-r04-l2/研究/GM-L2-CACHE-POLICY-X/profile-existing-parent-memory-l2-20261009/msprof-l2cache-output/PROF_000001_20261009161608421_IFAKNLORMCMBPDKC/mindstudio_profiler_output/op_statistic.csv finished, timestamp is 20261009161617.
2026-10-09 16:16:17 [INFO] [3744870] [3744889] [summary_assembler.h:36] Assemble and export OP_STATISTIC data success
2026-10-09 16:16:17 [INFO] [3744870] [3744887] [csv_writer.cpp:77] Start dump /home/data4t2/lelinfeng/cann-w5-r04-l2/研究/GM-L2-CACHE-POLICY-X/profile-existing-parent-memory-l2-20261009/msprof-l2cache-output/PROF_000001_20261009161608421_IFAKNLORMCMBPDKC/mindstudio_profiler_output/task_time.csv, timestamp is 20261009161617.
2026-10-09 16:16:17 [INFO] [3744870] [3744885] [csv_writer.cpp:77] Start dump /home/data4t2/lelinfeng/cann-w5-r04-l2/研究/GM-L2-CACHE-POLICY-X/profile-existing-parent-memory-l2-20261009/msprof-l2cache-output/PROF_000001_20261009161608421_IFAKNLORMCMBPDKC/mindstudio_profiler_output/op_summary.csv, timestamp is 20261009161617.
2026-10-09 16:16:17 [INFO] [3744870] [3744888] [csv_writer.cpp:77] Start dump /home/data4t2/lelinfeng/cann-w5-r04-l2/研究/GM-L2-CACHE-POLICY-X/profile-existing-parent-memory-l2-20261009/msprof-l2cache-output/PROF_000001_20261009161608421_IFAKNLORMCMBPDKC/mindstudio_profiler_output/api_statistic.csv, timestamp is 20261009161617.
2026-10-09 16:16:17 [INFO] [3744870] [3744888] [file.cpp:416] The file not exists: /home/data4t2/lelinfeng/cann-w5-r04-l2/研究/GM-L2-CACHE-POLICY-X/profile-existing-parent-memory-l2-20261009/msprof-l2cache-output/PROF_000001_20261009161608421_IFAKNLORMCMBPDKC/mindstudio_profiler_output/api_statistic_20261009161617.csv.
2026-10-09 16:16:17 [INFO] [3744870] [3744888] [csv_writer.cpp:84] Generate /home/data4t2/lelinfeng/cann-w5-r04-l2/研究/GM-L2-CACHE-POLICY-X/profile-existing-parent-memory-l2-20261009/msprof-l2cache-output/PROF_000001_20261009161608421_IFAKNLORMCMBPDKC/mindstudio_profiler_output/api_statistic.csv finished, timestamp is 20261009161617.
2026-10-09 16:16:17 [INFO] [3744870] [3744888] [summary_assembler.h:36] Assemble and export API data success
2026-10-09 16:16:17 [INFO] [3744870] [3744887] [file.cpp:416] The file not exists: /home/data4t2/lelinfeng/cann-w5-r04-l2/研究/GM-L2-CACHE-POLICY-X/profile-existing-parent-memory-l2-20261009/msprof-l2cache-output/PROF_000001_20261009161608421_IFAKNLORMCMBPDKC/mindstudio_profiler_output/task_time_20261009161617.csv.
2026-10-09 16:16:17 [INFO] [3744870] [3744887] [csv_writer.cpp:84] Generate /home/data4t2/lelinfeng/cann-w5-r04-l2/研究/GM-L2-CACHE-POLICY-X/profile-existing-parent-memory-l2-20261009/msprof-l2cache-output/PROF_000001_20261009161608421_IFAKNLORMCMBPDKC/mindstudio_profiler_output/task_time.csv finished, timestamp is 20261009161617.
2026-10-09 16:16:17 [INFO] [3744870] [3744887] [summary_assembler.h:36] Assemble and export TASK_TIME_SUMMARY data success
2026-10-09 16:16:17 [INFO] [3744870] [3744885] [file.cpp:416] The file not exists: /home/data4t2/lelinfeng/cann-w5-r04-l2/研究/GM-L2-CACHE-POLICY-X/profile-existing-parent-memory-l2-20261009/msprof-l2cache-output/PROF_000001_20261009161608421_IFAKNLORMCMBPDKC/mindstudio_profiler_output/op_summary_20261009161617.csv.
2026-10-09 16:16:17 [INFO] [3744870] [3744885] [csv_writer.cpp:84] Generate /home/data4t2/lelinfeng/cann-w5-r04-l2/研究/GM-L2-CACHE-POLICY-X/profile-existing-parent-memory-l2-20261009/msprof-l2cache-output/PROF_000001_20261009161608421_IFAKNLORMCMBPDKC/mindstudio_profiler_output/op_summary.csv finished, timestamp is 20261009161617.
2026-10-09 16:16:17 [INFO] [3744870] [3744885] [summary_assembler.h:36] Assemble and export OP_SUMMARY data success
