CONFIGURE_RC=0
BUILD_RC=0
BUILD_LOG=/home/data4t2/lelinfeng/phase4-review-repro/ADAPTIVE-CORE-OWNERSHIP-CHAMPION-X/V001/logs/server3-compile-20261004T184014Z.log
-- Configuring done
-- Generating done
-- Build files have been written to: /home/data4t2/lelinfeng/phase4-review-repro/ADAPTIVE-CORE-OWNERSHIP-CHAMPION-X/V001/build-server3-v001
Consolidate compiler generated dependencies of target adaptive_parent
[ 50%] Building ASC object CMakeFiles/adaptive_parent.dir/support/parent_entry.asc.o
[100%] Linking ASC shared library libadaptive_parent.so
[100%] Built target adaptive_parent
[ 50%] Building ASC object CMakeFiles/adaptive_candidate.dir/support/candidate_entry.asc.o
[100%] Linking ASC shared library libadaptive_candidate.so
[100%] Built target adaptive_candidate
Consolidate compiler generated dependencies of target adaptive_candidate
[ 16%] Building ASC object CMakeFiles/adaptive_candidate.dir/support/candidate_entry.asc.o
[ 33%] Linking ASC shared library libadaptive_candidate.so
[ 33%] Built target adaptive_candidate
Consolidate compiler generated dependencies of target adaptive_parent
[ 50%] Building ASC object CMakeFiles/adaptive_parent.dir/support/parent_entry.asc.o
[ 66%] Linking ASC shared library libadaptive_parent.so
[ 66%] Built target adaptive_parent
[ 83%] Building CXX object CMakeFiles/adaptive_probe.dir/support/probe.cpp.o
[100%] Linking CXX executable adaptive_probe
[100%] Built target adaptive_probe
