CORRECTNESS_START_TIMESTAMP=2026-10-08T22:23:08.185331988Z
RUN role=parent shape=128x948 device=3 dtype=FP32 prefix=本地实验/R-W4-4/V106/correctness/device3/parent-128x948
REF_HARNESS device=3 shape=128x948 dtype=0 warmup=1 samples=1 blocks=1 bad=0
RESULT role=parent shape=128x948 rc=0
RUN role=candidate shape=128x948 device=3 dtype=FP32 prefix=本地实验/R-W4-4/V106/correctness/device3/candidate-128x948
REF_HARNESS device=3 shape=128x948 dtype=0 warmup=1 samples=1 blocks=1 bad=0
RESULT role=candidate shape=128x948 rc=0
RUN role=parent shape=128x952 device=3 dtype=FP32 prefix=本地实验/R-W4-4/V106/correctness/device3/parent-128x952
REF_HARNESS device=3 shape=128x952 dtype=0 warmup=1 samples=1 blocks=1 bad=0
RESULT role=parent shape=128x952 rc=0
RUN role=candidate shape=128x952 device=3 dtype=FP32 prefix=本地实验/R-W4-4/V106/correctness/device3/candidate-128x952
REF_HARNESS device=3 shape=128x952 dtype=0 warmup=1 samples=1 blocks=1 bad=0
RESULT role=candidate shape=128x952 rc=0
RUN role=parent shape=128x956 device=3 dtype=FP32 prefix=本地实验/R-W4-4/V106/correctness/device3/parent-128x956
REF_HARNESS device=3 shape=128x956 dtype=0 warmup=1 samples=1 blocks=1 bad=0
RESULT role=parent shape=128x956 rc=0
RUN role=candidate shape=128x956 device=3 dtype=FP32 prefix=本地实验/R-W4-4/V106/correctness/device3/candidate-128x956
REF_HARNESS device=3 shape=128x956 dtype=0 warmup=1 samples=1 blocks=1 bad=0
RESULT role=candidate shape=128x956 rc=0
CORRECTNESS_END_TIMESTAMP=2026-10-08T22:23:48.491139239Z
