ROUTE=SYNC-BARRIER-ELISION-X
REVISION=V015
DIRECT_PARENT=R31B-V011
HOST=hwnput3
DEVICE=3
CANDIDATE_SOURCE_SHA256=930056f67d6694820e4e454f573a5892f9377a53046238c81da996147be38892
PARENT_SOURCE_SHA256=a8c19a1972207acc67e3fb0cd393cc70b0a4b183d1eaf5610edf80c2879b15e3
COMPILE=PASS
CORRECTNESS_START=2026-10-07T12:49:01Z
Consolidate compiler generated dependencies of target sync_barrier_elision_correctness
[ 50%] Building ASC object CMakeFiles/sync_barrier_elision_correctness.dir/support/correctness_runner.asc.o
[100%] Linking ASC executable sync_barrier_elision_correctness
[100%] Built target sync_barrier_elision_correctness
CORRECTNESS_RUNNER_BUILD_RC=0
+------------------------------------------------------------------------------------------------+
| npu-smi 25.0.rc1.1               Version: 25.0.rc1.1                                           |
+---------------------------+---------------+----------------------------------------------------+
| NPU   Name                | Health        | Power(W)    Temp(C)           Hugepages-Usage(page)|
| Chip                      | Bus-Id        | AICore(%)   Memory-Usage(MB)  HBM-Usage(MB)        |
+===========================+===============+====================================================+
| 0     910B3               | OK            | 146.7       46                0    / 0             |
| 0                         | 0000:C1:00.0  | 33          0    / 0          60221/ 65536         |
+===========================+===============+====================================================+
| 1     910B3               | OK            | 143.2       45                0    / 0             |
| 0                         | 0000:C2:00.0  | 33          0    / 0          60275/ 65536         |
+===========================+===============+====================================================+
| 2     910B3               | OK            | 137.5       48                0    / 0             |
| 0                         | 0000:81:00.0  | 33          0    / 0          60214/ 65536         |
+===========================+===============+====================================================+
| 3     910B3               | OK            | 146.6       47                0    / 0             |
| 0                         | 0000:82:00.0  | 33          0    / 0          60219/ 65536         |
+===========================+===============+====================================================+
| 4     910B3               | OK            | 93.3        44                0    / 0             |
| 0                         | 0000:01:00.0  | 0           0    / 0          59192/ 65536         |
+===========================+===============+====================================================+
| 5     910B3               | OK            | 170.0       58                0    / 0             |
| 0                         | 0000:02:00.0  | 44          0    / 0          60222/ 65536         |
+===========================+===============+====================================================+
| 6     910B3               | OK            | 177.1       57                0    / 0             |
| 0                         | 0000:41:00.0  | 42          0    / 0          60222/ 65536         |
+===========================+===============+====================================================+
| 7     910B3               | OK            | 121.9       48                0    / 0             |
| 0                         | 0000:42:00.0  | 0           0    / 0          24791/ 65536         |
+===========================+===============+====================================================+
+---------------------------+---------------+----------------------------------------------------+
| NPU     Chip              | Process id    | Process name             | Process memory(MB)      |
+===========================+===============+====================================================+
| 0       0                 | 89395         | VLLMWorker_TP            | 56702                   |
+===========================+===============+====================================================+
| 1       0                 | 91055         | VLLMWorker_TP            | 56702                   |
+===========================+===============+====================================================+
| 2       0                 | 92813         | VLLMWorker_TP            | 56703                   |
+===========================+===============+====================================================+
| 3       0                 | 94498         | VLLMWorker_TP            | 56703                   |
+===========================+===============+====================================================+
| 4       0                 | 2999855       | VLLMEngineCor            | 55666                   |
+===========================+===============+====================================================+
| 5       0                 | 89602         | VLLMWorker_TP            | 56700                   |
+===========================+===============+====================================================+
| 6       0                 | 91228         | VLLMWorker_TP            | 56701                   |
+===========================+===============+====================================================+
| 7       0                 | 439848        | python3                  | 21260                   |
+===========================+===============+====================================================+
/tmp/sync-barrier-elision-v015.2Ngbt3/sync_barrier_elision_correctness: error while loading shared libraries: libmsprofiler.so: cannot open shared object file: No such file or directory
CORRECTNESS_RUN_RC=127
+------------------------------------------------------------------------------------------------+
| npu-smi 25.0.rc1.1               Version: 25.0.rc1.1                                           |
+---------------------------+---------------+----------------------------------------------------+
| NPU   Name                | Health        | Power(W)    Temp(C)           Hugepages-Usage(page)|
| Chip                      | Bus-Id        | AICore(%)   Memory-Usage(MB)  HBM-Usage(MB)        |
+===========================+===============+====================================================+
| 0     910B3               | OK            | 146.6       46                0    / 0             |
| 0                         | 0000:C1:00.0  | 33          0    / 0          60221/ 65536         |
+===========================+===============+====================================================+
| 1     910B3               | OK            | 140.3       45                0    / 0             |
| 0                         | 0000:C2:00.0  | 32          0    / 0          60275/ 65536         |
+===========================+===============+====================================================+
| 2     910B3               | OK            | 139.5       47                0    / 0             |
| 0                         | 0000:81:00.0  | 33          0    / 0          60215/ 65536         |
+===========================+===============+====================================================+
| 3     910B3               | OK            | 145.4       47                0    / 0             |
| 0                         | 0000:82:00.0  | 33          0    / 0          60219/ 65536         |
+===========================+===============+====================================================+
| 4     910B3               | OK            | 93.8        45                0    / 0             |
| 0                         | 0000:01:00.0  | 0           0    / 0          59192/ 65536         |
+===========================+===============+====================================================+
| 5     910B3               | OK            | 170.5       58                0    / 0             |
| 0                         | 0000:02:00.0  | 43          0    / 0          60222/ 65536         |
+===========================+===============+====================================================+
| 6     910B3               | OK            | 178.4       57                0    / 0             |
| 0                         | 0000:41:00.0  | 43          0    / 0          60222/ 65536         |
+===========================+===============+====================================================+
| 7     910B3               | OK            | 143.6       48                0    / 0             |
| 0                         | 0000:42:00.0  | 11          0    / 0          24791/ 65536         |
+===========================+===============+====================================================+
+---------------------------+---------------+----------------------------------------------------+
| NPU     Chip              | Process id    | Process name             | Process memory(MB)      |
+===========================+===============+====================================================+
| 0       0                 | 89395         | VLLMWorker_TP            | 56702                   |
+===========================+===============+====================================================+
| 1       0                 | 91055         | VLLMWorker_TP            | 56702                   |
+===========================+===============+====================================================+
| 2       0                 | 92813         | VLLMWorker_TP            | 56703                   |
+===========================+===============+====================================================+
| 3       0                 | 94498         | VLLMWorker_TP            | 56703                   |
+===========================+===============+====================================================+
| 4       0                 | 2999855       | VLLMEngineCor            | 55666                   |
+===========================+===============+====================================================+
| 5       0                 | 89602         | VLLMWorker_TP            | 56700                   |
+===========================+===============+====================================================+
| 6       0                 | 91228         | VLLMWorker_TP            | 56701                   |
+===========================+===============+====================================================+
| 7       0                 | 439848        | python3                  | 21260                   |
+===========================+===============+====================================================+
 12:49:28 up 242 days, 25 min, 34 users,  load average: 48.59, 51.89, 51.06
CORRECTNESS_END=2026-10-07T12:49:28Z
RESULT_RC=127
