/usr/bin/cmake -S/home/data4t2/lelinfeng/phase4-workspaces/DTYPE-SPECIAL-X/V001/src -B/home/data4t2/lelinfeng/phase4-workspaces/DTYPE-SPECIAL-X/V001/build --check-build-system CMakeFiles/Makefile.cmake 0
/usr/bin/gmake  -f CMakeFiles/Makefile2 dtype_special_x_v001
gmake[1]: Entering directory '/home/data4t2/lelinfeng/phase4-workspaces/DTYPE-SPECIAL-X/V001/build'
/usr/bin/cmake -S/home/data4t2/lelinfeng/phase4-workspaces/DTYPE-SPECIAL-X/V001/src -B/home/data4t2/lelinfeng/phase4-workspaces/DTYPE-SPECIAL-X/V001/build --check-build-system CMakeFiles/Makefile.cmake 0
/usr/bin/cmake -E cmake_progress_start /home/data4t2/lelinfeng/phase4-workspaces/DTYPE-SPECIAL-X/V001/build/CMakeFiles 2
/usr/bin/gmake  -f CMakeFiles/Makefile2 CMakeFiles/dtype_special_x_v001.dir/all
gmake[2]: Entering directory '/home/data4t2/lelinfeng/phase4-workspaces/DTYPE-SPECIAL-X/V001/build'
/usr/bin/gmake  -f CMakeFiles/dtype_special_x_v001.dir/build.make CMakeFiles/dtype_special_x_v001.dir/depend
gmake[3]: Entering directory '/home/data4t2/lelinfeng/phase4-workspaces/DTYPE-SPECIAL-X/V001/build'
cd /home/data4t2/lelinfeng/phase4-workspaces/DTYPE-SPECIAL-X/V001/build && /usr/bin/cmake -E cmake_depends "Unix Makefiles" /home/data4t2/lelinfeng/phase4-workspaces/DTYPE-SPECIAL-X/V001/src /home/data4t2/lelinfeng/phase4-workspaces/DTYPE-SPECIAL-X/V001/src /home/data4t2/lelinfeng/phase4-workspaces/DTYPE-SPECIAL-X/V001/build /home/data4t2/lelinfeng/phase4-workspaces/DTYPE-SPECIAL-X/V001/build /home/data4t2/lelinfeng/phase4-workspaces/DTYPE-SPECIAL-X/V001/build/CMakeFiles/dtype_special_x_v001.dir/DependInfo.cmake --color=
Dependencies file "CMakeFiles/dtype_special_x_v001.dir/compile_adapter.asc.o.d" is newer than depends file "/home/data4t2/lelinfeng/phase4-workspaces/DTYPE-SPECIAL-X/V001/build/CMakeFiles/dtype_special_x_v001.dir/compiler_depend.internal".
Consolidate compiler generated dependencies of target dtype_special_x_v001
gmake[3]: Leaving directory '/home/data4t2/lelinfeng/phase4-workspaces/DTYPE-SPECIAL-X/V001/build'
/usr/bin/gmake  -f CMakeFiles/dtype_special_x_v001.dir/build.make CMakeFiles/dtype_special_x_v001.dir/build
gmake[3]: Entering directory '/home/data4t2/lelinfeng/phase4-workspaces/DTYPE-SPECIAL-X/V001/build'
[ 50%] Building ASC object CMakeFiles/dtype_special_x_v001.dir/compile_adapter.asc.o
/usr/local/Ascend/ascend-toolkit/8.5.0.alpha002/compiler/ccec_compiler/bin/bisheng    --cce-aicore-arch=dav-c220 -I/usr/local/Ascend/ascend-toolkit/8.5.0.alpha002/toolkit/toolchain/hcc/aarch64-target-linux-gnu/include/c++/7.3.0 -I/usr/local/Ascend/ascend-toolkit/8.5.0.alpha002/toolkit/toolchain/hcc/aarch64-target-linux-gnu/include/c++/7.3.0/aarch64-target-linux-gnu -I/usr/local/Ascend/ascend-toolkit/8.5.0.alpha002/toolkit/toolchain/hcc/aarch64-target-linux-gnu/include/c++/7.3.0/backward -Xaicore-start -O3 -std=c++17 -Xaicore-end -Xhost-start -I/usr/local/Ascend/ascend-toolkit/8.5.0.alpha002/toolkit/toolchain/hcc/aarch64-target-linux-gnu/include/c++/7.3.0 -I/usr/local/Ascend/ascend-toolkit/8.5.0.alpha002/toolkit/toolchain/hcc/aarch64-target-linux-gnu/include/c++/7.3.0/aarch64-target-linux-gnu -I/usr/local/Ascend/ascend-toolkit/8.5.0.alpha002/toolkit/toolchain/hcc/aarch64-target-linux-gnu/include/c++/7.3.0/backward -fPIC -O2 -Xhost-end --npu-arch=dav-2201 -MD -MT CMakeFiles/dtype_special_x_v001.dir/compile_adapter.asc.o -MF CMakeFiles/dtype_special_x_v001.dir/compile_adapter.asc.o.d -o CMakeFiles/dtype_special_x_v001.dir/compile_adapter.asc.o -c -x asc /home/data4t2/lelinfeng/phase4-workspaces/DTYPE-SPECIAL-X/V001/src/compile_adapter.asc
[100%] Linking ASC executable dtype_special_x_v001
/usr/bin/cmake -E cmake_link_script CMakeFiles/dtype_special_x_v001.dir/link.txt --verbose=1
/usr/local/Ascend/ascend-toolkit/8.5.0.alpha002/compiler/ccec_compiler/bin/bisheng CMakeFiles/dtype_special_x_v001.dir/compile_adapter.asc.o -o dtype_special_x_v001   -L/usr/lib/gcc/aarch64-linux-gnu/11  -L/usr/local/Ascend/ascend-toolkit/8.5.0.alpha002/lib64  -L/usr/local/Ascend/ascend-toolkit/8.5.0.alpha002/aarch64-linux/lib64  -Wl,-rpath,/usr/lib/gcc/aarch64-linux-gnu/11 -Wl,-rpath,/usr/local/Ascend/ascend-toolkit/8.5.0.alpha002/lib64 -Wl,-rpath,/usr/local/Ascend/ascend-toolkit/8.5.0.alpha002/aarch64-linux/lib64 -lascendcl -ltiling_api -lregister -lplatform -lunified_dlog -ldl -lm -lgraph_base 
gmake[3]: Leaving directory '/home/data4t2/lelinfeng/phase4-workspaces/DTYPE-SPECIAL-X/V001/build'
[100%] Built target dtype_special_x_v001
gmake[2]: Leaving directory '/home/data4t2/lelinfeng/phase4-workspaces/DTYPE-SPECIAL-X/V001/build'
/usr/bin/cmake -E cmake_progress_start /home/data4t2/lelinfeng/phase4-workspaces/DTYPE-SPECIAL-X/V001/build/CMakeFiles 0
gmake[1]: Leaving directory '/home/data4t2/lelinfeng/phase4-workspaces/DTYPE-SPECIAL-X/V001/build'
