/usr/bin/cmake -S/home/data4t2/lelinfeng/phase4-workspaces/DTYPE-SPECIAL-X/V001/src -B/home/data4t2/lelinfeng/phase4-workspaces/DTYPE-SPECIAL-X/V001/build --check-build-system CMakeFiles/Makefile.cmake 0
/usr/bin/gmake  -f CMakeFiles/Makefile2 dtype_special_x_v001_unified_runner
gmake[1]: Entering directory '/home/data4t2/lelinfeng/phase4-workspaces/DTYPE-SPECIAL-X/V001/build'
/usr/bin/cmake -S/home/data4t2/lelinfeng/phase4-workspaces/DTYPE-SPECIAL-X/V001/src -B/home/data4t2/lelinfeng/phase4-workspaces/DTYPE-SPECIAL-X/V001/build --check-build-system CMakeFiles/Makefile.cmake 0
/usr/bin/cmake -E cmake_progress_start /home/data4t2/lelinfeng/phase4-workspaces/DTYPE-SPECIAL-X/V001/build/CMakeFiles 2
/usr/bin/gmake  -f CMakeFiles/Makefile2 CMakeFiles/dtype_special_x_v001_unified_runner.dir/all
gmake[2]: Entering directory '/home/data4t2/lelinfeng/phase4-workspaces/DTYPE-SPECIAL-X/V001/build'
/usr/bin/gmake  -f CMakeFiles/dtype_special_x_v001_unified_runner.dir/build.make CMakeFiles/dtype_special_x_v001_unified_runner.dir/depend
gmake[3]: Entering directory '/home/data4t2/lelinfeng/phase4-workspaces/DTYPE-SPECIAL-X/V001/build'
cd /home/data4t2/lelinfeng/phase4-workspaces/DTYPE-SPECIAL-X/V001/build && /usr/bin/cmake -E cmake_depends "Unix Makefiles" /home/data4t2/lelinfeng/phase4-workspaces/DTYPE-SPECIAL-X/V001/src /home/data4t2/lelinfeng/phase4-workspaces/DTYPE-SPECIAL-X/V001/src /home/data4t2/lelinfeng/phase4-workspaces/DTYPE-SPECIAL-X/V001/build /home/data4t2/lelinfeng/phase4-workspaces/DTYPE-SPECIAL-X/V001/build /home/data4t2/lelinfeng/phase4-workspaces/DTYPE-SPECIAL-X/V001/build/CMakeFiles/dtype_special_x_v001_unified_runner.dir/DependInfo.cmake --color=
Dependencies file "CMakeFiles/dtype_special_x_v001_unified_runner.dir/support/unified_runner.asc.o.d" is newer than depends file "/home/data4t2/lelinfeng/phase4-workspaces/DTYPE-SPECIAL-X/V001/build/CMakeFiles/dtype_special_x_v001_unified_runner.dir/compiler_depend.internal".
Consolidate compiler generated dependencies of target dtype_special_x_v001_unified_runner
gmake[3]: Leaving directory '/home/data4t2/lelinfeng/phase4-workspaces/DTYPE-SPECIAL-X/V001/build'
/usr/bin/gmake  -f CMakeFiles/dtype_special_x_v001_unified_runner.dir/build.make CMakeFiles/dtype_special_x_v001_unified_runner.dir/build
gmake[3]: Entering directory '/home/data4t2/lelinfeng/phase4-workspaces/DTYPE-SPECIAL-X/V001/build'
[ 50%] Building ASC object CMakeFiles/dtype_special_x_v001_unified_runner.dir/support/unified_runner.asc.o
/usr/local/Ascend/ascend-toolkit/8.5.0.alpha002/compiler/ccec_compiler/bin/bisheng   -I/usr/local/Ascend/ascend-toolkit/8.5.0.alpha002/aarch64-linux/include -I/usr/local/Ascend/ascend-toolkit/8.5.0.alpha002/aarch64-linux/ascendc/include -I/usr/local/Ascend/ascend-toolkit/8.5.0.alpha002/aarch64-linux/ascendc/include/basic_api/impl -I/usr/local/Ascend/ascend-toolkit/8.5.0.alpha002/aarch64-linux/asc/include/basic_api -I/usr/local/Ascend/ascend-toolkit/8.5.0.alpha002/aarch64-linux/asc/include -I/usr/local/Ascend/ascend-toolkit/8.5.0.alpha002/aarch64-linux -I/usr/local/Ascend/ascend-toolkit/8.5.0.alpha002/aarch64-linux/asc -I/usr/local/Ascend/ascend-toolkit/8.5.0.alpha002/aarch64-linux/asc/include/interface -I/usr/include/c++/11 -I/usr/include/aarch64-linux-gnu/c++/11 -I/usr/include/c++/11/backward -I/usr/include/aarch64-linux-gnu --cce-aicore-arch=dav-c220 -I/usr/local/Ascend/ascend-toolkit/8.5.0.alpha002/toolkit/toolchain/hcc/aarch64-target-linux-gnu/include/c++/7.3.0 -I/usr/local/Ascend/ascend-toolkit/8.5.0.alpha002/toolkit/toolchain/hcc/aarch64-target-linux-gnu/include/c++/7.3.0/aarch64-target-linux-gnu -I/usr/local/Ascend/ascend-toolkit/8.5.0.alpha002/toolkit/toolchain/hcc/aarch64-target-linux-gnu/include/c++/7.3.0/backward -Xaicore-start -O3 -std=c++17 -Xaicore-end -Xhost-start -I/usr/local/Ascend/ascend-toolkit/8.5.0.alpha002/toolkit/toolchain/hcc/aarch64-target-linux-gnu/include/c++/7.3.0 -I/usr/local/Ascend/ascend-toolkit/8.5.0.alpha002/toolkit/toolchain/hcc/aarch64-target-linux-gnu/include/c++/7.3.0/aarch64-target-linux-gnu -I/usr/local/Ascend/ascend-toolkit/8.5.0.alpha002/toolkit/toolchain/hcc/aarch64-target-linux-gnu/include/c++/7.3.0/backward -fPIC -O2 -Xhost-end --npu-arch=dav-2201 -MD -MT CMakeFiles/dtype_special_x_v001_unified_runner.dir/support/unified_runner.asc.o -MF CMakeFiles/dtype_special_x_v001_unified_runner.dir/support/unified_runner.asc.o.d -o CMakeFiles/dtype_special_x_v001_unified_runner.dir/support/unified_runner.asc.o -c -x asc /home/data4t2/lelinfeng/phase4-workspaces/DTYPE-SPECIAL-X/V001/src/support/unified_runner.asc
/home/data4t2/lelinfeng/phase4-workspaces/DTYPE-SPECIAL-X/V001/src/support/unified_runner.asc:351:17: warning: 'cce_global' attribute ignored when parsing type [-Wignored-attributes]
        kernel((GM_ADDR)dx_, dataGroup,
                ^~~~~~~
/usr/local/Ascend/ascend-toolkit/8.5.0.alpha002/aarch64-linux/ascendc/include/basic_api/impl/utils/kernel_utils_macros.h:18:17: note: expanded from macro 'GM_ADDR'
#define GM_ADDR __gm__ uint8_t*
                ^~~~~~
/usr/local/Ascend/ascend-toolkit/8.5.0.alpha002/aarch64-linux/ccec_compiler/lib/clang/15.0.5/include/__clang_cce_defines.h:47:31: note: expanded from macro '__gm__'
#define __gm__ __attribute__((cce_global))
                              ^~~~~~~~~~
/home/data4t2/lelinfeng/phase4-workspaces/DTYPE-SPECIAL-X/V001/src/support/unified_runner.asc:352:17: warning: 'cce_global' attribute ignored when parsing type [-Wignored-attributes]
               (GM_ADDR)dr_, dataGroup,
                ^~~~~~~
/usr/local/Ascend/ascend-toolkit/8.5.0.alpha002/aarch64-linux/ascendc/include/basic_api/impl/utils/kernel_utils_macros.h:18:17: note: expanded from macro 'GM_ADDR'
#define GM_ADDR __gm__ uint8_t*
                ^~~~~~
/usr/local/Ascend/ascend-toolkit/8.5.0.alpha002/aarch64-linux/ccec_compiler/lib/clang/15.0.5/include/__clang_cce_defines.h:47:31: note: expanded from macro '__gm__'
#define __gm__ __attribute__((cce_global))
                              ^~~~~~~~~~
/home/data4t2/lelinfeng/phase4-workspaces/DTYPE-SPECIAL-X/V001/src/support/unified_runner.asc:353:17: warning: 'cce_global' attribute ignored when parsing type [-Wignored-attributes]
               (GM_ADDR)dg_, paramGroup,
                ^~~~~~~
/usr/local/Ascend/ascend-toolkit/8.5.0.alpha002/aarch64-linux/ascendc/include/basic_api/impl/utils/kernel_utils_macros.h:18:17: note: expanded from macro 'GM_ADDR'
#define GM_ADDR __gm__ uint8_t*
                ^~~~~~
/usr/local/Ascend/ascend-toolkit/8.5.0.alpha002/aarch64-linux/ccec_compiler/lib/clang/15.0.5/include/__clang_cce_defines.h:47:31: note: expanded from macro '__gm__'
#define __gm__ __attribute__((cce_global))
                              ^~~~~~~~~~
/home/data4t2/lelinfeng/phase4-workspaces/DTYPE-SPECIAL-X/V001/src/support/unified_runner.asc:354:17: warning: 'cce_global' attribute ignored when parsing type [-Wignored-attributes]
               (GM_ADDR)db_, paramGroup,
                ^~~~~~~
/usr/local/Ascend/ascend-toolkit/8.5.0.alpha002/aarch64-linux/ascendc/include/basic_api/impl/utils/kernel_utils_macros.h:18:17: note: expanded from macro 'GM_ADDR'
#define GM_ADDR __gm__ uint8_t*
                ^~~~~~
/usr/local/Ascend/ascend-toolkit/8.5.0.alpha002/aarch64-linux/ccec_compiler/lib/clang/15.0.5/include/__clang_cce_defines.h:47:31: note: expanded from macro '__gm__'
#define __gm__ __attribute__((cce_global))
                              ^~~~~~~~~~
/home/data4t2/lelinfeng/phase4-workspaces/DTYPE-SPECIAL-X/V001/src/support/unified_runner.asc:355:17: warning: 'cce_global' attribute ignored when parsing type [-Wignored-attributes]
               (GM_ADDR)dout_, dataGroup,
                ^~~~~~~
/usr/local/Ascend/ascend-toolkit/8.5.0.alpha002/aarch64-linux/ascendc/include/basic_api/impl/utils/kernel_utils_macros.h:18:17: note: expanded from macro 'GM_ADDR'
#define GM_ADDR __gm__ uint8_t*
                ^~~~~~
/usr/local/Ascend/ascend-toolkit/8.5.0.alpha002/aarch64-linux/ccec_compiler/lib/clang/15.0.5/include/__clang_cce_defines.h:47:31: note: expanded from macro '__gm__'
#define __gm__ __attribute__((cce_global))
                              ^~~~~~~~~~
5 warnings generated.
/home/data4t2/lelinfeng/phase4-workspaces/DTYPE-SPECIAL-X/V001/src/support/unified_runner.asc:351:17: warning: 'cce_global' attribute ignored when parsing type [-Wignored-attributes]
/usr/local/Ascend/ascend-toolkit/8.5.0.alpha002/compiler/tikcpp/tikcfw/impl/utils/kernel_utils_macros.h:18:17: note: expanded from macro 'GM_ADDR'
/usr/local/Ascend/ascend-toolkit/8.5.0.alpha002/aarch64-linux/ccec_compiler/lib/clang/15.0.5/include/__clang_cce_defines.h:47:31: note: expanded from macro '__gm__'
/home/data4t2/lelinfeng/phase4-workspaces/DTYPE-SPECIAL-X/V001/src/support/unified_runner.asc:352:17: warning: 'cce_global' attribute ignored when parsing type [-Wignored-attributes]
/usr/local/Ascend/ascend-toolkit/8.5.0.alpha002/compiler/tikcpp/tikcfw/impl/utils/kernel_utils_macros.h:18:17: note: expanded from macro 'GM_ADDR'
/usr/local/Ascend/ascend-toolkit/8.5.0.alpha002/aarch64-linux/ccec_compiler/lib/clang/15.0.5/include/__clang_cce_defines.h:47:31: note: expanded from macro '__gm__'
/home/data4t2/lelinfeng/phase4-workspaces/DTYPE-SPECIAL-X/V001/src/support/unified_runner.asc:353:17: warning: 'cce_global' attribute ignored when parsing type [-Wignored-attributes]
/usr/local/Ascend/ascend-toolkit/8.5.0.alpha002/compiler/tikcpp/tikcfw/impl/utils/kernel_utils_macros.h:18:17: note: expanded from macro 'GM_ADDR'
/usr/local/Ascend/ascend-toolkit/8.5.0.alpha002/aarch64-linux/ccec_compiler/lib/clang/15.0.5/include/__clang_cce_defines.h:47:31: note: expanded from macro '__gm__'
/home/data4t2/lelinfeng/phase4-workspaces/DTYPE-SPECIAL-X/V001/src/support/unified_runner.asc:354:17: warning: 'cce_global' attribute ignored when parsing type [-Wignored-attributes]
/usr/local/Ascend/ascend-toolkit/8.5.0.alpha002/compiler/tikcpp/tikcfw/impl/utils/kernel_utils_macros.h:18:17: note: expanded from macro 'GM_ADDR'
/usr/local/Ascend/ascend-toolkit/8.5.0.alpha002/aarch64-linux/ccec_compiler/lib/clang/15.0.5/include/__clang_cce_defines.h:47:31: note: expanded from macro '__gm__'
/home/data4t2/lelinfeng/phase4-workspaces/DTYPE-SPECIAL-X/V001/src/support/unified_runner.asc:355:17: warning: 'cce_global' attribute ignored when parsing type [-Wignored-attributes]
/usr/local/Ascend/ascend-toolkit/8.5.0.alpha002/compiler/tikcpp/tikcfw/impl/utils/kernel_utils_macros.h:18:17: note: expanded from macro 'GM_ADDR'
/usr/local/Ascend/ascend-toolkit/8.5.0.alpha002/aarch64-linux/ccec_compiler/lib/clang/15.0.5/include/__clang_cce_defines.h:47:31: note: expanded from macro '__gm__'
5 warnings generated.
Warning: please refer to the above warning message. 
Warning: please refer to the above warning message. 
Warning: please refer to the above warning message. 
Warning: please refer to the above warning message. 
Warning: please refer to the above warning message. 
Warning: please refer to the above warning message. 
Warning: please refer to the above warning message. 
Warning: please refer to the above warning message. 
Warning: please refer to the above warning message. 
Warning: please refer to the above warning message. 
Warning: please refer to the above warning message. 
Warning: please refer to the above warning message. 
Warning: please refer to the above warning message. 
Warning: please refer to the above warning message. 
Warning: please refer to the above warning message. 
[100%] Linking ASC executable dtype_special_x_v001_unified_runner
/usr/bin/cmake -E cmake_link_script CMakeFiles/dtype_special_x_v001_unified_runner.dir/link.txt --verbose=1
/usr/local/Ascend/ascend-toolkit/8.5.0.alpha002/compiler/ccec_compiler/bin/bisheng CMakeFiles/dtype_special_x_v001_unified_runner.dir/support/unified_runner.asc.o -o dtype_special_x_v001_unified_runner   -L/usr/lib/gcc/aarch64-linux-gnu/11  -L/usr/local/Ascend/ascend-toolkit/8.5.0.alpha002/lib64  -L/usr/local/Ascend/ascend-toolkit/8.5.0.alpha002/aarch64-linux/lib64  -Wl,-rpath,/usr/lib/gcc/aarch64-linux-gnu/11 -Wl,-rpath,/usr/local/Ascend/ascend-toolkit/8.5.0.alpha002/lib64 -Wl,-rpath,/usr/local/Ascend/ascend-toolkit/8.5.0.alpha002/aarch64-linux/lib64 -lascendcl -ltiling_api -lregister -lplatform -lunified_dlog -ldl -lm -lgraph_base 
gmake[3]: Leaving directory '/home/data4t2/lelinfeng/phase4-workspaces/DTYPE-SPECIAL-X/V001/build'
[100%] Built target dtype_special_x_v001_unified_runner
gmake[2]: Leaving directory '/home/data4t2/lelinfeng/phase4-workspaces/DTYPE-SPECIAL-X/V001/build'
/usr/bin/cmake -E cmake_progress_start /home/data4t2/lelinfeng/phase4-workspaces/DTYPE-SPECIAL-X/V001/build/CMakeFiles 0
gmake[1]: Leaving directory '/home/data4t2/lelinfeng/phase4-workspaces/DTYPE-SPECIAL-X/V001/build'
/usr/bin/gmake  -f CMakeFiles/Makefile2 dtype_special_x_v001_qualification_validation_test
gmake[1]: Entering directory '/home/data4t2/lelinfeng/phase4-workspaces/DTYPE-SPECIAL-X/V001/build'
/usr/bin/cmake -S/home/data4t2/lelinfeng/phase4-workspaces/DTYPE-SPECIAL-X/V001/src -B/home/data4t2/lelinfeng/phase4-workspaces/DTYPE-SPECIAL-X/V001/build --check-build-system CMakeFiles/Makefile.cmake 0
/usr/bin/cmake -E cmake_progress_start /home/data4t2/lelinfeng/phase4-workspaces/DTYPE-SPECIAL-X/V001/build/CMakeFiles 2
/usr/bin/gmake  -f CMakeFiles/Makefile2 CMakeFiles/dtype_special_x_v001_qualification_validation_test.dir/all
gmake[2]: Entering directory '/home/data4t2/lelinfeng/phase4-workspaces/DTYPE-SPECIAL-X/V001/build'
/usr/bin/gmake  -f CMakeFiles/dtype_special_x_v001_qualification_validation_test.dir/build.make CMakeFiles/dtype_special_x_v001_qualification_validation_test.dir/depend
gmake[3]: Entering directory '/home/data4t2/lelinfeng/phase4-workspaces/DTYPE-SPECIAL-X/V001/build'
cd /home/data4t2/lelinfeng/phase4-workspaces/DTYPE-SPECIAL-X/V001/build && /usr/bin/cmake -E cmake_depends "Unix Makefiles" /home/data4t2/lelinfeng/phase4-workspaces/DTYPE-SPECIAL-X/V001/src /home/data4t2/lelinfeng/phase4-workspaces/DTYPE-SPECIAL-X/V001/src /home/data4t2/lelinfeng/phase4-workspaces/DTYPE-SPECIAL-X/V001/build /home/data4t2/lelinfeng/phase4-workspaces/DTYPE-SPECIAL-X/V001/build /home/data4t2/lelinfeng/phase4-workspaces/DTYPE-SPECIAL-X/V001/build/CMakeFiles/dtype_special_x_v001_qualification_validation_test.dir/DependInfo.cmake --color=
gmake[3]: Leaving directory '/home/data4t2/lelinfeng/phase4-workspaces/DTYPE-SPECIAL-X/V001/build'
/usr/bin/gmake  -f CMakeFiles/dtype_special_x_v001_qualification_validation_test.dir/build.make CMakeFiles/dtype_special_x_v001_qualification_validation_test.dir/build
gmake[3]: Entering directory '/home/data4t2/lelinfeng/phase4-workspaces/DTYPE-SPECIAL-X/V001/build'
[ 50%] Building CXX object CMakeFiles/dtype_special_x_v001_qualification_validation_test.dir/support/qualification_validation_test.cpp.o
/usr/local/Ascend/ascend-toolkit/8.5.0.alpha002/aarch64-linux/ccec_compiler/bin/bisheng   -std=gnu++17 -MD -MT CMakeFiles/dtype_special_x_v001_qualification_validation_test.dir/support/qualification_validation_test.cpp.o -MF CMakeFiles/dtype_special_x_v001_qualification_validation_test.dir/support/qualification_validation_test.cpp.o.d -o CMakeFiles/dtype_special_x_v001_qualification_validation_test.dir/support/qualification_validation_test.cpp.o -c /home/data4t2/lelinfeng/phase4-workspaces/DTYPE-SPECIAL-X/V001/src/support/qualification_validation_test.cpp
[100%] Linking CXX executable dtype_special_x_v001_qualification_validation_test
/usr/bin/cmake -E cmake_link_script CMakeFiles/dtype_special_x_v001_qualification_validation_test.dir/link.txt --verbose=1
/usr/local/Ascend/ascend-toolkit/8.5.0.alpha002/aarch64-linux/ccec_compiler/bin/bisheng CMakeFiles/dtype_special_x_v001_qualification_validation_test.dir/support/qualification_validation_test.cpp.o -o dtype_special_x_v001_qualification_validation_test   -L/usr/lib/gcc/aarch64-linux-gnu/11 
ld.lld: error: undefined symbol: std::allocator<char>::allocator()
>>> referenced by qualification_validation_test.cpp
>>>               CMakeFiles/dtype_special_x_v001_qualification_validation_test.dir/support/qualification_validation_test.cpp.o:(main)
>>> referenced by qualification_validation_test.cpp
>>>               CMakeFiles/dtype_special_x_v001_qualification_validation_test.dir/support/qualification_validation_test.cpp.o:(main)
>>> referenced by qualification_validation_test.cpp
>>>               CMakeFiles/dtype_special_x_v001_qualification_validation_test.dir/support/qualification_validation_test.cpp.o:(main)
>>> referenced 30 more times

ld.lld: error: undefined symbol: std::__cxx11::basic_string<char, std::char_traits<char>, std::allocator<char>>::~basic_string()
>>> referenced by qualification_validation_test.cpp
>>>               CMakeFiles/dtype_special_x_v001_qualification_validation_test.dir/support/qualification_validation_test.cpp.o:(main)
>>> referenced by qualification_validation_test.cpp
>>>               CMakeFiles/dtype_special_x_v001_qualification_validation_test.dir/support/qualification_validation_test.cpp.o:(main)
>>> referenced by qualification_validation_test.cpp
>>>               CMakeFiles/dtype_special_x_v001_qualification_validation_test.dir/support/qualification_validation_test.cpp.o:(main)
>>> referenced 47 more times

ld.lld: error: undefined symbol: std::allocator<char>::~allocator()
>>> referenced by qualification_validation_test.cpp
>>>               CMakeFiles/dtype_special_x_v001_qualification_validation_test.dir/support/qualification_validation_test.cpp.o:(main)
>>> referenced by qualification_validation_test.cpp
>>>               CMakeFiles/dtype_special_x_v001_qualification_validation_test.dir/support/qualification_validation_test.cpp.o:(main)
>>> referenced by qualification_validation_test.cpp
>>>               CMakeFiles/dtype_special_x_v001_qualification_validation_test.dir/support/qualification_validation_test.cpp.o:(main)
>>> referenced 63 more times

ld.lld: error: undefined symbol: std::__cxx11::basic_string<char, std::char_traits<char>, std::allocator<char>>::operator=(char const*)
>>> referenced by qualification_validation_test.cpp
>>>               CMakeFiles/dtype_special_x_v001_qualification_validation_test.dir/support/qualification_validation_test.cpp.o:(main)
>>> referenced by qualification_validation_test.cpp
>>>               CMakeFiles/dtype_special_x_v001_qualification_validation_test.dir/support/qualification_validation_test.cpp.o:(main)
>>> referenced by qualification_validation_test.cpp
>>>               CMakeFiles/dtype_special_x_v001_qualification_validation_test.dir/support/qualification_validation_test.cpp.o:(main)
>>> referenced 19 more times

ld.lld: error: undefined symbol: std::__cxx11::basic_string<char, std::char_traits<char>, std::allocator<char>>::c_str() const
>>> referenced by qualification_validation_test.cpp
>>>               CMakeFiles/dtype_special_x_v001_qualification_validation_test.dir/support/qualification_validation_test.cpp.o:(ExpectResult(char const*, dtype_special_x::QualificationRecord const&, dtype_special_x::QualificationExpectation const&, std::__cxx11::basic_string<char, std::char_traits<char>, std::allocator<char>> const&))
>>> referenced by qualification_validation_test.cpp
>>>               CMakeFiles/dtype_special_x_v001_qualification_validation_test.dir/support/qualification_validation_test.cpp.o:(ExpectResult(char const*, dtype_special_x::QualificationRecord const&, dtype_special_x::QualificationExpectation const&, std::__cxx11::basic_string<char, std::char_traits<char>, std::allocator<char>> const&))
>>> referenced by qualification_validation_test.cpp
>>>               CMakeFiles/dtype_special_x_v001_qualification_validation_test.dir/support/qualification_validation_test.cpp.o:(ExpectResult(char const*, dtype_special_x::QualificationRecord const&, dtype_special_x::QualificationExpectation const&, std::__cxx11::basic_string<char, std::char_traits<char>, std::allocator<char>> const&))

ld.lld: error: undefined symbol: std::__cxx11::basic_string<char, std::char_traits<char>, std::allocator<char>>::empty() const
>>> referenced by qualification_validation_test.cpp
>>>               CMakeFiles/dtype_special_x_v001_qualification_validation_test.dir/support/qualification_validation_test.cpp.o:(ExpectResult(char const*, dtype_special_x::QualificationRecord const&, dtype_special_x::QualificationExpectation const&, std::__cxx11::basic_string<char, std::char_traits<char>, std::allocator<char>> const&))

ld.lld: error: undefined symbol: std::__cxx11::basic_string<char, std::char_traits<char>, std::allocator<char>>::_M_local_data()
>>> referenced by qualification_validation_test.cpp
>>>               CMakeFiles/dtype_special_x_v001_qualification_validation_test.dir/support/qualification_validation_test.cpp.o:(std::__cxx11::basic_string<char, std::char_traits<char>, std::allocator<char>>::basic_string<std::allocator<char>>(char const*, std::allocator<char> const&))
>>> referenced by qualification_validation_test.cpp
>>>               CMakeFiles/dtype_special_x_v001_qualification_validation_test.dir/support/qualification_validation_test.cpp.o:(std::__cxx11::basic_string<char, std::char_traits<char>, std::allocator<char>>::basic_string<std::allocator<char>>(unsigned long, char, std::allocator<char> const&))

ld.lld: error: undefined symbol: std::__cxx11::basic_string<char, std::char_traits<char>, std::allocator<char>>::_Alloc_hider::_Alloc_hider(char*, std::allocator<char> const&)
>>> referenced by qualification_validation_test.cpp
>>>               CMakeFiles/dtype_special_x_v001_qualification_validation_test.dir/support/qualification_validation_test.cpp.o:(std::__cxx11::basic_string<char, std::char_traits<char>, std::allocator<char>>::basic_string<std::allocator<char>>(char const*, std::allocator<char> const&))
>>> referenced by qualification_validation_test.cpp
>>>               CMakeFiles/dtype_special_x_v001_qualification_validation_test.dir/support/qualification_validation_test.cpp.o:(std::__cxx11::basic_string<char, std::char_traits<char>, std::allocator<char>>::basic_string<std::allocator<char>>(unsigned long, char, std::allocator<char> const&))

ld.lld: error: undefined symbol: std::__cxx11::basic_string<char, std::char_traits<char>, std::allocator<char>>::operator=(std::__cxx11::basic_string<char, std::char_traits<char>, std::allocator<char>>&&)
>>> referenced by qualification_validation_test.cpp
>>>               CMakeFiles/dtype_special_x_v001_qualification_validation_test.dir/support/qualification_validation_test.cpp.o:(dtype_special_x::QualificationRecord::operator=(dtype_special_x::QualificationRecord&&))
>>> referenced by qualification_validation_test.cpp
>>>               CMakeFiles/dtype_special_x_v001_qualification_validation_test.dir/support/qualification_validation_test.cpp.o:(dtype_special_x::QualificationRecord::operator=(dtype_special_x::QualificationRecord&&))
>>> referenced by qualification_validation_test.cpp
>>>               CMakeFiles/dtype_special_x_v001_qualification_validation_test.dir/support/qualification_validation_test.cpp.o:(dtype_special_x::QualificationRecord::operator=(dtype_special_x::QualificationRecord&&))
>>> referenced 10 more times

ld.lld: error: undefined symbol: std::__cxx11::basic_string<char, std::char_traits<char>, std::allocator<char>>::basic_string()
>>> referenced by qualification_validation_test.cpp
>>>               CMakeFiles/dtype_special_x_v001_qualification_validation_test.dir/support/qualification_validation_test.cpp.o:(dtype_special_x::QualificationRecord::QualificationRecord())
>>> referenced by qualification_validation_test.cpp
>>>               CMakeFiles/dtype_special_x_v001_qualification_validation_test.dir/support/qualification_validation_test.cpp.o:(dtype_special_x::QualificationRecord::QualificationRecord())
>>> referenced by qualification_validation_test.cpp
>>>               CMakeFiles/dtype_special_x_v001_qualification_validation_test.dir/support/qualification_validation_test.cpp.o:(dtype_special_x::QualificationRecord::QualificationRecord())
>>> referenced 10 more times

ld.lld: error: undefined symbol: std::__cxx11::basic_string<char, std::char_traits<char>, std::allocator<char>>::operator[](unsigned long)
>>> referenced by qualification_validation_test.cpp
>>>               CMakeFiles/dtype_special_x_v001_qualification_validation_test.dir/support/qualification_validation_test.cpp.o:(std::__cxx11::to_string(int))

ld.lld: error: undefined symbol: std::__cxx11::basic_istringstream<char, std::char_traits<char>, std::allocator<char>>::basic_istringstream(std::__cxx11::basic_string<char, std::char_traits<char>, std::allocator<char>> const&, std::_Ios_Openmode)
>>> referenced by qualification_validation_test.cpp
>>>               CMakeFiles/dtype_special_x_v001_qualification_validation_test.dir/support/qualification_validation_test.cpp.o:(dtype_special_x::ParseQualificationUtc(std::__cxx11::basic_string<char, std::char_traits<char>, std::allocator<char>> const&, long*))

ld.lld: error: undefined symbol: std::basic_ios<char, std::char_traits<char>>::fail() const
>>> referenced by qualification_validation_test.cpp
>>>               CMakeFiles/dtype_special_x_v001_qualification_validation_test.dir/support/qualification_validation_test.cpp.o:(dtype_special_x::ParseQualificationUtc(std::__cxx11::basic_string<char, std::char_traits<char>, std::allocator<char>> const&, long*))

ld.lld: error: undefined symbol: std::istream::peek()
>>> referenced by qualification_validation_test.cpp
>>>               CMakeFiles/dtype_special_x_v001_qualification_validation_test.dir/support/qualification_validation_test.cpp.o:(dtype_special_x::ParseQualificationUtc(std::__cxx11::basic_string<char, std::char_traits<char>, std::allocator<char>> const&, long*))

ld.lld: error: undefined symbol: std::__cxx11::basic_istringstream<char, std::char_traits<char>, std::allocator<char>>::~basic_istringstream()
>>> referenced by qualification_validation_test.cpp
>>>               CMakeFiles/dtype_special_x_v001_qualification_validation_test.dir/support/qualification_validation_test.cpp.o:(dtype_special_x::ParseQualificationUtc(std::__cxx11::basic_string<char, std::char_traits<char>, std::allocator<char>> const&, long*))
>>> referenced by qualification_validation_test.cpp
>>>               CMakeFiles/dtype_special_x_v001_qualification_validation_test.dir/support/qualification_validation_test.cpp.o:(dtype_special_x::ParseQualificationUtc(std::__cxx11::basic_string<char, std::char_traits<char>, std::allocator<char>> const&, long*))

ld.lld: error: undefined symbol: std::__cxx11::basic_string<char, std::char_traits<char>, std::allocator<char>>::compare(char const*) const
>>> referenced by qualification_validation_test.cpp
>>>               CMakeFiles/dtype_special_x_v001_qualification_validation_test.dir/support/qualification_validation_test.cpp.o:(bool std::operator==<char, std::char_traits<char>, std::allocator<char>>(std::__cxx11::basic_string<char, std::char_traits<char>, std::allocator<char>> const&, char const*))

ld.lld: error: undefined symbol: std::__cxx11::basic_string<char, std::char_traits<char>, std::allocator<char>>::_M_construct(unsigned long, char)
>>> referenced by qualification_validation_test.cpp
>>>               CMakeFiles/dtype_special_x_v001_qualification_validation_test.dir/support/qualification_validation_test.cpp.o:(std::__cxx11::basic_string<char, std::char_traits<char>, std::allocator<char>>::basic_string<std::allocator<char>>(unsigned long, char, std::allocator<char> const&))

ld.lld: error: undefined symbol: std::allocator<char>::~allocator()
>>> referenced by qualification_validation_test.cpp
>>>               CMakeFiles/dtype_special_x_v001_qualification_validation_test.dir/support/qualification_validation_test.cpp.o:(std::__cxx11::basic_string<char, std::char_traits<char>, std::allocator<char>>::_Alloc_hider::~_Alloc_hider())

ld.lld: error: undefined symbol: std::istream::sentry::sentry(std::istream&, bool)
>>> referenced by qualification_validation_test.cpp
>>>               CMakeFiles/dtype_special_x_v001_qualification_validation_test.dir/support/qualification_validation_test.cpp.o:(std::basic_istream<char, std::char_traits<char>>& std::operator>><char, std::char_traits<char>>(std::basic_istream<char, std::char_traits<char>>&, std::_Get_time<char>))

ld.lld: error: undefined symbol: std::istream::sentry::operator bool() const
>>> referenced by qualification_validation_test.cpp
>>>               CMakeFiles/dtype_special_x_v001_qualification_validation_test.dir/support/qualification_validation_test.cpp.o:(std::basic_istream<char, std::char_traits<char>>& std::operator>><char, std::char_traits<char>>(std::basic_istream<char, std::char_traits<char>>&, std::_Get_time<char>))

ld.lld: error: too many errors emitted, stopping now (use --error-limit=0 to see all errors)
cceld: Linker ReturnCode: 1
cceld: ExecutionFailed: 0
cceld: ErrMsg: 
bisheng: error: linker command failed with exit code 1 (use -v to see invocation)
gmake[3]: *** [CMakeFiles/dtype_special_x_v001_qualification_validation_test.dir/build.make:97: dtype_special_x_v001_qualification_validation_test] Error 1
gmake[3]: Leaving directory '/home/data4t2/lelinfeng/phase4-workspaces/DTYPE-SPECIAL-X/V001/build'
gmake[2]: *** [CMakeFiles/Makefile2:195: CMakeFiles/dtype_special_x_v001_qualification_validation_test.dir/all] Error 2
gmake[2]: Leaving directory '/home/data4t2/lelinfeng/phase4-workspaces/DTYPE-SPECIAL-X/V001/build'
gmake[1]: *** [CMakeFiles/Makefile2:202: CMakeFiles/dtype_special_x_v001_qualification_validation_test.dir/rule] Error 2
gmake[1]: Leaving directory '/home/data4t2/lelinfeng/phase4-workspaces/DTYPE-SPECIAL-X/V001/build'
gmake: *** [Makefile:176: dtype_special_x_v001_qualification_validation_test] Error 2
