+------------------------------------------------------------------------------------------------+
| npu-smi 25.0.rc1.1               Version: 25.0.rc1.1                                           |
+---------------------------+---------------+----------------------------------------------------+
| NPU   Name                | Health        | Power(W)    Temp(C)           Hugepages-Usage(page)|
| Chip                      | Bus-Id        | AICore(%)   Memory-Usage(MB)  HBM-Usage(MB)        |
+===========================+===============+====================================================+
| 0     910B3               | OK            | 120.9       37                0    / 0             |
| 0                         | 0000:C1:00.0  | 9           0    / 0          12368/ 65536         |
+===========================+===============+====================================================+
| 1     910B3               | OK            | 110.5       37                0    / 0             |
| 0                         | 0000:C2:00.0  | 1           0    / 0          13351/ 65536         |
+===========================+===============+====================================================+
| 2     910B3               | OK            | 97.9        37                0    / 0             |
| 0                         | 0000:81:00.0  | 1           0    / 0          6432 / 65536         |
+===========================+===============+====================================================+
| 3     910B3               | OK            | 138.2       37                0    / 0             |
| 0                         | 0000:82:00.0  | 13          0    / 0          9131 / 65536         |
+===========================+===============+====================================================+
| 4     910B3               | OK            | 208.8       59                0    / 0             |
| 0                         | 0000:01:00.0  | 63          0    / 0          59194/ 65536         |
+===========================+===============+====================================================+
| 5     910B3               | OK            | 170.5       54                0    / 0             |
| 0                         | 0000:02:00.0  | 44          0    / 0          60222/ 65536         |
+===========================+===============+====================================================+
| 6     910B3               | OK            | 173.9       51                0    / 0             |
| 0                         | 0000:41:00.0  | 44          0    / 0          60222/ 65536         |
+===========================+===============+====================================================+
| 7     910B3               | OK            | 171.2       50                0    / 0             |
| 0                         | 0000:42:00.0  | 0           0    / 0          28832/ 65536         |
+===========================+===============+====================================================+
+---------------------------+---------------+----------------------------------------------------+
| NPU     Chip              | Process id    | Process name             | Process memory(MB)      |
+===========================+===============+====================================================+
| 0       0                 | 3167028       | python                   | 8988                    |
+===========================+===============+====================================================+
| 1       0                 | 3150467       | python                   | 5748                    |
| 1       0                 | 2532303       | python                   | 4224                    |
+===========================+===============+====================================================+
| 2       0                 | 2532306       | python                   | 3064                    |
+===========================+===============+====================================================+
| 3       0                 | 2532307       | python                   | 5758                    |
+===========================+===============+====================================================+
| 4       0                 | 2999855       | VLLMEngineCor            | 55666                   |
+===========================+===============+====================================================+
| 5       0                 | 89602         | VLLMWorker_TP            | 56700                   |
+===========================+===============+====================================================+
| 6       0                 | 91228         | VLLMWorker_TP            | 56701                   |
+===========================+===============+====================================================+
| 7       0                 | 439848        | python3                  | 21260                   |
| 7       0                 | 2532308       | python                   | 4094                    |
+===========================+===============+====================================================+
