LOCAL_SAMPLE case=fp16-128x128 pair=01 order=P,C parent_device_us=22.1000 candidate_device_us=24.5000 parent_gelem_s=0.741357 candidate_gelem_s=0.668735 parent_wall_us=104.8410 candidate_wall_us=85.5100 paired_delta_us=2.4000
LOCAL_SAMPLE case=fp16-128x128 pair=02 order=C,P parent_device_us=17.2200 candidate_device_us=28.2800 parent_gelem_s=0.951452 candidate_gelem_s=0.579349 parent_wall_us=90.7210 candidate_wall_us=77.8000 paired_delta_us=11.0600
LOCAL_SAMPLE case=fp16-128x128 pair=03 order=P,C parent_device_us=11.3600 candidate_device_us=16.6800 parent_gelem_s=1.442254 candidate_gelem_s=0.982254 parent_wall_us=77.4910 candidate_wall_us=72.3600 paired_delta_us=5.3200
LOCAL_SAMPLE case=fp16-128x128 pair=04 order=C,P parent_device_us=12.6000 candidate_device_us=16.0800 parent_gelem_s=1.300317 candidate_gelem_s=1.018906 parent_wall_us=73.4100 candidate_wall_us=72.6410 paired_delta_us=3.4800
LOCAL_SAMPLE case=fp16-128x128 pair=05 order=P,C parent_device_us=21.5800 candidate_device_us=7.0200 parent_gelem_s=0.759222 candidate_gelem_s=2.333903 parent_wall_us=82.9900 candidate_wall_us=77.8110 paired_delta_us=-14.5600
LOCAL_SAMPLE case=fp16-128x128 pair=06 order=C,P parent_device_us=16.4000 candidate_device_us=6.0200 parent_gelem_s=0.999024 candidate_gelem_s=2.721595 parent_wall_us=82.9510 candidate_wall_us=64.1100 paired_delta_us=-10.3800
LOCAL_SAMPLE case=fp16-128x128 pair=07 order=P,C parent_device_us=23.0000 candidate_device_us=6.4200 parent_gelem_s=0.712348 candidate_gelem_s=2.552025 parent_wall_us=84.5710 candidate_wall_us=79.7700 paired_delta_us=-16.5800
LOCAL_SAMPLE case=fp16-128x128 pair=08 order=C,P parent_device_us=9.6000 candidate_device_us=19.8000 parent_gelem_s=1.706667 candidate_gelem_s=0.827475 parent_wall_us=72.8410 candidate_wall_us=73.1810 paired_delta_us=10.2000
LOCAL_SAMPLE case=fp16-128x128 pair=09 order=P,C parent_device_us=8.6000 candidate_device_us=8.6200 parent_gelem_s=1.905116 candidate_gelem_s=1.900696 parent_wall_us=62.8300 candidate_wall_us=71.6610 paired_delta_us=0.0200
LOCAL_SAMPLE case=fp16-128x128 pair=10 order=C,P parent_device_us=9.4000 candidate_device_us=10.5800 parent_gelem_s=1.742979 candidate_gelem_s=1.548582 parent_wall_us=72.4510 candidate_wall_us=61.3600 paired_delta_us=1.1800
LOCAL_SAMPLE case=fp16-128x128 pair=11 order=P,C parent_device_us=18.7400 candidate_device_us=8.7600 parent_gelem_s=0.874280 candidate_gelem_s=1.870320 parent_wall_us=70.4700 candidate_wall_us=69.4310 paired_delta_us=-9.9800
LOCAL_SAMPLE case=fp16-128x128 pair=12 order=C,P parent_device_us=15.0600 candidate_device_us=8.2400 parent_gelem_s=1.087915 candidate_gelem_s=1.988349 parent_wall_us=72.0800 candidate_wall_us=71.8610 paired_delta_us=-6.8200
LOCAL_SAMPLE case=fp16-128x128 pair=13 order=P,C parent_device_us=16.8800 candidate_device_us=11.5400 parent_gelem_s=0.970616 candidate_gelem_s=1.419757 parent_wall_us=71.8810 candidate_wall_us=70.6500 paired_delta_us=-5.3400
LOCAL_SAMPLE case=fp16-128x128 pair=14 order=C,P parent_device_us=8.2200 candidate_device_us=5.9600 parent_gelem_s=1.993187 candidate_gelem_s=2.748993 parent_wall_us=71.1000 candidate_wall_us=74.3310 paired_delta_us=-2.2600
LOCAL_SAMPLE case=fp16-128x128 pair=15 order=P,C parent_device_us=15.1200 candidate_device_us=17.6400 parent_gelem_s=1.083598 candidate_gelem_s=0.928798 parent_wall_us=71.3000 candidate_wall_us=73.3110 paired_delta_us=2.5200
LOCAL_SAMPLE case=fp16-128x128 pair=16 order=C,P parent_device_us=8.8400 candidate_device_us=17.3800 parent_gelem_s=1.853394 candidate_gelem_s=0.942693 parent_wall_us=74.4010 candidate_wall_us=83.0600 paired_delta_us=8.5400
LOCAL_SAMPLE case=fp16-128x128 pair=17 order=P,C parent_device_us=20.8800 candidate_device_us=16.1000 parent_gelem_s=0.784674 candidate_gelem_s=1.017640 parent_wall_us=72.0910 candidate_wall_us=70.8100 paired_delta_us=-4.7800
LOCAL_SAMPLE case=fp16-128x128 pair=18 order=C,P parent_device_us=18.7200 candidate_device_us=16.5800 parent_gelem_s=0.875214 candidate_gelem_s=0.988178 parent_wall_us=70.4300 candidate_wall_us=71.0010 paired_delta_us=-2.1400
LOCAL_SAMPLE case=fp16-128x128 pair=19 order=P,C parent_device_us=20.2200 candidate_device_us=16.0800 parent_gelem_s=0.810287 candidate_gelem_s=1.018906 parent_wall_us=71.1910 candidate_wall_us=69.5600 paired_delta_us=-4.1400
LOCAL_SAMPLE case=fp16-128x128 pair=20 order=C,P parent_device_us=17.3200 candidate_device_us=15.2800 parent_gelem_s=0.945958 candidate_gelem_s=1.072251 parent_wall_us=75.7910 candidate_wall_us=73.3900 paired_delta_us=-2.0400
LOCAL_SAMPLE case=fp16-128x128 pair=21 order=P,C parent_device_us=25.5200 candidate_device_us=19.5000 parent_gelem_s=0.642006 candidate_gelem_s=0.840205 parent_wall_us=83.0800 candidate_wall_us=68.9700 paired_delta_us=-6.0200
LOCAL_SAMPLE case=fp16-128x128 pair=22 order=C,P parent_device_us=19.6400 candidate_device_us=6.3200 parent_gelem_s=0.834216 candidate_gelem_s=2.592405 parent_wall_us=71.6900 candidate_wall_us=91.7410 paired_delta_us=-13.3200
LOCAL_SAMPLE case=fp16-128x128 pair=23 order=P,C parent_device_us=14.8200 candidate_device_us=6.4000 parent_gelem_s=1.105533 candidate_gelem_s=2.560000 parent_wall_us=71.8500 candidate_wall_us=70.6010 paired_delta_us=-8.4200
LOCAL_SAMPLE case=fp16-128x128 pair=24 order=C,P parent_device_us=8.2200 candidate_device_us=6.6600 parent_gelem_s=1.993187 candidate_gelem_s=2.460060 parent_wall_us=86.6910 candidate_wall_us=76.3500 paired_delta_us=-1.5600
LOCAL_SAMPLE case=fp16-128x128 pair=25 order=P,C parent_device_us=15.0400 candidate_device_us=6.4000 parent_gelem_s=1.089362 candidate_gelem_s=2.560000 parent_wall_us=71.4010 candidate_wall_us=72.0400 paired_delta_us=-8.6400
LOCAL_SAMPLE case=fp16-128x128 pair=26 order=C,P parent_device_us=6.6400 candidate_device_us=15.9800 parent_gelem_s=2.467470 candidate_gelem_s=1.025282 parent_wall_us=72.2900 candidate_wall_us=69.6710 paired_delta_us=9.3400
LOCAL_SAMPLE case=fp16-128x128 pair=27 order=P,C parent_device_us=17.0400 candidate_device_us=22.8000 parent_gelem_s=0.961502 candidate_gelem_s=0.718596 parent_wall_us=69.7410 candidate_wall_us=70.3810 paired_delta_us=5.7600
LOCAL_SAMPLE case=fp16-128x128 pair=28 order=C,P parent_device_us=23.1000 candidate_device_us=17.8000 parent_gelem_s=0.709264 candidate_gelem_s=0.920449 parent_wall_us=72.4610 candidate_wall_us=68.4000 paired_delta_us=-5.3000
LOCAL_SAMPLE case=fp16-128x128 pair=29 order=P,C parent_device_us=6.7400 candidate_device_us=7.3400 parent_gelem_s=2.430860 candidate_gelem_s=2.232153 parent_wall_us=73.7900 candidate_wall_us=70.8310 paired_delta_us=0.6000
LOCAL_SAMPLE case=fp16-128x128 pair=30 order=C,P parent_device_us=22.7000 candidate_device_us=17.3200 parent_gelem_s=0.721762 candidate_gelem_s=0.945958 parent_wall_us=80.9400 candidate_wall_us=69.9600 paired_delta_us=-5.3800
LOCAL_SAMPLE case=fp16-128x128 pair=31 order=P,C parent_device_us=20.2600 candidate_device_us=17.2400 parent_gelem_s=0.808687 candidate_gelem_s=0.950348 parent_wall_us=71.6910 candidate_wall_us=71.1000 paired_delta_us=-3.0200
LOCAL_STATS case=fp16-128x128 metric=device_us binary=PARENT_R31B_V011 n=31 median=16.8800 mean=15.8574 stdev=5.5312 cv=0.34881 min=6.6400 max=25.5200 mad=4.2800 p10=8.2200 p90=22.7000
LOCAL_STATS case=fp16-128x128 metric=device_us binary=CANDIDATE_V057 n=31 median=15.9800 mean=13.5910 stdev=6.2128 cv=0.45713 min=5.9600 max=28.2800 mad=5.4000 p10=6.4000 p90=19.8000
LOCAL_STATS case=fp16-128x128 metric=wall_us binary=PARENT_R31B_V011 n=31 median=72.4510 mean=75.8535 stdev=8.0399 cv=0.10599 min=62.8300 max=104.8410 mad=1.3510 p10=70.4700 p90=84.5710
LOCAL_STATS case=fp16-128x128 metric=wall_us binary=CANDIDATE_V057 n=31 median=71.6610 mean=73.0211 stdev=5.9184 cv=0.08105 min=61.3600 max=91.7410 mad=1.7290 p10=68.9700 p90=79.7700
LOCAL_STATS case=fp16-128x128 metric=gelem_s binary=PARENT_R31B_V011 n=31 median=0.9706 mean=1.2033 stdev=0.5321 cv=0.44217 min=0.6420 max=2.4675 mad=0.2114 p10=0.7218 p90=1.9932
LOCAL_STATS case=fp16-128x128 metric=gelem_s binary=CANDIDATE_V057 n=31 median=1.0253 mean=1.5140 stdev=0.7426 cv=0.49049 min=0.5793 max=2.7490 mad=0.3565 p10=0.8275 p90=2.5600
LOCAL_STATS case=fp16-128x128 metric=paired_delta_us binary=CANDIDATE_MINUS_PARENT n=31 median=-2.2600 mean=-2.2665 stdev=7.2241 cv=-3.18742 min=-16.5800 max=11.0600 mad=4.6600 p10=-10.3800 p90=8.5400
LOCAL_RESULT route=SYNC-BARRIER-ELISION-X revision=V057 device=3 shape=128x128 dtype=fp16 samples=31 parent_median_us=16.8800 candidate_median_us=15.9800 parent_median_gelem_s=0.970616 candidate_median_gelem_s=1.025282 local_delta_us=-2.2600 local_score_percent=13.388625 candidate_minus_parent_percent=-13.388625
