LOCAL_SAMPLE case=fp16-128x128 pair=01 order=P,C parent_device_us=18.4000 candidate_device_us=33.6200 parent_gelem_s=0.890435 candidate_gelem_s=0.487329 parent_wall_us=103.2810 candidate_wall_us=85.1110 paired_delta_us=15.2200
LOCAL_SAMPLE case=fp16-128x128 pair=02 order=C,P parent_device_us=150.7400 candidate_device_us=8.6200 parent_gelem_s=0.108690 candidate_gelem_s=1.900696 parent_wall_us=207.1710 candidate_wall_us=96.7210 paired_delta_us=-142.1200
LOCAL_SAMPLE case=fp16-128x128 pair=03 order=P,C parent_device_us=22.2000 candidate_device_us=7.9400 parent_gelem_s=0.738018 candidate_gelem_s=2.063476 parent_wall_us=80.4010 candidate_wall_us=74.3800 paired_delta_us=-14.2600
LOCAL_SAMPLE case=fp16-128x128 pair=04 order=C,P parent_device_us=8.6600 candidate_device_us=8.3200 parent_gelem_s=1.891917 candidate_gelem_s=1.969231 parent_wall_us=81.5110 candidate_wall_us=73.9700 paired_delta_us=-0.3400
LOCAL_SAMPLE case=fp16-128x128 pair=05 order=P,C parent_device_us=7.9200 candidate_device_us=8.2600 parent_gelem_s=2.068687 candidate_gelem_s=1.983535 parent_wall_us=80.0700 candidate_wall_us=72.7810 paired_delta_us=0.3400
LOCAL_SAMPLE case=fp16-128x128 pair=06 order=C,P parent_device_us=22.2200 candidate_device_us=17.6000 parent_gelem_s=0.737354 candidate_gelem_s=0.930909 parent_wall_us=71.2000 candidate_wall_us=71.1210 paired_delta_us=-4.6200
LOCAL_SAMPLE case=fp16-128x128 pair=07 order=P,C parent_device_us=8.2000 candidate_device_us=11.3800 parent_gelem_s=1.998049 candidate_gelem_s=1.439719 parent_wall_us=72.9110 candidate_wall_us=74.7010 paired_delta_us=3.1800
LOCAL_SAMPLE case=fp16-128x128 pair=08 order=C,P parent_device_us=17.6400 candidate_device_us=16.7000 parent_gelem_s=0.928798 candidate_gelem_s=0.981078 parent_wall_us=70.1210 candidate_wall_us=71.8600 paired_delta_us=-0.9400
LOCAL_SAMPLE case=fp16-128x128 pair=09 order=P,C parent_device_us=18.7800 candidate_device_us=23.2400 parent_gelem_s=0.872417 candidate_gelem_s=0.704991 parent_wall_us=71.9200 candidate_wall_us=86.6010 paired_delta_us=4.4600
LOCAL_SAMPLE case=fp16-128x128 pair=10 order=C,P parent_device_us=9.0000 candidate_device_us=23.5600 parent_gelem_s=1.820445 candidate_gelem_s=0.695416 parent_wall_us=72.3500 candidate_wall_us=71.5210 paired_delta_us=14.5600
LOCAL_SAMPLE case=fp16-128x128 pair=11 order=P,C parent_device_us=20.8000 candidate_device_us=15.3000 parent_gelem_s=0.787692 candidate_gelem_s=1.070850 parent_wall_us=70.8810 candidate_wall_us=70.1900 paired_delta_us=-5.5000
LOCAL_SAMPLE case=fp16-128x128 pair=12 order=C,P parent_device_us=15.3000 candidate_device_us=17.6800 parent_gelem_s=1.070850 candidate_gelem_s=0.926697 parent_wall_us=71.0810 candidate_wall_us=71.2210 paired_delta_us=2.3800
LOCAL_SAMPLE case=fp16-128x128 pair=13 order=P,C parent_device_us=14.5000 candidate_device_us=12.8200 parent_gelem_s=1.129931 candidate_gelem_s=1.278003 parent_wall_us=71.7000 candidate_wall_us=71.0110 paired_delta_us=-1.6800
LOCAL_SAMPLE case=fp16-128x128 pair=14 order=C,P parent_device_us=7.7800 candidate_device_us=6.9800 parent_gelem_s=2.105913 candidate_gelem_s=2.347278 parent_wall_us=70.0710 candidate_wall_us=72.0800 paired_delta_us=-0.8000
LOCAL_SAMPLE case=fp16-128x128 pair=15 order=P,C parent_device_us=19.4400 candidate_device_us=7.6200 parent_gelem_s=0.842798 candidate_gelem_s=2.150131 parent_wall_us=70.9600 candidate_wall_us=71.5300 paired_delta_us=-11.8200
LOCAL_SAMPLE case=fp16-128x128 pair=16 order=C,P parent_device_us=21.5800 candidate_device_us=9.5800 parent_gelem_s=0.759222 candidate_gelem_s=1.710230 parent_wall_us=70.0000 candidate_wall_us=71.3910 paired_delta_us=-12.0000
LOCAL_SAMPLE case=fp16-128x128 pair=17 order=P,C parent_device_us=7.2600 candidate_device_us=7.7800 parent_gelem_s=2.256749 candidate_gelem_s=2.105913 parent_wall_us=74.5010 candidate_wall_us=82.8000 paired_delta_us=0.5200
LOCAL_SAMPLE case=fp16-128x128 pair=18 order=C,P parent_device_us=17.0000 candidate_device_us=13.9600 parent_gelem_s=0.963765 candidate_gelem_s=1.173639 parent_wall_us=72.9910 candidate_wall_us=72.4800 paired_delta_us=-3.0400
LOCAL_SAMPLE case=fp16-128x128 pair=19 order=P,C parent_device_us=16.6400 candidate_device_us=11.3200 parent_gelem_s=0.984615 candidate_gelem_s=1.447350 parent_wall_us=72.0500 candidate_wall_us=70.7610 paired_delta_us=-5.3200
LOCAL_SAMPLE case=fp16-128x128 pair=20 order=C,P parent_device_us=20.4400 candidate_device_us=6.4200 parent_gelem_s=0.801566 candidate_gelem_s=2.552025 parent_wall_us=74.7600 candidate_wall_us=83.4810 paired_delta_us=-14.0200
LOCAL_SAMPLE case=fp16-128x128 pair=21 order=P,C parent_device_us=43.7800 candidate_device_us=33.8400 parent_gelem_s=0.374235 candidate_gelem_s=0.484161 parent_wall_us=107.9810 candidate_wall_us=85.9210 paired_delta_us=-9.9400
LOCAL_SAMPLE case=fp16-128x128 pair=22 order=C,P parent_device_us=16.9000 candidate_device_us=16.8400 parent_gelem_s=0.969467 candidate_gelem_s=0.972922 parent_wall_us=71.8910 candidate_wall_us=70.7500 paired_delta_us=-0.0600
LOCAL_SAMPLE case=fp16-128x128 pair=23 order=P,C parent_device_us=18.2800 candidate_device_us=17.6200 parent_gelem_s=0.896280 candidate_gelem_s=0.929852 parent_wall_us=71.5610 candidate_wall_us=70.6600 paired_delta_us=-0.6600
LOCAL_SAMPLE case=fp16-128x128 pair=24 order=C,P parent_device_us=14.9200 candidate_device_us=12.8600 parent_gelem_s=1.098123 candidate_gelem_s=1.274028 parent_wall_us=70.5600 candidate_wall_us=72.2010 paired_delta_us=-2.0600
LOCAL_SAMPLE case=fp16-128x128 pair=25 order=P,C parent_device_us=61.6200 candidate_device_us=18.7600 parent_gelem_s=0.265888 candidate_gelem_s=0.873348 parent_wall_us=115.2210 candidate_wall_us=76.7010 paired_delta_us=-42.8600
LOCAL_SAMPLE case=fp16-128x128 pair=26 order=C,P parent_device_us=18.6000 candidate_device_us=19.9400 parent_gelem_s=0.880860 candidate_gelem_s=0.821665 parent_wall_us=76.2010 candidate_wall_us=72.3600 paired_delta_us=1.3400
LOCAL_SAMPLE case=fp16-128x128 pair=27 order=P,C parent_device_us=20.8600 candidate_device_us=7.9200 parent_gelem_s=0.785427 candidate_gelem_s=2.068687 parent_wall_us=74.5410 candidate_wall_us=73.9900 paired_delta_us=-12.9400
LOCAL_SAMPLE case=fp16-128x128 pair=28 order=C,P parent_device_us=20.3600 candidate_device_us=18.0400 parent_gelem_s=0.804715 candidate_gelem_s=0.908204 parent_wall_us=83.6410 candidate_wall_us=76.5810 paired_delta_us=-2.3200
LOCAL_SAMPLE case=fp16-128x128 pair=29 order=P,C parent_device_us=7.2000 candidate_device_us=7.3200 parent_gelem_s=2.275556 candidate_gelem_s=2.238251 parent_wall_us=72.4200 candidate_wall_us=70.0810 paired_delta_us=0.1200
LOCAL_SAMPLE case=fp16-128x128 pair=30 order=C,P parent_device_us=7.2400 candidate_device_us=33.1000 parent_gelem_s=2.262983 candidate_gelem_s=0.494985 parent_wall_us=80.2700 candidate_wall_us=111.4810 paired_delta_us=25.8600
LOCAL_SAMPLE case=fp16-128x128 pair=31 order=P,C parent_device_us=7.6000 candidate_device_us=18.6200 parent_gelem_s=2.155789 candidate_gelem_s=0.879914 parent_wall_us=72.3110 candidate_wall_us=71.1500 paired_delta_us=11.0200
LOCAL_STATS case=fp16-128x128 metric=device_us binary=PARENT_R31B_V011 n=31 median=17.6400 mean=21.9955 stdev=26.2874 cv=1.19513 min=7.2000 max=150.7400 mad=3.2200 p10=7.6000 p90=22.2200
LOCAL_STATS case=fp16-128x128 metric=device_us binary=CANDIDATE_V057 n=31 median=13.9600 mean=15.2761 stdev=7.8672 cv=0.51500 min=6.4200 max=33.8400 mad=5.3400 p10=7.6200 p90=23.5600
LOCAL_STATS case=fp16-128x128 metric=wall_us binary=PARENT_R31B_V011 n=31 median=72.4200 mean=81.5009 stdev=25.8855 cv=0.31761 min=70.0000 max=207.1710 mad=2.0810 p10=70.5600 p90=103.2810
LOCAL_STATS case=fp16-128x128 metric=wall_us binary=CANDIDATE_V057 n=31 median=72.3600 mean=76.3738 stdev=9.1010 cv=0.11916 min=70.0810 max=111.4810 mad=1.6100 p10=70.7500 p90=85.9210
LOCAL_STATS case=fp16-128x128 metric=gelem_s binary=PARENT_R31B_V011 n=31 median=0.9288 mean=1.1783 stdev=0.6374 cv=0.54094 min=0.1087 max=2.2756 mad=0.1696 p10=0.7374 p90=2.1558
LOCAL_STATS case=fp16-128x128 metric=gelem_s binary=CANDIDATE_V057 n=31 median=1.1736 mean=1.3505 stdev=0.6224 cv=0.46090 min=0.4842 max=2.5520 mad=0.4686 p10=0.6954 p90=2.1501
LOCAL_STATS case=fp16-128x128 metric=paired_delta_us binary=CANDIDATE_MINUS_PARENT n=31 median=-0.9400 mean=-6.7194 stdev=27.6651 cv=-4.11722 min=-142.1200 max=25.8600 mad=4.1200 p10=-14.0200 p90=11.0200
LOCAL_RESULT route=SYNC-BARRIER-ELISION-X revision=V057 device=3 shape=128x128 dtype=fp16 samples=31 parent_median_us=17.6400 candidate_median_us=13.9600 parent_median_gelem_s=0.928798 candidate_median_gelem_s=1.173639 local_delta_us=-0.9400 local_score_percent=5.328802 candidate_minus_parent_percent=-5.328802
