SAME_BINARY_SAMPLE binary=CANDIDATE_V057 case=fp16-128x128 pair=01 order=A,B first_device_us=24.5000 second_device_us=8.4000 first_gelem_s=0.668735 second_gelem_s=1.950476 first_wall_us=118.0410 second_wall_us=96.9210 second_minus_first_us=-16.1000
SAME_BINARY_SAMPLE binary=CANDIDATE_V057 case=fp16-128x128 pair=02 order=B,A first_device_us=8.4600 second_device_us=31.8600 first_gelem_s=1.936643 second_gelem_s=0.514250 first_wall_us=105.4810 second_wall_us=152.7210 second_minus_first_us=23.4000
SAME_BINARY_SAMPLE binary=CANDIDATE_V057 case=fp16-128x128 pair=03 order=A,B first_device_us=16.6800 second_device_us=20.8600 first_gelem_s=0.982254 second_gelem_s=0.785427 first_wall_us=79.8810 second_wall_us=72.1900 second_minus_first_us=4.1800
SAME_BINARY_SAMPLE binary=CANDIDATE_V057 case=fp16-128x128 pair=04 order=B,A first_device_us=6.3600 second_device_us=6.9800 first_gelem_s=2.576101 second_gelem_s=2.347278 first_wall_us=79.5800 second_wall_us=103.7810 second_minus_first_us=0.6200
SAME_BINARY_SAMPLE binary=CANDIDATE_V057 case=fp16-128x128 pair=05 order=A,B first_device_us=22.3400 second_device_us=8.2200 first_gelem_s=0.733393 second_gelem_s=1.993187 first_wall_us=86.0710 second_wall_us=77.9400 second_minus_first_us=-14.1200
SAME_BINARY_SAMPLE binary=CANDIDATE_V057 case=fp16-128x128 pair=06 order=B,A first_device_us=7.9600 second_device_us=7.5000 first_gelem_s=2.058291 second_gelem_s=2.184533 first_wall_us=78.1110 second_wall_us=166.5310 second_minus_first_us=-0.4600
SAME_BINARY_SAMPLE binary=CANDIDATE_V057 case=fp16-128x128 pair=07 order=A,B first_device_us=72.8000 second_device_us=28.7200 first_gelem_s=0.225055 second_gelem_s=0.570474 first_wall_us=173.1820 second_wall_us=99.2000 second_minus_first_us=-44.0800
SAME_BINARY_SAMPLE binary=CANDIDATE_V057 case=fp16-128x128 pair=08 order=B,A first_device_us=8.3000 second_device_us=8.1600 first_gelem_s=1.973976 second_gelem_s=2.007843 first_wall_us=87.0810 second_wall_us=72.9010 second_minus_first_us=-0.1400
SAME_BINARY_SAMPLE binary=CANDIDATE_V057 case=fp16-128x128 pair=09 order=A,B first_device_us=18.4200 second_device_us=7.6800 first_gelem_s=0.889468 second_gelem_s=2.133333 first_wall_us=83.6100 second_wall_us=80.6410 second_minus_first_us=-10.7400
SAME_BINARY_SAMPLE binary=CANDIDATE_V057 case=fp16-128x128 pair=10 order=B,A first_device_us=14.8600 second_device_us=6.3400 first_gelem_s=1.102557 second_gelem_s=2.584227 first_wall_us=73.2510 second_wall_us=94.3400 second_minus_first_us=-8.5200
SAME_BINARY_SAMPLE binary=CANDIDATE_V057 case=fp16-128x128 pair=11 order=A,B first_device_us=6.2400 second_device_us=6.6800 first_gelem_s=2.625641 second_gelem_s=2.452695 first_wall_us=85.3010 second_wall_us=72.0610 second_minus_first_us=0.4400
SAME_BINARY_SAMPLE binary=CANDIDATE_V057 case=fp16-128x128 pair=12 order=B,A first_device_us=7.2400 second_device_us=22.7200 first_gelem_s=2.262983 second_gelem_s=0.721127 first_wall_us=91.7200 second_wall_us=85.1510 second_minus_first_us=15.4800
SAME_BINARY_SAMPLE binary=CANDIDATE_V057 case=fp16-128x128 pair=13 order=A,B first_device_us=27.2800 second_device_us=22.8000 first_gelem_s=0.600587 second_gelem_s=0.718596 first_wall_us=79.1510 second_wall_us=70.9400 second_minus_first_us=-4.4800
SAME_BINARY_SAMPLE binary=CANDIDATE_V057 case=fp16-128x128 pair=14 order=B,A first_device_us=22.9800 second_device_us=22.7000 first_gelem_s=0.712968 second_gelem_s=0.721762 first_wall_us=89.1910 second_wall_us=87.1510 second_minus_first_us=-0.2800
SAME_BINARY_SAMPLE binary=CANDIDATE_V057 case=fp16-128x128 pair=15 order=A,B first_device_us=27.6200 second_device_us=6.9800 first_gelem_s=0.593193 second_gelem_s=2.347278 first_wall_us=80.5900 second_wall_us=91.6810 second_minus_first_us=-20.6400
SAME_BINARY_SAMPLE binary=CANDIDATE_V057 case=fp16-128x128 pair=16 order=B,A first_device_us=17.4400 second_device_us=7.1800 first_gelem_s=0.939450 second_gelem_s=2.281894 first_wall_us=74.3810 second_wall_us=87.5500 second_minus_first_us=-10.2600
SAME_BINARY_SAMPLE binary=CANDIDATE_V057 case=fp16-128x128 pair=17 order=A,B first_device_us=5.9800 second_device_us=6.9400 first_gelem_s=2.739799 second_gelem_s=2.360807 first_wall_us=74.7710 second_wall_us=78.9310 second_minus_first_us=0.9600
SAME_BINARY_SAMPLE binary=CANDIDATE_V057 case=fp16-128x128 pair=18 order=B,A first_device_us=5.8400 second_device_us=5.6200 first_gelem_s=2.805479 second_gelem_s=2.915303 first_wall_us=153.4510 second_wall_us=95.9810 second_minus_first_us=-0.2200
SAME_BINARY_SAMPLE binary=CANDIDATE_V057 case=fp16-128x128 pair=19 order=A,B first_device_us=8.0000 second_device_us=7.1600 first_gelem_s=2.048000 second_gelem_s=2.288268 first_wall_us=88.6300 second_wall_us=85.8510 second_minus_first_us=-0.8400
SAME_BINARY_SAMPLE binary=CANDIDATE_V057 case=fp16-128x128 pair=20 order=B,A first_device_us=25.1600 second_device_us=7.3800 first_gelem_s=0.651192 second_gelem_s=2.220054 first_wall_us=72.8810 second_wall_us=75.8500 second_minus_first_us=-17.7800
SAME_BINARY_SAMPLE binary=CANDIDATE_V057 case=fp16-128x128 pair=21 order=A,B first_device_us=19.5200 second_device_us=19.8000 first_gelem_s=0.839344 second_gelem_s=0.827475 first_wall_us=76.0710 second_wall_us=83.0210 second_minus_first_us=0.2800
SAME_BINARY_SAMPLE binary=CANDIDATE_V057 case=fp16-128x128 pair=22 order=B,A first_device_us=21.8800 second_device_us=8.2200 first_gelem_s=0.748812 second_gelem_s=1.993187 first_wall_us=109.5100 second_wall_us=78.7110 second_minus_first_us=-13.6600
SAME_BINARY_SAMPLE binary=CANDIDATE_V057 case=fp16-128x128 pair=23 order=A,B first_device_us=8.1400 second_device_us=15.9600 first_gelem_s=2.012777 second_gelem_s=1.026566 first_wall_us=76.6910 second_wall_us=86.5000 second_minus_first_us=7.8200
SAME_BINARY_SAMPLE binary=CANDIDATE_V057 case=fp16-128x128 pair=24 order=B,A first_device_us=16.7400 second_device_us=6.2400 first_gelem_s=0.978734 second_gelem_s=2.625641 first_wall_us=74.9310 second_wall_us=73.9510 second_minus_first_us=-10.5000
SAME_BINARY_SAMPLE binary=CANDIDATE_V057 case=fp16-128x128 pair=25 order=A,B first_device_us=7.8800 second_device_us=18.9800 first_gelem_s=2.079188 second_gelem_s=0.863224 first_wall_us=74.1200 second_wall_us=84.2410 second_minus_first_us=11.1000
SAME_BINARY_SAMPLE binary=CANDIDATE_V057 case=fp16-128x128 pair=26 order=B,A first_device_us=6.1400 second_device_us=5.9400 first_gelem_s=2.668404 second_gelem_s=2.758249 first_wall_us=68.8700 second_wall_us=77.7400 second_minus_first_us=-0.2000
SAME_BINARY_SAMPLE binary=CANDIDATE_V057 case=fp16-128x128 pair=27 order=A,B first_device_us=14.8000 second_device_us=14.5000 first_gelem_s=1.107027 second_gelem_s=1.129931 first_wall_us=75.8410 second_wall_us=73.2000 second_minus_first_us=-0.3000
SAME_BINARY_SAMPLE binary=CANDIDATE_V057 case=fp16-128x128 pair=28 order=B,A first_device_us=8.0400 second_device_us=7.9400 first_gelem_s=2.037811 second_gelem_s=2.063476 first_wall_us=76.0310 second_wall_us=74.8710 second_minus_first_us=-0.1000
SAME_BINARY_SAMPLE binary=CANDIDATE_V057 case=fp16-128x128 pair=29 order=A,B first_device_us=7.7400 second_device_us=7.7000 first_gelem_s=2.116796 second_gelem_s=2.127792 first_wall_us=75.5700 second_wall_us=74.6510 second_minus_first_us=-0.0400
SAME_BINARY_SAMPLE binary=CANDIDATE_V057 case=fp16-128x128 pair=30 order=B,A first_device_us=6.6400 second_device_us=19.9400 first_gelem_s=2.467470 second_gelem_s=0.821665 first_wall_us=79.4300 second_wall_us=77.7810 second_minus_first_us=13.3000
SAME_BINARY_SAMPLE binary=CANDIDATE_V057 case=fp16-128x128 pair=31 order=A,B first_device_us=20.3000 second_device_us=17.7400 first_gelem_s=0.807094 second_gelem_s=0.923563 first_wall_us=73.3010 second_wall_us=75.4800 second_minus_first_us=-2.5600
LOCAL_STATS case=CANDIDATE_V057 metric=device_us binary=same_binary_first n=31 median=14.8000 mean=15.8800 stdev=12.8682 cv=0.81034 min=5.8400 max=72.8000 mad=7.0600 p10=6.2400 p90=25.1600
LOCAL_STATS case=CANDIDATE_V057 metric=device_us binary=same_binary_second n=31 median=8.1600 mean=12.7045 stdev=7.6501 cv=0.60216 min=5.6200 max=31.8600 mad=1.8200 p10=6.3400 p90=22.7200
LOCAL_STATS case=CANDIDATE_V057 metric=paired_delta_us binary=same_binary_second_minus_first n=31 median=-0.2800 mean=-3.1755 stdev=12.4050 cv=-3.90650 min=-44.0800 max=23.4000 mad=4.4600 p10=-16.1000 p90=11.1000
LOCAL_STATS case=CANDIDATE_V057 metric=gelem_s binary=same_binary_first n=31 median=1.1070 mean=1.5158 stdev=0.8110 cv=0.53505 min=0.2251 max=2.8055 mad=0.8296 p10=0.6512 p90=2.6256
LOCAL_STATS case=CANDIDATE_V057 metric=gelem_s binary=same_binary_second n=31 median=2.0078 mean=1.7181 stdev=0.7767 cv=0.45210 min=0.5142 max=2.9153 mad=0.5764 p10=0.7211 p90=2.5842
LOCAL_STATS case=CANDIDATE_V057 metric=wall_us binary=same_binary_first n=31 median=79.4300 mean=87.5717 stdev=23.2097 cv=0.26504 min=68.8700 max=173.1820 mad=5.3100 p10=73.3010 p90=109.5100
LOCAL_STATS case=CANDIDATE_V057 metric=wall_us binary=same_binary_second n=31 median=80.6410 mean=87.3697 stdev=21.2900 cv=0.24368 min=70.9400 max=166.5310 mad=6.5100 p10=72.9010 p90=99.2000
SAME_BINARY_QUALIFICATION binary=CANDIDATE_V057 case=fp16-128x128 samples=31 first_mad_over_median=0.477027 second_mad_over_median=0.223039 median_drift_fraction=0.578397
SAME_BINARY_SUMMARY binary=CANDIDATE_V057 device=3 shape=128x128 dtype=fp16 samples=31
