V059_LOCAL_START_UTC=2026-10-07T22:02:37.923594498Z
HOST=hwnput3
DEVICE=4
PARENT=R31B-V011
SHAPE=128x6280
DTYPE=FP32
WARMUP=45
SAMPLES_PER_BLOCK=31
BLOCKS=2
BATCH_N=64
PAIRS=6
QUALITY_GATE=NONE; retain all numeric samples
PAIR=1 SIDE=parent RC=0 START=2026-10-07T22:02:39.200953442Z END=2026-10-07T22:02:46.930768932Z PREFIX=本地实验/R-W4-4/V059/partial-ranking/local-pair01-parent-r128-w6280-fp32
PAIR=1 SIDE=candidate RC=0 START=2026-10-07T22:02:46.934134241Z END=2026-10-07T22:02:53.683615358Z PREFIX=本地实验/R-W4-4/V059/partial-ranking/local-pair01-candidate-r128-w6280-fp32
PAIR=2 SIDE=candidate RC=0 START=2026-10-07T22:02:53.686855943Z END=2026-10-07T22:03:00.436729366Z PREFIX=本地实验/R-W4-4/V059/partial-ranking/local-pair02-candidate-r128-w6280-fp32
PAIR=2 SIDE=parent RC=0 START=2026-10-07T22:03:00.439976791Z END=2026-10-07T22:03:07.005851055Z PREFIX=本地实验/R-W4-4/V059/partial-ranking/local-pair02-parent-r128-w6280-fp32
PAIR=3 SIDE=parent RC=0 START=2026-10-07T22:03:07.009083089Z END=2026-10-07T22:03:14.548948570Z PREFIX=本地实验/R-W4-4/V059/partial-ranking/local-pair03-parent-r128-w6280-fp32
PAIR=3 SIDE=candidate RC=0 START=2026-10-07T22:03:14.552636203Z END=2026-10-07T22:03:21.503260438Z PREFIX=本地实验/R-W4-4/V059/partial-ranking/local-pair03-candidate-r128-w6280-fp32
PAIR=4 SIDE=candidate RC=0 START=2026-10-07T22:03:21.507122365Z END=2026-10-07T22:03:28.049050819Z PREFIX=本地实验/R-W4-4/V059/partial-ranking/local-pair04-candidate-r128-w6280-fp32
PAIR=4 SIDE=parent RC=0 START=2026-10-07T22:03:28.052553127Z END=2026-10-07T22:03:35.983793387Z PREFIX=本地实验/R-W4-4/V059/partial-ranking/local-pair04-parent-r128-w6280-fp32
PAIR=5 SIDE=parent RC=0 START=2026-10-07T22:03:35.986999529Z END=2026-10-07T22:03:42.748438581Z PREFIX=本地实验/R-W4-4/V059/partial-ranking/local-pair05-parent-r128-w6280-fp32
PAIR=5 SIDE=candidate RC=0 START=2026-10-07T22:03:42.751559980Z END=2026-10-07T22:03:49.292260591Z PREFIX=本地实验/R-W4-4/V059/partial-ranking/local-pair05-candidate-r128-w6280-fp32
PAIR=6 SIDE=candidate RC=0 START=2026-10-07T22:03:49.295481732Z END=2026-10-07T22:03:56.648369320Z PREFIX=本地实验/R-W4-4/V059/partial-ranking/local-pair06-candidate-r128-w6280-fp32
PAIR=6 SIDE=parent RC=0 START=2026-10-07T22:03:56.664244467Z END=2026-10-07T22:04:03.415672405Z PREFIX=本地实验/R-W4-4/V059/partial-ranking/local-pair06-parent-r128-w6280-fp32
V059_LOCAL_END_UTC=2026-10-07T22:04:04.820407385Z
