+------------------------------------------------------------------------------------------------+
| npu-smi 25.0.rc1.1               Version: 25.0.rc1.1                                           |
+---------------------------+---------------+----------------------------------------------------+
| NPU   Name                | Health        | Power(W)    Temp(C)           Hugepages-Usage(page)|
| Chip                      | Bus-Id        | AICore(%)   Memory-Usage(MB)  HBM-Usage(MB)        |
+===========================+===============+====================================================+
| 0     910B3               | OK            | 105.5       30                0    / 0             |
| 0                         | 0000:C1:00.0  | 0           0    / 0          9130 / 65536         |
+===========================+===============+====================================================+
| 1     910B3               | OK            | 105.0       30                0    / 0             |
| 0                         | 0000:C2:00.0  | 0           0    / 0          10474/ 65536         |
+===========================+===============+====================================================+
| 2     910B3               | OK            | 114.6       32                0    / 0             |
| 0                         | 0000:81:00.0  | 11          0    / 0          4698 / 65536         |
+===========================+===============+====================================================+
| 3     910B3               | OK            | 100.3       32                0    / 0             |
| 0                         | 0000:82:00.0  | 0           0    / 0          4807 / 65536         |
+===========================+===============+====================================================+
| 4     910B3               | OK            | 87.8        35                0    / 0             |
| 0                         | 0000:01:00.0  | 0           0    / 0          59192/ 65536         |
+===========================+===============+====================================================+
| 5     910B3               | OK            | 158.1       48                0    / 0             |
| 0                         | 0000:02:00.0  | 36          0    / 0          60222/ 65536         |
+===========================+===============+====================================================+
| 6     910B3               | OK            | 164.5       46                0    / 0             |
| 0                         | 0000:41:00.0  | 42          0    / 0          60221/ 65536         |
+===========================+===============+====================================================+
| 7     910B3               | OK            | 119.9       39                0    / 0             |
| 0                         | 0000:42:00.0  | 8           0    / 0          26088/ 65536         |
+===========================+===============+====================================================+
+---------------------------+---------------+----------------------------------------------------+
| NPU     Chip              | Process id    | Process name             | Process memory(MB)      |
+===========================+===============+====================================================+
| 0       0                 | 2532301       | python                   | 5750                    |
+===========================+===============+====================================================+
| 1       0                 | 3150467       | python                   | 5748                    |
| 1       0                 | 2532303       | python                   | 1350                    |
+===========================+===============+====================================================+
| 2       0                 | 2532306       | python                   | 1330                    |
+===========================+===============+====================================================+
| 3       0                 | 2532307       | python                   | 1434                    |
+===========================+===============+====================================================+
| 4       0                 | 2999855       | VLLMEngineCor            | 55666                   |
+===========================+===============+====================================================+
| 5       0                 | 89602         | VLLMWorker_TP            | 56700                   |
+===========================+===============+====================================================+
| 6       0                 | 91228         | VLLMWorker_TP            | 56701                   |
+===========================+===============+====================================================+
| 7       0                 | 439848        | python3                  | 21260                   |
| 7       0                 | 2532308       | python                   | 1350                    |
+===========================+===============+====================================================+
