V056_PRE_CORRECTNESS_SNAPSHOT_UTC=2026-10-08T03:46:49Z
+------------------------------------------------------------------------------------------------+
| npu-smi 25.0.rc1.1               Version: 25.0.rc1.1                                           |
+---------------------------+---------------+----------------------------------------------------+
| NPU   Name                | Health        | Power(W)    Temp(C)           Hugepages-Usage(page)|
| Chip                      | Bus-Id        | AICore(%)   Memory-Usage(MB)  HBM-Usage(MB)        |
+===========================+===============+====================================================+
| 0     910B3               | OK            | 130.5       31                0    / 0             |
| 0                         | 0000:C1:00.0  | 16          0    / 0          4813 / 65536         |
+===========================+===============+====================================================+
| 1     910B3               | OK            | 121.3       31                0    / 0             |
| 0                         | 0000:C2:00.0  | 18          0    / 0          10474/ 65536         |
+===========================+===============+====================================================+
| 2     910B3               | OK            | 103.8       32                0    / 0             |
| 0                         | 0000:81:00.0  | 1           0    / 0          4698 / 65536         |
+===========================+===============+====================================================+
| 3     910B3               | OK            | 124.7       32                0    / 0             |
| 0                         | 0000:82:00.0  | 10          0    / 0          4809 / 65536         |
+===========================+===============+====================================================+
| 4     910B3               | OK            | 198.8       56                0    / 0             |
| 0                         | 0000:01:00.0  | 65          0    / 0          59193/ 65536         |
+===========================+===============+====================================================+
| 5     910B3               | OK            | 165.8       48                0    / 0             |
| 0                         | 0000:02:00.0  | 44          0    / 0          60222/ 65536         |
+===========================+===============+====================================================+
| 6     910B3               | OK            | 166.1       45                0    / 0             |
| 0                         | 0000:41:00.0  | 37          0    / 0          60222/ 65536         |
+===========================+===============+====================================================+
| 7     910B3               | OK            | 138.7       40                0    / 0             |
| 0                         | 0000:42:00.0  | 13          0    / 0          26088/ 65536         |
+===========================+===============+====================================================+
+---------------------------+---------------+----------------------------------------------------+
| NPU     Chip              | Process id    | Process name             | Process memory(MB)      |
+===========================+===============+====================================================+
| 0       0                 | 2532301       | python                   | 1434                    |
+===========================+===============+====================================================+
| 1       0                 | 3150467       | python                   | 5748                    |
| 1       0                 | 2532303       | python                   | 1350                    |
+===========================+===============+====================================================+
| 2       0                 | 2532306       | python                   | 1330                    |
+===========================+===============+====================================================+
| 3       0                 | 2532307       | python                   | 1434                    |
+===========================+===============+====================================================+
| 4       0                 | 2999855       | VLLMEngineCor            | 55666                   |
+===========================+===============+====================================================+
| 5       0                 | 89602         | VLLMWorker_TP            | 56700                   |
+===========================+===============+====================================================+
| 6       0                 | 91228         | VLLMWorker_TP            | 56701                   |
+===========================+===============+====================================================+
| 7       0                 | 439848        | python3                  | 21260                   |
| 7       0                 | 2532308       | python                   | 1350                    |
+===========================+===============+====================================================+
