LOCAL_SAMPLE case=fp16-128x128 pair=01 order=P,C parent_device_us=26.7200 candidate_device_us=26.0000 parent_gelem_s=0.613174 candidate_gelem_s=0.630154 parent_wall_us=108.5310 candidate_wall_us=80.0110 paired_delta_us=-0.7200
LOCAL_SAMPLE case=fp16-128x128 pair=02 order=C,P parent_device_us=17.6600 candidate_device_us=6.0600 parent_gelem_s=0.927746 candidate_gelem_s=2.703630 parent_wall_us=62.7910 candidate_wall_us=72.0910 paired_delta_us=-11.6000
LOCAL_SAMPLE case=fp16-128x128 pair=03 order=P,C parent_device_us=17.8000 candidate_device_us=15.7200 parent_gelem_s=0.920449 candidate_gelem_s=1.042239 parent_wall_us=64.6310 candidate_wall_us=61.3810 paired_delta_us=-2.0800
LOCAL_SAMPLE case=fp16-128x128 pair=04 order=C,P parent_device_us=17.8000 candidate_device_us=20.2000 parent_gelem_s=0.920449 candidate_gelem_s=0.811089 parent_wall_us=61.9610 candidate_wall_us=61.6410 paired_delta_us=2.4000
LOCAL_SAMPLE case=fp16-128x128 pair=05 order=P,C parent_device_us=5.8800 candidate_device_us=17.2400 parent_gelem_s=2.786395 candidate_gelem_s=0.950348 parent_wall_us=64.9210 candidate_wall_us=69.6810 paired_delta_us=11.3600
LOCAL_SAMPLE case=fp16-128x128 pair=06 order=C,P parent_device_us=6.8000 candidate_device_us=7.2600 parent_gelem_s=2.409412 candidate_gelem_s=2.256749 parent_wall_us=72.7010 candidate_wall_us=62.3510 paired_delta_us=0.4600
LOCAL_SAMPLE case=fp16-128x128 pair=07 order=P,C parent_device_us=26.1600 candidate_device_us=6.7000 parent_gelem_s=0.626300 candidate_gelem_s=2.445373 parent_wall_us=73.3310 candidate_wall_us=54.1310 paired_delta_us=-19.4600
LOCAL_SAMPLE case=fp16-128x128 pair=08 order=C,P parent_device_us=14.1800 candidate_device_us=6.1400 parent_gelem_s=1.155430 candidate_gelem_s=2.668404 parent_wall_us=63.0210 candidate_wall_us=62.2210 paired_delta_us=-8.0400
LOCAL_SAMPLE case=fp16-128x128 pair=09 order=P,C parent_device_us=17.5400 candidate_device_us=9.0200 parent_gelem_s=0.934093 candidate_gelem_s=1.816408 parent_wall_us=61.5710 candidate_wall_us=65.0810 paired_delta_us=-8.5200
LOCAL_SAMPLE case=fp16-128x128 pair=10 order=C,P parent_device_us=8.0600 candidate_device_us=6.5400 parent_gelem_s=2.032754 candidate_gelem_s=2.505199 parent_wall_us=64.1410 candidate_wall_us=63.3010 paired_delta_us=-1.5200
LOCAL_SAMPLE case=fp16-128x128 pair=11 order=P,C parent_device_us=6.9000 candidate_device_us=9.8200 parent_gelem_s=2.374493 candidate_gelem_s=1.668432 parent_wall_us=61.6310 candidate_wall_us=67.1510 paired_delta_us=2.9200
LOCAL_SAMPLE case=fp16-128x128 pair=12 order=C,P parent_device_us=9.5000 candidate_device_us=6.3400 parent_gelem_s=1.724632 candidate_gelem_s=2.584227 parent_wall_us=64.9010 candidate_wall_us=64.0010 paired_delta_us=-3.1600
LOCAL_SAMPLE case=fp16-128x128 pair=13 order=P,C parent_device_us=7.6200 candidate_device_us=9.9000 parent_gelem_s=2.150131 candidate_gelem_s=1.654950 parent_wall_us=62.3010 candidate_wall_us=64.7910 paired_delta_us=2.2800
LOCAL_SAMPLE case=fp16-128x128 pair=14 order=C,P parent_device_us=9.0200 candidate_device_us=21.8800 parent_gelem_s=1.816408 candidate_gelem_s=0.748812 parent_wall_us=67.9410 candidate_wall_us=70.5610 paired_delta_us=12.8600
LOCAL_SAMPLE case=fp16-128x128 pair=15 order=P,C parent_device_us=8.1000 candidate_device_us=7.5200 parent_gelem_s=2.022716 candidate_gelem_s=2.178723 parent_wall_us=66.7310 candidate_wall_us=61.5510 paired_delta_us=-0.5800
LOCAL_SAMPLE case=fp16-128x128 pair=16 order=C,P parent_device_us=19.7400 candidate_device_us=6.4000 parent_gelem_s=0.829990 candidate_gelem_s=2.560000 parent_wall_us=68.9510 candidate_wall_us=62.1310 paired_delta_us=-13.3400
LOCAL_SAMPLE case=fp16-128x128 pair=17 order=P,C parent_device_us=15.3400 candidate_device_us=13.6600 parent_gelem_s=1.068057 candidate_gelem_s=1.199414 parent_wall_us=61.9710 candidate_wall_us=60.0710 paired_delta_us=-1.6800
LOCAL_SAMPLE case=fp16-128x128 pair=18 order=C,P parent_device_us=18.9000 candidate_device_us=7.9400 parent_gelem_s=0.866878 candidate_gelem_s=2.063476 parent_wall_us=59.9910 candidate_wall_us=59.7610 paired_delta_us=-10.9600
LOCAL_SAMPLE case=fp16-128x128 pair=19 order=P,C parent_device_us=19.6400 candidate_device_us=8.6200 parent_gelem_s=0.834216 candidate_gelem_s=1.900696 parent_wall_us=60.9210 candidate_wall_us=60.2010 paired_delta_us=-11.0200
LOCAL_SAMPLE case=fp16-128x128 pair=20 order=C,P parent_device_us=11.6800 candidate_device_us=17.6200 parent_gelem_s=1.402740 candidate_gelem_s=0.929852 parent_wall_us=63.5210 candidate_wall_us=68.7210 paired_delta_us=5.9400
LOCAL_SAMPLE case=fp16-128x128 pair=21 order=P,C parent_device_us=9.0800 candidate_device_us=10.0800 parent_gelem_s=1.804405 candidate_gelem_s=1.625397 parent_wall_us=62.6610 candidate_wall_us=63.1310 paired_delta_us=1.0000
LOCAL_SAMPLE case=fp16-128x128 pair=22 order=C,P parent_device_us=11.1400 candidate_device_us=8.0400 parent_gelem_s=1.470736 candidate_gelem_s=2.037811 parent_wall_us=152.4020 candidate_wall_us=73.4210 paired_delta_us=-3.1000
LOCAL_SAMPLE case=fp16-128x128 pair=23 order=P,C parent_device_us=8.3000 candidate_device_us=7.4200 parent_gelem_s=1.973976 candidate_gelem_s=2.208086 parent_wall_us=73.7410 candidate_wall_us=65.2300 paired_delta_us=-0.8800
LOCAL_SAMPLE case=fp16-128x128 pair=24 order=C,P parent_device_us=13.3600 candidate_device_us=5.9400 parent_gelem_s=1.226347 candidate_gelem_s=2.758249 parent_wall_us=71.0910 candidate_wall_us=64.8300 paired_delta_us=-7.4200
LOCAL_SAMPLE case=fp16-128x128 pair=25 order=P,C parent_device_us=21.1200 candidate_device_us=19.5200 parent_gelem_s=0.775758 candidate_gelem_s=0.839344 parent_wall_us=61.2710 candidate_wall_us=60.5900 paired_delta_us=-1.6000
LOCAL_SAMPLE case=fp16-128x128 pair=26 order=C,P parent_device_us=7.8000 candidate_device_us=7.4200 parent_gelem_s=2.100513 candidate_gelem_s=2.208086 parent_wall_us=61.6500 candidate_wall_us=63.4600 paired_delta_us=-0.3800
LOCAL_SAMPLE case=fp16-128x128 pair=27 order=P,C parent_device_us=6.6600 candidate_device_us=7.5600 parent_gelem_s=2.460060 candidate_gelem_s=2.167196 parent_wall_us=65.0200 candidate_wall_us=54.0100 paired_delta_us=0.9000
LOCAL_SAMPLE case=fp16-128x128 pair=28 order=C,P parent_device_us=32.0400 candidate_device_us=6.7800 parent_gelem_s=0.511361 candidate_gelem_s=2.416519 parent_wall_us=78.7910 candidate_wall_us=62.8010 paired_delta_us=-25.2600
LOCAL_SAMPLE case=fp16-128x128 pair=29 order=P,C parent_device_us=9.4000 candidate_device_us=8.1200 parent_gelem_s=1.742979 candidate_gelem_s=2.017734 parent_wall_us=67.3210 candidate_wall_us=62.6600 paired_delta_us=-1.2800
LOCAL_SAMPLE case=fp16-128x128 pair=30 order=C,P parent_device_us=18.2000 candidate_device_us=7.8600 parent_gelem_s=0.900220 candidate_gelem_s=2.084478 parent_wall_us=60.6510 candidate_wall_us=54.0800 paired_delta_us=-10.3400
LOCAL_SAMPLE case=fp16-128x128 pair=31 order=P,C parent_device_us=12.1000 candidate_device_us=19.3000 parent_gelem_s=1.354050 candidate_gelem_s=0.848912 parent_wall_us=62.2710 candidate_wall_us=60.2410 paired_delta_us=7.2000
LOCAL_STATS case=fp16-128x128 metric=device_us binary=PARENT_R31B_V011 n=31 median=12.1000 mean=14.0077 stdev=6.7346 cv=0.48077 min=5.8800 max=32.0400 mad=5.2000 p10=6.9000 p90=21.1200
LOCAL_STATS case=fp16-128x128 metric=device_us binary=CANDIDATE_V056 n=31 median=8.0400 mean=10.9232 stdev=5.6774 cv=0.51976 min=5.9400 max=26.0000 mad=1.7000 p10=6.3400 p90=19.5200
LOCAL_STATS case=fp16-128x128 metric=wall_us binary=PARENT_R31B_V011 n=31 median=64.1410 mean=69.4623 stdev=17.8337 cv=0.25674 min=59.9910 max=152.4020 mad=2.5700 p10=61.2710 p90=73.7410
LOCAL_STATS case=fp16-128x128 metric=wall_us binary=CANDIDATE_V056 n=31 median=62.8010 mean=63.7188 stdev=5.5420 cv=0.08698 min=54.0100 max=80.0110 mad=2.2800 p10=59.7610 p90=70.5610
LOCAL_STATS case=fp16-128x128 metric=gelem_s binary=PARENT_R31B_V011 n=31 median=1.3540 mean=1.4431 stdev=0.6422 cv=0.44498 min=0.5114 max=2.7864 mad=0.4872 p10=0.7758 p90=2.3745
LOCAL_STATS case=fp16-128x128 metric=gelem_s binary=CANDIDATE_V056 n=31 median=2.0378 mean=1.8235 stdev=0.6783 cv=0.37199 min=0.6302 max=2.7582 mad=0.4124 p10=0.8393 p90=2.5842
LOCAL_STATS case=fp16-128x128 metric=paired_delta_us binary=CANDIDATE_MINUS_PARENT n=31 median=-1.5200 mean=-3.0845 stdev=8.1918 cv=-2.65579 min=-25.2600 max=12.8600 mad=3.9200 p10=-11.6000 p90=5.9400
LOCAL_RESULT route=SYNC-BARRIER-ELISION-X revision=V056 device=3 shape=128x128 dtype=fp16 samples=31 parent_median_us=12.1000 candidate_median_us=8.0400 parent_median_gelem_s=1.354050 candidate_median_gelem_s=2.037811 local_delta_us=-1.5200 local_score_percent=12.561983 candidate_minus_parent_percent=-12.561983
