LOCAL_SAMPLE case=fp16-128x128 pair=01 order=P,C parent_device_us=26.5400 candidate_device_us=22.6800 parent_gelem_s=0.617332 candidate_gelem_s=0.722399 parent_wall_us=124.2420 candidate_wall_us=85.0910 paired_delta_us=-3.8600
LOCAL_SAMPLE case=fp16-128x128 pair=02 order=C,P parent_device_us=22.7200 candidate_device_us=20.6000 parent_gelem_s=0.721127 candidate_gelem_s=0.795340 parent_wall_us=76.9100 candidate_wall_us=73.5910 paired_delta_us=-2.1200
LOCAL_SAMPLE case=fp16-128x128 pair=03 order=P,C parent_device_us=22.1400 candidate_device_us=33.7600 parent_gelem_s=0.740018 candidate_gelem_s=0.485308 parent_wall_us=64.8100 candidate_wall_us=73.1810 paired_delta_us=11.6200
LOCAL_SAMPLE case=fp16-128x128 pair=04 order=C,P parent_device_us=7.4600 candidate_device_us=6.7000 parent_gelem_s=2.196247 candidate_gelem_s=2.445373 parent_wall_us=68.3000 candidate_wall_us=66.8710 paired_delta_us=-0.7600
LOCAL_SAMPLE case=fp16-128x128 pair=05 order=P,C parent_device_us=20.5200 candidate_device_us=7.3600 parent_gelem_s=0.798441 candidate_gelem_s=2.226087 parent_wall_us=62.8500 candidate_wall_us=64.2900 paired_delta_us=-13.1600
LOCAL_SAMPLE case=fp16-128x128 pair=06 order=C,P parent_device_us=8.1600 candidate_device_us=19.3400 parent_gelem_s=2.007843 candidate_gelem_s=0.847156 parent_wall_us=64.3310 candidate_wall_us=63.1710 paired_delta_us=11.1800
LOCAL_SAMPLE case=fp16-128x128 pair=07 order=P,C parent_device_us=8.2000 candidate_device_us=8.7400 parent_gelem_s=1.998049 candidate_gelem_s=1.874599 parent_wall_us=64.6310 candidate_wall_us=66.3710 paired_delta_us=0.5400
LOCAL_SAMPLE case=fp16-128x128 pair=08 order=C,P parent_device_us=24.2600 candidate_device_us=17.0200 parent_gelem_s=0.675350 candidate_gelem_s=0.962632 parent_wall_us=71.0710 candidate_wall_us=62.7610 paired_delta_us=-7.2400
LOCAL_SAMPLE case=fp16-128x128 pair=09 order=P,C parent_device_us=24.1400 candidate_device_us=7.9200 parent_gelem_s=0.678708 candidate_gelem_s=2.068687 parent_wall_us=72.1710 candidate_wall_us=56.5910 paired_delta_us=-16.2200
LOCAL_SAMPLE case=fp16-128x128 pair=10 order=C,P parent_device_us=12.1000 candidate_device_us=7.6200 parent_gelem_s=1.354050 candidate_gelem_s=2.150131 parent_wall_us=62.6110 candidate_wall_us=63.5010 paired_delta_us=-4.4800
LOCAL_SAMPLE case=fp16-128x128 pair=11 order=P,C parent_device_us=8.0400 candidate_device_us=16.4600 parent_gelem_s=2.037811 candidate_gelem_s=0.995383 parent_wall_us=64.8610 candidate_wall_us=61.7410 paired_delta_us=8.4200
LOCAL_SAMPLE case=fp16-128x128 pair=12 order=C,P parent_device_us=7.7400 candidate_device_us=17.0200 parent_gelem_s=2.116796 candidate_gelem_s=0.962632 parent_wall_us=69.1510 candidate_wall_us=84.6810 paired_delta_us=9.2800
LOCAL_SAMPLE case=fp16-128x128 pair=13 order=P,C parent_device_us=22.7600 candidate_device_us=18.5000 parent_gelem_s=0.719859 candidate_gelem_s=0.885622 parent_wall_us=72.4710 candidate_wall_us=64.7910 paired_delta_us=-4.2600
LOCAL_SAMPLE case=fp16-128x128 pair=14 order=C,P parent_device_us=8.7800 candidate_device_us=6.6200 parent_gelem_s=1.866059 candidate_gelem_s=2.474924 parent_wall_us=63.1310 candidate_wall_us=64.0710 paired_delta_us=-2.1600
LOCAL_SAMPLE case=fp16-128x128 pair=15 order=P,C parent_device_us=23.7200 candidate_device_us=17.0400 parent_gelem_s=0.690725 candidate_gelem_s=0.961502 parent_wall_us=72.8210 candidate_wall_us=64.0410 paired_delta_us=-6.6800
LOCAL_SAMPLE case=fp16-128x128 pair=16 order=C,P parent_device_us=15.3800 candidate_device_us=14.7400 parent_gelem_s=1.065280 candidate_gelem_s=1.111533 parent_wall_us=62.0300 candidate_wall_us=62.0310 paired_delta_us=-0.6400
LOCAL_SAMPLE case=fp16-128x128 pair=17 order=P,C parent_device_us=8.0800 candidate_device_us=17.4800 parent_gelem_s=2.027723 candidate_gelem_s=0.937300 parent_wall_us=64.0800 candidate_wall_us=64.2110 paired_delta_us=9.4000
LOCAL_SAMPLE case=fp16-128x128 pair=18 order=C,P parent_device_us=7.9000 candidate_device_us=12.5600 parent_gelem_s=2.073924 candidate_gelem_s=1.304459 parent_wall_us=65.2210 candidate_wall_us=62.1410 paired_delta_us=4.6600
LOCAL_SAMPLE case=fp16-128x128 pair=19 order=P,C parent_device_us=17.0600 candidate_device_us=18.4800 parent_gelem_s=0.960375 candidate_gelem_s=0.886580 parent_wall_us=62.2810 candidate_wall_us=62.3810 paired_delta_us=1.4200
LOCAL_SAMPLE case=fp16-128x128 pair=20 order=C,P parent_device_us=28.6200 candidate_device_us=11.1200 parent_gelem_s=0.572467 candidate_gelem_s=1.473381 parent_wall_us=71.1410 candidate_wall_us=73.3710 paired_delta_us=-17.5000
LOCAL_SAMPLE case=fp16-128x128 pair=21 order=P,C parent_device_us=24.7400 candidate_device_us=15.2400 parent_gelem_s=0.662247 candidate_gelem_s=1.075066 parent_wall_us=72.3410 candidate_wall_us=65.7210 paired_delta_us=-9.5000
LOCAL_SAMPLE case=fp16-128x128 pair=22 order=C,P parent_device_us=12.5000 candidate_device_us=7.5200 parent_gelem_s=1.310720 candidate_gelem_s=2.178723 parent_wall_us=65.9610 candidate_wall_us=67.5010 paired_delta_us=-4.9800
LOCAL_SAMPLE case=fp16-128x128 pair=23 order=P,C parent_device_us=7.6400 candidate_device_us=17.0800 parent_gelem_s=2.144503 candidate_gelem_s=0.959251 parent_wall_us=64.8110 candidate_wall_us=61.8310 paired_delta_us=9.4400
LOCAL_SAMPLE case=fp16-128x128 pair=24 order=C,P parent_device_us=20.4600 candidate_device_us=16.1600 parent_gelem_s=0.800782 candidate_gelem_s=1.013861 parent_wall_us=71.9710 candidate_wall_us=63.0810 paired_delta_us=-4.3000
LOCAL_SAMPLE case=fp16-128x128 pair=25 order=P,C parent_device_us=21.1600 candidate_device_us=7.5600 parent_gelem_s=0.774291 candidate_gelem_s=2.167196 parent_wall_us=65.5500 candidate_wall_us=64.2500 paired_delta_us=-13.6000
LOCAL_SAMPLE case=fp16-128x128 pair=26 order=C,P parent_device_us=7.8200 candidate_device_us=8.0000 parent_gelem_s=2.095141 candidate_gelem_s=2.048000 parent_wall_us=65.9710 candidate_wall_us=63.2300 paired_delta_us=0.1800
LOCAL_SAMPLE case=fp16-128x128 pair=27 order=P,C parent_device_us=8.0800 candidate_device_us=7.8200 parent_gelem_s=2.027723 candidate_gelem_s=2.095141 parent_wall_us=67.6410 candidate_wall_us=64.5310 paired_delta_us=-0.2600
LOCAL_SAMPLE case=fp16-128x128 pair=28 order=C,P parent_device_us=15.1400 candidate_device_us=17.4800 parent_gelem_s=1.082166 candidate_gelem_s=0.937300 parent_wall_us=65.8510 candidate_wall_us=64.5510 paired_delta_us=2.3400
LOCAL_SAMPLE case=fp16-128x128 pair=29 order=P,C parent_device_us=15.2600 candidate_device_us=16.6200 parent_gelem_s=1.073657 candidate_gelem_s=0.985800 parent_wall_us=63.1110 candidate_wall_us=63.7510 paired_delta_us=1.3600
LOCAL_SAMPLE case=fp16-128x128 pair=30 order=C,P parent_device_us=15.0000 candidate_device_us=6.3800 parent_gelem_s=1.092267 candidate_gelem_s=2.568025 parent_wall_us=60.8310 candidate_wall_us=63.9010 paired_delta_us=-8.6200
LOCAL_SAMPLE case=fp16-128x128 pair=31 order=P,C parent_device_us=6.3200 candidate_device_us=7.8400 parent_gelem_s=2.592405 candidate_gelem_s=2.089796 parent_wall_us=64.0310 candidate_wall_us=63.2210 paired_delta_us=1.5200
LOCAL_STATS case=fp16-128x128 metric=device_us binary=PARENT_R31B_V011 n=31 median=15.1400 mean=15.4335 stdev=7.2069 cv=0.46696 min=6.3200 max=28.6200 mad=7.0600 p10=7.7400 p90=24.2600
LOCAL_STATS case=fp16-128x128 metric=device_us binary=CANDIDATE_V056 n=31 median=15.2400 mean=13.8535 stdev=6.2706 cv=0.45263 min=6.3800 max=33.7600 mad=4.1200 p10=7.3600 p90=19.3400
LOCAL_STATS case=fp16-128x128 metric=wall_us binary=PARENT_R31B_V011 n=31 median=65.5500 mean=68.6189 stdev=11.0791 cv=0.16146 min=60.8310 max=124.2420 mad=2.7000 p10=62.6110 p90=72.4710
LOCAL_STATS case=fp16-128x128 metric=wall_us binary=CANDIDATE_V056 n=31 median=64.0710 mean=65.9499 stdev=6.1332 cv=0.09300 min=56.5910 max=85.0910 mad=1.3100 p10=62.0310 p90=73.3710
LOCAL_STATS case=fp16-128x128 metric=gelem_s binary=PARENT_R31B_V011 n=31 median=1.0822 mean=1.3411 stdev=0.6474 cv=0.48271 min=0.5725 max=2.5924 mad=0.4068 p10=0.6754 p90=2.1168
LOCAL_STATS case=fp16-128x128 metric=gelem_s binary=CANDIDATE_V056 n=31 median=1.0751 mean=1.4416 stdev=0.6437 cv=0.44652 min=0.4853 max=2.5680 mad=0.2797 p10=0.8472 p90=2.2261
LOCAL_STATS case=fp16-128x128 metric=paired_delta_us binary=CANDIDATE_MINUS_PARENT n=31 median=-0.7600 mean=-1.5800 stdev=7.8454 cv=-4.96544 min=-17.5000 max=11.6200 mad=4.2200 p10=-13.1600 p90=9.4000
LOCAL_RESULT route=SYNC-BARRIER-ELISION-X revision=V056 device=3 shape=128x128 dtype=fp16 samples=31 parent_median_us=15.1400 candidate_median_us=15.2400 parent_median_gelem_s=1.082166 candidate_median_gelem_s=1.075066 local_delta_us=-0.7600 local_score_percent=5.019816 candidate_minus_parent_percent=-5.019816
