SAME_BINARY_SAMPLE binary=CANDIDATE_V056 case=fp16-128x128 pair=01 order=A,B first_device_us=17.9200 second_device_us=30.8400 first_gelem_s=0.914286 second_gelem_s=0.531258 first_wall_us=117.9910 second_wall_us=82.2510 second_minus_first_us=12.9200
SAME_BINARY_SAMPLE binary=CANDIDATE_V056 case=fp16-128x128 pair=02 order=B,A first_device_us=6.6200 second_device_us=23.5400 first_gelem_s=2.474924 second_gelem_s=0.696007 first_wall_us=72.7410 second_wall_us=84.9510 second_minus_first_us=16.9200
SAME_BINARY_SAMPLE binary=CANDIDATE_V056 case=fp16-128x128 pair=03 order=A,B first_device_us=17.2800 second_device_us=19.4000 first_gelem_s=0.948148 second_gelem_s=0.844536 first_wall_us=69.2110 second_wall_us=124.0520 second_minus_first_us=2.1200
SAME_BINARY_SAMPLE binary=CANDIDATE_V056 case=fp16-128x128 pair=04 order=B,A first_device_us=21.7400 second_device_us=11.9400 first_gelem_s=0.753634 second_gelem_s=1.372194 first_wall_us=66.1710 second_wall_us=66.0810 second_minus_first_us=-9.8000
SAME_BINARY_SAMPLE binary=CANDIDATE_V056 case=fp16-128x128 pair=05 order=A,B first_device_us=19.0000 second_device_us=15.4400 first_gelem_s=0.862316 second_gelem_s=1.061140 first_wall_us=66.5110 second_wall_us=64.9010 second_minus_first_us=-3.5600
SAME_BINARY_SAMPLE binary=CANDIDATE_V056 case=fp16-128x128 pair=06 order=B,A first_device_us=56.4200 second_device_us=9.1800 first_gelem_s=0.290393 second_gelem_s=1.784749 first_wall_us=109.4320 second_wall_us=70.6710 second_minus_first_us=-47.2400
SAME_BINARY_SAMPLE binary=CANDIDATE_V056 case=fp16-128x128 pair=07 order=A,B first_device_us=7.3200 second_device_us=18.7800 first_gelem_s=2.238251 second_gelem_s=0.872417 first_wall_us=70.0410 second_wall_us=66.1810 second_minus_first_us=11.4600
SAME_BINARY_SAMPLE binary=CANDIDATE_V056 case=fp16-128x128 pair=08 order=B,A first_device_us=22.0000 second_device_us=7.8000 first_gelem_s=0.744727 second_gelem_s=2.100513 first_wall_us=66.5710 second_wall_us=68.6410 second_minus_first_us=-14.2000
SAME_BINARY_SAMPLE binary=CANDIDATE_V056 case=fp16-128x128 pair=09 order=A,B first_device_us=16.9600 second_device_us=16.0000 first_gelem_s=0.966038 second_gelem_s=1.024000 first_wall_us=67.2210 second_wall_us=64.9610 second_minus_first_us=-0.9600
SAME_BINARY_SAMPLE binary=CANDIDATE_V056 case=fp16-128x128 pair=10 order=B,A first_device_us=165.1200 second_device_us=18.7200 first_gelem_s=0.099225 second_gelem_s=0.875214 first_wall_us=222.9830 second_wall_us=73.0510 second_minus_first_us=-146.4000
SAME_BINARY_SAMPLE binary=CANDIDATE_V056 case=fp16-128x128 pair=11 order=A,B first_device_us=7.9200 second_device_us=8.0800 first_gelem_s=2.068687 second_gelem_s=2.027723 first_wall_us=70.1610 second_wall_us=69.8910 second_minus_first_us=0.1600
SAME_BINARY_SAMPLE binary=CANDIDATE_V056 case=fp16-128x128 pair=12 order=B,A first_device_us=15.0800 second_device_us=83.7400 first_gelem_s=1.086472 second_gelem_s=0.195653 first_wall_us=66.4710 second_wall_us=134.9620 second_minus_first_us=68.6600
SAME_BINARY_SAMPLE binary=CANDIDATE_V056 case=fp16-128x128 pair=13 order=A,B first_device_us=17.2400 second_device_us=20.3200 first_gelem_s=0.950348 second_gelem_s=0.806299 first_wall_us=72.6310 second_wall_us=70.0810 second_minus_first_us=3.0800
SAME_BINARY_SAMPLE binary=CANDIDATE_V056 case=fp16-128x128 pair=14 order=B,A first_device_us=16.6000 second_device_us=21.3000 first_gelem_s=0.986988 second_gelem_s=0.769202 first_wall_us=68.9910 second_wall_us=66.2210 second_minus_first_us=4.7000
SAME_BINARY_SAMPLE binary=CANDIDATE_V056 case=fp16-128x128 pair=15 order=A,B first_device_us=16.6600 second_device_us=24.4200 first_gelem_s=0.983433 second_gelem_s=0.670925 first_wall_us=67.3610 second_wall_us=66.1410 second_minus_first_us=7.7600
SAME_BINARY_SAMPLE binary=CANDIDATE_V056 case=fp16-128x128 pair=16 order=B,A first_device_us=13.2200 second_device_us=19.3800 first_gelem_s=1.239334 second_gelem_s=0.845408 first_wall_us=65.9910 second_wall_us=63.9310 second_minus_first_us=6.1600
SAME_BINARY_SAMPLE binary=CANDIDATE_V056 case=fp16-128x128 pair=17 order=A,B first_device_us=15.8000 second_device_us=16.0800 first_gelem_s=1.036962 second_gelem_s=1.018906 first_wall_us=65.8610 second_wall_us=63.9310 second_minus_first_us=0.2800
SAME_BINARY_SAMPLE binary=CANDIDATE_V056 case=fp16-128x128 pair=18 order=B,A first_device_us=8.0000 second_device_us=7.8800 first_gelem_s=2.048000 second_gelem_s=2.079188 first_wall_us=80.1610 second_wall_us=85.0020 second_minus_first_us=-0.1200
SAME_BINARY_SAMPLE binary=CANDIDATE_V056 case=fp16-128x128 pair=19 order=A,B first_device_us=7.1800 second_device_us=14.8000 first_gelem_s=2.281894 second_gelem_s=1.107027 first_wall_us=66.8610 second_wall_us=64.4010 second_minus_first_us=7.6200
SAME_BINARY_SAMPLE binary=CANDIDATE_V056 case=fp16-128x128 pair=20 order=B,A first_device_us=15.6800 second_device_us=8.0400 first_gelem_s=1.044898 second_gelem_s=2.037811 first_wall_us=66.3210 second_wall_us=67.5610 second_minus_first_us=-7.6400
SAME_BINARY_SAMPLE binary=CANDIDATE_V056 case=fp16-128x128 pair=21 order=A,B first_device_us=20.3400 second_device_us=15.9800 first_gelem_s=0.805506 second_gelem_s=1.025282 first_wall_us=65.8410 second_wall_us=68.0410 second_minus_first_us=-4.3600
SAME_BINARY_SAMPLE binary=CANDIDATE_V056 case=fp16-128x128 pair=22 order=B,A first_device_us=16.8800 second_device_us=24.6600 first_gelem_s=0.970616 second_gelem_s=0.664396 first_wall_us=64.9410 second_wall_us=74.3010 second_minus_first_us=7.7800
SAME_BINARY_SAMPLE binary=CANDIDATE_V056 case=fp16-128x128 pair=23 order=A,B first_device_us=14.9000 second_device_us=17.1800 first_gelem_s=1.099597 second_gelem_s=0.953667 first_wall_us=65.5510 second_wall_us=65.7910 second_minus_first_us=2.2800
SAME_BINARY_SAMPLE binary=CANDIDATE_V056 case=fp16-128x128 pair=24 order=B,A first_device_us=19.7600 second_device_us=8.4400 first_gelem_s=0.829150 second_gelem_s=1.941232 first_wall_us=67.2110 second_wall_us=68.0710 second_minus_first_us=-11.3200
SAME_BINARY_SAMPLE binary=CANDIDATE_V056 case=fp16-128x128 pair=25 order=A,B first_device_us=15.4400 second_device_us=17.3000 first_gelem_s=1.061140 second_gelem_s=0.947052 first_wall_us=82.2420 second_wall_us=68.3810 second_minus_first_us=1.8600
SAME_BINARY_SAMPLE binary=CANDIDATE_V056 case=fp16-128x128 pair=26 order=B,A first_device_us=29.8600 second_device_us=9.6000 first_gelem_s=0.548694 second_gelem_s=1.706667 first_wall_us=83.3910 second_wall_us=79.0410 second_minus_first_us=-20.2600
SAME_BINARY_SAMPLE binary=CANDIDATE_V056 case=fp16-128x128 pair=27 order=A,B first_device_us=14.9000 second_device_us=17.7800 first_gelem_s=1.099597 second_gelem_s=0.921485 first_wall_us=64.4200 second_wall_us=63.7300 second_minus_first_us=2.8800
SAME_BINARY_SAMPLE binary=CANDIDATE_V056 case=fp16-128x128 pair=28 order=B,A first_device_us=15.5800 second_device_us=23.0200 first_gelem_s=1.051605 second_gelem_s=0.711729 first_wall_us=66.2510 second_wall_us=65.3810 second_minus_first_us=7.4400
SAME_BINARY_SAMPLE binary=CANDIDATE_V056 case=fp16-128x128 pair=29 order=A,B first_device_us=12.7000 second_device_us=11.9800 first_gelem_s=1.290079 second_gelem_s=1.367613 first_wall_us=67.6110 second_wall_us=82.3010 second_minus_first_us=-0.7200
SAME_BINARY_SAMPLE binary=CANDIDATE_V056 case=fp16-128x128 pair=30 order=B,A first_device_us=55.5600 second_device_us=19.1200 first_gelem_s=0.294888 second_gelem_s=0.856904 first_wall_us=100.8620 second_wall_us=65.3910 second_minus_first_us=-36.4400
SAME_BINARY_SAMPLE binary=CANDIDATE_V056 case=fp16-128x128 pair=31 order=A,B first_device_us=8.1200 second_device_us=24.6200 first_gelem_s=2.017734 second_gelem_s=0.665475 first_wall_us=69.2610 second_wall_us=76.0810 second_minus_first_us=16.5000
LOCAL_STATS case=CANDIDATE_V056 metric=device_us binary=same_binary_first n=31 median=16.6000 mean=22.8323 stdev=28.7262 cv=1.25814 min=6.6200 max=165.1200 mad=3.1600 p10=7.9200 p90=29.8600
LOCAL_STATS case=CANDIDATE_V056 metric=device_us binary=same_binary_second n=31 median=17.3000 mean=18.8826 stdev=13.4373 cv=0.71162 min=7.8000 max=83.7400 mad=5.3200 p10=8.0800 p90=24.6200
LOCAL_STATS case=CANDIDATE_V056 metric=paired_delta_us binary=same_binary_second_minus_first n=31 median=1.8600 mean=-3.9497 stdev=32.3176 cv=-8.18235 min=-146.4000 max=68.6600 mad=5.9000 p10=-20.2600 p90=12.9200
LOCAL_STATS case=CANDIDATE_V056 metric=gelem_s binary=same_binary_first n=31 median=0.9870 mean=1.1319 stdev=0.5919 cv=0.52294 min=0.0992 max=2.4749 mad=0.1578 p10=0.5487 p90=2.0687
LOCAL_STATS case=CANDIDATE_V056 metric=gelem_s binary=same_binary_second n=31 median=0.9471 mean=1.1123 stdev=0.5160 cv=0.46388 min=0.1957 max=2.1005 mad=0.2353 p10=0.6655 p90=2.0277
LOCAL_STATS case=CANDIDATE_V056 metric=wall_us binary=same_binary_first n=31 median=67.3610 mean=77.9763 stdev=29.9638 cv=0.38427 min=64.4200 max=222.9830 mad=1.8100 p10=65.8410 p90=100.8620
LOCAL_STATS case=CANDIDATE_V056 metric=wall_us binary=same_binary_second n=31 median=68.0710 mean=74.0120 stdev=16.1996 cv=0.21888 min=63.7300 max=134.9620 mad=3.1100 p10=64.4010 p90=84.9510
SAME_BINARY_QUALIFICATION binary=CANDIDATE_V056 case=fp16-128x128 samples=31 first_mad_over_median=0.190361 second_mad_over_median=0.307514 median_drift_fraction=0.041298
SAME_BINARY_SUMMARY binary=CANDIDATE_V056 device=3 shape=128x128 dtype=fp16 samples=31
