
> cann@1.0.0 cannjudge:submit
> node 工具/cannjudge-submit.mjs submit --yes --source /Users/sunyiyang/Desktop/Project/cann/worktrees/w3/m1/adaptive-core-ownership/本地实验/ADAPTIVE-CORE-OWNERSHIP-CHAMPION-X/V015/submission.asc --out /Users/sunyiyang/Desktop/Project/cann/worktrees/w3/m1/phase3-integration/线上结果/ADAPTIVE-CORE-OWNERSHIP-CHAMPION-X/V015/official-result.json --json

{
  "phase": "preflight",
  "source": "/Users/sunyiyang/Desktop/Project/cann/worktrees/w3/m1/adaptive-core-ownership/本地实验/ADAPTIVE-CORE-OWNERSHIP-CHAMPION-X/V015/submission.asc",
  "lines": 3560,
  "bytes": 190299,
  "sha256": "2b420e5d1ad012cba04fad3db44049387a11960a0d92b6ca1624db03c5cc3ded",
  "firstNonEmptyLine": "#include <cmath>",
  "lastNonEmptyLine": "#endif  // !defined(ASCENDC_CPU_DEBUG)",
  "identity": {
    "sourcePath": "/Users/sunyiyang/Desktop/Project/cann/worktrees/w3/m1/adaptive-core-ownership/本地实验/ADAPTIVE-CORE-OWNERSHIP-CHAMPION-X/V015/submission.asc",
    "lineCount": 3560,
    "byteCount": 190299,
    "localSha256": "2b420e5d1ad012cba04fad3db44049387a11960a0d92b6ca1624db03c5cc3ded",
    "firstNonEmptyLine": "#include <cmath>",
    "lastNonEmptyLine": "#endif  // !defined(ASCENDC_CPU_DEBUG)",
    "sidecarPath": null,
    "sidecarSha256": null,
    "sidecarMatch": null
  }
}
Submitting one request for problem 6a9a9a99bf41025d6013eb85...
submissionId=6ac63990694b590c3c0c562c
[CANNJudge] status=Running
[CANNJudge] status=Pass
{
  "submissionId": "6ac63990694b590c3c0c562c",
  "status": "Pass",
  "statusKey": "pass",
  "passCount": 15,
  "testcaseCount": 15,
  "maxOutputErrorPercent": 0,
  "officialScore": 34.03,
  "calculatedScore": 34.02925389431547,
  "scoreFormula": "s_i = 100 / (1 + log_1.5(time_i / best_time_i)); total = mean(s_i)",
  "source": {
    "source": "/Users/sunyiyang/Desktop/Project/cann/worktrees/w3/m1/adaptive-core-ownership/本地实验/ADAPTIVE-CORE-OWNERSHIP-CHAMPION-X/V015/submission.asc",
    "lines": 3560,
    "bytes": 190299,
    "sha256": "2b420e5d1ad012cba04fad3db44049387a11960a0d92b6ca1624db03c5cc3ded",
    "firstNonEmptyLine": "#include <cmath>",
    "lastNonEmptyLine": "#endif  // !defined(ASCENDC_CPU_DEBUG)"
  },
  "identity": {
    "sourcePath": "/Users/sunyiyang/Desktop/Project/cann/worktrees/w3/m1/adaptive-core-ownership/本地实验/ADAPTIVE-CORE-OWNERSHIP-CHAMPION-X/V015/submission.asc",
    "lineCount": 3560,
    "byteCount": 190299,
    "localSha256": "2b420e5d1ad012cba04fad3db44049387a11960a0d92b6ca1624db03c5cc3ded",
    "firstNonEmptyLine": "#include <cmath>",
    "lastNonEmptyLine": "#endif  // !defined(ASCENDC_CPU_DEBUG)",
    "sidecarPath": null,
    "sidecarSha256": null,
    "sidecarMatch": null,
    "remoteSha256": "2b420e5d1ad012cba04fad3db44049387a11960a0d92b6ca1624db03c5cc3ded",
    "remoteBytes": 190299,
    "remoteLines": 3560,
    "localEqualsRemote": "true",
    "identityStatus": "LOCAL_SHA_EQ_REMOTE_SHA",
    "formalResultEligible": true
  },
  "testcases": [
    {
      "index": 1,
      "testcaseId": "6a9a9a99bf41025d6013eb8a",
      "status": "Pass",
      "statusKey": "pass",
      "errorPercent": 0,
      "timeUs": 5.14,
      "bestTimeUs": 1.17,
      "score": 21.504216556072524
    },
    {
      "index": 2,
      "testcaseId": "6a9a9a99bf41025d6013eb8e",
      "status": "Pass",
      "statusKey": "pass",
      "errorPercent": 0,
      "timeUs": 3.24,
      "bestTimeUs": 1.68,
      "score": 38.17059565408049
    },
    {
      "index": 3,
      "testcaseId": "6a9a9a99bf41025d6013eb92",
      "status": "Pass",
      "statusKey": "pass",
      "errorPercent": 0,
      "timeUs": 5.18,
      "bestTimeUs": 1.8,
      "score": 27.72442275437924
    },
    {
      "index": 4,
      "testcaseId": "6a9a9a99bf41025d6013eb96",
      "status": "Pass",
      "statusKey": "pass",
      "errorPercent": 0,
      "timeUs": 17,
      "bestTimeUs": 4.05,
      "score": 22.03660742097327
    },
    {
      "index": 5,
      "testcaseId": "6a9a9a99bf41025d6013eb9a",
      "status": "Pass",
      "statusKey": "pass",
      "errorPercent": 0,
      "timeUs": 9.9,
      "bestTimeUs": 3.54,
      "score": 28.2776137814105
    },
    {
      "index": 6,
      "testcaseId": "6a9a9a99bf41025d6013eb9e",
      "status": "Pass",
      "statusKey": "pass",
      "errorPercent": 0,
      "timeUs": 28.77,
      "bestTimeUs": 7.97,
      "score": 24.00460583649328
    },
    {
      "index": 7,
      "testcaseId": "6a9a9a99bf41025d6013eba2",
      "status": "Pass",
      "statusKey": "pass",
      "errorPercent": 0,
      "timeUs": 52.28,
      "bestTimeUs": 10.41,
      "score": 20.07936788223093
    },
    {
      "index": 8,
      "testcaseId": "6a9a9a99bf41025d6013eba6",
      "status": "Pass",
      "statusKey": "pass",
      "errorPercent": 0,
      "timeUs": 69.98,
      "bestTimeUs": 30.16,
      "score": 32.5111245914556
    },
    {
      "index": 9,
      "testcaseId": "6a9a9a99bf41025d6013ebaa",
      "status": "Pass",
      "statusKey": "pass",
      "errorPercent": 0,
      "timeUs": 72.03,
      "bestTimeUs": 43.77,
      "score": 44.872231841143176
    },
    {
      "index": 10,
      "testcaseId": "6a9a9a99bf41025d6013ebae",
      "status": "Pass",
      "statusKey": "pass",
      "errorPercent": 0,
      "timeUs": 74.73,
      "bestTimeUs": 46.63,
      "score": 46.22778464772661
    },
    {
      "index": 11,
      "testcaseId": "6a9a9a99bf41025d6013ebb2",
      "status": "Pass",
      "statusKey": "pass",
      "errorPercent": 0,
      "timeUs": 164.14,
      "bestTimeUs": 92.9,
      "score": 41.600621278496256
    },
    {
      "index": 12,
      "testcaseId": "6a9a9a99bf41025d6013ebb6",
      "status": "Pass",
      "statusKey": "pass",
      "errorPercent": 0,
      "timeUs": 97.2,
      "bestTimeUs": 49.29,
      "score": 37.38678193317027
    },
    {
      "index": 13,
      "testcaseId": "6a9a9a99bf41025d6013ebba",
      "status": "Pass",
      "statusKey": "pass",
      "errorPercent": 0,
      "timeUs": 564.74,
      "bestTimeUs": 369.66,
      "score": 48.89558368844825
    },
    {
      "index": 14,
      "testcaseId": "6a9a9a99bf41025d6013ebbe",
      "status": "Pass",
      "statusKey": "pass",
      "errorPercent": 0,
      "timeUs": 16489.42,
      "bestTimeUs": 3588.84,
      "score": 21.004690823965113
    },
    {
      "index": 15,
      "testcaseId": "6a9a9a99bf41025d6013ebc2",
      "status": "Pass",
      "statusKey": "pass",
      "errorPercent": 0,
      "timeUs": 9674.02,
      "bestTimeUs": 7047.71,
      "score": 56.142559724686485
    }
  ],
  "result": [
    {
      "testcase_id": "6a9a9a99bf41025d6013eb8a",
      "time": 5.14,
      "precision_ratio": 1,
      "testcase_status": "Pass",
      "score": 0,
      "type": "default",
      "best_time": 1.17
    },
    {
      "testcase_id": "6a9a9a99bf41025d6013eb8e",
      "time": 3.24,
      "precision_ratio": 1,
      "testcase_status": "Pass",
      "score": 0,
      "type": "default",
      "best_time": 1.68
    },
    {
      "testcase_id": "6a9a9a99bf41025d6013eb92",
      "time": 5.18,
      "precision_ratio": 1,
      "testcase_status": "Pass",
      "score": 0,
      "type": "default",
      "best_time": 1.8
    },
    {
      "testcase_id": "6a9a9a99bf41025d6013eb96",
      "time": 17,
      "precision_ratio": 1,
      "testcase_status": "Pass",
      "score": 0,
      "type": "default",
      "best_time": 4.05
    },
    {
      "testcase_id": "6a9a9a99bf41025d6013eb9a",
      "time": 9.9,
      "precision_ratio": 1,
      "testcase_status": "Pass",
      "score": 0,
      "type": "default",
      "best_time": 3.54
    },
    {
      "testcase_id": "6a9a9a99bf41025d6013eb9e",
      "time": 28.77,
      "precision_ratio": 1,
      "testcase_status": "Pass",
      "score": 0,
      "type": "default",
      "best_time": 7.97
    },
    {
      "testcase_id": "6a9a9a99bf41025d6013eba2",
      "time": 52.28,
      "precision_ratio": 1,
      "testcase_status": "Pass",
      "score": 0,
      "type": "default",
      "best_time": 10.41
    },
    {
      "testcase_id": "6a9a9a99bf41025d6013eba6",
      "time": 69.98,
      "precision_ratio": 1,
      "testcase_status": "Pass",
      "score": 0,
      "type": "default",
      "best_time": 30.16
    },
    {
      "testcase_id": "6a9a9a99bf41025d6013ebaa",
      "time": 72.03,
      "precision_ratio": 1,
      "testcase_status": "Pass",
      "score": 0,
      "type": "default",
      "best_time": 43.77
    },
    {
      "testcase_id": "6a9a9a99bf41025d6013ebae",
      "time": 74.73,
      "precision_ratio": 1,
      "testcase_status": "Pass",
      "score": 0,
      "type": "default",
      "best_time": 46.63
    },
    {
      "testcase_id": "6a9a9a99bf41025d6013ebb2",
      "time": 164.14,
      "precision_ratio": 1,
      "testcase_status": "Pass",
      "score": 0,
      "type": "default",
      "best_time": 92.9
    },
    {
      "testcase_id": "6a9a9a99bf41025d6013ebb6",
      "time": 97.2,
      "precision_ratio": 1,
      "testcase_status": "Pass",
      "score": 0,
      "type": "default",
      "best_time": 49.29
    },
    {
      "testcase_id": "6a9a9a99bf41025d6013ebba",
      "time": 564.74,
      "precision_ratio": 1,
      "testcase_status": "Pass",
      "score": 0,
      "type": "default",
      "best_time": 369.66
    },
    {
      "testcase_id": "6a9a9a99bf41025d6013ebbe",
      "time": 16489.42,
      "precision_ratio": 1,
      "testcase_status": "Pass",
      "score": 0,
      "type": "default",
      "best_time": 3588.84
    },
    {
      "testcase_id": "6a9a9a99bf41025d6013ebc2",
      "time": 9674.02,
      "precision_ratio": 1,
      "testcase_status": "Pass",
      "score": 0,
      "type": "default",
      "best_time": 7047.71
    }
  ]
}
