ROUTE=MODE-DISPATCH-CUTOFF-X
REVISION=V094
GATE=INTERLEAVED_LOCAL
PARENT=R31B-V011
PARENT_SHA256=a8c19a1972207acc67e3fb0cd393cc70b0a4b183d1eaf5610edf80c2879b15e3
CANDIDATE_SHA256=cfa9be0899be047b47c92186188529e2c69a8eb476d898aa07b73005398c78d8
DEVICE=2
DTYPE=FP32
WIDTHS=1008,1016,1024
WARMUP=45
SAMPLES_PER_BLOCK=31
BLOCKS=2
GAP_SEC=0
BATCH_N=64
PAIRS_PER_SHAPE=6
PAIR_ORDER=01:P,C;02:C,P;03:P,C;04:C,P;05:P,C;06:C,P
PARTIAL_CORRECTNESS=YES
LOCAL_SCORE_COMPARABLE_TO_OFFICIAL=NO
ENV_RC=0
START_UTC=2026-10-08T16:37:51.603077592Z
PAIR=01 WIDTH=1008 ORDER=parent,candidate
START_UTC=2026-10-08T16:37:53.492319828Z
COMMAND=本地实验/R-W4-4/V094/partial-ranking/stage/build-v094/clx_ref_parent_probe 2 128 1008 0 本地实验/R-W4-4/V094/partial-ranking/v094-local-pair01-parent-r128-w1008-fp32 45 31 2 0 64
RESULT pair=01 side=parent width=1008 rc=0 REF_HARNESS device=2 shape=128x1008 dtype=0 warmup=45 samples=31 blocks=2 bad=0 
END_UTC=2026-10-08T16:38:00.426802133Z
START_UTC=2026-10-08T16:38:00.432459168Z
COMMAND=本地实验/R-W4-4/V094/partial-ranking/stage/build-v094/clx_ref_candidate_probe 2 128 1008 0 本地实验/R-W4-4/V094/partial-ranking/v094-local-pair01-candidate-r128-w1008-fp32 45 31 2 0 64
RESULT pair=01 side=candidate width=1008 rc=0 REF_HARNESS device=2 shape=128x1008 dtype=0 warmup=45 samples=31 blocks=2 bad=0 
END_UTC=2026-10-08T16:38:06.580071415Z
PAIR=02 WIDTH=1008 ORDER=candidate,parent
START_UTC=2026-10-08T16:38:10.295615356Z
COMMAND=本地实验/R-W4-4/V094/partial-ranking/stage/build-v094/clx_ref_candidate_probe 2 128 1008 0 本地实验/R-W4-4/V094/partial-ranking/v094-local-pair02-candidate-r128-w1008-fp32 45 31 2 0 64
RESULT pair=02 side=candidate width=1008 rc=0 REF_HARNESS device=2 shape=128x1008 dtype=0 warmup=45 samples=31 blocks=2 bad=0 
END_UTC=2026-10-08T16:38:16.634444237Z
START_UTC=2026-10-08T16:38:16.640820688Z
COMMAND=本地实验/R-W4-4/V094/partial-ranking/stage/build-v094/clx_ref_parent_probe 2 128 1008 0 本地实验/R-W4-4/V094/partial-ranking/v094-local-pair02-parent-r128-w1008-fp32 45 31 2 0 64
RESULT pair=02 side=parent width=1008 rc=0 REF_HARNESS device=2 shape=128x1008 dtype=0 warmup=45 samples=31 blocks=2 bad=0 
END_UTC=2026-10-08T16:38:23.185638261Z
PAIR=03 WIDTH=1008 ORDER=parent,candidate
START_UTC=2026-10-08T16:38:26.976678208Z
COMMAND=本地实验/R-W4-4/V094/partial-ranking/stage/build-v094/clx_ref_parent_probe 2 128 1008 0 本地实验/R-W4-4/V094/partial-ranking/v094-local-pair03-parent-r128-w1008-fp32 45 31 2 0 64
RESULT pair=03 side=parent width=1008 rc=0 REF_HARNESS device=2 shape=128x1008 dtype=0 warmup=45 samples=31 blocks=2 bad=0 
END_UTC=2026-10-08T16:38:34.106588742Z
START_UTC=2026-10-08T16:38:34.110818956Z
COMMAND=本地实验/R-W4-4/V094/partial-ranking/stage/build-v094/clx_ref_candidate_probe 2 128 1008 0 本地实验/R-W4-4/V094/partial-ranking/v094-local-pair03-candidate-r128-w1008-fp32 45 31 2 0 64
RESULT pair=03 side=candidate width=1008 rc=0 REF_HARNESS device=2 shape=128x1008 dtype=0 warmup=45 samples=31 blocks=2 bad=0 
END_UTC=2026-10-08T16:38:40.443126305Z
PAIR=04 WIDTH=1008 ORDER=candidate,parent
START_UTC=2026-10-08T16:38:44.217153114Z
COMMAND=本地实验/R-W4-4/V094/partial-ranking/stage/build-v094/clx_ref_candidate_probe 2 128 1008 0 本地实验/R-W4-4/V094/partial-ranking/v094-local-pair04-candidate-r128-w1008-fp32 45 31 2 0 64
RESULT pair=04 side=candidate width=1008 rc=0 REF_HARNESS device=2 shape=128x1008 dtype=0 warmup=45 samples=31 blocks=2 bad=0 
END_UTC=2026-10-08T16:38:50.780655258Z
START_UTC=2026-10-08T16:38:50.784844661Z
COMMAND=本地实验/R-W4-4/V094/partial-ranking/stage/build-v094/clx_ref_parent_probe 2 128 1008 0 本地实验/R-W4-4/V094/partial-ranking/v094-local-pair04-parent-r128-w1008-fp32 45 31 2 0 64
RESULT pair=04 side=parent width=1008 rc=0 REF_HARNESS device=2 shape=128x1008 dtype=0 warmup=45 samples=31 blocks=2 bad=0 
END_UTC=2026-10-08T16:38:58.099415090Z
PAIR=05 WIDTH=1008 ORDER=parent,candidate
START_UTC=2026-10-08T16:39:01.906169904Z
COMMAND=本地实验/R-W4-4/V094/partial-ranking/stage/build-v094/clx_ref_parent_probe 2 128 1008 0 本地实验/R-W4-4/V094/partial-ranking/v094-local-pair05-parent-r128-w1008-fp32 45 31 2 0 64
RESULT pair=05 side=parent width=1008 rc=0 REF_HARNESS device=2 shape=128x1008 dtype=0 warmup=45 samples=31 blocks=2 bad=0 
END_UTC=2026-10-08T16:39:09.808412396Z
START_UTC=2026-10-08T16:39:09.813004993Z
COMMAND=本地实验/R-W4-4/V094/partial-ranking/stage/build-v094/clx_ref_candidate_probe 2 128 1008 0 本地实验/R-W4-4/V094/partial-ranking/v094-local-pair05-candidate-r128-w1008-fp32 45 31 2 0 64
RESULT pair=05 side=candidate width=1008 rc=0 REF_HARNESS device=2 shape=128x1008 dtype=0 warmup=45 samples=31 blocks=2 bad=0 
END_UTC=2026-10-08T16:39:17.524577898Z
PAIR=06 WIDTH=1008 ORDER=candidate,parent
START_UTC=2026-10-08T16:39:21.319523661Z
COMMAND=本地实验/R-W4-4/V094/partial-ranking/stage/build-v094/clx_ref_candidate_probe 2 128 1008 0 本地实验/R-W4-4/V094/partial-ranking/v094-local-pair06-candidate-r128-w1008-fp32 45 31 2 0 64
RESULT pair=06 side=candidate width=1008 rc=0 REF_HARNESS device=2 shape=128x1008 dtype=0 warmup=45 samples=31 blocks=2 bad=0 
END_UTC=2026-10-08T16:39:27.871914305Z
START_UTC=2026-10-08T16:39:27.877606759Z
COMMAND=本地实验/R-W4-4/V094/partial-ranking/stage/build-v094/clx_ref_parent_probe 2 128 1008 0 本地实验/R-W4-4/V094/partial-ranking/v094-local-pair06-parent-r128-w1008-fp32 45 31 2 0 64
RESULT pair=06 side=parent width=1008 rc=0 REF_HARNESS device=2 shape=128x1008 dtype=0 warmup=45 samples=31 blocks=2 bad=0 
END_UTC=2026-10-08T16:39:35.212471222Z
PAIR=01 WIDTH=1016 ORDER=parent,candidate
START_UTC=2026-10-08T16:39:39.013275433Z
COMMAND=本地实验/R-W4-4/V094/partial-ranking/stage/build-v094/clx_ref_parent_probe 2 128 1016 0 本地实验/R-W4-4/V094/partial-ranking/v094-local-pair01-parent-r128-w1016-fp32 45 31 2 0 64
RESULT pair=01 side=parent width=1016 rc=0 REF_HARNESS device=2 shape=128x1016 dtype=0 warmup=45 samples=31 blocks=2 bad=0 
END_UTC=2026-10-08T16:39:45.613549661Z
START_UTC=2026-10-08T16:39:45.632488219Z
COMMAND=本地实验/R-W4-4/V094/partial-ranking/stage/build-v094/clx_ref_candidate_probe 2 128 1016 0 本地实验/R-W4-4/V094/partial-ranking/v094-local-pair01-candidate-r128-w1016-fp32 45 31 2 0 64
RESULT pair=01 side=candidate width=1016 rc=0 REF_HARNESS device=2 shape=128x1016 dtype=0 warmup=45 samples=31 blocks=2 bad=0 
END_UTC=2026-10-08T16:39:52.592347040Z
PAIR=02 WIDTH=1016 ORDER=candidate,parent
START_UTC=2026-10-08T16:39:56.382156229Z
COMMAND=本地实验/R-W4-4/V094/partial-ranking/stage/build-v094/clx_ref_candidate_probe 2 128 1016 0 本地实验/R-W4-4/V094/partial-ranking/v094-local-pair02-candidate-r128-w1016-fp32 45 31 2 0 64
RESULT pair=02 side=candidate width=1016 rc=0 REF_HARNESS device=2 shape=128x1016 dtype=0 warmup=45 samples=31 blocks=2 bad=0 
END_UTC=2026-10-08T16:40:03.144385069Z
START_UTC=2026-10-08T16:40:03.149825502Z
COMMAND=本地实验/R-W4-4/V094/partial-ranking/stage/build-v094/clx_ref_parent_probe 2 128 1016 0 本地实验/R-W4-4/V094/partial-ranking/v094-local-pair02-parent-r128-w1016-fp32 45 31 2 0 64
RESULT pair=02 side=parent width=1016 rc=0 REF_HARNESS device=2 shape=128x1016 dtype=0 warmup=45 samples=31 blocks=2 bad=0 
END_UTC=2026-10-08T16:40:09.691868641Z
PAIR=03 WIDTH=1016 ORDER=parent,candidate
START_UTC=2026-10-08T16:40:13.457606269Z
COMMAND=本地实验/R-W4-4/V094/partial-ranking/stage/build-v094/clx_ref_parent_probe 2 128 1016 0 本地实验/R-W4-4/V094/partial-ranking/v094-local-pair03-parent-r128-w1016-fp32 45 31 2 0 64
RESULT pair=03 side=parent width=1016 rc=0 REF_HARNESS device=2 shape=128x1016 dtype=0 warmup=45 samples=31 blocks=2 bad=0 
END_UTC=2026-10-08T16:40:20.181552276Z
START_UTC=2026-10-08T16:40:20.186753047Z
COMMAND=本地实验/R-W4-4/V094/partial-ranking/stage/build-v094/clx_ref_candidate_probe 2 128 1016 0 本地实验/R-W4-4/V094/partial-ranking/v094-local-pair03-candidate-r128-w1016-fp32 45 31 2 0 64
RESULT pair=03 side=candidate width=1016 rc=0 REF_HARNESS device=2 shape=128x1016 dtype=0 warmup=45 samples=31 blocks=2 bad=0 
END_UTC=2026-10-08T16:40:26.542085358Z
PAIR=04 WIDTH=1016 ORDER=candidate,parent
START_UTC=2026-10-08T16:40:30.240569470Z
COMMAND=本地实验/R-W4-4/V094/partial-ranking/stage/build-v094/clx_ref_candidate_probe 2 128 1016 0 本地实验/R-W4-4/V094/partial-ranking/v094-local-pair04-candidate-r128-w1016-fp32 45 31 2 0 64
RESULT pair=04 side=candidate width=1016 rc=0 REF_HARNESS device=2 shape=128x1016 dtype=0 warmup=45 samples=31 blocks=2 bad=0 
END_UTC=2026-10-08T16:40:36.980257191Z
START_UTC=2026-10-08T16:40:36.987686809Z
COMMAND=本地实验/R-W4-4/V094/partial-ranking/stage/build-v094/clx_ref_parent_probe 2 128 1016 0 本地实验/R-W4-4/V094/partial-ranking/v094-local-pair04-parent-r128-w1016-fp32 45 31 2 0 64
RESULT pair=04 side=parent width=1016 rc=0 REF_HARNESS device=2 shape=128x1016 dtype=0 warmup=45 samples=31 blocks=2 bad=0 
END_UTC=2026-10-08T16:40:43.714840678Z
PAIR=05 WIDTH=1016 ORDER=parent,candidate
START_UTC=2026-10-08T16:40:47.601682340Z
COMMAND=本地实验/R-W4-4/V094/partial-ranking/stage/build-v094/clx_ref_parent_probe 2 128 1016 0 本地实验/R-W4-4/V094/partial-ranking/v094-local-pair05-parent-r128-w1016-fp32 45 31 2 0 64
RESULT pair=05 side=parent width=1016 rc=0 REF_HARNESS device=2 shape=128x1016 dtype=0 warmup=45 samples=31 blocks=2 bad=0 
END_UTC=2026-10-08T16:40:55.519956776Z
START_UTC=2026-10-08T16:40:55.527328933Z
COMMAND=本地实验/R-W4-4/V094/partial-ranking/stage/build-v094/clx_ref_candidate_probe 2 128 1016 0 本地实验/R-W4-4/V094/partial-ranking/v094-local-pair05-candidate-r128-w1016-fp32 45 31 2 0 64
RESULT pair=05 side=candidate width=1016 rc=0 REF_HARNESS device=2 shape=128x1016 dtype=0 warmup=45 samples=31 blocks=2 bad=0 
END_UTC=2026-10-08T16:41:02.449070654Z
PAIR=06 WIDTH=1016 ORDER=candidate,parent
START_UTC=2026-10-08T16:41:06.314806137Z
COMMAND=本地实验/R-W4-4/V094/partial-ranking/stage/build-v094/clx_ref_candidate_probe 2 128 1016 0 本地实验/R-W4-4/V094/partial-ranking/v094-local-pair06-candidate-r128-w1016-fp32 45 31 2 0 64
RESULT pair=06 side=candidate width=1016 rc=0 REF_HARNESS device=2 shape=128x1016 dtype=0 warmup=45 samples=31 blocks=2 bad=0 
END_UTC=2026-10-08T16:41:12.839192283Z
START_UTC=2026-10-08T16:41:12.843717218Z
COMMAND=本地实验/R-W4-4/V094/partial-ranking/stage/build-v094/clx_ref_parent_probe 2 128 1016 0 本地实验/R-W4-4/V094/partial-ranking/v094-local-pair06-parent-r128-w1016-fp32 45 31 2 0 64
RESULT pair=06 side=parent width=1016 rc=0 REF_HARNESS device=2 shape=128x1016 dtype=0 warmup=45 samples=31 blocks=2 bad=0 
END_UTC=2026-10-08T16:41:20.159537635Z
PAIR=01 WIDTH=1024 ORDER=parent,candidate
START_UTC=2026-10-08T16:41:23.925477234Z
COMMAND=本地实验/R-W4-4/V094/partial-ranking/stage/build-v094/clx_ref_parent_probe 2 128 1024 0 本地实验/R-W4-4/V094/partial-ranking/v094-local-pair01-parent-r128-w1024-fp32 45 31 2 0 64
RESULT pair=01 side=parent width=1024 rc=0 REF_HARNESS device=2 shape=128x1024 dtype=0 warmup=45 samples=31 blocks=2 bad=0 
END_UTC=2026-10-08T16:41:31.643368217Z
START_UTC=2026-10-08T16:41:31.648011693Z
COMMAND=本地实验/R-W4-4/V094/partial-ranking/stage/build-v094/clx_ref_candidate_probe 2 128 1024 0 本地实验/R-W4-4/V094/partial-ranking/v094-local-pair01-candidate-r128-w1024-fp32 45 31 2 0 64
RESULT pair=01 side=candidate width=1024 rc=0 REF_HARNESS device=2 shape=128x1024 dtype=0 warmup=45 samples=31 blocks=2 bad=0 
END_UTC=2026-10-08T16:41:37.990725102Z
PAIR=02 WIDTH=1024 ORDER=candidate,parent
START_UTC=2026-10-08T16:41:41.674356216Z
COMMAND=本地实验/R-W4-4/V094/partial-ranking/stage/build-v094/clx_ref_candidate_probe 2 128 1024 0 本地实验/R-W4-4/V094/partial-ranking/v094-local-pair02-candidate-r128-w1024-fp32 45 31 2 0 64
RESULT pair=02 side=candidate width=1024 rc=0 REF_HARNESS device=2 shape=128x1024 dtype=0 warmup=45 samples=31 blocks=2 bad=0 
END_UTC=2026-10-08T16:41:48.416095247Z
START_UTC=2026-10-08T16:41:48.421626860Z
COMMAND=本地实验/R-W4-4/V094/partial-ranking/stage/build-v094/clx_ref_parent_probe 2 128 1024 0 本地实验/R-W4-4/V094/partial-ranking/v094-local-pair02-parent-r128-w1024-fp32 45 31 2 0 64
RESULT pair=02 side=parent width=1024 rc=0 REF_HARNESS device=2 shape=128x1024 dtype=0 warmup=45 samples=31 blocks=2 bad=0 
END_UTC=2026-10-08T16:41:55.170764507Z
PAIR=03 WIDTH=1024 ORDER=parent,candidate
START_UTC=2026-10-08T16:41:58.930062635Z
COMMAND=本地实验/R-W4-4/V094/partial-ranking/stage/build-v094/clx_ref_parent_probe 2 128 1024 0 本地实验/R-W4-4/V094/partial-ranking/v094-local-pair03-parent-r128-w1024-fp32 45 31 2 0 64
RESULT pair=03 side=parent width=1024 rc=0 REF_HARNESS device=2 shape=128x1024 dtype=0 warmup=45 samples=31 blocks=2 bad=0 
END_UTC=2026-10-08T16:42:06.857778251Z
START_UTC=2026-10-08T16:42:06.862034194Z
COMMAND=本地实验/R-W4-4/V094/partial-ranking/stage/build-v094/clx_ref_candidate_probe 2 128 1024 0 本地实验/R-W4-4/V094/partial-ranking/v094-local-pair03-candidate-r128-w1024-fp32 45 31 2 0 64
RESULT pair=03 side=candidate width=1024 rc=0 REF_HARNESS device=2 shape=128x1024 dtype=0 warmup=45 samples=31 blocks=2 bad=0 
END_UTC=2026-10-08T16:42:13.980275606Z
PAIR=04 WIDTH=1024 ORDER=candidate,parent
START_UTC=2026-10-08T16:42:17.769139567Z
COMMAND=本地实验/R-W4-4/V094/partial-ranking/stage/build-v094/clx_ref_candidate_probe 2 128 1024 0 本地实验/R-W4-4/V094/partial-ranking/v094-local-pair04-candidate-r128-w1024-fp32 45 31 2 0 64
RESULT pair=04 side=candidate width=1024 rc=0 REF_HARNESS device=2 shape=128x1024 dtype=0 warmup=45 samples=31 blocks=2 bad=0 
END_UTC=2026-10-08T16:42:24.129256930Z
START_UTC=2026-10-08T16:42:24.135827920Z
COMMAND=本地实验/R-W4-4/V094/partial-ranking/stage/build-v094/clx_ref_parent_probe 2 128 1024 0 本地实验/R-W4-4/V094/partial-ranking/v094-local-pair04-parent-r128-w1024-fp32 45 31 2 0 64
RESULT pair=04 side=parent width=1024 rc=0 REF_HARNESS device=2 shape=128x1024 dtype=0 warmup=45 samples=31 blocks=2 bad=0 
END_UTC=2026-10-08T16:42:30.849031586Z
PAIR=05 WIDTH=1024 ORDER=parent,candidate
START_UTC=2026-10-08T16:42:34.659941737Z
COMMAND=本地实验/R-W4-4/V094/partial-ranking/stage/build-v094/clx_ref_parent_probe 2 128 1024 0 本地实验/R-W4-4/V094/partial-ranking/v094-local-pair05-parent-r128-w1024-fp32 45 31 2 0 64
RESULT pair=05 side=parent width=1024 rc=0 REF_HARNESS device=2 shape=128x1024 dtype=0 warmup=45 samples=31 blocks=2 bad=0 
END_UTC=2026-10-08T16:42:41.393418016Z
START_UTC=2026-10-08T16:42:41.399984951Z
COMMAND=本地实验/R-W4-4/V094/partial-ranking/stage/build-v094/clx_ref_candidate_probe 2 128 1024 0 本地实验/R-W4-4/V094/partial-ranking/v094-local-pair05-candidate-r128-w1024-fp32 45 31 2 0 64
RESULT pair=05 side=candidate width=1024 rc=0 REF_HARNESS device=2 shape=128x1024 dtype=0 warmup=45 samples=31 blocks=2 bad=0 
END_UTC=2026-10-08T16:42:47.940607702Z
PAIR=06 WIDTH=1024 ORDER=candidate,parent
START_UTC=2026-10-08T16:42:51.878456669Z
COMMAND=本地实验/R-W4-4/V094/partial-ranking/stage/build-v094/clx_ref_candidate_probe 2 128 1024 0 本地实验/R-W4-4/V094/partial-ranking/v094-local-pair06-candidate-r128-w1024-fp32 45 31 2 0 64
RESULT pair=06 side=candidate width=1024 rc=0 REF_HARNESS device=2 shape=128x1024 dtype=0 warmup=45 samples=31 blocks=2 bad=0 
END_UTC=2026-10-08T16:42:59.074517958Z
START_UTC=2026-10-08T16:42:59.079543890Z
COMMAND=本地实验/R-W4-4/V094/partial-ranking/stage/build-v094/clx_ref_parent_probe 2 128 1024 0 本地实验/R-W4-4/V094/partial-ranking/v094-local-pair06-parent-r128-w1024-fp32 45 31 2 0 64
RESULT pair=06 side=parent width=1024 rc=0 REF_HARNESS device=2 shape=128x1024 dtype=0 warmup=45 samples=31 blocks=2 bad=0 
END_UTC=2026-10-08T16:43:05.841782079Z
END_UTC=2026-10-08T16:43:10.356014607Z
LOCAL_BAD_OR_RC_FAILURE=0
