ROUTE=MODE-DISPATCH-CUTOFF-X
REVISION=V094
GATE=PARENT_CANDIDATE_CORRECTNESS
PARENT=R31B-V011
PARENT_SHA256=a8c19a1972207acc67e3fb0cd393cc70b0a4b183d1eaf5610edf80c2879b15e3
CANDIDATE_SHA256=cfa9be0899be047b47c92186188529e2c69a8eb476d898aa07b73005398c78d8
DEVICE=2
DTYPE=FP32
SHAPES=128x1008,128x1016,128x1024
C15=EXCLUDED_KNOWN_PARENT_FAILURE
ENV_RC=0
START_UTC=2026-10-08T16:35:07.961312386Z
START_UTC=2026-10-08T16:35:07.964096298Z
COMMAND=本地实验/R-W4-4/V094/partial-ranking/stage/build-v094/clx_ref_parent_probe 2 128 1008 0 本地实验/R-W4-4/V094/partial-ranking/v094-parent-correctness-r128-w1008-fp32 0 1 1 0
RESULT side=parent width=1008 rc=0 REF_HARNESS device=2 shape=128x1008 dtype=0 warmup=0 samples=1 blocks=1 bad=0 
END_UTC=2026-10-08T16:35:14.711780672Z
START_UTC=2026-10-08T16:35:14.716241498Z
COMMAND=本地实验/R-W4-4/V094/partial-ranking/stage/build-v094/clx_ref_candidate_probe 2 128 1008 0 本地实验/R-W4-4/V094/partial-ranking/v094-candidate-correctness-r128-w1008-fp32 0 1 1 0
RESULT side=candidate width=1008 rc=0 REF_HARNESS device=2 shape=128x1008 dtype=0 warmup=0 samples=1 blocks=1 bad=0 
END_UTC=2026-10-08T16:35:22.435664166Z
START_UTC=2026-10-08T16:35:22.440645346Z
COMMAND=本地实验/R-W4-4/V094/partial-ranking/stage/build-v094/clx_ref_parent_probe 2 128 1016 0 本地实验/R-W4-4/V094/partial-ranking/v094-parent-correctness-r128-w1016-fp32 0 1 1 0
RESULT side=parent width=1016 rc=0 REF_HARNESS device=2 shape=128x1016 dtype=0 warmup=0 samples=1 blocks=1 bad=0 
END_UTC=2026-10-08T16:35:29.387303158Z
START_UTC=2026-10-08T16:35:29.391437121Z
COMMAND=本地实验/R-W4-4/V094/partial-ranking/stage/build-v094/clx_ref_candidate_probe 2 128 1016 0 本地实验/R-W4-4/V094/partial-ranking/v094-candidate-correctness-r128-w1016-fp32 0 1 1 0
RESULT side=candidate width=1016 rc=0 REF_HARNESS device=2 shape=128x1016 dtype=0 warmup=0 samples=1 blocks=1 bad=0 
END_UTC=2026-10-08T16:35:35.913991332Z
START_UTC=2026-10-08T16:35:35.918709920Z
COMMAND=本地实验/R-W4-4/V094/partial-ranking/stage/build-v094/clx_ref_parent_probe 2 128 1024 0 本地实验/R-W4-4/V094/partial-ranking/v094-parent-correctness-r128-w1024-fp32 0 1 1 0
RESULT side=parent width=1024 rc=0 REF_HARNESS device=2 shape=128x1024 dtype=0 warmup=0 samples=1 blocks=1 bad=0 
END_UTC=2026-10-08T16:35:43.608317716Z
START_UTC=2026-10-08T16:35:43.612562851Z
COMMAND=本地实验/R-W4-4/V094/partial-ranking/stage/build-v094/clx_ref_candidate_probe 2 128 1024 0 本地实验/R-W4-4/V094/partial-ranking/v094-candidate-correctness-r128-w1024-fp32 0 1 1 0
RESULT side=candidate width=1024 rc=0 REF_HARNESS device=2 shape=128x1024 dtype=0 warmup=0 samples=1 blocks=1 bad=0 
END_UTC=2026-10-08T16:35:50.139610941Z
