CORRECTNESS_START_UTC=2026-10-07T15:25:28.109489062Z
HOST=hwnput3
DEVICE=4
DTYPE=FP32
SHAPES=128x1016,128x1024,128x1032
PARENT=R31B-V011
C15=EXCLUDED
RUN_START_UTC=2026-10-07T15:25:29.257937994Z
SIDE=parent SHAPE=128x1016 BINARY=本地实验/R-W4-4/V036/partial-ranking/stage/build/clx_ref_parent_probe PREFIX=本地实验/R-W4-4/V036/partial-ranking/parent-correctness-r128-w1016-fp32
RUN_EXIT_CODE=0
REF_HARNESS device=4 shape=128x1016 dtype=0 warmup=0 samples=1 blocks=1 bad=0
RUN_END_UTC=2026-10-07T15:25:36.015305426Z
RUN_START_UTC=2026-10-07T15:25:36.020425996Z
SIDE=candidate SHAPE=128x1016 BINARY=本地实验/R-W4-4/V036/partial-ranking/stage/build/clx_ref_candidate_probe PREFIX=本地实验/R-W4-4/V036/partial-ranking/candidate-correctness-r128-w1016-fp32
RUN_EXIT_CODE=0
REF_HARNESS device=4 shape=128x1016 dtype=0 warmup=0 samples=1 blocks=1 bad=0
RUN_END_UTC=2026-10-07T15:25:42.995846633Z
RUN_START_UTC=2026-10-07T15:25:42.998499651Z
SIDE=parent SHAPE=128x1024 BINARY=本地实验/R-W4-4/V036/partial-ranking/stage/build/clx_ref_parent_probe PREFIX=本地实验/R-W4-4/V036/partial-ranking/parent-correctness-r128-w1024-fp32
RUN_EXIT_CODE=0
REF_HARNESS device=4 shape=128x1024 dtype=0 warmup=0 samples=1 blocks=1 bad=0
RUN_END_UTC=2026-10-07T15:25:49.739032584Z
RUN_START_UTC=2026-10-07T15:25:49.741695972Z
SIDE=candidate SHAPE=128x1024 BINARY=本地实验/R-W4-4/V036/partial-ranking/stage/build/clx_ref_candidate_probe PREFIX=本地实验/R-W4-4/V036/partial-ranking/candidate-correctness-r128-w1024-fp32
RUN_EXIT_CODE=0
REF_HARNESS device=4 shape=128x1024 dtype=0 warmup=0 samples=1 blocks=1 bad=0
RUN_END_UTC=2026-10-07T15:25:56.511535650Z
RUN_START_UTC=2026-10-07T15:25:56.515082080Z
SIDE=parent SHAPE=128x1032 BINARY=本地实验/R-W4-4/V036/partial-ranking/stage/build/clx_ref_parent_probe PREFIX=本地实验/R-W4-4/V036/partial-ranking/parent-correctness-r128-w1032-fp32
RUN_EXIT_CODE=0
REF_HARNESS device=4 shape=128x1032 dtype=0 warmup=0 samples=1 blocks=1 bad=0
RUN_END_UTC=2026-10-07T15:26:03.259373231Z
RUN_START_UTC=2026-10-07T15:26:03.261747320Z
SIDE=candidate SHAPE=128x1032 BINARY=本地实验/R-W4-4/V036/partial-ranking/stage/build/clx_ref_candidate_probe PREFIX=本地实验/R-W4-4/V036/partial-ranking/candidate-correctness-r128-w1032-fp32
RUN_EXIT_CODE=0
REF_HARNESS device=4 shape=128x1032 dtype=0 warmup=0 samples=1 blocks=1 bad=0
RUN_END_UTC=2026-10-07T15:26:09.809636029Z
CORRECTNESS_END_UTC=2026-10-07T15:26:10.978915030Z
