CORRECTNESS_START_UTC=2026-10-07T15:28:37.195014895Z
HOST=hwnput3
DEVICE=4
DTYPE=FP32
SHAPES=128x1016,128x1024,128x1032
PARENT=R31B-V011
C15=EXCLUDED
RUN_START_UTC=2026-10-07T15:28:38.579513741Z
SIDE=parent SHAPE=128x1016 BINARY=本地实验/R-W4-4/V036/partial-ranking/stage/build/clx_ref_parent_probe PREFIX=本地实验/R-W4-4/V036/partial-ranking/parent-correctness-r128-w1016-fp32-retry2
RUN_EXIT_CODE=1
本地实验/R-W4-4/V036/partial-ranking/stage/build/clx_ref_parent_probe: /usr/local/Ascend/ascend-toolkit/latest/toolkit/toolchain/hcc/aarch64-target-linux-gnu/lib64/libstdc++.so.6: version `GLIBCXX_3.4.29' not found (required by 本地实验/R-W4-4/V036/partial-ranking/stage/build/clx_ref_parent_probe)
RUN_END_UTC=2026-10-07T15:28:38.599794501Z
RUN_START_UTC=2026-10-07T15:28:38.602443134Z
SIDE=candidate SHAPE=128x1016 BINARY=本地实验/R-W4-4/V036/partial-ranking/stage/build/clx_ref_candidate_probe PREFIX=本地实验/R-W4-4/V036/partial-ranking/candidate-correctness-r128-w1016-fp32-retry2
RUN_EXIT_CODE=1
本地实验/R-W4-4/V036/partial-ranking/stage/build/clx_ref_candidate_probe: /usr/local/Ascend/ascend-toolkit/latest/toolkit/toolchain/hcc/aarch64-target-linux-gnu/lib64/libstdc++.so.6: version `GLIBCXX_3.4.29' not found (required by 本地实验/R-W4-4/V036/partial-ranking/stage/build/clx_ref_candidate_probe)
RUN_END_UTC=2026-10-07T15:28:38.616328772Z
RUN_START_UTC=2026-10-07T15:28:38.619143169Z
SIDE=parent SHAPE=128x1024 BINARY=本地实验/R-W4-4/V036/partial-ranking/stage/build/clx_ref_parent_probe PREFIX=本地实验/R-W4-4/V036/partial-ranking/parent-correctness-r128-w1024-fp32-retry2
RUN_EXIT_CODE=1
本地实验/R-W4-4/V036/partial-ranking/stage/build/clx_ref_parent_probe: /usr/local/Ascend/ascend-toolkit/latest/toolkit/toolchain/hcc/aarch64-target-linux-gnu/lib64/libstdc++.so.6: version `GLIBCXX_3.4.29' not found (required by 本地实验/R-W4-4/V036/partial-ranking/stage/build/clx_ref_parent_probe)
RUN_END_UTC=2026-10-07T15:28:38.631224725Z
RUN_START_UTC=2026-10-07T15:28:38.634087653Z
SIDE=candidate SHAPE=128x1024 BINARY=本地实验/R-W4-4/V036/partial-ranking/stage/build/clx_ref_candidate_probe PREFIX=本地实验/R-W4-4/V036/partial-ranking/candidate-correctness-r128-w1024-fp32-retry2
RUN_EXIT_CODE=1
本地实验/R-W4-4/V036/partial-ranking/stage/build/clx_ref_candidate_probe: /usr/local/Ascend/ascend-toolkit/latest/toolkit/toolchain/hcc/aarch64-target-linux-gnu/lib64/libstdc++.so.6: version `GLIBCXX_3.4.29' not found (required by 本地实验/R-W4-4/V036/partial-ranking/stage/build/clx_ref_candidate_probe)
RUN_END_UTC=2026-10-07T15:28:38.643720411Z
RUN_START_UTC=2026-10-07T15:28:38.645968674Z
SIDE=parent SHAPE=128x1032 BINARY=本地实验/R-W4-4/V036/partial-ranking/stage/build/clx_ref_parent_probe PREFIX=本地实验/R-W4-4/V036/partial-ranking/parent-correctness-r128-w1032-fp32-retry2
RUN_EXIT_CODE=1
本地实验/R-W4-4/V036/partial-ranking/stage/build/clx_ref_parent_probe: /usr/local/Ascend/ascend-toolkit/latest/toolkit/toolchain/hcc/aarch64-target-linux-gnu/lib64/libstdc++.so.6: version `GLIBCXX_3.4.29' not found (required by 本地实验/R-W4-4/V036/partial-ranking/stage/build/clx_ref_parent_probe)
RUN_END_UTC=2026-10-07T15:28:38.654796783Z
RUN_START_UTC=2026-10-07T15:28:38.657946778Z
SIDE=candidate SHAPE=128x1032 BINARY=本地实验/R-W4-4/V036/partial-ranking/stage/build/clx_ref_candidate_probe PREFIX=本地实验/R-W4-4/V036/partial-ranking/candidate-correctness-r128-w1032-fp32-retry2
RUN_EXIT_CODE=1
本地实验/R-W4-4/V036/partial-ranking/stage/build/clx_ref_candidate_probe: /usr/local/Ascend/ascend-toolkit/latest/toolkit/toolchain/hcc/aarch64-target-linux-gnu/lib64/libstdc++.so.6: version `GLIBCXX_3.4.29' not found (required by 本地实验/R-W4-4/V036/partial-ranking/stage/build/clx_ref_candidate_probe)
RUN_END_UTC=2026-10-07T15:28:38.669860070Z
CORRECTNESS_END_UTC=2026-10-07T15:28:39.913079407Z
