CORRECTNESS_START_UTC=2026-10-07T15:30:28.585145658Z
HOST=hwnput3
DEVICE=4
DTYPE=FP32
SHAPES=128x1016,128x1024,128x1032
PARENT=R31B-V011
C15=EXCLUDED
RUNTIME_LIBSTDCPP=/usr/lib/aarch64-linux-gnu/libstdc++.so.6
RUN_START_UTC=2026-10-07T15:30:29.740009445Z
SIDE=parent SHAPE=128x1016 BINARY=本地实验/R-W4-4/V036/partial-ranking/stage/build/clx_ref_parent_probe PREFIX=本地实验/R-W4-4/V036/partial-ranking/parent-correctness-r128-w1016-fp32-retry3
RUN_EXIT_CODE=0
REF_HARNESS device=4 shape=128x1016 dtype=0 warmup=0 samples=1 blocks=1 bad=0
RUN_END_UTC=2026-10-07T15:30:36.525564851Z
RUN_START_UTC=2026-10-07T15:30:36.541502404Z
SIDE=candidate SHAPE=128x1016 BINARY=本地实验/R-W4-4/V036/partial-ranking/stage/build/clx_ref_candidate_probe PREFIX=本地实验/R-W4-4/V036/partial-ranking/candidate-correctness-r128-w1016-fp32-retry3
RUN_EXIT_CODE=0
REF_HARNESS device=4 shape=128x1016 dtype=0 warmup=0 samples=1 blocks=1 bad=0
RUN_END_UTC=2026-10-07T15:30:44.321013223Z
RUN_START_UTC=2026-10-07T15:30:44.323887769Z
SIDE=parent SHAPE=128x1024 BINARY=本地实验/R-W4-4/V036/partial-ranking/stage/build/clx_ref_parent_probe PREFIX=本地实验/R-W4-4/V036/partial-ranking/parent-correctness-r128-w1024-fp32-retry3
RUN_EXIT_CODE=0
REF_HARNESS device=4 shape=128x1024 dtype=0 warmup=0 samples=1 blocks=1 bad=0
RUN_END_UTC=2026-10-07T15:30:51.258760489Z
RUN_START_UTC=2026-10-07T15:30:51.261621624Z
SIDE=candidate SHAPE=128x1024 BINARY=本地实验/R-W4-4/V036/partial-ranking/stage/build/clx_ref_candidate_probe PREFIX=本地实验/R-W4-4/V036/partial-ranking/candidate-correctness-r128-w1024-fp32-retry3
RUN_EXIT_CODE=0
REF_HARNESS device=4 shape=128x1024 dtype=0 warmup=0 samples=1 blocks=1 bad=0
RUN_END_UTC=2026-10-07T15:30:57.993710360Z
RUN_START_UTC=2026-10-07T15:30:57.996020752Z
SIDE=parent SHAPE=128x1032 BINARY=本地实验/R-W4-4/V036/partial-ranking/stage/build/clx_ref_parent_probe PREFIX=本地实验/R-W4-4/V036/partial-ranking/parent-correctness-r128-w1032-fp32-retry3
RUN_EXIT_CODE=0
REF_HARNESS device=4 shape=128x1032 dtype=0 warmup=0 samples=1 blocks=1 bad=0
RUN_END_UTC=2026-10-07T15:31:04.323334237Z
RUN_START_UTC=2026-10-07T15:31:04.326232442Z
SIDE=candidate SHAPE=128x1032 BINARY=本地实验/R-W4-4/V036/partial-ranking/stage/build/clx_ref_candidate_probe PREFIX=本地实验/R-W4-4/V036/partial-ranking/candidate-correctness-r128-w1032-fp32-retry3
RUN_EXIT_CODE=0
REF_HARNESS device=4 shape=128x1032 dtype=0 warmup=0 samples=1 blocks=1 bad=0
RUN_END_UTC=2026-10-07T15:31:10.678721189Z
CORRECTNESS_END_UTC=2026-10-07T15:31:11.841201738Z
