2026-10-07T15:44:44.020593839Z	LOCAL_START host=hwnput3 device=4 pairs_per_shape=6 samples_per_run=62 batch_n=64
2026-10-07T15:44:44.024781372Z	RUN_BEGIN shape=128x1016 pair=1 side=parent binary=本地实验/R-W4-4/V036/partial-ranking/stage/build/clx_ref_parent_probe
2026-10-07T15:44:50.367430622Z	RUN_END shape=128x1016 pair=1 side=parent rc=0 raw=本地实验/R-W4-4/V036/partial-ranking/local-pair01-parent-r128-w1016-fp32-raw.tsv stats=本地实验/R-W4-4/V036/partial-ranking/local-pair01-parent-r128-w1016-fp32-stats.txt
2026-10-07T15:44:50.371443813Z	RUN_BEGIN shape=128x1016 pair=1 side=candidate binary=本地实验/R-W4-4/V036/partial-ranking/stage/build/clx_ref_candidate_probe
2026-10-07T15:44:56.725492829Z	RUN_END shape=128x1016 pair=1 side=candidate rc=0 raw=本地实验/R-W4-4/V036/partial-ranking/local-pair01-candidate-r128-w1016-fp32-raw.tsv stats=本地实验/R-W4-4/V036/partial-ranking/local-pair01-candidate-r128-w1016-fp32-stats.txt
2026-10-07T15:44:56.730438328Z	RUN_BEGIN shape=128x1016 pair=2 side=candidate binary=本地实验/R-W4-4/V036/partial-ranking/stage/build/clx_ref_candidate_probe
2026-10-07T15:45:04.456348962Z	RUN_END shape=128x1016 pair=2 side=candidate rc=0 raw=本地实验/R-W4-4/V036/partial-ranking/local-pair02-candidate-r128-w1016-fp32-raw.tsv stats=本地实验/R-W4-4/V036/partial-ranking/local-pair02-candidate-r128-w1016-fp32-stats.txt
2026-10-07T15:45:04.460593277Z	RUN_BEGIN shape=128x1016 pair=2 side=parent binary=本地实验/R-W4-4/V036/partial-ranking/stage/build/clx_ref_parent_probe
2026-10-07T15:45:10.605012929Z	RUN_END shape=128x1016 pair=2 side=parent rc=0 raw=本地实验/R-W4-4/V036/partial-ranking/local-pair02-parent-r128-w1016-fp32-raw.tsv stats=本地实验/R-W4-4/V036/partial-ranking/local-pair02-parent-r128-w1016-fp32-stats.txt
2026-10-07T15:45:10.609275444Z	RUN_BEGIN shape=128x1016 pair=3 side=parent binary=本地实验/R-W4-4/V036/partial-ranking/stage/build/clx_ref_parent_probe
2026-10-07T15:45:18.324981153Z	RUN_END shape=128x1016 pair=3 side=parent rc=0 raw=本地实验/R-W4-4/V036/partial-ranking/local-pair03-parent-r128-w1016-fp32-raw.tsv stats=本地实验/R-W4-4/V036/partial-ranking/local-pair03-parent-r128-w1016-fp32-stats.txt
2026-10-07T15:45:18.329046584Z	RUN_BEGIN shape=128x1016 pair=3 side=candidate binary=本地实验/R-W4-4/V036/partial-ranking/stage/build/clx_ref_candidate_probe
2026-10-07T15:45:25.073583989Z	RUN_END shape=128x1016 pair=3 side=candidate rc=0 raw=本地实验/R-W4-4/V036/partial-ranking/local-pair03-candidate-r128-w1016-fp32-raw.tsv stats=本地实验/R-W4-4/V036/partial-ranking/local-pair03-candidate-r128-w1016-fp32-stats.txt
2026-10-07T15:45:25.077483726Z	RUN_BEGIN shape=128x1016 pair=4 side=candidate binary=本地实验/R-W4-4/V036/partial-ranking/stage/build/clx_ref_candidate_probe
2026-10-07T15:45:31.636827375Z	RUN_END shape=128x1016 pair=4 side=candidate rc=0 raw=本地实验/R-W4-4/V036/partial-ranking/local-pair04-candidate-r128-w1016-fp32-raw.tsv stats=本地实验/R-W4-4/V036/partial-ranking/local-pair04-candidate-r128-w1016-fp32-stats.txt
2026-10-07T15:45:31.641197082Z	RUN_BEGIN shape=128x1016 pair=4 side=parent binary=本地实验/R-W4-4/V036/partial-ranking/stage/build/clx_ref_parent_probe
2026-10-07T15:45:39.020415376Z	RUN_END shape=128x1016 pair=4 side=parent rc=0 raw=本地实验/R-W4-4/V036/partial-ranking/local-pair04-parent-r128-w1016-fp32-raw.tsv stats=本地实验/R-W4-4/V036/partial-ranking/local-pair04-parent-r128-w1016-fp32-stats.txt
2026-10-07T15:45:39.042509756Z	RUN_BEGIN shape=128x1016 pair=5 side=parent binary=本地实验/R-W4-4/V036/partial-ranking/stage/build/clx_ref_parent_probe
2026-10-07T15:45:45.797479754Z	RUN_END shape=128x1016 pair=5 side=parent rc=0 raw=本地实验/R-W4-4/V036/partial-ranking/local-pair05-parent-r128-w1016-fp32-raw.tsv stats=本地实验/R-W4-4/V036/partial-ranking/local-pair05-parent-r128-w1016-fp32-stats.txt
2026-10-07T15:45:45.801447203Z	RUN_BEGIN shape=128x1016 pair=5 side=candidate binary=本地实验/R-W4-4/V036/partial-ranking/stage/build/clx_ref_candidate_probe
2026-10-07T15:45:52.160710382Z	RUN_END shape=128x1016 pair=5 side=candidate rc=0 raw=本地实验/R-W4-4/V036/partial-ranking/local-pair05-candidate-r128-w1016-fp32-raw.tsv stats=本地实验/R-W4-4/V036/partial-ranking/local-pair05-candidate-r128-w1016-fp32-stats.txt
2026-10-07T15:45:52.165734282Z	RUN_BEGIN shape=128x1016 pair=6 side=candidate binary=本地实验/R-W4-4/V036/partial-ranking/stage/build/clx_ref_candidate_probe
2026-10-07T15:45:58.508809103Z	RUN_END shape=128x1016 pair=6 side=candidate rc=0 raw=本地实验/R-W4-4/V036/partial-ranking/local-pair06-candidate-r128-w1016-fp32-raw.tsv stats=本地实验/R-W4-4/V036/partial-ranking/local-pair06-candidate-r128-w1016-fp32-stats.txt
2026-10-07T15:45:58.512783062Z	RUN_BEGIN shape=128x1016 pair=6 side=parent binary=本地实验/R-W4-4/V036/partial-ranking/stage/build/clx_ref_parent_probe
2026-10-07T15:46:05.449329515Z	RUN_END shape=128x1016 pair=6 side=parent rc=0 raw=本地实验/R-W4-4/V036/partial-ranking/local-pair06-parent-r128-w1016-fp32-raw.tsv stats=本地实验/R-W4-4/V036/partial-ranking/local-pair06-parent-r128-w1016-fp32-stats.txt
2026-10-07T15:46:05.453482907Z	RUN_BEGIN shape=128x1024 pair=1 side=parent binary=本地实验/R-W4-4/V036/partial-ranking/stage/build/clx_ref_parent_probe
2026-10-07T15:46:11.796957904Z	RUN_END shape=128x1024 pair=1 side=parent rc=0 raw=本地实验/R-W4-4/V036/partial-ranking/local-pair01-parent-r128-w1024-fp32-raw.tsv stats=本地实验/R-W4-4/V036/partial-ranking/local-pair01-parent-r128-w1024-fp32-stats.txt
2026-10-07T15:46:11.800749759Z	RUN_BEGIN shape=128x1024 pair=1 side=candidate binary=本地实验/R-W4-4/V036/partial-ranking/stage/build/clx_ref_candidate_probe
2026-10-07T15:46:19.165315189Z	RUN_END shape=128x1024 pair=1 side=candidate rc=0 raw=本地实验/R-W4-4/V036/partial-ranking/local-pair01-candidate-r128-w1024-fp32-raw.tsv stats=本地实验/R-W4-4/V036/partial-ranking/local-pair01-candidate-r128-w1024-fp32-stats.txt
2026-10-07T15:46:19.170231777Z	RUN_BEGIN shape=128x1024 pair=2 side=candidate binary=本地实验/R-W4-4/V036/partial-ranking/stage/build/clx_ref_candidate_probe
2026-10-07T15:46:26.107912807Z	RUN_END shape=128x1024 pair=2 side=candidate rc=0 raw=本地实验/R-W4-4/V036/partial-ranking/local-pair02-candidate-r128-w1024-fp32-raw.tsv stats=本地实验/R-W4-4/V036/partial-ranking/local-pair02-candidate-r128-w1024-fp32-stats.txt
2026-10-07T15:46:26.111910256Z	RUN_BEGIN shape=128x1024 pair=2 side=parent binary=本地实验/R-W4-4/V036/partial-ranking/stage/build/clx_ref_parent_probe
2026-10-07T15:46:32.657203911Z	RUN_END shape=128x1024 pair=2 side=parent rc=0 raw=本地实验/R-W4-4/V036/partial-ranking/local-pair02-parent-r128-w1024-fp32-raw.tsv stats=本地实验/R-W4-4/V036/partial-ranking/local-pair02-parent-r128-w1024-fp32-stats.txt
2026-10-07T15:46:32.663120179Z	RUN_BEGIN shape=128x1024 pair=3 side=parent binary=本地实验/R-W4-4/V036/partial-ranking/stage/build/clx_ref_parent_probe
2026-10-07T15:46:38.829130118Z	RUN_END shape=128x1024 pair=3 side=parent rc=0 raw=本地实验/R-W4-4/V036/partial-ranking/local-pair03-parent-r128-w1024-fp32-raw.tsv stats=本地实验/R-W4-4/V036/partial-ranking/local-pair03-parent-r128-w1024-fp32-stats.txt
2026-10-07T15:46:38.834344861Z	RUN_BEGIN shape=128x1024 pair=3 side=candidate binary=本地实验/R-W4-4/V036/partial-ranking/stage/build/clx_ref_candidate_probe
2026-10-07T15:46:46.570956298Z	RUN_END shape=128x1024 pair=3 side=candidate rc=0 raw=本地实验/R-W4-4/V036/partial-ranking/local-pair03-candidate-r128-w1024-fp32-raw.tsv stats=本地实验/R-W4-4/V036/partial-ranking/local-pair03-candidate-r128-w1024-fp32-stats.txt
2026-10-07T15:46:46.574899506Z	RUN_BEGIN shape=128x1024 pair=4 side=candidate binary=本地实验/R-W4-4/V036/partial-ranking/stage/build/clx_ref_candidate_probe
2026-10-07T15:46:52.918465641Z	RUN_END shape=128x1024 pair=4 side=candidate rc=0 raw=本地实验/R-W4-4/V036/partial-ranking/local-pair04-candidate-r128-w1024-fp32-raw.tsv stats=本地实验/R-W4-4/V036/partial-ranking/local-pair04-candidate-r128-w1024-fp32-stats.txt
2026-10-07T15:46:52.923293327Z	RUN_BEGIN shape=128x1024 pair=4 side=parent binary=本地实验/R-W4-4/V036/partial-ranking/stage/build/clx_ref_parent_probe
2026-10-07T15:47:00.246934032Z	RUN_END shape=128x1024 pair=4 side=parent rc=0 raw=本地实验/R-W4-4/V036/partial-ranking/local-pair04-parent-r128-w1024-fp32-raw.tsv stats=本地实验/R-W4-4/V036/partial-ranking/local-pair04-parent-r128-w1024-fp32-stats.txt
2026-10-07T15:47:00.252036603Z	RUN_BEGIN shape=128x1024 pair=5 side=parent binary=本地实验/R-W4-4/V036/partial-ranking/stage/build/clx_ref_parent_probe
2026-10-07T15:47:07.004687204Z	RUN_END shape=128x1024 pair=5 side=parent rc=0 raw=本地实验/R-W4-4/V036/partial-ranking/local-pair05-parent-r128-w1024-fp32-raw.tsv stats=本地实验/R-W4-4/V036/partial-ranking/local-pair05-parent-r128-w1024-fp32-stats.txt
2026-10-07T15:47:07.009933008Z	RUN_BEGIN shape=128x1024 pair=5 side=candidate binary=本地实验/R-W4-4/V036/partial-ranking/stage/build/clx_ref_candidate_probe
2026-10-07T15:47:13.893297365Z	RUN_END shape=128x1024 pair=5 side=candidate rc=0 raw=本地实验/R-W4-4/V036/partial-ranking/local-pair05-candidate-r128-w1024-fp32-raw.tsv stats=本地实验/R-W4-4/V036/partial-ranking/local-pair05-candidate-r128-w1024-fp32-stats.txt
2026-10-07T15:47:13.897259023Z	RUN_BEGIN shape=128x1024 pair=6 side=candidate binary=本地实验/R-W4-4/V036/partial-ranking/stage/build/clx_ref_candidate_probe
2026-10-07T15:47:20.640033639Z	RUN_END shape=128x1024 pair=6 side=candidate rc=0 raw=本地实验/R-W4-4/V036/partial-ranking/local-pair06-candidate-r128-w1024-fp32-raw.tsv stats=本地实验/R-W4-4/V036/partial-ranking/local-pair06-candidate-r128-w1024-fp32-stats.txt
2026-10-07T15:47:20.644398185Z	RUN_BEGIN shape=128x1024 pair=6 side=parent binary=本地实验/R-W4-4/V036/partial-ranking/stage/build/clx_ref_parent_probe
2026-10-07T15:47:26.985662914Z	RUN_END shape=128x1024 pair=6 side=parent rc=0 raw=本地实验/R-W4-4/V036/partial-ranking/local-pair06-parent-r128-w1024-fp32-raw.tsv stats=本地实验/R-W4-4/V036/partial-ranking/local-pair06-parent-r128-w1024-fp32-stats.txt
2026-10-07T15:47:26.989998070Z	RUN_BEGIN shape=128x1032 pair=1 side=parent binary=本地实验/R-W4-4/V036/partial-ranking/stage/build/clx_ref_parent_probe
2026-10-07T15:47:33.730199012Z	RUN_END shape=128x1032 pair=1 side=parent rc=0 raw=本地实验/R-W4-4/V036/partial-ranking/local-pair01-parent-r128-w1032-fp32-raw.tsv stats=本地实验/R-W4-4/V036/partial-ranking/local-pair01-parent-r128-w1032-fp32-stats.txt
2026-10-07T15:47:33.734717001Z	RUN_BEGIN shape=128x1032 pair=1 side=candidate binary=本地实验/R-W4-4/V036/partial-ranking/stage/build/clx_ref_candidate_probe
2026-10-07T15:47:41.654652296Z	RUN_END shape=128x1032 pair=1 side=candidate rc=0 raw=本地实验/R-W4-4/V036/partial-ranking/local-pair01-candidate-r128-w1032-fp32-raw.tsv stats=本地实验/R-W4-4/V036/partial-ranking/local-pair01-candidate-r128-w1032-fp32-stats.txt
2026-10-07T15:47:41.659153655Z	RUN_BEGIN shape=128x1032 pair=2 side=candidate binary=本地实验/R-W4-4/V036/partial-ranking/stage/build/clx_ref_candidate_probe
2026-10-07T15:47:49.377500984Z	RUN_END shape=128x1032 pair=2 side=candidate rc=0 raw=本地实验/R-W4-4/V036/partial-ranking/local-pair02-candidate-r128-w1032-fp32-raw.tsv stats=本地实验/R-W4-4/V036/partial-ranking/local-pair02-candidate-r128-w1032-fp32-stats.txt
2026-10-07T15:47:49.382959562Z	RUN_BEGIN shape=128x1032 pair=2 side=parent binary=本地实验/R-W4-4/V036/partial-ranking/stage/build/clx_ref_parent_probe
2026-10-07T15:47:56.111461445Z	RUN_END shape=128x1032 pair=2 side=parent rc=0 raw=本地实验/R-W4-4/V036/partial-ranking/local-pair02-parent-r128-w1032-fp32-raw.tsv stats=本地实验/R-W4-4/V036/partial-ranking/local-pair02-parent-r128-w1032-fp32-stats.txt
2026-10-07T15:47:56.116317351Z	RUN_BEGIN shape=128x1032 pair=3 side=parent binary=本地实验/R-W4-4/V036/partial-ranking/stage/build/clx_ref_parent_probe
2026-10-07T15:48:02.642751637Z	RUN_END shape=128x1032 pair=3 side=parent rc=0 raw=本地实验/R-W4-4/V036/partial-ranking/local-pair03-parent-r128-w1032-fp32-raw.tsv stats=本地实验/R-W4-4/V036/partial-ranking/local-pair03-parent-r128-w1032-fp32-stats.txt
2026-10-07T15:48:02.647209756Z	RUN_BEGIN shape=128x1032 pair=3 side=candidate binary=本地实验/R-W4-4/V036/partial-ranking/stage/build/clx_ref_candidate_probe
2026-10-07T15:48:10.195674712Z	RUN_END shape=128x1032 pair=3 side=candidate rc=0 raw=本地实验/R-W4-4/V036/partial-ranking/local-pair03-candidate-r128-w1032-fp32-raw.tsv stats=本地实验/R-W4-4/V036/partial-ranking/local-pair03-candidate-r128-w1032-fp32-stats.txt
2026-10-07T15:48:10.201061019Z	RUN_BEGIN shape=128x1032 pair=4 side=candidate binary=本地实验/R-W4-4/V036/partial-ranking/stage/build/clx_ref_candidate_probe
2026-10-07T15:48:16.955835419Z	RUN_END shape=128x1032 pair=4 side=candidate rc=0 raw=本地实验/R-W4-4/V036/partial-ranking/local-pair04-candidate-r128-w1032-fp32-raw.tsv stats=本地实验/R-W4-4/V036/partial-ranking/local-pair04-candidate-r128-w1032-fp32-stats.txt
2026-10-07T15:48:16.961438550Z	RUN_BEGIN shape=128x1032 pair=4 side=parent binary=本地实验/R-W4-4/V036/partial-ranking/stage/build/clx_ref_parent_probe
2026-10-07T15:48:23.517453134Z	RUN_END shape=128x1032 pair=4 side=parent rc=0 raw=本地实验/R-W4-4/V036/partial-ranking/local-pair04-parent-r128-w1032-fp32-raw.tsv stats=本地实验/R-W4-4/V036/partial-ranking/local-pair04-parent-r128-w1032-fp32-stats.txt
2026-10-07T15:48:23.523702847Z	RUN_BEGIN shape=128x1032 pair=5 side=parent binary=本地实验/R-W4-4/V036/partial-ranking/stage/build/clx_ref_parent_probe
2026-10-07T15:48:30.257364564Z	RUN_END shape=128x1032 pair=5 side=parent rc=0 raw=本地实验/R-W4-4/V036/partial-ranking/local-pair05-parent-r128-w1032-fp32-raw.tsv stats=本地实验/R-W4-4/V036/partial-ranking/local-pair05-parent-r128-w1032-fp32-stats.txt
2026-10-07T15:48:30.261276852Z	RUN_BEGIN shape=128x1032 pair=5 side=candidate binary=本地实验/R-W4-4/V036/partial-ranking/stage/build/clx_ref_candidate_probe
2026-10-07T15:48:37.000348369Z	RUN_END shape=128x1032 pair=5 side=candidate rc=0 raw=本地实验/R-W4-4/V036/partial-ranking/local-pair05-candidate-r128-w1032-fp32-raw.tsv stats=本地实验/R-W4-4/V036/partial-ranking/local-pair05-candidate-r128-w1032-fp32-stats.txt
2026-10-07T15:48:37.005412719Z	RUN_BEGIN shape=128x1032 pair=6 side=candidate binary=本地实验/R-W4-4/V036/partial-ranking/stage/build/clx_ref_candidate_probe
2026-10-07T15:48:43.746468307Z	RUN_END shape=128x1032 pair=6 side=candidate rc=0 raw=本地实验/R-W4-4/V036/partial-ranking/local-pair06-candidate-r128-w1032-fp32-raw.tsv stats=本地实验/R-W4-4/V036/partial-ranking/local-pair06-candidate-r128-w1032-fp32-stats.txt
2026-10-07T15:48:43.752733361Z	RUN_BEGIN shape=128x1032 pair=6 side=parent binary=本地实验/R-W4-4/V036/partial-ranking/stage/build/clx_ref_parent_probe
2026-10-07T15:48:51.625844377Z	RUN_END shape=128x1032 pair=6 side=parent rc=0 raw=本地实验/R-W4-4/V036/partial-ranking/local-pair06-parent-r128-w1032-fp32-raw.tsv stats=本地实验/R-W4-4/V036/partial-ranking/local-pair06-parent-r128-w1032-fp32-stats.txt
2026-10-07T15:48:52.951871598Z	LOCAL_END runs=36 failed=0
