CMake Error at CMakeLists.txt:9 (find_package):
  By not providing "FindASC.cmake" in CMAKE_MODULE_PATH this project has
  asked CMake to find a package configuration file provided by "ASC", but
  CMake did not find one.

  Could not find a package configuration file provided by "ASC" with any of
  the following names:

    ASCConfig.cmake
    asc-config.cmake

  Add the installation prefix of "ASC" to CMAKE_PREFIX_PATH or set "ASC_DIR"
  to a directory containing one of the above files.  If "ASC" provides a
  separate development package or SDK, be sure it has been installed.


-- Configuring incomplete, errors occurred!
CMake Warning at /usr/local/Ascend/ascend-toolkit/latest/aarch64-linux/tikcpp/ascendc_kernel_cmake/ASC_CMake/CMakeDetermineASCCompiler.cmake:7 (message):
  ASCEND_CANN_PACKAGE_PATH is not set.  Set to env variable ASCEND_HOME_PATH.
Call Stack (most recent call first):
  CMakeLists.txt:11 (project)


-- CMAKE_ASC_COMPILER: /usr/local/Ascend/ascend-toolkit/latest/compiler/ccec_compiler/bin/bisheng
CMake Warning at /usr/local/Ascend/ascend-toolkit/latest/aarch64-linux/tikcpp/ascendc_kernel_cmake/ASC_CMake/CMakeDetermineASCCompiler.cmake:57 (message):
  CMAKE_INSTALL_PREFIX is not set.  Set to default value
  /home/data4t2/lelinfeng/cann-r-w4-4/本地实验/R-W4-4/V036/partial-ranking/stage/out.
Call Stack (most recent call first):
  CMakeLists.txt:11 (project)


-- CMAKE_BUILD_TYPE: Release
-- CMAKE_INSTALL_PREFIX: /home/data4t2/lelinfeng/cann-r-w4-4/本地实验/R-W4-4/V036/partial-ranking/stage/out
-- ASCEND_CANN_PACKAGE_PATH: /usr/local/Ascend/ascend-toolkit/latest
-- CMAKE_ASC_LLD_LINKER: /usr/local/Ascend/ascend-toolkit/latest/tools/ccec_compiler/bin/ld.lld
-- The CXX compiler identification is GNU 11.4.0
-- Detecting CXX compiler ABI info
-- Detecting CXX compiler ABI info - done
-- Check for working CXX compiler: /usr/bin/c++ - skipped
-- Detecting CXX compile features
-- Detecting CXX compile features - done
-- Configuring done
-- Generating done
-- Build files have been written to: /home/data4t2/lelinfeng/cann-r-w4-4/本地实验/R-W4-4/V036/partial-ranking/stage/build
[ 50%] Building ASC object CMakeFiles/clx_parent_probe.dir/runner_parent.asc.o
/home/data4t2/lelinfeng/cann-r-w4-4/本地实验/R-W4-4/V036/partial-ranking/stage/runner_parent.asc:2:10: fatal error: 'runner_main.inc' file not found
#include "runner_main.inc"
         ^~~~~~~~~~~~~~~~~
1 error generated.
gmake[3]: *** [CMakeFiles/clx_parent_probe.dir/build.make:76: CMakeFiles/clx_parent_probe.dir/runner_parent.asc.o] Error 1
gmake[2]: *** [CMakeFiles/Makefile2:173: CMakeFiles/clx_parent_probe.dir/all] Error 2
gmake[1]: *** [CMakeFiles/Makefile2:180: CMakeFiles/clx_parent_probe.dir/rule] Error 2
gmake: *** [Makefile:163: clx_parent_probe] Error 2
-- Configuring done
-- Generating done
-- Build files have been written to: /home/data4t2/lelinfeng/cann-r-w4-4/本地实验/R-W4-4/V036/partial-ranking/stage/build
[ 50%] Building ASC object CMakeFiles/clx_ref_parent_probe.dir/runner_ref_parent.asc.o
In file included from /home/data4t2/lelinfeng/cann-r-w4-4/本地实验/R-W4-4/V036/partial-ranking/stage/runner_ref_parent.asc:2:
/home/data4t2/lelinfeng/cann-r-w4-4/本地实验/R-W4-4/V036/partial-ranking/stage/runner_ref.inc:254:21: warning: 'cce_global' attribute ignored when parsing type [-Wignored-attributes]
        run_kernel((GM_ADDR)deviceX, infoX, (GM_ADDR)deviceR, infoR,
                    ^~~~~~~
/usr/local/Ascend/ascend-toolkit/8.5.0.alpha002/compiler/tikcpp/tikcfw/impl/utils/kernel_utils_macros.h:18:17: note: expanded from macro 'GM_ADDR'
#define GM_ADDR __gm__ uint8_t*
                ^~~~~~
/usr/local/Ascend/ascend-toolkit/8.5.0.alpha002/aarch64-linux/ccec_compiler/lib/clang/15.0.5/include/__clang_cce_defines.h:47:31: note: expanded from macro '__gm__'
#define __gm__ __attribute__((cce_global))
                              ^~~~~~~~~~
In file included from /home/data4t2/lelinfeng/cann-r-w4-4/本地实验/R-W4-4/V036/partial-ranking/stage/runner_ref_parent.asc:2:
/home/data4t2/lelinfeng/cann-r-w4-4/本地实验/R-W4-4/V036/partial-ranking/stage/runner_ref.inc:254:46: warning: 'cce_global' attribute ignored when parsing type [-Wignored-attributes]
        run_kernel((GM_ADDR)deviceX, infoX, (GM_ADDR)deviceR, infoR,
                                             ^~~~~~~
/usr/local/Ascend/ascend-toolkit/8.5.0.alpha002/compiler/tikcpp/tikcfw/impl/utils/kernel_utils_macros.h:18:17: note: expanded from macro 'GM_ADDR'
#define GM_ADDR __gm__ uint8_t*
                ^~~~~~
/usr/local/Ascend/ascend-toolkit/8.5.0.alpha002/aarch64-linux/ccec_compiler/lib/clang/15.0.5/include/__clang_cce_defines.h:47:31: note: expanded from macro '__gm__'
#define __gm__ __attribute__((cce_global))
                              ^~~~~~~~~~
In file included from /home/data4t2/lelinfeng/cann-r-w4-4/本地实验/R-W4-4/V036/partial-ranking/stage/runner_ref_parent.asc:2:
/home/data4t2/lelinfeng/cann-r-w4-4/本地实验/R-W4-4/V036/partial-ranking/stage/runner_ref.inc:255:21: warning: 'cce_global' attribute ignored when parsing type [-Wignored-attributes]
                   (GM_ADDR)deviceG, infoG, (GM_ADDR)deviceB, infoB,
                    ^~~~~~~
/usr/local/Ascend/ascend-toolkit/8.5.0.alpha002/compiler/tikcpp/tikcfw/impl/utils/kernel_utils_macros.h:18:17: note: expanded from macro 'GM_ADDR'
#define GM_ADDR __gm__ uint8_t*
                ^~~~~~
/usr/local/Ascend/ascend-toolkit/8.5.0.alpha002/aarch64-linux/ccec_compiler/lib/clang/15.0.5/include/__clang_cce_defines.h:47:31: note: expanded from macro '__gm__'
#define __gm__ __attribute__((cce_global))
                              ^~~~~~~~~~
In file included from /home/data4t2/lelinfeng/cann-r-w4-4/本地实验/R-W4-4/V036/partial-ranking/stage/runner_ref_parent.asc:2:
/home/data4t2/lelinfeng/cann-r-w4-4/本地实验/R-W4-4/V036/partial-ranking/stage/runner_ref.inc:255:46: warning: 'cce_global' attribute ignored when parsing type [-Wignored-attributes]
                   (GM_ADDR)deviceG, infoG, (GM_ADDR)deviceB, infoB,
                                             ^~~~~~~
/usr/local/Ascend/ascend-toolkit/8.5.0.alpha002/compiler/tikcpp/tikcfw/impl/utils/kernel_utils_macros.h:18:17: note: expanded from macro 'GM_ADDR'
#define GM_ADDR __gm__ uint8_t*
                ^~~~~~
/usr/local/Ascend/ascend-toolkit/8.5.0.alpha002/aarch64-linux/ccec_compiler/lib/clang/15.0.5/include/__clang_cce_defines.h:47:31: note: expanded from macro '__gm__'
#define __gm__ __attribute__((cce_global))
                              ^~~~~~~~~~
In file included from /home/data4t2/lelinfeng/cann-r-w4-4/本地实验/R-W4-4/V036/partial-ranking/stage/runner_ref_parent.asc:2:
/home/data4t2/lelinfeng/cann-r-w4-4/本地实验/R-W4-4/V036/partial-ranking/stage/runner_ref.inc:256:21: warning: 'cce_global' attribute ignored when parsing type [-Wignored-attributes]
                   (GM_ADDR)deviceOut, infoO, availableCoreNum, stream, kEpsilon);
                    ^~~~~~~
/usr/local/Ascend/ascend-toolkit/8.5.0.alpha002/compiler/tikcpp/tikcfw/impl/utils/kernel_utils_macros.h:18:17: note: expanded from macro 'GM_ADDR'
#define GM_ADDR __gm__ uint8_t*
                ^~~~~~
/usr/local/Ascend/ascend-toolkit/8.5.0.alpha002/aarch64-linux/ccec_compiler/lib/clang/15.0.5/include/__clang_cce_defines.h:47:31: note: expanded from macro '__gm__'
#define __gm__ __attribute__((cce_global))
                              ^~~~~~~~~~
In file included from /home/data4t2/lelinfeng/cann-r-w4-4/本地实验/R-W4-4/V036/partial-ranking/stage/runner_ref_parent.asc:2:
/home/data4t2/lelinfeng/cann-r-w4-4/本地实验/R-W4-4/V036/partial-ranking/stage/runner_ref.inc:385:57: warning: format specifies type 'int' but the argument has type 'int64_t' (aka 'long') [-Wformat]
                deviceId, static_cast<long long>(rows), width, dtype, warmup, samples, blocks, bad);
                                                        ^~~~~
6 warnings generated.
In file included from /home/data4t2/lelinfeng/cann-r-w4-4/本地实验/R-W4-4/V036/partial-ranking/stage/runner_ref_parent.asc:2:
/home/data4t2/lelinfeng/cann-r-w4-4/本地实验/R-W4-4/V036/partial-ranking/stage/runner_ref.inc:385:57: warning: format specifies type 'int' but the argument has type 'int64_t' (aka 'long') [-Wformat]
1 warning generated.
Warning: please refer to the above warning message. 
In file included from /home/data4t2/lelinfeng/cann-r-w4-4/本地实验/R-W4-4/V036/partial-ranking/stage/runner_ref_parent.asc:2:
/home/data4t2/lelinfeng/cann-r-w4-4/本地实验/R-W4-4/V036/partial-ranking/stage/runner_ref.inc:385:57: warning: format specifies type 'int' but the argument has type 'int64_t' (aka 'long') [-Wformat]
1 warning generated.
Warning: please refer to the above warning message. 
In file included from /home/data4t2/lelinfeng/cann-r-w4-4/本地实验/R-W4-4/V036/partial-ranking/stage/runner_ref_parent.asc:2:
/home/data4t2/lelinfeng/cann-r-w4-4/本地实验/R-W4-4/V036/partial-ranking/stage/runner_ref.inc:254:21: warning: 'cce_global' attribute ignored when parsing type [-Wignored-attributes]
/usr/local/Ascend/ascend-toolkit/8.5.0.alpha002/compiler/tikcpp/tikcfw/impl/utils/kernel_utils_macros.h:18:17: note: expanded from macro 'GM_ADDR'
/usr/local/Ascend/ascend-toolkit/8.5.0.alpha002/aarch64-linux/ccec_compiler/lib/clang/15.0.5/include/__clang_cce_defines.h:47:31: note: expanded from macro '__gm__'
In file included from /home/data4t2/lelinfeng/cann-r-w4-4/本地实验/R-W4-4/V036/partial-ranking/stage/runner_ref_parent.asc:2:
/home/data4t2/lelinfeng/cann-r-w4-4/本地实验/R-W4-4/V036/partial-ranking/stage/runner_ref.inc:254:46: warning: 'cce_global' attribute ignored when parsing type [-Wignored-attributes]
/usr/local/Ascend/ascend-toolkit/8.5.0.alpha002/compiler/tikcpp/tikcfw/impl/utils/kernel_utils_macros.h:18:17: note: expanded from macro 'GM_ADDR'
/usr/local/Ascend/ascend-toolkit/8.5.0.alpha002/aarch64-linux/ccec_compiler/lib/clang/15.0.5/include/__clang_cce_defines.h:47:31: note: expanded from macro '__gm__'
In file included from /home/data4t2/lelinfeng/cann-r-w4-4/本地实验/R-W4-4/V036/partial-ranking/stage/runner_ref_parent.asc:2:
/home/data4t2/lelinfeng/cann-r-w4-4/本地实验/R-W4-4/V036/partial-ranking/stage/runner_ref.inc:255:21: warning: 'cce_global' attribute ignored when parsing type [-Wignored-attributes]
/usr/local/Ascend/ascend-toolkit/8.5.0.alpha002/compiler/tikcpp/tikcfw/impl/utils/kernel_utils_macros.h:18:17: note: expanded from macro 'GM_ADDR'
/usr/local/Ascend/ascend-toolkit/8.5.0.alpha002/aarch64-linux/ccec_compiler/lib/clang/15.0.5/include/__clang_cce_defines.h:47:31: note: expanded from macro '__gm__'
In file included from /home/data4t2/lelinfeng/cann-r-w4-4/本地实验/R-W4-4/V036/partial-ranking/stage/runner_ref_parent.asc:2:
/home/data4t2/lelinfeng/cann-r-w4-4/本地实验/R-W4-4/V036/partial-ranking/stage/runner_ref.inc:255:46: warning: 'cce_global' attribute ignored when parsing type [-Wignored-attributes]
/usr/local/Ascend/ascend-toolkit/8.5.0.alpha002/compiler/tikcpp/tikcfw/impl/utils/kernel_utils_macros.h:18:17: note: expanded from macro 'GM_ADDR'
/usr/local/Ascend/ascend-toolkit/8.5.0.alpha002/aarch64-linux/ccec_compiler/lib/clang/15.0.5/include/__clang_cce_defines.h:47:31: note: expanded from macro '__gm__'
In file included from /home/data4t2/lelinfeng/cann-r-w4-4/本地实验/R-W4-4/V036/partial-ranking/stage/runner_ref_parent.asc:2:
/home/data4t2/lelinfeng/cann-r-w4-4/本地实验/R-W4-4/V036/partial-ranking/stage/runner_ref.inc:256:21: warning: 'cce_global' attribute ignored when parsing type [-Wignored-attributes]
/usr/local/Ascend/ascend-toolkit/8.5.0.alpha002/compiler/tikcpp/tikcfw/impl/utils/kernel_utils_macros.h:18:17: note: expanded from macro 'GM_ADDR'
/usr/local/Ascend/ascend-toolkit/8.5.0.alpha002/aarch64-linux/ccec_compiler/lib/clang/15.0.5/include/__clang_cce_defines.h:47:31: note: expanded from macro '__gm__'
In file included from /home/data4t2/lelinfeng/cann-r-w4-4/本地实验/R-W4-4/V036/partial-ranking/stage/runner_ref_parent.asc:2:
/home/data4t2/lelinfeng/cann-r-w4-4/本地实验/R-W4-4/V036/partial-ranking/stage/runner_ref.inc:385:57: warning: format specifies type 'int' but the argument has type 'int64_t' (aka 'long') [-Wformat]
6 warnings generated.
Warning: please refer to the above warning message. 
Warning: please refer to the above warning message. 
Warning: please refer to the above warning message. 
Warning: please refer to the above warning message. 
Warning: please refer to the above warning message. 
Warning: please refer to the above warning message. 
Warning: please refer to the above warning message. 
Warning: please refer to the above warning message. 
Warning: please refer to the above warning message. 
Warning: please refer to the above warning message. 
Warning: please refer to the above warning message. 
Warning: please refer to the above warning message. 
Warning: please refer to the above warning message. 
Warning: please refer to the above warning message. 
Warning: please refer to the above warning message. 
Warning: please refer to the above warning message. 
/tmp/asc_plugin_binary_register_code-1a273b.c:3:10: fatal error: 'vector' file not found
#include <vector>
         ^~~~~~~~
1 error generated.
cceld: ccec ReturnCode: 1
cceld: ExecutionFailed: 0
cceld: ErrMsg: 
/usr/local/Ascend/ascend-toolkit/8.5.0.alpha002/aarch64-linux/ccec_compiler/bin/llvm-objcopy: error: '/tmp/cce_all_link-e267c7.o': No such file or directory
cceld: ccec ReturnCode: 1
cceld: ObjcopyExecutionFailed: 0
cceld: ObjcopyErrMsg: 
ld.lld: error: cannot open /tmp/cce_all_link-e267c7.o: No such file or directory
cceld: ccec ReturnCode: 1
cceld: RelocatedLinkedExecutionFailed: 0
cceld: RelocatedLinkedObjcopyErrMsg: 
/usr/local/Ascend/ascend-toolkit/8.5.0.alpha002/aarch64-linux/ccec_compiler/bin/llvm-objcopy: error: '/tmp/cce_relocated_linked_static_object-f2ba42.o': The file was not recognized as a valid object file
cceld: ccec ReturnCode: 1
cceld: LocalFixedExecutionFailed: 0
cceld: LocalFixedErrMsg: 
ld.lld: error: target emulation unknown: -m or at least one .o file required
cceld: Linker ReturnCode: 1
cceld: ExecutionFailed: 0
cceld: ErrMsg: 
bisheng: error: linker command failed with exit code 1 (use -v to see invocation)
gmake[3]: *** [CMakeFiles/clx_ref_parent_probe.dir/build.make:76: CMakeFiles/clx_ref_parent_probe.dir/runner_ref_parent.asc.o] Error 1
gmake[2]: *** [CMakeFiles/Makefile2:225: CMakeFiles/clx_ref_parent_probe.dir/all] Error 2
gmake[1]: *** [CMakeFiles/Makefile2:232: CMakeFiles/clx_ref_parent_probe.dir/rule] Error 2
gmake: *** [Makefile:189: clx_ref_parent_probe] Error 2
-- Configuring done
-- Generating done
-- Build files have been written to: /home/data4t2/lelinfeng/cann-r-w4-4/本地实验/R-W4-4/V036/partial-ranking/stage/build
Consolidate compiler generated dependencies of target clx_ref_parent_probe
[ 50%] Building ASC object CMakeFiles/clx_ref_parent_probe.dir/runner_ref_parent.asc.o
In file included from /home/data4t2/lelinfeng/cann-r-w4-4/本地实验/R-W4-4/V036/partial-ranking/stage/runner_ref_parent.asc:2:
/home/data4t2/lelinfeng/cann-r-w4-4/本地实验/R-W4-4/V036/partial-ranking/stage/runner_ref.inc:254:21: warning: 'cce_global' attribute ignored when parsing type [-Wignored-attributes]
        run_kernel((GM_ADDR)deviceX, infoX, (GM_ADDR)deviceR, infoR,
                    ^~~~~~~
/usr/local/Ascend/ascend-toolkit/8.5.0.alpha002/compiler/tikcpp/tikcfw/impl/utils/kernel_utils_macros.h:18:17: note: expanded from macro 'GM_ADDR'
#define GM_ADDR __gm__ uint8_t*
                ^~~~~~
/usr/local/Ascend/ascend-toolkit/8.5.0.alpha002/aarch64-linux/ccec_compiler/lib/clang/15.0.5/include/__clang_cce_defines.h:47:31: note: expanded from macro '__gm__'
#define __gm__ __attribute__((cce_global))
                              ^~~~~~~~~~
In file included from /home/data4t2/lelinfeng/cann-r-w4-4/本地实验/R-W4-4/V036/partial-ranking/stage/runner_ref_parent.asc:2:
/home/data4t2/lelinfeng/cann-r-w4-4/本地实验/R-W4-4/V036/partial-ranking/stage/runner_ref.inc:254:46: warning: 'cce_global' attribute ignored when parsing type [-Wignored-attributes]
        run_kernel((GM_ADDR)deviceX, infoX, (GM_ADDR)deviceR, infoR,
                                             ^~~~~~~
/usr/local/Ascend/ascend-toolkit/8.5.0.alpha002/compiler/tikcpp/tikcfw/impl/utils/kernel_utils_macros.h:18:17: note: expanded from macro 'GM_ADDR'
#define GM_ADDR __gm__ uint8_t*
                ^~~~~~
/usr/local/Ascend/ascend-toolkit/8.5.0.alpha002/aarch64-linux/ccec_compiler/lib/clang/15.0.5/include/__clang_cce_defines.h:47:31: note: expanded from macro '__gm__'
#define __gm__ __attribute__((cce_global))
                              ^~~~~~~~~~
In file included from /home/data4t2/lelinfeng/cann-r-w4-4/本地实验/R-W4-4/V036/partial-ranking/stage/runner_ref_parent.asc:2:
/home/data4t2/lelinfeng/cann-r-w4-4/本地实验/R-W4-4/V036/partial-ranking/stage/runner_ref.inc:255:21: warning: 'cce_global' attribute ignored when parsing type [-Wignored-attributes]
                   (GM_ADDR)deviceG, infoG, (GM_ADDR)deviceB, infoB,
                    ^~~~~~~
/usr/local/Ascend/ascend-toolkit/8.5.0.alpha002/compiler/tikcpp/tikcfw/impl/utils/kernel_utils_macros.h:18:17: note: expanded from macro 'GM_ADDR'
#define GM_ADDR __gm__ uint8_t*
                ^~~~~~
/usr/local/Ascend/ascend-toolkit/8.5.0.alpha002/aarch64-linux/ccec_compiler/lib/clang/15.0.5/include/__clang_cce_defines.h:47:31: note: expanded from macro '__gm__'
#define __gm__ __attribute__((cce_global))
                              ^~~~~~~~~~
In file included from /home/data4t2/lelinfeng/cann-r-w4-4/本地实验/R-W4-4/V036/partial-ranking/stage/runner_ref_parent.asc:2:
/home/data4t2/lelinfeng/cann-r-w4-4/本地实验/R-W4-4/V036/partial-ranking/stage/runner_ref.inc:255:46: warning: 'cce_global' attribute ignored when parsing type [-Wignored-attributes]
                   (GM_ADDR)deviceG, infoG, (GM_ADDR)deviceB, infoB,
                                             ^~~~~~~
/usr/local/Ascend/ascend-toolkit/8.5.0.alpha002/compiler/tikcpp/tikcfw/impl/utils/kernel_utils_macros.h:18:17: note: expanded from macro 'GM_ADDR'
#define GM_ADDR __gm__ uint8_t*
                ^~~~~~
/usr/local/Ascend/ascend-toolkit/8.5.0.alpha002/aarch64-linux/ccec_compiler/lib/clang/15.0.5/include/__clang_cce_defines.h:47:31: note: expanded from macro '__gm__'
#define __gm__ __attribute__((cce_global))
                              ^~~~~~~~~~
In file included from /home/data4t2/lelinfeng/cann-r-w4-4/本地实验/R-W4-4/V036/partial-ranking/stage/runner_ref_parent.asc:2:
/home/data4t2/lelinfeng/cann-r-w4-4/本地实验/R-W4-4/V036/partial-ranking/stage/runner_ref.inc:256:21: warning: 'cce_global' attribute ignored when parsing type [-Wignored-attributes]
                   (GM_ADDR)deviceOut, infoO, availableCoreNum, stream, kEpsilon);
                    ^~~~~~~
/usr/local/Ascend/ascend-toolkit/8.5.0.alpha002/compiler/tikcpp/tikcfw/impl/utils/kernel_utils_macros.h:18:17: note: expanded from macro 'GM_ADDR'
#define GM_ADDR __gm__ uint8_t*
                ^~~~~~
/usr/local/Ascend/ascend-toolkit/8.5.0.alpha002/aarch64-linux/ccec_compiler/lib/clang/15.0.5/include/__clang_cce_defines.h:47:31: note: expanded from macro '__gm__'
#define __gm__ __attribute__((cce_global))
                              ^~~~~~~~~~
In file included from /home/data4t2/lelinfeng/cann-r-w4-4/本地实验/R-W4-4/V036/partial-ranking/stage/runner_ref_parent.asc:2:
/home/data4t2/lelinfeng/cann-r-w4-4/本地实验/R-W4-4/V036/partial-ranking/stage/runner_ref.inc:385:57: warning: format specifies type 'int' but the argument has type 'int64_t' (aka 'long') [-Wformat]
                deviceId, static_cast<long long>(rows), width, dtype, warmup, samples, blocks, bad);
                                                        ^~~~~
6 warnings generated.
In file included from /home/data4t2/lelinfeng/cann-r-w4-4/本地实验/R-W4-4/V036/partial-ranking/stage/runner_ref_parent.asc:2:
/home/data4t2/lelinfeng/cann-r-w4-4/本地实验/R-W4-4/V036/partial-ranking/stage/runner_ref.inc:385:57: warning: format specifies type 'int' but the argument has type 'int64_t' (aka 'long') [-Wformat]
1 warning generated.
Warning: please refer to the above warning message. 
In file included from /home/data4t2/lelinfeng/cann-r-w4-4/本地实验/R-W4-4/V036/partial-ranking/stage/runner_ref_parent.asc:2:
/home/data4t2/lelinfeng/cann-r-w4-4/本地实验/R-W4-4/V036/partial-ranking/stage/runner_ref.inc:385:57: warning: format specifies type 'int' but the argument has type 'int64_t' (aka 'long') [-Wformat]
1 warning generated.
Warning: please refer to the above warning message. 
In file included from /home/data4t2/lelinfeng/cann-r-w4-4/本地实验/R-W4-4/V036/partial-ranking/stage/runner_ref_parent.asc:2:
/home/data4t2/lelinfeng/cann-r-w4-4/本地实验/R-W4-4/V036/partial-ranking/stage/runner_ref.inc:254:21: warning: 'cce_global' attribute ignored when parsing type [-Wignored-attributes]
/usr/local/Ascend/ascend-toolkit/8.5.0.alpha002/compiler/tikcpp/tikcfw/impl/utils/kernel_utils_macros.h:18:17: note: expanded from macro 'GM_ADDR'
/usr/local/Ascend/ascend-toolkit/8.5.0.alpha002/aarch64-linux/ccec_compiler/lib/clang/15.0.5/include/__clang_cce_defines.h:47:31: note: expanded from macro '__gm__'
In file included from /home/data4t2/lelinfeng/cann-r-w4-4/本地实验/R-W4-4/V036/partial-ranking/stage/runner_ref_parent.asc:2:
/home/data4t2/lelinfeng/cann-r-w4-4/本地实验/R-W4-4/V036/partial-ranking/stage/runner_ref.inc:254:46: warning: 'cce_global' attribute ignored when parsing type [-Wignored-attributes]
/usr/local/Ascend/ascend-toolkit/8.5.0.alpha002/compiler/tikcpp/tikcfw/impl/utils/kernel_utils_macros.h:18:17: note: expanded from macro 'GM_ADDR'
/usr/local/Ascend/ascend-toolkit/8.5.0.alpha002/aarch64-linux/ccec_compiler/lib/clang/15.0.5/include/__clang_cce_defines.h:47:31: note: expanded from macro '__gm__'
In file included from /home/data4t2/lelinfeng/cann-r-w4-4/本地实验/R-W4-4/V036/partial-ranking/stage/runner_ref_parent.asc:2:
/home/data4t2/lelinfeng/cann-r-w4-4/本地实验/R-W4-4/V036/partial-ranking/stage/runner_ref.inc:255:21: warning: 'cce_global' attribute ignored when parsing type [-Wignored-attributes]
/usr/local/Ascend/ascend-toolkit/8.5.0.alpha002/compiler/tikcpp/tikcfw/impl/utils/kernel_utils_macros.h:18:17: note: expanded from macro 'GM_ADDR'
/usr/local/Ascend/ascend-toolkit/8.5.0.alpha002/aarch64-linux/ccec_compiler/lib/clang/15.0.5/include/__clang_cce_defines.h:47:31: note: expanded from macro '__gm__'
In file included from /home/data4t2/lelinfeng/cann-r-w4-4/本地实验/R-W4-4/V036/partial-ranking/stage/runner_ref_parent.asc:2:
/home/data4t2/lelinfeng/cann-r-w4-4/本地实验/R-W4-4/V036/partial-ranking/stage/runner_ref.inc:255:46: warning: 'cce_global' attribute ignored when parsing type [-Wignored-attributes]
/usr/local/Ascend/ascend-toolkit/8.5.0.alpha002/compiler/tikcpp/tikcfw/impl/utils/kernel_utils_macros.h:18:17: note: expanded from macro 'GM_ADDR'
/usr/local/Ascend/ascend-toolkit/8.5.0.alpha002/aarch64-linux/ccec_compiler/lib/clang/15.0.5/include/__clang_cce_defines.h:47:31: note: expanded from macro '__gm__'
In file included from /home/data4t2/lelinfeng/cann-r-w4-4/本地实验/R-W4-4/V036/partial-ranking/stage/runner_ref_parent.asc:2:
/home/data4t2/lelinfeng/cann-r-w4-4/本地实验/R-W4-4/V036/partial-ranking/stage/runner_ref.inc:256:21: warning: 'cce_global' attribute ignored when parsing type [-Wignored-attributes]
/usr/local/Ascend/ascend-toolkit/8.5.0.alpha002/compiler/tikcpp/tikcfw/impl/utils/kernel_utils_macros.h:18:17: note: expanded from macro 'GM_ADDR'
/usr/local/Ascend/ascend-toolkit/8.5.0.alpha002/aarch64-linux/ccec_compiler/lib/clang/15.0.5/include/__clang_cce_defines.h:47:31: note: expanded from macro '__gm__'
In file included from /home/data4t2/lelinfeng/cann-r-w4-4/本地实验/R-W4-4/V036/partial-ranking/stage/runner_ref_parent.asc:2:
/home/data4t2/lelinfeng/cann-r-w4-4/本地实验/R-W4-4/V036/partial-ranking/stage/runner_ref.inc:385:57: warning: format specifies type 'int' but the argument has type 'int64_t' (aka 'long') [-Wformat]
6 warnings generated.
Warning: please refer to the above warning message. 
Warning: please refer to the above warning message. 
Warning: please refer to the above warning message. 
Warning: please refer to the above warning message. 
Warning: please refer to the above warning message. 
Warning: please refer to the above warning message. 
Warning: please refer to the above warning message. 
Warning: please refer to the above warning message. 
Warning: please refer to the above warning message. 
Warning: please refer to the above warning message. 
Warning: please refer to the above warning message. 
Warning: please refer to the above warning message. 
Warning: please refer to the above warning message. 
Warning: please refer to the above warning message. 
Warning: please refer to the above warning message. 
Warning: please refer to the above warning message. 
[100%] Linking ASC executable clx_ref_parent_probe
[100%] Built target clx_ref_parent_probe
[ 50%] Building ASC object CMakeFiles/clx_ref_candidate_probe.dir/runner_ref_candidate.asc.o
In file included from /home/data4t2/lelinfeng/cann-r-w4-4/本地实验/R-W4-4/V036/partial-ranking/stage/runner_ref_candidate.asc:2:
/home/data4t2/lelinfeng/cann-r-w4-4/本地实验/R-W4-4/V036/partial-ranking/stage/runner_ref.inc:254:21: warning: 'cce_global' attribute ignored when parsing type [-Wignored-attributes]
        run_kernel((GM_ADDR)deviceX, infoX, (GM_ADDR)deviceR, infoR,
                    ^~~~~~~
/usr/local/Ascend/ascend-toolkit/8.5.0.alpha002/compiler/tikcpp/tikcfw/impl/utils/kernel_utils_macros.h:18:17: note: expanded from macro 'GM_ADDR'
#define GM_ADDR __gm__ uint8_t*
                ^~~~~~
/usr/local/Ascend/ascend-toolkit/8.5.0.alpha002/aarch64-linux/ccec_compiler/lib/clang/15.0.5/include/__clang_cce_defines.h:47:31: note: expanded from macro '__gm__'
#define __gm__ __attribute__((cce_global))
                              ^~~~~~~~~~
In file included from /home/data4t2/lelinfeng/cann-r-w4-4/本地实验/R-W4-4/V036/partial-ranking/stage/runner_ref_candidate.asc:2:
/home/data4t2/lelinfeng/cann-r-w4-4/本地实验/R-W4-4/V036/partial-ranking/stage/runner_ref.inc:254:46: warning: 'cce_global' attribute ignored when parsing type [-Wignored-attributes]
        run_kernel((GM_ADDR)deviceX, infoX, (GM_ADDR)deviceR, infoR,
                                             ^~~~~~~
/usr/local/Ascend/ascend-toolkit/8.5.0.alpha002/compiler/tikcpp/tikcfw/impl/utils/kernel_utils_macros.h:18:17: note: expanded from macro 'GM_ADDR'
#define GM_ADDR __gm__ uint8_t*
                ^~~~~~
/usr/local/Ascend/ascend-toolkit/8.5.0.alpha002/aarch64-linux/ccec_compiler/lib/clang/15.0.5/include/__clang_cce_defines.h:47:31: note: expanded from macro '__gm__'
#define __gm__ __attribute__((cce_global))
                              ^~~~~~~~~~
In file included from /home/data4t2/lelinfeng/cann-r-w4-4/本地实验/R-W4-4/V036/partial-ranking/stage/runner_ref_candidate.asc:2:
/home/data4t2/lelinfeng/cann-r-w4-4/本地实验/R-W4-4/V036/partial-ranking/stage/runner_ref.inc:255:21: warning: 'cce_global' attribute ignored when parsing type [-Wignored-attributes]
                   (GM_ADDR)deviceG, infoG, (GM_ADDR)deviceB, infoB,
                    ^~~~~~~
/usr/local/Ascend/ascend-toolkit/8.5.0.alpha002/compiler/tikcpp/tikcfw/impl/utils/kernel_utils_macros.h:18:17: note: expanded from macro 'GM_ADDR'
#define GM_ADDR __gm__ uint8_t*
                ^~~~~~
/usr/local/Ascend/ascend-toolkit/8.5.0.alpha002/aarch64-linux/ccec_compiler/lib/clang/15.0.5/include/__clang_cce_defines.h:47:31: note: expanded from macro '__gm__'
#define __gm__ __attribute__((cce_global))
                              ^~~~~~~~~~
In file included from /home/data4t2/lelinfeng/cann-r-w4-4/本地实验/R-W4-4/V036/partial-ranking/stage/runner_ref_candidate.asc:2:
/home/data4t2/lelinfeng/cann-r-w4-4/本地实验/R-W4-4/V036/partial-ranking/stage/runner_ref.inc:255:46: warning: 'cce_global' attribute ignored when parsing type [-Wignored-attributes]
                   (GM_ADDR)deviceG, infoG, (GM_ADDR)deviceB, infoB,
                                             ^~~~~~~
/usr/local/Ascend/ascend-toolkit/8.5.0.alpha002/compiler/tikcpp/tikcfw/impl/utils/kernel_utils_macros.h:18:17: note: expanded from macro 'GM_ADDR'
#define GM_ADDR __gm__ uint8_t*
                ^~~~~~
/usr/local/Ascend/ascend-toolkit/8.5.0.alpha002/aarch64-linux/ccec_compiler/lib/clang/15.0.5/include/__clang_cce_defines.h:47:31: note: expanded from macro '__gm__'
#define __gm__ __attribute__((cce_global))
                              ^~~~~~~~~~
In file included from /home/data4t2/lelinfeng/cann-r-w4-4/本地实验/R-W4-4/V036/partial-ranking/stage/runner_ref_candidate.asc:2:
/home/data4t2/lelinfeng/cann-r-w4-4/本地实验/R-W4-4/V036/partial-ranking/stage/runner_ref.inc:256:21: warning: 'cce_global' attribute ignored when parsing type [-Wignored-attributes]
                   (GM_ADDR)deviceOut, infoO, availableCoreNum, stream, kEpsilon);
                    ^~~~~~~
/usr/local/Ascend/ascend-toolkit/8.5.0.alpha002/compiler/tikcpp/tikcfw/impl/utils/kernel_utils_macros.h:18:17: note: expanded from macro 'GM_ADDR'
#define GM_ADDR __gm__ uint8_t*
                ^~~~~~
/usr/local/Ascend/ascend-toolkit/8.5.0.alpha002/aarch64-linux/ccec_compiler/lib/clang/15.0.5/include/__clang_cce_defines.h:47:31: note: expanded from macro '__gm__'
#define __gm__ __attribute__((cce_global))
                              ^~~~~~~~~~
In file included from /home/data4t2/lelinfeng/cann-r-w4-4/本地实验/R-W4-4/V036/partial-ranking/stage/runner_ref_candidate.asc:2:
/home/data4t2/lelinfeng/cann-r-w4-4/本地实验/R-W4-4/V036/partial-ranking/stage/runner_ref.inc:385:57: warning: format specifies type 'int' but the argument has type 'int64_t' (aka 'long') [-Wformat]
                deviceId, static_cast<long long>(rows), width, dtype, warmup, samples, blocks, bad);
                                                        ^~~~~
6 warnings generated.
In file included from /home/data4t2/lelinfeng/cann-r-w4-4/本地实验/R-W4-4/V036/partial-ranking/stage/runner_ref_candidate.asc:2:
/home/data4t2/lelinfeng/cann-r-w4-4/本地实验/R-W4-4/V036/partial-ranking/stage/runner_ref.inc:385:57: warning: format specifies type 'int' but the argument has type 'int64_t' (aka 'long') [-Wformat]
1 warning generated.
Warning: please refer to the above warning message. 
In file included from /home/data4t2/lelinfeng/cann-r-w4-4/本地实验/R-W4-4/V036/partial-ranking/stage/runner_ref_candidate.asc:2:
/home/data4t2/lelinfeng/cann-r-w4-4/本地实验/R-W4-4/V036/partial-ranking/stage/runner_ref.inc:385:57: warning: format specifies type 'int' but the argument has type 'int64_t' (aka 'long') [-Wformat]
1 warning generated.
Warning: please refer to the above warning message. 
In file included from /home/data4t2/lelinfeng/cann-r-w4-4/本地实验/R-W4-4/V036/partial-ranking/stage/runner_ref_candidate.asc:2:
/home/data4t2/lelinfeng/cann-r-w4-4/本地实验/R-W4-4/V036/partial-ranking/stage/runner_ref.inc:254:21: warning: 'cce_global' attribute ignored when parsing type [-Wignored-attributes]
/usr/local/Ascend/ascend-toolkit/8.5.0.alpha002/compiler/tikcpp/tikcfw/impl/utils/kernel_utils_macros.h:18:17: note: expanded from macro 'GM_ADDR'
/usr/local/Ascend/ascend-toolkit/8.5.0.alpha002/aarch64-linux/ccec_compiler/lib/clang/15.0.5/include/__clang_cce_defines.h:47:31: note: expanded from macro '__gm__'
In file included from /home/data4t2/lelinfeng/cann-r-w4-4/本地实验/R-W4-4/V036/partial-ranking/stage/runner_ref_candidate.asc:2:
/home/data4t2/lelinfeng/cann-r-w4-4/本地实验/R-W4-4/V036/partial-ranking/stage/runner_ref.inc:254:46: warning: 'cce_global' attribute ignored when parsing type [-Wignored-attributes]
/usr/local/Ascend/ascend-toolkit/8.5.0.alpha002/compiler/tikcpp/tikcfw/impl/utils/kernel_utils_macros.h:18:17: note: expanded from macro 'GM_ADDR'
/usr/local/Ascend/ascend-toolkit/8.5.0.alpha002/aarch64-linux/ccec_compiler/lib/clang/15.0.5/include/__clang_cce_defines.h:47:31: note: expanded from macro '__gm__'
In file included from /home/data4t2/lelinfeng/cann-r-w4-4/本地实验/R-W4-4/V036/partial-ranking/stage/runner_ref_candidate.asc:2:
/home/data4t2/lelinfeng/cann-r-w4-4/本地实验/R-W4-4/V036/partial-ranking/stage/runner_ref.inc:255:21: warning: 'cce_global' attribute ignored when parsing type [-Wignored-attributes]
/usr/local/Ascend/ascend-toolkit/8.5.0.alpha002/compiler/tikcpp/tikcfw/impl/utils/kernel_utils_macros.h:18:17: note: expanded from macro 'GM_ADDR'
/usr/local/Ascend/ascend-toolkit/8.5.0.alpha002/aarch64-linux/ccec_compiler/lib/clang/15.0.5/include/__clang_cce_defines.h:47:31: note: expanded from macro '__gm__'
In file included from /home/data4t2/lelinfeng/cann-r-w4-4/本地实验/R-W4-4/V036/partial-ranking/stage/runner_ref_candidate.asc:2:
/home/data4t2/lelinfeng/cann-r-w4-4/本地实验/R-W4-4/V036/partial-ranking/stage/runner_ref.inc:255:46: warning: 'cce_global' attribute ignored when parsing type [-Wignored-attributes]
/usr/local/Ascend/ascend-toolkit/8.5.0.alpha002/compiler/tikcpp/tikcfw/impl/utils/kernel_utils_macros.h:18:17: note: expanded from macro 'GM_ADDR'
/usr/local/Ascend/ascend-toolkit/8.5.0.alpha002/aarch64-linux/ccec_compiler/lib/clang/15.0.5/include/__clang_cce_defines.h:47:31: note: expanded from macro '__gm__'
In file included from /home/data4t2/lelinfeng/cann-r-w4-4/本地实验/R-W4-4/V036/partial-ranking/stage/runner_ref_candidate.asc:2:
/home/data4t2/lelinfeng/cann-r-w4-4/本地实验/R-W4-4/V036/partial-ranking/stage/runner_ref.inc:256:21: warning: 'cce_global' attribute ignored when parsing type [-Wignored-attributes]
/usr/local/Ascend/ascend-toolkit/8.5.0.alpha002/compiler/tikcpp/tikcfw/impl/utils/kernel_utils_macros.h:18:17: note: expanded from macro 'GM_ADDR'
/usr/local/Ascend/ascend-toolkit/8.5.0.alpha002/aarch64-linux/ccec_compiler/lib/clang/15.0.5/include/__clang_cce_defines.h:47:31: note: expanded from macro '__gm__'
In file included from /home/data4t2/lelinfeng/cann-r-w4-4/本地实验/R-W4-4/V036/partial-ranking/stage/runner_ref_candidate.asc:2:
/home/data4t2/lelinfeng/cann-r-w4-4/本地实验/R-W4-4/V036/partial-ranking/stage/runner_ref.inc:385:57: warning: format specifies type 'int' but the argument has type 'int64_t' (aka 'long') [-Wformat]
6 warnings generated.
Warning: please refer to the above warning message. 
Warning: please refer to the above warning message. 
Warning: please refer to the above warning message. 
Warning: please refer to the above warning message. 
Warning: please refer to the above warning message. 
Warning: please refer to the above warning message. 
Warning: please refer to the above warning message. 
Warning: please refer to the above warning message. 
Warning: please refer to the above warning message. 
Warning: please refer to the above warning message. 
Warning: please refer to the above warning message. 
Warning: please refer to the above warning message. 
Warning: please refer to the above warning message. 
Warning: please refer to the above warning message. 
Warning: please refer to the above warning message. 
Warning: please refer to the above warning message. 
[100%] Linking ASC executable clx_ref_candidate_probe
[100%] Built target clx_ref_candidate_probe
[ 50%] Building ASC object CMakeFiles/clx_ref_parent_probe.dir/runner_ref_parent.asc.o
In file included from /home/data4t2/lelinfeng/cann-r-w4-4/本地实验/R-W4-4/V036/partial-ranking/stage/runner_ref_parent.asc:2:
/home/data4t2/lelinfeng/cann-r-w4-4/本地实验/R-W4-4/V036/partial-ranking/stage/runner_ref.inc:254:21: warning: 'cce_global' attribute ignored when parsing type [-Wignored-attributes]
        run_kernel((GM_ADDR)deviceX, infoX, (GM_ADDR)deviceR, infoR,
                    ^~~~~~~
/usr/local/Ascend/ascend-toolkit/8.5.0.alpha002/compiler/tikcpp/tikcfw/impl/utils/kernel_utils_macros.h:18:17: note: expanded from macro 'GM_ADDR'
#define GM_ADDR __gm__ uint8_t*
                ^~~~~~
/usr/local/Ascend/ascend-toolkit/8.5.0.alpha002/aarch64-linux/ccec_compiler/lib/clang/15.0.5/include/__clang_cce_defines.h:47:31: note: expanded from macro '__gm__'
#define __gm__ __attribute__((cce_global))
                              ^~~~~~~~~~
In file included from /home/data4t2/lelinfeng/cann-r-w4-4/本地实验/R-W4-4/V036/partial-ranking/stage/runner_ref_parent.asc:2:
/home/data4t2/lelinfeng/cann-r-w4-4/本地实验/R-W4-4/V036/partial-ranking/stage/runner_ref.inc:254:46: warning: 'cce_global' attribute ignored when parsing type [-Wignored-attributes]
        run_kernel((GM_ADDR)deviceX, infoX, (GM_ADDR)deviceR, infoR,
                                             ^~~~~~~
/usr/local/Ascend/ascend-toolkit/8.5.0.alpha002/compiler/tikcpp/tikcfw/impl/utils/kernel_utils_macros.h:18:17: note: expanded from macro 'GM_ADDR'
#define GM_ADDR __gm__ uint8_t*
                ^~~~~~
/usr/local/Ascend/ascend-toolkit/8.5.0.alpha002/aarch64-linux/ccec_compiler/lib/clang/15.0.5/include/__clang_cce_defines.h:47:31: note: expanded from macro '__gm__'
#define __gm__ __attribute__((cce_global))
                              ^~~~~~~~~~
In file included from /home/data4t2/lelinfeng/cann-r-w4-4/本地实验/R-W4-4/V036/partial-ranking/stage/runner_ref_parent.asc:2:
/home/data4t2/lelinfeng/cann-r-w4-4/本地实验/R-W4-4/V036/partial-ranking/stage/runner_ref.inc:255:21: warning: 'cce_global' attribute ignored when parsing type [-Wignored-attributes]
                   (GM_ADDR)deviceG, infoG, (GM_ADDR)deviceB, infoB,
                    ^~~~~~~
/usr/local/Ascend/ascend-toolkit/8.5.0.alpha002/compiler/tikcpp/tikcfw/impl/utils/kernel_utils_macros.h:18:17: note: expanded from macro 'GM_ADDR'
#define GM_ADDR __gm__ uint8_t*
                ^~~~~~
/usr/local/Ascend/ascend-toolkit/8.5.0.alpha002/aarch64-linux/ccec_compiler/lib/clang/15.0.5/include/__clang_cce_defines.h:47:31: note: expanded from macro '__gm__'
#define __gm__ __attribute__((cce_global))
                              ^~~~~~~~~~
In file included from /home/data4t2/lelinfeng/cann-r-w4-4/本地实验/R-W4-4/V036/partial-ranking/stage/runner_ref_parent.asc:2:
/home/data4t2/lelinfeng/cann-r-w4-4/本地实验/R-W4-4/V036/partial-ranking/stage/runner_ref.inc:255:46: warning: 'cce_global' attribute ignored when parsing type [-Wignored-attributes]
                   (GM_ADDR)deviceG, infoG, (GM_ADDR)deviceB, infoB,
                                             ^~~~~~~
/usr/local/Ascend/ascend-toolkit/8.5.0.alpha002/compiler/tikcpp/tikcfw/impl/utils/kernel_utils_macros.h:18:17: note: expanded from macro 'GM_ADDR'
#define GM_ADDR __gm__ uint8_t*
                ^~~~~~
/usr/local/Ascend/ascend-toolkit/8.5.0.alpha002/aarch64-linux/ccec_compiler/lib/clang/15.0.5/include/__clang_cce_defines.h:47:31: note: expanded from macro '__gm__'
#define __gm__ __attribute__((cce_global))
                              ^~~~~~~~~~
In file included from /home/data4t2/lelinfeng/cann-r-w4-4/本地实验/R-W4-4/V036/partial-ranking/stage/runner_ref_parent.asc:2:
/home/data4t2/lelinfeng/cann-r-w4-4/本地实验/R-W4-4/V036/partial-ranking/stage/runner_ref.inc:256:21: warning: 'cce_global' attribute ignored when parsing type [-Wignored-attributes]
                   (GM_ADDR)deviceOut, infoO, availableCoreNum, stream, kEpsilon);
                    ^~~~~~~
/usr/local/Ascend/ascend-toolkit/8.5.0.alpha002/compiler/tikcpp/tikcfw/impl/utils/kernel_utils_macros.h:18:17: note: expanded from macro 'GM_ADDR'
#define GM_ADDR __gm__ uint8_t*
                ^~~~~~
/usr/local/Ascend/ascend-toolkit/8.5.0.alpha002/aarch64-linux/ccec_compiler/lib/clang/15.0.5/include/__clang_cce_defines.h:47:31: note: expanded from macro '__gm__'
#define __gm__ __attribute__((cce_global))
                              ^~~~~~~~~~
In file included from /home/data4t2/lelinfeng/cann-r-w4-4/本地实验/R-W4-4/V036/partial-ranking/stage/runner_ref_parent.asc:2:
/home/data4t2/lelinfeng/cann-r-w4-4/本地实验/R-W4-4/V036/partial-ranking/stage/runner_ref.inc:385:57: warning: format specifies type 'int' but the argument has type 'int64_t' (aka 'long') [-Wformat]
                deviceId, static_cast<long long>(rows), width, dtype, warmup, samples, blocks, bad);
                                                        ^~~~~
6 warnings generated.
In file included from /home/data4t2/lelinfeng/cann-r-w4-4/本地实验/R-W4-4/V036/partial-ranking/stage/runner_ref_parent.asc:2:
/home/data4t2/lelinfeng/cann-r-w4-4/本地实验/R-W4-4/V036/partial-ranking/stage/runner_ref.inc:385:57: warning: format specifies type 'int' but the argument has type 'int64_t' (aka 'long') [-Wformat]
1 warning generated.
Warning: please refer to the above warning message. 
In file included from /home/data4t2/lelinfeng/cann-r-w4-4/本地实验/R-W4-4/V036/partial-ranking/stage/runner_ref_parent.asc:2:
/home/data4t2/lelinfeng/cann-r-w4-4/本地实验/R-W4-4/V036/partial-ranking/stage/runner_ref.inc:385:57: warning: format specifies type 'int' but the argument has type 'int64_t' (aka 'long') [-Wformat]
1 warning generated.
Warning: please refer to the above warning message. 
In file included from /home/data4t2/lelinfeng/cann-r-w4-4/本地实验/R-W4-4/V036/partial-ranking/stage/runner_ref_parent.asc:2:
/home/data4t2/lelinfeng/cann-r-w4-4/本地实验/R-W4-4/V036/partial-ranking/stage/runner_ref.inc:254:21: warning: 'cce_global' attribute ignored when parsing type [-Wignored-attributes]
/usr/local/Ascend/ascend-toolkit/8.5.0.alpha002/compiler/tikcpp/tikcfw/impl/utils/kernel_utils_macros.h:18:17: note: expanded from macro 'GM_ADDR'
/usr/local/Ascend/ascend-toolkit/8.5.0.alpha002/aarch64-linux/ccec_compiler/lib/clang/15.0.5/include/__clang_cce_defines.h:47:31: note: expanded from macro '__gm__'
In file included from /home/data4t2/lelinfeng/cann-r-w4-4/本地实验/R-W4-4/V036/partial-ranking/stage/runner_ref_parent.asc:2:
/home/data4t2/lelinfeng/cann-r-w4-4/本地实验/R-W4-4/V036/partial-ranking/stage/runner_ref.inc:254:46: warning: 'cce_global' attribute ignored when parsing type [-Wignored-attributes]
/usr/local/Ascend/ascend-toolkit/8.5.0.alpha002/compiler/tikcpp/tikcfw/impl/utils/kernel_utils_macros.h:18:17: note: expanded from macro 'GM_ADDR'
/usr/local/Ascend/ascend-toolkit/8.5.0.alpha002/aarch64-linux/ccec_compiler/lib/clang/15.0.5/include/__clang_cce_defines.h:47:31: note: expanded from macro '__gm__'
In file included from /home/data4t2/lelinfeng/cann-r-w4-4/本地实验/R-W4-4/V036/partial-ranking/stage/runner_ref_parent.asc:2:
/home/data4t2/lelinfeng/cann-r-w4-4/本地实验/R-W4-4/V036/partial-ranking/stage/runner_ref.inc:255:21: warning: 'cce_global' attribute ignored when parsing type [-Wignored-attributes]
/usr/local/Ascend/ascend-toolkit/8.5.0.alpha002/compiler/tikcpp/tikcfw/impl/utils/kernel_utils_macros.h:18:17: note: expanded from macro 'GM_ADDR'
/usr/local/Ascend/ascend-toolkit/8.5.0.alpha002/aarch64-linux/ccec_compiler/lib/clang/15.0.5/include/__clang_cce_defines.h:47:31: note: expanded from macro '__gm__'
In file included from /home/data4t2/lelinfeng/cann-r-w4-4/本地实验/R-W4-4/V036/partial-ranking/stage/runner_ref_parent.asc:2:
/home/data4t2/lelinfeng/cann-r-w4-4/本地实验/R-W4-4/V036/partial-ranking/stage/runner_ref.inc:255:46: warning: 'cce_global' attribute ignored when parsing type [-Wignored-attributes]
/usr/local/Ascend/ascend-toolkit/8.5.0.alpha002/compiler/tikcpp/tikcfw/impl/utils/kernel_utils_macros.h:18:17: note: expanded from macro 'GM_ADDR'
/usr/local/Ascend/ascend-toolkit/8.5.0.alpha002/aarch64-linux/ccec_compiler/lib/clang/15.0.5/include/__clang_cce_defines.h:47:31: note: expanded from macro '__gm__'
In file included from /home/data4t2/lelinfeng/cann-r-w4-4/本地实验/R-W4-4/V036/partial-ranking/stage/runner_ref_parent.asc:2:
/home/data4t2/lelinfeng/cann-r-w4-4/本地实验/R-W4-4/V036/partial-ranking/stage/runner_ref.inc:256:21: warning: 'cce_global' attribute ignored when parsing type [-Wignored-attributes]
/usr/local/Ascend/ascend-toolkit/8.5.0.alpha002/compiler/tikcpp/tikcfw/impl/utils/kernel_utils_macros.h:18:17: note: expanded from macro 'GM_ADDR'
/usr/local/Ascend/ascend-toolkit/8.5.0.alpha002/aarch64-linux/ccec_compiler/lib/clang/15.0.5/include/__clang_cce_defines.h:47:31: note: expanded from macro '__gm__'
In file included from /home/data4t2/lelinfeng/cann-r-w4-4/本地实验/R-W4-4/V036/partial-ranking/stage/runner_ref_parent.asc:2:
/home/data4t2/lelinfeng/cann-r-w4-4/本地实验/R-W4-4/V036/partial-ranking/stage/runner_ref.inc:385:57: warning: format specifies type 'int' but the argument has type 'int64_t' (aka 'long') [-Wformat]
6 warnings generated.
Warning: please refer to the above warning message. 
Warning: please refer to the above warning message. 
Warning: please refer to the above warning message. 
Warning: please refer to the above warning message. 
Warning: please refer to the above warning message. 
Warning: please refer to the above warning message. 
Warning: please refer to the above warning message. 
Warning: please refer to the above warning message. 
Warning: please refer to the above warning message. 
Warning: please refer to the above warning message. 
Warning: please refer to the above warning message. 
Warning: please refer to the above warning message. 
Warning: please refer to the above warning message. 
Warning: please refer to the above warning message. 
Warning: please refer to the above warning message. 
Warning: please refer to the above warning message. 
[100%] Linking ASC executable clx_ref_parent_probe
[100%] Built target clx_ref_parent_probe
[ 50%] Building ASC object CMakeFiles/clx_ref_candidate_probe.dir/runner_ref_candidate.asc.o
In file included from /home/data4t2/lelinfeng/cann-r-w4-4/本地实验/R-W4-4/V036/partial-ranking/stage/runner_ref_candidate.asc:2:
/home/data4t2/lelinfeng/cann-r-w4-4/本地实验/R-W4-4/V036/partial-ranking/stage/runner_ref.inc:254:21: warning: 'cce_global' attribute ignored when parsing type [-Wignored-attributes]
        run_kernel((GM_ADDR)deviceX, infoX, (GM_ADDR)deviceR, infoR,
                    ^~~~~~~
/usr/local/Ascend/ascend-toolkit/8.5.0.alpha002/compiler/tikcpp/tikcfw/impl/utils/kernel_utils_macros.h:18:17: note: expanded from macro 'GM_ADDR'
#define GM_ADDR __gm__ uint8_t*
                ^~~~~~
/usr/local/Ascend/ascend-toolkit/8.5.0.alpha002/aarch64-linux/ccec_compiler/lib/clang/15.0.5/include/__clang_cce_defines.h:47:31: note: expanded from macro '__gm__'
#define __gm__ __attribute__((cce_global))
                              ^~~~~~~~~~
In file included from /home/data4t2/lelinfeng/cann-r-w4-4/本地实验/R-W4-4/V036/partial-ranking/stage/runner_ref_candidate.asc:2:
/home/data4t2/lelinfeng/cann-r-w4-4/本地实验/R-W4-4/V036/partial-ranking/stage/runner_ref.inc:254:46: warning: 'cce_global' attribute ignored when parsing type [-Wignored-attributes]
        run_kernel((GM_ADDR)deviceX, infoX, (GM_ADDR)deviceR, infoR,
                                             ^~~~~~~
/usr/local/Ascend/ascend-toolkit/8.5.0.alpha002/compiler/tikcpp/tikcfw/impl/utils/kernel_utils_macros.h:18:17: note: expanded from macro 'GM_ADDR'
#define GM_ADDR __gm__ uint8_t*
                ^~~~~~
/usr/local/Ascend/ascend-toolkit/8.5.0.alpha002/aarch64-linux/ccec_compiler/lib/clang/15.0.5/include/__clang_cce_defines.h:47:31: note: expanded from macro '__gm__'
#define __gm__ __attribute__((cce_global))
                              ^~~~~~~~~~
In file included from /home/data4t2/lelinfeng/cann-r-w4-4/本地实验/R-W4-4/V036/partial-ranking/stage/runner_ref_candidate.asc:2:
/home/data4t2/lelinfeng/cann-r-w4-4/本地实验/R-W4-4/V036/partial-ranking/stage/runner_ref.inc:255:21: warning: 'cce_global' attribute ignored when parsing type [-Wignored-attributes]
                   (GM_ADDR)deviceG, infoG, (GM_ADDR)deviceB, infoB,
                    ^~~~~~~
/usr/local/Ascend/ascend-toolkit/8.5.0.alpha002/compiler/tikcpp/tikcfw/impl/utils/kernel_utils_macros.h:18:17: note: expanded from macro 'GM_ADDR'
#define GM_ADDR __gm__ uint8_t*
                ^~~~~~
/usr/local/Ascend/ascend-toolkit/8.5.0.alpha002/aarch64-linux/ccec_compiler/lib/clang/15.0.5/include/__clang_cce_defines.h:47:31: note: expanded from macro '__gm__'
#define __gm__ __attribute__((cce_global))
                              ^~~~~~~~~~
In file included from /home/data4t2/lelinfeng/cann-r-w4-4/本地实验/R-W4-4/V036/partial-ranking/stage/runner_ref_candidate.asc:2:
/home/data4t2/lelinfeng/cann-r-w4-4/本地实验/R-W4-4/V036/partial-ranking/stage/runner_ref.inc:255:46: warning: 'cce_global' attribute ignored when parsing type [-Wignored-attributes]
                   (GM_ADDR)deviceG, infoG, (GM_ADDR)deviceB, infoB,
                                             ^~~~~~~
/usr/local/Ascend/ascend-toolkit/8.5.0.alpha002/compiler/tikcpp/tikcfw/impl/utils/kernel_utils_macros.h:18:17: note: expanded from macro 'GM_ADDR'
#define GM_ADDR __gm__ uint8_t*
                ^~~~~~
/usr/local/Ascend/ascend-toolkit/8.5.0.alpha002/aarch64-linux/ccec_compiler/lib/clang/15.0.5/include/__clang_cce_defines.h:47:31: note: expanded from macro '__gm__'
#define __gm__ __attribute__((cce_global))
                              ^~~~~~~~~~
In file included from /home/data4t2/lelinfeng/cann-r-w4-4/本地实验/R-W4-4/V036/partial-ranking/stage/runner_ref_candidate.asc:2:
/home/data4t2/lelinfeng/cann-r-w4-4/本地实验/R-W4-4/V036/partial-ranking/stage/runner_ref.inc:256:21: warning: 'cce_global' attribute ignored when parsing type [-Wignored-attributes]
                   (GM_ADDR)deviceOut, infoO, availableCoreNum, stream, kEpsilon);
                    ^~~~~~~
/usr/local/Ascend/ascend-toolkit/8.5.0.alpha002/compiler/tikcpp/tikcfw/impl/utils/kernel_utils_macros.h:18:17: note: expanded from macro 'GM_ADDR'
#define GM_ADDR __gm__ uint8_t*
                ^~~~~~
/usr/local/Ascend/ascend-toolkit/8.5.0.alpha002/aarch64-linux/ccec_compiler/lib/clang/15.0.5/include/__clang_cce_defines.h:47:31: note: expanded from macro '__gm__'
#define __gm__ __attribute__((cce_global))
                              ^~~~~~~~~~
In file included from /home/data4t2/lelinfeng/cann-r-w4-4/本地实验/R-W4-4/V036/partial-ranking/stage/runner_ref_candidate.asc:2:
/home/data4t2/lelinfeng/cann-r-w4-4/本地实验/R-W4-4/V036/partial-ranking/stage/runner_ref.inc:385:57: warning: format specifies type 'int' but the argument has type 'int64_t' (aka 'long') [-Wformat]
                deviceId, static_cast<long long>(rows), width, dtype, warmup, samples, blocks, bad);
                                                        ^~~~~
6 warnings generated.
In file included from /home/data4t2/lelinfeng/cann-r-w4-4/本地实验/R-W4-4/V036/partial-ranking/stage/runner_ref_candidate.asc:2:
/home/data4t2/lelinfeng/cann-r-w4-4/本地实验/R-W4-4/V036/partial-ranking/stage/runner_ref.inc:385:57: warning: format specifies type 'int' but the argument has type 'int64_t' (aka 'long') [-Wformat]
1 warning generated.
Warning: please refer to the above warning message. 
In file included from /home/data4t2/lelinfeng/cann-r-w4-4/本地实验/R-W4-4/V036/partial-ranking/stage/runner_ref_candidate.asc:2:
/home/data4t2/lelinfeng/cann-r-w4-4/本地实验/R-W4-4/V036/partial-ranking/stage/runner_ref.inc:385:57: warning: format specifies type 'int' but the argument has type 'int64_t' (aka 'long') [-Wformat]
1 warning generated.
Warning: please refer to the above warning message. 
In file included from /home/data4t2/lelinfeng/cann-r-w4-4/本地实验/R-W4-4/V036/partial-ranking/stage/runner_ref_candidate.asc:2:
/home/data4t2/lelinfeng/cann-r-w4-4/本地实验/R-W4-4/V036/partial-ranking/stage/runner_ref.inc:254:21: warning: 'cce_global' attribute ignored when parsing type [-Wignored-attributes]
/usr/local/Ascend/ascend-toolkit/8.5.0.alpha002/compiler/tikcpp/tikcfw/impl/utils/kernel_utils_macros.h:18:17: note: expanded from macro 'GM_ADDR'
/usr/local/Ascend/ascend-toolkit/8.5.0.alpha002/aarch64-linux/ccec_compiler/lib/clang/15.0.5/include/__clang_cce_defines.h:47:31: note: expanded from macro '__gm__'
In file included from /home/data4t2/lelinfeng/cann-r-w4-4/本地实验/R-W4-4/V036/partial-ranking/stage/runner_ref_candidate.asc:2:
/home/data4t2/lelinfeng/cann-r-w4-4/本地实验/R-W4-4/V036/partial-ranking/stage/runner_ref.inc:254:46: warning: 'cce_global' attribute ignored when parsing type [-Wignored-attributes]
/usr/local/Ascend/ascend-toolkit/8.5.0.alpha002/compiler/tikcpp/tikcfw/impl/utils/kernel_utils_macros.h:18:17: note: expanded from macro 'GM_ADDR'
/usr/local/Ascend/ascend-toolkit/8.5.0.alpha002/aarch64-linux/ccec_compiler/lib/clang/15.0.5/include/__clang_cce_defines.h:47:31: note: expanded from macro '__gm__'
In file included from /home/data4t2/lelinfeng/cann-r-w4-4/本地实验/R-W4-4/V036/partial-ranking/stage/runner_ref_candidate.asc:2:
/home/data4t2/lelinfeng/cann-r-w4-4/本地实验/R-W4-4/V036/partial-ranking/stage/runner_ref.inc:255:21: warning: 'cce_global' attribute ignored when parsing type [-Wignored-attributes]
/usr/local/Ascend/ascend-toolkit/8.5.0.alpha002/compiler/tikcpp/tikcfw/impl/utils/kernel_utils_macros.h:18:17: note: expanded from macro 'GM_ADDR'
/usr/local/Ascend/ascend-toolkit/8.5.0.alpha002/aarch64-linux/ccec_compiler/lib/clang/15.0.5/include/__clang_cce_defines.h:47:31: note: expanded from macro '__gm__'
In file included from /home/data4t2/lelinfeng/cann-r-w4-4/本地实验/R-W4-4/V036/partial-ranking/stage/runner_ref_candidate.asc:2:
/home/data4t2/lelinfeng/cann-r-w4-4/本地实验/R-W4-4/V036/partial-ranking/stage/runner_ref.inc:255:46: warning: 'cce_global' attribute ignored when parsing type [-Wignored-attributes]
/usr/local/Ascend/ascend-toolkit/8.5.0.alpha002/compiler/tikcpp/tikcfw/impl/utils/kernel_utils_macros.h:18:17: note: expanded from macro 'GM_ADDR'
/usr/local/Ascend/ascend-toolkit/8.5.0.alpha002/aarch64-linux/ccec_compiler/lib/clang/15.0.5/include/__clang_cce_defines.h:47:31: note: expanded from macro '__gm__'
In file included from /home/data4t2/lelinfeng/cann-r-w4-4/本地实验/R-W4-4/V036/partial-ranking/stage/runner_ref_candidate.asc:2:
/home/data4t2/lelinfeng/cann-r-w4-4/本地实验/R-W4-4/V036/partial-ranking/stage/runner_ref.inc:256:21: warning: 'cce_global' attribute ignored when parsing type [-Wignored-attributes]
/usr/local/Ascend/ascend-toolkit/8.5.0.alpha002/compiler/tikcpp/tikcfw/impl/utils/kernel_utils_macros.h:18:17: note: expanded from macro 'GM_ADDR'
/usr/local/Ascend/ascend-toolkit/8.5.0.alpha002/aarch64-linux/ccec_compiler/lib/clang/15.0.5/include/__clang_cce_defines.h:47:31: note: expanded from macro '__gm__'
In file included from /home/data4t2/lelinfeng/cann-r-w4-4/本地实验/R-W4-4/V036/partial-ranking/stage/runner_ref_candidate.asc:2:
/home/data4t2/lelinfeng/cann-r-w4-4/本地实验/R-W4-4/V036/partial-ranking/stage/runner_ref.inc:385:57: warning: format specifies type 'int' but the argument has type 'int64_t' (aka 'long') [-Wformat]
6 warnings generated.
Warning: please refer to the above warning message. 
Warning: please refer to the above warning message. 
Warning: please refer to the above warning message. 
Warning: please refer to the above warning message. 
Warning: please refer to the above warning message. 
Warning: please refer to the above warning message. 
Warning: please refer to the above warning message. 
Warning: please refer to the above warning message. 
Warning: please refer to the above warning message. 
Warning: please refer to the above warning message. 
Warning: please refer to the above warning message. 
Warning: please refer to the above warning message. 
Warning: please refer to the above warning message. 
Warning: please refer to the above warning message. 
Warning: please refer to the above warning message. 
Warning: please refer to the above warning message. 
[100%] Linking ASC executable clx_ref_candidate_probe
[100%] Built target clx_ref_candidate_probe
