/usr/bin/cmake -S/home/data4t2/lelinfeng/cann-route-w4-3-sync-barrier-elision/本地实验/SYNC-BARRIER-ELISION-X/V063 -B/tmp/sync-v063-build --check-build-system CMakeFiles/Makefile.cmake 0
/usr/bin/gmake  -f CMakeFiles/Makefile2 sync_barrier_elision_v063
gmake[1]: Entering directory '/tmp/sync-v063-build'
/usr/bin/cmake -S/home/data4t2/lelinfeng/cann-route-w4-3-sync-barrier-elision/本地实验/SYNC-BARRIER-ELISION-X/V063 -B/tmp/sync-v063-build --check-build-system CMakeFiles/Makefile.cmake 0
/usr/bin/cmake -E cmake_progress_start /tmp/sync-v063-build/CMakeFiles 2
/usr/bin/gmake  -f CMakeFiles/Makefile2 CMakeFiles/sync_barrier_elision_v063.dir/all
gmake[2]: Entering directory '/tmp/sync-v063-build'
/usr/bin/gmake  -f CMakeFiles/sync_barrier_elision_v063.dir/build.make CMakeFiles/sync_barrier_elision_v063.dir/depend
gmake[3]: Entering directory '/tmp/sync-v063-build'
cd /tmp/sync-v063-build && /usr/bin/cmake -E cmake_depends "Unix Makefiles" /home/data4t2/lelinfeng/cann-route-w4-3-sync-barrier-elision/本地实验/SYNC-BARRIER-ELISION-X/V063 /home/data4t2/lelinfeng/cann-route-w4-3-sync-barrier-elision/本地实验/SYNC-BARRIER-ELISION-X/V063 /tmp/sync-v063-build /tmp/sync-v063-build /tmp/sync-v063-build/CMakeFiles/sync_barrier_elision_v063.dir/DependInfo.cmake --color=
gmake[3]: Leaving directory '/tmp/sync-v063-build'
/usr/bin/gmake  -f CMakeFiles/sync_barrier_elision_v063.dir/build.make CMakeFiles/sync_barrier_elision_v063.dir/build
gmake[3]: Entering directory '/tmp/sync-v063-build'
[ 50%] Building ASC object CMakeFiles/sync_barrier_elision_v063.dir/src/compile_adapter.asc.o
/usr/local/Ascend/ascend-toolkit/8.5.0.alpha002/compiler/ccec_compiler/bin/bisheng   -I/home/data4t2/lelinfeng/cann-route-w4-3-sync-barrier-elision/本地实验/SYNC-BARRIER-ELISION-X/V063/src --cce-aicore-arch=dav-c220 -I/usr/local/Ascend/ascend-toolkit/8.5.0.alpha002/toolkit/toolchain/hcc/aarch64-target-linux-gnu/include/c++/7.3.0 -I/usr/local/Ascend/ascend-toolkit/8.5.0.alpha002/toolkit/toolchain/hcc/aarch64-target-linux-gnu/include/c++/7.3.0/aarch64-target-linux-gnu -I/usr/local/Ascend/ascend-toolkit/8.5.0.alpha002/toolkit/toolchain/hcc/aarch64-target-linux-gnu/include/c++/7.3.0/backward -I/usr/include/c++/11 -I/usr/include/aarch64-linux-gnu/c++/11 -I/usr/include/c++/11/backward -Xaicore-start -O3 -std=c++17 -Xaicore-end -Xhost-start -I/usr/local/Ascend/ascend-toolkit/8.5.0.alpha002/toolkit/toolchain/hcc/aarch64-target-linux-gnu/include/c++/7.3.0 -I/usr/local/Ascend/ascend-toolkit/8.5.0.alpha002/toolkit/toolchain/hcc/aarch64-target-linux-gnu/include/c++/7.3.0/aarch64-target-linux-gnu -I/usr/local/Ascend/ascend-toolkit/8.5.0.alpha002/toolkit/toolchain/hcc/aarch64-target-linux-gnu/include/c++/7.3.0/backward -I/usr/include/c++/11 -I/usr/include/aarch64-linux-gnu/c++/11 -I/usr/include/c++/11/backward -fPIC -O2 -Xhost-end --npu-arch=dav-2201 -MD -MT CMakeFiles/sync_barrier_elision_v063.dir/src/compile_adapter.asc.o -MF CMakeFiles/sync_barrier_elision_v063.dir/src/compile_adapter.asc.o.d -o CMakeFiles/sync_barrier_elision_v063.dir/src/compile_adapter.asc.o -c -x asc /home/data4t2/lelinfeng/cann-route-w4-3-sync-barrier-elision/本地实验/SYNC-BARRIER-ELISION-X/V063/src/compile_adapter.asc
/tmp/asc_plugin_binary_register_code-565be2.c:3:10: fatal error: 'vector' file not found
#include <vector>
         ^~~~~~~~
1 error generated.
cceld: ccec ReturnCode: 1
cceld: ExecutionFailed: 0
cceld: ErrMsg: 
/usr/local/Ascend/ascend-toolkit/8.5.0.alpha002/aarch64-linux/ccec_compiler/bin/llvm-objcopy: error: '/tmp/cce_all_link-b3faca.o': No such file or directory
cceld: ccec ReturnCode: 1
cceld: ObjcopyExecutionFailed: 0
cceld: ObjcopyErrMsg: 
ld.lld: error: cannot open /tmp/cce_all_link-b3faca.o: No such file or directory
cceld: ccec ReturnCode: 1
cceld: RelocatedLinkedExecutionFailed: 0
cceld: RelocatedLinkedObjcopyErrMsg: 
/usr/local/Ascend/ascend-toolkit/8.5.0.alpha002/aarch64-linux/ccec_compiler/bin/llvm-objcopy: error: '/tmp/cce_relocated_linked_static_object-b4c232.o': The file was not recognized as a valid object file
cceld: ccec ReturnCode: 1
cceld: LocalFixedExecutionFailed: 0
cceld: LocalFixedErrMsg: 
ld.lld: error: target emulation unknown: -m or at least one .o file required
cceld: Linker ReturnCode: 1
cceld: ExecutionFailed: 0
cceld: ErrMsg: 
bisheng: error: linker command failed with exit code 1 (use -v to see invocation)
gmake[3]: *** [CMakeFiles/sync_barrier_elision_v063.dir/build.make:76: CMakeFiles/sync_barrier_elision_v063.dir/src/compile_adapter.asc.o] Error 1
gmake[3]: Leaving directory '/tmp/sync-v063-build'
gmake[2]: *** [CMakeFiles/Makefile2:85: CMakeFiles/sync_barrier_elision_v063.dir/all] Error 2
gmake[2]: Leaving directory '/tmp/sync-v063-build'
gmake[1]: *** [CMakeFiles/Makefile2:92: CMakeFiles/sync_barrier_elision_v063.dir/rule] Error 2
gmake[1]: Leaving directory '/tmp/sync-v063-build'
gmake: *** [Makefile:124: sync_barrier_elision_v063] Error 2
