SNAPSHOT_UTC=2026-10-08T13:19:18.749681234Z

=== device 3 usages ===
	DDR Capacity(MB)               : 0
	DDR Usage Rate(%)              : 0
	DDR Hugepages Total(page)      : 0
	DDR Hugepages Usage Rate(%)    : 0
	HBM Capacity(MB)               : 65536
	HBM Usage Rate(%)              : 5
	Aicore Usage Rate(%)           : 0
	Aivector Usage Rate(%)         : 0
	Aicpu Usage Rate(%)            : 0
	Ctrlcpu Usage Rate(%)          : 3
	DDR Bandwidth Usage Rate(%)    : 0
	HBM Bandwidth Usage Rate(%)    : 0

=== device 3 process memory ===
	No process in device.

=== host load ===
 13:19:19 up 243 days, 55 min, 36 users,  load average: 39.37, 51.46, 54.22

=== this Route runner processes ===
 161998 1833615 Ss         00:01 bash            /bin/bash -lc set -o pipefail; { date -u '+SNAPSHOT_UTC=%Y-%m-%dT%H:%M:%S.%NZ'; printf '\n=== device 3 usages ===\n'; npu-smi info -t usages -i 3 -c 0; printf '\n=== device 3 process memory ===\n'; npu-smi info -t proc-mem -i 3 -c 0; printf '\n=== host load ===\n'; uptime; printf '\n=== this Route runner processes ===\n'; ps -eo pid,ppid,stat,etime,comm,args | rg '[s]ync_barrier_elision|[c]orrectness_runner' || true; printf '\n=== identities ===\n'; sha256sum 本地实验/SYNC-BARRIER-ELISION-X/V063/parent.asc 本地实验/SYNC-BARRIER-ELISION-X/V063/submission.asc /tmp/sync-v063-build/sync_barrier_elision_correctness; } 2>&1 | tee 本地实验/SYNC-BARRIER-ELISION-X/V063/logs/device3-v063-pre-local-block1-snapshot.log
 162002  161998 S          00:01 bash            /bin/bash -lc set -o pipefail; { date -u '+SNAPSHOT_UTC=%Y-%m-%dT%H:%M:%S.%NZ'; printf '\n=== device 3 usages ===\n'; npu-smi info -t usages -i 3 -c 0; printf '\n=== device 3 process memory ===\n'; npu-smi info -t proc-mem -i 3 -c 0; printf '\n=== host load ===\n'; uptime; printf '\n=== this Route runner processes ===\n'; ps -eo pid,ppid,stat,etime,comm,args | rg '[s]ync_barrier_elision|[c]orrectness_runner' || true; printf '\n=== identities ===\n'; sha256sum 本地实验/SYNC-BARRIER-ELISION-X/V063/parent.asc 本地实验/SYNC-BARRIER-ELISION-X/V063/submission.asc /tmp/sync-v063-build/sync_barrier_elision_correctness; } 2>&1 | tee 本地实验/SYNC-BARRIER-ELISION-X/V063/logs/device3-v063-pre-local-block1-snapshot.log

=== identities ===
a8c19a1972207acc67e3fb0cd393cc70b0a4b183d1eaf5610edf80c2879b15e3  本地实验/SYNC-BARRIER-ELISION-X/V063/parent.asc
57f9b176c1c444ada9f58ffd8741ca3655ac47cc9c25518b921115908265c013  本地实验/SYNC-BARRIER-ELISION-X/V063/submission.asc
b84dbd8bd3f382ddfd499fb23b50aad7b782fd97000dcc3cd2d42fb0fd85fa8f  /tmp/sync-v063-build/sync_barrier_elision_correctness
