SNAPSHOT_UTC=2026-10-08T14:14:33.755273915Z

=== device 3 usages ===
	DDR Capacity(MB)               : 0
	DDR Usage Rate(%)              : 0
	DDR Hugepages Total(page)      : 0
	DDR Hugepages Usage Rate(%)    : 0
	HBM Capacity(MB)               : 65536
	HBM Usage Rate(%)              : 5
	Aicore Usage Rate(%)           : 0
	Aivector Usage Rate(%)         : 0
	Aicpu Usage Rate(%)            : 0
	Ctrlcpu Usage Rate(%)          : 5
	DDR Bandwidth Usage Rate(%)    : 0
	HBM Bandwidth Usage Rate(%)    : 0

=== device 3 process memory ===
	No process in device.

=== host load ===
 14:14:34 up 243 days,  1:50, 36 users,  load average: 67.64, 59.48, 58.57

=== this Route runner processes ===

=== release ===
DEVICE=3
ROUTE=SYNC-BARRIER-ELISION-X
REVISION=V063
RELEASE_UTC=2026-10-08T14:14:35.092558893Z
RELEASE_REASON=local_raw_capture_complete
LEASE_STATE=RELEASED_ROUTE_LOCAL
