ROUTE=SYNC-BARRIER-ELISION-X
REVISION=V063
GATE=INTERLEAVED_LOCAL
BLOCK=1
DEVICE=3
SHAPE=128x128
DTYPE=FP16
WARMUP=60
PAIRS=31
PARENT=PARENT_R31B_V011
CANDIDATE=CANDIDATE_V063
START_UTC=2026-10-08T14:10:25.421139963Z
COMMAND=/tmp/sync-v063-build/sync_barrier_elision_correctness 3 --local
LOCAL_SAMPLE case=fp16-128x128 pair=01 order=P,C parent_device_us=20.1200 candidate_device_us=19.6400 parent_gelem_s=0.814314 candidate_gelem_s=0.834216 parent_wall_us=181.3230 candidate_wall_us=89.6820 paired_delta_us=-0.4800
LOCAL_SAMPLE case=fp16-128x128 pair=02 order=C,P parent_device_us=6.3400 candidate_device_us=40.0000 parent_gelem_s=2.584227 candidate_gelem_s=0.409600 parent_wall_us=103.0920 candidate_wall_us=105.9020 paired_delta_us=33.6600
LOCAL_SAMPLE case=fp16-128x128 pair=03 order=P,C parent_device_us=5.9800 candidate_device_us=7.5400 parent_gelem_s=2.739799 candidate_gelem_s=2.172944 parent_wall_us=85.8110 candidate_wall_us=71.7520 paired_delta_us=1.5600
LOCAL_SAMPLE case=fp16-128x128 pair=04 order=C,P parent_device_us=19.7400 candidate_device_us=21.0600 parent_gelem_s=0.829990 candidate_gelem_s=0.777968 parent_wall_us=73.7810 candidate_wall_us=75.3410 paired_delta_us=1.3200
LOCAL_SAMPLE case=fp16-128x128 pair=05 order=P,C parent_device_us=43.5400 candidate_device_us=6.4400 parent_gelem_s=0.376298 candidate_gelem_s=2.544099 parent_wall_us=112.5920 candidate_wall_us=88.1110 paired_delta_us=-37.1000
LOCAL_SAMPLE case=fp16-128x128 pair=06 order=C,P parent_device_us=6.8400 candidate_device_us=6.4400 parent_gelem_s=2.395322 candidate_gelem_s=2.544099 parent_wall_us=78.8810 candidate_wall_us=125.1120 paired_delta_us=-0.4000
LOCAL_SAMPLE case=fp16-128x128 pair=07 order=P,C parent_device_us=6.3000 candidate_device_us=6.0400 parent_gelem_s=2.600635 candidate_gelem_s=2.712583 parent_wall_us=84.6020 candidate_wall_us=74.6710 paired_delta_us=-0.2600
LOCAL_SAMPLE case=fp16-128x128 pair=08 order=C,P parent_device_us=18.0200 candidate_device_us=8.9600 parent_gelem_s=0.909212 candidate_gelem_s=1.828571 parent_wall_us=69.2010 candidate_wall_us=69.8910 paired_delta_us=-9.0600
LOCAL_SAMPLE case=fp16-128x128 pair=09 order=P,C parent_device_us=18.1000 candidate_device_us=5.8200 parent_gelem_s=0.905193 candidate_gelem_s=2.815120 parent_wall_us=72.1710 candidate_wall_us=69.6810 paired_delta_us=-12.2800
LOCAL_SAMPLE case=fp16-128x128 pair=10 order=C,P parent_device_us=5.9400 candidate_device_us=6.4000 parent_gelem_s=2.758249 candidate_gelem_s=2.560000 parent_wall_us=73.8510 candidate_wall_us=67.2510 paired_delta_us=0.4600
LOCAL_SAMPLE case=fp16-128x128 pair=11 order=P,C parent_device_us=6.9800 candidate_device_us=18.7800 parent_gelem_s=2.347278 candidate_gelem_s=0.872417 parent_wall_us=73.9320 candidate_wall_us=88.3310 paired_delta_us=11.8000
LOCAL_SAMPLE case=fp16-128x128 pair=12 order=C,P parent_device_us=23.7000 candidate_device_us=6.9400 parent_gelem_s=0.691308 candidate_gelem_s=2.360807 parent_wall_us=79.9610 candidate_wall_us=79.9020 paired_delta_us=-16.7600
LOCAL_SAMPLE case=fp16-128x128 pair=13 order=P,C parent_device_us=16.5600 candidate_device_us=17.2400 parent_gelem_s=0.989372 candidate_gelem_s=0.950348 parent_wall_us=72.1420 candidate_wall_us=81.7510 paired_delta_us=0.6800
LOCAL_SAMPLE case=fp16-128x128 pair=14 order=C,P parent_device_us=15.1000 candidate_device_us=6.4200 parent_gelem_s=1.085033 candidate_gelem_s=2.552025 parent_wall_us=68.5810 candidate_wall_us=69.5920 paired_delta_us=-8.6800
LOCAL_SAMPLE case=fp16-128x128 pair=15 order=P,C parent_device_us=6.7000 candidate_device_us=19.1400 parent_gelem_s=2.445373 candidate_gelem_s=0.856008 parent_wall_us=73.8910 candidate_wall_us=70.2120 paired_delta_us=12.4400
LOCAL_SAMPLE case=fp16-128x128 pair=16 order=C,P parent_device_us=6.7600 candidate_device_us=20.3000 parent_gelem_s=2.423669 candidate_gelem_s=0.807094 parent_wall_us=67.7410 candidate_wall_us=77.8310 paired_delta_us=13.5400
LOCAL_SAMPLE case=fp16-128x128 pair=17 order=P,C parent_device_us=6.5000 candidate_device_us=17.4600 parent_gelem_s=2.520615 candidate_gelem_s=0.938373 parent_wall_us=71.2310 candidate_wall_us=67.1010 paired_delta_us=10.9600
LOCAL_SAMPLE case=fp16-128x128 pair=18 order=C,P parent_device_us=14.9000 candidate_device_us=6.7800 parent_gelem_s=1.099597 candidate_gelem_s=2.416519 parent_wall_us=77.8010 candidate_wall_us=72.5820 paired_delta_us=-8.1200
LOCAL_SAMPLE case=fp16-128x128 pair=19 order=P,C parent_device_us=6.8200 candidate_device_us=18.2600 parent_gelem_s=2.402346 candidate_gelem_s=0.897262 parent_wall_us=74.9620 candidate_wall_us=74.7910 paired_delta_us=11.4400
LOCAL_SAMPLE case=fp16-128x128 pair=20 order=C,P parent_device_us=6.3000 candidate_device_us=6.9000 parent_gelem_s=2.600635 candidate_gelem_s=2.374493 parent_wall_us=88.6220 candidate_wall_us=82.5010 paired_delta_us=0.6000
LOCAL_SAMPLE case=fp16-128x128 pair=21 order=P,C parent_device_us=6.3800 candidate_device_us=19.2600 parent_gelem_s=2.568025 candidate_gelem_s=0.850675 parent_wall_us=85.5610 candidate_wall_us=82.9320 paired_delta_us=12.8800
LOCAL_SAMPLE case=fp16-128x128 pair=22 order=C,P parent_device_us=17.4000 candidate_device_us=16.8800 parent_gelem_s=0.941609 candidate_gelem_s=0.970616 parent_wall_us=87.6320 candidate_wall_us=71.3810 paired_delta_us=-0.5200
LOCAL_SAMPLE case=fp16-128x128 pair=23 order=P,C parent_device_us=7.1400 candidate_device_us=18.6600 parent_gelem_s=2.294678 candidate_gelem_s=0.878028 parent_wall_us=72.5810 candidate_wall_us=73.3120 paired_delta_us=11.5200
LOCAL_SAMPLE case=fp16-128x128 pair=24 order=C,P parent_device_us=6.8200 candidate_device_us=17.8200 parent_gelem_s=2.402346 candidate_gelem_s=0.919416 parent_wall_us=71.2410 candidate_wall_us=69.4910 paired_delta_us=11.0000
LOCAL_SAMPLE case=fp16-128x128 pair=25 order=P,C parent_device_us=6.2000 candidate_device_us=19.8200 parent_gelem_s=2.642581 candidate_gelem_s=0.826640 parent_wall_us=72.0610 candidate_wall_us=69.7010 paired_delta_us=13.6200
LOCAL_SAMPLE case=fp16-128x128 pair=26 order=C,P parent_device_us=15.5000 candidate_device_us=6.7400 parent_gelem_s=1.057032 candidate_gelem_s=2.430860 parent_wall_us=71.6310 candidate_wall_us=92.2820 paired_delta_us=-8.7600
LOCAL_SAMPLE case=fp16-128x128 pair=27 order=P,C parent_device_us=19.0000 candidate_device_us=15.4200 parent_gelem_s=0.862316 candidate_gelem_s=1.062516 parent_wall_us=94.5420 candidate_wall_us=85.0720 paired_delta_us=-3.5800
LOCAL_SAMPLE case=fp16-128x128 pair=28 order=C,P parent_device_us=15.8400 candidate_device_us=18.4400 parent_gelem_s=1.034343 candidate_gelem_s=0.888503 parent_wall_us=71.7210 candidate_wall_us=102.6420 paired_delta_us=2.6000
LOCAL_SAMPLE case=fp16-128x128 pair=29 order=P,C parent_device_us=27.0400 candidate_device_us=6.3600 parent_gelem_s=0.605917 candidate_gelem_s=2.576101 parent_wall_us=82.8120 candidate_wall_us=77.3910 paired_delta_us=-20.6800
LOCAL_SAMPLE case=fp16-128x128 pair=30 order=C,P parent_device_us=20.1400 candidate_device_us=6.9800 parent_gelem_s=0.813505 candidate_gelem_s=2.347278 parent_wall_us=91.5810 candidate_wall_us=73.6210 paired_delta_us=-13.1600
LOCAL_SAMPLE case=fp16-128x128 pair=31 order=P,C parent_device_us=20.6000 candidate_device_us=16.8000 parent_gelem_s=0.795340 candidate_gelem_s=0.975238 parent_wall_us=82.9020 candidate_wall_us=70.2510 paired_delta_us=-3.8000
LOCAL_STATS case=fp16-128x128 metric=device_us binary=PARENT_R31B_V011 n=31 median=14.9000 mean=13.6548 stdev=8.5763 cv=0.62807 min=5.9400 max=43.5400 mad=8.0600 p10=6.3000 p90=20.6000
LOCAL_STATS case=fp16-128x128 metric=device_us binary=CANDIDATE_V063 n=31 median=16.8000 mean=13.8626 stdev=7.6638 cv=0.55284 min=5.8200 max=40.0000 mad=4.2600 p10=6.4000 p90=19.8200
LOCAL_STATS case=fp16-128x128 metric=wall_us binary=PARENT_R31B_V011 n=31 median=74.9620 mean=82.8527 stdev=21.0576 cv=0.25416 min=67.7410 max=181.3230 mad=4.9990 p10=71.2310 p90=94.5420
LOCAL_STATS case=fp16-128x128 metric=wall_us binary=CANDIDATE_V063 n=31 median=74.7910 mean=79.6795 stdev=12.9919 cv=0.16305 min=67.1010 max=125.1120 mad=5.1110 p10=69.5920 p90=92.2820
LOCAL_STATS case=fp16-128x128 metric=gelem_s binary=PARENT_R31B_V011 n=31 median=1.0996 mean=1.6625 stdev=0.8553 cv=0.51447 min=0.3763 max=2.7582 mad=0.7233 p10=0.7953 p90=2.6006
LOCAL_STATS case=fp16-128x128 metric=gelem_s binary=CANDIDATE_V063 n=31 median=0.9752 mean=1.5790 stdev=0.8207 cv=0.51977 min=0.4096 max=2.8151 mad=0.1973 p10=0.8266 p90=2.5600
LOCAL_STATS case=fp16-128x128 metric=paired_delta_us binary=CANDIDATE_MINUS_PARENT n=31 median=0.4600 mean=0.2077 stdev=13.1834 cv=63.46066 min=-37.1000 max=33.6600 mad=9.5200 p10=-13.1600 p90=12.8800
LOCAL_RESULT route=SYNC-BARRIER-ELISION-X revision=V063 device=3 shape=128x128 dtype=fp16 samples=31 parent_median_us=14.9000 candidate_median_us=16.8000 parent_median_gelem_s=1.099597 candidate_median_gelem_s=0.975238 local_delta_us=0.4600 local_score_percent=-3.087247 candidate_minus_parent_percent=3.087247
EXIT_CODE=0
END_UTC=2026-10-08T14:10:32.373661606Z
