SAME_BINARY_SAMPLE binary=PARENT_R31B_V011 case=fp16-128x128 pair=01 order=A,B first_device_us=50.4600 second_device_us=31.6600 first_gelem_s=0.324693 second_gelem_s=0.517498 first_wall_us=193.6900 second_wall_us=88.1890 second_minus_first_us=-18.8000
SAME_BINARY_SAMPLE binary=PARENT_R31B_V011 case=fp16-128x128 pair=02 order=B,A first_device_us=16.4000 second_device_us=6.7400 first_gelem_s=0.999024 second_gelem_s=2.430860 first_wall_us=81.9300 second_wall_us=81.4200 second_minus_first_us=-9.6600
SAME_BINARY_SAMPLE binary=PARENT_R31B_V011 case=fp16-128x128 pair=03 order=A,B first_device_us=18.5400 second_device_us=18.6800 first_gelem_s=0.883711 second_gelem_s=0.877088 first_wall_us=73.6600 second_wall_us=71.0300 second_minus_first_us=0.1400
SAME_BINARY_SAMPLE binary=PARENT_R31B_V011 case=fp16-128x128 pair=04 order=B,A first_device_us=19.8200 second_device_us=15.1000 first_gelem_s=0.826640 second_gelem_s=1.085033 first_wall_us=72.6500 second_wall_us=71.7000 second_minus_first_us=-4.7200
SAME_BINARY_SAMPLE binary=PARENT_R31B_V011 case=fp16-128x128 pair=05 order=A,B first_device_us=18.7600 second_device_us=19.9800 first_gelem_s=0.873348 second_gelem_s=0.820020 first_wall_us=70.6700 second_wall_us=72.2600 second_minus_first_us=1.2200
SAME_BINARY_SAMPLE binary=PARENT_R31B_V011 case=fp16-128x128 pair=06 order=B,A first_device_us=13.2200 second_device_us=23.1600 first_gelem_s=1.239334 second_gelem_s=0.707427 first_wall_us=70.7500 second_wall_us=68.8800 second_minus_first_us=9.9400
SAME_BINARY_SAMPLE binary=PARENT_R31B_V011 case=fp16-128x128 pair=07 order=A,B first_device_us=6.4200 second_device_us=18.8000 first_gelem_s=2.552025 second_gelem_s=0.871489 first_wall_us=71.0300 second_wall_us=69.0500 second_minus_first_us=12.3800
SAME_BINARY_SAMPLE binary=PARENT_R31B_V011 case=fp16-128x128 pair=08 order=B,A first_device_us=17.4400 second_device_us=6.6600 first_gelem_s=0.939450 second_gelem_s=2.460060 first_wall_us=68.9500 second_wall_us=70.7990 second_minus_first_us=-10.7800
SAME_BINARY_SAMPLE binary=PARENT_R31B_V011 case=fp16-128x128 pair=09 order=A,B first_device_us=17.8800 second_device_us=18.0600 first_gelem_s=0.916331 second_gelem_s=0.907198 first_wall_us=69.7300 second_wall_us=69.1700 second_minus_first_us=0.1800
SAME_BINARY_SAMPLE binary=PARENT_R31B_V011 case=fp16-128x128 pair=10 order=B,A first_device_us=16.4200 second_device_us=25.3400 first_gelem_s=0.997808 second_gelem_s=0.646567 first_wall_us=70.4000 second_wall_us=69.6100 second_minus_first_us=8.9200
SAME_BINARY_SAMPLE binary=PARENT_R31B_V011 case=fp16-128x128 pair=11 order=A,B first_device_us=16.8800 second_device_us=15.5800 first_gelem_s=0.970616 second_gelem_s=1.051605 first_wall_us=69.1000 second_wall_us=70.9700 second_minus_first_us=-1.3000
SAME_BINARY_SAMPLE binary=PARENT_R31B_V011 case=fp16-128x128 pair=12 order=B,A first_device_us=18.7200 second_device_us=16.2400 first_gelem_s=0.875214 second_gelem_s=1.008867 first_wall_us=71.2890 second_wall_us=71.0900 second_minus_first_us=-2.4800
SAME_BINARY_SAMPLE binary=PARENT_R31B_V011 case=fp16-128x128 pair=13 order=A,B first_device_us=27.6600 second_device_us=16.1400 first_gelem_s=0.592336 second_gelem_s=1.015118 first_wall_us=70.1100 second_wall_us=70.9700 second_minus_first_us=-11.5200
SAME_BINARY_SAMPLE binary=PARENT_R31B_V011 case=fp16-128x128 pair=14 order=B,A first_device_us=18.8400 second_device_us=18.1600 first_gelem_s=0.869639 second_gelem_s=0.902203 first_wall_us=70.3100 second_wall_us=70.3800 second_minus_first_us=-0.6800
SAME_BINARY_SAMPLE binary=PARENT_R31B_V011 case=fp16-128x128 pair=15 order=A,B first_device_us=16.6400 second_device_us=17.6000 first_gelem_s=0.984615 second_gelem_s=0.930909 first_wall_us=70.1800 second_wall_us=68.9000 second_minus_first_us=0.9600
SAME_BINARY_SAMPLE binary=PARENT_R31B_V011 case=fp16-128x128 pair=16 order=B,A first_device_us=6.5000 second_device_us=17.6400 first_gelem_s=2.520615 second_gelem_s=0.928798 first_wall_us=70.8200 second_wall_us=71.4500 second_minus_first_us=11.1400
SAME_BINARY_SAMPLE binary=PARENT_R31B_V011 case=fp16-128x128 pair=17 order=A,B first_device_us=19.0800 second_device_us=16.4200 first_gelem_s=0.858700 second_gelem_s=0.997808 first_wall_us=70.7400 second_wall_us=70.9900 second_minus_first_us=-2.6600
SAME_BINARY_SAMPLE binary=PARENT_R31B_V011 case=fp16-128x128 pair=18 order=B,A first_device_us=17.8000 second_device_us=18.4000 first_gelem_s=0.920449 second_gelem_s=0.890435 first_wall_us=74.7700 second_wall_us=72.1600 second_minus_first_us=0.6000
SAME_BINARY_SAMPLE binary=PARENT_R31B_V011 case=fp16-128x128 pair=19 order=A,B first_device_us=19.7600 second_device_us=22.6800 first_gelem_s=0.829150 second_gelem_s=0.722399 first_wall_us=72.9700 second_wall_us=70.6990 second_minus_first_us=2.9200
SAME_BINARY_SAMPLE binary=PARENT_R31B_V011 case=fp16-128x128 pair=20 order=B,A first_device_us=24.7800 second_device_us=25.8200 first_gelem_s=0.661178 second_gelem_s=0.634547 first_wall_us=73.5200 second_wall_us=70.1700 second_minus_first_us=1.0400
SAME_BINARY_SAMPLE binary=PARENT_R31B_V011 case=fp16-128x128 pair=21 order=A,B first_device_us=17.1000 second_device_us=17.5200 first_gelem_s=0.958129 second_gelem_s=0.935160 first_wall_us=72.1900 second_wall_us=70.2300 second_minus_first_us=0.4200
SAME_BINARY_SAMPLE binary=PARENT_R31B_V011 case=fp16-128x128 pair=22 order=B,A first_device_us=16.6600 second_device_us=13.1800 first_gelem_s=0.983433 second_gelem_s=1.243096 first_wall_us=71.9700 second_wall_us=72.0800 second_minus_first_us=-3.4800
SAME_BINARY_SAMPLE binary=PARENT_R31B_V011 case=fp16-128x128 pair=23 order=A,B first_device_us=17.2800 second_device_us=15.6600 first_gelem_s=0.948148 second_gelem_s=1.046232 first_wall_us=71.5390 second_wall_us=70.8000 second_minus_first_us=-1.6200
SAME_BINARY_SAMPLE binary=PARENT_R31B_V011 case=fp16-128x128 pair=24 order=B,A first_device_us=23.5800 second_device_us=30.2000 first_gelem_s=0.694826 second_gelem_s=0.542517 first_wall_us=72.9300 second_wall_us=80.2100 second_minus_first_us=6.6200
SAME_BINARY_SAMPLE binary=PARENT_R31B_V011 case=fp16-128x128 pair=25 order=A,B first_device_us=20.7600 second_device_us=18.0200 first_gelem_s=0.789210 second_gelem_s=0.909212 first_wall_us=74.5900 second_wall_us=68.6000 second_minus_first_us=-2.7400
SAME_BINARY_SAMPLE binary=PARENT_R31B_V011 case=fp16-128x128 pair=26 order=B,A first_device_us=18.0600 second_device_us=17.7800 first_gelem_s=0.907198 second_gelem_s=0.921485 first_wall_us=72.0600 second_wall_us=73.1890 second_minus_first_us=-0.2800
SAME_BINARY_SAMPLE binary=PARENT_R31B_V011 case=fp16-128x128 pair=27 order=A,B first_device_us=23.8000 second_device_us=25.2000 first_gelem_s=0.688403 second_gelem_s=0.650159 first_wall_us=71.6800 second_wall_us=86.7100 second_minus_first_us=1.4000
SAME_BINARY_SAMPLE binary=PARENT_R31B_V011 case=fp16-128x128 pair=28 order=B,A first_device_us=18.8600 second_device_us=7.4600 first_gelem_s=0.868717 second_gelem_s=2.196247 first_wall_us=73.3500 second_wall_us=72.3700 second_minus_first_us=-11.4000
SAME_BINARY_SAMPLE binary=PARENT_R31B_V011 case=fp16-128x128 pair=29 order=A,B first_device_us=7.3600 second_device_us=18.0000 first_gelem_s=2.226087 second_gelem_s=0.910222 first_wall_us=72.4400 second_wall_us=71.2100 second_minus_first_us=10.6400
SAME_BINARY_SAMPLE binary=PARENT_R31B_V011 case=fp16-128x128 pair=30 order=B,A first_device_us=19.0600 second_device_us=6.4600 first_gelem_s=0.859601 second_gelem_s=2.536223 first_wall_us=72.2890 second_wall_us=72.0500 second_minus_first_us=-12.6000
SAME_BINARY_SAMPLE binary=PARENT_R31B_V011 case=fp16-128x128 pair=31 order=A,B first_device_us=24.4800 second_device_us=19.5400 first_gelem_s=0.669281 second_gelem_s=0.838485 first_wall_us=73.0400 second_wall_us=72.5400 second_minus_first_us=-4.9400
LOCAL_STATS case=PARENT_R31B_V011 metric=device_us binary=same_binary_first n=31 median=18.5400 mean=19.0006 stdev=7.5319 cv=0.39640 min=6.4200 max=50.4600 mad=1.6600 p10=13.2200 p90=24.4800
LOCAL_STATS case=PARENT_R31B_V011 metric=device_us binary=same_binary_second n=31 median=18.0000 mean=17.9961 stdev=6.0846 cv=0.33810 min=6.4600 max=31.6600 mad=1.9800 p10=7.4600 p90=25.3400
LOCAL_STATS case=PARENT_R31B_V011 metric=paired_delta_us binary=same_binary_second_minus_first n=31 median=-0.2800 mean=-1.0045 stdev=7.4495 cv=-7.41596 min=-18.8000 max=12.3800 mad=3.2000 p10=-11.4000 p90=9.9400
LOCAL_STATS case=PARENT_R31B_V011 metric=gelem_s binary=same_binary_first n=31 median=0.8837 mean=1.0074 stdev=0.5024 cv=0.49869 min=0.3247 max=2.5520 mad=0.0869 p10=0.6693 p90=1.2393
LOCAL_STATS case=PARENT_R31B_V011 metric=gelem_s binary=same_binary_second n=31 median=0.9102 mean=1.0689 stdev=0.5488 cv=0.51348 min=0.5175 max=2.5362 mad=0.1049 p10=0.6466 p90=2.1962
LOCAL_STATS case=PARENT_R31B_V011 metric=wall_us binary=same_binary_first n=31 median=71.9700 mean=75.9789 stdev=21.9730 cv=0.28920 min=68.9500 max=193.6900 mad=1.2300 p10=70.1100 p90=74.5900
LOCAL_STATS case=PARENT_R31B_V011 metric=wall_us binary=same_binary_second n=31 median=71.0300 mean=72.5766 stdev=4.8276 cv=0.06652 min=68.6000 max=88.1890 mad=1.0500 p10=69.0500 p90=80.2100
SAME_BINARY_QUALIFICATION binary=PARENT_R31B_V011 case=fp16-128x128 samples=31 first_mad_over_median=0.089536 second_mad_over_median=0.110000 median_drift_fraction=0.029557
SAME_BINARY_SUMMARY binary=PARENT_R31B_V011 device=3 shape=128x128 dtype=fp16 samples=31
