ROUTE=SYNC-BARRIER-ELISION-X
REVISION=V063
BINARY=CANDIDATE_V063
DEVICE=3
SHAPE=128x128
DTYPE=FP16
WARMUP=60
PAIRS=31
START_UTC=2026-10-08T13:18:52.044149582Z
COMMAND=/tmp/sync-v063-build/sync_barrier_elision_correctness 3 --same-candidate
SAME_BINARY_SAMPLE binary=CANDIDATE_V063 case=fp16-128x128 pair=01 order=A,B first_device_us=19.7000 second_device_us=6.0800 first_gelem_s=0.831675 second_gelem_s=2.694737 first_wall_us=172.7370 second_wall_us=86.2740 second_minus_first_us=-13.6200
SAME_BINARY_SAMPLE binary=CANDIDATE_V063 case=fp16-128x128 pair=02 order=B,A first_device_us=6.8000 second_device_us=6.5000 first_gelem_s=2.409412 second_gelem_s=2.520615 first_wall_us=74.4130 second_wall_us=71.6030 second_minus_first_us=-0.3000
SAME_BINARY_SAMPLE binary=CANDIDATE_V063 case=fp16-128x128 pair=03 order=A,B first_device_us=6.9800 second_device_us=19.5000 first_gelem_s=2.347278 second_gelem_s=0.840205 first_wall_us=77.9230 second_wall_us=81.9940 second_minus_first_us=12.5200
SAME_BINARY_SAMPLE binary=CANDIDATE_V063 case=fp16-128x128 pair=04 order=B,A first_device_us=6.7400 second_device_us=6.4800 first_gelem_s=2.430860 second_gelem_s=2.528395 first_wall_us=86.7940 second_wall_us=100.0340 second_minus_first_us=-0.2600
SAME_BINARY_SAMPLE binary=CANDIDATE_V063 case=fp16-128x128 pair=05 order=A,B first_device_us=19.3000 second_device_us=23.7600 first_gelem_s=0.848912 second_gelem_s=0.689562 first_wall_us=79.9030 second_wall_us=79.2530 second_minus_first_us=4.4600
SAME_BINARY_SAMPLE binary=CANDIDATE_V063 case=fp16-128x128 pair=06 order=B,A first_device_us=6.4800 second_device_us=15.8600 first_gelem_s=2.528395 second_gelem_s=1.033039 first_wall_us=81.1230 second_wall_us=90.8730 second_minus_first_us=9.3800
SAME_BINARY_SAMPLE binary=CANDIDATE_V063 case=fp16-128x128 pair=07 order=A,B first_device_us=6.4200 second_device_us=21.9600 first_gelem_s=2.552025 second_gelem_s=0.746084 first_wall_us=74.6530 second_wall_us=82.0140 second_minus_first_us=15.5400
SAME_BINARY_SAMPLE binary=CANDIDATE_V063 case=fp16-128x128 pair=08 order=B,A first_device_us=6.2000 second_device_us=19.3400 first_gelem_s=2.642581 second_gelem_s=0.847156 first_wall_us=96.9840 second_wall_us=96.1540 second_minus_first_us=13.1400
SAME_BINARY_SAMPLE binary=CANDIDATE_V063 case=fp16-128x128 pair=09 order=A,B first_device_us=6.9800 second_device_us=14.9800 first_gelem_s=2.347278 second_gelem_s=1.093725 first_wall_us=89.1230 second_wall_us=138.0050 second_minus_first_us=8.0000
SAME_BINARY_SAMPLE binary=CANDIDATE_V063 case=fp16-128x128 pair=10 order=B,A first_device_us=6.4600 second_device_us=54.4600 first_gelem_s=2.536223 second_gelem_s=0.300845 first_wall_us=160.8070 second_wall_us=137.6760 second_minus_first_us=48.0000
SAME_BINARY_SAMPLE binary=CANDIDATE_V063 case=fp16-128x128 pair=11 order=A,B first_device_us=6.8200 second_device_us=6.3400 first_gelem_s=2.402346 second_gelem_s=2.584227 first_wall_us=102.6750 second_wall_us=290.3320 second_minus_first_us=-0.4800
SAME_BINARY_SAMPLE binary=CANDIDATE_V063 case=fp16-128x128 pair=12 order=B,A first_device_us=83.4400 second_device_us=19.0200 first_gelem_s=0.196357 second_gelem_s=0.861409 first_wall_us=169.4670 second_wall_us=81.6930 second_minus_first_us=-64.4200
SAME_BINARY_SAMPLE binary=CANDIDATE_V063 case=fp16-128x128 pair=13 order=A,B first_device_us=5.9200 second_device_us=6.3000 first_gelem_s=2.767568 second_gelem_s=2.600635 first_wall_us=85.3630 second_wall_us=79.2540 second_minus_first_us=0.3800
SAME_BINARY_SAMPLE binary=CANDIDATE_V063 case=fp16-128x128 pair=14 order=B,A first_device_us=7.4000 second_device_us=7.5800 first_gelem_s=2.214054 second_gelem_s=2.161478 first_wall_us=74.7130 second_wall_us=74.3630 second_minus_first_us=0.1800
SAME_BINARY_SAMPLE binary=CANDIDATE_V063 case=fp16-128x128 pair=15 order=A,B first_device_us=23.0400 second_device_us=7.0200 first_gelem_s=0.711111 second_gelem_s=2.333903 first_wall_us=73.0730 second_wall_us=76.7830 second_minus_first_us=-16.0200
SAME_BINARY_SAMPLE binary=CANDIDATE_V063 case=fp16-128x128 pair=16 order=B,A first_device_us=15.1400 second_device_us=6.8600 first_gelem_s=1.082166 second_gelem_s=2.388338 first_wall_us=75.0030 second_wall_us=89.0930 second_minus_first_us=-8.2800
SAME_BINARY_SAMPLE binary=CANDIDATE_V063 case=fp16-128x128 pair=17 order=A,B first_device_us=7.7800 second_device_us=6.5800 first_gelem_s=2.105913 second_gelem_s=2.489970 first_wall_us=79.0830 second_wall_us=74.1430 second_minus_first_us=-1.2000
SAME_BINARY_SAMPLE binary=CANDIDATE_V063 case=fp16-128x128 pair=18 order=B,A first_device_us=21.8000 second_device_us=6.4400 first_gelem_s=0.751560 second_gelem_s=2.544099 first_wall_us=97.3040 second_wall_us=85.0340 second_minus_first_us=-15.3600
SAME_BINARY_SAMPLE binary=CANDIDATE_V063 case=fp16-128x128 pair=19 order=A,B first_device_us=18.0600 second_device_us=6.8200 first_gelem_s=0.907198 second_gelem_s=2.402346 first_wall_us=74.1030 second_wall_us=73.2930 second_minus_first_us=-11.2400
SAME_BINARY_SAMPLE binary=CANDIDATE_V063 case=fp16-128x128 pair=20 order=B,A first_device_us=14.7200 second_device_us=19.9200 first_gelem_s=1.113043 second_gelem_s=0.822490 first_wall_us=71.6730 second_wall_us=71.7730 second_minus_first_us=5.2000
SAME_BINARY_SAMPLE binary=CANDIDATE_V063 case=fp16-128x128 pair=21 order=A,B first_device_us=16.3600 second_device_us=6.7600 first_gelem_s=1.001467 second_gelem_s=2.423669 first_wall_us=73.1830 second_wall_us=72.2730 second_minus_first_us=-9.6000
SAME_BINARY_SAMPLE binary=CANDIDATE_V063 case=fp16-128x128 pair=22 order=B,A first_device_us=18.0600 second_device_us=27.2000 first_gelem_s=0.907198 second_gelem_s=0.602353 first_wall_us=73.9030 second_wall_us=133.5450 second_minus_first_us=9.1400
SAME_BINARY_SAMPLE binary=CANDIDATE_V063 case=fp16-128x128 pair=23 order=A,B first_device_us=17.9800 second_device_us=17.3800 first_gelem_s=0.911235 second_gelem_s=0.942693 first_wall_us=87.4930 second_wall_us=73.4530 second_minus_first_us=-0.6000
SAME_BINARY_SAMPLE binary=CANDIDATE_V063 case=fp16-128x128 pair=24 order=B,A first_device_us=6.3400 second_device_us=19.5000 first_gelem_s=2.584227 second_gelem_s=0.840205 first_wall_us=86.4940 second_wall_us=95.7640 second_minus_first_us=13.1600
SAME_BINARY_SAMPLE binary=CANDIDATE_V063 case=fp16-128x128 pair=25 order=A,B first_device_us=6.9000 second_device_us=7.4200 first_gelem_s=2.374493 second_gelem_s=2.208086 first_wall_us=71.4830 second_wall_us=63.4720 second_minus_first_us=0.5200
SAME_BINARY_SAMPLE binary=CANDIDATE_V063 case=fp16-128x128 pair=26 order=B,A first_device_us=19.1000 second_device_us=6.1000 first_gelem_s=0.857801 second_gelem_s=2.685902 first_wall_us=71.9630 second_wall_us=94.4740 second_minus_first_us=-13.0000
SAME_BINARY_SAMPLE binary=CANDIDATE_V063 case=fp16-128x128 pair=27 order=A,B first_device_us=5.9600 second_device_us=6.7000 first_gelem_s=2.748993 second_gelem_s=2.445373 first_wall_us=73.7430 second_wall_us=108.4640 second_minus_first_us=0.7400
SAME_BINARY_SAMPLE binary=CANDIDATE_V063 case=fp16-128x128 pair=28 order=B,A first_device_us=7.0000 second_device_us=7.0400 first_gelem_s=2.340571 second_gelem_s=2.327273 first_wall_us=78.7230 second_wall_us=74.5930 second_minus_first_us=0.0400
SAME_BINARY_SAMPLE binary=CANDIDATE_V063 case=fp16-128x128 pair=29 order=A,B first_device_us=26.9200 second_device_us=6.6600 first_gelem_s=0.608618 second_gelem_s=2.460060 first_wall_us=85.8430 second_wall_us=75.0530 second_minus_first_us=-20.2600
SAME_BINARY_SAMPLE binary=CANDIDATE_V063 case=fp16-128x128 pair=30 order=B,A first_device_us=6.9600 second_device_us=19.0400 first_gelem_s=2.354023 second_gelem_s=0.860504 first_wall_us=74.0730 second_wall_us=83.5530 second_minus_first_us=12.0800
SAME_BINARY_SAMPLE binary=CANDIDATE_V063 case=fp16-128x128 pair=31 order=A,B first_device_us=6.0800 second_device_us=15.5600 first_gelem_s=2.694737 second_gelem_s=1.052956 first_wall_us=71.8930 second_wall_us=63.0130 second_minus_first_us=9.4800
LOCAL_STATS case=CANDIDATE_V063 metric=device_us binary=same_binary_first n=31 median=7.0000 mean=13.9948 stdev=14.4258 cv=1.03079 min=5.9200 max=83.4400 mad=0.9200 p10=6.2000 p90=21.8000
LOCAL_STATS case=CANDIDATE_V063 metric=device_us binary=same_binary_second n=31 median=7.4200 mean=13.5858 stdev=10.1150 cv=0.74453 min=6.0800 max=54.4600 mad=1.3200 p10=6.3400 p90=21.9600
LOCAL_STATS case=CANDIDATE_V063 metric=paired_delta_us binary=same_binary_second_minus_first n=31 median=0.1800 mean=-0.4090 stdev=17.5678 cv=-42.94977 min=-64.4200 max=48.0000 mad=9.2000 p10=-15.3600 p90=13.1400
LOCAL_STATS case=CANDIDATE_V063 metric=gelem_s binary=same_binary_first n=31 median=2.3406 mean=1.7777 stdev=0.8471 cv=0.47649 min=0.1964 max=2.7676 mad=0.3542 p10=0.7516 p90=2.6426
LOCAL_STATS case=CANDIDATE_V063 metric=gelem_s binary=same_binary_second n=31 median=2.2081 mean=1.7204 stdev=0.8448 cv=0.49104 min=0.3008 max=2.6947 mad=0.4778 p10=0.7461 p90=2.5842
LOCAL_STATS case=CANDIDATE_V063 metric=wall_us binary=same_binary_first n=31 median=78.7230 mean=88.5713 stdev=27.6183 cv=0.31182 min=71.4830 max=172.7370 mad=6.6400 p10=71.9630 p90=102.6750
LOCAL_STATS case=CANDIDATE_V063 metric=wall_us binary=same_binary_second n=31 median=81.9940 mean=93.4612 stdev=41.3839 cv=0.44279 min=63.0130 max=290.3320 mad=8.7010 p10=71.7730 p90=133.5450
SAME_BINARY_QUALIFICATION binary=CANDIDATE_V063 case=fp16-128x128 samples=31 first_mad_over_median=0.131429 second_mad_over_median=0.177898 median_drift_fraction=0.058252
SAME_BINARY_SUMMARY binary=CANDIDATE_V063 device=3 shape=128x128 dtype=fp16 samples=31
EXIT_CODE=0
END_UTC=2026-10-08T13:18:58.752112417Z
