ROUTE=SYNC-BARRIER-ELISION-X
REVISION=V018
DIRECT_PARENT=R31B-V011
HOST=hwnput3
DEVICE=3
CANDIDATE_SOURCE_SHA256=9d63b230bedbdfb205bf725b89f8590b7f176047c623e3bf934ff5e1c9f8ace0
PARENT_SOURCE_SHA256=a8c19a1972207acc67e3fb0cd393cc70b0a4b183d1eaf5610edf80c2879b15e3
COMPILE=PASS
CORRECTNESS_START=2026-10-07T13:27:20Z
+------------------------------------------------------------------------------------------------+
| npu-smi 25.0.rc1.1               Version: 25.0.rc1.1                                           |
+---------------------------+---------------+----------------------------------------------------+
| NPU   Name                | Health        | Power(W)    Temp(C)           Hugepages-Usage(page)|
| Chip                      | Bus-Id        | AICore(%)   Memory-Usage(MB)  HBM-Usage(MB)        |
+===========================+===============+====================================================+
| 0     910B3               | OK            | 142.7       38                0    / 0             |
| 0                         | 0000:C1:00.0  | 32          0    / 0          60223/ 65536         |
+===========================+===============+====================================================+
| 1     910B3               | OK            | 139.8       37                0    / 0             |
| 0                         | 0000:C2:00.0  | 32          0    / 0          60275/ 65536         |
+===========================+===============+====================================================+
| 2     910B3               | OK            | 136.5       39                0    / 0             |
| 0                         | 0000:81:00.0  | 33          0    / 0          60215/ 65536         |
+===========================+===============+====================================================+
| 3     910B3               | OK            | 140.7       37                0    / 0             |
| 0                         | 0000:82:00.0  | 32          0    / 0          60219/ 65536         |
+===========================+===============+====================================================+
| 4     910B3               | OK            | 89.2        36                0    / 0             |
| 0                         | 0000:01:00.0  | 0           0    / 0          59192/ 65536         |
+===========================+===============+====================================================+
| 5     910B3               | OK            | 169.2       50                0    / 0             |
| 0                         | 0000:02:00.0  | 43          0    / 0          60223/ 65536         |
+===========================+===============+====================================================+
| 6     910B3               | OK            | 170.5       49                0    / 0             |
| 0                         | 0000:41:00.0  | 43          0    / 0          60221/ 65536         |
+===========================+===============+====================================================+
| 7     910B3               | OK            | 154.7       41                0    / 0             |
| 0                         | 0000:42:00.0  | 0           0    / 0          24790/ 65536         |
+===========================+===============+====================================================+
+---------------------------+---------------+----------------------------------------------------+
| NPU     Chip              | Process id    | Process name             | Process memory(MB)      |
+===========================+===============+====================================================+
| 0       0                 | 89395         | VLLMWorker_TP            | 56702                   |
+===========================+===============+====================================================+
| 1       0                 | 91055         | VLLMWorker_TP            | 56702                   |
+===========================+===============+====================================================+
| 2       0                 | 92813         | VLLMWorker_TP            | 56703                   |
+===========================+===============+====================================================+
| 3       0                 | 94498         | VLLMWorker_TP            | 56703                   |
+===========================+===============+====================================================+
| 4       0                 | 2999855       | VLLMEngineCor            | 55666                   |
+===========================+===============+====================================================+
| 5       0                 | 89602         | VLLMWorker_TP            | 56700                   |
+===========================+===============+====================================================+
| 6       0                 | 91228         | VLLMWorker_TP            | 56701                   |
+===========================+===============+====================================================+
| 7       0                 | 439848        | python3                  | 21260                   |
+===========================+===============+====================================================+
[ 50%] Building ASC object CMakeFiles/sync_barrier_elision_correctness.dir/support/correctness_runner.asc.o
[100%] Linking ASC executable sync_barrier_elision_correctness
[100%] Built target sync_barrier_elision_correctness
CORRECTNESS_RUNNER_BUILD_RC=0
CORRECTNESS device=3 dtype=fp16 rows=8 width=128 parent_candidate_bit_mismatch=0 result=PASS
CORRECTNESS device=3 dtype=fp16 rows=8 width=256 parent_candidate_bit_mismatch=0 result=PASS
CORRECTNESS device=3 dtype=fp16 rows=8 width=1024 parent_candidate_bit_mismatch=0 result=PASS
CORRECTNESS device=3 dtype=fp16 rows=8 width=2048 parent_candidate_bit_mismatch=0 result=PASS
CORRECTNESS device=3 dtype=fp16 rows=8 width=4096 parent_candidate_bit_mismatch=0 result=PASS
CORRECTNESS_SUMMARY result=PASS cases=5
CORRECTNESS_RUN_RC=0
+------------------------------------------------------------------------------------------------+
| npu-smi 25.0.rc1.1               Version: 25.0.rc1.1                                           |
+---------------------------+---------------+----------------------------------------------------+
| NPU   Name                | Health        | Power(W)    Temp(C)           Hugepages-Usage(page)|
| Chip                      | Bus-Id        | AICore(%)   Memory-Usage(MB)  HBM-Usage(MB)        |
+===========================+===============+====================================================+
| 0     910B3               | OK            | 145.6       38                0    / 0             |
| 0                         | 0000:C1:00.0  | 32          0    / 0          60223/ 65536         |
+===========================+===============+====================================================+
| 1     910B3               | OK            | 135.5       36                0    / 0             |
| 0                         | 0000:C2:00.0  | 32          0    / 0          60275/ 65536         |
+===========================+===============+====================================================+
| 2     910B3               | OK            | 135.9       39                0    / 0             |
| 0                         | 0000:81:00.0  | 32          0    / 0          60215/ 65536         |
+===========================+===============+====================================================+
| 3     910B3               | OK            | 145.1       38                0    / 0             |
| 0                         | 0000:82:00.0  | 32          0    / 0          60221/ 65536         |
+===========================+===============+====================================================+
| 4     910B3               | OK            | 90.5        35                0    / 0             |
| 0                         | 0000:01:00.0  | 0           0    / 0          59192/ 65536         |
+===========================+===============+====================================================+
| 5     910B3               | OK            | 165.1       50                0    / 0             |
| 0                         | 0000:02:00.0  | 44          0    / 0          60223/ 65536         |
+===========================+===============+====================================================+
| 6     910B3               | OK            | 166.7       47                0    / 0             |
| 0                         | 0000:41:00.0  | 38          0    / 0          60221/ 65536         |
+===========================+===============+====================================================+
| 7     910B3               | OK            | 127.2       39                0    / 0             |
| 0                         | 0000:42:00.0  | 0           0    / 0          26513/ 65536         |
+===========================+===============+====================================================+
+---------------------------+---------------+----------------------------------------------------+
| NPU     Chip              | Process id    | Process name             | Process memory(MB)      |
+===========================+===============+====================================================+
| 0       0                 | 89395         | VLLMWorker_TP            | 56702                   |
+===========================+===============+====================================================+
| 1       0                 | 91055         | VLLMWorker_TP            | 56702                   |
+===========================+===============+====================================================+
| 2       0                 | 92813         | VLLMWorker_TP            | 56703                   |
+===========================+===============+====================================================+
| 3       0                 | 94498         | VLLMWorker_TP            | 56703                   |
+===========================+===============+====================================================+
| 4       0                 | 2999855       | VLLMEngineCor            | 55666                   |
+===========================+===============+====================================================+
| 5       0                 | 89602         | VLLMWorker_TP            | 56700                   |
+===========================+===============+====================================================+
| 6       0                 | 91228         | VLLMWorker_TP            | 56701                   |
+===========================+===============+====================================================+
| 7       0                 | 439848        | python3                  | 21260                   |
| 7       0                 | 1820862       | python                   | 1774                    |
+===========================+===============+====================================================+
 13:27:53 up 242 days,  1:04, 34 users,  load average: 81.57, 65.41, 60.80
CORRECTNESS_END=2026-10-07T13:27:53Z
RESULT_RC=0
