ROUTE=SYNC-BARRIER-ELISION-X
REVISION=V022
DIRECT_PARENT=R31B-V011
HOST=hwnput3
DEVICE=3
CANDIDATE_SOURCE_SHA256=eb5859059b5e345e159e878707df69d498f23c5ce14b3688e01ccf46d3f6be65
PARENT_SOURCE_SHA256=a8c19a1972207acc67e3fb0cd393cc70b0a4b183d1eaf5610edf80c2879b15e3
COMPILE=PASS
CORRECTNESS_START=2026-10-07T14:01:05Z
+------------------------------------------------------------------------------------------------+
| npu-smi 25.0.rc1.1               Version: 25.0.rc1.1                                           |
+---------------------------+---------------+----------------------------------------------------+
| NPU   Name                | Health        | Power(W)    Temp(C)           Hugepages-Usage(page)|
| Chip                      | Bus-Id        | AICore(%)   Memory-Usage(MB)  HBM-Usage(MB)        |
+===========================+===============+====================================================+
| 0     910B3               | OK            | 112.8       31                0    / 0             |
| 0                         | 0000:C1:00.0  | 1           0    / 0          7589 / 65536         |
+===========================+===============+====================================================+
| 1     910B3               | OK            | 102.2       32                0    / 0             |
| 0                         | 0000:C2:00.0  | 0           0    / 0          9173 / 65536         |
+===========================+===============+====================================================+
| 2     910B3               | OK            | 112.1       34                0    / 0             |
| 0                         | 0000:81:00.0  | 9           0    / 0          4697 / 65536         |
+===========================+===============+====================================================+
| 3     910B3               | OK            | 99.1        32                0    / 0             |
| 0                         | 0000:82:00.0  | 0           0    / 0          7214 / 65536         |
+===========================+===============+====================================================+
| 4     910B3               | OK            | 101.6       37                0    / 0             |
| 0                         | 0000:01:00.0  | 0           0    / 0          64885/ 65536         |
+===========================+===============+====================================================+
| 5     910B3               | OK            | 178.6       52                0    / 0             |
| 0                         | 0000:02:00.0  | 46          0    / 0          61587/ 65536         |
+===========================+===============+====================================================+
| 6     910B3               | OK            | 161.0       46                0    / 0             |
| 0                         | 0000:41:00.0  | 36          0    / 0          60222/ 65536         |
+===========================+===============+====================================================+
| 7     910B3               | OK            | 117.4       39                0    / 0             |
| 0                         | 0000:42:00.0  | 1           0    / 0          33841/ 65536         |
+===========================+===============+====================================================+
+---------------------------+---------------+----------------------------------------------------+
| NPU     Chip              | Process id    | Process name             | Process memory(MB)      |
+===========================+===============+====================================================+
| 0       0                 | 1935459       | python                   | 4214                    |
+===========================+===============+====================================================+
| 1       0                 | 1935455       | python                   | 5746                    |
+===========================+===============+====================================================+
| 2       0                 | 1935458       | python                   | 1330                    |
+===========================+===============+====================================================+
| 3       0                 | 1935462       | python                   | 3842                    |
+===========================+===============+====================================================+
| 4       0                 | 1935463       | python                   | 5746                    |
| 4       0                 | 2999855       | VLLMEngineCor            | 55666                   |
+===========================+===============+====================================================+
| 5       0                 | 89602         | VLLMWorker_TP            | 56700                   |
| 5       0                 | 1935454       | python                   | 1416                    |
+===========================+===============+====================================================+
| 6       0                 | 91228         | VLLMWorker_TP            | 56701                   |
+===========================+===============+====================================================+
| 7       0                 | 439848        | python3                  | 21260                   |
| 7       0                 | 1820862       | python                   | 9102                    |
+===========================+===============+====================================================+
[ 50%] Building ASC object CMakeFiles/sync_barrier_elision_correctness.dir/support/correctness_runner.asc.o
[100%] Linking ASC executable sync_barrier_elision_correctness
[100%] Built target sync_barrier_elision_correctness
CORRECTNESS_RUNNER_BUILD_RC=0
CORRECTNESS device=3 dtype=fp16 rows=8 width=128 parent_candidate_bit_mismatch=768 result=FAIL
CORRECTNESS_RUN_RC=3
+------------------------------------------------------------------------------------------------+
| npu-smi 25.0.rc1.1               Version: 25.0.rc1.1                                           |
+---------------------------+---------------+----------------------------------------------------+
| NPU   Name                | Health        | Power(W)    Temp(C)           Hugepages-Usage(page)|
| Chip                      | Bus-Id        | AICore(%)   Memory-Usage(MB)  HBM-Usage(MB)        |
+===========================+===============+====================================================+
| 0     910B3               | OK            | 107.8       32                0    / 0             |
| 0                         | 0000:C1:00.0  | 1           0    / 0          7588 / 65536         |
+===========================+===============+====================================================+
| 1     910B3               | OK            | 105.8       32                0    / 0             |
| 0                         | 0000:C2:00.0  | 1           0    / 0          9174 / 65536         |
+===========================+===============+====================================================+
| 2     910B3               | OK            | 107.5       34                0    / 0             |
| 0                         | 0000:81:00.0  | 1           0    / 0          4697 / 65536         |
+===========================+===============+====================================================+
| 3     910B3               | OK            | 107.0       32                0    / 0             |
| 0                         | 0000:82:00.0  | 6           0    / 0          7216 / 65536         |
+===========================+===============+====================================================+
| 4     910B3               | OK            | 107.4       37                0    / 0             |
| 0                         | 0000:01:00.0  | 1           0    / 0          64886/ 65536         |
+===========================+===============+====================================================+
| 5     910B3               | OK            | 196.2       52                0    / 0             |
| 0                         | 0000:02:00.0  | 56          0    / 0          61587/ 65536         |
+===========================+===============+====================================================+
| 6     910B3               | OK            | 160.3       47                0    / 0             |
| 0                         | 0000:41:00.0  | 38          0    / 0          60222/ 65536         |
+===========================+===============+====================================================+
| 7     910B3               | OK            | 164.8       44                0    / 0             |
| 0                         | 0000:42:00.0  | 2           0    / 0          33841/ 65536         |
+===========================+===============+====================================================+
+---------------------------+---------------+----------------------------------------------------+
| NPU     Chip              | Process id    | Process name             | Process memory(MB)      |
+===========================+===============+====================================================+
| 0       0                 | 1935459       | python                   | 4214                    |
+===========================+===============+====================================================+
| 1       0                 | 1935455       | python                   | 5746                    |
+===========================+===============+====================================================+
| 2       0                 | 1935458       | python                   | 1330                    |
+===========================+===============+====================================================+
| 3       0                 | 1935462       | python                   | 3842                    |
+===========================+===============+====================================================+
| 4       0                 | 1935463       | python                   | 5746                    |
| 4       0                 | 2999855       | VLLMEngineCor            | 55666                   |
+===========================+===============+====================================================+
| 5       0                 | 89602         | VLLMWorker_TP            | 56700                   |
| 5       0                 | 1935454       | python                   | 1416                    |
+===========================+===============+====================================================+
| 6       0                 | 91228         | VLLMWorker_TP            | 56701                   |
+===========================+===============+====================================================+
| 7       0                 | 439848        | python3                  | 21260                   |
| 7       0                 | 1820862       | python                   | 9102                    |
+===========================+===============+====================================================+
 14:01:39 up 242 days,  1:37, 34 users,  load average: 74.94, 69.88, 65.18
CORRECTNESS_END=2026-10-07T14:01:39Z
RESULT_RC=3
