V052_LOCAL_START_UTC=2026-10-07T20:47:46.192201352Z
HOST=hwnput3
DEVICE=4
PARENT=R31B-V011
DTYPE=FP32
SHAPES=128x5384
PAIRS=6
PAIR_ORDER=odd:PARENT/CANDIDATE,even:CANDIDATE/PARENT
WARMUP=45
SAMPLES_PER_BLOCK=31
BLOCKS=2
BATCH_N=64
GAP_SEC=0
PARTIAL_CORRECTNESS=YES
LOCAL_SCORE_COMPARABLE_TO_OFFICIAL=NO
RUN_BEGIN_UTC=2026-10-07T20:47:46.201255280Z
RUN_BEGIN shape=128x5384 pair=1 order=parent_candidate side=parent binary=本地实验/R-W4-4/V052/partial-ranking/stage/build-v052/clx_ref_parent_probe
RUN_END rc=0 shape=128x5384 pair=1 side=parent prefix=本地实验/R-W4-4/V052/partial-ranking/local-pair01-parent-r128-w5384-fp32
RUN_BEGIN_UTC=2026-10-07T20:47:52.541861725Z
RUN_BEGIN shape=128x5384 pair=1 order=parent_candidate side=candidate binary=本地实验/R-W4-4/V052/partial-ranking/stage/build-v052/clx_ref_candidate_probe
RUN_END rc=0 shape=128x5384 pair=1 side=candidate prefix=本地实验/R-W4-4/V052/partial-ranking/local-pair01-candidate-r128-w5384-fp32
RUN_BEGIN_UTC=2026-10-07T20:48:00.289772628Z
RUN_BEGIN shape=128x5384 pair=2 order=candidate_parent side=candidate binary=本地实验/R-W4-4/V052/partial-ranking/stage/build-v052/clx_ref_candidate_probe
RUN_END rc=0 shape=128x5384 pair=2 side=candidate prefix=本地实验/R-W4-4/V052/partial-ranking/local-pair02-candidate-r128-w5384-fp32
RUN_BEGIN_UTC=2026-10-07T20:48:07.246488637Z
RUN_BEGIN shape=128x5384 pair=2 order=candidate_parent side=parent binary=本地实验/R-W4-4/V052/partial-ranking/stage/build-v052/clx_ref_parent_probe
RUN_END rc=0 shape=128x5384 pair=2 side=parent prefix=本地实验/R-W4-4/V052/partial-ranking/local-pair02-parent-r128-w5384-fp32
RUN_BEGIN_UTC=2026-10-07T20:48:14.235212768Z
RUN_BEGIN shape=128x5384 pair=3 order=parent_candidate side=parent binary=本地实验/R-W4-4/V052/partial-ranking/stage/build-v052/clx_ref_parent_probe
RUN_END rc=0 shape=128x5384 pair=3 side=parent prefix=本地实验/R-W4-4/V052/partial-ranking/local-pair03-parent-r128-w5384-fp32
RUN_BEGIN_UTC=2026-10-07T20:48:21.198238872Z
RUN_BEGIN shape=128x5384 pair=3 order=parent_candidate side=candidate binary=本地实验/R-W4-4/V052/partial-ranking/stage/build-v052/clx_ref_candidate_probe
RUN_END rc=0 shape=128x5384 pair=3 side=candidate prefix=本地实验/R-W4-4/V052/partial-ranking/local-pair03-candidate-r128-w5384-fp32
RUN_BEGIN_UTC=2026-10-07T20:48:28.155850207Z
RUN_BEGIN shape=128x5384 pair=4 order=candidate_parent side=candidate binary=本地实验/R-W4-4/V052/partial-ranking/stage/build-v052/clx_ref_candidate_probe
RUN_END rc=0 shape=128x5384 pair=4 side=candidate prefix=本地实验/R-W4-4/V052/partial-ranking/local-pair04-candidate-r128-w5384-fp32
RUN_BEGIN_UTC=2026-10-07T20:48:35.084436151Z
RUN_BEGIN shape=128x5384 pair=4 order=candidate_parent side=parent binary=本地实验/R-W4-4/V052/partial-ranking/stage/build-v052/clx_ref_parent_probe
RUN_END rc=0 shape=128x5384 pair=4 side=parent prefix=本地实验/R-W4-4/V052/partial-ranking/local-pair04-parent-r128-w5384-fp32
RUN_BEGIN_UTC=2026-10-07T20:48:41.853685649Z
RUN_BEGIN shape=128x5384 pair=5 order=parent_candidate side=parent binary=本地实验/R-W4-4/V052/partial-ranking/stage/build-v052/clx_ref_parent_probe
RUN_END rc=0 shape=128x5384 pair=5 side=parent prefix=本地实验/R-W4-4/V052/partial-ranking/local-pair05-parent-r128-w5384-fp32
RUN_BEGIN_UTC=2026-10-07T20:48:49.591658022Z
RUN_BEGIN shape=128x5384 pair=5 order=parent_candidate side=candidate binary=本地实验/R-W4-4/V052/partial-ranking/stage/build-v052/clx_ref_candidate_probe
RUN_END rc=0 shape=128x5384 pair=5 side=candidate prefix=本地实验/R-W4-4/V052/partial-ranking/local-pair05-candidate-r128-w5384-fp32
RUN_BEGIN_UTC=2026-10-07T20:48:57.552563679Z
RUN_BEGIN shape=128x5384 pair=6 order=candidate_parent side=candidate binary=本地实验/R-W4-4/V052/partial-ranking/stage/build-v052/clx_ref_candidate_probe
RUN_END rc=0 shape=128x5384 pair=6 side=candidate prefix=本地实验/R-W4-4/V052/partial-ranking/local-pair06-candidate-r128-w5384-fp32
RUN_BEGIN_UTC=2026-10-07T20:49:05.312385381Z
RUN_BEGIN shape=128x5384 pair=6 order=candidate_parent side=parent binary=本地实验/R-W4-4/V052/partial-ranking/stage/build-v052/clx_ref_parent_probe
RUN_END rc=0 shape=128x5384 pair=6 side=parent prefix=本地实验/R-W4-4/V052/partial-ranking/local-pair06-parent-r128-w5384-fp32
V052_LOCAL_END_UTC=2026-10-07T20:49:13.549115856Z
