Thu Oct  8 04:14:07 UTC 2026
MODE=same DEVICE=1 FREE_HBM_MB=52428
[INFO] Start profiling...
DEVICE id=1 available_vector_cores=40 mode=same shape_scope=local_proxy_not_official_mapping
CORRECTNESS case=target-fp32-64x8192 parent_failures=0 parent_max_abs=4.76837e-06 candidate_failures=0 candidate_max_abs=4.76837e-06
SAME_BINARY_BEGIN case=target-fp32-64x8192
SAME_BINARY_WARMUP_DONE case=target-fp32-64x8192
SAME_BINARY_BLOCK_BEGIN case=target-fp32-64x8192 block=0
MEASURE_BEFORE_START_EVENT
MEASURE_AFTER_START_EVENT
MEASURE_AFTER_LAUNCH
MEASURE_AFTER_STOP_EVENT
MEASURE_AFTER_SYNC
MEASURE_AFTER_ELAPSED
MEASURE_BEFORE_RECORDED_FLAG
MEASURE_AFTER_RECORDED_FLAG
MEASURE_BEFORE_RETURN
SAME_BINARY_MEASURE_RETURN
SAME_BINARY_SAMPLE_VECTOR_PUSHED
SAME_BINARY_RAW_FLUSHED
SAME_BINARY_BLOCK_DONE case=target-fp32-64x8192 block=0
SAME_BINARY_BLOCK_BEGIN case=target-fp32-64x8192 block=1
SAME_BINARY_BLOCK_DONE case=target-fp32-64x8192 block=1
SAME_BINARY case=target-fp32-64x8192 samples=82 median_us=30.94 mad_over_median=0.142857 block1_median_us=30.52 block2_median_us=30.94 block_drift=0.0135747 verdict=MEASUREMENT_BLOCKED
CORRECTNESS case=control-fp32-12x8192 parent_failures=0 parent_max_abs=3.09944e-06 candidate_failures=0 candidate_max_abs=3.09944e-06
SAME_BINARY_BEGIN case=control-fp32-12x8192
SAME_BINARY_WARMUP_DONE case=control-fp32-12x8192
SAME_BINARY_BLOCK_BEGIN case=control-fp32-12x8192 block=0
SAME_BINARY_MEASURE_RETURN
SAME_BINARY_SAMPLE_VECTOR_PUSHED
SAME_BINARY_RAW_FLUSHED
SAME_BINARY_BLOCK_DONE case=control-fp32-12x8192 block=0
SAME_BINARY_BLOCK_BEGIN case=control-fp32-12x8192 block=1
SAME_BINARY_BLOCK_DONE case=control-fp32-12x8192 block=1
SAME_BINARY case=control-fp32-12x8192 samples=82 median_us=29.79 mad_over_median=0.140316 block1_median_us=29.98 block2_median_us=29.34 block_drift=0.0214837 verdict=MEASUREMENT_BLOCKED
[INFO] Start export data in PROF_000001_20261008041411135_OFQGJDMQOLRRBQQB.
Thu 08 Oct 2026 04:14:18 [INFO] [MSVP] [2937748] msprof_common.py: Start analyzing data in "/home/data4t2/lelinfeng/cann/w4/R11-row-remainder-balance-x/V002/results/requal-device1-20261008-task/same-profile/PROF_000001_20261008041411135_OFQGJDMQOLRRBQQB/host" ...
Thu 08 Oct 2026 04:14:18 [INFO] [MSVP] [2937748] msprof_common.py: It may take few minutes, please be patient ...
Thu 08 Oct 2026 04:14:19 [INFO] [MSVP] [2937748] msprof_common.py: Analysis data in "/home/data4t2/lelinfeng/cann/w4/R11-row-remainder-balance-x/V002/results/requal-device1-20261008-task/same-profile/PROF_000001_20261008041411135_OFQGJDMQOLRRBQQB/host" finished.
Thu 08 Oct 2026 04:14:19 [INFO] [MSVP] [2937748] msprof_common.py: Start analyzing data in "/home/data4t2/lelinfeng/cann/w4/R11-row-remainder-balance-x/V002/results/requal-device1-20261008-task/same-profile/PROF_000001_20261008041411135_OFQGJDMQOLRRBQQB/device_1" ...
Thu 08 Oct 2026 04:14:19 [INFO] [MSVP] [2937748] msprof_common.py: It may take few minutes, please be patient ...
Thu 08 Oct 2026 04:14:19 [INFO] [MSVP] [2937748] msprof_common.py: Analysis data in "/home/data4t2/lelinfeng/cann/w4/R11-row-remainder-balance-x/V002/results/requal-device1-20261008-task/same-profile/PROF_000001_20261008041411135_OFQGJDMQOLRRBQQB/device_1" finished.
Thu 08 Oct 2026 04:14:19 [INFO] [MSVP] [2937748] msprof_export.py: All collected data will be exported, path is: /home/data4t2/lelinfeng/cann/w4/R11-row-remainder-balance-x/V002/results/requal-device1-20261008-task/same-profile/PROF_000001_20261008041411135_OFQGJDMQOLRRBQQB/device_1.
Thu 08 Oct 2026 04:14:19 [INFO] [MSVP] [2937748] msprof_export.py: There is no timeline data to export for "/home/data4t2/lelinfeng/cann/w4/R11-row-remainder-balance-x/V002/results/requal-device1-20261008-task/same-profile/PROF_000001_20261008041411135_OFQGJDMQOLRRBQQB/host"
Thu 08 Oct 2026 04:14:20 [INFO] [MSVP] [2938103] msprof_export.py: The data in "/home/data4t2/lelinfeng/cann/w4/R11-row-remainder-balance-x/V002/results/requal-device1-20261008-task/same-profile/PROF_000001_20261008041411135_OFQGJDMQOLRRBQQB/host" has been analyzed. Parsing phase will be skipped.
Thu 08 Oct 2026 04:14:20 [INFO] [MSVP] [2938103] msprof_export.py: The data in "/home/data4t2/lelinfeng/cann/w4/R11-row-remainder-balance-x/V002/results/requal-device1-20261008-task/same-profile/PROF_000001_20261008041411135_OFQGJDMQOLRRBQQB/device_1" has been analyzed. Parsing phase will be skipped.
Thu 08 Oct 2026 04:14:20 [INFO] [MSVP] [2938103] msprof_export.py: All collected data will be exported, path is: /home/data4t2/lelinfeng/cann/w4/R11-row-remainder-balance-x/V002/results/requal-device1-20261008-task/same-profile/PROF_000001_20261008041411135_OFQGJDMQOLRRBQQB/device_1.
Thu 08 Oct 2026 04:14:20 [INFO] [MSVP] [2938103] msprof_export.py: There is no summary data to export for "/home/data4t2/lelinfeng/cann/w4/R11-row-remainder-balance-x/V002/results/requal-device1-20261008-task/same-profile/PROF_000001_20261008041411135_OFQGJDMQOLRRBQQB/host"
Thu 08 Oct 2026 04:14:21 [INFO] [MSVP] [2938103] msprof_export.py: All collected data will be exported, path is: /home/data4t2/lelinfeng/cann/w4/R11-row-remainder-balance-x/V002/results/requal-device1-20261008-task/same-profile/PROF_000001_20261008041411135_OFQGJDMQOLRRBQQB/device_1.
Thu 08 Oct 2026 04:14:21 [INFO] [MSVP] [2938103] msprof_export.py: There is no summary data to export for "/home/data4t2/lelinfeng/cann/w4/R11-row-remainder-balance-x/V002/results/requal-device1-20261008-task/same-profile/PROF_000001_20261008041411135_OFQGJDMQOLRRBQQB/device_1"
Thu 08 Oct 2026 04:14:21 [INFO] [MSVP] [2938103] msprof_common.py: Start exporting summary output_file.
Thu 08 Oct 2026 04:14:21 [INFO] [MSVP] [2938103] msprof_common.py: End exporting summary output_file.The file is stored in the /home/data4t2/lelinfeng/cann/w4/R11-row-remainder-balance-x/V002/results/requal-device1-20261008-task/same-profile/PROF_000001_20261008041411135_OFQGJDMQOLRRBQQB/mindstudio_profiler_output path.
[INFO] Export all data in PROF_000001_20261008041411135_OFQGJDMQOLRRBQQB done.
[INFO] Start query data in PROF_000001_20261008041411135_OFQGJDMQOLRRBQQB.
Job Info	Device ID	Dir Name	Collection Time           	Model ID	Iteration Number	Top Time Iteration	Rank ID	

NA      	         	host    	2026-10-08 04:14:11.139533	N/A     	N/A             	N/A               	-1     	

NA      	1        	device_1	2026-10-08 04:14:11.561906	N/A     	N/A             	N/A               	-1     	

[INFO] Query all data in PROF_000001_20261008041411135_OFQGJDMQOLRRBQQB done.
[INFO] Profiling finished.
[INFO] Process profiling data complete. Data is saved in /home/data4t2/lelinfeng/cann/w4/R11-row-remainder-balance-x/V002/results/requal-device1-20261008-task/same-profile/PROF_000001_20261008041411135_OFQGJDMQOLRRBQQB
Thu Oct  8 04:14:24 UTC 2026
MODE_COMPLETE=same RC=0
Thu Oct  8 04:14:24 UTC 2026
MODE=local DEVICE=1 FREE_HBM_MB=52428
[INFO] Start profiling...
DEVICE id=1 available_vector_cores=40 mode=local shape_scope=local_proxy_not_official_mapping
CORRECTNESS case=target-fp32-64x8192 parent_failures=0 parent_max_abs=4.76837e-06 candidate_failures=0 candidate_max_abs=4.76837e-06
MEASURE_BEFORE_START_EVENT
MEASURE_AFTER_START_EVENT
MEASURE_AFTER_LAUNCH
MEASURE_AFTER_STOP_EVENT
MEASURE_AFTER_SYNC
MEASURE_AFTER_ELAPSED
MEASURE_BEFORE_RECORDED_FLAG
MEASURE_AFTER_RECORDED_FLAG
MEASURE_BEFORE_RETURN
LOCAL case=target-fp32-64x8192 samples_per_variant=44 parent_median_us=31.82 candidate_median_us=30.99 delta_median_pct=-2.48405 parent_mad_over_median=0.133564 candidate_mad_over_median=0.140045
CORRECTNESS case=control-fp32-12x8192 parent_failures=0 parent_max_abs=3.09944e-06 candidate_failures=0 candidate_max_abs=3.09944e-06
LOCAL case=control-fp32-12x8192 samples_per_variant=44 parent_median_us=30.02 candidate_median_us=27.82 delta_median_pct=-2.94799 parent_mad_over_median=0.141239 candidate_mad_over_median=0.121136
[INFO] Start export data in PROF_000001_20261008041428406_BNLAPAAKCCNGALIB.
Thu 08 Oct 2026 04:14:32 [INFO] [MSVP] [2939988] msprof_common.py: Start analyzing data in "/home/data4t2/lelinfeng/cann/w4/R11-row-remainder-balance-x/V002/results/requal-device1-20261008-task/local-profile/PROF_000001_20261008041428406_BNLAPAAKCCNGALIB/host" ...
Thu 08 Oct 2026 04:14:32 [INFO] [MSVP] [2939988] msprof_common.py: It may take few minutes, please be patient ...
Thu 08 Oct 2026 04:14:32 [INFO] [MSVP] [2939988] msprof_common.py: Analysis data in "/home/data4t2/lelinfeng/cann/w4/R11-row-remainder-balance-x/V002/results/requal-device1-20261008-task/local-profile/PROF_000001_20261008041428406_BNLAPAAKCCNGALIB/host" finished.
Thu 08 Oct 2026 04:14:32 [INFO] [MSVP] [2939988] msprof_common.py: Start analyzing data in "/home/data4t2/lelinfeng/cann/w4/R11-row-remainder-balance-x/V002/results/requal-device1-20261008-task/local-profile/PROF_000001_20261008041428406_BNLAPAAKCCNGALIB/device_1" ...
Thu 08 Oct 2026 04:14:32 [INFO] [MSVP] [2939988] msprof_common.py: It may take few minutes, please be patient ...
Thu 08 Oct 2026 04:14:32 [INFO] [MSVP] [2939988] msprof_common.py: Analysis data in "/home/data4t2/lelinfeng/cann/w4/R11-row-remainder-balance-x/V002/results/requal-device1-20261008-task/local-profile/PROF_000001_20261008041428406_BNLAPAAKCCNGALIB/device_1" finished.
Thu 08 Oct 2026 04:14:32 [INFO] [MSVP] [2939988] msprof_export.py: All collected data will be exported, path is: /home/data4t2/lelinfeng/cann/w4/R11-row-remainder-balance-x/V002/results/requal-device1-20261008-task/local-profile/PROF_000001_20261008041428406_BNLAPAAKCCNGALIB/device_1.
Thu 08 Oct 2026 04:14:32 [INFO] [MSVP] [2939988] msprof_export.py: There is no timeline data to export for "/home/data4t2/lelinfeng/cann/w4/R11-row-remainder-balance-x/V002/results/requal-device1-20261008-task/local-profile/PROF_000001_20261008041428406_BNLAPAAKCCNGALIB/host"
Thu 08 Oct 2026 04:14:34 [INFO] [MSVP] [2940392] msprof_export.py: The data in "/home/data4t2/lelinfeng/cann/w4/R11-row-remainder-balance-x/V002/results/requal-device1-20261008-task/local-profile/PROF_000001_20261008041428406_BNLAPAAKCCNGALIB/host" has been analyzed. Parsing phase will be skipped.
Thu 08 Oct 2026 04:14:34 [INFO] [MSVP] [2940392] msprof_export.py: The data in "/home/data4t2/lelinfeng/cann/w4/R11-row-remainder-balance-x/V002/results/requal-device1-20261008-task/local-profile/PROF_000001_20261008041428406_BNLAPAAKCCNGALIB/device_1" has been analyzed. Parsing phase will be skipped.
Thu 08 Oct 2026 04:14:34 [INFO] [MSVP] [2940392] msprof_export.py: All collected data will be exported, path is: /home/data4t2/lelinfeng/cann/w4/R11-row-remainder-balance-x/V002/results/requal-device1-20261008-task/local-profile/PROF_000001_20261008041428406_BNLAPAAKCCNGALIB/device_1.
Thu 08 Oct 2026 04:14:34 [INFO] [MSVP] [2940392] msprof_export.py: There is no summary data to export for "/home/data4t2/lelinfeng/cann/w4/R11-row-remainder-balance-x/V002/results/requal-device1-20261008-task/local-profile/PROF_000001_20261008041428406_BNLAPAAKCCNGALIB/host"
Thu 08 Oct 2026 04:14:34 [INFO] [MSVP] [2940392] msprof_export.py: All collected data will be exported, path is: /home/data4t2/lelinfeng/cann/w4/R11-row-remainder-balance-x/V002/results/requal-device1-20261008-task/local-profile/PROF_000001_20261008041428406_BNLAPAAKCCNGALIB/device_1.
Thu 08 Oct 2026 04:14:34 [INFO] [MSVP] [2940392] msprof_export.py: There is no summary data to export for "/home/data4t2/lelinfeng/cann/w4/R11-row-remainder-balance-x/V002/results/requal-device1-20261008-task/local-profile/PROF_000001_20261008041428406_BNLAPAAKCCNGALIB/device_1"
Thu 08 Oct 2026 04:14:34 [INFO] [MSVP] [2940392] msprof_common.py: Start exporting summary output_file.
Thu 08 Oct 2026 04:14:34 [INFO] [MSVP] [2940392] msprof_common.py: End exporting summary output_file.The file is stored in the /home/data4t2/lelinfeng/cann/w4/R11-row-remainder-balance-x/V002/results/requal-device1-20261008-task/local-profile/PROF_000001_20261008041428406_BNLAPAAKCCNGALIB/mindstudio_profiler_output path.
[INFO] Export all data in PROF_000001_20261008041428406_BNLAPAAKCCNGALIB done.
[INFO] Start query data in PROF_000001_20261008041428406_BNLAPAAKCCNGALIB.
Job Info	Device ID	Dir Name	Collection Time           	Model ID	Iteration Number	Top Time Iteration	Rank ID	

NA      	         	host    	2026-10-08 04:14:28.410292	N/A     	N/A             	N/A               	-1     	

NA      	1        	device_1	2026-10-08 04:14:28.854141	N/A     	N/A             	N/A               	-1     	

[INFO] Query all data in PROF_000001_20261008041428406_BNLAPAAKCCNGALIB done.
[INFO] Profiling finished.
[INFO] Process profiling data complete. Data is saved in /home/data4t2/lelinfeng/cann/w4/R11-row-remainder-balance-x/V002/results/requal-device1-20261008-task/local-profile/PROF_000001_20261008041428406_BNLAPAAKCCNGALIB
Thu Oct  8 04:14:37 UTC 2026
MODE_COMPLETE=local RC=0
