Thu Oct  8 04:27:08 UTC 2026
RUNNING_DEVICE_OPERATION=NONE
build-server3-v002/adaptive_probe 133416 2026-10-07 20:48:52.472822779 +0000
build-server3-v002/libadaptive_parent.so 530184 2026-10-07 20:48:50.432763365 +0000
build-server3-v002/libadaptive_candidate.so 530544 2026-10-07 20:13:51.391822141 +0000
	NPU ID                         : 1
	Chip Count                     : 1

	DDR Capacity(MB)               : 0
	DDR Usage Rate(%)              : 0
	DDR Hugepages Total(page)      : 0
	DDR Hugepages Usage Rate(%)    : 0
	HBM Capacity(MB)               : 65536
	HBM Usage Rate(%)              : 20
	Aicore Usage Rate(%)           : 3
	Aivector Usage Rate(%)         : 8
	Aicpu Usage Rate(%)            : 0
	Ctrlcpu Usage Rate(%)          : 6
	DDR Bandwidth Usage Rate(%)    : 0
	HBM Bandwidth Usage Rate(%)    : 3
	Chip ID                        : 0

