REVISION=V111
DEVICE=3
PARENT_SHA256=a8c19a1972207acc67e3fb0cd393cc70b0a4b183d1eaf5610edf80c2879b15e3
CANDIDATE_SHA256=cf47b9ad226f01f33bcf4158d2262b7d2932a836b6e6701f2698fdf5e2b589eb
DTYPE=FP32
SHAPES=128x908,128x912,128x916
PAIRS=6
ORDER=odd PARENT,CANDIDATE; even CANDIDATE,PARENT
WARMUP=45 SAMPLES_PER_BLOCK=31 BLOCKS=2 GAP_SEC=0 BATCH_N=64
LOCAL_START_UTC=2026-10-09T00:14:19.012503645Z
INVOCATION_START_UTC=2026-10-09T00:14:20.212061364Z
PAIR=01 WIDTH=908 SIDE=parent
INVOCATION_END_UTC=2026-10-09T00:14:27.145877027Z
PAIR=01 WIDTH=908 SIDE=parent RC=0 REF_HARNESS device=3 shape=128x908 dtype=0 warmup=45 samples=31 blocks=2 bad=0 
INVOCATION_START_UTC=2026-10-09T00:14:27.150066284Z
PAIR=01 WIDTH=908 SIDE=candidate
INVOCATION_END_UTC=2026-10-09T00:14:33.875924766Z
PAIR=01 WIDTH=908 SIDE=candidate RC=0 REF_HARNESS device=3 shape=128x908 dtype=0 warmup=45 samples=31 blocks=2 bad=0 
PAIR_COMPLETE=01 WIDTH=908 UTC=2026-10-09T00:14:35.014226629Z
INVOCATION_START_UTC=2026-10-09T00:14:36.229675243Z
PAIR=02 WIDTH=908 SIDE=candidate
INVOCATION_END_UTC=2026-10-09T00:14:42.557571562Z
PAIR=02 WIDTH=908 SIDE=candidate RC=0 REF_HARNESS device=3 shape=128x908 dtype=0 warmup=45 samples=31 blocks=2 bad=0 
INVOCATION_START_UTC=2026-10-09T00:14:42.562990038Z
PAIR=02 WIDTH=908 SIDE=parent
INVOCATION_END_UTC=2026-10-09T00:14:49.305716079Z
PAIR=02 WIDTH=908 SIDE=parent RC=0 REF_HARNESS device=3 shape=128x908 dtype=0 warmup=45 samples=31 blocks=2 bad=0 
PAIR_COMPLETE=02 WIDTH=908 UTC=2026-10-09T00:14:50.499863634Z
INVOCATION_START_UTC=2026-10-09T00:14:51.717795912Z
PAIR=03 WIDTH=908 SIDE=parent
INVOCATION_END_UTC=2026-10-09T00:14:58.468146577Z
PAIR=03 WIDTH=908 SIDE=parent RC=0 REF_HARNESS device=3 shape=128x908 dtype=0 warmup=45 samples=31 blocks=2 bad=0 
INVOCATION_START_UTC=2026-10-09T00:14:58.490611876Z
PAIR=03 WIDTH=908 SIDE=candidate
INVOCATION_END_UTC=2026-10-09T00:15:05.829695132Z
PAIR=03 WIDTH=908 SIDE=candidate RC=0 REF_HARNESS device=3 shape=128x908 dtype=0 warmup=45 samples=31 blocks=2 bad=0 
PAIR_COMPLETE=03 WIDTH=908 UTC=2026-10-09T00:15:07.002879415Z
INVOCATION_START_UTC=2026-10-09T00:15:08.191162448Z
PAIR=04 WIDTH=908 SIDE=candidate
INVOCATION_END_UTC=2026-10-09T00:15:14.736727027Z
PAIR=04 WIDTH=908 SIDE=candidate RC=0 REF_HARNESS device=3 shape=128x908 dtype=0 warmup=45 samples=31 blocks=2 bad=0 
INVOCATION_START_UTC=2026-10-09T00:15:14.741588595Z
PAIR=04 WIDTH=908 SIDE=parent
INVOCATION_END_UTC=2026-10-09T00:15:21.284122627Z
PAIR=04 WIDTH=908 SIDE=parent RC=0 REF_HARNESS device=3 shape=128x908 dtype=0 warmup=45 samples=31 blocks=2 bad=0 
PAIR_COMPLETE=04 WIDTH=908 UTC=2026-10-09T00:15:22.511078706Z
INVOCATION_START_UTC=2026-10-09T00:15:23.683079272Z
PAIR=05 WIDTH=908 SIDE=parent
INVOCATION_END_UTC=2026-10-09T00:15:30.059741830Z
PAIR=05 WIDTH=908 SIDE=parent RC=0 REF_HARNESS device=3 shape=128x908 dtype=0 warmup=45 samples=31 blocks=2 bad=0 
INVOCATION_START_UTC=2026-10-09T00:15:30.066545499Z
PAIR=05 WIDTH=908 SIDE=candidate
INVOCATION_END_UTC=2026-10-09T00:15:36.827353496Z
PAIR=05 WIDTH=908 SIDE=candidate RC=0 REF_HARNESS device=3 shape=128x908 dtype=0 warmup=45 samples=31 blocks=2 bad=0 
PAIR_COMPLETE=05 WIDTH=908 UTC=2026-10-09T00:15:38.003881268Z
INVOCATION_START_UTC=2026-10-09T00:15:39.177847746Z
PAIR=06 WIDTH=908 SIDE=candidate
INVOCATION_END_UTC=2026-10-09T00:15:46.147239151Z
PAIR=06 WIDTH=908 SIDE=candidate RC=0 REF_HARNESS device=3 shape=128x908 dtype=0 warmup=45 samples=31 blocks=2 bad=0 
INVOCATION_START_UTC=2026-10-09T00:15:46.156201201Z
PAIR=06 WIDTH=908 SIDE=parent
INVOCATION_END_UTC=2026-10-09T00:15:53.101814325Z
PAIR=06 WIDTH=908 SIDE=parent RC=0 REF_HARNESS device=3 shape=128x908 dtype=0 warmup=45 samples=31 blocks=2 bad=0 
PAIR_COMPLETE=06 WIDTH=908 UTC=2026-10-09T00:15:54.304307367Z
INVOCATION_START_UTC=2026-10-09T00:15:55.543463217Z
PAIR=01 WIDTH=912 SIDE=parent
INVOCATION_END_UTC=2026-10-09T00:16:02.884362950Z
PAIR=01 WIDTH=912 SIDE=parent RC=0 REF_HARNESS device=3 shape=128x912 dtype=0 warmup=45 samples=31 blocks=2 bad=0 
INVOCATION_START_UTC=2026-10-09T00:16:02.889047071Z
PAIR=01 WIDTH=912 SIDE=candidate
INVOCATION_END_UTC=2026-10-09T00:16:09.226801685Z
PAIR=01 WIDTH=912 SIDE=candidate RC=0 REF_HARNESS device=3 shape=128x912 dtype=0 warmup=45 samples=31 blocks=2 bad=0 
PAIR_COMPLETE=01 WIDTH=912 UTC=2026-10-09T00:16:10.417166926Z
INVOCATION_START_UTC=2026-10-09T00:16:11.633251267Z
PAIR=02 WIDTH=912 SIDE=candidate
INVOCATION_END_UTC=2026-10-09T00:16:18.571660992Z
PAIR=02 WIDTH=912 SIDE=candidate RC=0 REF_HARNESS device=3 shape=128x912 dtype=0 warmup=45 samples=31 blocks=2 bad=0 
INVOCATION_START_UTC=2026-10-09T00:16:18.577453834Z
PAIR=02 WIDTH=912 SIDE=parent
INVOCATION_END_UTC=2026-10-09T00:16:25.376029764Z
PAIR=02 WIDTH=912 SIDE=parent RC=0 REF_HARNESS device=3 shape=128x912 dtype=0 warmup=45 samples=31 blocks=2 bad=0 
PAIR_COMPLETE=02 WIDTH=912 UTC=2026-10-09T00:16:26.659469996Z
INVOCATION_START_UTC=2026-10-09T00:16:27.935974900Z
PAIR=03 WIDTH=912 SIDE=parent
INVOCATION_END_UTC=2026-10-09T00:16:34.902619338Z
PAIR=03 WIDTH=912 SIDE=parent RC=0 REF_HARNESS device=3 shape=128x912 dtype=0 warmup=45 samples=31 blocks=2 bad=0 
INVOCATION_START_UTC=2026-10-09T00:16:34.908290671Z
PAIR=03 WIDTH=912 SIDE=candidate
INVOCATION_END_UTC=2026-10-09T00:16:41.802383439Z
PAIR=03 WIDTH=912 SIDE=candidate RC=0 REF_HARNESS device=3 shape=128x912 dtype=0 warmup=45 samples=31 blocks=2 bad=0 
PAIR_COMPLETE=03 WIDTH=912 UTC=2026-10-09T00:16:42.963028862Z
INVOCATION_START_UTC=2026-10-09T00:16:44.139334305Z
PAIR=04 WIDTH=912 SIDE=candidate
INVOCATION_END_UTC=2026-10-09T00:16:50.689365029Z
PAIR=04 WIDTH=912 SIDE=candidate RC=0 REF_HARNESS device=3 shape=128x912 dtype=0 warmup=45 samples=31 blocks=2 bad=0 
INVOCATION_START_UTC=2026-10-09T00:16:50.695880123Z
PAIR=04 WIDTH=912 SIDE=parent
INVOCATION_END_UTC=2026-10-09T00:16:57.046001823Z
PAIR=04 WIDTH=912 SIDE=parent RC=0 REF_HARNESS device=3 shape=128x912 dtype=0 warmup=45 samples=31 blocks=2 bad=0 
PAIR_COMPLETE=04 WIDTH=912 UTC=2026-10-09T00:16:58.262660575Z
INVOCATION_START_UTC=2026-10-09T00:16:59.417812377Z
PAIR=05 WIDTH=912 SIDE=parent
INVOCATION_END_UTC=2026-10-09T00:17:06.941609872Z
PAIR=05 WIDTH=912 SIDE=parent RC=0 REF_HARNESS device=3 shape=128x912 dtype=0 warmup=45 samples=31 blocks=2 bad=0 
INVOCATION_START_UTC=2026-10-09T00:17:06.946536645Z
PAIR=05 WIDTH=912 SIDE=candidate
INVOCATION_END_UTC=2026-10-09T00:17:13.895172982Z
PAIR=05 WIDTH=912 SIDE=candidate RC=0 REF_HARNESS device=3 shape=128x912 dtype=0 warmup=45 samples=31 blocks=2 bad=0 
PAIR_COMPLETE=05 WIDTH=912 UTC=2026-10-09T00:17:15.055868588Z
INVOCATION_START_UTC=2026-10-09T00:17:16.188375233Z
PAIR=06 WIDTH=912 SIDE=candidate
INVOCATION_END_UTC=2026-10-09T00:17:22.926906200Z
PAIR=06 WIDTH=912 SIDE=candidate RC=0 REF_HARNESS device=3 shape=128x912 dtype=0 warmup=45 samples=31 blocks=2 bad=0 
INVOCATION_START_UTC=2026-10-09T00:17:22.931393554Z
PAIR=06 WIDTH=912 SIDE=parent
INVOCATION_END_UTC=2026-10-09T00:17:29.888375438Z
PAIR=06 WIDTH=912 SIDE=parent RC=0 REF_HARNESS device=3 shape=128x912 dtype=0 warmup=45 samples=31 blocks=2 bad=0 
PAIR_COMPLETE=06 WIDTH=912 UTC=2026-10-09T00:17:31.080378672Z
INVOCATION_START_UTC=2026-10-09T00:17:32.282809409Z
PAIR=01 WIDTH=916 SIDE=parent
INVOCATION_END_UTC=2026-10-09T00:17:39.225555772Z
PAIR=01 WIDTH=916 SIDE=parent RC=0 REF_HARNESS device=3 shape=128x916 dtype=0 warmup=45 samples=31 blocks=2 bad=0 
INVOCATION_START_UTC=2026-10-09T00:17:39.230328386Z
PAIR=01 WIDTH=916 SIDE=candidate
INVOCATION_END_UTC=2026-10-09T00:17:45.984145426Z
PAIR=01 WIDTH=916 SIDE=candidate RC=0 REF_HARNESS device=3 shape=128x916 dtype=0 warmup=45 samples=31 blocks=2 bad=0 
PAIR_COMPLETE=01 WIDTH=916 UTC=2026-10-09T00:17:47.154141197Z
INVOCATION_START_UTC=2026-10-09T00:17:48.365555643Z
PAIR=02 WIDTH=916 SIDE=candidate
INVOCATION_END_UTC=2026-10-09T00:17:56.079591041Z
PAIR=02 WIDTH=916 SIDE=candidate RC=0 REF_HARNESS device=3 shape=128x916 dtype=0 warmup=45 samples=31 blocks=2 bad=0 
INVOCATION_START_UTC=2026-10-09T00:17:56.084774646Z
PAIR=02 WIDTH=916 SIDE=parent
INVOCATION_END_UTC=2026-10-09T00:18:03.239926783Z
PAIR=02 WIDTH=916 SIDE=parent RC=0 REF_HARNESS device=3 shape=128x916 dtype=0 warmup=45 samples=31 blocks=2 bad=0 
PAIR_COMPLETE=02 WIDTH=916 UTC=2026-10-09T00:18:04.463146810Z
INVOCATION_START_UTC=2026-10-09T00:18:05.672717791Z
PAIR=03 WIDTH=916 SIDE=parent
INVOCATION_END_UTC=2026-10-09T00:18:12.214073150Z
PAIR=03 WIDTH=916 SIDE=parent RC=0 REF_HARNESS device=3 shape=128x916 dtype=0 warmup=45 samples=31 blocks=2 bad=0 
INVOCATION_START_UTC=2026-10-09T00:18:12.220168658Z
PAIR=03 WIDTH=916 SIDE=candidate
INVOCATION_END_UTC=2026-10-09T00:18:18.768827409Z
PAIR=03 WIDTH=916 SIDE=candidate RC=0 REF_HARNESS device=3 shape=128x916 dtype=0 warmup=45 samples=31 blocks=2 bad=0 
PAIR_COMPLETE=03 WIDTH=916 UTC=2026-10-09T00:18:20.120888021Z
INVOCATION_START_UTC=2026-10-09T00:18:21.428601309Z
PAIR=04 WIDTH=916 SIDE=candidate
INVOCATION_END_UTC=2026-10-09T00:18:28.956250214Z
PAIR=04 WIDTH=916 SIDE=candidate RC=0 REF_HARNESS device=3 shape=128x916 dtype=0 warmup=45 samples=31 blocks=2 bad=0 
INVOCATION_START_UTC=2026-10-09T00:18:28.965147476Z
PAIR=04 WIDTH=916 SIDE=parent
INVOCATION_END_UTC=2026-10-09T00:18:35.334550466Z
PAIR=04 WIDTH=916 SIDE=parent RC=0 REF_HARNESS device=3 shape=128x916 dtype=0 warmup=45 samples=31 blocks=2 bad=0 
PAIR_COMPLETE=04 WIDTH=916 UTC=2026-10-09T00:18:36.493086493Z
INVOCATION_START_UTC=2026-10-09T00:18:37.633320823Z
PAIR=05 WIDTH=916 SIDE=parent
INVOCATION_END_UTC=2026-10-09T00:18:44.389573075Z
PAIR=05 WIDTH=916 SIDE=parent RC=0 REF_HARNESS device=3 shape=128x916 dtype=0 warmup=45 samples=31 blocks=2 bad=0 
INVOCATION_START_UTC=2026-10-09T00:18:44.394262092Z
PAIR=05 WIDTH=916 SIDE=candidate
INVOCATION_END_UTC=2026-10-09T00:18:51.143875096Z
PAIR=05 WIDTH=916 SIDE=candidate RC=0 REF_HARNESS device=3 shape=128x916 dtype=0 warmup=45 samples=31 blocks=2 bad=0 
PAIR_COMPLETE=05 WIDTH=916 UTC=2026-10-09T00:18:52.312787034Z
INVOCATION_START_UTC=2026-10-09T00:18:53.507675271Z
PAIR=06 WIDTH=916 SIDE=candidate
INVOCATION_END_UTC=2026-10-09T00:19:01.434758063Z
PAIR=06 WIDTH=916 SIDE=candidate RC=0 REF_HARNESS device=3 shape=128x916 dtype=0 warmup=45 samples=31 blocks=2 bad=0 
INVOCATION_START_UTC=2026-10-09T00:19:01.442332265Z
PAIR=06 WIDTH=916 SIDE=parent
INVOCATION_END_UTC=2026-10-09T00:19:08.968306575Z
PAIR=06 WIDTH=916 SIDE=parent RC=0 REF_HARNESS device=3 shape=128x916 dtype=0 warmup=45 samples=31 blocks=2 bad=0 
PAIR_COMPLETE=06 WIDTH=916 UTC=2026-10-09T00:19:10.194953087Z
LOCAL_CAPTURE_END_UTC=2026-10-09T00:19:12.156674363Z
