ROUTE=MODE-DISPATCH-CUTOFF-X
REVISION=V099
GATE=INTERLEAVED_LOCAL
PARENT=exact R31B-V011
PARENT_SHA256=a8c19a1972207acc67e3fb0cd393cc70b0a4b183d1eaf5610edf80c2879b15e3
CANDIDATE_CUTOFF=996
DEVICE=2
DTYPE=FP32
WIDTHS=992,996,1000
WARMUP=45
SAMPLES_PER_BLOCK=31
BLOCKS=2
GAP_SEC=0
BATCH_N=64
PAIRS_PER_SHAPE=6
PAIR_ORDER=01:P,C;02:C,P;03:P,C;04:C,P;05:P,C;06:C,P
PARTIAL_CORRECTNESS=YES
LOCAL_SCORE_COMPARABLE_TO_OFFICIAL=NO
START_UTC=2026-10-08T19:27:26.674352595Z
RESOURCE_SNAPSHOT_UTC=2026-10-08T19:27:28.570670075Z
DEVICE=2
HBM_USED_MB=6436
HBM_TOTAL_MB=65536
FREE_HBM_MB=59100
RESOURCE_GATE=PASS
PAIR=01 WIDTH=992 ORDER=parent,candidate START_UTC=2026-10-08T19:27:30.523583603Z
PAIR=01 SIDE=parent WIDTH=992 RC=0 REF_HARNESS device=2 shape=128x992 dtype=0 warmup=45 samples=31 blocks=2 bad=0 
PAIR=01 SIDE=candidate WIDTH=992 RC=0 REF_HARNESS device=2 shape=128x992 dtype=0 warmup=45 samples=31 blocks=2 bad=0 
PAIR=02 WIDTH=992 ORDER=candidate,parent START_UTC=2026-10-08T19:27:46.670716745Z
PAIR=02 SIDE=candidate WIDTH=992 RC=0 REF_HARNESS device=2 shape=128x992 dtype=0 warmup=45 samples=31 blocks=2 bad=0 
PAIR=02 SIDE=parent WIDTH=992 RC=0 REF_HARNESS device=2 shape=128x992 dtype=0 warmup=45 samples=31 blocks=2 bad=0 
PAIR=03 WIDTH=992 ORDER=parent,candidate START_UTC=2026-10-08T19:28:03.434924894Z
PAIR=03 SIDE=parent WIDTH=992 RC=0 REF_HARNESS device=2 shape=128x992 dtype=0 warmup=45 samples=31 blocks=2 bad=0 
PAIR=03 SIDE=candidate WIDTH=992 RC=0 REF_HARNESS device=2 shape=128x992 dtype=0 warmup=45 samples=31 blocks=2 bad=0 
PAIR=04 WIDTH=992 ORDER=candidate,parent START_UTC=2026-10-08T19:28:20.284942536Z
PAIR=04 SIDE=candidate WIDTH=992 RC=0 REF_HARNESS device=2 shape=128x992 dtype=0 warmup=45 samples=31 blocks=2 bad=0 
PAIR=04 SIDE=parent WIDTH=992 RC=0 REF_HARNESS device=2 shape=128x992 dtype=0 warmup=45 samples=31 blocks=2 bad=0 
PAIR=05 WIDTH=992 ORDER=parent,candidate START_UTC=2026-10-08T19:28:37.497446110Z
PAIR=05 SIDE=parent WIDTH=992 RC=0 REF_HARNESS device=2 shape=128x992 dtype=0 warmup=45 samples=31 blocks=2 bad=0 
PAIR=05 SIDE=candidate WIDTH=992 RC=0 REF_HARNESS device=2 shape=128x992 dtype=0 warmup=45 samples=31 blocks=2 bad=0 
PAIR=06 WIDTH=992 ORDER=candidate,parent START_UTC=2026-10-08T19:28:54.990282391Z
PAIR=06 SIDE=candidate WIDTH=992 RC=0 REF_HARNESS device=2 shape=128x992 dtype=0 warmup=45 samples=31 blocks=2 bad=0 
PAIR=06 SIDE=parent WIDTH=992 RC=0 REF_HARNESS device=2 shape=128x992 dtype=0 warmup=45 samples=31 blocks=2 bad=0 
PAIR=01 WIDTH=996 ORDER=parent,candidate START_UTC=2026-10-08T19:29:14.495338132Z
PAIR=01 SIDE=parent WIDTH=996 RC=0 REF_HARNESS device=2 shape=128x996 dtype=0 warmup=45 samples=31 blocks=2 bad=0 
PAIR=01 SIDE=candidate WIDTH=996 RC=0 REF_HARNESS device=2 shape=128x996 dtype=0 warmup=45 samples=31 blocks=2 bad=0 
PAIR=02 WIDTH=996 ORDER=candidate,parent START_UTC=2026-10-08T19:29:31.732557856Z
PAIR=02 SIDE=candidate WIDTH=996 RC=0 REF_HARNESS device=2 shape=128x996 dtype=0 warmup=45 samples=31 blocks=2 bad=0 
PAIR=02 SIDE=parent WIDTH=996 RC=0 REF_HARNESS device=2 shape=128x996 dtype=0 warmup=45 samples=31 blocks=2 bad=0 
PAIR=03 WIDTH=996 ORDER=parent,candidate START_UTC=2026-10-08T19:29:49.931848083Z
PAIR=03 SIDE=parent WIDTH=996 RC=0 REF_HARNESS device=2 shape=128x996 dtype=0 warmup=45 samples=31 blocks=2 bad=0 
PAIR=03 SIDE=candidate WIDTH=996 RC=0 REF_HARNESS device=2 shape=128x996 dtype=0 warmup=45 samples=31 blocks=2 bad=0 
PAIR=04 WIDTH=996 ORDER=candidate,parent START_UTC=2026-10-08T19:30:07.104969696Z
PAIR=04 SIDE=candidate WIDTH=996 RC=0 REF_HARNESS device=2 shape=128x996 dtype=0 warmup=45 samples=31 blocks=2 bad=0 
PAIR=04 SIDE=parent WIDTH=996 RC=0 REF_HARNESS device=2 shape=128x996 dtype=0 warmup=45 samples=31 blocks=2 bad=0 
PAIR=05 WIDTH=996 ORDER=parent,candidate START_UTC=2026-10-08T19:30:25.307972789Z
PAIR=05 SIDE=parent WIDTH=996 RC=0 REF_HARNESS device=2 shape=128x996 dtype=0 warmup=45 samples=31 blocks=2 bad=0 
PAIR=05 SIDE=candidate WIDTH=996 RC=0 REF_HARNESS device=2 shape=128x996 dtype=0 warmup=45 samples=31 blocks=2 bad=0 
PAIR=06 WIDTH=996 ORDER=candidate,parent START_UTC=2026-10-08T19:30:42.947665927Z
PAIR=06 SIDE=candidate WIDTH=996 RC=0 REF_HARNESS device=2 shape=128x996 dtype=0 warmup=45 samples=31 blocks=2 bad=0 
PAIR=06 SIDE=parent WIDTH=996 RC=0 REF_HARNESS device=2 shape=128x996 dtype=0 warmup=45 samples=31 blocks=2 bad=0 
PAIR=01 WIDTH=1000 ORDER=parent,candidate START_UTC=2026-10-08T19:31:00.245872367Z
PAIR=01 SIDE=parent WIDTH=1000 RC=0 REF_HARNESS device=2 shape=128x1000 dtype=0 warmup=45 samples=31 blocks=2 bad=0 
PAIR=01 SIDE=candidate WIDTH=1000 RC=0 REF_HARNESS device=2 shape=128x1000 dtype=0 warmup=45 samples=31 blocks=2 bad=0 
PAIR=02 WIDTH=1000 ORDER=candidate,parent START_UTC=2026-10-08T19:31:19.637113114Z
PAIR=02 SIDE=candidate WIDTH=1000 RC=0 REF_HARNESS device=2 shape=128x1000 dtype=0 warmup=45 samples=31 blocks=2 bad=0 
PAIR=02 SIDE=parent WIDTH=1000 RC=0 REF_HARNESS device=2 shape=128x1000 dtype=0 warmup=45 samples=31 blocks=2 bad=0 
PAIR=03 WIDTH=1000 ORDER=parent,candidate START_UTC=2026-10-08T19:31:36.599046830Z
PAIR=03 SIDE=parent WIDTH=1000 RC=0 REF_HARNESS device=2 shape=128x1000 dtype=0 warmup=45 samples=31 blocks=2 bad=0 
PAIR=03 SIDE=candidate WIDTH=1000 RC=0 REF_HARNESS device=2 shape=128x1000 dtype=0 warmup=45 samples=31 blocks=2 bad=0 
PAIR=04 WIDTH=1000 ORDER=candidate,parent START_UTC=2026-10-08T19:31:53.530837806Z
PAIR=04 SIDE=candidate WIDTH=1000 RC=0 REF_HARNESS device=2 shape=128x1000 dtype=0 warmup=45 samples=31 blocks=2 bad=0 
PAIR=04 SIDE=parent WIDTH=1000 RC=0 REF_HARNESS device=2 shape=128x1000 dtype=0 warmup=45 samples=31 blocks=2 bad=0 
PAIR=05 WIDTH=1000 ORDER=parent,candidate START_UTC=2026-10-08T19:32:10.658637078Z
PAIR=05 SIDE=parent WIDTH=1000 RC=0 REF_HARNESS device=2 shape=128x1000 dtype=0 warmup=45 samples=31 blocks=2 bad=0 
PAIR=05 SIDE=candidate WIDTH=1000 RC=0 REF_HARNESS device=2 shape=128x1000 dtype=0 warmup=45 samples=31 blocks=2 bad=0 
PAIR=06 WIDTH=1000 ORDER=candidate,parent START_UTC=2026-10-08T19:32:27.424752606Z
PAIR=06 SIDE=candidate WIDTH=1000 RC=0 REF_HARNESS device=2 shape=128x1000 dtype=0 warmup=45 samples=31 blocks=2 bad=0 
PAIR=06 SIDE=parent WIDTH=1000 RC=0 REF_HARNESS device=2 shape=128x1000 dtype=0 warmup=45 samples=31 blocks=2 bad=0 
