=== PHASE 1: SAME-BINARY (parent, 2x41, warmup=45) ===
  File "<string>", line 1
    b1=float(\x276.14\x27);b2=float(\x270\x27);m=float(\x276.14\x27);print(abs(b1-b2)/m if m>0 else 9)
              ^
SyntaxError: unexpected character after line continuation character
  File "<string>", line 1
    m=float(\x270.78\x27);med=float(\x276.14\x27);print(m/med if med>0 else 9)
             ^
SyntaxError: unexpected character after line continuation character
  File "<string>", line 1
    print(\x27PASS\x27 if float(\x279\x27)<=0.10 and float(\x279\x27)<=0.10 else \x27FAIL\x27)
           ^
SyntaxError: unexpected character after line continuation character
  fp32-16x2048 [S1] B1=6.14 B2= MAD/med= drift= -> 
  File "<string>", line 1
    b1=float(\x2715.1\x27);b2=float(\x270\x27);m=float(\x2715.1\x27);print(abs(b1-b2)/m if m>0 else 9)
              ^
SyntaxError: unexpected character after line continuation character
  File "<string>", line 1
    m=float(\x279.32\x27);med=float(\x2715.1\x27);print(m/med if med>0 else 9)
             ^
SyntaxError: unexpected character after line continuation character
  File "<string>", line 1
    print(\x27PASS\x27 if float(\x279\x27)<=0.10 and float(\x279\x27)<=0.10 else \x27FAIL\x27)
           ^
SyntaxError: unexpected character after line continuation character
  fp32-32x1024 [S1] B1=15.1 B2= MAD/med= drift= -> 
  File "<string>", line 1
    b1=float(\x275.98\x27);b2=float(\x270\x27);m=float(\x275.98\x27);print(abs(b1-b2)/m if m>0 else 9)
              ^
SyntaxError: unexpected character after line continuation character
  File "<string>", line 1
    m=float(\x270.32\x27);med=float(\x275.98\x27);print(m/med if med>0 else 9)
             ^
SyntaxError: unexpected character after line continuation character
  File "<string>", line 1
    print(\x27PASS\x27 if float(\x279\x27)<=0.10 and float(\x279\x27)<=0.10 else \x27FAIL\x27)
           ^
SyntaxError: unexpected character after line continuation character
  fp32-16x4096 [S1] B1=5.98 B2= MAD/med= drift= -> 
  File "<string>", line 1
    b1=float(\x275.6\x27);b2=float(\x270\x27);m=float(\x275.6\x27);print(abs(b1-b2)/m if m>0 else 9)
              ^
SyntaxError: unexpected character after line continuation character
  File "<string>", line 1
    m=float(\x270.44\x27);med=float(\x275.6\x27);print(m/med if med>0 else 9)
             ^
SyntaxError: unexpected character after line continuation character
  File "<string>", line 1
    print(\x27PASS\x27 if float(\x279\x27)<=0.10 and float(\x279\x27)<=0.10 else \x27FAIL\x27)
           ^
SyntaxError: unexpected character after line continuation character
  fp32-8x2048 [S1] B1=5.6 B2= MAD/med= drift= -> 
  File "<string>", line 1
    b1=float(\x2712\x27);b2=float(\x270\x27);m=float(\x2712\x27);print(abs(b1-b2)/m if m>0 else 9)
              ^
SyntaxError: unexpected character after line continuation character
  File "<string>", line 1
    m=float(\x270.299999\x27);med=float(\x2712\x27);print(m/med if med>0 else 9)
             ^
SyntaxError: unexpected character after line continuation character
  File "<string>", line 1
    print(\x27PASS\x27 if float(\x279\x27)<=0.10 and float(\x279\x27)<=0.10 else \x27FAIL\x27)
           ^
SyntaxError: unexpected character after line continuation character
  fp32-1x32768 [CTRL] B1=12 B2= MAD/med= drift= -> 
  File "<string>", line 1
    b1=float(\x275.6\x27);b2=float(\x270\x27);m=float(\x275.6\x27);print(abs(b1-b2)/m if m>0 else 9)
              ^
SyntaxError: unexpected character after line continuation character
  File "<string>", line 1
    m=float(\x270.32\x27);med=float(\x275.6\x27);print(m/med if med>0 else 9)
             ^
SyntaxError: unexpected character after line continuation character
  File "<string>", line 1
    print(\x27PASS\x27 if float(\x279\x27)<=0.10 and float(\x279\x27)<=0.10 else \x27FAIL\x27)
           ^
SyntaxError: unexpected character after line continuation character
  fp32-4x2048 [DIR] B1=5.6 B2= MAD/med= drift= -> 
  File "<string>", line 1
    b1=float(\x274.52\x27);b2=float(\x270\x27);m=float(\x274.52\x27);print(abs(b1-b2)/m if m>0 else 9)
              ^
SyntaxError: unexpected character after line continuation character
  File "<string>", line 1
    m=float(\x270.34\x27);med=float(\x274.52\x27);print(m/med if med>0 else 9)
             ^
SyntaxError: unexpected character after line continuation character
  File "<string>", line 1
    print(\x27PASS\x27 if float(\x279\x27)<=0.10 and float(\x279\x27)<=0.10 else \x27FAIL\x27)
           ^
SyntaxError: unexpected character after line continuation character
  fp32-8x1024 [DIR] B1=4.52 B2= MAD/med= drift= -> 
  File "<string>", line 1
    b1=float(\x275.9\x27);b2=float(\x270\x27);m=float(\x275.9\x27);print(abs(b1-b2)/m if m>0 else 9)
              ^
SyntaxError: unexpected character after line continuation character
  File "<string>", line 1
    m=float(\x270.58\x27);med=float(\x275.9\x27);print(m/med if med>0 else 9)
             ^
SyntaxError: unexpected character after line continuation character
  File "<string>", line 1
    print(\x27PASS\x27 if float(\x279\x27)<=0.10 and float(\x279\x27)<=0.10 else \x27FAIL\x27)
           ^
SyntaxError: unexpected character after line continuation character
  fp32-8x256 [DIR] B1=5.9 B2= MAD/med= drift= -> 
=== PHASE 2: INTERLEAVED P/C (6 pairs) ===
  File "<string>", line 1
    p=float(\x276.2\x27);c=float(\x275.64\x27);print(round(100.0*(c-p)/p,4) if p>0 else 999)
             ^
SyntaxError: unexpected character after line continuation character
  fp32-16x2048 [S1] pair1 PC P=6.2 C=5.64 delta=NA%
  File "<string>", line 1
    p=float(\x275.78\x27);c=float(\x275.76\x27);print(round(100.0*(c-p)/p,4) if p>0 else 999)
             ^
SyntaxError: unexpected character after line continuation character
  fp32-16x2048 [S1] pair2 CP P=5.78 C=5.76 delta=NA%
  File "<string>", line 1
    p=float(\x275.96\x27);c=float(\x275.72\x27);print(round(100.0*(c-p)/p,4) if p>0 else 999)
             ^
SyntaxError: unexpected character after line continuation character
  fp32-16x2048 [S1] pair3 PC P=5.96 C=5.72 delta=NA%
  File "<string>", line 1
    p=float(\x275.64\x27);c=float(\x275.3\x27);print(round(100.0*(c-p)/p,4) if p>0 else 999)
             ^
SyntaxError: unexpected character after line continuation character
  fp32-16x2048 [S1] pair4 CP P=5.64 C=5.3 delta=NA%
  File "<string>", line 1
    p=float(\x276.24\x27);c=float(\x275.48\x27);print(round(100.0*(c-p)/p,4) if p>0 else 999)
             ^
SyntaxError: unexpected character after line continuation character
  fp32-16x2048 [S1] pair5 PC P=6.24 C=5.48 delta=NA%
  File "<string>", line 1
    p=float(\x275.62\x27);c=float(\x275.58\x27);print(round(100.0*(c-p)/p,4) if p>0 else 999)
             ^
SyntaxError: unexpected character after line continuation character
  fp32-16x2048 [S1] pair6 CP P=5.62 C=5.58 delta=NA%
  File "<string>", line 1
    p=float(\x276.38\x27);c=float(\x276.38\x27);print(round(100.0*(c-p)/p,4) if p>0 else 999)
             ^
SyntaxError: unexpected character after line continuation character
  fp32-32x1024 [S1] pair1 PC P=6.38 C=6.38 delta=NA%
  File "<string>", line 1
    p=float(\x276.14\x27);c=float(\x276.74\x27);print(round(100.0*(c-p)/p,4) if p>0 else 999)
             ^
SyntaxError: unexpected character after line continuation character
  fp32-32x1024 [S1] pair2 CP P=6.14 C=6.74 delta=NA%
  File "<string>", line 1
    p=float(\x276.4\x27);c=float(\x2714.16\x27);print(round(100.0*(c-p)/p,4) if p>0 else 999)
             ^
SyntaxError: unexpected character after line continuation character
  fp32-32x1024 [S1] pair3 PC P=6.4 C=14.16 delta=NA%
  File "<string>", line 1
    p=float(\x276.22\x27);c=float(\x277.1\x27);print(round(100.0*(c-p)/p,4) if p>0 else 999)
             ^
SyntaxError: unexpected character after line continuation character
  fp32-32x1024 [S1] pair4 CP P=6.22 C=7.1 delta=NA%
  File "<string>", line 1
    p=float(\x276.08\x27);c=float(\x276.34\x27);print(round(100.0*(c-p)/p,4) if p>0 else 999)
             ^
SyntaxError: unexpected character after line continuation character
  fp32-32x1024 [S1] pair5 PC P=6.08 C=6.34 delta=NA%
  File "<string>", line 1
    p=float(\x276.2\x27);c=float(\x276.28\x27);print(round(100.0*(c-p)/p,4) if p>0 else 999)
             ^
SyntaxError: unexpected character after line continuation character
  fp32-32x1024 [S1] pair6 CP P=6.2 C=6.28 delta=NA%
  File "<string>", line 1
    p=float(\x275.66\x27);c=float(\x275.7\x27);print(round(100.0*(c-p)/p,4) if p>0 else 999)
             ^
SyntaxError: unexpected character after line continuation character
  fp32-16x4096 [S1] pair1 PC P=5.66 C=5.7 delta=NA%
  File "<string>", line 1
    p=float(\x275.94\x27);c=float(\x275.78\x27);print(round(100.0*(c-p)/p,4) if p>0 else 999)
             ^
SyntaxError: unexpected character after line continuation character
  fp32-16x4096 [S1] pair2 CP P=5.94 C=5.78 delta=NA%
  File "<string>", line 1
    p=float(\x276.16\x27);c=float(\x275.7\x27);print(round(100.0*(c-p)/p,4) if p>0 else 999)
             ^
SyntaxError: unexpected character after line continuation character
  fp32-16x4096 [S1] pair3 PC P=6.16 C=5.7 delta=NA%
  File "<string>", line 1
    p=float(\x276.08\x27);c=float(\x275.98\x27);print(round(100.0*(c-p)/p,4) if p>0 else 999)
             ^
SyntaxError: unexpected character after line continuation character
  fp32-16x4096 [S1] pair4 CP P=6.08 C=5.98 delta=NA%
  File "<string>", line 1
    p=float(\x275.44\x27);c=float(\x275.72\x27);print(round(100.0*(c-p)/p,4) if p>0 else 999)
             ^
SyntaxError: unexpected character after line continuation character
  fp32-16x4096 [S1] pair5 PC P=5.44 C=5.72 delta=NA%
  File "<string>", line 1
    p=float(\x275.4\x27);c=float(\x275.66\x27);print(round(100.0*(c-p)/p,4) if p>0 else 999)
             ^
SyntaxError: unexpected character after line continuation character
  fp32-16x4096 [S1] pair6 CP P=5.4 C=5.66 delta=NA%
  File "<string>", line 1
    p=float(\x275.48\x27);c=float(\x274.76\x27);print(round(100.0*(c-p)/p,4) if p>0 else 999)
             ^
SyntaxError: unexpected character after line continuation character
  fp32-8x2048 [S1] pair1 PC P=5.48 C=4.76 delta=NA%
  File "<string>", line 1
    p=float(\x276.34\x27);c=float(\x275.7\x27);print(round(100.0*(c-p)/p,4) if p>0 else 999)
             ^
SyntaxError: unexpected character after line continuation character
  fp32-8x2048 [S1] pair2 CP P=6.34 C=5.7 delta=NA%
  File "<string>", line 1
    p=float(\x274.9\x27);c=float(\x275.14\x27);print(round(100.0*(c-p)/p,4) if p>0 else 999)
             ^
SyntaxError: unexpected character after line continuation character
  fp32-8x2048 [S1] pair3 PC P=4.9 C=5.14 delta=NA%
  File "<string>", line 1
    p=float(\x274.54\x27);c=float(\x276.4\x27);print(round(100.0*(c-p)/p,4) if p>0 else 999)
             ^
SyntaxError: unexpected character after line continuation character
  fp32-8x2048 [S1] pair4 CP P=4.54 C=6.4 delta=NA%
  File "<string>", line 1
    p=float(\x274.68\x27);c=float(\x275.08\x27);print(round(100.0*(c-p)/p,4) if p>0 else 999)
             ^
SyntaxError: unexpected character after line continuation character
  fp32-8x2048 [S1] pair5 PC P=4.68 C=5.08 delta=NA%
  File "<string>", line 1
    p=float(\x274.94\x27);c=float(\x274.9\x27);print(round(100.0*(c-p)/p,4) if p>0 else 999)
             ^
SyntaxError: unexpected character after line continuation character
  fp32-8x2048 [S1] pair6 CP P=4.94 C=4.9 delta=NA%
  File "<string>", line 1
    p=float(\x2711.52\x27);c=float(\x2711.9\x27);print(round(100.0*(c-p)/p,4) if p>0 else 999)
             ^
SyntaxError: unexpected character after line continuation character
  fp32-1x32768 [CTRL] pair1 PC P=11.52 C=11.9 delta=NA%
  File "<string>", line 1
    p=float(\x2711.94\x27);c=float(\x2712.18\x27);print(round(100.0*(c-p)/p,4) if p>0 else 999)
             ^
SyntaxError: unexpected character after line continuation character
  fp32-1x32768 [CTRL] pair2 CP P=11.94 C=12.18 delta=NA%
  File "<string>", line 1
    p=float(\x2711.52\x27);c=float(\x2712.08\x27);print(round(100.0*(c-p)/p,4) if p>0 else 999)
             ^
SyntaxError: unexpected character after line continuation character
  fp32-1x32768 [CTRL] pair3 PC P=11.52 C=12.08 delta=NA%
  File "<string>", line 1
    p=float(\x2711.82\x27);c=float(\x2711.78\x27);print(round(100.0*(c-p)/p,4) if p>0 else 999)
             ^
SyntaxError: unexpected character after line continuation character
  fp32-1x32768 [CTRL] pair4 CP P=11.82 C=11.78 delta=NA%
  File "<string>", line 1
    p=float(\x2711.82\x27);c=float(\x2712.16\x27);print(round(100.0*(c-p)/p,4) if p>0 else 999)
             ^
SyntaxError: unexpected character after line continuation character
  fp32-1x32768 [CTRL] pair5 PC P=11.82 C=12.16 delta=NA%
  File "<string>", line 1
    p=float(\x2711.54\x27);c=float(\x2712.22\x27);print(round(100.0*(c-p)/p,4) if p>0 else 999)
             ^
SyntaxError: unexpected character after line continuation character
  fp32-1x32768 [CTRL] pair6 CP P=11.54 C=12.22 delta=NA%
  File "<string>", line 1
    p=float(\x274.38\x27);c=float(\x275.08\x27);print(round(100.0*(c-p)/p,4) if p>0 else 999)
             ^
SyntaxError: unexpected character after line continuation character
  fp32-4x2048 [DIR] pair1 PC P=4.38 C=5.08 delta=NA%
  File "<string>", line 1
    p=float(\x276.24\x27);c=float(\x275.68\x27);print(round(100.0*(c-p)/p,4) if p>0 else 999)
             ^
SyntaxError: unexpected character after line continuation character
  fp32-4x2048 [DIR] pair2 CP P=6.24 C=5.68 delta=NA%
  File "<string>", line 1
    p=float(\x276.44\x27);c=float(\x275.82\x27);print(round(100.0*(c-p)/p,4) if p>0 else 999)
             ^
SyntaxError: unexpected character after line continuation character
  fp32-4x2048 [DIR] pair3 PC P=6.44 C=5.82 delta=NA%
  File "<string>", line 1
    p=float(\x275.86\x27);c=float(\x275.56\x27);print(round(100.0*(c-p)/p,4) if p>0 else 999)
             ^
SyntaxError: unexpected character after line continuation character
  fp32-4x2048 [DIR] pair4 CP P=5.86 C=5.56 delta=NA%
  File "<string>", line 1
    p=float(\x274.76\x27);c=float(\x275.92\x27);print(round(100.0*(c-p)/p,4) if p>0 else 999)
             ^
SyntaxError: unexpected character after line continuation character
  fp32-4x2048 [DIR] pair5 PC P=4.76 C=5.92 delta=NA%
  File "<string>", line 1
    p=float(\x275.52\x27);c=float(\x274.54\x27);print(round(100.0*(c-p)/p,4) if p>0 else 999)
             ^
SyntaxError: unexpected character after line continuation character
  fp32-4x2048 [DIR] pair6 CP P=5.52 C=4.54 delta=NA%
  File "<string>", line 1
    p=float(\x275.04\x27);c=float(\x275.04\x27);print(round(100.0*(c-p)/p,4) if p>0 else 999)
             ^
SyntaxError: unexpected character after line continuation character
  fp32-8x1024 [DIR] pair1 PC P=5.04 C=5.04 delta=NA%
  File "<string>", line 1
    p=float(\x275.86\x27);c=float(\x275.8\x27);print(round(100.0*(c-p)/p,4) if p>0 else 999)
             ^
SyntaxError: unexpected character after line continuation character
  fp32-8x1024 [DIR] pair2 CP P=5.86 C=5.8 delta=NA%
  File "<string>", line 1
    p=float(\x275.12\x27);c=float(\x275.1\x27);print(round(100.0*(c-p)/p,4) if p>0 else 999)
             ^
SyntaxError: unexpected character after line continuation character
  fp32-8x1024 [DIR] pair3 PC P=5.12 C=5.1 delta=NA%
  File "<string>", line 1
    p=float(\x275.84\x27);c=float(\x275.7\x27);print(round(100.0*(c-p)/p,4) if p>0 else 999)
             ^
SyntaxError: unexpected character after line continuation character
  fp32-8x1024 [DIR] pair4 CP P=5.84 C=5.7 delta=NA%
  File "<string>", line 1
    p=float(\x276.24\x27);c=float(\x275.66\x27);print(round(100.0*(c-p)/p,4) if p>0 else 999)
             ^
SyntaxError: unexpected character after line continuation character
  fp32-8x1024 [DIR] pair5 PC P=6.24 C=5.66 delta=NA%
  File "<string>", line 1
    p=float(\x275.6\x27);c=float(\x275.3\x27);print(round(100.0*(c-p)/p,4) if p>0 else 999)
             ^
SyntaxError: unexpected character after line continuation character
  fp32-8x1024 [DIR] pair6 CP P=5.6 C=5.3 delta=NA%
  File "<string>", line 1
    p=float(\x274.94\x27);c=float(\x275.34\x27);print(round(100.0*(c-p)/p,4) if p>0 else 999)
             ^
SyntaxError: unexpected character after line continuation character
  fp32-8x256 [DIR] pair1 PC P=4.94 C=5.34 delta=NA%
  File "<string>", line 1
    p=float(\x275.94\x27);c=float(\x275.72\x27);print(round(100.0*(c-p)/p,4) if p>0 else 999)
             ^
SyntaxError: unexpected character after line continuation character
  fp32-8x256 [DIR] pair2 CP P=5.94 C=5.72 delta=NA%
  File "<string>", line 1
    p=float(\x275.82\x27);c=float(\x275.24\x27);print(round(100.0*(c-p)/p,4) if p>0 else 999)
             ^
SyntaxError: unexpected character after line continuation character
  fp32-8x256 [DIR] pair3 PC P=5.82 C=5.24 delta=NA%
  File "<string>", line 1
    p=float(\x276.62\x27);c=float(\x276.14\x27);print(round(100.0*(c-p)/p,4) if p>0 else 999)
             ^
SyntaxError: unexpected character after line continuation character
  fp32-8x256 [DIR] pair4 CP P=6.62 C=6.14 delta=NA%
  File "<string>", line 1
    p=float(\x274.8\x27);c=float(\x275.26\x27);print(round(100.0*(c-p)/p,4) if p>0 else 999)
             ^
SyntaxError: unexpected character after line continuation character
  fp32-8x256 [DIR] pair5 PC P=4.8 C=5.26 delta=NA%
  File "<string>", line 1
    p=float(\x274.22\x27);c=float(\x276.68\x27);print(round(100.0*(c-p)/p,4) if p>0 else 999)
             ^
SyntaxError: unexpected character after line continuation character
  fp32-8x256 [DIR] pair6 CP P=4.22 C=6.68 delta=NA%
TIMING_DONE out=results-timing-v003
