2026-10-09 10:17:04 [INFO] [collection_engine.py:84] - Database process finished.
2026-10-09 10:17:04 [INFO] [collection_engine.py:85] - Analysis finished.
2026-10-09 10:17:04 [INFO] [ms_multi_process.py:64] - L2CacheParser process data finished, execute time is 0.006 s
2026-10-09 10:17:04 [INFO] [ms_multi_process.py:64] - ParsingRuntimeData process data finished, execute time is 0.009 s
2026-10-09 10:17:04 [INFO] [ms_multi_process.py:64] - ParsingPeripheralData process data finished, execute time is 0.006 s
2026-10-09 10:17:04 [INFO] [ms_multi_process.py:64] - ParsingNicData process data finished, execute time is 0.006 s
2026-10-09 10:17:04 [INFO] [ms_multi_process.py:64] - ParsingTSData process data finished, execute time is 0.007 s
2026-10-09 10:17:04 [INFO] [ms_multi_process.py:64] - ParsingRoceData process data finished, execute time is 0.007 s
2026-10-09 10:17:04 [INFO] [ms_multi_process.py:64] - ParsingAICPUData process data finished, execute time is 0.007 s
2026-10-09 10:17:04 [INFO] [ms_multi_process.py:64] - ParsingCtrlCPUData process data finished, execute time is 0.007 s
2026-10-09 10:17:04 [INFO] [ms_multi_process.py:64] - ParsingMemoryData process data finished, execute time is 0.008 s
2026-10-09 10:17:04 [INFO] [ms_multi_process.py:64] - ParsingCpuUsageData process data finished, execute time is 0.007 s
2026-10-09 10:17:04 [INFO] [ms_multi_process.py:64] - ParsingPcieData process data finished, execute time is 0.007 s
2026-10-09 10:17:04 [INFO] [ms_multi_process.py:64] - ParsingHBMData process data finished, execute time is 0.007 s
2026-10-09 10:17:04 [INFO] [ms_multi_process.py:64] - ParsingQosData process data finished, execute time is 0.007 s
2026-10-09 10:17:04 [INFO] [ms_multi_process.py:64] - NonMiniLLCParser process data finished, execute time is 0.007 s
2026-10-09 10:17:04 [INFO] [ms_multi_process.py:64] - ParsingHCCSData process data finished, execute time is 0.008 s
2026-10-09 10:17:04 [INFO] [ms_multi_process.py:64] - ParsingFftsAICoreSampleData process data finished, execute time is 0.007 s
2026-10-09 10:17:04 [INFO] [ms_multi_process.py:64] - BiuPerfParser process data finished, execute time is 0.007 s
2026-10-09 10:17:04 [INFO] [ms_time_parser.py:104] - Start parsing sync data ...
2026-10-09 10:17:04 [INFO] [ms_multi_process.py:64] - SocProfilerParser process data finished, execute time is 0.009 s
2026-10-09 10:17:04 [INFO] [ms_time_parser.py:107] - Parsing sync data finished...
2026-10-09 10:17:04 [WARNING] [data_preparation_parser.py:92] - No data preparation data, data list is empty!
2026-10-09 10:17:04 [INFO] [data_preparation_parser.py:105] - Parsing data preparation has finished.
2026-10-09 10:17:04 [INFO] [ms_multi_process.py:64] - DataPreparationParser process data finished, execute time is 0.008 s
2026-10-09 10:17:04 [INFO] [ms_multi_process.py:64] - ParallelStrategyParser process data finished, execute time is 0.007 s
2026-10-09 10:17:04 [INFO] [ms_multi_process.py:64] - NpuMemParser process data finished, execute time is 0.007 s
2026-10-09 10:17:04 [INFO] [ms_multi_process.py:64] - MsTimeParser process data finished, execute time is 0.013 s
2026-10-09 10:17:04 [INFO] [ms_multi_process.py:64] - NpuModuleMemParser process data finished, execute time is 0.007 s
2026-10-09 10:17:04 [INFO] [ms_multi_process.py:64] - AicpuAddInfoParser process data finished, execute time is 0.007 s
2026-10-09 10:17:04 [INFO] [ms_multi_process.py:64] - NetDevStatsParser process data finished, execute time is 0.007 s
2026-10-09 10:17:04 [INFO] [ts_track_parser.py:88] - start parsing rts data file: ts_track.data.4.slice_0
2026-10-09 10:17:04 [INFO] [ms_multi_process.py:64] - TstrackParser process data finished, execute time is 0.013 s
2026-10-09 10:17:04 [WARNING] [base_model.py:63] - Table step_trace_data not found.
2026-10-09 10:17:04 [INFO] [ms_multi_process.py:64] - HCCLOperatiorParser process data finished, execute time is 0.006 s
2026-10-09 10:17:04 [INFO] [ms_multi_process.py:64] - AicpuBinDataParser process data finished, execute time is 0.007 s
2026-10-09 10:17:04 [INFO] [ms_multi_process.py:64] - ParallelParser process data finished, execute time is 0.006 s
2026-10-09 10:17:04 [INFO] [msprof_c_interface.py:28] - Device Data will be parsed by msprof_analysis.so!
2026-10-09 10:17:04 [WARNING] [base_model.py:63] - Table step_trace_data not found.
2026-10-09 10:17:04 [WARNING] [base_model.py:63] - Table step_trace_data not found.
2026-10-09 10:17:04 [INFO] [profiling_scene.py:70] - Current scene of data is based on single_op
2026-10-09 10:17:05 [INFO] [ms_multi_process.py:64] - L2CacheCalculator process data finished, execute time is 0.007 s
2026-10-09 10:17:05 [WARNING] [base_model.py:63] - Table TsBlockDim not found.
2026-10-09 10:17:05 [INFO] [ms_multi_process.py:64] - BlockDimCalculator process data finished, execute time is 0.014 s
2026-10-09 10:17:05 [INFO] [ms_multi_process.py:64] - MemcpyCalculator process data finished, execute time is 0.009 s
2026-10-09 10:17:05 [INFO] [ms_multi_process.py:64] - StarsIterRecCalculator process data finished, execute time is 0.007 s
2026-10-09 10:17:05 [WARNING] [biu_monitor_calculator.py:98] - Biu flow data or biu cycles data list is empty!
2026-10-09 10:17:05 [WARNING] [biu_monitor_calculator.py:98] - Biu flow data or biu cycles data list is empty!
2026-10-09 10:17:05 [INFO] [ms_multi_process.py:64] - BiuPerfCalculator process data finished, execute time is 0.010 s
2026-10-09 10:17:05 [INFO] [ms_multi_process.py:64] - KfcCalculator process data finished, execute time is 0.009 s
2026-10-09 10:17:05 [INFO] [ms_multi_process.py:64] - ParseAiCoreOpSummaryCalculator process data finished, execute time is 0.008 s
2026-10-09 10:17:05 [INFO] [ms_multi_process.py:64] - MergeOpCounterCalculator process data finished, execute time is 0.007 s
2026-10-09 10:17:05 [WARNING] [op_summary_op_scene_calculator.py:211] - unable to create ai core metrics table
2026-10-09 10:17:05 [INFO] [ms_multi_process.py:64] - OpCounterOpSceneCalculator process data finished, execute time is 0.024 s
2026-10-09 10:17:05 [INFO] [ms_multi_process.py:64] - OpSummaryOpSceneCalculator process data finished, execute time is 0.038 s
2026-10-09 10:17:05 [INFO] [msprof_c_interface.py:42] - Data will be export by msprof_analysis.so!
2026-10-09 10:17:06 [WARNING] [file_manager.py:86] - Data has been analyzed, path is /home/data4t2/lelinfeng/server_runs/W4-R12/candidate-v001-20261009/profiles/P1-msprof/PROF_000001_20261009101701704_DHDMBFEJARIPJMIC/device_4, there are ['time.db', 'ai_core_op_summary.db', 'biu_perf.db', 'ascend_task.db', 'op_counter.db', 'step_trace.db'] in sqlite.
2026-10-09 10:17:06 [WARNING] [msprof_export.py:445] - File all_file.complete already exists. All data will be exported from db in sqlite. Path is /home/data4t2/lelinfeng/server_runs/W4-R12/candidate-v001-20261009/profiles/P1-msprof/PROF_000001_20261009101701704_DHDMBFEJARIPJMIC/device_4 
2026-10-09 10:17:06 [WARNING] [base_model.py:63] - Table step_trace_data not found.
2026-10-09 10:17:06 [WARNING] [base_model.py:63] - Table step_trace_data not found.
2026-10-09 10:17:06 [INFO] [profiling_scene.py:70] - Current scene of data is based on single_op
2026-10-09 10:17:06 [INFO] [ms_multi_process.py:64] - L2CacheCalculator process data finished, execute time is 0.007 s
2026-10-09 10:17:06 [WARNING] [biu_monitor_calculator.py:98] - Biu flow data or biu cycles data list is empty!
2026-10-09 10:17:06 [WARNING] [biu_monitor_calculator.py:98] - Biu flow data or biu cycles data list is empty!
2026-10-09 10:17:06 [INFO] [ms_multi_process.py:64] - BiuPerfCalculator process data finished, execute time is 0.008 s
2026-10-09 10:17:06 [INFO] [ms_multi_process.py:64] - StarsIterRecCalculator process data finished, execute time is 0.007 s
2026-10-09 10:17:06 [INFO] [ms_multi_process.py:64] - MemcpyCalculator process data finished, execute time is 0.009 s
2026-10-09 10:17:06 [WARNING] [base_model.py:63] - Table TsBlockDim not found.
2026-10-09 10:17:06 [INFO] [ms_multi_process.py:64] - BlockDimCalculator process data finished, execute time is 0.014 s
2026-10-09 10:17:06 [INFO] [ms_multi_process.py:64] - KfcCalculator process data finished, execute time is 0.006 s
2026-10-09 10:17:06 [INFO] [op_summary_op_scene_calculator.py:67] - The db ai_core_op_summary.db already exists, and won't create again.
2026-10-09 10:17:06 [INFO] [ms_multi_process.py:64] - OpSummaryOpSceneCalculator process data finished, execute time is 0.007 s
2026-10-09 10:17:06 [INFO] [ms_multi_process.py:64] - ParseAiCoreOpSummaryCalculator process data finished, execute time is 0.008 s
2026-10-09 10:17:06 [INFO] [ms_multi_process.py:64] - MergeOpCounterCalculator process data finished, execute time is 0.007 s
2026-10-09 10:17:06 [INFO] [ms_multi_process.py:64] - OpCounterOpSceneCalculator process data finished, execute time is 0.006 s
2026-10-09 10:17:06 [INFO] [msprof_c_interface.py:49] - Summary will be export by msprof_analysis.so!
2026-10-09 10:17:06 [WARNING] [base_model.py:63] - Table step_trace_data not found.
2026-10-09 10:17:06 [WARNING] [base_model.py:63] - Table step_trace_data not found.
2026-10-09 10:17:06 [INFO] [profiling_scene.py:70] - Current scene of data is based on single_op
