CMake Warning at /usr/local/Ascend/ascend-toolkit/latest/aarch64-linux/tikcpp/ascendc_kernel_cmake/ASC_CMake/CMakeDetermineASCCompiler.cmake:7 (message):
  ASCEND_CANN_PACKAGE_PATH is not set.  Set to env variable ASCEND_HOME_PATH.
Call Stack (most recent call first):
  CMakeLists.txt:11 (project)


-- CMAKE_ASC_COMPILER: /usr/local/Ascend/ascend-toolkit/latest/compiler/ccec_compiler/bin/bisheng
CMake Warning at /usr/local/Ascend/ascend-toolkit/latest/aarch64-linux/tikcpp/ascendc_kernel_cmake/ASC_CMake/CMakeDetermineASCCompiler.cmake:57 (message):
  CMAKE_INSTALL_PREFIX is not set.  Set to default value
  /home/data4t2/lelinfeng/cann-r-w4-4/本地实验/R-W4-4/V037/partial-ranking/stage/out.
Call Stack (most recent call first):
  CMakeLists.txt:11 (project)


-- CMAKE_BUILD_TYPE: Release
-- CMAKE_INSTALL_PREFIX: /home/data4t2/lelinfeng/cann-r-w4-4/本地实验/R-W4-4/V037/partial-ranking/stage/out
-- ASCEND_CANN_PACKAGE_PATH: /usr/local/Ascend/ascend-toolkit/latest
-- CMAKE_ASC_LLD_LINKER: /usr/local/Ascend/ascend-toolkit/latest/tools/ccec_compiler/bin/ld.lld
-- The CXX compiler identification is GNU 11.4.0
-- Detecting CXX compiler ABI info
-- Detecting CXX compiler ABI info - done
-- Check for working CXX compiler: /usr/bin/c++ - skipped
-- Detecting CXX compile features
-- Detecting CXX compile features - done
-- Configuring done
-- Generating done
-- Build files have been written to: /home/data4t2/lelinfeng/cann-r-w4-4/本地实验/R-W4-4/V037/partial-ranking/stage/build-v037
[ 50%] Building ASC object CMakeFiles/clx_parent_probe.dir/runner_parent.asc.o
/home/data4t2/lelinfeng/cann-r-w4-4/本地实验/R-W4-4/V037/partial-ranking/stage/runner_parent.asc:2:10: fatal error: 'runner_main.inc' file not found
#include "runner_main.inc"
         ^~~~~~~~~~~~~~~~~
1 error generated.
gmake[3]: *** [CMakeFiles/clx_parent_probe.dir/build.make:76: CMakeFiles/clx_parent_probe.dir/runner_parent.asc.o] Error 1
gmake[2]: *** [CMakeFiles/Makefile2:173: CMakeFiles/clx_parent_probe.dir/all] Error 2
gmake[1]: *** [CMakeFiles/Makefile2:180: CMakeFiles/clx_parent_probe.dir/rule] Error 2
gmake: *** [Makefile:163: clx_parent_probe] Error 2

V037_PROBE_BUILD_RETRY1_RC=2
