V037_CORRECTNESS_START_UTC=2026-10-07T16:16:26.548007860Z
HOST=hwnput3
DEVICE=4
PARENT=R31B-V011
CANDIDATE_SHA256=b165a8d60e03ad620dc8129b97b433a2a18970b03ca43b539a0b19c2cb5e9f3c
DTYPE=FP32
SHAPES=128x2040,128x2048,128x2056
C15=EXCLUDED
RUN_BEGIN 2026-10-07T16:16:26.553806991Z parent 2040
REF_HARNESS device=4 shape=128x2040 dtype=0 warmup=0 samples=1 blocks=1 bad=0
method	DEVICE_EVENT_PRIMARY+HOST_WALL_SECONDARY
device	4
dtype	0
rows	128
width	2040
warmup	0
samples_per_block	1
blocks	1
gap_sec	0
batch_n	1
bad	0
max_abs	2.14577e-06
B1_DEVICE	median_us	121435
B1_DEVICE	mean_us	121435
B1_DEVICE	stdev_us	0
B1_DEVICE	MAD_us	0
B1_DEVICE	p10_us	121435
B1_DEVICE	p90_us	121435
B1_DEVICE	min_us	121435
B1_DEVICE	max_us	121435
B1_DEVICE	abs_spread_us	0
B1_DEVICE	CV	0
B1_DEVICE	max_min	1
B1_DEVICE	n	1
B1_WALL	median_us	121615
B1_WALL	mean_us	121615
B1_WALL	stdev_us	0
B1_WALL	MAD_us	0
B1_WALL	p10_us	121615
B1_WALL	p90_us	121615
B1_WALL	min_us	121615
B1_WALL	max_us	121615
B1_WALL	abs_spread_us	0
B1_WALL	CV	0
B1_WALL	max_min	1
B1_WALL	n	1
ALL_DEVICE	median_us	121435
ALL_DEVICE	mean_us	121435
ALL_DEVICE	stdev_us	0
ALL_DEVICE	MAD_us	0
ALL_DEVICE	p10_us	121435
ALL_DEVICE	p90_us	121435
ALL_DEVICE	min_us	121435
ALL_DEVICE	max_us	121435
ALL_DEVICE	abs_spread_us	0
ALL_DEVICE	CV	0
ALL_DEVICE	max_min	1
ALL_DEVICE	n	1
ALL_WALL	median_us	121615
ALL_WALL	mean_us	121615
ALL_WALL	stdev_us	0
ALL_WALL	MAD_us	0
ALL_WALL	p10_us	121615
ALL_WALL	p90_us	121615
ALL_WALL	min_us	121615
ALL_WALL	max_us	121615
ALL_WALL	abs_spread_us	0
ALL_WALL	CV	0
ALL_WALL	max_min	1
ALL_WALL	n	1
RUN_END rc=0 prefix=本地实验/R-W4-4/V037/partial-ranking/parent-correctness-r128-w2040-fp32
RUN_BEGIN 2026-10-07T16:16:32.897734905Z candidate 2040
REF_HARNESS device=4 shape=128x2040 dtype=0 warmup=0 samples=1 blocks=1 bad=0
method	DEVICE_EVENT_PRIMARY+HOST_WALL_SECONDARY
device	4
dtype	0
rows	128
width	2040
warmup	0
samples_per_block	1
blocks	1
gap_sec	0
batch_n	1
bad	0
max_abs	2.14577e-06
B1_DEVICE	median_us	136596
B1_DEVICE	mean_us	136596
B1_DEVICE	stdev_us	0
B1_DEVICE	MAD_us	0
B1_DEVICE	p10_us	136596
B1_DEVICE	p90_us	136596
B1_DEVICE	min_us	136596
B1_DEVICE	max_us	136596
B1_DEVICE	abs_spread_us	0
B1_DEVICE	CV	0
B1_DEVICE	max_min	1
B1_DEVICE	n	1
B1_WALL	median_us	136783
B1_WALL	mean_us	136783
B1_WALL	stdev_us	0
B1_WALL	MAD_us	0
B1_WALL	p10_us	136783
B1_WALL	p90_us	136783
B1_WALL	min_us	136783
B1_WALL	max_us	136783
B1_WALL	abs_spread_us	0
B1_WALL	CV	0
B1_WALL	max_min	1
B1_WALL	n	1
ALL_DEVICE	median_us	136596
ALL_DEVICE	mean_us	136596
ALL_DEVICE	stdev_us	0
ALL_DEVICE	MAD_us	0
ALL_DEVICE	p10_us	136596
ALL_DEVICE	p90_us	136596
ALL_DEVICE	min_us	136596
ALL_DEVICE	max_us	136596
ALL_DEVICE	abs_spread_us	0
ALL_DEVICE	CV	0
ALL_DEVICE	max_min	1
ALL_DEVICE	n	1
ALL_WALL	median_us	136783
ALL_WALL	mean_us	136783
ALL_WALL	stdev_us	0
ALL_WALL	MAD_us	0
ALL_WALL	p10_us	136783
ALL_WALL	p90_us	136783
ALL_WALL	min_us	136783
ALL_WALL	max_us	136783
ALL_WALL	abs_spread_us	0
ALL_WALL	CV	0
ALL_WALL	max_min	1
ALL_WALL	n	1
RUN_END rc=0 prefix=本地实验/R-W4-4/V037/partial-ranking/candidate-correctness-r128-w2040-fp32
RUN_BEGIN 2026-10-07T16:16:40.633949662Z parent 2048
REF_HARNESS device=4 shape=128x2048 dtype=0 warmup=0 samples=1 blocks=1 bad=0
method	DEVICE_EVENT_PRIMARY+HOST_WALL_SECONDARY
device	4
dtype	0
rows	128
width	2048
warmup	0
samples_per_block	1
blocks	1
gap_sec	0
batch_n	1
bad	0
max_abs	2.14577e-06
B1_DEVICE	median_us	138353
B1_DEVICE	mean_us	138353
B1_DEVICE	stdev_us	0
B1_DEVICE	MAD_us	0
B1_DEVICE	p10_us	138353
B1_DEVICE	p90_us	138353
B1_DEVICE	min_us	138353
B1_DEVICE	max_us	138353
B1_DEVICE	abs_spread_us	0
B1_DEVICE	CV	0
B1_DEVICE	max_min	1
B1_DEVICE	n	1
B1_WALL	median_us	138526
B1_WALL	mean_us	138526
B1_WALL	stdev_us	0
B1_WALL	MAD_us	0
B1_WALL	p10_us	138526
B1_WALL	p90_us	138526
B1_WALL	min_us	138526
B1_WALL	max_us	138526
B1_WALL	abs_spread_us	0
B1_WALL	CV	0
B1_WALL	max_min	1
B1_WALL	n	1
ALL_DEVICE	median_us	138353
ALL_DEVICE	mean_us	138353
ALL_DEVICE	stdev_us	0
ALL_DEVICE	MAD_us	0
ALL_DEVICE	p10_us	138353
ALL_DEVICE	p90_us	138353
ALL_DEVICE	min_us	138353
ALL_DEVICE	max_us	138353
ALL_DEVICE	abs_spread_us	0
ALL_DEVICE	CV	0
ALL_DEVICE	max_min	1
ALL_DEVICE	n	1
ALL_WALL	median_us	138526
ALL_WALL	mean_us	138526
ALL_WALL	stdev_us	0
ALL_WALL	MAD_us	0
ALL_WALL	p10_us	138526
ALL_WALL	p90_us	138526
ALL_WALL	min_us	138526
ALL_WALL	max_us	138526
ALL_WALL	abs_spread_us	0
ALL_WALL	CV	0
ALL_WALL	max_min	1
ALL_WALL	n	1
RUN_END rc=0 prefix=本地实验/R-W4-4/V037/partial-ranking/parent-correctness-r128-w2048-fp32
RUN_BEGIN 2026-10-07T16:16:46.982972824Z candidate 2048
REF_HARNESS device=4 shape=128x2048 dtype=0 warmup=0 samples=1 blocks=1 bad=0
method	DEVICE_EVENT_PRIMARY+HOST_WALL_SECONDARY
device	4
dtype	0
rows	128
width	2048
warmup	0
samples_per_block	1
blocks	1
gap_sec	0
batch_n	1
bad	0
max_abs	2.14577e-06
B1_DEVICE	median_us	143239
B1_DEVICE	mean_us	143239
B1_DEVICE	stdev_us	0
B1_DEVICE	MAD_us	0
B1_DEVICE	p10_us	143239
B1_DEVICE	p90_us	143239
B1_DEVICE	min_us	143239
B1_DEVICE	max_us	143239
B1_DEVICE	abs_spread_us	0
B1_DEVICE	CV	0
B1_DEVICE	max_min	1
B1_DEVICE	n	1
B1_WALL	median_us	143481
B1_WALL	mean_us	143481
B1_WALL	stdev_us	0
B1_WALL	MAD_us	0
B1_WALL	p10_us	143481
B1_WALL	p90_us	143481
B1_WALL	min_us	143481
B1_WALL	max_us	143481
B1_WALL	abs_spread_us	0
B1_WALL	CV	0
B1_WALL	max_min	1
B1_WALL	n	1
ALL_DEVICE	median_us	143239
ALL_DEVICE	mean_us	143239
ALL_DEVICE	stdev_us	0
ALL_DEVICE	MAD_us	0
ALL_DEVICE	p10_us	143239
ALL_DEVICE	p90_us	143239
ALL_DEVICE	min_us	143239
ALL_DEVICE	max_us	143239
ALL_DEVICE	abs_spread_us	0
ALL_DEVICE	CV	0
ALL_DEVICE	max_min	1
ALL_DEVICE	n	1
ALL_WALL	median_us	143481
ALL_WALL	mean_us	143481
ALL_WALL	stdev_us	0
ALL_WALL	MAD_us	0
ALL_WALL	p10_us	143481
ALL_WALL	p90_us	143481
ALL_WALL	min_us	143481
ALL_WALL	max_us	143481
ALL_WALL	abs_spread_us	0
ALL_WALL	CV	0
ALL_WALL	max_min	1
ALL_WALL	n	1
RUN_END rc=0 prefix=本地实验/R-W4-4/V037/partial-ranking/candidate-correctness-r128-w2048-fp32
RUN_BEGIN 2026-10-07T16:16:54.925597952Z parent 2056
REF_HARNESS device=4 shape=128x2056 dtype=0 warmup=0 samples=1 blocks=1 bad=0
method	DEVICE_EVENT_PRIMARY+HOST_WALL_SECONDARY
device	4
dtype	0
rows	128
width	2056
warmup	0
samples_per_block	1
blocks	1
gap_sec	0
batch_n	1
bad	0
max_abs	2.38419e-06
B1_DEVICE	median_us	136460
B1_DEVICE	mean_us	136460
B1_DEVICE	stdev_us	0
B1_DEVICE	MAD_us	0
B1_DEVICE	p10_us	136460
B1_DEVICE	p90_us	136460
B1_DEVICE	min_us	136460
B1_DEVICE	max_us	136460
B1_DEVICE	abs_spread_us	0
B1_DEVICE	CV	0
B1_DEVICE	max_min	1
B1_DEVICE	n	1
B1_WALL	median_us	136627
B1_WALL	mean_us	136627
B1_WALL	stdev_us	0
B1_WALL	MAD_us	0
B1_WALL	p10_us	136627
B1_WALL	p90_us	136627
B1_WALL	min_us	136627
B1_WALL	max_us	136627
B1_WALL	abs_spread_us	0
B1_WALL	CV	0
B1_WALL	max_min	1
B1_WALL	n	1
ALL_DEVICE	median_us	136460
ALL_DEVICE	mean_us	136460
ALL_DEVICE	stdev_us	0
ALL_DEVICE	MAD_us	0
ALL_DEVICE	p10_us	136460
ALL_DEVICE	p90_us	136460
ALL_DEVICE	min_us	136460
ALL_DEVICE	max_us	136460
ALL_DEVICE	abs_spread_us	0
ALL_DEVICE	CV	0
ALL_DEVICE	max_min	1
ALL_DEVICE	n	1
ALL_WALL	median_us	136627
ALL_WALL	mean_us	136627
ALL_WALL	stdev_us	0
ALL_WALL	MAD_us	0
ALL_WALL	p10_us	136627
ALL_WALL	p90_us	136627
ALL_WALL	min_us	136627
ALL_WALL	max_us	136627
ALL_WALL	abs_spread_us	0
ALL_WALL	CV	0
ALL_WALL	max_min	1
ALL_WALL	n	1
RUN_END rc=0 prefix=本地实验/R-W4-4/V037/partial-ranking/parent-correctness-r128-w2056-fp32
RUN_BEGIN 2026-10-07T16:17:02.866389375Z candidate 2056
REF_HARNESS device=4 shape=128x2056 dtype=0 warmup=0 samples=1 blocks=1 bad=0
method	DEVICE_EVENT_PRIMARY+HOST_WALL_SECONDARY
device	4
dtype	0
rows	128
width	2056
warmup	0
samples_per_block	1
blocks	1
gap_sec	0
batch_n	1
bad	0
max_abs	2.38419e-06
B1_DEVICE	median_us	143305
B1_DEVICE	mean_us	143305
B1_DEVICE	stdev_us	0
B1_DEVICE	MAD_us	0
B1_DEVICE	p10_us	143305
B1_DEVICE	p90_us	143305
B1_DEVICE	min_us	143305
B1_DEVICE	max_us	143305
B1_DEVICE	abs_spread_us	0
B1_DEVICE	CV	0
B1_DEVICE	max_min	1
B1_DEVICE	n	1
B1_WALL	median_us	143481
B1_WALL	mean_us	143481
B1_WALL	stdev_us	0
B1_WALL	MAD_us	0
B1_WALL	p10_us	143481
B1_WALL	p90_us	143481
B1_WALL	min_us	143481
B1_WALL	max_us	143481
B1_WALL	abs_spread_us	0
B1_WALL	CV	0
B1_WALL	max_min	1
B1_WALL	n	1
ALL_DEVICE	median_us	143305
ALL_DEVICE	mean_us	143305
ALL_DEVICE	stdev_us	0
ALL_DEVICE	MAD_us	0
ALL_DEVICE	p10_us	143305
ALL_DEVICE	p90_us	143305
ALL_DEVICE	min_us	143305
ALL_DEVICE	max_us	143305
ALL_DEVICE	abs_spread_us	0
ALL_DEVICE	CV	0
ALL_DEVICE	max_min	1
ALL_DEVICE	n	1
ALL_WALL	median_us	143481
ALL_WALL	mean_us	143481
ALL_WALL	stdev_us	0
ALL_WALL	MAD_us	0
ALL_WALL	p10_us	143481
ALL_WALL	p90_us	143481
ALL_WALL	min_us	143481
ALL_WALL	max_us	143481
ALL_WALL	abs_spread_us	0
ALL_WALL	CV	0
ALL_WALL	max_min	1
ALL_WALL	n	1
RUN_END rc=0 prefix=本地实验/R-W4-4/V037/partial-ranking/candidate-correctness-r128-w2056-fp32
V037_CORRECTNESS_END_UTC=2026-10-07T16:17:11.585316697Z
