HOST=hwnput3
2026-09-23T22:04:17+00:00
awk: cmd. line:1: {print \}
awk: cmd. line:1:        ^ backslash not last character on line
awk: cmd. line:1: {print \}
awk: cmd. line:1:        ^ syntax error
RUNNER_SHA=
awk: cmd. line:1: {print \}
awk: cmd. line:1:        ^ backslash not last character on line
awk: cmd. line:1: {print \}
awk: cmd. line:1:        ^ syntax error
SUBMISSION_SHA=
LOAD=LOAD_CONTAMINATED
+------------------------------------------------------------------------------------------------+
| npu-smi 25.0.rc1.1               Version: 25.0.rc1.1                                           |
+---------------------------+---------------+----------------------------------------------------+
| NPU   Name                | Health        | Power(W)    Temp(C)           Hugepages-Usage(page)|
| Chip                      | Bus-Id        | AICore(%)   Memory-Usage(MB)  HBM-Usage(MB)        |
+===========================+===============+====================================================+
| 0     910B3               | OK            | 93.0        36                0    / 0             |
| 0                         | 0000:C1:00.0  | 0           0    / 0          59957/ 65536         |
+===========================+===============+====================================================+
| 1     910B3               | OK            | 90.4        36                0    / 0             |
| 0                         | 0000:C2:00.0  | 0           0    / 0          60006/ 65536         |
+===========================+===============+====================================================+
| 2     910B3               | OK            | 88.2        37                0    / 0             |
| 0                         | 0000:81:00.0  | 0           0    / 0          59949/ 65536         |
+===========================+===============+====================================================+
| 3     910B3               | OK            | 92.4        36                0    / 0             |
| 0                         | 0000:82:00.0  | 0           0    / 0          59951/ 65536         |
+===========================+===============+====================================================+
| 4     910B3               | OK            | 90.8        39                0    / 0             |
| 0                         | 0000:01:00.0  | 0           0    / 0          59188/ 65536         |
+===========================+===============+====================================================+
| 5     910B3               | OK            | 92.8        37                0    / 0             |
| 0                         | 0000:02:00.0  | 0           0    / 0          59877/ 65536         |
+===========================+===============+====================================================+
| 6     910B3               | OK            | 96.0        40                0    / 0             |
| 0                         | 0000:41:00.0  | 0           0    / 0          59876/ 65536         |
+===========================+===============+====================================================+
| 7     910B3               | OK            | 104.0       40                0    / 0             |
| 0                         | 0000:42:00.0  | 0           0    / 0          65533/ 65536         |
+===========================+===============+====================================================+
+---------------------------+---------------+----------------------------------------------------+
| NPU     Chip              | Process id    | Process name             | Process memory(MB)      |
+===========================+===============+====================================================+
| 0       0                 | 89395         | VLLMWorker_TP            | 56434                   |
+===========================+===============+====================================================+
| 1       0                 | 91055         | VLLMWorker_TP            | 56434                   |
+===========================+===============+====================================================+
| 2       0                 | 92813         | VLLMWorker_TP            | 56435                   |
+===========================+===============+====================================================+
| 3       0                 | 94498         | VLLMWorker_TP            | 56435                   |
+===========================+===============+====================================================+
| 4       0                 | 2999855       | VLLMEngineCor            | 55664                   |
+===========================+===============+====================================================+
| 5       0                 | 89602         | VLLMWorker_TP            | 56354                   |
+===========================+===============+====================================================+
| 6       0                 | 91228         | VLLMWorker_TP            | 56355                   |
+===========================+===============+====================================================+
| 7       0                 | 3458196       | python                   | 62160                   |
+===========================+===============+====================================================+
CMD=EXT_DIAG_MATRIX=1 EXT_DTYPE=0 ./build3/ext_correctness
TILING_CASE=diag_fp32_d256_rows1_cores1:dtype=0:rows=1:dim=256:cores=1 BLOCK_FACTOR=1 ROW_FACTOR=1 UB_FACTOR=256 ALIGNED_UB_FACTOR=256
SYNC_CASE=diag_fp32_d256_rows1_cores1:dtype=0:rows=1:dim=256:cores=1 ACLRT_SYNC_STATUS=0 ACL_RECENT_ERROR=<null>
CASE=diag_fp32_d256_rows1_cores1 DTYPE=0 ROWS=1 DIM=256 CORES=1 BLOCK_FACTOR=1 ROW_FACTOR=1 UB_FACTOR=256 STATUS=FAIL SYNC_STATUS=0 RECENT_ERROR=<null> MATCHED_RATIO=0.0273438 MAX_ABS_ERROR=2.16395 MAX_ALLOWED=0.0021183
TILING_CASE=diag_fp32_d256_rows1_cores2:dtype=0:rows=1:dim=256:cores=2 BLOCK_FACTOR=1 ROW_FACTOR=1 UB_FACTOR=256 ALIGNED_UB_FACTOR=256
SYNC_CASE=diag_fp32_d256_rows1_cores2:dtype=0:rows=1:dim=256:cores=2 ACLRT_SYNC_STATUS=0 ACL_RECENT_ERROR=<null>
CASE=diag_fp32_d256_rows1_cores2 DTYPE=0 ROWS=1 DIM=256 CORES=2 BLOCK_FACTOR=1 ROW_FACTOR=1 UB_FACTOR=256 STATUS=FAIL SYNC_STATUS=0 RECENT_ERROR=<null> MATCHED_RATIO=0.0273438 MAX_ABS_ERROR=2.03376 MAX_ALLOWED=0.0021183
TILING_CASE=diag_fp32_d256_rows1_cores3:dtype=0:rows=1:dim=256:cores=3 BLOCK_FACTOR=1 ROW_FACTOR=1 UB_FACTOR=256 ALIGNED_UB_FACTOR=256
SYNC_CASE=diag_fp32_d256_rows1_cores3:dtype=0:rows=1:dim=256:cores=3 ACLRT_SYNC_STATUS=0 ACL_RECENT_ERROR=<null>
CASE=diag_fp32_d256_rows1_cores3 DTYPE=0 ROWS=1 DIM=256 CORES=3 BLOCK_FACTOR=1 ROW_FACTOR=1 UB_FACTOR=256 STATUS=FAIL SYNC_STATUS=0 RECENT_ERROR=<null> MATCHED_RATIO=0.0273438 MAX_ABS_ERROR=2.16133 MAX_ALLOWED=0.0021183
TILING_CASE=diag_fp32_d256_rows2_cores1:dtype=0:rows=2:dim=256:cores=1 BLOCK_FACTOR=1 ROW_FACTOR=2 UB_FACTOR=256 ALIGNED_UB_FACTOR=256
SYNC_CASE=diag_fp32_d256_rows2_cores1:dtype=0:rows=2:dim=256:cores=1 ACLRT_SYNC_STATUS=507035 ACL_RECENT_ERROR=EZ9999: Inner Error!
EZ9999[PID: 3315745] 2026-09-23-22:04:21.496.355 (EZ9999):  The error from device(chipId:0, dieId:0), serial number is 82, there is an exception of aivec error, core id is 45, error code = 0, dump info: pc start: 0x124000000000, current: 0x124000000468, vec error info: 0x1000000fe, mte error info: 0x2a030000dd, ifu error info: 0x7cfe02237bc40, ccu error info: 0x7de2410147c61202, cube error info: 0, biu error info: 0, aic error mask: 0x6500020bd00028c, para base: 0x12c100000000.[FUNC:ProcessStarsCoreErrorInfo][FILE:device_error_core_proc.cc][LINE:332]
        TraceBack (most recent call last):
       The extend info: errcode:(0, 0x800, 0) errorStr: The UB address accessed by the VEC instruction is not aligned. fixp_error0 info: 0x30000dd, fixp_error1 info: 0x2a, fsmId:0, tslot:7, thread:0, ctxid:0, blk:0, sublk:0, subErrType:4.[FUNC:ProcessStarsCoreErrorInfo][FILE:device_error_core_proc.cc][LINE:352]
       Kernel task happen error, retCode=0x31, [vector core exception].[FUNC:PreCheckTaskErr][FILE:davinci_kernel_task.cc][LINE:1502]
       AIV Kernel happen error, retCode=0x31.[FUNC:GetError][FILE:stream.cc][LINE:1303]
       [AIC_INFO] after execute:args print end[FUNC:GetError][FILE:stream.cc][LINE:1303]
       [DFX_INFO]Aicore kernel execute failed, device_id=0, stream_id=569, report_stream_id=569, task_id=4, flip_num=0, fault kernel_name=_ZN12ext_ascend_x19ext_ascend_x_kernelIfEEvPhS1_S1_S1_S1_jjfS1_, fault kernel info ext=_ZN12ext_ascend_x19ext_ascend_x_kernelIfEEvPhS1_S1_S1_S1_jjfS1_, program id=0, hash=8420873864885178265.[FUNC:GetError][FILE:stream.cc][LINE:1303]
       rtStreamSynchronize execute failed, reason=[vector core exception][FUNC:FuncErrorReason][FILE:error_message_manage.cc][LINE:53]
       synchronize stream failed, runtime result = 507035[FUNC:ReportCallError][FILE:log_inner.cpp][LINE:162]

CASE=diag_fp32_d256_rows2_cores1 DTYPE=0 ROWS=2 DIM=256 CORES=1 BLOCK_FACTOR=1 ROW_FACTOR=2 UB_FACTOR=256 STATUS=FAIL SYNC_STATUS=507035 RECENT_ERROR=EZ9999: Inner Error!
EZ9999[PID: 3315745] 2026-09-23-22:04:21.496.355 (EZ9999):  The error from device(chipId:0, dieId:0), serial number is 82, there is an exception of aivec error, core id is 45, error code = 0, dump info: pc start: 0x124000000000, current: 0x124000000468, vec error info: 0x1000000fe, mte error info: 0x2a030000dd, ifu error info: 0x7cfe02237bc40, ccu error info: 0x7de2410147c61202, cube error info: 0, biu error info: 0, aic error mask: 0x6500020bd00028c, para base: 0x12c100000000.[FUNC:ProcessStarsCoreErrorInfo][FILE:device_error_core_proc.cc][LINE:332]
        TraceBack (most recent call last):
       The extend info: errcode:(0, 0x800, 0) errorStr: The UB address accessed by the VEC instruction is not aligned. fixp_error0 info: 0x30000dd, fixp_error1 info: 0x2a, fsmId:0, tslot:7, thread:0, ctxid:0, blk:0, sublk:0, subErrType:4.[FUNC:ProcessStarsCoreErrorInfo][FILE:device_error_core_proc.cc][LINE:352]
       Kernel task happen error, retCode=0x31, [vector core exception].[FUNC:PreCheckTaskErr][FILE:davinci_kernel_task.cc][LINE:1502]
       AIV Kernel happen error, retCode=0x31.[FUNC:GetError][FILE:stream.cc][LINE:1303]
       [AIC_INFO] after execute:args print end[FUNC:GetError][FILE:stream.cc][LINE:1303]
       [DFX_INFO]Aicore kernel execute failed, device_id=0, stream_id=569, report_stream_id=569, task_id=4, flip_num=0, fault kernel_name=_ZN12ext_ascend_x19ext_ascend_x_kernelIfEEvPhS1_S1_S1_S1_jjfS1_, fault kernel info ext=_ZN12ext_ascend_x19ext_ascend_x_kernelIfEEvPhS1_S1_S1_S1_jjfS1_, program id=0, hash=8420873864885178265.[FUNC:GetError][FILE:stream.cc][LINE:1303]
       rtStreamSynchronize execute failed, reason=[vector core exception][FUNC:FuncErrorReason][FILE:error_message_manage.cc][LINE:53]
       synchronize stream failed, runtime result = 507035[FUNC:ReportCallError][FILE:log_inner.cpp][LINE:162]
 MATCHED_RATIO=0.0175781 MAX_ABS_ERROR=2.16133 MAX_ALLOWED=0.0021183
TILING_CASE=diag_fp32_d256_rows2_cores2:dtype=0:rows=2:dim=256:cores=2 BLOCK_FACTOR=2 ROW_FACTOR=1 UB_FACTOR=256 ALIGNED_UB_FACTOR=256
SYNC_CASE=diag_fp32_d256_rows2_cores2:dtype=0:rows=2:dim=256:cores=2 ACLRT_SYNC_STATUS=0 ACL_RECENT_ERROR=<null>
CASE=diag_fp32_d256_rows2_cores2 DTYPE=0 ROWS=2 DIM=256 CORES=2 BLOCK_FACTOR=2 ROW_FACTOR=1 UB_FACTOR=256 STATUS=FAIL SYNC_STATUS=0 RECENT_ERROR=<null> MATCHED_RATIO=0.0234375 MAX_ABS_ERROR=2.16133 MAX_ALLOWED=0.0021183
TILING_CASE=diag_fp32_d256_rows2_cores3:dtype=0:rows=2:dim=256:cores=3 BLOCK_FACTOR=2 ROW_FACTOR=1 UB_FACTOR=256 ALIGNED_UB_FACTOR=256
SYNC_CASE=diag_fp32_d256_rows2_cores3:dtype=0:rows=2:dim=256:cores=3 ACLRT_SYNC_STATUS=0 ACL_RECENT_ERROR=<null>
CASE=diag_fp32_d256_rows2_cores3 DTYPE=0 ROWS=2 DIM=256 CORES=3 BLOCK_FACTOR=2 ROW_FACTOR=1 UB_FACTOR=256 STATUS=FAIL SYNC_STATUS=0 RECENT_ERROR=<null> MATCHED_RATIO=0.0234375 MAX_ABS_ERROR=2.16133 MAX_ALLOWED=0.0021183
TILING_CASE=diag_fp32_d256_rows3_cores1:dtype=0:rows=3:dim=256:cores=1 BLOCK_FACTOR=1 ROW_FACTOR=3 UB_FACTOR=256 ALIGNED_UB_FACTOR=256
SYNC_CASE=diag_fp32_d256_rows3_cores1:dtype=0:rows=3:dim=256:cores=1 ACLRT_SYNC_STATUS=507035 ACL_RECENT_ERROR=EZ9999: Inner Error!
EZ9999[PID: 3315745] 2026-09-23-22:04:21.514.421 (EZ9999):  The error from device(chipId:0, dieId:0), serial number is 83, there is an exception of aivec error, core id is 2, error code = 0, dump info: pc start: 0x124000000000, current: 0x124000000768, vec error info: 0x1000000fe, mte error info: 0x5303000069, ifu error info: 0x270f6813394c0, ccu error info: 0xe244cfc199cdcd6, cube error info: 0, biu error info: 0, aic error mask: 0x6500020bd00028c, para base: 0x12c100000000.[FUNC:ProcessStarsCoreErrorInfo][FILE:device_error_core_proc.cc][LINE:332]
        TraceBack (most recent call last):
       The extend info: errcode:(0, 0x800, 0) errorStr: The UB address accessed by the VEC instruction is not aligned. fixp_error0 info: 0x3000069, fixp_error1 info: 0x53, fsmId:0, tslot:7, thread:0, ctxid:0, blk:0, sublk:0, subErrType:4.[FUNC:ProcessStarsCoreErrorInfo][FILE:device_error_core_proc.cc][LINE:352]
       Kernel task happen error, retCode=0x31, [vector core exception].[FUNC:PreCheckTaskErr][FILE:davinci_kernel_task.cc][LINE:1502]
       AIV Kernel happen error, retCode=0x31.[FUNC:GetError][FILE:stream.cc][LINE:1303]
       [AIC_INFO] after execute:args print end[FUNC:GetError][FILE:stream.cc][LINE:1303]
       [DFX_INFO]Aicore kernel execute failed, device_id=0, stream_id=569, report_stream_id=569, task_id=9, flip_num=0, fault kernel_name=_ZN12ext_ascend_x19ext_ascend_x_kernelIfEEvPhS1_S1_S1_S1_jjfS1_, fault kernel info ext=_ZN12ext_ascend_x19ext_ascend_x_kernelIfEEvPhS1_S1_S1_S1_jjfS1_, program id=0, hash=8420873864885178265.[FUNC:GetError][FILE:stream.cc][LINE:1303]
       rtStreamSynchronize execute failed, reason=[vector core exception][FUNC:FuncErrorReason][FILE:error_message_manage.cc][LINE:53]
       synchronize stream failed, runtime result = 507035[FUNC:ReportCallError][FILE:log_inner.cpp][LINE:162]

CASE=diag_fp32_d256_rows3_cores1 DTYPE=0 ROWS=3 DIM=256 CORES=1 BLOCK_FACTOR=1 ROW_FACTOR=3 UB_FACTOR=256 STATUS=FAIL SYNC_STATUS=507035 RECENT_ERROR=EZ9999: Inner Error!
EZ9999[PID: 3315745] 2026-09-23-22:04:21.514.421 (EZ9999):  The error from device(chipId:0, dieId:0), serial number is 83, there is an exception of aivec error, core id is 2, error code = 0, dump info: pc start: 0x124000000000, current: 0x124000000768, vec error info: 0x1000000fe, mte error info: 0x5303000069, ifu error info: 0x270f6813394c0, ccu error info: 0xe244cfc199cdcd6, cube error info: 0, biu error info: 0, aic error mask: 0x6500020bd00028c, para base: 0x12c100000000.[FUNC:ProcessStarsCoreErrorInfo][FILE:device_error_core_proc.cc][LINE:332]
        TraceBack (most recent call last):
       The extend info: errcode:(0, 0x800, 0) errorStr: The UB address accessed by the VEC instruction is not aligned. fixp_error0 info: 0x3000069, fixp_error1 info: 0x53, fsmId:0, tslot:7, thread:0, ctxid:0, blk:0, sublk:0, subErrType:4.[FUNC:ProcessStarsCoreErrorInfo][FILE:device_error_core_proc.cc][LINE:352]
       Kernel task happen error, retCode=0x31, [vector core exception].[FUNC:PreCheckTaskErr][FILE:davinci_kernel_task.cc][LINE:1502]
       AIV Kernel happen error, retCode=0x31.[FUNC:GetError][FILE:stream.cc][LINE:1303]
       [AIC_INFO] after execute:args print end[FUNC:GetError][FILE:stream.cc][LINE:1303]
       [DFX_INFO]Aicore kernel execute failed, device_id=0, stream_id=569, report_stream_id=569, task_id=9, flip_num=0, fault kernel_name=_ZN12ext_ascend_x19ext_ascend_x_kernelIfEEvPhS1_S1_S1_S1_jjfS1_, fault kernel info ext=_ZN12ext_ascend_x19ext_ascend_x_kernelIfEEvPhS1_S1_S1_S1_jjfS1_, program id=0, hash=8420873864885178265.[FUNC:GetError][FILE:stream.cc][LINE:1303]
       rtStreamSynchronize execute failed, reason=[vector core exception][FUNC:FuncErrorReason][FILE:error_message_manage.cc][LINE:53]
       synchronize stream failed, runtime result = 507035[FUNC:ReportCallError][FILE:log_inner.cpp][LINE:162]
 MATCHED_RATIO=0.0169271 MAX_ABS_ERROR=2.41558 MAX_ALLOWED=0.00237422
TILING_CASE=diag_fp32_d256_rows3_cores2:dtype=0:rows=3:dim=256:cores=2 BLOCK_FACTOR=2 ROW_FACTOR=2 UB_FACTOR=256 ALIGNED_UB_FACTOR=256
SYNC_CASE=diag_fp32_d256_rows3_cores2:dtype=0:rows=3:dim=256:cores=2 ACLRT_SYNC_STATUS=507035 ACL_RECENT_ERROR=EZ9999: Inner Error!
EZ9999[PID: 3315745] 2026-09-23-22:04:21.531.032 (EZ9999):  The error from device(chipId:0, dieId:0), serial number is 84, there is an exception of aivec error, core id is 3, error code = 0, dump info: pc start: 0x124000000000, current: 0x124000000468, vec error info: 0x1000000fe, mte error info: 0x2903000084, ifu error info: 0x698101782c100, ccu error info: 0x1e69ea8139e40711, cube error info: 0, biu error info: 0, aic error mask: 0x6500020bd00028c, para base: 0x12c100000000.[FUNC:ProcessStarsCoreErrorInfo][FILE:device_error_core_proc.cc][LINE:332]
        TraceBack (most recent call last):
       The extend info: errcode:(0, 0x800, 0) errorStr: The UB address accessed by the VEC instruction is not aligned. fixp_error0 info: 0x3000084, fixp_error1 info: 0x29, fsmId:0, tslot:7, thread:0, ctxid:0, blk:0, sublk:0, subErrType:4.[FUNC:ProcessStarsCoreErrorInfo][FILE:device_error_core_proc.cc][LINE:352]
       Kernel task happen error, retCode=0x31, [vector core exception].[FUNC:PreCheckTaskErr][FILE:davinci_kernel_task.cc][LINE:1502]
       AIV Kernel happen error, retCode=0x31.[FUNC:GetError][FILE:stream.cc][LINE:1303]
       [AIC_INFO] after execute:args print end[FUNC:GetError][FILE:stream.cc][LINE:1303]
       [DFX_INFO]Aicore kernel execute failed, device_id=0, stream_id=569, report_stream_id=569, task_id=11, flip_num=0, fault kernel_name=_ZN12ext_ascend_x19ext_ascend_x_kernelIfEEvPhS1_S1_S1_S1_jjfS1_, fault kernel info ext=_ZN12ext_ascend_x19ext_ascend_x_kernelIfEEvPhS1_S1_S1_S1_jjfS1_, program id=0, hash=8420873864885178265.[FUNC:GetError][FILE:stream.cc][LINE:1303]
       rtStreamSynchronize execute failed, reason=[vector core exception][FUNC:FuncErrorReason][FILE:error_message_manage.cc][LINE:53]
       synchronize stream failed, runtime result = 507035[FUNC:ReportCallError][FILE:log_inner.cpp][LINE:162]

CASE=diag_fp32_d256_rows3_cores2 DTYPE=0 ROWS=3 DIM=256 CORES=2 BLOCK_FACTOR=2 ROW_FACTOR=2 UB_FACTOR=256 STATUS=FAIL SYNC_STATUS=507035 RECENT_ERROR=EZ9999: Inner Error!
EZ9999[PID: 3315745] 2026-09-23-22:04:21.531.032 (EZ9999):  The error from device(chipId:0, dieId:0), serial number is 84, there is an exception of aivec error, core id is 3, error code = 0, dump info: pc start: 0x124000000000, current: 0x124000000468, vec error info: 0x1000000fe, mte error info: 0x2903000084, ifu error info: 0x698101782c100, ccu error info: 0x1e69ea8139e40711, cube error info: 0, biu error info: 0, aic error mask: 0x6500020bd00028c, para base: 0x12c100000000.[FUNC:ProcessStarsCoreErrorInfo][FILE:device_error_core_proc.cc][LINE:332]
        TraceBack (most recent call last):
       The extend info: errcode:(0, 0x800, 0) errorStr: The UB address accessed by the VEC instruction is not aligned. fixp_error0 info: 0x3000084, fixp_error1 info: 0x29, fsmId:0, tslot:7, thread:0, ctxid:0, blk:0, sublk:0, subErrType:4.[FUNC:ProcessStarsCoreErrorInfo][FILE:device_error_core_proc.cc][LINE:352]
       Kernel task happen error, retCode=0x31, [vector core exception].[FUNC:PreCheckTaskErr][FILE:davinci_kernel_task.cc][LINE:1502]
       AIV Kernel happen error, retCode=0x31.[FUNC:GetError][FILE:stream.cc][LINE:1303]
       [AIC_INFO] after execute:args print end[FUNC:GetError][FILE:stream.cc][LINE:1303]
       [DFX_INFO]Aicore kernel execute failed, device_id=0, stream_id=569, report_stream_id=569, task_id=11, flip_num=0, fault kernel_name=_ZN12ext_ascend_x19ext_ascend_x_kernelIfEEvPhS1_S1_S1_S1_jjfS1_, fault kernel info ext=_ZN12ext_ascend_x19ext_ascend_x_kernelIfEEvPhS1_S1_S1_S1_jjfS1_, program id=0, hash=8420873864885178265.[FUNC:GetError][FILE:stream.cc][LINE:1303]
       rtStreamSynchronize execute failed, reason=[vector core exception][FUNC:FuncErrorReason][FILE:error_message_manage.cc][LINE:53]
       synchronize stream failed, runtime result = 507035[FUNC:ReportCallError][FILE:log_inner.cpp][LINE:162]
 MATCHED_RATIO=0.0247396 MAX_ABS_ERROR=2.52883 MAX_ALLOWED=0.00237422
TILING_CASE=diag_fp32_d256_rows3_cores3:dtype=0:rows=3:dim=256:cores=3 BLOCK_FACTOR=3 ROW_FACTOR=1 UB_FACTOR=256 ALIGNED_UB_FACTOR=256
SYNC_CASE=diag_fp32_d256_rows3_cores3:dtype=0:rows=3:dim=256:cores=3 ACLRT_SYNC_STATUS=0 ACL_RECENT_ERROR=<null>
CASE=diag_fp32_d256_rows3_cores3 DTYPE=0 ROWS=3 DIM=256 CORES=3 BLOCK_FACTOR=3 ROW_FACTOR=1 UB_FACTOR=256 STATUS=FAIL SYNC_STATUS=0 RECENT_ERROR=<null> MATCHED_RATIO=0.0247396 MAX_ABS_ERROR=2.39214 MAX_ALLOWED=0.00237422
TILING_CASE=diag_fp32_d4096_rows1_cores1:dtype=0:rows=1:dim=4096:cores=1 BLOCK_FACTOR=1 ROW_FACTOR=1 UB_FACTOR=4096 ALIGNED_UB_FACTOR=4096
SYNC_CASE=diag_fp32_d4096_rows1_cores1:dtype=0:rows=1:dim=4096:cores=1 ACLRT_SYNC_STATUS=0 ACL_RECENT_ERROR=<null>
CASE=diag_fp32_d4096_rows1_cores1 DTYPE=0 ROWS=1 DIM=4096 CORES=1 BLOCK_FACTOR=1 ROW_FACTOR=1 UB_FACTOR=4096 STATUS=FAIL SYNC_STATUS=0 RECENT_ERROR=<null> MATCHED_RATIO=0.0229492 MAX_ABS_ERROR=2.31979 MAX_ALLOWED=0.00230357
TILING_CASE=diag_fp32_d4096_rows1_cores2:dtype=0:rows=1:dim=4096:cores=2 BLOCK_FACTOR=1 ROW_FACTOR=1 UB_FACTOR=4096 ALIGNED_UB_FACTOR=4096
SYNC_CASE=diag_fp32_d4096_rows1_cores2:dtype=0:rows=1:dim=4096:cores=2 ACLRT_SYNC_STATUS=0 ACL_RECENT_ERROR=<null>
CASE=diag_fp32_d4096_rows1_cores2 DTYPE=0 ROWS=1 DIM=4096 CORES=2 BLOCK_FACTOR=1 ROW_FACTOR=1 UB_FACTOR=4096 STATUS=FAIL SYNC_STATUS=0 RECENT_ERROR=<null> MATCHED_RATIO=0.0229492 MAX_ABS_ERROR=2.33181 MAX_ALLOWED=0.00230357
TILING_CASE=diag_fp32_d4096_rows1_cores3:dtype=0:rows=1:dim=4096:cores=3 BLOCK_FACTOR=1 ROW_FACTOR=1 UB_FACTOR=4096 ALIGNED_UB_FACTOR=4096
SYNC_CASE=diag_fp32_d4096_rows1_cores3:dtype=0:rows=1:dim=4096:cores=3 ACLRT_SYNC_STATUS=0 ACL_RECENT_ERROR=<null>
CASE=diag_fp32_d4096_rows1_cores3 DTYPE=0 ROWS=1 DIM=4096 CORES=3 BLOCK_FACTOR=1 ROW_FACTOR=1 UB_FACTOR=4096 STATUS=FAIL SYNC_STATUS=0 RECENT_ERROR=<null> MATCHED_RATIO=0.0229492 MAX_ABS_ERROR=2.33181 MAX_ALLOWED=0.00230357
TILING_CASE=diag_fp32_d4096_rows2_cores1:dtype=0:rows=2:dim=4096:cores=1 BLOCK_FACTOR=1 ROW_FACTOR=2 UB_FACTOR=4096 ALIGNED_UB_FACTOR=4096
SYNC_CASE=diag_fp32_d4096_rows2_cores1:dtype=0:rows=2:dim=4096:cores=1 ACLRT_SYNC_STATUS=507035 ACL_RECENT_ERROR=EZ9999: Inner Error!
EZ9999[PID: 3315745] 2026-09-23-22:04:21.551.789 (EZ9999):  The error from device(chipId:0, dieId:0), serial number is 85, there is an exception of aivec error, core id is 11, error code = 0, dump info: pc start: 0x124000000000, current: 0x124000000480, vec error info: 0x1000000fe, mte error info: 0x303000010, ifu error info: 0x19810e8058cc0, ccu error info: 0xe3c441be52193048, cube error info: 0, biu error info: 0, aic error mask: 0x6500020bd00028c, para base: 0x12c100000000.[FUNC:ProcessStarsCoreErrorInfo][FILE:device_error_core_proc.cc][LINE:332]
        TraceBack (most recent call last):
       The extend info: errcode:(0, 0x800, 0) errorStr: The UB address accessed by the VEC instruction is not aligned. fixp_error0 info: 0x3000010, fixp_error1 info: 0x3, fsmId:0, tslot:7, thread:0, ctxid:0, blk:0, sublk:0, subErrType:4.[FUNC:ProcessStarsCoreErrorInfo][FILE:device_error_core_proc.cc][LINE:352]
       Kernel task happen error, retCode=0x31, [vector core exception].[FUNC:PreCheckTaskErr][FILE:davinci_kernel_task.cc][LINE:1502]
       AIV Kernel happen error, retCode=0x31.[FUNC:GetError][FILE:stream.cc][LINE:1303]
       [AIC_INFO] after execute:args print end[FUNC:GetError][FILE:stream.cc][LINE:1303]
       [DFX_INFO]Aicore kernel execute failed, device_id=0, stream_id=569, report_stream_id=569, task_id=19, flip_num=0, fault kernel_name=_ZN12ext_ascend_x19ext_ascend_x_kernelIfEEvPhS1_S1_S1_S1_jjfS1_, fault kernel info ext=_ZN12ext_ascend_x19ext_ascend_x_kernelIfEEvPhS1_S1_S1_S1_jjfS1_, program id=0, hash=8420873864885178265.[FUNC:GetError][FILE:stream.cc][LINE:1303]
       rtStreamSynchronize execute failed, reason=[vector core exception][FUNC:FuncErrorReason][FILE:error_message_manage.cc][LINE:53]
       synchronize stream failed, runtime result = 507035[FUNC:ReportCallError][FILE:log_inner.cpp][LINE:162]

CASE=diag_fp32_d4096_rows2_cores1 DTYPE=0 ROWS=2 DIM=4096 CORES=1 BLOCK_FACTOR=1 ROW_FACTOR=2 UB_FACTOR=4096 STATUS=FAIL SYNC_STATUS=507035 RECENT_ERROR=EZ9999: Inner Error!
EZ9999[PID: 3315745] 2026-09-23-22:04:21.551.789 (EZ9999):  The error from device(chipId:0, dieId:0), serial number is 85, there is an exception of aivec error, core id is 11, error code = 0, dump info: pc start: 0x124000000000, current: 0x124000000480, vec error info: 0x1000000fe, mte error info: 0x303000010, ifu error info: 0x19810e8058cc0, ccu error info: 0xe3c441be52193048, cube error info: 0, biu error info: 0, aic error mask: 0x6500020bd00028c, para base: 0x12c100000000.[FUNC:ProcessStarsCoreErrorInfo][FILE:device_error_core_proc.cc][LINE:332]
        TraceBack (most recent call last):
       The extend info: errcode:(0, 0x800, 0) errorStr: The UB address accessed by the VEC instruction is not aligned. fixp_error0 info: 0x3000010, fixp_error1 info: 0x3, fsmId:0, tslot:7, thread:0, ctxid:0, blk:0, sublk:0, subErrType:4.[FUNC:ProcessStarsCoreErrorInfo][FILE:device_error_core_proc.cc][LINE:352]
       Kernel task happen error, retCode=0x31, [vector core exception].[FUNC:PreCheckTaskErr][FILE:davinci_kernel_task.cc][LINE:1502]
       AIV Kernel happen error, retCode=0x31.[FUNC:GetError][FILE:stream.cc][LINE:1303]
       [AIC_INFO] after execute:args print end[FUNC:GetError][FILE:stream.cc][LINE:1303]
       [DFX_INFO]Aicore kernel execute failed, device_id=0, stream_id=569, report_stream_id=569, task_id=19, flip_num=0, fault kernel_name=_ZN12ext_ascend_x19ext_ascend_x_kernelIfEEvPhS1_S1_S1_S1_jjfS1_, fault kernel info ext=_ZN12ext_ascend_x19ext_ascend_x_kernelIfEEvPhS1_S1_S1_S1_jjfS1_, program id=0, hash=8420873864885178265.[FUNC:GetError][FILE:stream.cc][LINE:1303]
       rtStreamSynchronize execute failed, reason=[vector core exception][FUNC:FuncErrorReason][FILE:error_message_manage.cc][LINE:53]
       synchronize stream failed, runtime result = 507035[FUNC:ReportCallError][FILE:log_inner.cpp][LINE:162]
 MATCHED_RATIO=0.0032959 MAX_ABS_ERROR=2.41078 MAX_ALLOWED=0.00236953
TILING_CASE=diag_fp32_d4096_rows2_cores2:dtype=0:rows=2:dim=4096:cores=2 BLOCK_FACTOR=2 ROW_FACTOR=1 UB_FACTOR=4096 ALIGNED_UB_FACTOR=4096
SYNC_CASE=diag_fp32_d4096_rows2_cores2:dtype=0:rows=2:dim=4096:cores=2 ACLRT_SYNC_STATUS=0 ACL_RECENT_ERROR=<null>
CASE=diag_fp32_d4096_rows2_cores2 DTYPE=0 ROWS=2 DIM=4096 CORES=2 BLOCK_FACTOR=2 ROW_FACTOR=1 UB_FACTOR=4096 STATUS=FAIL SYNC_STATUS=0 RECENT_ERROR=<null> MATCHED_RATIO=0.0230713 MAX_ABS_ERROR=2.38734 MAX_ALLOWED=0.00236953
TILING_CASE=diag_fp32_d4096_rows2_cores3:dtype=0:rows=2:dim=4096:cores=3 BLOCK_FACTOR=2 ROW_FACTOR=1 UB_FACTOR=4096 ALIGNED_UB_FACTOR=4096
SYNC_CASE=diag_fp32_d4096_rows2_cores3:dtype=0:rows=2:dim=4096:cores=3 ACLRT_SYNC_STATUS=0 ACL_RECENT_ERROR=<null>
CASE=diag_fp32_d4096_rows2_cores3 DTYPE=0 ROWS=2 DIM=4096 CORES=3 BLOCK_FACTOR=2 ROW_FACTOR=1 UB_FACTOR=4096 STATUS=FAIL SYNC_STATUS=0 RECENT_ERROR=<null> MATCHED_RATIO=0.0230713 MAX_ABS_ERROR=2.33181 MAX_ALLOWED=0.00236953
TILING_CASE=diag_fp32_d4096_rows3_cores1:dtype=0:rows=3:dim=4096:cores=1 BLOCK_FACTOR=1 ROW_FACTOR=3 UB_FACTOR=3744 ALIGNED_UB_FACTOR=3744
SYNC_CASE=diag_fp32_d4096_rows3_cores1:dtype=0:rows=3:dim=4096:cores=1 ACLRT_SYNC_STATUS=507035 ACL_RECENT_ERROR=EZ9999: Inner Error!
EZ9999[PID: 3315745] 2026-09-23-22:04:21.570.113 (EZ9999):  The error from device(chipId:0, dieId:0), serial number is 86, there is an exception of aivec error, core id is 20, error code = 0, dump info: pc start: 0x124000000000, current: 0x124000000890, vec error info: 0x1000000fe, mte error info: 0x5303000069, ifu error info: 0x310fa37e95200, ccu error info: 0xcccaf2884487f023, cube error info: 0, biu error info: 0, aic error mask: 0x6500020bd00028c, para base: 0x12c100000000.[FUNC:ProcessStarsCoreErrorInfo][FILE:device_error_core_proc.cc][LINE:332]
        TraceBack (most recent call last):
       The extend info: errcode:(0, 0x800, 0) errorStr: The UB address accessed by the VEC instruction is not aligned. fixp_error0 info: 0x3000069, fixp_error1 info: 0x53, fsmId:0, tslot:7, thread:0, ctxid:0, blk:0, sublk:0, subErrType:4.[FUNC:ProcessStarsCoreErrorInfo][FILE:device_error_core_proc.cc][LINE:352]
       Kernel task happen error, retCode=0x31, [vector core exception].[FUNC:PreCheckTaskErr][FILE:davinci_kernel_task.cc][LINE:1502]
       AIV Kernel happen error, retCode=0x31.[FUNC:GetError][FILE:stream.cc][LINE:1303]
       [AIC_INFO] after execute:args print end[FUNC:GetError][FILE:stream.cc][LINE:1303]
       [DFX_INFO]Aicore kernel execute failed, device_id=0, stream_id=569, report_stream_id=569, task_id=23, flip_num=0, fault kernel_name=_ZN12ext_ascend_x19ext_ascend_x_kernelIfEEvPhS1_S1_S1_S1_jjfS1_, fault kernel info ext=_ZN12ext_ascend_x19ext_ascend_x_kernelIfEEvPhS1_S1_S1_S1_jjfS1_, program id=0, hash=8420873864885178265.[FUNC:GetError][FILE:stream.cc][LINE:1303]
       rtStreamSynchronize execute failed, reason=[vector core exception][FUNC:FuncErrorReason][FILE:error_message_manage.cc][LINE:53]
       synchronize stream failed, runtime result = 507035[FUNC:ReportCallError][FILE:log_inner.cpp][LINE:162]

CASE=diag_fp32_d4096_rows3_cores1 DTYPE=0 ROWS=3 DIM=4096 CORES=1 BLOCK_FACTOR=1 ROW_FACTOR=3 UB_FACTOR=3744 STATUS=FAIL SYNC_STATUS=507035 RECENT_ERROR=EZ9999: Inner Error!
EZ9999[PID: 3315745] 2026-09-23-22:04:21.570.113 (EZ9999):  The error from device(chipId:0, dieId:0), serial number is 86, there is an exception of aivec error, core id is 20, error code = 0, dump info: pc start: 0x124000000000, current: 0x124000000890, vec error info: 0x1000000fe, mte error info: 0x5303000069, ifu error info: 0x310fa37e95200, ccu error info: 0xcccaf2884487f023, cube error info: 0, biu error info: 0, aic error mask: 0x6500020bd00028c, para base: 0x12c100000000.[FUNC:ProcessStarsCoreErrorInfo][FILE:device_error_core_proc.cc][LINE:332]
        TraceBack (most recent call last):
       The extend info: errcode:(0, 0x800, 0) errorStr: The UB address accessed by the VEC instruction is not aligned. fixp_error0 info: 0x3000069, fixp_error1 info: 0x53, fsmId:0, tslot:7, thread:0, ctxid:0, blk:0, sublk:0, subErrType:4.[FUNC:ProcessStarsCoreErrorInfo][FILE:device_error_core_proc.cc][LINE:352]
       Kernel task happen error, retCode=0x31, [vector core exception].[FUNC:PreCheckTaskErr][FILE:davinci_kernel_task.cc][LINE:1502]
       AIV Kernel happen error, retCode=0x31.[FUNC:GetError][FILE:stream.cc][LINE:1303]
       [AIC_INFO] after execute:args print end[FUNC:GetError][FILE:stream.cc][LINE:1303]
       [DFX_INFO]Aicore kernel execute failed, device_id=0, stream_id=569, report_stream_id=569, task_id=23, flip_num=0, fault kernel_name=_ZN12ext_ascend_x19ext_ascend_x_kernelIfEEvPhS1_S1_S1_S1_jjfS1_, fault kernel info ext=_ZN12ext_ascend_x19ext_ascend_x_kernelIfEEvPhS1_S1_S1_S1_jjfS1_, program id=0, hash=8420873864885178265.[FUNC:GetError][FILE:stream.cc][LINE:1303]
       rtStreamSynchronize execute failed, reason=[vector core exception][FUNC:FuncErrorReason][FILE:error_message_manage.cc][LINE:53]
       synchronize stream failed, runtime result = 507035[FUNC:ReportCallError][FILE:log_inner.cpp][LINE:162]
 MATCHED_RATIO=0.00333659 MAX_ABS_ERROR=2.41078 MAX_ALLOWED=0.00236953
TILING_CASE=diag_fp32_d4096_rows3_cores2:dtype=0:rows=3:dim=4096:cores=2 BLOCK_FACTOR=2 ROW_FACTOR=2 UB_FACTOR=4096 ALIGNED_UB_FACTOR=4096
SYNC_CASE=diag_fp32_d4096_rows3_cores2:dtype=0:rows=3:dim=4096:cores=2 ACLRT_SYNC_STATUS=507035 ACL_RECENT_ERROR=EZ9999: Inner Error!
EZ9999[PID: 3315745] 2026-09-23-22:04:21.587.847 (EZ9999):  The error from device(chipId:0, dieId:0), serial number is 87, there is an exception of aivec error, core id is 21, error code = 0, dump info: pc start: 0x124000000000, current: 0x124000000468, vec error info: 0x1000000fe, mte error info: 0x2a030000dd, ifu error info: 0x6840411258800, ccu error info: 0x2fb724a418924090, cube error info: 0, biu error info: 0, aic error mask: 0x6500020bd00028c, para base: 0x12c100000000.[FUNC:ProcessStarsCoreErrorInfo][FILE:device_error_core_proc.cc][LINE:332]
        TraceBack (most recent call last):
       The extend info: errcode:(0, 0x800, 0) errorStr: The UB address accessed by the VEC instruction is not aligned. fixp_error0 info: 0x30000dd, fixp_error1 info: 0x2a, fsmId:0, tslot:7, thread:0, ctxid:0, blk:0, sublk:0, subErrType:4.[FUNC:ProcessStarsCoreErrorInfo][FILE:device_error_core_proc.cc][LINE:352]
       Kernel task happen error, retCode=0x31, [vector core exception].[FUNC:PreCheckTaskErr][FILE:davinci_kernel_task.cc][LINE:1502]
       AIV Kernel happen error, retCode=0x31.[FUNC:GetError][FILE:stream.cc][LINE:1303]
       [AIC_INFO] after execute:args print end[FUNC:GetError][FILE:stream.cc][LINE:1303]
       [DFX_INFO]Aicore kernel execute failed, device_id=0, stream_id=569, report_stream_id=569, task_id=25, flip_num=0, fault kernel_name=_ZN12ext_ascend_x19ext_ascend_x_kernelIfEEvPhS1_S1_S1_S1_jjfS1_, fault kernel info ext=_ZN12ext_ascend_x19ext_ascend_x_kernelIfEEvPhS1_S1_S1_S1_jjfS1_, program id=0, hash=8420873864885178265.[FUNC:GetError][FILE:stream.cc][LINE:1303]
       rtStreamSynchronize execute failed, reason=[vector core exception][FUNC:FuncErrorReason][FILE:error_message_manage.cc][LINE:53]
       synchronize stream failed, runtime result = 507035[FUNC:ReportCallError][FILE:log_inner.cpp][LINE:162]

CASE=diag_fp32_d4096_rows3_cores2 DTYPE=0 ROWS=3 DIM=4096 CORES=2 BLOCK_FACTOR=2 ROW_FACTOR=2 UB_FACTOR=4096 STATUS=FAIL SYNC_STATUS=507035 RECENT_ERROR=EZ9999: Inner Error!
EZ9999[PID: 3315745] 2026-09-23-22:04:21.587.847 (EZ9999):  The error from device(chipId:0, dieId:0), serial number is 87, there is an exception of aivec error, core id is 21, error code = 0, dump info: pc start: 0x124000000000, current: 0x124000000468, vec error info: 0x1000000fe, mte error info: 0x2a030000dd, ifu error info: 0x6840411258800, ccu error info: 0x2fb724a418924090, cube error info: 0, biu error info: 0, aic error mask: 0x6500020bd00028c, para base: 0x12c100000000.[FUNC:ProcessStarsCoreErrorInfo][FILE:device_error_core_proc.cc][LINE:332]
        TraceBack (most recent call last):
       The extend info: errcode:(0, 0x800, 0) errorStr: The UB address accessed by the VEC instruction is not aligned. fixp_error0 info: 0x30000dd, fixp_error1 info: 0x2a, fsmId:0, tslot:7, thread:0, ctxid:0, blk:0, sublk:0, subErrType:4.[FUNC:ProcessStarsCoreErrorInfo][FILE:device_error_core_proc.cc][LINE:352]
       Kernel task happen error, retCode=0x31, [vector core exception].[FUNC:PreCheckTaskErr][FILE:davinci_kernel_task.cc][LINE:1502]
       AIV Kernel happen error, retCode=0x31.[FUNC:GetError][FILE:stream.cc][LINE:1303]
       [AIC_INFO] after execute:args print end[FUNC:GetError][FILE:stream.cc][LINE:1303]
       [DFX_INFO]Aicore kernel execute failed, device_id=0, stream_id=569, report_stream_id=569, task_id=25, flip_num=0, fault kernel_name=_ZN12ext_ascend_x19ext_ascend_x_kernelIfEEvPhS1_S1_S1_S1_jjfS1_, fault kernel info ext=_ZN12ext_ascend_x19ext_ascend_x_kernelIfEEvPhS1_S1_S1_S1_jjfS1_, program id=0, hash=8420873864885178265.[FUNC:GetError][FILE:stream.cc][LINE:1303]
       rtStreamSynchronize execute failed, reason=[vector core exception][FUNC:FuncErrorReason][FILE:error_message_manage.cc][LINE:53]
       synchronize stream failed, runtime result = 507035[FUNC:ReportCallError][FILE:log_inner.cpp][LINE:162]
 MATCHED_RATIO=0.00992839 MAX_ABS_ERROR=2.41078 MAX_ALLOWED=0.00236953
TILING_CASE=diag_fp32_d4096_rows3_cores3:dtype=0:rows=3:dim=4096:cores=3 BLOCK_FACTOR=3 ROW_FACTOR=1 UB_FACTOR=4096 ALIGNED_UB_FACTOR=4096
SYNC_CASE=diag_fp32_d4096_rows3_cores3:dtype=0:rows=3:dim=4096:cores=3 ACLRT_SYNC_STATUS=0 ACL_RECENT_ERROR=<null>
CASE=diag_fp32_d4096_rows3_cores3 DTYPE=0 ROWS=3 DIM=4096 CORES=3 BLOCK_FACTOR=3 ROW_FACTOR=1 UB_FACTOR=4096 STATUS=FAIL SYNC_STATUS=0 RECENT_ERROR=<null> MATCHED_RATIO=0.023112 MAX_ABS_ERROR=2.39799 MAX_ALLOWED=0.00236953
TILING_CASE=diag_fp32_d8192_rows1_cores1:dtype=0:rows=1:dim=8192:cores=1 BLOCK_FACTOR=1 ROW_FACTOR=1 UB_FACTOR=7504 ALIGNED_UB_FACTOR=7504
SYNC_CASE=diag_fp32_d8192_rows1_cores1:dtype=0:rows=1:dim=8192:cores=1 ACLRT_SYNC_STATUS=0 ACL_RECENT_ERROR=<null>
CASE=diag_fp32_d8192_rows1_cores1 DTYPE=0 ROWS=1 DIM=8192 CORES=1 BLOCK_FACTOR=1 ROW_FACTOR=1 UB_FACTOR=7504 STATUS=FAIL SYNC_STATUS=0 RECENT_ERROR=<null> MATCHED_RATIO=0.0229492 MAX_ABS_ERROR=2.3867 MAX_ALLOWED=0.00236128
TILING_CASE=diag_fp32_d8192_rows1_cores2:dtype=0:rows=1:dim=8192:cores=2 BLOCK_FACTOR=1 ROW_FACTOR=1 UB_FACTOR=7504 ALIGNED_UB_FACTOR=7504
SYNC_CASE=diag_fp32_d8192_rows1_cores2:dtype=0:rows=1:dim=8192:cores=2 ACLRT_SYNC_STATUS=0 ACL_RECENT_ERROR=<null>
CASE=diag_fp32_d8192_rows1_cores2 DTYPE=0 ROWS=1 DIM=8192 CORES=2 BLOCK_FACTOR=1 ROW_FACTOR=1 UB_FACTOR=7504 STATUS=FAIL SYNC_STATUS=0 RECENT_ERROR=<null> MATCHED_RATIO=0.0229492 MAX_ABS_ERROR=2.3867 MAX_ALLOWED=0.00236128
TILING_CASE=diag_fp32_d8192_rows1_cores3:dtype=0:rows=1:dim=8192:cores=3 BLOCK_FACTOR=1 ROW_FACTOR=1 UB_FACTOR=7504 ALIGNED_UB_FACTOR=7504
SYNC_CASE=diag_fp32_d8192_rows1_cores3:dtype=0:rows=1:dim=8192:cores=3 ACLRT_SYNC_STATUS=0 ACL_RECENT_ERROR=<null>
CASE=diag_fp32_d8192_rows1_cores3 DTYPE=0 ROWS=1 DIM=8192 CORES=3 BLOCK_FACTOR=1 ROW_FACTOR=1 UB_FACTOR=7504 STATUS=FAIL SYNC_STATUS=0 RECENT_ERROR=<null> MATCHED_RATIO=0.0228271 MAX_ABS_ERROR=8.36718 MAX_ALLOWED=0.00236128
TILING_CASE=diag_fp32_d8192_rows2_cores1:dtype=0:rows=2:dim=8192:cores=1 BLOCK_FACTOR=1 ROW_FACTOR=2 UB_FACTOR=5000 ALIGNED_UB_FACTOR=5000
SYNC_CASE=diag_fp32_d8192_rows2_cores1:dtype=0:rows=2:dim=8192:cores=1 ACLRT_SYNC_STATUS=507035 ACL_RECENT_ERROR=EZ9999: Inner Error!
EZ9999[PID: 3315745] 2026-09-23-22:04:21.607.845 (EZ9999):  The error from device(chipId:0, dieId:0), serial number is 88, there is an exception of aivec error, core id is 29, error code = 0, dump info: pc start: 0x124000000000, current: 0x124000000480, vec error info: 0x1000000fe, mte error info: 0x5303000069, ifu error info: 0x1e8ad094b8180, ccu error info: 0xeffac0fa418061fb, cube error info: 0, biu error info: 0, aic error mask: 0x6500020bd00028c, para base: 0x12c100000000.[FUNC:ProcessStarsCoreErrorInfo][FILE:device_error_core_proc.cc][LINE:332]
        TraceBack (most recent call last):
       The extend info: errcode:(0, 0x800, 0) errorStr: The UB address accessed by the VEC instruction is not aligned. fixp_error0 info: 0x3000069, fixp_error1 info: 0x53, fsmId:0, tslot:7, thread:0, ctxid:0, blk:0, sublk:0, subErrType:4.[FUNC:ProcessStarsCoreErrorInfo][FILE:device_error_core_proc.cc][LINE:352]
       Kernel task happen error, retCode=0x31, [vector core exception].[FUNC:PreCheckTaskErr][FILE:davinci_kernel_task.cc][LINE:1502]
       AIV Kernel happen error, retCode=0x31.[FUNC:GetError][FILE:stream.cc][LINE:1303]
       [AIC_INFO] after execute:args print end[FUNC:GetError][FILE:stream.cc][LINE:1303]
       [DFX_INFO]Aicore kernel execute failed, device_id=0, stream_id=569, report_stream_id=569, task_id=32, flip_num=0, fault kernel_name=_ZN12ext_ascend_x19ext_ascend_x_kernelIfEEvPhS1_S1_S1_S1_jjfS1_, fault kernel info ext=_ZN12ext_ascend_x19ext_ascend_x_kernelIfEEvPhS1_S1_S1_S1_jjfS1_, program id=0, hash=8420873864885178265.[FUNC:GetError][FILE:stream.cc][LINE:1303]
       rtStreamSynchronize execute failed, reason=[vector core exception][FUNC:FuncErrorReason][FILE:error_message_manage.cc][LINE:53]
       synchronize stream failed, runtime result = 507035[FUNC:ReportCallError][FILE:log_inner.cpp][LINE:162]

CASE=diag_fp32_d8192_rows2_cores1 DTYPE=0 ROWS=2 DIM=8192 CORES=1 BLOCK_FACTOR=1 ROW_FACTOR=2 UB_FACTOR=5000 STATUS=FAIL SYNC_STATUS=507035 RECENT_ERROR=EZ9999: Inner Error!
EZ9999[PID: 3315745] 2026-09-23-22:04:21.607.845 (EZ9999):  The error from device(chipId:0, dieId:0), serial number is 88, there is an exception of aivec error, core id is 29, error code = 0, dump info: pc start: 0x124000000000, current: 0x124000000480, vec error info: 0x1000000fe, mte error info: 0x5303000069, ifu error info: 0x1e8ad094b8180, ccu error info: 0xeffac0fa418061fb, cube error info: 0, biu error info: 0, aic error mask: 0x6500020bd00028c, para base: 0x12c100000000.[FUNC:ProcessStarsCoreErrorInfo][FILE:device_error_core_proc.cc][LINE:332]
        TraceBack (most recent call last):
       The extend info: errcode:(0, 0x800, 0) errorStr: The UB address accessed by the VEC instruction is not aligned. fixp_error0 info: 0x3000069, fixp_error1 info: 0x53, fsmId:0, tslot:7, thread:0, ctxid:0, blk:0, sublk:0, subErrType:4.[FUNC:ProcessStarsCoreErrorInfo][FILE:device_error_core_proc.cc][LINE:352]
       Kernel task happen error, retCode=0x31, [vector core exception].[FUNC:PreCheckTaskErr][FILE:davinci_kernel_task.cc][LINE:1502]
       AIV Kernel happen error, retCode=0x31.[FUNC:GetError][FILE:stream.cc][LINE:1303]
       [AIC_INFO] after execute:args print end[FUNC:GetError][FILE:stream.cc][LINE:1303]
       [DFX_INFO]Aicore kernel execute failed, device_id=0, stream_id=569, report_stream_id=569, task_id=32, flip_num=0, fault kernel_name=_ZN12ext_ascend_x19ext_ascend_x_kernelIfEEvPhS1_S1_S1_S1_jjfS1_, fault kernel info ext=_ZN12ext_ascend_x19ext_ascend_x_kernelIfEEvPhS1_S1_S1_S1_jjfS1_, program id=0, hash=8420873864885178265.[FUNC:GetError][FILE:stream.cc][LINE:1303]
       rtStreamSynchronize execute failed, reason=[vector core exception][FUNC:FuncErrorReason][FILE:error_message_manage.cc][LINE:53]
       synchronize stream failed, runtime result = 507035[FUNC:ReportCallError][FILE:log_inner.cpp][LINE:162]
 MATCHED_RATIO=0.0032959 MAX_ABS_ERROR=2.40929 MAX_ALLOWED=0.00236809
TILING_CASE=diag_fp32_d8192_rows2_cores2:dtype=0:rows=2:dim=8192:cores=2 BLOCK_FACTOR=2 ROW_FACTOR=1 UB_FACTOR=7504 ALIGNED_UB_FACTOR=7504
SYNC_CASE=diag_fp32_d8192_rows2_cores2:dtype=0:rows=2:dim=8192:cores=2 ACLRT_SYNC_STATUS=0 ACL_RECENT_ERROR=<null>
CASE=diag_fp32_d8192_rows2_cores2 DTYPE=0 ROWS=2 DIM=8192 CORES=2 BLOCK_FACTOR=2 ROW_FACTOR=1 UB_FACTOR=7504 STATUS=FAIL SYNC_STATUS=0 RECENT_ERROR=<null> MATCHED_RATIO=0.0228882 MAX_ABS_ERROR=50.4686 MAX_ALLOWED=0.00236809
TILING_CASE=diag_fp32_d8192_rows2_cores3:dtype=0:rows=2:dim=8192:cores=3 BLOCK_FACTOR=2 ROW_FACTOR=1 UB_FACTOR=7504 ALIGNED_UB_FACTOR=7504
SYNC_CASE=diag_fp32_d8192_rows2_cores3:dtype=0:rows=2:dim=8192:cores=3 ACLRT_SYNC_STATUS=0 ACL_RECENT_ERROR=<null>
CASE=diag_fp32_d8192_rows2_cores3 DTYPE=0 ROWS=2 DIM=8192 CORES=3 BLOCK_FACTOR=2 ROW_FACTOR=1 UB_FACTOR=7504 STATUS=FAIL SYNC_STATUS=0 RECENT_ERROR=<null> MATCHED_RATIO=0.0228271 MAX_ABS_ERROR=inf MAX_ALLOWED=0.00236809
TILING_CASE=diag_fp32_d8192_rows3_cores1:dtype=0:rows=3:dim=8192:cores=1 BLOCK_FACTOR=1 ROW_FACTOR=3 UB_FACTOR=3744 ALIGNED_UB_FACTOR=3744
SYNC_CASE=diag_fp32_d8192_rows3_cores1:dtype=0:rows=3:dim=8192:cores=1 ACLRT_SYNC_STATUS=507035 ACL_RECENT_ERROR=EZ9999: Inner Error!
EZ9999[PID: 3315745] 2026-09-23-22:04:21.626.872 (EZ9999):  The error from device(chipId:0, dieId:0), serial number is 89, there is an exception of aivec error, core id is 38, error code = 0, dump info: pc start: 0x124000000000, current: 0x124000000890, vec error info: 0x1000000fe, mte error info: 0x5303000069, ifu error info: 0x47ccdd61cb4c0, ccu error info: 0x3e4de5f4709ea81, cube error info: 0, biu error info: 0, aic error mask: 0x6500020bd00028c, para base: 0x12c100000000.[FUNC:ProcessStarsCoreErrorInfo][FILE:device_error_core_proc.cc][LINE:332]
        TraceBack (most recent call last):
       The extend info: errcode:(0, 0x800, 0) errorStr: The UB address accessed by the VEC instruction is not aligned. fixp_error0 info: 0x3000069, fixp_error1 info: 0x53, fsmId:1, tslot:7, thread:0, ctxid:0, blk:0, sublk:0, subErrType:4.[FUNC:ProcessStarsCoreErrorInfo][FILE:device_error_core_proc.cc][LINE:352]
       Kernel task happen error, retCode=0x31, [vector core exception].[FUNC:PreCheckTaskErr][FILE:davinci_kernel_task.cc][LINE:1502]
       AIV Kernel happen error, retCode=0x31.[FUNC:GetError][FILE:stream.cc][LINE:1303]
       [AIC_INFO] after execute:args print end[FUNC:GetError][FILE:stream.cc][LINE:1303]
       [DFX_INFO]Aicore kernel execute failed, device_id=0, stream_id=569, report_stream_id=569, task_id=37, flip_num=0, fault kernel_name=_ZN12ext_ascend_x19ext_ascend_x_kernelIfEEvPhS1_S1_S1_S1_jjfS1_, fault kernel info ext=_ZN12ext_ascend_x19ext_ascend_x_kernelIfEEvPhS1_S1_S1_S1_jjfS1_, program id=0, hash=8420873864885178265.[FUNC:GetError][FILE:stream.cc][LINE:1303]
       rtStreamSynchronize execute failed, reason=[vector core exception][FUNC:FuncErrorReason][FILE:error_message_manage.cc][LINE:53]
       synchronize stream failed, runtime result = 507035[FUNC:ReportCallError][FILE:log_inner.cpp][LINE:162]

CASE=diag_fp32_d8192_rows3_cores1 DTYPE=0 ROWS=3 DIM=8192 CORES=1 BLOCK_FACTOR=1 ROW_FACTOR=3 UB_FACTOR=3744 STATUS=FAIL SYNC_STATUS=507035 RECENT_ERROR=EZ9999: Inner Error!
EZ9999[PID: 3315745] 2026-09-23-22:04:21.626.872 (EZ9999):  The error from device(chipId:0, dieId:0), serial number is 89, there is an exception of aivec error, core id is 38, error code = 0, dump info: pc start: 0x124000000000, current: 0x124000000890, vec error info: 0x1000000fe, mte error info: 0x5303000069, ifu error info: 0x47ccdd61cb4c0, ccu error info: 0x3e4de5f4709ea81, cube error info: 0, biu error info: 0, aic error mask: 0x6500020bd00028c, para base: 0x12c100000000.[FUNC:ProcessStarsCoreErrorInfo][FILE:device_error_core_proc.cc][LINE:332]
        TraceBack (most recent call last):
       The extend info: errcode:(0, 0x800, 0) errorStr: The UB address accessed by the VEC instruction is not aligned. fixp_error0 info: 0x3000069, fixp_error1 info: 0x53, fsmId:1, tslot:7, thread:0, ctxid:0, blk:0, sublk:0, subErrType:4.[FUNC:ProcessStarsCoreErrorInfo][FILE:device_error_core_proc.cc][LINE:352]
       Kernel task happen error, retCode=0x31, [vector core exception].[FUNC:PreCheckTaskErr][FILE:davinci_kernel_task.cc][LINE:1502]
       AIV Kernel happen error, retCode=0x31.[FUNC:GetError][FILE:stream.cc][LINE:1303]
       [AIC_INFO] after execute:args print end[FUNC:GetError][FILE:stream.cc][LINE:1303]
       [DFX_INFO]Aicore kernel execute failed, device_id=0, stream_id=569, report_stream_id=569, task_id=37, flip_num=0, fault kernel_name=_ZN12ext_ascend_x19ext_ascend_x_kernelIfEEvPhS1_S1_S1_S1_jjfS1_, fault kernel info ext=_ZN12ext_ascend_x19ext_ascend_x_kernelIfEEvPhS1_S1_S1_S1_jjfS1_, program id=0, hash=8420873864885178265.[FUNC:GetError][FILE:stream.cc][LINE:1303]
       rtStreamSynchronize execute failed, reason=[vector core exception][FUNC:FuncErrorReason][FILE:error_message_manage.cc][LINE:53]
       synchronize stream failed, runtime result = 507035[FUNC:ReportCallError][FILE:log_inner.cpp][LINE:162]
 MATCHED_RATIO=0.0032959 MAX_ABS_ERROR=2.40929 MAX_ALLOWED=0.00236809
TILING_CASE=diag_fp32_d8192_rows3_cores2:dtype=0:rows=3:dim=8192:cores=2 BLOCK_FACTOR=2 ROW_FACTOR=2 UB_FACTOR=5000 ALIGNED_UB_FACTOR=5000
SYNC_CASE=diag_fp32_d8192_rows3_cores2:dtype=0:rows=3:dim=8192:cores=2 ACLRT_SYNC_STATUS=507035 ACL_RECENT_ERROR=EZ9999: Inner Error!
EZ9999[PID: 3315745] 2026-09-23-22:04:21.644.596 (EZ9999):  The error from device(chipId:0, dieId:0), serial number is 90, there is an exception of aivec error, core id is 39, error code = 0, dump info: pc start: 0x124000000000, current: 0x124000000480, vec error info: 0x1000000fe, mte error info: 0x2903000084, ifu error info: 0x28a33a824c00, ccu error info: 0xa01e7c8e1df463c9, cube error info: 0, biu error info: 0, aic error mask: 0x6500020bd00028c, para base: 0x12c100000000.[FUNC:ProcessStarsCoreErrorInfo][FILE:device_error_core_proc.cc][LINE:332]
        TraceBack (most recent call last):
       The extend info: errcode:(0, 0x800, 0) errorStr: The UB address accessed by the VEC instruction is not aligned. fixp_error0 info: 0x3000084, fixp_error1 info: 0x29, fsmId:0, tslot:7, thread:0, ctxid:0, blk:0, sublk:0, subErrType:4.[FUNC:ProcessStarsCoreErrorInfo][FILE:device_error_core_proc.cc][LINE:352]
       Kernel task happen error, retCode=0x31, [vector core exception].[FUNC:PreCheckTaskErr][FILE:davinci_kernel_task.cc][LINE:1502]
       AIV Kernel happen error, retCode=0x31.[FUNC:GetError][FILE:stream.cc][LINE:1303]
       [AIC_INFO] after execute:args print end[FUNC:GetError][FILE:stream.cc][LINE:1303]
       [DFX_INFO]Aicore kernel execute failed, device_id=0, stream_id=569, report_stream_id=569, task_id=38, flip_num=0, fault kernel_name=_ZN12ext_ascend_x19ext_ascend_x_kernelIfEEvPhS1_S1_S1_S1_jjfS1_, fault kernel info ext=_ZN12ext_ascend_x19ext_ascend_x_kernelIfEEvPhS1_S1_S1_S1_jjfS1_, program id=0, hash=8420873864885178265.[FUNC:GetError][FILE:stream.cc][LINE:1303]
       rtStreamSynchronize execute failed, reason=[vector core exception][FUNC:FuncErrorReason][FILE:error_message_manage.cc][LINE:53]
       synchronize stream failed, runtime result = 507035[FUNC:ReportCallError][FILE:log_inner.cpp][LINE:162]

CASE=diag_fp32_d8192_rows3_cores2 DTYPE=0 ROWS=3 DIM=8192 CORES=2 BLOCK_FACTOR=2 ROW_FACTOR=2 UB_FACTOR=5000 STATUS=FAIL SYNC_STATUS=507035 RECENT_ERROR=EZ9999: Inner Error!
EZ9999[PID: 3315745] 2026-09-23-22:04:21.644.596 (EZ9999):  The error from device(chipId:0, dieId:0), serial number is 90, there is an exception of aivec error, core id is 39, error code = 0, dump info: pc start: 0x124000000000, current: 0x124000000480, vec error info: 0x1000000fe, mte error info: 0x2903000084, ifu error info: 0x28a33a824c00, ccu error info: 0xa01e7c8e1df463c9, cube error info: 0, biu error info: 0, aic error mask: 0x6500020bd00028c, para base: 0x12c100000000.[FUNC:ProcessStarsCoreErrorInfo][FILE:device_error_core_proc.cc][LINE:332]
        TraceBack (most recent call last):
       The extend info: errcode:(0, 0x800, 0) errorStr: The UB address accessed by the VEC instruction is not aligned. fixp_error0 info: 0x3000084, fixp_error1 info: 0x29, fsmId:0, tslot:7, thread:0, ctxid:0, blk:0, sublk:0, subErrType:4.[FUNC:ProcessStarsCoreErrorInfo][FILE:device_error_core_proc.cc][LINE:352]
       Kernel task happen error, retCode=0x31, [vector core exception].[FUNC:PreCheckTaskErr][FILE:davinci_kernel_task.cc][LINE:1502]
       AIV Kernel happen error, retCode=0x31.[FUNC:GetError][FILE:stream.cc][LINE:1303]
       [AIC_INFO] after execute:args print end[FUNC:GetError][FILE:stream.cc][LINE:1303]
       [DFX_INFO]Aicore kernel execute failed, device_id=0, stream_id=569, report_stream_id=569, task_id=38, flip_num=0, fault kernel_name=_ZN12ext_ascend_x19ext_ascend_x_kernelIfEEvPhS1_S1_S1_S1_jjfS1_, fault kernel info ext=_ZN12ext_ascend_x19ext_ascend_x_kernelIfEEvPhS1_S1_S1_S1_jjfS1_, program id=0, hash=8420873864885178265.[FUNC:GetError][FILE:stream.cc][LINE:1303]
       rtStreamSynchronize execute failed, reason=[vector core exception][FUNC:FuncErrorReason][FILE:error_message_manage.cc][LINE:53]
       synchronize stream failed, runtime result = 507035[FUNC:ReportCallError][FILE:log_inner.cpp][LINE:162]
 MATCHED_RATIO=0.0098877 MAX_ABS_ERROR=2.40929 MAX_ALLOWED=0.00236809
TILING_CASE=diag_fp32_d8192_rows3_cores3:dtype=0:rows=3:dim=8192:cores=3 BLOCK_FACTOR=3 ROW_FACTOR=1 UB_FACTOR=7504 ALIGNED_UB_FACTOR=7504
SYNC_CASE=diag_fp32_d8192_rows3_cores3:dtype=0:rows=3:dim=8192:cores=3 ACLRT_SYNC_STATUS=0 ACL_RECENT_ERROR=<null>
CASE=diag_fp32_d8192_rows3_cores3 DTYPE=0 ROWS=3 DIM=8192 CORES=3 BLOCK_FACTOR=3 ROW_FACTOR=1 UB_FACTOR=7504 STATUS=FAIL SYNC_STATUS=0 RECENT_ERROR=<null> MATCHED_RATIO=0.0229085 MAX_ABS_ERROR=inf MAX_ALLOWED=0.00236809
CORRECTNESS_SYNC_DIAG_EXIT=1
