HOST=hwnput3
2026-09-23T21:11:28+00:00
CMD=cmake --build build2 --target ext_device -j2
656da9cf6620630e4228a8713dee3993dbbd9c683910509235f1d11dd4c53553  src/submission.asc
Consolidate compiler generated dependencies of target ext_device
[100%] Building ASC object CMakeFiles/ext_device.dir/device_wrap.asc.o
In file included from /home/data4t2/lelinfeng/phase4-review-repro/EXT-ASCEND-X-V001/src/device_wrap.asc:2:
/home/data4t2/lelinfeng/phase4-review-repro/EXT-ASCEND-X-V001/src/submission.asc:367:47: error: cannot convert 'AscendC::LocalTensor<float>' to 'float' without a conversion operator
Fatal Err: A fatal error occurred in iternel process, and Diagnostic info can not be reported correctly
In file included from /home/data4t2/lelinfeng/phase4-review-repro/EXT-ASCEND-X-V001/src/device_wrap.asc:2:
/home/data4t2/lelinfeng/phase4-review-repro/EXT-ASCEND-X-V001/src/submission.asc:367:47: error: cannot convert 'AscendC::LocalTensor<float>' to 'float' without a conversion operator
Fatal Err: A fatal error occurred in iternel process, and Diagnostic info can not be reported correctly
gmake[3]: *** [CMakeFiles/ext_device.dir/build.make:76: CMakeFiles/ext_device.dir/device_wrap.asc.o] Error 1
gmake[2]: *** [CMakeFiles/Makefile2:87: CMakeFiles/ext_device.dir/all] Error 2
gmake[1]: *** [CMakeFiles/Makefile2:94: CMakeFiles/ext_device.dir/rule] Error 2
gmake: *** [Makefile:124: ext_device] Error 2
DEVICE_EXIT=2
CMD=cmake --build build2 --target ext_submission -j2
Consolidate compiler generated dependencies of target ext_submission
[100%] Building ASC object CMakeFiles/ext_submission.dir/submission_wrap.asc.o
In file included from /home/data4t2/lelinfeng/phase4-review-repro/EXT-ASCEND-X-V001/src/submission_wrap.asc:2:
/home/data4t2/lelinfeng/phase4-review-repro/EXT-ASCEND-X-V001/src/submission.asc:367:47: error: cannot convert 'AscendC::LocalTensor<float>' to 'float' without a conversion operator
Fatal Err: A fatal error occurred in iternel process, and Diagnostic info can not be reported correctly
In file included from /home/data4t2/lelinfeng/phase4-review-repro/EXT-ASCEND-X-V001/src/submission_wrap.asc:2:
/home/data4t2/lelinfeng/phase4-review-repro/EXT-ASCEND-X-V001/src/submission.asc:367:47: error: cannot convert 'AscendC::LocalTensor<float>' to 'float' without a conversion operator
Fatal Err: A fatal error occurred in iternel process, and Diagnostic info can not be reported correctly
gmake[3]: *** [CMakeFiles/ext_submission.dir/build.make:76: CMakeFiles/ext_submission.dir/submission_wrap.asc.o] Error 1
gmake[2]: *** [CMakeFiles/Makefile2:113: CMakeFiles/ext_submission.dir/all] Error 2
gmake[1]: *** [CMakeFiles/Makefile2:120: CMakeFiles/ext_submission.dir/rule] Error 2
gmake: *** [Makefile:137: ext_submission] Error 2
SUBMISSION_EXIT=2
CMD=cmake --build build2 --target ext_correctness -j2
Consolidate compiler generated dependencies of target ext_correctness
[ 50%] Building ASC object CMakeFiles/ext_correctness.dir/local_full.asc.o
In file included from /home/data4t2/lelinfeng/phase4-review-repro/EXT-ASCEND-X-V001/src/local_full.asc:2:
/home/data4t2/lelinfeng/phase4-review-repro/EXT-ASCEND-X-V001/src/submission.asc:367:47: error: cannot convert 'AscendC::LocalTensor<float>' to 'float' without a conversion operator
Fatal Err: A fatal error occurred in iternel process, and Diagnostic info can not be reported correctly
In file included from /home/data4t2/lelinfeng/phase4-review-repro/EXT-ASCEND-X-V001/src/local_full.asc:2:
/home/data4t2/lelinfeng/phase4-review-repro/EXT-ASCEND-X-V001/src/submission.asc:367:47: error: cannot convert 'AscendC::LocalTensor<float>' to 'float' without a conversion operator
Fatal Err: A fatal error occurred in iternel process, and Diagnostic info can not be reported correctly
gmake[3]: *** [CMakeFiles/ext_correctness.dir/build.make:76: CMakeFiles/ext_correctness.dir/local_full.asc.o] Error 1
gmake[2]: *** [CMakeFiles/Makefile2:139: CMakeFiles/ext_correctness.dir/all] Error 2
gmake[1]: *** [CMakeFiles/Makefile2:146: CMakeFiles/ext_correctness.dir/rule] Error 2
gmake: *** [Makefile:150: ext_correctness] Error 2
LINK_EXIT=2
