HOST=hwnput3
2026-09-23T21:04:35+00:00
CMD=cmake --build build2 --target ext_device -j2
14b34f6bf9d24081f813d8fb02766c795bb5f2c3665a4b93a1c4d49855b6ca3c  src/submission.asc
-- Configuring done
-- Generating done
-- Build files have been written to: /home/data4t2/lelinfeng/phase4-review-repro/EXT-ASCEND-X-V001/build2
Consolidate compiler generated dependencies of target ext_device
[100%] Building ASC object CMakeFiles/ext_device.dir/device_wrap.asc.o
In file included from /home/data4t2/lelinfeng/phase4-review-repro/EXT-ASCEND-X-V001/src/device_wrap.asc:2:
/home/data4t2/lelinfeng/phase4-review-repro/EXT-ASCEND-X-V001/src/submission.asc:367:17: error: no matching function for call to 'Duplicate'
Fatal Err: A fatal error occurred in iternel process, and Diagnostic info can not be reported correctly
In file included from /home/data4t2/lelinfeng/phase4-review-repro/EXT-ASCEND-X-V001/src/device_wrap.asc:2:
/home/data4t2/lelinfeng/phase4-review-repro/EXT-ASCEND-X-V001/src/submission.asc:367:17: error: no matching function for call to 'Duplicate'
Fatal Err: A fatal error occurred in iternel process, and Diagnostic info can not be reported correctly
gmake[3]: *** [CMakeFiles/ext_device.dir/build.make:76: CMakeFiles/ext_device.dir/device_wrap.asc.o] Error 1
gmake[2]: *** [CMakeFiles/Makefile2:87: CMakeFiles/ext_device.dir/all] Error 2
gmake[1]: *** [CMakeFiles/Makefile2:94: CMakeFiles/ext_device.dir/rule] Error 2
gmake: *** [Makefile:124: ext_device] Error 2
DEVICE_EXIT=2
CMD=cmake --build build2 --target ext_submission -j2
Consolidate compiler generated dependencies of target ext_submission
[100%] Building ASC object CMakeFiles/ext_submission.dir/submission_wrap.asc.o
In file included from /home/data4t2/lelinfeng/phase4-review-repro/EXT-ASCEND-X-V001/src/submission_wrap.asc:2:
/home/data4t2/lelinfeng/phase4-review-repro/EXT-ASCEND-X-V001/src/submission.asc:367:17: error: no matching function for call to 'Duplicate'
Fatal Err: A fatal error occurred in iternel process, and Diagnostic info can not be reported correctly
In file included from /home/data4t2/lelinfeng/phase4-review-repro/EXT-ASCEND-X-V001/src/submission_wrap.asc:2:
/home/data4t2/lelinfeng/phase4-review-repro/EXT-ASCEND-X-V001/src/submission.asc:367:17: error: no matching function for call to 'Duplicate'
Fatal Err: A fatal error occurred in iternel process, and Diagnostic info can not be reported correctly
gmake[3]: *** [CMakeFiles/ext_submission.dir/build.make:76: CMakeFiles/ext_submission.dir/submission_wrap.asc.o] Error 1
gmake[2]: *** [CMakeFiles/Makefile2:113: CMakeFiles/ext_submission.dir/all] Error 2
gmake[1]: *** [CMakeFiles/Makefile2:120: CMakeFiles/ext_submission.dir/rule] Error 2
gmake: *** [Makefile:137: ext_submission] Error 2
SUBMISSION_EXIT=2
CMD=cmake --build build2 --target ext_correctness -j2
[ 50%] Building ASC object CMakeFiles/ext_correctness.dir/local_full.asc.o
In file included from /home/data4t2/lelinfeng/phase4-review-repro/EXT-ASCEND-X-V001/src/local_full.asc:2:
/home/data4t2/lelinfeng/phase4-review-repro/EXT-ASCEND-X-V001/src/submission.asc:367:17: error: no matching function for call to 'Duplicate'
Fatal Err: A fatal error occurred in iternel process, and Diagnostic info can not be reported correctly
In file included from /home/data4t2/lelinfeng/phase4-review-repro/EXT-ASCEND-X-V001/src/local_full.asc:2:
/home/data4t2/lelinfeng/phase4-review-repro/EXT-ASCEND-X-V001/src/submission.asc:367:17: error: no matching function for call to 'Duplicate'
Fatal Err: A fatal error occurred in iternel process, and Diagnostic info can not be reported correctly
gmake[3]: *** [CMakeFiles/ext_correctness.dir/build.make:76: CMakeFiles/ext_correctness.dir/local_full.asc.o] Error 1
gmake[2]: *** [CMakeFiles/Makefile2:139: CMakeFiles/ext_correctness.dir/all] Error 2
gmake[1]: *** [CMakeFiles/Makefile2:146: CMakeFiles/ext_correctness.dir/rule] Error 2
gmake: *** [Makefile:150: ext_correctness] Error 2
LINK_EXIT=2
