SNAPSHOT_UTC=2026-10-08T05:33:04Z

=== host ===
hwnput3

=== all NPU HBM and process snapshot ===
+------------------------------------------------------------------------------------------------+
| npu-smi 25.0.rc1.1               Version: 25.0.rc1.1                                           |
+---------------------------+---------------+----------------------------------------------------+
| NPU   Name                | Health        | Power(W)    Temp(C)           Hugepages-Usage(page)|
| Chip                      | Bus-Id        | AICore(%)   Memory-Usage(MB)  HBM-Usage(MB)        |
+===========================+===============+====================================================+
| 0     910B3               | OK            | 106.4       33                0    / 0             |
| 0                         | 0000:C1:00.0  | 1           0    / 0          12366/ 65536         |
+===========================+===============+====================================================+
| 1     910B3               | OK            | 105.4       33                0    / 0             |
| 0                         | 0000:C2:00.0  | 3           0    / 0          14878/ 65536         |
+===========================+===============+====================================================+
| 2     910B3               | OK            | 97.4        33                0    / 0             |
| 0                         | 0000:81:00.0  | 1           0    / 0          6434 / 65536         |
+===========================+===============+====================================================+
| 3     910B3               | OK            | 139.3       35                0    / 0             |
| 0                         | 0000:82:00.0  | 17          0    / 0          9132 / 65536         |
+===========================+===============+====================================================+
| 4     910B3               | OK            | 201.4       60                0    / 0             |
| 0                         | 0000:01:00.0  | 61          0    / 0          59193/ 65536         |
+===========================+===============+====================================================+
| 5     910B3               | OK            | 170.5       53                0    / 0             |
| 0                         | 0000:02:00.0  | 43          0    / 0          60221/ 65536         |
+===========================+===============+====================================================+
| 6     910B3               | OK            | 160.1       47                0    / 0             |
| 0                         | 0000:41:00.0  | 27          0    / 0          60221/ 65536         |
+===========================+===============+====================================================+
| 7     910B3               | OK            | 107.1       43                0    / 0             |
| 0                         | 0000:42:00.0  | 1           0    / 0          28831/ 65536         |
+===========================+===============+====================================================+
+---------------------------+---------------+----------------------------------------------------+
| NPU     Chip              | Process id    | Process name             | Process memory(MB)      |
+===========================+===============+====================================================+
| 0       0                 | 3167028       | python                   | 8988                    |
+===========================+===============+====================================================+
| 1       0                 | 3150467       | python                   | 5748                    |
| 1       0                 | 3639580       | python                   | 5751                    |
+===========================+===============+====================================================+
| 2       0                 | 2532306       | python                   | 3064                    |
+===========================+===============+====================================================+
| 3       0                 | 2532307       | python                   | 5758                    |
+===========================+===============+====================================================+
| 4       0                 | 2999855       | VLLMEngineCor            | 55666                   |
+===========================+===============+====================================================+
| 5       0                 | 89602         | VLLMWorker_TP            | 56700                   |
+===========================+===============+====================================================+
| 6       0                 | 91228         | VLLMWorker_TP            | 56701                   |
+===========================+===============+====================================================+
| 7       0                 | 439848        | python3                  | 21260                   |
| 7       0                 | 2532308       | python                   | 4094                    |
+===========================+===============+====================================================+

=== device 0 detailed usages ===
	NPU ID                         : 0
	Chip Count                     : 1

	DDR Capacity(MB)               : 0
	DDR Usage Rate(%)              : 0
	DDR Hugepages Total(page)      : 0
	DDR Hugepages Usage Rate(%)    : 0
	HBM Capacity(MB)               : 65536
	HBM Usage Rate(%)              : 18
	Aicore Usage Rate(%)           : 26
	Aivector Usage Rate(%)         : 3
	Aicpu Usage Rate(%)            : 0
	Ctrlcpu Usage Rate(%)          : 4
	DDR Bandwidth Usage Rate(%)    : 0
	HBM Bandwidth Usage Rate(%)    : 0
	Chip ID                        : 0


=== host load ===
 05:33:06 up 242 days, 17:09, 33 users,  load average: 75.67, 65.73, 61.57

=== V051 runner process snapshot ===
3778670 lelinfe+ bash            /bin/bash -lc set -euo pipefail attempt='本地实验/ROW-SCALE-HOIST-X/V051/attempt-gamma-placement' runners_build="$(sed -n 's/^BUILD_DIR=//p' "$attempt/runners-build-dir-retry.txt")" parent_source_sha='7c2569d9e3830c845f2b5dc4587a73a05a0bdf041168614cd55ad84204e063f9' candidate_source_sha='5aad6db8fb2be25d65cd39c42c6a5ce72b75fd6e485b4495905c0c1d46f25bba' test "$(sha256sum "$attempt/compile/src/parent_submission.asc" | cut -d ' ' -f1)" = "$parent_source_sha" test "$(sha256sum "$attempt/compile/src/submission.asc" | cut -d ' ' -f1)" = "$candidate_source_sha" cmp '本地实验/ROW-SCALE-HOIST-X/V051/submission.asc' "$attempt/compile/src/submission.asc" test "$(sha256sum "$runners_build/v051_correctness_parent" | cut -d ' ' -f1)" = '9a80a4186020e979e12a015d0bb0117c8a54c15210a99716aa6ded5fb5544df1' test "$(sha256sum "$runners_build/v051_correctness_candidate" | cut -d ' ' -f1)" = '2b80d9a3a590913c16e2ba366b8436908ccb98e9232f27d78fe118de62b2006a' strings "$runners_build/v051_correctness_parent" | rg -F "$parent_source_sha" >/dev/null strings "$runners_build/v051_correctness_candidate" | rg -F "$candidate_source_sha" >/dev/null rg -F '#include "../compile/src/submission.asc"' "$attempt/correctness/candidate_runner.asc" >/dev/null rg -F 'ProcessSmallFp32ContiguousBatched' "$attempt/runner_common.inc" >/dev/null ! test -e "$attempt/correctness-parent.log" ! test -e "$attempt/correctness-candidate.log" ! test -e "$attempt/device-snapshot-before-correctness.log" snapshot="$attempt/device-snapshot-before-correctness.log" {   date -u '+SNAPSHOT_UTC=%Y-%m-%dT%H:%M:%SZ'   printf '\n=== host ===\n'   hostname -f   printf '\n=== all NPU HBM and process snapshot ===\n'   npu-smi info   printf '\n=== device 0 detailed usages ===\n'   npu-smi info -t usages -i 0   printf '\n=== host load ===\n'   uptime   printf '\n=== V051 runner process snapshot ===\n'   ps -eo pid,user,comm,args | rg -i 'v051|row.scale.hoist|cann-row-scale' || true } 2>&1 | tee "$snapshot" read -r hbm_used hbm_total < <(awk '/0000:C1:00.0/ {line=$0; sub(/^.*0000:C1:00.0[[:space:]]*\|[[:space:]]*/, "", line); gsub(/\|/, "", line); if (match(line, /[0-9]+[[:space:]]*\/[[:space:]]*[0-9]+[[:space:]]*$/)) {pair=substr(line, RSTART, RLENGTH); split(pair, a, "/"); gsub(/[[:space:]]/, "", a[1]); gsub(/[[:space:]]/, "", a[2]); print a[1], a[2]; exit}}' "$snapshot") test -n "${hbm_used:-}" && test -n "${hbm_total:-}" free_hbm=$((hbm_total - hbm_used)) printf 'DEVICE_0_HBM_USED_MB=%s\nDEVICE_0_HBM_TOTAL_MB=%s\nDEVICE_0_FREE_HBM_MB=%s\n' "$hbm_used" "$hbm_total" "$free_hbm" | tee -a "$snapshot" test "$free_hbm" -ge 100 export LD_LIBRARY_PATH="${LD_LIBRARY_PATH:-}" source /usr/local/Ascend/ascend-toolkit/set_env.sh set +e "$runners_build/v051_correctness_parent" > "$attempt/correctness-parent.log" 2>&1 parent_exit=$? printf 'PARENT_EXIT=%s\n' "$parent_exit" "$runners_build/v051_correctness_candidate" > "$attempt/correctness-candidate.log" 2>&1 candidate_exit=$? printf 'CANDIDATE_EXIT=%s\n' "$candidate_exit" set -e printf 'CORRECTNESS_END_UTC=%s\n' "$(date -u '+%Y-%m-%dT%H:%M:%SZ')" printf 'PARENT_EXECUTABLE_SHA256=%s\n' "$(sha256sum "$runners_build/v051_correctness_parent" | cut -d ' ' -f1)" printf 'CANDIDATE_EXECUTABLE_SHA256=%s\n' "$(sha256sum "$runners_build/v051_correctness_candidate" | cut -d ' ' -f1)" printf 'DEVICE_0_RELEASE_PENDING_RESULT_CAPTURE=true\n' printf 'PARENT_LOG=%s\nCANDIDATE_LOG=%s\n' "$attempt/correctness-parent.log" "$attempt/correctness-candidate.log" cat "$attempt/correctness-parent.log" cat "$attempt/correctness-candidate.log" exit 0
3778694 lelinfe+ bash            /bin/bash -lc set -euo pipefail attempt='本地实验/ROW-SCALE-HOIST-X/V051/attempt-gamma-placement' runners_build="$(sed -n 's/^BUILD_DIR=//p' "$attempt/runners-build-dir-retry.txt")" parent_source_sha='7c2569d9e3830c845f2b5dc4587a73a05a0bdf041168614cd55ad84204e063f9' candidate_source_sha='5aad6db8fb2be25d65cd39c42c6a5ce72b75fd6e485b4495905c0c1d46f25bba' test "$(sha256sum "$attempt/compile/src/parent_submission.asc" | cut -d ' ' -f1)" = "$parent_source_sha" test "$(sha256sum "$attempt/compile/src/submission.asc" | cut -d ' ' -f1)" = "$candidate_source_sha" cmp '本地实验/ROW-SCALE-HOIST-X/V051/submission.asc' "$attempt/compile/src/submission.asc" test "$(sha256sum "$runners_build/v051_correctness_parent" | cut -d ' ' -f1)" = '9a80a4186020e979e12a015d0bb0117c8a54c15210a99716aa6ded5fb5544df1' test "$(sha256sum "$runners_build/v051_correctness_candidate" | cut -d ' ' -f1)" = '2b80d9a3a590913c16e2ba366b8436908ccb98e9232f27d78fe118de62b2006a' strings "$runners_build/v051_correctness_parent" | rg -F "$parent_source_sha" >/dev/null strings "$runners_build/v051_correctness_candidate" | rg -F "$candidate_source_sha" >/dev/null rg -F '#include "../compile/src/submission.asc"' "$attempt/correctness/candidate_runner.asc" >/dev/null rg -F 'ProcessSmallFp32ContiguousBatched' "$attempt/runner_common.inc" >/dev/null ! test -e "$attempt/correctness-parent.log" ! test -e "$attempt/correctness-candidate.log" ! test -e "$attempt/device-snapshot-before-correctness.log" snapshot="$attempt/device-snapshot-before-correctness.log" {   date -u '+SNAPSHOT_UTC=%Y-%m-%dT%H:%M:%SZ'   printf '\n=== host ===\n'   hostname -f   printf '\n=== all NPU HBM and process snapshot ===\n'   npu-smi info   printf '\n=== device 0 detailed usages ===\n'   npu-smi info -t usages -i 0   printf '\n=== host load ===\n'   uptime   printf '\n=== V051 runner process snapshot ===\n'   ps -eo pid,user,comm,args | rg -i 'v051|row.scale.hoist|cann-row-scale' || true } 2>&1 | tee "$snapshot" read -r hbm_used hbm_total < <(awk '/0000:C1:00.0/ {line=$0; sub(/^.*0000:C1:00.0[[:space:]]*\|[[:space:]]*/, "", line); gsub(/\|/, "", line); if (match(line, /[0-9]+[[:space:]]*\/[[:space:]]*[0-9]+[[:space:]]*$/)) {pair=substr(line, RSTART, RLENGTH); split(pair, a, "/"); gsub(/[[:space:]]/, "", a[1]); gsub(/[[:space:]]/, "", a[2]); print a[1], a[2]; exit}}' "$snapshot") test -n "${hbm_used:-}" && test -n "${hbm_total:-}" free_hbm=$((hbm_total - hbm_used)) printf 'DEVICE_0_HBM_USED_MB=%s\nDEVICE_0_HBM_TOTAL_MB=%s\nDEVICE_0_FREE_HBM_MB=%s\n' "$hbm_used" "$hbm_total" "$free_hbm" | tee -a "$snapshot" test "$free_hbm" -ge 100 export LD_LIBRARY_PATH="${LD_LIBRARY_PATH:-}" source /usr/local/Ascend/ascend-toolkit/set_env.sh set +e "$runners_build/v051_correctness_parent" > "$attempt/correctness-parent.log" 2>&1 parent_exit=$? printf 'PARENT_EXIT=%s\n' "$parent_exit" "$runners_build/v051_correctness_candidate" > "$attempt/correctness-candidate.log" 2>&1 candidate_exit=$? printf 'CANDIDATE_EXIT=%s\n' "$candidate_exit" set -e printf 'CORRECTNESS_END_UTC=%s\n' "$(date -u '+%Y-%m-%dT%H:%M:%SZ')" printf 'PARENT_EXECUTABLE_SHA256=%s\n' "$(sha256sum "$runners_build/v051_correctness_parent" | cut -d ' ' -f1)" printf 'CANDIDATE_EXECUTABLE_SHA256=%s\n' "$(sha256sum "$runners_build/v051_correctness_candidate" | cut -d ' ' -f1)" printf 'DEVICE_0_RELEASE_PENDING_RESULT_CAPTURE=true\n' printf 'PARENT_LOG=%s\nCANDIDATE_LOG=%s\n' "$attempt/correctness-parent.log" "$attempt/correctness-candidate.log" cat "$attempt/correctness-parent.log" cat "$attempt/correctness-candidate.log" exit 0
3778695 lelinfe+ tee             tee 本地实验/ROW-SCALE-HOIST-X/V051/attempt-gamma-placement/device-snapshot-before-correctness.log
3778870 lelinfe+ rg              rg -i v051|row.scale.hoist|cann-row-scale
DEVICE_0_HBM_USED_MB=12366
DEVICE_0_HBM_TOTAL_MB=65536
DEVICE_0_FREE_HBM_MB=53170
