SNAPSHOT_UTC=2026-10-08T05:34:00Z

=== host ===
hwnput3

=== all NPU HBM and process snapshot ===
+------------------------------------------------------------------------------------------------+
| npu-smi 25.0.rc1.1               Version: 25.0.rc1.1                                           |
+---------------------------+---------------+----------------------------------------------------+
| NPU   Name                | Health        | Power(W)    Temp(C)           Hugepages-Usage(page)|
| Chip                      | Bus-Id        | AICore(%)   Memory-Usage(MB)  HBM-Usage(MB)        |
+===========================+===============+====================================================+
| 0     910B3               | OK            | 105.0       32                0    / 0             |
| 0                         | 0000:C1:00.0  | 1           0    / 0          12366/ 65536         |
+===========================+===============+====================================================+
| 1     910B3               | OK            | 99.2        32                0    / 0             |
| 0                         | 0000:C2:00.0  | 0           0    / 0          14878/ 65536         |
+===========================+===============+====================================================+
| 2     910B3               | OK            | 93.8        33                0    / 0             |
| 0                         | 0000:81:00.0  | 0           0    / 0          6434 / 65536         |
+===========================+===============+====================================================+
| 3     910B3               | OK            | 132.1       34                0    / 0             |
| 0                         | 0000:82:00.0  | 14          0    / 0          9132 / 65536         |
+===========================+===============+====================================================+
| 4     910B3               | OK            | 207.4       59                0    / 0             |
| 0                         | 0000:01:00.0  | 62          0    / 0          59193/ 65536         |
+===========================+===============+====================================================+
| 5     910B3               | OK            | 172.5       52                0    / 0             |
| 0                         | 0000:02:00.0  | 44          0    / 0          60222/ 65536         |
+===========================+===============+====================================================+
| 6     910B3               | OK            | 169.3       50                0    / 0             |
| 0                         | 0000:41:00.0  | 43          0    / 0          60222/ 65536         |
+===========================+===============+====================================================+
| 7     910B3               | OK            | 108.2       41                0    / 0             |
| 0                         | 0000:42:00.0  | 1           0    / 0          28832/ 65536         |
+===========================+===============+====================================================+
+---------------------------+---------------+----------------------------------------------------+
| NPU     Chip              | Process id    | Process name             | Process memory(MB)      |
+===========================+===============+====================================================+
| 0       0                 | 3167028       | python                   | 8988                    |
+===========================+===============+====================================================+
| 1       0                 | 3150467       | python                   | 5748                    |
| 1       0                 | 3639580       | python                   | 5751                    |
+===========================+===============+====================================================+
| 2       0                 | 2532306       | python                   | 3064                    |
+===========================+===============+====================================================+
| 3       0                 | 2532307       | python                   | 5758                    |
+===========================+===============+====================================================+
| 4       0                 | 2999855       | VLLMEngineCor            | 55666                   |
+===========================+===============+====================================================+
| 5       0                 | 89602         | VLLMWorker_TP            | 56700                   |
+===========================+===============+====================================================+
| 6       0                 | 91228         | VLLMWorker_TP            | 56701                   |
+===========================+===============+====================================================+
| 7       0                 | 439848        | python3                  | 21260                   |
| 7       0                 | 2532308       | python                   | 4094                    |
+===========================+===============+====================================================+

=== device 0 detailed usages ===
	NPU ID                         : 0
	Chip Count                     : 1

	DDR Capacity(MB)               : 0
	DDR Usage Rate(%)              : 0
	DDR Hugepages Total(page)      : 0
	DDR Hugepages Usage Rate(%)    : 0
	HBM Capacity(MB)               : 65536
	HBM Usage Rate(%)              : 18
	Aicore Usage Rate(%)           : 0
	Aivector Usage Rate(%)         : 0
	Aicpu Usage Rate(%)            : 0
	Ctrlcpu Usage Rate(%)          : 9
	DDR Bandwidth Usage Rate(%)    : 0
	HBM Bandwidth Usage Rate(%)    : 0
	Chip ID                        : 0


=== host load ===
 05:34:01 up 242 days, 17:10, 33 users,  load average: 72.66, 66.30, 61.98

=== V051 runner process snapshot ===
3787232 lelinfe+ bash            /bin/bash -lc set -eo pipefail attempt='本地实验/ROW-SCALE-HOIST-X/V051/attempt-gamma-placement' runners_build="$(sed -n 's/^BUILD_DIR=//p' "$attempt/runners-build-dir-retry.txt")" export LD_LIBRARY_PATH="${LD_LIBRARY_PATH:-}" export PYTHONPATH="${PYTHONPATH:-}" source /usr/local/Ascend/ascend-toolkit/set_env.sh snapshot="$attempt/device-snapshot-immediate-before-correctness-2.log" {   date -u '+SNAPSHOT_UTC=%Y-%m-%dT%H:%M:%SZ'   printf '\n=== host ===\n'   hostname -f   printf '\n=== all NPU HBM and process snapshot ===\n'   npu-smi info   printf '\n=== device 0 detailed usages ===\n'   npu-smi info -t usages -i 0   printf '\n=== host load ===\n'   uptime   printf '\n=== V051 runner process snapshot ===\n'   ps -eo pid,user,comm,args | rg -i 'v051|row.scale.hoist|cann-row-scale' || true } 2>&1 | tee "$snapshot" read -r hbm_used hbm_total < <(awk '/0000:C1:00.0/ {line=$0; sub(/^.*0000:C1:00.0[[:space:]]*\|[[:space:]]*/, "", line); gsub(/\|/, "", line); if (match(line, /[0-9]+[[:space:]]*\/[[:space:]]*[0-9]+[[:space:]]*$/)) {pair=substr(line, RSTART, RLENGTH); split(pair, a, "/"); gsub(/[[:space:]]/, "", a[1]); gsub(/[[:space:]]/, "", a[2]); print a[1], a[2]; exit}}' "$snapshot") test -n "$hbm_used" && test -n "$hbm_total" free_hbm=$((hbm_total - hbm_used)) printf 'DEVICE_0_HBM_USED_MB=%s\nDEVICE_0_HBM_TOTAL_MB=%s\nDEVICE_0_FREE_HBM_MB=%s\n' "$hbm_used" "$hbm_total" "$free_hbm" | tee -a "$snapshot" test "$free_hbm" -ge 100 set +e "$runners_build/v051_correctness_parent" > "$attempt/correctness-parent.log" 2>&1 parent_exit=$? printf 'PARENT_EXIT=%s\n' "$parent_exit" "$runners_build/v051_correctness_candidate" > "$attempt/correctness-candidate.log" 2>&1 candidate_exit=$? printf 'CANDIDATE_EXIT=%s\n' "$candidate_exit" set -e printf 'CORRECTNESS_END_UTC=%s\n' "$(date -u '+%Y-%m-%dT%H:%M:%SZ')" printf 'PARENT_EXECUTABLE_SHA256=%s\n' "$(sha256sum "$runners_build/v051_correctness_parent" | cut -d ' ' -f1)" printf 'CANDIDATE_EXECUTABLE_SHA256=%s\n' "$(sha256sum "$runners_build/v051_correctness_candidate" | cut -d ' ' -f1)" printf 'DEVICE_0_RELEASE_PENDING_RESULT_CAPTURE=true\n' printf 'PARENT_LOG=%s\nCANDIDATE_LOG=%s\n' "$attempt/correctness-parent.log" "$attempt/correctness-candidate.log" cat "$attempt/correctness-parent.log" cat "$attempt/correctness-candidate.log" exit 0
3787238 lelinfe+ bash            /bin/bash -lc set -eo pipefail attempt='本地实验/ROW-SCALE-HOIST-X/V051/attempt-gamma-placement' runners_build="$(sed -n 's/^BUILD_DIR=//p' "$attempt/runners-build-dir-retry.txt")" export LD_LIBRARY_PATH="${LD_LIBRARY_PATH:-}" export PYTHONPATH="${PYTHONPATH:-}" source /usr/local/Ascend/ascend-toolkit/set_env.sh snapshot="$attempt/device-snapshot-immediate-before-correctness-2.log" {   date -u '+SNAPSHOT_UTC=%Y-%m-%dT%H:%M:%SZ'   printf '\n=== host ===\n'   hostname -f   printf '\n=== all NPU HBM and process snapshot ===\n'   npu-smi info   printf '\n=== device 0 detailed usages ===\n'   npu-smi info -t usages -i 0   printf '\n=== host load ===\n'   uptime   printf '\n=== V051 runner process snapshot ===\n'   ps -eo pid,user,comm,args | rg -i 'v051|row.scale.hoist|cann-row-scale' || true } 2>&1 | tee "$snapshot" read -r hbm_used hbm_total < <(awk '/0000:C1:00.0/ {line=$0; sub(/^.*0000:C1:00.0[[:space:]]*\|[[:space:]]*/, "", line); gsub(/\|/, "", line); if (match(line, /[0-9]+[[:space:]]*\/[[:space:]]*[0-9]+[[:space:]]*$/)) {pair=substr(line, RSTART, RLENGTH); split(pair, a, "/"); gsub(/[[:space:]]/, "", a[1]); gsub(/[[:space:]]/, "", a[2]); print a[1], a[2]; exit}}' "$snapshot") test -n "$hbm_used" && test -n "$hbm_total" free_hbm=$((hbm_total - hbm_used)) printf 'DEVICE_0_HBM_USED_MB=%s\nDEVICE_0_HBM_TOTAL_MB=%s\nDEVICE_0_FREE_HBM_MB=%s\n' "$hbm_used" "$hbm_total" "$free_hbm" | tee -a "$snapshot" test "$free_hbm" -ge 100 set +e "$runners_build/v051_correctness_parent" > "$attempt/correctness-parent.log" 2>&1 parent_exit=$? printf 'PARENT_EXIT=%s\n' "$parent_exit" "$runners_build/v051_correctness_candidate" > "$attempt/correctness-candidate.log" 2>&1 candidate_exit=$? printf 'CANDIDATE_EXIT=%s\n' "$candidate_exit" set -e printf 'CORRECTNESS_END_UTC=%s\n' "$(date -u '+%Y-%m-%dT%H:%M:%SZ')" printf 'PARENT_EXECUTABLE_SHA256=%s\n' "$(sha256sum "$runners_build/v051_correctness_parent" | cut -d ' ' -f1)" printf 'CANDIDATE_EXECUTABLE_SHA256=%s\n' "$(sha256sum "$runners_build/v051_correctness_candidate" | cut -d ' ' -f1)" printf 'DEVICE_0_RELEASE_PENDING_RESULT_CAPTURE=true\n' printf 'PARENT_LOG=%s\nCANDIDATE_LOG=%s\n' "$attempt/correctness-parent.log" "$attempt/correctness-candidate.log" cat "$attempt/correctness-parent.log" cat "$attempt/correctness-candidate.log" exit 0
3787239 lelinfe+ tee             tee 本地实验/ROW-SCALE-HOIST-X/V051/attempt-gamma-placement/device-snapshot-immediate-before-correctness-2.log
3787447 lelinfe+ rg              rg -i v051|row.scale.hoist|cann-row-scale
DEVICE_0_HBM_USED_MB=12366
DEVICE_0_HBM_TOTAL_MB=65536
DEVICE_0_FREE_HBM_MB=53170
