RELEASE_SNAPSHOT_UTC=2026-10-08T05:38:02Z

=== device 0 detailed usages after V051 capture ===
	NPU ID                         : 0
	Chip Count                     : 1

	DDR Capacity(MB)               : 0
	DDR Usage Rate(%)              : 0
	DDR Hugepages Total(page)      : 0
	DDR Hugepages Usage Rate(%)    : 0
	HBM Capacity(MB)               : 65536
	HBM Usage Rate(%)              : 18
	Aicore Usage Rate(%)           : 0
	Aivector Usage Rate(%)         : 4
	Aicpu Usage Rate(%)            : 0
	Ctrlcpu Usage Rate(%)          : 5
	DDR Bandwidth Usage Rate(%)    : 0
	HBM Bandwidth Usage Rate(%)    : 0
	Chip ID                        : 0


=== all NPU/process table ===
+------------------------------------------------------------------------------------------------+
| npu-smi 25.0.rc1.1               Version: 25.0.rc1.1                                           |
+---------------------------+---------------+----------------------------------------------------+
| NPU   Name                | Health        | Power(W)    Temp(C)           Hugepages-Usage(page)|
| Chip                      | Bus-Id        | AICore(%)   Memory-Usage(MB)  HBM-Usage(MB)        |
+===========================+===============+====================================================+
| 0     910B3               | OK            | 143.1       31                0    / 0             |
| 0                         | 0000:C1:00.0  | 9           0    / 0          12368/ 65536         |
+===========================+===============+====================================================+
| 1     910B3               | OK            | 107.2       31                0    / 0             |
| 0                         | 0000:C2:00.0  | 1           0    / 0          14878/ 65536         |
+===========================+===============+====================================================+
| 2     910B3               | OK            | 98.5        31                0    / 0             |
| 0                         | 0000:81:00.0  | 0           0    / 0          6435 / 65536         |
+===========================+===============+====================================================+
| 3     910B3               | OK            | 140.0       33                0    / 0             |
| 0                         | 0000:82:00.0  | 16          0    / 0          9132 / 65536         |
+===========================+===============+====================================================+
| 4     910B3               | OK            | 204.2       57                0    / 0             |
| 0                         | 0000:01:00.0  | 61          0    / 0          59193/ 65536         |
+===========================+===============+====================================================+
| 5     910B3               | OK            | 170.4       50                0    / 0             |
| 0                         | 0000:02:00.0  | 45          0    / 0          60222/ 65536         |
+===========================+===============+====================================================+
| 6     910B3               | OK            | 173.4       47                0    / 0             |
| 0                         | 0000:41:00.0  | 45          0    / 0          60221/ 65536         |
+===========================+===============+====================================================+
| 7     910B3               | OK            | 166.4       43                0    / 0             |
| 0                         | 0000:42:00.0  | 8           0    / 0          28832/ 65536         |
+===========================+===============+====================================================+
+---------------------------+---------------+----------------------------------------------------+
| NPU     Chip              | Process id    | Process name             | Process memory(MB)      |
+===========================+===============+====================================================+
| 0       0                 | 3167028       | python                   | 8988                    |
+===========================+===============+====================================================+
| 1       0                 | 3150467       | python                   | 5748                    |
| 1       0                 | 3639580       | python                   | 5751                    |
+===========================+===============+====================================================+
| 2       0                 | 2532306       | python                   | 3064                    |
+===========================+===============+====================================================+
| 3       0                 | 2532307       | python                   | 5758                    |
+===========================+===============+====================================================+
| 4       0                 | 2999855       | VLLMEngineCor            | 55666                   |
+===========================+===============+====================================================+
| 5       0                 | 89602         | VLLMWorker_TP            | 56700                   |
+===========================+===============+====================================================+
| 6       0                 | 91228         | VLLMWorker_TP            | 56701                   |
+===========================+===============+====================================================+
| 7       0                 | 439848        | python3                  | 21260                   |
| 7       0                 | 2532308       | python                   | 4094                    |
+===========================+===============+====================================================+

=== host load ===
 05:38:04 up 242 days, 17:14, 33 users,  load average: 47.07, 62.09, 61.69

=== V051 runner processes remaining ===
3828339 lelinfe+ bash            /bin/bash -lc set -eo pipefail attempt='本地实验/ROW-SCALE-HOIST-X/V051/attempt-gamma-placement' snapshot="$attempt/device-release.log" {   date -u '+RELEASE_SNAPSHOT_UTC=%Y-%m-%dT%H:%M:%SZ'   printf '\n=== device 0 detailed usages after V051 capture ===\n'   npu-smi info -t usages -i 0   printf '\n=== all NPU/process table ===\n'   npu-smi info   printf '\n=== host load ===\n'   uptime   printf '\n=== V051 runner processes remaining ===\n'   ps -eo pid,user,comm,args | rg -i 'v051_correctness|v051_local|row.scale.hoist|cann-row-scale' || true   printf '\nDEVICE_0_RELEASE=RELEASED_AFTER_V051_RAW_RESULT_CAPTURE\n' } 2>&1 | tee "$snapshot"
3828343 lelinfe+ bash            /bin/bash -lc set -eo pipefail attempt='本地实验/ROW-SCALE-HOIST-X/V051/attempt-gamma-placement' snapshot="$attempt/device-release.log" {   date -u '+RELEASE_SNAPSHOT_UTC=%Y-%m-%dT%H:%M:%SZ'   printf '\n=== device 0 detailed usages after V051 capture ===\n'   npu-smi info -t usages -i 0   printf '\n=== all NPU/process table ===\n'   npu-smi info   printf '\n=== host load ===\n'   uptime   printf '\n=== V051 runner processes remaining ===\n'   ps -eo pid,user,comm,args | rg -i 'v051_correctness|v051_local|row.scale.hoist|cann-row-scale' || true   printf '\nDEVICE_0_RELEASE=RELEASED_AFTER_V051_RAW_RESULT_CAPTURE\n' } 2>&1 | tee "$snapshot"
3828344 lelinfe+ tee             tee 本地实验/ROW-SCALE-HOIST-X/V051/attempt-gamma-placement/device-release.log
3828969 lelinfe+ rg              rg -i v051_correctness|v051_local|row.scale.hoist|cann-row-scale

DEVICE_0_RELEASE=RELEASED_AFTER_V051_RAW_RESULT_CAPTURE
