DEVICE=1 FREE_HBM_MB=51118
+ R11_RC=0
+ set -e
+ cat /home/data4t2/lelinfeng/cann/w4/R11-row-remainder-balance-x/V002/results/local-protocol-20261008/pp-profile.log
+ msprof --output=/home/data4t2/lelinfeng/cann/w4/R11-row-remainder-balance-x/V002/results/local-protocol-20261008/pp-profile --ai-core=off --task-time=on --ascendcl=on --runtime-api=on --aicpu=off '--application=/home/data4t2/lelinfeng/cann/w4/R11-row-remainder-balance-x/V002/build-server3-v002/adaptive_probe_local_pp --mode local-pp --device 1 --output /home/data4t2/lelinfeng/cann/w4/R11-row-remainder-balance-x/V002/results/local-protocol-20261008/pp-event.raw.tsv'
[INFO] Start profiling...
DEVICE id=1 available_vector_cores=40 mode=local-pp shape_scope=local_proxy_not_official_mapping
OUTPUT_SLOTS case=target-fp32-64x8192 slot_P_address=0x12c041a00000 slot_C_address=0x12c041e00000 slot_P_kernel=PARENT slot_C_kernel=PARENT warmup_pairs=45 pair_blocks=4 pairs_per_block=11
CORRECTNESS case=target-fp32-64x8192 phase=before_measure reference=CPU_FP32 second_kernel=PARENT parent_failures=0 parent_max_abs=4.76837e-06 candidate_failures=0 candidate_max_abs=4.76837e-06
MEASURE_BEFORE_START_EVENT
MEASURE_AFTER_START_EVENT
MEASURE_AFTER_LAUNCH
MEASURE_AFTER_STOP_EVENT
MEASURE_AFTER_SYNC
MEASURE_AFTER_ELAPSED
MEASURE_BEFORE_RECORDED_FLAG
MEASURE_AFTER_RECORDED_FLAG
MEASURE_BEFORE_RETURN
LOCAL case=target-fp32-64x8192 samples_per_variant=44 parent_median_us=28.93 candidate_median_us=27.81 delta_median_pct=-2.74903 parent_mad_over_median=0.171794 candidate_mad_over_median=0.144552
CORRECTNESS case=target-fp32-64x8192 phase=after_measure reference=CPU_FP32 second_kernel=PARENT parent_failures=0 parent_max_abs=4.76837e-06 candidate_failures=0 candidate_max_abs=4.76837e-06
OUTPUT_SLOTS case=control-fp32-12x8192 slot_P_address=0x12c0c00e7000 slot_C_address=0x12c0c0148000 slot_P_kernel=PARENT slot_C_kernel=PARENT warmup_pairs=45 pair_blocks=4 pairs_per_block=11
CORRECTNESS case=control-fp32-12x8192 phase=before_measure reference=CPU_FP32 second_kernel=PARENT parent_failures=0 parent_max_abs=3.09944e-06 candidate_failures=0 candidate_max_abs=3.09944e-06
LOCAL case=control-fp32-12x8192 samples_per_variant=44 parent_median_us=26.89 candidate_median_us=30.1 delta_median_pct=10.3646 parent_mad_over_median=0.116028 candidate_mad_over_median=0.194684
CORRECTNESS case=control-fp32-12x8192 phase=after_measure reference=CPU_FP32 second_kernel=PARENT parent_failures=0 parent_max_abs=3.09944e-06 candidate_failures=0 candidate_max_abs=3.09944e-06
[INFO] Start export data in PROF_000001_20261008054430699_EJKIQARPAEQLRDNB.
Thu 08 Oct 2026 05:44:34 [INFO] [MSVP] [3896432] msprof_common.py: Start analyzing data in "/home/data4t2/lelinfeng/cann/w4/R11-row-remainder-balance-x/V002/results/local-protocol-20261008/pp-profile/PROF_000001_20261008054430699_EJKIQARPAEQLRDNB/host" ...
Thu 08 Oct 2026 05:44:34 [INFO] [MSVP] [3896432] msprof_common.py: It may take few minutes, please be patient ...
Thu 08 Oct 2026 05:44:34 [INFO] [MSVP] [3896432] msprof_common.py: Analysis data in "/home/data4t2/lelinfeng/cann/w4/R11-row-remainder-balance-x/V002/results/local-protocol-20261008/pp-profile/PROF_000001_20261008054430699_EJKIQARPAEQLRDNB/host" finished.
Thu 08 Oct 2026 05:44:34 [INFO] [MSVP] [3896432] msprof_common.py: Start analyzing data in "/home/data4t2/lelinfeng/cann/w4/R11-row-remainder-balance-x/V002/results/local-protocol-20261008/pp-profile/PROF_000001_20261008054430699_EJKIQARPAEQLRDNB/device_1" ...
Thu 08 Oct 2026 05:44:34 [INFO] [MSVP] [3896432] msprof_common.py: It may take few minutes, please be patient ...
Thu 08 Oct 2026 05:44:34 [INFO] [MSVP] [3896432] msprof_common.py: Analysis data in "/home/data4t2/lelinfeng/cann/w4/R11-row-remainder-balance-x/V002/results/local-protocol-20261008/pp-profile/PROF_000001_20261008054430699_EJKIQARPAEQLRDNB/device_1" finished.
Thu 08 Oct 2026 05:44:35 [INFO] [MSVP] [3896432] msprof_export.py: All collected data will be exported, path is: /home/data4t2/lelinfeng/cann/w4/R11-row-remainder-balance-x/V002/results/local-protocol-20261008/pp-profile/PROF_000001_20261008054430699_EJKIQARPAEQLRDNB/device_1.
Thu 08 Oct 2026 05:44:35 [INFO] [MSVP] [3896432] msprof_export.py: There is no timeline data to export for "/home/data4t2/lelinfeng/cann/w4/R11-row-remainder-balance-x/V002/results/local-protocol-20261008/pp-profile/PROF_000001_20261008054430699_EJKIQARPAEQLRDNB/host"
Thu 08 Oct 2026 05:44:36 [INFO] [MSVP] [3896778] msprof_export.py: The data in "/home/data4t2/lelinfeng/cann/w4/R11-row-remainder-balance-x/V002/results/local-protocol-20261008/pp-profile/PROF_000001_20261008054430699_EJKIQARPAEQLRDNB/host" has been analyzed. Parsing phase will be skipped.
Thu 08 Oct 2026 05:44:36 [INFO] [MSVP] [3896778] msprof_export.py: The data in "/home/data4t2/lelinfeng/cann/w4/R11-row-remainder-balance-x/V002/results/local-protocol-20261008/pp-profile/PROF_000001_20261008054430699_EJKIQARPAEQLRDNB/device_1" has been analyzed. Parsing phase will be skipped.
Thu 08 Oct 2026 05:44:36 [INFO] [MSVP] [3896778] msprof_export.py: All collected data will be exported, path is: /home/data4t2/lelinfeng/cann/w4/R11-row-remainder-balance-x/V002/results/local-protocol-20261008/pp-profile/PROF_000001_20261008054430699_EJKIQARPAEQLRDNB/device_1.
Thu 08 Oct 2026 05:44:36 [INFO] [MSVP] [3896778] msprof_export.py: There is no summary data to export for "/home/data4t2/lelinfeng/cann/w4/R11-row-remainder-balance-x/V002/results/local-protocol-20261008/pp-profile/PROF_000001_20261008054430699_EJKIQARPAEQLRDNB/host"
Thu 08 Oct 2026 05:44:36 [INFO] [MSVP] [3896778] msprof_export.py: All collected data will be exported, path is: /home/data4t2/lelinfeng/cann/w4/R11-row-remainder-balance-x/V002/results/local-protocol-20261008/pp-profile/PROF_000001_20261008054430699_EJKIQARPAEQLRDNB/device_1.
Thu 08 Oct 2026 05:44:36 [INFO] [MSVP] [3896778] msprof_export.py: There is no summary data to export for "/home/data4t2/lelinfeng/cann/w4/R11-row-remainder-balance-x/V002/results/local-protocol-20261008/pp-profile/PROF_000001_20261008054430699_EJKIQARPAEQLRDNB/device_1"
Thu 08 Oct 2026 05:44:36 [INFO] [MSVP] [3896778] msprof_common.py: Start exporting summary output_file.
Thu 08 Oct 2026 05:44:36 [INFO] [MSVP] [3896778] msprof_common.py: End exporting summary output_file.The file is stored in the /home/data4t2/lelinfeng/cann/w4/R11-row-remainder-balance-x/V002/results/local-protocol-20261008/pp-profile/PROF_000001_20261008054430699_EJKIQARPAEQLRDNB/mindstudio_profiler_output path.
[INFO] Export all data in PROF_000001_20261008054430699_EJKIQARPAEQLRDNB done.
[INFO] Start query data in PROF_000001_20261008054430699_EJKIQARPAEQLRDNB.
Job Info	Device ID	Dir Name	Collection Time           	Model ID	Iteration Number	Top Time Iteration	Rank ID	

NA      	         	host    	2026-10-08 05:44:30.705681	N/A     	N/A             	N/A               	-1     	

NA      	1        	device_1	2026-10-08 05:44:31.168229	N/A     	N/A             	N/A               	-1     	

[INFO] Query all data in PROF_000001_20261008054430699_EJKIQARPAEQLRDNB done.
[INFO] Profiling finished.
[INFO] Process profiling data complete. Data is saved in /home/data4t2/lelinfeng/cann/w4/R11-row-remainder-balance-x/V002/results/local-protocol-20261008/pp-profile/PROF_000001_20261008054430699_EJKIQARPAEQLRDNB
+ r11_context pp-post
+ local label=pp-post
+ date -u
+ cat /proc/loadavg
+ npu-smi info
+ npu-smi info -t usages -i 1
+ awk '
        /HBM Capacity\(MB\)/ { capacity = $NF }
        /^[[:space:]]*HBM Usage Rate\(%\)/ { rate = $NF }
        END {
            if (capacity == "" || rate == "") exit 2
            free = int(capacity * (100 - rate) / 100)
            printf "DEVICE=1 FREE_HBM_MB=%d\n", free
            if (free < 100) exit 75
        }
    ' /home/data4t2/lelinfeng/cann/w4/R11-row-remainder-balance-x/V002/results/local-protocol-20261008/pp-post.usages.txt
DEVICE=1 FREE_HBM_MB=51118
PROFILE_RC=0 MODE=local-pp
+ printf 'PROFILE_RC=%s MODE=%s\n' 0 local-pp
+ exit 0
