[ 66%] Building CXX object CMakeFiles/route_runner.dir/exact_source_adapter.cpp.o
[ 66%] Building CXX object CMakeFiles/route_runner.dir/direct_runner.cpp.o
[100%] Linking CXX executable route_runner
ld.lld: error: undefined symbol: rtLinkedDevBinaryRegisterDelay
>>> referenced by exact_source_adapter.cpp
>>>               CMakeFiles/route_runner.dir/exact_source_adapter.cpp.o:(cceModuleCtor)

ld.lld: error: undefined symbol: __cce_rtKernelLaunch
>>> referenced by exact_source_adapter.cpp
>>>               CMakeFiles/route_runner.dir/exact_source_adapter.cpp.o:(void add_rms_norm_bias_custom<float>(unsigned char*, unsigned char*, unsigned char*, unsigned char*, unsigned char*, unsigned long, unsigned long, unsigned int, float, float))
>>> referenced by exact_source_adapter.cpp
>>>               CMakeFiles/route_runner.dir/exact_source_adapter.cpp.o:(void add_rms_norm_bias_custom<half>(unsigned char*, unsigned char*, unsigned char*, unsigned char*, unsigned char*, unsigned long, unsigned long, unsigned int, float, float))
>>> referenced by exact_source_adapter.cpp
>>>               CMakeFiles/route_runner.dir/exact_source_adapter.cpp.o:(void add_rms_norm_bias_custom<__bf16>(unsigned char*, __bf16, __bf16, __bf16, __bf16, unsigned long, unsigned long, unsigned int, float, float))
cceld: Linker ReturnCode: 1
cceld: ExecutionFailed: 0
cceld: ErrMsg: 
bisheng: error: linker command failed with exit code 1 (use -v to see invocation)
gmake[3]: *** [CMakeFiles/route_runner.dir/build.make:113: route_runner] Error 1
gmake[2]: *** [CMakeFiles/Makefile2:83: CMakeFiles/route_runner.dir/all] Error 2
gmake[1]: *** [CMakeFiles/Makefile2:90: CMakeFiles/route_runner.dir/rule] Error 2
gmake: *** [Makefile:124: route_runner] Error 2
