ROUTE=SYNC-BARRIER-ELISION-X
REVISION=V005
PARENT=R31B-V011
DEVICE=3
DTYPE=fp16
HOST=hwnput3
UTC_START=2026-10-07T04:56:39Z
--- preflight npu-smi ---
+------------------------------------------------------------------------------------------------+
| npu-smi 25.0.rc1.1               Version: 25.0.rc1.1                                           |
+---------------------------+---------------+----------------------------------------------------+
| NPU   Name                | Health        | Power(W)    Temp(C)           Hugepages-Usage(page)|
| Chip                      | Bus-Id        | AICore(%)   Memory-Usage(MB)  HBM-Usage(MB)        |
+===========================+===============+====================================================+
| 0     910B3               | OK            | 93.0        33                0    / 0             |
| 0                         | 0000:C1:00.0  | 0           0    / 0          60220/ 65536         |
+===========================+===============+====================================================+
| 1     910B3               | OK            | 88.6        32                0    / 0             |
| 0                         | 0000:C2:00.0  | 0           0    / 0          60275/ 65536         |
+===========================+===============+====================================================+
| 2     910B3               | OK            | 96.5        34                0    / 0             |
| 0                         | 0000:81:00.0  | 0           0    / 0          61246/ 65536         |
+===========================+===============+====================================================+
| 3     910B3               | OK            | 91.9        33                0    / 0             |
| 0                         | 0000:82:00.0  | 0           0    / 0          60219/ 65536         |
+===========================+===============+====================================================+
| 4     910B3               | OK            | 91.7        39                0    / 0             |
| 0                         | 0000:01:00.0  | 0           0    / 0          59192/ 65536         |
+===========================+===============+====================================================+
| 5     910B3               | OK            | 173.7       53                0    / 0             |
| 0                         | 0000:02:00.0  | 50          0    / 0          60223/ 65536         |
+===========================+===============+====================================================+
| 6     910B3               | OK            | 176.0       51                0    / 0             |
| 0                         | 0000:41:00.0  | 50          0    / 0          60222/ 65536         |
+===========================+===============+====================================================+
| 7     910B3               | OK            | 108.7       42                0    / 0             |
| 0                         | 0000:42:00.0  | 1           0    / 0          24790/ 65536         |
+===========================+===============+====================================================+
+---------------------------+---------------+----------------------------------------------------+
| NPU     Chip              | Process id    | Process name             | Process memory(MB)      |
+===========================+===============+====================================================+
| 0       0                 | 89395         | VLLMWorker_TP            | 56702                   |
+===========================+===============+====================================================+
| 1       0                 | 91055         | VLLMWorker_TP            | 56702                   |
+===========================+===============+====================================================+
| 2       0                 | 1054263       | python                   | 1084                    |
| 2       0                 | 92813         | VLLMWorker_TP            | 56703                   |
+===========================+===============+====================================================+
| 3       0                 | 94498         | VLLMWorker_TP            | 56703                   |
+===========================+===============+====================================================+
| 4       0                 | 2999855       | VLLMEngineCor            | 55666                   |
+===========================+===============+====================================================+
| 5       0                 | 89602         | VLLMWorker_TP            | 56700                   |
+===========================+===============+====================================================+
| 6       0                 | 91228         | VLLMWorker_TP            | 56701                   |
+===========================+===============+====================================================+
| 7       0                 | 439848        | python3                  | 21260                   |
+===========================+===============+====================================================+
--- build correctness target ---
[ 50%] Building ASC object CMakeFiles/sync_barrier_elision_correctness.dir/support/correctness_runner.asc.o
[100%] Linking ASC executable sync_barrier_elision_correctness
[100%] Built target sync_barrier_elision_correctness
CORRECTNESS_BUILD_RC=0
--- correctness command ---
source /usr/local/Ascend/ascend-toolkit/set_env.sh && /home/data4t2/lelinfeng/server_runs/SYNC-BARRIER-ELISION-X/V005/compile-local-20261007T043221Z/build/sync_barrier_elision_correctness 3
CORRECTNESS device=3 dtype=fp16 rows=8 width=128 parent_candidate_bit_mismatch=0 result=PASS
CORRECTNESS device=3 dtype=fp16 rows=8 width=256 parent_candidate_bit_mismatch=0 result=PASS
CORRECTNESS device=3 dtype=fp16 rows=8 width=1024 parent_candidate_bit_mismatch=0 result=PASS
CORRECTNESS device=3 dtype=fp16 rows=8 width=2048 parent_candidate_bit_mismatch=0 result=PASS
CORRECTNESS device=3 dtype=fp16 rows=8 width=4096 parent_candidate_bit_mismatch=0 result=PASS
CORRECTNESS_SUMMARY result=PASS cases=5
CORRECTNESS_RUN_RC=0
--- postflight npu-smi ---
+------------------------------------------------------------------------------------------------+
| npu-smi 25.0.rc1.1               Version: 25.0.rc1.1                                           |
+---------------------------+---------------+----------------------------------------------------+
| NPU   Name                | Health        | Power(W)    Temp(C)           Hugepages-Usage(page)|
| Chip                      | Bus-Id        | AICore(%)   Memory-Usage(MB)  HBM-Usage(MB)        |
+===========================+===============+====================================================+
| 0     910B3               | OK            | 91.7        32                0    / 0             |
| 0                         | 0000:C1:00.0  | 0           0    / 0          60221/ 65536         |
+===========================+===============+====================================================+
| 1     910B3               | OK            | 88.4        30                0    / 0             |
| 0                         | 0000:C2:00.0  | 0           0    / 0          60275/ 65536         |
+===========================+===============+====================================================+
| 2     910B3               | OK            | 94.5        33                0    / 0             |
| 0                         | 0000:81:00.0  | 0           0    / 0          61248/ 65536         |
+===========================+===============+====================================================+
| 3     910B3               | OK            | 91.4        33                0    / 0             |
| 0                         | 0000:82:00.0  | 0           0    / 0          60221/ 65536         |
+===========================+===============+====================================================+
| 4     910B3               | OK            | 90.6        38                0    / 0             |
| 0                         | 0000:01:00.0  | 0           0    / 0          59192/ 65536         |
+===========================+===============+====================================================+
| 5     910B3               | OK            | 169.7       52                0    / 0             |
| 0                         | 0000:02:00.0  | 40          0    / 0          60223/ 65536         |
+===========================+===============+====================================================+
| 6     910B3               | OK            | 178.7       51                0    / 0             |
| 0                         | 0000:41:00.0  | 50          0    / 0          60222/ 65536         |
+===========================+===============+====================================================+
| 7     910B3               | OK            | 171.8       48                0    / 0             |
| 0                         | 0000:42:00.0  | 0           0    / 0          24790/ 65536         |
+===========================+===============+====================================================+
+---------------------------+---------------+----------------------------------------------------+
| NPU     Chip              | Process id    | Process name             | Process memory(MB)      |
+===========================+===============+====================================================+
| 0       0                 | 89395         | VLLMWorker_TP            | 56702                   |
+===========================+===============+====================================================+
| 1       0                 | 91055         | VLLMWorker_TP            | 56702                   |
+===========================+===============+====================================================+
| 2       0                 | 1054263       | python                   | 1086                    |
| 2       0                 | 92813         | VLLMWorker_TP            | 56703                   |
+===========================+===============+====================================================+
| 3       0                 | 94498         | VLLMWorker_TP            | 56703                   |
+===========================+===============+====================================================+
| 4       0                 | 2999855       | VLLMEngineCor            | 55666                   |
+===========================+===============+====================================================+
| 5       0                 | 89602         | VLLMWorker_TP            | 56700                   |
+===========================+===============+====================================================+
| 6       0                 | 91228         | VLLMWorker_TP            | 56701                   |
+===========================+===============+====================================================+
| 7       0                 | 439848        | python3                  | 21260                   |
+===========================+===============+====================================================+
UTC_END=2026-10-07T04:57:12Z
