REVISION=V093
GATE=INTERLEAVED_LOCAL
PARENT=R31B-V011
PARENT_SHA256=a8c19a1972207acc67e3fb0cd393cc70b0a4b183d1eaf5610edf80c2879b15e3
CANDIDATE_SHA256=9fbe6deda3c5dbfdcf8b95f0b0433e2161e1c78af6578668a97f48b25cd6369e
DEVICE=2
DTYPE=FP32
WIDTHS=1012,1020,1028
WARMUP=45
SAMPLES_PER_BLOCK=31
BLOCKS=2
GAP_SEC=0
BATCH_N=64
PAIRS_PER_SHAPE=6
PAIR_ORDER=01:P,C;02:C,P;03:P,C;04:C,P;05:P,C;06:C,P
PARTIAL_CORRECTNESS=YES
LOCAL_SCORE_COMPARABLE_TO_OFFICIAL=NO
START_UTC=2026-10-08T15:54:58.266977398Z
PAIR=01 WIDTH=1012 ORDER=parent,candidate
START_UTC=2026-10-08T15:55:02.170944407Z
COMMAND=本地实验/R-W4-4/V093/partial-ranking/stage/build-v093/clx_ref_parent_probe 2 128 1012 0 本地实验/R-W4-4/V093/partial-ranking/v093-local-pair01-parent-r128-w1012-fp32 45 31 2 0 64
RESULT pair=01 side=parent width=1012 rc=0 REF_HARNESS device=2 shape=128x1012 dtype=0 warmup=45 samples=31 blocks=2 bad=0 
END_UTC=2026-10-08T15:55:09.130290906Z
START_UTC=2026-10-08T15:55:09.136229753Z
COMMAND=本地实验/R-W4-4/V093/partial-ranking/stage/build-v093/clx_ref_candidate_probe 2 128 1012 0 本地实验/R-W4-4/V093/partial-ranking/v093-local-pair01-candidate-r128-w1012-fp32 45 31 2 0 64
RESULT pair=01 side=candidate width=1012 rc=0 REF_HARNESS device=2 shape=128x1012 dtype=0 warmup=45 samples=31 blocks=2 bad=0 
END_UTC=2026-10-08T15:55:16.284013956Z
PAIR=02 WIDTH=1012 ORDER=candidate,parent
START_UTC=2026-10-08T15:55:20.031757959Z
COMMAND=本地实验/R-W4-4/V093/partial-ranking/stage/build-v093/clx_ref_candidate_probe 2 128 1012 0 本地实验/R-W4-4/V093/partial-ranking/v093-local-pair02-candidate-r128-w1012-fp32 45 31 2 0 64
RESULT pair=02 side=candidate width=1012 rc=0 REF_HARNESS device=2 shape=128x1012 dtype=0 warmup=45 samples=31 blocks=2 bad=0 
END_UTC=2026-10-08T15:55:26.776195116Z
START_UTC=2026-10-08T15:55:26.778364059Z
COMMAND=本地实验/R-W4-4/V093/partial-ranking/stage/build-v093/clx_ref_parent_probe 2 128 1012 0 本地实验/R-W4-4/V093/partial-ranking/v093-local-pair02-parent-r128-w1012-fp32 45 31 2 0 64
RESULT pair=02 side=parent width=1012 rc=0 REF_HARNESS device=2 shape=128x1012 dtype=0 warmup=45 samples=31 blocks=2 bad=0 
END_UTC=2026-10-08T15:55:33.108590314Z
PAIR=03 WIDTH=1012 ORDER=parent,candidate
START_UTC=2026-10-08T15:55:36.706846012Z
COMMAND=本地实验/R-W4-4/V093/partial-ranking/stage/build-v093/clx_ref_parent_probe 2 128 1012 0 本地实验/R-W4-4/V093/partial-ranking/v093-local-pair03-parent-r128-w1012-fp32 45 31 2 0 64
RESULT pair=03 side=parent width=1012 rc=0 REF_HARNESS device=2 shape=128x1012 dtype=0 warmup=45 samples=31 blocks=2 bad=0 
END_UTC=2026-10-08T15:55:43.446593879Z
START_UTC=2026-10-08T15:55:43.448825213Z
COMMAND=本地实验/R-W4-4/V093/partial-ranking/stage/build-v093/clx_ref_candidate_probe 2 128 1012 0 本地实验/R-W4-4/V093/partial-ranking/v093-local-pair03-candidate-r128-w1012-fp32 45 31 2 0 64
RESULT pair=03 side=candidate width=1012 rc=0 REF_HARNESS device=2 shape=128x1012 dtype=0 warmup=45 samples=31 blocks=2 bad=0 
END_UTC=2026-10-08T15:55:51.342856556Z
PAIR=04 WIDTH=1012 ORDER=candidate,parent
START_UTC=2026-10-08T15:55:55.076393932Z
COMMAND=本地实验/R-W4-4/V093/partial-ranking/stage/build-v093/clx_ref_candidate_probe 2 128 1012 0 本地实验/R-W4-4/V093/partial-ranking/v093-local-pair04-candidate-r128-w1012-fp32 45 31 2 0 64
RESULT pair=04 side=candidate width=1012 rc=0 REF_HARNESS device=2 shape=128x1012 dtype=0 warmup=45 samples=31 blocks=2 bad=0 
END_UTC=2026-10-08T15:56:02.031339064Z
START_UTC=2026-10-08T15:56:02.033310306Z
COMMAND=本地实验/R-W4-4/V093/partial-ranking/stage/build-v093/clx_ref_parent_probe 2 128 1012 0 本地实验/R-W4-4/V093/partial-ranking/v093-local-pair04-parent-r128-w1012-fp32 45 31 2 0 64
RESULT pair=04 side=parent width=1012 rc=0 REF_HARNESS device=2 shape=128x1012 dtype=0 warmup=45 samples=31 blocks=2 bad=0 
END_UTC=2026-10-08T15:56:08.382968022Z
PAIR=05 WIDTH=1012 ORDER=parent,candidate
START_UTC=2026-10-08T15:56:12.159708305Z
COMMAND=本地实验/R-W4-4/V093/partial-ranking/stage/build-v093/clx_ref_parent_probe 2 128 1012 0 本地实验/R-W4-4/V093/partial-ranking/v093-local-pair05-parent-r128-w1012-fp32 45 31 2 0 64
RESULT pair=05 side=parent width=1012 rc=0 REF_HARNESS device=2 shape=128x1012 dtype=0 warmup=45 samples=31 blocks=2 bad=0 
END_UTC=2026-10-08T15:56:18.507812839Z
START_UTC=2026-10-08T15:56:18.509833811Z
COMMAND=本地实验/R-W4-4/V093/partial-ranking/stage/build-v093/clx_ref_candidate_probe 2 128 1012 0 本地实验/R-W4-4/V093/partial-ranking/v093-local-pair05-candidate-r128-w1012-fp32 45 31 2 0 64
RESULT pair=05 side=candidate width=1012 rc=0 REF_HARNESS device=2 shape=128x1012 dtype=0 warmup=45 samples=31 blocks=2 bad=0 
END_UTC=2026-10-08T15:56:26.178913947Z
PAIR=06 WIDTH=1012 ORDER=candidate,parent
START_UTC=2026-10-08T15:56:29.908684739Z
COMMAND=本地实验/R-W4-4/V093/partial-ranking/stage/build-v093/clx_ref_candidate_probe 2 128 1012 0 本地实验/R-W4-4/V093/partial-ranking/v093-local-pair06-candidate-r128-w1012-fp32 45 31 2 0 64
RESULT pair=06 side=candidate width=1012 rc=0 REF_HARNESS device=2 shape=128x1012 dtype=0 warmup=45 samples=31 blocks=2 bad=0 
END_UTC=2026-10-08T15:56:36.641758315Z
START_UTC=2026-10-08T15:56:36.644147140Z
COMMAND=本地实验/R-W4-4/V093/partial-ranking/stage/build-v093/clx_ref_parent_probe 2 128 1012 0 本地实验/R-W4-4/V093/partial-ranking/v093-local-pair06-parent-r128-w1012-fp32 45 31 2 0 64
RESULT pair=06 side=parent width=1012 rc=0 REF_HARNESS device=2 shape=128x1012 dtype=0 warmup=45 samples=31 blocks=2 bad=0 
END_UTC=2026-10-08T15:56:44.377281642Z
PAIR=01 WIDTH=1020 ORDER=parent,candidate
START_UTC=2026-10-08T15:56:48.092993567Z
COMMAND=本地实验/R-W4-4/V093/partial-ranking/stage/build-v093/clx_ref_parent_probe 2 128 1020 0 本地实验/R-W4-4/V093/partial-ranking/v093-local-pair01-parent-r128-w1020-fp32 45 31 2 0 64
RESULT pair=01 side=parent width=1020 rc=0 REF_HARNESS device=2 shape=128x1020 dtype=0 warmup=45 samples=31 blocks=2 bad=0 
END_UTC=2026-10-08T15:56:54.457759848Z
START_UTC=2026-10-08T15:56:54.459762520Z
COMMAND=本地实验/R-W4-4/V093/partial-ranking/stage/build-v093/clx_ref_candidate_probe 2 128 1020 0 本地实验/R-W4-4/V093/partial-ranking/v093-local-pair01-candidate-r128-w1020-fp32 45 31 2 0 64
RESULT pair=01 side=candidate width=1020 rc=0 REF_HARNESS device=2 shape=128x1020 dtype=0 warmup=45 samples=31 blocks=2 bad=0 
END_UTC=2026-10-08T15:57:02.116966853Z
PAIR=02 WIDTH=1020 ORDER=candidate,parent
START_UTC=2026-10-08T15:57:05.770259201Z
COMMAND=本地实验/R-W4-4/V093/partial-ranking/stage/build-v093/clx_ref_candidate_probe 2 128 1020 0 本地实验/R-W4-4/V093/partial-ranking/v093-local-pair02-candidate-r128-w1020-fp32 45 31 2 0 64
RESULT pair=02 side=candidate width=1020 rc=0 REF_HARNESS device=2 shape=128x1020 dtype=0 warmup=45 samples=31 blocks=2 bad=0 
END_UTC=2026-10-08T15:57:12.362893067Z
START_UTC=2026-10-08T15:57:12.367194242Z
COMMAND=本地实验/R-W4-4/V093/partial-ranking/stage/build-v093/clx_ref_parent_probe 2 128 1020 0 本地实验/R-W4-4/V093/partial-ranking/v093-local-pair02-parent-r128-w1020-fp32 45 31 2 0 64
RESULT pair=02 side=parent width=1020 rc=0 REF_HARNESS device=2 shape=128x1020 dtype=0 warmup=45 samples=31 blocks=2 bad=0 
END_UTC=2026-10-08T15:57:20.102649046Z
PAIR=03 WIDTH=1020 ORDER=parent,candidate
START_UTC=2026-10-08T15:57:23.823917989Z
COMMAND=本地实验/R-W4-4/V093/partial-ranking/stage/build-v093/clx_ref_parent_probe 2 128 1020 0 本地实验/R-W4-4/V093/partial-ranking/v093-local-pair03-parent-r128-w1020-fp32 45 31 2 0 64
RESULT pair=03 side=parent width=1020 rc=0 REF_HARNESS device=2 shape=128x1020 dtype=0 warmup=45 samples=31 blocks=2 bad=0 
END_UTC=2026-10-08T15:57:30.701506629Z
START_UTC=2026-10-08T15:57:30.703907943Z
COMMAND=本地实验/R-W4-4/V093/partial-ranking/stage/build-v093/clx_ref_candidate_probe 2 128 1020 0 本地实验/R-W4-4/V093/partial-ranking/v093-local-pair03-candidate-r128-w1020-fp32 45 31 2 0 64
RESULT pair=03 side=candidate width=1020 rc=0 REF_HARNESS device=2 shape=128x1020 dtype=0 warmup=45 samples=31 blocks=2 bad=0 
END_UTC=2026-10-08T15:57:37.446422426Z
PAIR=04 WIDTH=1020 ORDER=candidate,parent
START_UTC=2026-10-08T15:57:41.152329631Z
COMMAND=本地实验/R-W4-4/V093/partial-ranking/stage/build-v093/clx_ref_candidate_probe 2 128 1020 0 本地实验/R-W4-4/V093/partial-ranking/v093-local-pair04-candidate-r128-w1020-fp32 45 31 2 0 64
RESULT pair=04 side=candidate width=1020 rc=0 REF_HARNESS device=2 shape=128x1020 dtype=0 warmup=45 samples=31 blocks=2 bad=0 
END_UTC=2026-10-08T15:57:47.905031488Z
START_UTC=2026-10-08T15:57:47.906991719Z
COMMAND=本地实验/R-W4-4/V093/partial-ranking/stage/build-v093/clx_ref_parent_probe 2 128 1020 0 本地实验/R-W4-4/V093/partial-ranking/v093-local-pair04-parent-r128-w1020-fp32 45 31 2 0 64
RESULT pair=04 side=parent width=1020 rc=0 REF_HARNESS device=2 shape=128x1020 dtype=0 warmup=45 samples=31 blocks=2 bad=0 
END_UTC=2026-10-08T15:57:54.461409023Z
PAIR=05 WIDTH=1020 ORDER=parent,candidate
START_UTC=2026-10-08T15:57:58.237234029Z
COMMAND=本地实验/R-W4-4/V093/partial-ranking/stage/build-v093/clx_ref_parent_probe 2 128 1020 0 本地实验/R-W4-4/V093/partial-ranking/v093-local-pair05-parent-r128-w1020-fp32 45 31 2 0 64
RESULT pair=05 side=parent width=1020 rc=0 REF_HARNESS device=2 shape=128x1020 dtype=0 warmup=45 samples=31 blocks=2 bad=0 
END_UTC=2026-10-08T15:58:05.232703936Z
START_UTC=2026-10-08T15:58:05.256713383Z
COMMAND=本地实验/R-W4-4/V093/partial-ranking/stage/build-v093/clx_ref_candidate_probe 2 128 1020 0 本地实验/R-W4-4/V093/partial-ranking/v093-local-pair05-candidate-r128-w1020-fp32 45 31 2 0 64
RESULT pair=05 side=candidate width=1020 rc=0 REF_HARNESS device=2 shape=128x1020 dtype=0 warmup=45 samples=31 blocks=2 bad=0 
END_UTC=2026-10-08T15:58:11.682349353Z
PAIR=06 WIDTH=1020 ORDER=candidate,parent
START_UTC=2026-10-08T15:58:15.505269337Z
COMMAND=本地实验/R-W4-4/V093/partial-ranking/stage/build-v093/clx_ref_candidate_probe 2 128 1020 0 本地实验/R-W4-4/V093/partial-ranking/v093-local-pair06-candidate-r128-w1020-fp32 45 31 2 0 64
RESULT pair=06 side=candidate width=1020 rc=0 REF_HARNESS device=2 shape=128x1020 dtype=0 warmup=45 samples=31 blocks=2 bad=0 
END_UTC=2026-10-08T15:58:23.067170616Z
START_UTC=2026-10-08T15:58:23.070020202Z
COMMAND=本地实验/R-W4-4/V093/partial-ranking/stage/build-v093/clx_ref_parent_probe 2 128 1020 0 本地实验/R-W4-4/V093/partial-ranking/v093-local-pair06-parent-r128-w1020-fp32 45 31 2 0 64
RESULT pair=06 side=parent width=1020 rc=0 REF_HARNESS device=2 shape=128x1020 dtype=0 warmup=45 samples=31 blocks=2 bad=0 
END_UTC=2026-10-08T15:58:30.222565069Z
PAIR=01 WIDTH=1028 ORDER=parent,candidate
START_UTC=2026-10-08T15:58:33.996150117Z
COMMAND=本地实验/R-W4-4/V093/partial-ranking/stage/build-v093/clx_ref_parent_probe 2 128 1028 0 本地实验/R-W4-4/V093/partial-ranking/v093-local-pair01-parent-r128-w1028-fp32 45 31 2 0 64
RESULT pair=01 side=parent width=1028 rc=0 REF_HARNESS device=2 shape=128x1028 dtype=0 warmup=45 samples=31 blocks=2 bad=0 
END_UTC=2026-10-08T15:58:40.868960443Z
START_UTC=2026-10-08T15:58:40.872160641Z
COMMAND=本地实验/R-W4-4/V093/partial-ranking/stage/build-v093/clx_ref_candidate_probe 2 128 1028 0 本地实验/R-W4-4/V093/partial-ranking/v093-local-pair01-candidate-r128-w1028-fp32 45 31 2 0 64
RESULT pair=01 side=candidate width=1028 rc=0 REF_HARNESS device=2 shape=128x1028 dtype=0 warmup=45 samples=31 blocks=2 bad=0 
END_UTC=2026-10-08T15:58:47.217344116Z
PAIR=02 WIDTH=1028 ORDER=candidate,parent
START_UTC=2026-10-08T15:58:51.095111461Z
COMMAND=本地实验/R-W4-4/V093/partial-ranking/stage/build-v093/clx_ref_candidate_probe 2 128 1028 0 本地实验/R-W4-4/V093/partial-ranking/v093-local-pair02-candidate-r128-w1028-fp32 45 31 2 0 64
RESULT pair=02 side=candidate width=1028 rc=0 REF_HARNESS device=2 shape=128x1028 dtype=0 warmup=45 samples=31 blocks=2 bad=0 
END_UTC=2026-10-08T15:58:57.810889341Z
START_UTC=2026-10-08T15:58:57.815991389Z
COMMAND=本地实验/R-W4-4/V093/partial-ranking/stage/build-v093/clx_ref_parent_probe 2 128 1028 0 本地实验/R-W4-4/V093/partial-ranking/v093-local-pair02-parent-r128-w1028-fp32 45 31 2 0 64
RESULT pair=02 side=parent width=1028 rc=0 REF_HARNESS device=2 shape=128x1028 dtype=0 warmup=45 samples=31 blocks=2 bad=0 
END_UTC=2026-10-08T15:59:04.768708762Z
PAIR=03 WIDTH=1028 ORDER=parent,candidate
START_UTC=2026-10-08T15:59:08.580252853Z
COMMAND=本地实验/R-W4-4/V093/partial-ranking/stage/build-v093/clx_ref_parent_probe 2 128 1028 0 本地实验/R-W4-4/V093/partial-ranking/v093-local-pair03-parent-r128-w1028-fp32 45 31 2 0 64
RESULT pair=03 side=parent width=1028 rc=0 REF_HARNESS device=2 shape=128x1028 dtype=0 warmup=45 samples=31 blocks=2 bad=0 
END_UTC=2026-10-08T15:59:15.767049363Z
START_UTC=2026-10-08T15:59:15.769048684Z
COMMAND=本地实验/R-W4-4/V093/partial-ranking/stage/build-v093/clx_ref_candidate_probe 2 128 1028 0 本地实验/R-W4-4/V093/partial-ranking/v093-local-pair03-candidate-r128-w1028-fp32 45 31 2 0 64
RESULT pair=03 side=candidate width=1028 rc=0 REF_HARNESS device=2 shape=128x1028 dtype=0 warmup=45 samples=31 blocks=2 bad=0 
END_UTC=2026-10-08T15:59:22.120831001Z
PAIR=04 WIDTH=1028 ORDER=candidate,parent
START_UTC=2026-10-08T15:59:25.855492243Z
COMMAND=本地实验/R-W4-4/V093/partial-ranking/stage/build-v093/clx_ref_candidate_probe 2 128 1028 0 本地实验/R-W4-4/V093/partial-ranking/v093-local-pair04-candidate-r128-w1028-fp32 45 31 2 0 64
RESULT pair=04 side=candidate width=1028 rc=0 REF_HARNESS device=2 shape=128x1028 dtype=0 warmup=45 samples=31 blocks=2 bad=0 
END_UTC=2026-10-08T15:59:32.617375701Z
START_UTC=2026-10-08T15:59:32.619633244Z
COMMAND=本地实验/R-W4-4/V093/partial-ranking/stage/build-v093/clx_ref_parent_probe 2 128 1028 0 本地实验/R-W4-4/V093/partial-ranking/v093-local-pair04-parent-r128-w1028-fp32 45 31 2 0 64
RESULT pair=04 side=parent width=1028 rc=0 REF_HARNESS device=2 shape=128x1028 dtype=0 warmup=45 samples=31 blocks=2 bad=0 
END_UTC=2026-10-08T15:59:39.390102157Z
PAIR=05 WIDTH=1028 ORDER=parent,candidate
START_UTC=2026-10-08T15:59:43.023299110Z
COMMAND=本地实验/R-W4-4/V093/partial-ranking/stage/build-v093/clx_ref_parent_probe 2 128 1028 0 本地实验/R-W4-4/V093/partial-ranking/v093-local-pair05-parent-r128-w1028-fp32 45 31 2 0 64
RESULT pair=05 side=parent width=1028 rc=0 REF_HARNESS device=2 shape=128x1028 dtype=0 warmup=45 samples=31 blocks=2 bad=0 
END_UTC=2026-10-08T15:59:49.570524123Z
START_UTC=2026-10-08T15:59:49.575093358Z
COMMAND=本地实验/R-W4-4/V093/partial-ranking/stage/build-v093/clx_ref_candidate_probe 2 128 1028 0 本地实验/R-W4-4/V093/partial-ranking/v093-local-pair05-candidate-r128-w1028-fp32 45 31 2 0 64
RESULT pair=05 side=candidate width=1028 rc=0 REF_HARNESS device=2 shape=128x1028 dtype=0 warmup=45 samples=31 blocks=2 bad=0 
END_UTC=2026-10-08T15:59:57.344949650Z
PAIR=06 WIDTH=1028 ORDER=candidate,parent
START_UTC=2026-10-08T16:00:01.113280318Z
COMMAND=本地实验/R-W4-4/V093/partial-ranking/stage/build-v093/clx_ref_candidate_probe 2 128 1028 0 本地实验/R-W4-4/V093/partial-ranking/v093-local-pair06-candidate-r128-w1028-fp32 45 31 2 0 64
RESULT pair=06 side=candidate width=1028 rc=0 REF_HARNESS device=2 shape=128x1028 dtype=0 warmup=45 samples=31 blocks=2 bad=0 
END_UTC=2026-10-08T16:00:08.076766195Z
START_UTC=2026-10-08T16:00:08.079223608Z
COMMAND=本地实验/R-W4-4/V093/partial-ranking/stage/build-v093/clx_ref_parent_probe 2 128 1028 0 本地实验/R-W4-4/V093/partial-ranking/v093-local-pair06-parent-r128-w1028-fp32 45 31 2 0 64
RESULT pair=06 side=parent width=1028 rc=0 REF_HARNESS device=2 shape=128x1028 dtype=0 warmup=45 samples=31 blocks=2 bad=0 
END_UTC=2026-10-08T16:00:14.438931544Z
END_UTC=2026-10-08T16:00:18.394982202Z
