[ 50%] Building ASC object CMakeFiles/v061_correctness_parent.dir/parent_runner.asc.o
In file included from /home/data4t2/lelinfeng/cann-row-scale-hoist-x-w4/本地实验/ROW-SCALE-HOIST-X/V061/correctness/parent_runner.asc:17:
/home/data4t2/lelinfeng/cann-row-scale-hoist-x-w4/本地实验/ROW-SCALE-HOIST-X/V061/correctness/correctness_common.inc:125:17: warning: 'cce_global' attribute ignored when parsing type [-Wignored-attributes]
    run_kernel((GM_ADDR)xDevice, xGroup,
                ^~~~~~~
/usr/local/Ascend/ascend-toolkit/8.5.0.alpha002/compiler/tikcpp/tikcfw/impl/utils/kernel_utils_macros.h:18:17: note: expanded from macro 'GM_ADDR'
#define GM_ADDR __gm__ uint8_t*
                ^~~~~~
/usr/local/Ascend/ascend-toolkit/8.5.0.alpha002/aarch64-linux/ccec_compiler/lib/clang/15.0.5/include/__clang_cce_defines.h:47:31: note: expanded from macro '__gm__'
#define __gm__ __attribute__((cce_global))
                              ^~~~~~~~~~
In file included from /home/data4t2/lelinfeng/cann-row-scale-hoist-x-w4/本地实验/ROW-SCALE-HOIST-X/V061/correctness/parent_runner.asc:17:
/home/data4t2/lelinfeng/cann-row-scale-hoist-x-w4/本地实验/ROW-SCALE-HOIST-X/V061/correctness/correctness_common.inc:126:17: warning: 'cce_global' attribute ignored when parsing type [-Wignored-attributes]
               (GM_ADDR)residualDevice, residualGroup,
                ^~~~~~~
/usr/local/Ascend/ascend-toolkit/8.5.0.alpha002/compiler/tikcpp/tikcfw/impl/utils/kernel_utils_macros.h:18:17: note: expanded from macro 'GM_ADDR'
#define GM_ADDR __gm__ uint8_t*
                ^~~~~~
/usr/local/Ascend/ascend-toolkit/8.5.0.alpha002/aarch64-linux/ccec_compiler/lib/clang/15.0.5/include/__clang_cce_defines.h:47:31: note: expanded from macro '__gm__'
#define __gm__ __attribute__((cce_global))
                              ^~~~~~~~~~
In file included from /home/data4t2/lelinfeng/cann-row-scale-hoist-x-w4/本地实验/ROW-SCALE-HOIST-X/V061/correctness/parent_runner.asc:17:
/home/data4t2/lelinfeng/cann-row-scale-hoist-x-w4/本地实验/ROW-SCALE-HOIST-X/V061/correctness/correctness_common.inc:127:17: warning: 'cce_global' attribute ignored when parsing type [-Wignored-attributes]
               (GM_ADDR)gammaDevice, gammaGroup,
                ^~~~~~~
/usr/local/Ascend/ascend-toolkit/8.5.0.alpha002/compiler/tikcpp/tikcfw/impl/utils/kernel_utils_macros.h:18:17: note: expanded from macro 'GM_ADDR'
#define GM_ADDR __gm__ uint8_t*
                ^~~~~~
/usr/local/Ascend/ascend-toolkit/8.5.0.alpha002/aarch64-linux/ccec_compiler/lib/clang/15.0.5/include/__clang_cce_defines.h:47:31: note: expanded from macro '__gm__'
#define __gm__ __attribute__((cce_global))
                              ^~~~~~~~~~
In file included from /home/data4t2/lelinfeng/cann-row-scale-hoist-x-w4/本地实验/ROW-SCALE-HOIST-X/V061/correctness/parent_runner.asc:17:
/home/data4t2/lelinfeng/cann-row-scale-hoist-x-w4/本地实验/ROW-SCALE-HOIST-X/V061/correctness/correctness_common.inc:128:17: warning: 'cce_global' attribute ignored when parsing type [-Wignored-attributes]
               (GM_ADDR)biasDevice, biasGroup,
                ^~~~~~~
/usr/local/Ascend/ascend-toolkit/8.5.0.alpha002/compiler/tikcpp/tikcfw/impl/utils/kernel_utils_macros.h:18:17: note: expanded from macro 'GM_ADDR'
#define GM_ADDR __gm__ uint8_t*
                ^~~~~~
/usr/local/Ascend/ascend-toolkit/8.5.0.alpha002/aarch64-linux/ccec_compiler/lib/clang/15.0.5/include/__clang_cce_defines.h:47:31: note: expanded from macro '__gm__'
#define __gm__ __attribute__((cce_global))
                              ^~~~~~~~~~
In file included from /home/data4t2/lelinfeng/cann-row-scale-hoist-x-w4/本地实验/ROW-SCALE-HOIST-X/V061/correctness/parent_runner.asc:17:
/home/data4t2/lelinfeng/cann-row-scale-hoist-x-w4/本地实验/ROW-SCALE-HOIST-X/V061/correctness/correctness_common.inc:129:17: warning: 'cce_global' attribute ignored when parsing type [-Wignored-attributes]
               (GM_ADDR)outputDevice, outputGroup,
                ^~~~~~~
/usr/local/Ascend/ascend-toolkit/8.5.0.alpha002/compiler/tikcpp/tikcfw/impl/utils/kernel_utils_macros.h:18:17: note: expanded from macro 'GM_ADDR'
#define GM_ADDR __gm__ uint8_t*
                ^~~~~~
/usr/local/Ascend/ascend-toolkit/8.5.0.alpha002/aarch64-linux/ccec_compiler/lib/clang/15.0.5/include/__clang_cce_defines.h:47:31: note: expanded from macro '__gm__'
#define __gm__ __attribute__((cce_global))
                              ^~~~~~~~~~
5 warnings generated.
In file included from /home/data4t2/lelinfeng/cann-row-scale-hoist-x-w4/本地实验/ROW-SCALE-HOIST-X/V061/correctness/parent_runner.asc:17:
/home/data4t2/lelinfeng/cann-row-scale-hoist-x-w4/本地实验/ROW-SCALE-HOIST-X/V061/correctness/correctness_common.inc:125:17: warning: 'cce_global' attribute ignored when parsing type [-Wignored-attributes]
/usr/local/Ascend/ascend-toolkit/8.5.0.alpha002/compiler/tikcpp/tikcfw/impl/utils/kernel_utils_macros.h:18:17: note: expanded from macro 'GM_ADDR'
/usr/local/Ascend/ascend-toolkit/8.5.0.alpha002/aarch64-linux/ccec_compiler/lib/clang/15.0.5/include/__clang_cce_defines.h:47:31: note: expanded from macro '__gm__'
In file included from /home/data4t2/lelinfeng/cann-row-scale-hoist-x-w4/本地实验/ROW-SCALE-HOIST-X/V061/correctness/parent_runner.asc:17:
/home/data4t2/lelinfeng/cann-row-scale-hoist-x-w4/本地实验/ROW-SCALE-HOIST-X/V061/correctness/correctness_common.inc:126:17: warning: 'cce_global' attribute ignored when parsing type [-Wignored-attributes]
/usr/local/Ascend/ascend-toolkit/8.5.0.alpha002/compiler/tikcpp/tikcfw/impl/utils/kernel_utils_macros.h:18:17: note: expanded from macro 'GM_ADDR'
/usr/local/Ascend/ascend-toolkit/8.5.0.alpha002/aarch64-linux/ccec_compiler/lib/clang/15.0.5/include/__clang_cce_defines.h:47:31: note: expanded from macro '__gm__'
In file included from /home/data4t2/lelinfeng/cann-row-scale-hoist-x-w4/本地实验/ROW-SCALE-HOIST-X/V061/correctness/parent_runner.asc:17:
/home/data4t2/lelinfeng/cann-row-scale-hoist-x-w4/本地实验/ROW-SCALE-HOIST-X/V061/correctness/correctness_common.inc:127:17: warning: 'cce_global' attribute ignored when parsing type [-Wignored-attributes]
/usr/local/Ascend/ascend-toolkit/8.5.0.alpha002/compiler/tikcpp/tikcfw/impl/utils/kernel_utils_macros.h:18:17: note: expanded from macro 'GM_ADDR'
/usr/local/Ascend/ascend-toolkit/8.5.0.alpha002/aarch64-linux/ccec_compiler/lib/clang/15.0.5/include/__clang_cce_defines.h:47:31: note: expanded from macro '__gm__'
In file included from /home/data4t2/lelinfeng/cann-row-scale-hoist-x-w4/本地实验/ROW-SCALE-HOIST-X/V061/correctness/parent_runner.asc:17:
/home/data4t2/lelinfeng/cann-row-scale-hoist-x-w4/本地实验/ROW-SCALE-HOIST-X/V061/correctness/correctness_common.inc:128:17: warning: 'cce_global' attribute ignored when parsing type [-Wignored-attributes]
/usr/local/Ascend/ascend-toolkit/8.5.0.alpha002/compiler/tikcpp/tikcfw/impl/utils/kernel_utils_macros.h:18:17: note: expanded from macro 'GM_ADDR'
/usr/local/Ascend/ascend-toolkit/8.5.0.alpha002/aarch64-linux/ccec_compiler/lib/clang/15.0.5/include/__clang_cce_defines.h:47:31: note: expanded from macro '__gm__'
In file included from /home/data4t2/lelinfeng/cann-row-scale-hoist-x-w4/本地实验/ROW-SCALE-HOIST-X/V061/correctness/parent_runner.asc:17:
/home/data4t2/lelinfeng/cann-row-scale-hoist-x-w4/本地实验/ROW-SCALE-HOIST-X/V061/correctness/correctness_common.inc:129:17: warning: 'cce_global' attribute ignored when parsing type [-Wignored-attributes]
/usr/local/Ascend/ascend-toolkit/8.5.0.alpha002/compiler/tikcpp/tikcfw/impl/utils/kernel_utils_macros.h:18:17: note: expanded from macro 'GM_ADDR'
/usr/local/Ascend/ascend-toolkit/8.5.0.alpha002/aarch64-linux/ccec_compiler/lib/clang/15.0.5/include/__clang_cce_defines.h:47:31: note: expanded from macro '__gm__'
5 warnings generated.
Warning: please refer to the above warning message. 
Warning: please refer to the above warning message. 
Warning: please refer to the above warning message. 
Warning: please refer to the above warning message. 
Warning: please refer to the above warning message. 
Warning: please refer to the above warning message. 
Warning: please refer to the above warning message. 
Warning: please refer to the above warning message. 
Warning: please refer to the above warning message. 
Warning: please refer to the above warning message. 
Warning: please refer to the above warning message. 
Warning: please refer to the above warning message. 
Warning: please refer to the above warning message. 
Warning: please refer to the above warning message. 
Warning: please refer to the above warning message. 
[100%] Linking ASC executable v061_correctness_parent
[100%] Built target v061_correctness_parent
[ 50%] Building ASC object CMakeFiles/v061_correctness_candidate.dir/candidate_runner.asc.o
In file included from /home/data4t2/lelinfeng/cann-row-scale-hoist-x-w4/本地实验/ROW-SCALE-HOIST-X/V061/correctness/candidate_runner.asc:17:
/home/data4t2/lelinfeng/cann-row-scale-hoist-x-w4/本地实验/ROW-SCALE-HOIST-X/V061/correctness/correctness_common.inc:125:17: warning: 'cce_global' attribute ignored when parsing type [-Wignored-attributes]
    run_kernel((GM_ADDR)xDevice, xGroup,
                ^~~~~~~
/usr/local/Ascend/ascend-toolkit/8.5.0.alpha002/compiler/tikcpp/tikcfw/impl/utils/kernel_utils_macros.h:18:17: note: expanded from macro 'GM_ADDR'
#define GM_ADDR __gm__ uint8_t*
                ^~~~~~
/usr/local/Ascend/ascend-toolkit/8.5.0.alpha002/aarch64-linux/ccec_compiler/lib/clang/15.0.5/include/__clang_cce_defines.h:47:31: note: expanded from macro '__gm__'
#define __gm__ __attribute__((cce_global))
                              ^~~~~~~~~~
In file included from /home/data4t2/lelinfeng/cann-row-scale-hoist-x-w4/本地实验/ROW-SCALE-HOIST-X/V061/correctness/candidate_runner.asc:17:
/home/data4t2/lelinfeng/cann-row-scale-hoist-x-w4/本地实验/ROW-SCALE-HOIST-X/V061/correctness/correctness_common.inc:126:17: warning: 'cce_global' attribute ignored when parsing type [-Wignored-attributes]
               (GM_ADDR)residualDevice, residualGroup,
                ^~~~~~~
/usr/local/Ascend/ascend-toolkit/8.5.0.alpha002/compiler/tikcpp/tikcfw/impl/utils/kernel_utils_macros.h:18:17: note: expanded from macro 'GM_ADDR'
#define GM_ADDR __gm__ uint8_t*
                ^~~~~~
/usr/local/Ascend/ascend-toolkit/8.5.0.alpha002/aarch64-linux/ccec_compiler/lib/clang/15.0.5/include/__clang_cce_defines.h:47:31: note: expanded from macro '__gm__'
#define __gm__ __attribute__((cce_global))
                              ^~~~~~~~~~
In file included from /home/data4t2/lelinfeng/cann-row-scale-hoist-x-w4/本地实验/ROW-SCALE-HOIST-X/V061/correctness/candidate_runner.asc:17:
/home/data4t2/lelinfeng/cann-row-scale-hoist-x-w4/本地实验/ROW-SCALE-HOIST-X/V061/correctness/correctness_common.inc:127:17: warning: 'cce_global' attribute ignored when parsing type [-Wignored-attributes]
               (GM_ADDR)gammaDevice, gammaGroup,
                ^~~~~~~
/usr/local/Ascend/ascend-toolkit/8.5.0.alpha002/compiler/tikcpp/tikcfw/impl/utils/kernel_utils_macros.h:18:17: note: expanded from macro 'GM_ADDR'
#define GM_ADDR __gm__ uint8_t*
                ^~~~~~
/usr/local/Ascend/ascend-toolkit/8.5.0.alpha002/aarch64-linux/ccec_compiler/lib/clang/15.0.5/include/__clang_cce_defines.h:47:31: note: expanded from macro '__gm__'
#define __gm__ __attribute__((cce_global))
                              ^~~~~~~~~~
In file included from /home/data4t2/lelinfeng/cann-row-scale-hoist-x-w4/本地实验/ROW-SCALE-HOIST-X/V061/correctness/candidate_runner.asc:17:
/home/data4t2/lelinfeng/cann-row-scale-hoist-x-w4/本地实验/ROW-SCALE-HOIST-X/V061/correctness/correctness_common.inc:128:17: warning: 'cce_global' attribute ignored when parsing type [-Wignored-attributes]
               (GM_ADDR)biasDevice, biasGroup,
                ^~~~~~~
/usr/local/Ascend/ascend-toolkit/8.5.0.alpha002/compiler/tikcpp/tikcfw/impl/utils/kernel_utils_macros.h:18:17: note: expanded from macro 'GM_ADDR'
#define GM_ADDR __gm__ uint8_t*
                ^~~~~~
/usr/local/Ascend/ascend-toolkit/8.5.0.alpha002/aarch64-linux/ccec_compiler/lib/clang/15.0.5/include/__clang_cce_defines.h:47:31: note: expanded from macro '__gm__'
#define __gm__ __attribute__((cce_global))
                              ^~~~~~~~~~
In file included from /home/data4t2/lelinfeng/cann-row-scale-hoist-x-w4/本地实验/ROW-SCALE-HOIST-X/V061/correctness/candidate_runner.asc:17:
/home/data4t2/lelinfeng/cann-row-scale-hoist-x-w4/本地实验/ROW-SCALE-HOIST-X/V061/correctness/correctness_common.inc:129:17: warning: 'cce_global' attribute ignored when parsing type [-Wignored-attributes]
               (GM_ADDR)outputDevice, outputGroup,
                ^~~~~~~
/usr/local/Ascend/ascend-toolkit/8.5.0.alpha002/compiler/tikcpp/tikcfw/impl/utils/kernel_utils_macros.h:18:17: note: expanded from macro 'GM_ADDR'
#define GM_ADDR __gm__ uint8_t*
                ^~~~~~
/usr/local/Ascend/ascend-toolkit/8.5.0.alpha002/aarch64-linux/ccec_compiler/lib/clang/15.0.5/include/__clang_cce_defines.h:47:31: note: expanded from macro '__gm__'
#define __gm__ __attribute__((cce_global))
                              ^~~~~~~~~~
5 warnings generated.
In file included from /home/data4t2/lelinfeng/cann-row-scale-hoist-x-w4/本地实验/ROW-SCALE-HOIST-X/V061/correctness/candidate_runner.asc:17:
/home/data4t2/lelinfeng/cann-row-scale-hoist-x-w4/本地实验/ROW-SCALE-HOIST-X/V061/correctness/correctness_common.inc:125:17: warning: 'cce_global' attribute ignored when parsing type [-Wignored-attributes]
/usr/local/Ascend/ascend-toolkit/8.5.0.alpha002/compiler/tikcpp/tikcfw/impl/utils/kernel_utils_macros.h:18:17: note: expanded from macro 'GM_ADDR'
/usr/local/Ascend/ascend-toolkit/8.5.0.alpha002/aarch64-linux/ccec_compiler/lib/clang/15.0.5/include/__clang_cce_defines.h:47:31: note: expanded from macro '__gm__'
In file included from /home/data4t2/lelinfeng/cann-row-scale-hoist-x-w4/本地实验/ROW-SCALE-HOIST-X/V061/correctness/candidate_runner.asc:17:
/home/data4t2/lelinfeng/cann-row-scale-hoist-x-w4/本地实验/ROW-SCALE-HOIST-X/V061/correctness/correctness_common.inc:126:17: warning: 'cce_global' attribute ignored when parsing type [-Wignored-attributes]
/usr/local/Ascend/ascend-toolkit/8.5.0.alpha002/compiler/tikcpp/tikcfw/impl/utils/kernel_utils_macros.h:18:17: note: expanded from macro 'GM_ADDR'
/usr/local/Ascend/ascend-toolkit/8.5.0.alpha002/aarch64-linux/ccec_compiler/lib/clang/15.0.5/include/__clang_cce_defines.h:47:31: note: expanded from macro '__gm__'
In file included from /home/data4t2/lelinfeng/cann-row-scale-hoist-x-w4/本地实验/ROW-SCALE-HOIST-X/V061/correctness/candidate_runner.asc:17:
/home/data4t2/lelinfeng/cann-row-scale-hoist-x-w4/本地实验/ROW-SCALE-HOIST-X/V061/correctness/correctness_common.inc:127:17: warning: 'cce_global' attribute ignored when parsing type [-Wignored-attributes]
/usr/local/Ascend/ascend-toolkit/8.5.0.alpha002/compiler/tikcpp/tikcfw/impl/utils/kernel_utils_macros.h:18:17: note: expanded from macro 'GM_ADDR'
/usr/local/Ascend/ascend-toolkit/8.5.0.alpha002/aarch64-linux/ccec_compiler/lib/clang/15.0.5/include/__clang_cce_defines.h:47:31: note: expanded from macro '__gm__'
In file included from /home/data4t2/lelinfeng/cann-row-scale-hoist-x-w4/本地实验/ROW-SCALE-HOIST-X/V061/correctness/candidate_runner.asc:17:
/home/data4t2/lelinfeng/cann-row-scale-hoist-x-w4/本地实验/ROW-SCALE-HOIST-X/V061/correctness/correctness_common.inc:128:17: warning: 'cce_global' attribute ignored when parsing type [-Wignored-attributes]
/usr/local/Ascend/ascend-toolkit/8.5.0.alpha002/compiler/tikcpp/tikcfw/impl/utils/kernel_utils_macros.h:18:17: note: expanded from macro 'GM_ADDR'
/usr/local/Ascend/ascend-toolkit/8.5.0.alpha002/aarch64-linux/ccec_compiler/lib/clang/15.0.5/include/__clang_cce_defines.h:47:31: note: expanded from macro '__gm__'
In file included from /home/data4t2/lelinfeng/cann-row-scale-hoist-x-w4/本地实验/ROW-SCALE-HOIST-X/V061/correctness/candidate_runner.asc:17:
/home/data4t2/lelinfeng/cann-row-scale-hoist-x-w4/本地实验/ROW-SCALE-HOIST-X/V061/correctness/correctness_common.inc:129:17: warning: 'cce_global' attribute ignored when parsing type [-Wignored-attributes]
/usr/local/Ascend/ascend-toolkit/8.5.0.alpha002/compiler/tikcpp/tikcfw/impl/utils/kernel_utils_macros.h:18:17: note: expanded from macro 'GM_ADDR'
/usr/local/Ascend/ascend-toolkit/8.5.0.alpha002/aarch64-linux/ccec_compiler/lib/clang/15.0.5/include/__clang_cce_defines.h:47:31: note: expanded from macro '__gm__'
5 warnings generated.
Warning: please refer to the above warning message. 
Warning: please refer to the above warning message. 
Warning: please refer to the above warning message. 
Warning: please refer to the above warning message. 
Warning: please refer to the above warning message. 
Warning: please refer to the above warning message. 
Warning: please refer to the above warning message. 
Warning: please refer to the above warning message. 
Warning: please refer to the above warning message. 
Warning: please refer to the above warning message. 
Warning: please refer to the above warning message. 
Warning: please refer to the above warning message. 
Warning: please refer to the above warning message. 
Warning: please refer to the above warning message. 
Warning: please refer to the above warning message. 
[100%] Linking ASC executable v061_correctness_candidate
[100%] Built target v061_correctness_candidate
