+------------------------------------------------------------------------------------------------+
| npu-smi 25.0.rc1.1               Version: 25.0.rc1.1                                           |
+---------------------------+---------------+----------------------------------------------------+
| NPU   Name                | Health        | Power(W)    Temp(C)           Hugepages-Usage(page)|
| Chip                      | Bus-Id        | AICore(%)   Memory-Usage(MB)  HBM-Usage(MB)        |
+===========================+===============+====================================================+
| 0     910B3               | OK            | 101.3       31                0    / 0             |
| 0                         | 0000:C1:00.0  | 0           0    / 0          9131 / 65536         |
+===========================+===============+====================================================+
| 1     910B3               | OK            | 208.5       41                0    / 0             |
| 0                         | 0000:C2:00.0  | 58          0    / 0          24085/ 65536         |
+===========================+===============+====================================================+
| 2     910B3               | OK            | 105.7       33                0    / 0             |
| 0                         | 0000:81:00.0  | 2           0    / 0          6439 / 65536         |
+===========================+===============+====================================================+
| 3     910B3               | OK            | 90.7        30                0    / 0             |
| 0                         | 0000:82:00.0  | 0           0    / 0          3428 / 65536         |
+===========================+===============+====================================================+
| 4     910B3               | OK            | 203.8       58                0    / 0             |
| 0                         | 0000:01:00.0  | 59          0    / 0          59193/ 65536         |
+===========================+===============+====================================================+
| 5     910B3               | OK            | 170.0       53                0    / 0             |
| 0                         | 0000:02:00.0  | 45          0    / 0          60222/ 65536         |
+===========================+===============+====================================================+
| 6     910B3               | OK            | 173.4       49                0    / 0             |
| 0                         | 0000:41:00.0  | 44          0    / 0          60222/ 65536         |
+===========================+===============+====================================================+
| 7     910B3               | OK            | 174.6       42                0    / 0             |
| 0                         | 0000:42:00.0  | 20          0    / 0          28838/ 65536         |
+===========================+===============+====================================================+
+---------------------------+---------------+----------------------------------------------------+
| NPU     Chip              | Process id    | Process name             | Process memory(MB)      |
+===========================+===============+====================================================+
| 0       0                 | 251901        | python                   | 5752                    |
+===========================+===============+====================================================+
| 1       0                 | 3150467       | python                   | 5748                    |
| 1       0                 | 203339        | python                   | 14957                   |
+===========================+===============+====================================================+
| 2       0                 | 2532306       | python                   | 3070                    |
+===========================+===============+====================================================+
| No running processes found in NPU 3                                                            |
+===========================+===============+====================================================+
| 4       0                 | 2999855       | VLLMEngineCor            | 55666                   |
+===========================+===============+====================================================+
| 5       0                 | 89602         | VLLMWorker_TP            | 56700                   |
+===========================+===============+====================================================+
| 6       0                 | 91228         | VLLMWorker_TP            | 56701                   |
+===========================+===============+====================================================+
| 7       0                 | 439848        | python3                  | 21260                   |
| 7       0                 | 2532308       | python                   | 4100                    |
+===========================+===============+====================================================+
