LOCAL_SAMPLE case=fp16-128x128 pair=01 order=P,C parent_device_us=19.4600 candidate_device_us=22.9800 parent_gelem_s=0.841932 candidate_gelem_s=0.712968 parent_wall_us=159.9150 candidate_wall_us=74.4030 paired_delta_us=3.5200
LOCAL_SAMPLE case=fp16-128x128 pair=02 order=C,P parent_device_us=15.2600 candidate_device_us=6.1600 parent_gelem_s=1.073657 candidate_gelem_s=2.659740 parent_wall_us=61.4520 candidate_wall_us=69.7720 paired_delta_us=-9.1000
LOCAL_SAMPLE case=fp16-128x128 pair=03 order=P,C parent_device_us=6.4800 candidate_device_us=16.5400 parent_gelem_s=2.528395 candidate_gelem_s=0.990568 parent_wall_us=63.6720 candidate_wall_us=57.6820 paired_delta_us=10.0600
LOCAL_SAMPLE case=fp16-128x128 pair=04 order=C,P parent_device_us=18.0200 candidate_device_us=6.2400 parent_gelem_s=0.909212 candidate_gelem_s=2.625641 parent_wall_us=61.5620 candidate_wall_us=63.5220 paired_delta_us=-11.7800
LOCAL_SAMPLE case=fp16-128x128 pair=05 order=P,C parent_device_us=7.1200 candidate_device_us=6.0800 parent_gelem_s=2.301124 candidate_gelem_s=2.694737 parent_wall_us=61.7720 candidate_wall_us=60.9020 paired_delta_us=-1.0400
LOCAL_SAMPLE case=fp16-128x128 pair=06 order=C,P parent_device_us=18.2600 candidate_device_us=6.9000 parent_gelem_s=0.897262 candidate_gelem_s=2.374493 parent_wall_us=59.8410 candidate_wall_us=64.4020 paired_delta_us=-11.3600
LOCAL_SAMPLE case=fp16-128x128 pair=07 order=P,C parent_device_us=6.6200 candidate_device_us=17.3200 parent_gelem_s=2.474924 candidate_gelem_s=0.945958 parent_wall_us=63.9720 candidate_wall_us=59.0520 paired_delta_us=10.7000
LOCAL_SAMPLE case=fp16-128x128 pair=08 order=C,P parent_device_us=6.5000 candidate_device_us=14.9800 parent_gelem_s=2.520615 candidate_gelem_s=1.093725 parent_wall_us=61.4120 candidate_wall_us=61.3920 paired_delta_us=8.4800
LOCAL_SAMPLE case=fp16-128x128 pair=09 order=P,C parent_device_us=7.2800 candidate_device_us=19.8400 parent_gelem_s=2.250549 candidate_gelem_s=0.825806 parent_wall_us=59.8720 candidate_wall_us=59.9420 paired_delta_us=12.5600
LOCAL_SAMPLE case=fp16-128x128 pair=10 order=C,P parent_device_us=18.5800 candidate_device_us=6.4600 parent_gelem_s=0.881808 candidate_gelem_s=2.536223 parent_wall_us=59.0110 candidate_wall_us=64.4710 paired_delta_us=-12.1200
LOCAL_SAMPLE case=fp16-128x128 pair=11 order=P,C parent_device_us=6.4200 candidate_device_us=15.3000 parent_gelem_s=2.552025 candidate_gelem_s=1.070850 parent_wall_us=62.3920 candidate_wall_us=60.4520 paired_delta_us=8.8800
LOCAL_SAMPLE case=fp16-128x128 pair=12 order=C,P parent_device_us=16.2000 candidate_device_us=6.7400 parent_gelem_s=1.011358 candidate_gelem_s=2.430860 parent_wall_us=59.9220 candidate_wall_us=61.1820 paired_delta_us=-9.4600
LOCAL_SAMPLE case=fp16-128x128 pair=13 order=P,C parent_device_us=28.2400 candidate_device_us=18.1200 parent_gelem_s=0.580170 candidate_gelem_s=0.904194 parent_wall_us=90.4030 candidate_wall_us=60.5720 paired_delta_us=-10.1200
LOCAL_SAMPLE case=fp16-128x128 pair=14 order=C,P parent_device_us=17.3400 candidate_device_us=6.1000 parent_gelem_s=0.944867 candidate_gelem_s=2.685902 parent_wall_us=63.0520 candidate_wall_us=62.7320 paired_delta_us=-11.2400
LOCAL_SAMPLE case=fp16-128x128 pair=15 order=P,C parent_device_us=14.0400 candidate_device_us=6.5400 parent_gelem_s=1.166952 candidate_gelem_s=2.505199 parent_wall_us=59.2610 candidate_wall_us=61.5820 paired_delta_us=-7.5000
LOCAL_SAMPLE case=fp16-128x128 pair=16 order=C,P parent_device_us=6.4400 candidate_device_us=22.1200 parent_gelem_s=2.544099 candidate_gelem_s=0.740687 parent_wall_us=58.3720 candidate_wall_us=61.5320 paired_delta_us=15.6800
LOCAL_SAMPLE case=fp16-128x128 pair=17 order=P,C parent_device_us=6.3400 candidate_device_us=16.9000 parent_gelem_s=2.584227 candidate_gelem_s=0.969467 parent_wall_us=61.0520 candidate_wall_us=61.2720 paired_delta_us=10.5600
LOCAL_SAMPLE case=fp16-128x128 pair=18 order=C,P parent_device_us=6.8000 candidate_device_us=22.8000 parent_gelem_s=2.409412 candidate_gelem_s=0.718596 parent_wall_us=70.6420 candidate_wall_us=58.8520 paired_delta_us=16.0000
LOCAL_SAMPLE case=fp16-128x128 pair=19 order=P,C parent_device_us=14.5000 candidate_device_us=5.8400 parent_gelem_s=1.129931 candidate_gelem_s=2.805479 parent_wall_us=67.8620 candidate_wall_us=65.0720 paired_delta_us=-8.6600
LOCAL_SAMPLE case=fp16-128x128 pair=20 order=C,P parent_device_us=6.0000 candidate_device_us=21.0200 parent_gelem_s=2.730667 candidate_gelem_s=0.779448 parent_wall_us=60.2820 candidate_wall_us=63.4520 paired_delta_us=15.0200
LOCAL_SAMPLE case=fp16-128x128 pair=21 order=P,C parent_device_us=15.7200 candidate_device_us=6.3600 parent_gelem_s=1.042239 candidate_gelem_s=2.576101 parent_wall_us=59.8920 candidate_wall_us=62.9120 paired_delta_us=-9.3600
LOCAL_SAMPLE case=fp16-128x128 pair=22 order=C,P parent_device_us=18.2200 candidate_device_us=6.5600 parent_gelem_s=0.899232 candidate_gelem_s=2.497561 parent_wall_us=70.9630 candidate_wall_us=63.7920 paired_delta_us=-11.6600
LOCAL_SAMPLE case=fp16-128x128 pair=23 order=P,C parent_device_us=18.1400 candidate_device_us=15.5000 parent_gelem_s=0.903197 candidate_gelem_s=1.057032 parent_wall_us=60.5720 candidate_wall_us=61.2320 paired_delta_us=-2.6400
LOCAL_SAMPLE case=fp16-128x128 pair=24 order=C,P parent_device_us=16.1000 candidate_device_us=6.1200 parent_gelem_s=1.017640 candidate_gelem_s=2.677124 parent_wall_us=61.4120 candidate_wall_us=64.0020 paired_delta_us=-9.9800
LOCAL_SAMPLE case=fp16-128x128 pair=25 order=P,C parent_device_us=12.3800 candidate_device_us=6.0800 parent_gelem_s=1.323425 candidate_gelem_s=2.694737 parent_wall_us=78.0230 candidate_wall_us=57.4420 paired_delta_us=-6.3000
LOCAL_SAMPLE case=fp16-128x128 pair=26 order=C,P parent_device_us=6.0000 candidate_device_us=6.5000 parent_gelem_s=2.730667 candidate_gelem_s=2.520615 parent_wall_us=61.5420 candidate_wall_us=62.6520 paired_delta_us=0.5000
LOCAL_SAMPLE case=fp16-128x128 pair=27 order=P,C parent_device_us=16.7800 candidate_device_us=6.2600 parent_gelem_s=0.976400 candidate_gelem_s=2.617252 parent_wall_us=57.6920 candidate_wall_us=60.8820 paired_delta_us=-10.5200
LOCAL_SAMPLE case=fp16-128x128 pair=28 order=C,P parent_device_us=18.8600 candidate_device_us=6.5600 parent_gelem_s=0.868717 candidate_gelem_s=2.497561 parent_wall_us=59.0020 candidate_wall_us=61.1820 paired_delta_us=-12.3000
LOCAL_SAMPLE case=fp16-128x128 pair=29 order=P,C parent_device_us=18.3000 candidate_device_us=6.6000 parent_gelem_s=0.895301 candidate_gelem_s=2.482424 parent_wall_us=60.7710 candidate_wall_us=61.5220 paired_delta_us=-11.7000
LOCAL_SAMPLE case=fp16-128x128 pair=30 order=C,P parent_device_us=5.8800 candidate_device_us=16.8000 parent_gelem_s=2.786395 candidate_gelem_s=0.975238 parent_wall_us=61.4820 candidate_wall_us=58.9020 paired_delta_us=10.9200
LOCAL_SAMPLE case=fp16-128x128 pair=31 order=P,C parent_device_us=23.3600 candidate_device_us=6.4600 parent_gelem_s=0.701370 candidate_gelem_s=2.536223 parent_wall_us=67.8320 candidate_wall_us=63.0820 paired_delta_us=-16.9000
LOCAL_STATS case=fp16-128x128 metric=device_us binary=PARENT_R31B_V011 n=31 median=15.2600 mean=13.4077 stdev=6.2076 cv=0.46299 min=5.8800 max=28.2400 mad=3.6000 p10=6.3400 p90=18.8600
LOCAL_STATS case=fp16-128x128 metric=device_us binary=CANDIDATE_V061 n=31 median=6.6000 mean=11.4445 stdev=6.3541 cv=0.55521 min=5.8400 max=22.9800 mad=0.5200 p10=6.1000 p90=21.0200
LOCAL_STATS case=fp16-128x128 metric=wall_us binary=PARENT_R31B_V011 n=31 median=61.4520 mean=66.6098 stdev=18.5361 cv=0.27828 min=57.6920 max=159.9150 mad=1.6000 p10=59.0110 p90=70.9630
LOCAL_STATS case=fp16-128x128 metric=wall_us binary=CANDIDATE_V061 n=31 median=61.5220 mean=62.2530 stdev=3.3185 cv=0.05331 min=57.4420 max=74.4030 mad=1.5600 p10=58.9020 p90=64.4710
LOCAL_STATS case=fp16-128x128 metric=gelem_s binary=PARENT_R31B_V011 n=31 median=1.0737 mean=1.5638 stdev=0.8006 cv=0.51196 min=0.5802 max=2.7864 mad=0.2317 p10=0.8687 p90=2.5842
LOCAL_STATS case=fp16-128x128 metric=gelem_s binary=CANDIDATE_V061 n=31 median=2.4824 mean=1.8775 stdev=0.8474 cv=0.45134 min=0.7130 max=2.8055 mad=0.2123 p10=0.7794 p90=2.6859
LOCAL_STATS case=fp16-128x128 metric=paired_delta_us binary=CANDIDATE_MINUS_PARENT n=31 median=-7.5000 mean=-1.9632 stdev=10.6113 cv=-5.40502 min=-16.9000 max=16.0000 mad=4.8000 p10=-11.7800 p90=12.5600
LOCAL_RESULT route=SYNC-BARRIER-ELISION-X revision=V061 device=3 shape=128x128 dtype=fp16 samples=31 parent_median_us=15.2600 candidate_median_us=6.6000 parent_median_gelem_s=1.073657 candidate_median_gelem_s=2.482424 local_delta_us=-7.5000 local_score_percent=49.148099 candidate_minus_parent_percent=-49.148099
