SAME_BINARY_SAMPLE binary=PARENT_R31B_V011 case=fp16-128x128 pair=01 order=A,B first_device_us=21.0600 second_device_us=18.8400 first_gelem_s=0.777968 second_gelem_s=0.869639 first_wall_us=158.6410 second_wall_us=85.7810 second_minus_first_us=-2.2200
SAME_BINARY_SAMPLE binary=PARENT_R31B_V011 case=fp16-128x128 pair=02 order=B,A first_device_us=17.6000 second_device_us=6.3800 first_gelem_s=0.930909 second_gelem_s=2.568025 first_wall_us=75.4600 second_wall_us=71.2210 second_minus_first_us=-11.2200
SAME_BINARY_SAMPLE binary=PARENT_R31B_V011 case=fp16-128x128 pair=03 order=A,B first_device_us=6.9600 second_device_us=6.6400 first_gelem_s=2.354023 second_gelem_s=2.467470 first_wall_us=70.8900 second_wall_us=132.8610 second_minus_first_us=-0.3200
SAME_BINARY_SAMPLE binary=PARENT_R31B_V011 case=fp16-128x128 pair=04 order=B,A first_device_us=21.0400 second_device_us=6.5600 first_gelem_s=0.778707 second_gelem_s=2.497561 first_wall_us=72.0600 second_wall_us=70.7510 second_minus_first_us=-14.4800
SAME_BINARY_SAMPLE binary=PARENT_R31B_V011 case=fp16-128x128 pair=05 order=A,B first_device_us=17.0000 second_device_us=19.9200 first_gelem_s=0.963765 second_gelem_s=0.822490 first_wall_us=66.1810 second_wall_us=66.0400 second_minus_first_us=2.9200
SAME_BINARY_SAMPLE binary=PARENT_R31B_V011 case=fp16-128x128 pair=06 order=B,A first_device_us=6.4000 second_device_us=19.6400 first_gelem_s=2.560000 second_gelem_s=0.834216 first_wall_us=73.6110 second_wall_us=67.3000 second_minus_first_us=13.2400
SAME_BINARY_SAMPLE binary=PARENT_R31B_V011 case=fp16-128x128 pair=07 order=A,B first_device_us=6.4400 second_device_us=12.0400 first_gelem_s=2.544099 second_gelem_s=1.360797 first_wall_us=68.5410 second_wall_us=64.9110 second_minus_first_us=5.6000
SAME_BINARY_SAMPLE binary=PARENT_R31B_V011 case=fp16-128x128 pair=08 order=B,A first_device_us=6.6000 second_device_us=7.6200 first_gelem_s=2.482424 second_gelem_s=2.150131 first_wall_us=67.1500 second_wall_us=67.9210 second_minus_first_us=1.0200
SAME_BINARY_SAMPLE binary=PARENT_R31B_V011 case=fp16-128x128 pair=09 order=A,B first_device_us=6.5000 second_device_us=6.7400 first_gelem_s=2.520615 second_gelem_s=2.430860 first_wall_us=59.9900 second_wall_us=68.1510 second_minus_first_us=0.2400
SAME_BINARY_SAMPLE binary=PARENT_R31B_V011 case=fp16-128x128 pair=10 order=B,A first_device_us=18.9200 second_device_us=11.2000 first_gelem_s=0.865962 second_gelem_s=1.462857 first_wall_us=69.6810 second_wall_us=65.3300 second_minus_first_us=-7.7200
SAME_BINARY_SAMPLE binary=PARENT_R31B_V011 case=fp16-128x128 pair=11 order=A,B first_device_us=6.8000 second_device_us=20.0200 first_gelem_s=2.409412 second_gelem_s=0.818382 first_wall_us=72.0110 second_wall_us=68.5410 second_minus_first_us=13.2200
SAME_BINARY_SAMPLE binary=PARENT_R31B_V011 case=fp16-128x128 pair=12 order=B,A first_device_us=22.2400 second_device_us=6.1000 first_gelem_s=0.736691 second_gelem_s=2.685902 first_wall_us=66.2800 second_wall_us=68.2210 second_minus_first_us=-16.1400
SAME_BINARY_SAMPLE binary=PARENT_R31B_V011 case=fp16-128x128 pair=13 order=A,B first_device_us=5.9800 second_device_us=18.1200 first_gelem_s=2.739799 second_gelem_s=0.904194 first_wall_us=59.3800 second_wall_us=63.7710 second_minus_first_us=12.1400
SAME_BINARY_SAMPLE binary=PARENT_R31B_V011 case=fp16-128x128 pair=14 order=B,A first_device_us=18.8400 second_device_us=6.5400 first_gelem_s=0.869639 second_gelem_s=2.505199 first_wall_us=75.7610 second_wall_us=68.0600 second_minus_first_us=-12.3000
SAME_BINARY_SAMPLE binary=PARENT_R31B_V011 case=fp16-128x128 pair=15 order=A,B first_device_us=6.6600 second_device_us=15.8400 first_gelem_s=2.460060 second_gelem_s=1.034343 first_wall_us=67.9810 second_wall_us=63.8700 second_minus_first_us=9.1800
SAME_BINARY_SAMPLE binary=PARENT_R31B_V011 case=fp16-128x128 pair=16 order=B,A first_device_us=14.9200 second_device_us=21.0800 first_gelem_s=1.098123 second_gelem_s=0.777230 first_wall_us=65.2700 second_wall_us=65.1810 second_minus_first_us=6.1600
SAME_BINARY_SAMPLE binary=PARENT_R31B_V011 case=fp16-128x128 pair=17 order=A,B first_device_us=6.6000 second_device_us=7.2000 first_gelem_s=2.482424 second_gelem_s=2.275556 first_wall_us=71.1000 second_wall_us=71.9810 second_minus_first_us=0.6000
SAME_BINARY_SAMPLE binary=PARENT_R31B_V011 case=fp16-128x128 pair=18 order=B,A first_device_us=24.1200 second_device_us=6.4800 first_gelem_s=0.679270 second_gelem_s=2.528395 first_wall_us=71.9510 second_wall_us=71.6300 second_minus_first_us=-17.6400
SAME_BINARY_SAMPLE binary=PARENT_R31B_V011 case=fp16-128x128 pair=19 order=A,B first_device_us=18.2600 second_device_us=6.2000 first_gelem_s=0.897262 second_gelem_s=2.642581 first_wall_us=78.4110 second_wall_us=65.7010 second_minus_first_us=-12.0600
SAME_BINARY_SAMPLE binary=PARENT_R31B_V011 case=fp16-128x128 pair=20 order=B,A first_device_us=25.3400 second_device_us=7.1200 first_gelem_s=0.646567 second_gelem_s=2.301124 first_wall_us=76.1500 second_wall_us=67.7810 second_minus_first_us=-18.2200
SAME_BINARY_SAMPLE binary=PARENT_R31B_V011 case=fp16-128x128 pair=21 order=A,B first_device_us=6.5800 second_device_us=7.4600 first_gelem_s=2.489970 second_gelem_s=2.196247 first_wall_us=68.0310 second_wall_us=67.3500 second_minus_first_us=0.8800
SAME_BINARY_SAMPLE binary=PARENT_R31B_V011 case=fp16-128x128 pair=22 order=B,A first_device_us=20.4400 second_device_us=18.0200 first_gelem_s=0.801566 second_gelem_s=0.909212 first_wall_us=67.1810 second_wall_us=65.6100 second_minus_first_us=-2.4200
SAME_BINARY_SAMPLE binary=PARENT_R31B_V011 case=fp16-128x128 pair=23 order=A,B first_device_us=6.6600 second_device_us=17.7000 first_gelem_s=2.460060 second_gelem_s=0.925650 first_wall_us=104.8310 second_wall_us=71.4810 second_minus_first_us=11.0400
SAME_BINARY_SAMPLE binary=PARENT_R31B_V011 case=fp16-128x128 pair=24 order=B,A first_device_us=18.8200 second_device_us=6.2000 first_gelem_s=0.870563 second_gelem_s=2.642581 first_wall_us=66.1310 second_wall_us=68.8500 second_minus_first_us=-12.6200
SAME_BINARY_SAMPLE binary=PARENT_R31B_V011 case=fp16-128x128 pair=25 order=A,B first_device_us=6.0800 second_device_us=6.1400 first_gelem_s=2.694737 second_gelem_s=2.668404 first_wall_us=67.9510 second_wall_us=66.6700 second_minus_first_us=0.0600
SAME_BINARY_SAMPLE binary=PARENT_R31B_V011 case=fp16-128x128 pair=26 order=B,A first_device_us=6.1800 second_device_us=30.6800 first_gelem_s=2.651133 second_gelem_s=0.534029 first_wall_us=67.7100 second_wall_us=75.3310 second_minus_first_us=24.5000
SAME_BINARY_SAMPLE binary=PARENT_R31B_V011 case=fp16-128x128 pair=27 order=A,B first_device_us=16.4600 second_device_us=14.2400 first_gelem_s=0.995383 second_gelem_s=1.150562 first_wall_us=64.6100 second_wall_us=65.6610 second_minus_first_us=-2.2200
SAME_BINARY_SAMPLE binary=PARENT_R31B_V011 case=fp16-128x128 pair=28 order=B,A first_device_us=18.5200 second_device_us=19.2400 first_gelem_s=0.884665 second_gelem_s=0.851559 first_wall_us=66.0510 second_wall_us=75.2100 second_minus_first_us=0.7200
SAME_BINARY_SAMPLE binary=PARENT_R31B_V011 case=fp16-128x128 pair=29 order=A,B first_device_us=6.0800 second_device_us=21.0800 first_gelem_s=2.694737 second_gelem_s=0.777230 first_wall_us=67.9010 second_wall_us=74.4600 second_minus_first_us=15.0000
SAME_BINARY_SAMPLE binary=PARENT_R31B_V011 case=fp16-128x128 pair=30 order=B,A first_device_us=13.4800 second_device_us=13.8800 first_gelem_s=1.215430 second_gelem_s=1.180403 first_wall_us=64.9800 second_wall_us=64.4710 second_minus_first_us=0.4000
SAME_BINARY_SAMPLE binary=PARENT_R31B_V011 case=fp16-128x128 pair=31 order=A,B first_device_us=15.8600 second_device_us=20.0800 first_gelem_s=1.033039 second_gelem_s=0.815936 first_wall_us=65.9300 second_wall_us=64.3410 second_minus_first_us=4.2200
LOCAL_STATS case=PARENT_R31B_V011 metric=device_us binary=same_binary_first n=31 median=14.9200 mean=13.3368 stdev=6.7429 cv=0.50559 min=5.9800 max=25.3400 mad=7.9600 p10=6.1800 p90=21.0600
LOCAL_STATS case=PARENT_R31B_V011 metric=device_us binary=same_binary_second n=31 median=12.0400 mean=13.0645 stdev=6.7322 cv=0.51530 min=6.1000 max=30.6800 mad=5.6600 p10=6.2000 p90=20.0800
LOCAL_STATS case=PARENT_R31B_V011 metric=paired_delta_us binary=same_binary_second_minus_first n=31 median=0.4000 mean=-0.2723 stdev=10.6391 cv=-39.07729 min=-18.2200 max=24.5000 mad=8.1200 p10=-14.4800 p90=13.2200
LOCAL_STATS case=PARENT_R31B_V011 metric=gelem_s binary=same_binary_first n=31 median=1.0981 mean=1.6319 stdev=0.8470 cv=0.51901 min=0.6466 max=2.7398 mad=0.4189 p10=0.7780 p90=2.6511
LOCAL_STATS case=PARENT_R31B_V011 metric=gelem_s binary=same_binary_second n=31 median=1.3608 mean=1.6319 stdev=0.7985 cv=0.48929 min=0.5340 max=2.6859 mad=0.5836 p10=0.8159 p90=2.6426
LOCAL_STATS case=PARENT_R31B_V011 metric=wall_us binary=same_binary_first n=31 median=67.9810 mean=72.8325 stdev=17.7254 cv=0.24337 min=59.3800 max=158.6410 mad=2.9090 p10=64.9800 p90=76.1500
LOCAL_STATS case=PARENT_R31B_V011 metric=wall_us binary=same_binary_second n=31 median=67.9210 mean=70.7884 stdev=12.3803 cv=0.17489 min=63.7710 max=132.8610 mad=2.7400 p10=64.4710 p90=75.2100
SAME_BINARY_QUALIFICATION binary=PARENT_R31B_V011 case=fp16-128x128 samples=31 first_mad_over_median=0.533512 second_mad_over_median=0.470100 median_drift_fraction=0.213650
SAME_BINARY_SUMMARY binary=PARENT_R31B_V011 device=3 shape=128x128 dtype=fp16 samples=31
