SNAPSHOT_UTC=2026-10-08T03:34:57Z

=== host ===
hwnput3

=== device table and process list ===
+------------------------------------------------------------------------------------------------+
| npu-smi 25.0.rc1.1               Version: 25.0.rc1.1                                           |
+---------------------------+---------------+----------------------------------------------------+
| NPU   Name                | Health        | Power(W)    Temp(C)           Hugepages-Usage(page)|
| Chip                      | Bus-Id        | AICore(%)   Memory-Usage(MB)  HBM-Usage(MB)        |
+===========================+===============+====================================================+
| 0     910B3               | OK            | 93.6        37                0    / 0             |
| 0                         | 0000:C1:00.0  | 0           0    / 0          3431 / 65536         |
+===========================+===============+====================================================+
| 1     910B3               | OK            | 122.3       39                0    / 0             |
| 0                         | 0000:C2:00.0  | 11          0    / 0          9177 / 65536         |
+===========================+===============+====================================================+
| 2     910B3               | OK            | 89.2        39                0    / 0             |
| 0                         | 0000:81:00.0  | 0           0    / 0          3421 / 65536         |
+===========================+===============+====================================================+
| 3     910B3               | OK            | 112.1       41                0    / 0             |
| 0                         | 0000:82:00.0  | 7           0    / 0          7215 / 65536         |
+===========================+===============+====================================================+
| 4     910B3               | OK            | 199.7       62                0    / 0             |
| 0                         | 0000:01:00.0  | 60          0    / 0          59214/ 65536         |
+===========================+===============+====================================================+
| 5     910B3               | OK            | 172.3       58                0    / 0             |
| 0                         | 0000:02:00.0  | 45          0    / 0          60221/ 65536         |
+===========================+===============+====================================================+
| 6     910B3               | OK            | 176.0       56                0    / 0             |
| 0                         | 0000:41:00.0  | 45          0    / 0          60222/ 65536         |
+===========================+===============+====================================================+
| 7     910B3               | OK            | 165.1       48                0    / 0             |
| 0                         | 0000:42:00.0  | 45          0    / 0          24791/ 65536         |
+===========================+===============+====================================================+
+---------------------------+---------------+----------------------------------------------------+
| NPU     Chip              | Process id    | Process name             | Process memory(MB)      |
+===========================+===============+====================================================+
| No running processes found in NPU 0                                                            |
+===========================+===============+====================================================+
| 1       0                 | 3150467       | python                   | 5748                    |
+===========================+===============+====================================================+
| No running processes found in NPU 2                                                            |
+===========================+===============+====================================================+
| 3       0                 | 281978        | python                   | 3841                    |
+===========================+===============+====================================================+
| 4       0                 | 2999855       | VLLMEngineCor            | 55666                   |
+===========================+===============+====================================================+
| 5       0                 | 89602         | VLLMWorker_TP            | 56700                   |
+===========================+===============+====================================================+
| 6       0                 | 91228         | VLLMWorker_TP            | 56701                   |
+===========================+===============+====================================================+
| 7       0                 | 439848        | python3                  | 21260                   |
+===========================+===============+====================================================+

=== device 0 HBM/usages ===
	NPU ID                         : 0
	Chip Count                     : 1

	DDR Capacity(MB)               : 0
	DDR Usage Rate(%)              : 0
	DDR Hugepages Total(page)      : 0
	DDR Hugepages Usage Rate(%)    : 0
	HBM Capacity(MB)               : 65536
	HBM Usage Rate(%)              : 5
	Aicore Usage Rate(%)           : 0
	Aivector Usage Rate(%)         : 0
	Aicpu Usage Rate(%)            : 0
	Ctrlcpu Usage Rate(%)          : 6
	DDR Bandwidth Usage Rate(%)    : 0
	HBM Bandwidth Usage Rate(%)    : 0
	Chip ID                        : 0


=== host load ===
 03:34:59 up 242 days, 15:11, 33 users,  load average: 65.75, 55.56, 49.81
