=== COEFF-LOCALITY-X V001 compile 2026-09-28T21:41:34Z ===
ASCEND_HOME_PATH=/usr/local/Ascend/ascend-toolkit/8.5.0.alpha002
SOC: Ascend910B3 arch dav-2201
SOURCE_SHA=4be7c2287e8e71f540a848dc9de71c8f303f2299176baebaee062290c5ec8e82
--- cmake configure ---
-- Configuring done
-- Generating done
-- Build files have been written to: /home/data4t2/lelinfeng/phase4-workspaces/COEFF-LOCALITY-X/build
CMAKE_RC=0
--- compile submission object ---
Consolidate compiler generated dependencies of target clx_v001_submission
[100%] Building ASC object CMakeFiles/clx_v001_submission.dir/submission_shim.asc.o
[100%] Built target clx_v001_submission
OBJ_RC=0
--- link target clx_full_link ---
Consolidate compiler generated dependencies of target clx_full_link
[ 50%] Building ASC object CMakeFiles/clx_full_link.dir/main.asc.o
[100%] Linking ASC executable clx_full_link
[100%] Built target clx_full_link
LINK_RC=0
EXECUTABLE_SHA=44aa8ef1386d6e2ca4cac71b2c16d0fb51c0031616ef8acee7688a417504ccea
EXECUTABLE_BYTES=470720
--- build correctness probes ---
Consolidate compiler generated dependencies of target clx_parent_probe
[ 50%] Building ASC object CMakeFiles/clx_parent_probe.dir/runner_parent.asc.o
In file included from /home/data4t2/lelinfeng/phase4-workspaces/COEFF-LOCALITY-X/runner_parent.asc:2:
/home/data4t2/lelinfeng/phase4-workspaces/COEFF-LOCALITY-X/runner_main.inc:162:21: warning: 'cce_global' attribute ignored when parsing type [-Wignored-attributes]
        run_kernel((GM_ADDR)deviceX, infoX, (GM_ADDR)deviceR, infoR,
                    ^~~~~~~
/usr/local/Ascend/ascend-toolkit/8.5.0.alpha002/compiler/tikcpp/tikcfw/impl/utils/kernel_utils_macros.h:18:17: note: expanded from macro 'GM_ADDR'
#define GM_ADDR __gm__ uint8_t*
                ^~~~~~
/usr/local/Ascend/ascend-toolkit/8.5.0.alpha002/aarch64-linux/ccec_compiler/lib/clang/15.0.5/include/__clang_cce_defines.h:47:31: note: expanded from macro '__gm__'
#define __gm__ __attribute__((cce_global))
                              ^~~~~~~~~~
In file included from /home/data4t2/lelinfeng/phase4-workspaces/COEFF-LOCALITY-X/runner_parent.asc:2:
/home/data4t2/lelinfeng/phase4-workspaces/COEFF-LOCALITY-X/runner_main.inc:162:46: warning: 'cce_global' attribute ignored when parsing type [-Wignored-attributes]
        run_kernel((GM_ADDR)deviceX, infoX, (GM_ADDR)deviceR, infoR,
                                             ^~~~~~~
/usr/local/Ascend/ascend-toolkit/8.5.0.alpha002/compiler/tikcpp/tikcfw/impl/utils/kernel_utils_macros.h:18:17: note: expanded from macro 'GM_ADDR'
#define GM_ADDR __gm__ uint8_t*
                ^~~~~~
/usr/local/Ascend/ascend-toolkit/8.5.0.alpha002/aarch64-linux/ccec_compiler/lib/clang/15.0.5/include/__clang_cce_defines.h:47:31: note: expanded from macro '__gm__'
#define __gm__ __attribute__((cce_global))
                              ^~~~~~~~~~
In file included from /home/data4t2/lelinfeng/phase4-workspaces/COEFF-LOCALITY-X/runner_parent.asc:2:
/home/data4t2/lelinfeng/phase4-workspaces/COEFF-LOCALITY-X/runner_main.inc:163:21: warning: 'cce_global' attribute ignored when parsing type [-Wignored-attributes]
                   (GM_ADDR)deviceG, infoG, (GM_ADDR)deviceB, infoB,
                    ^~~~~~~
/usr/local/Ascend/ascend-toolkit/8.5.0.alpha002/compiler/tikcpp/tikcfw/impl/utils/kernel_utils_macros.h:18:17: note: expanded from macro 'GM_ADDR'
#define GM_ADDR __gm__ uint8_t*
                ^~~~~~
/usr/local/Ascend/ascend-toolkit/8.5.0.alpha002/aarch64-linux/ccec_compiler/lib/clang/15.0.5/include/__clang_cce_defines.h:47:31: note: expanded from macro '__gm__'
#define __gm__ __attribute__((cce_global))
                              ^~~~~~~~~~
In file included from /home/data4t2/lelinfeng/phase4-workspaces/COEFF-LOCALITY-X/runner_parent.asc:2:
/home/data4t2/lelinfeng/phase4-workspaces/COEFF-LOCALITY-X/runner_main.inc:163:46: warning: 'cce_global' attribute ignored when parsing type [-Wignored-attributes]
                   (GM_ADDR)deviceG, infoG, (GM_ADDR)deviceB, infoB,
                                             ^~~~~~~
/usr/local/Ascend/ascend-toolkit/8.5.0.alpha002/compiler/tikcpp/tikcfw/impl/utils/kernel_utils_macros.h:18:17: note: expanded from macro 'GM_ADDR'
#define GM_ADDR __gm__ uint8_t*
                ^~~~~~
/usr/local/Ascend/ascend-toolkit/8.5.0.alpha002/aarch64-linux/ccec_compiler/lib/clang/15.0.5/include/__clang_cce_defines.h:47:31: note: expanded from macro '__gm__'
#define __gm__ __attribute__((cce_global))
                              ^~~~~~~~~~
In file included from /home/data4t2/lelinfeng/phase4-workspaces/COEFF-LOCALITY-X/runner_parent.asc:2:
/home/data4t2/lelinfeng/phase4-workspaces/COEFF-LOCALITY-X/runner_main.inc:164:21: warning: 'cce_global' attribute ignored when parsing type [-Wignored-attributes]
                   (GM_ADDR)deviceOut, infoO, availableCoreNum, stream, kEpsilon);
                    ^~~~~~~
/usr/local/Ascend/ascend-toolkit/8.5.0.alpha002/compiler/tikcpp/tikcfw/impl/utils/kernel_utils_macros.h:18:17: note: expanded from macro 'GM_ADDR'
#define GM_ADDR __gm__ uint8_t*
                ^~~~~~
/usr/local/Ascend/ascend-toolkit/8.5.0.alpha002/aarch64-linux/ccec_compiler/lib/clang/15.0.5/include/__clang_cce_defines.h:47:31: note: expanded from macro '__gm__'
#define __gm__ __attribute__((cce_global))
                              ^~~~~~~~~~
5 warnings generated.
In file included from /home/data4t2/lelinfeng/phase4-workspaces/COEFF-LOCALITY-X/runner_parent.asc:2:
/home/data4t2/lelinfeng/phase4-workspaces/COEFF-LOCALITY-X/runner_main.inc:162:21: warning: 'cce_global' attribute ignored when parsing type [-Wignored-attributes]
/usr/local/Ascend/ascend-toolkit/8.5.0.alpha002/compiler/tikcpp/tikcfw/impl/utils/kernel_utils_macros.h:18:17: note: expanded from macro 'GM_ADDR'
/usr/local/Ascend/ascend-toolkit/8.5.0.alpha002/aarch64-linux/ccec_compiler/lib/clang/15.0.5/include/__clang_cce_defines.h:47:31: note: expanded from macro '__gm__'
In file included from /home/data4t2/lelinfeng/phase4-workspaces/COEFF-LOCALITY-X/runner_parent.asc:2:
/home/data4t2/lelinfeng/phase4-workspaces/COEFF-LOCALITY-X/runner_main.inc:162:46: warning: 'cce_global' attribute ignored when parsing type [-Wignored-attributes]
/usr/local/Ascend/ascend-toolkit/8.5.0.alpha002/compiler/tikcpp/tikcfw/impl/utils/kernel_utils_macros.h:18:17: note: expanded from macro 'GM_ADDR'
/usr/local/Ascend/ascend-toolkit/8.5.0.alpha002/aarch64-linux/ccec_compiler/lib/clang/15.0.5/include/__clang_cce_defines.h:47:31: note: expanded from macro '__gm__'
In file included from /home/data4t2/lelinfeng/phase4-workspaces/COEFF-LOCALITY-X/runner_parent.asc:2:
/home/data4t2/lelinfeng/phase4-workspaces/COEFF-LOCALITY-X/runner_main.inc:163:21: warning: 'cce_global' attribute ignored when parsing type [-Wignored-attributes]
/usr/local/Ascend/ascend-toolkit/8.5.0.alpha002/compiler/tikcpp/tikcfw/impl/utils/kernel_utils_macros.h:18:17: note: expanded from macro 'GM_ADDR'
/usr/local/Ascend/ascend-toolkit/8.5.0.alpha002/aarch64-linux/ccec_compiler/lib/clang/15.0.5/include/__clang_cce_defines.h:47:31: note: expanded from macro '__gm__'
In file included from /home/data4t2/lelinfeng/phase4-workspaces/COEFF-LOCALITY-X/runner_parent.asc:2:
/home/data4t2/lelinfeng/phase4-workspaces/COEFF-LOCALITY-X/runner_main.inc:163:46: warning: 'cce_global' attribute ignored when parsing type [-Wignored-attributes]
/usr/local/Ascend/ascend-toolkit/8.5.0.alpha002/compiler/tikcpp/tikcfw/impl/utils/kernel_utils_macros.h:18:17: note: expanded from macro 'GM_ADDR'
/usr/local/Ascend/ascend-toolkit/8.5.0.alpha002/aarch64-linux/ccec_compiler/lib/clang/15.0.5/include/__clang_cce_defines.h:47:31: note: expanded from macro '__gm__'
In file included from /home/data4t2/lelinfeng/phase4-workspaces/COEFF-LOCALITY-X/runner_parent.asc:2:
/home/data4t2/lelinfeng/phase4-workspaces/COEFF-LOCALITY-X/runner_main.inc:164:21: warning: 'cce_global' attribute ignored when parsing type [-Wignored-attributes]
/usr/local/Ascend/ascend-toolkit/8.5.0.alpha002/compiler/tikcpp/tikcfw/impl/utils/kernel_utils_macros.h:18:17: note: expanded from macro 'GM_ADDR'
/usr/local/Ascend/ascend-toolkit/8.5.0.alpha002/aarch64-linux/ccec_compiler/lib/clang/15.0.5/include/__clang_cce_defines.h:47:31: note: expanded from macro '__gm__'
5 warnings generated.
Warning: please refer to the above warning message. 
Warning: please refer to the above warning message. 
Warning: please refer to the above warning message. 
Warning: please refer to the above warning message. 
Warning: please refer to the above warning message. 
Warning: please refer to the above warning message. 
Warning: please refer to the above warning message. 
Warning: please refer to the above warning message. 
Warning: please refer to the above warning message. 
Warning: please refer to the above warning message. 
Warning: please refer to the above warning message. 
Warning: please refer to the above warning message. 
Warning: please refer to the above warning message. 
Warning: please refer to the above warning message. 
Warning: please refer to the above warning message. 
[100%] Linking ASC executable clx_parent_probe
[100%] Built target clx_parent_probe
Consolidate compiler generated dependencies of target clx_candidate_probe
[ 50%] Building ASC object CMakeFiles/clx_candidate_probe.dir/runner_candidate.asc.o
In file included from /home/data4t2/lelinfeng/phase4-workspaces/COEFF-LOCALITY-X/runner_candidate.asc:2:
/home/data4t2/lelinfeng/phase4-workspaces/COEFF-LOCALITY-X/runner_main.inc:162:21: warning: 'cce_global' attribute ignored when parsing type [-Wignored-attributes]
        run_kernel((GM_ADDR)deviceX, infoX, (GM_ADDR)deviceR, infoR,
                    ^~~~~~~
/usr/local/Ascend/ascend-toolkit/8.5.0.alpha002/compiler/tikcpp/tikcfw/impl/utils/kernel_utils_macros.h:18:17: note: expanded from macro 'GM_ADDR'
#define GM_ADDR __gm__ uint8_t*
                ^~~~~~
/usr/local/Ascend/ascend-toolkit/8.5.0.alpha002/aarch64-linux/ccec_compiler/lib/clang/15.0.5/include/__clang_cce_defines.h:47:31: note: expanded from macro '__gm__'
#define __gm__ __attribute__((cce_global))
                              ^~~~~~~~~~
In file included from /home/data4t2/lelinfeng/phase4-workspaces/COEFF-LOCALITY-X/runner_candidate.asc:2:
/home/data4t2/lelinfeng/phase4-workspaces/COEFF-LOCALITY-X/runner_main.inc:162:46: warning: 'cce_global' attribute ignored when parsing type [-Wignored-attributes]
        run_kernel((GM_ADDR)deviceX, infoX, (GM_ADDR)deviceR, infoR,
                                             ^~~~~~~
/usr/local/Ascend/ascend-toolkit/8.5.0.alpha002/compiler/tikcpp/tikcfw/impl/utils/kernel_utils_macros.h:18:17: note: expanded from macro 'GM_ADDR'
#define GM_ADDR __gm__ uint8_t*
                ^~~~~~
/usr/local/Ascend/ascend-toolkit/8.5.0.alpha002/aarch64-linux/ccec_compiler/lib/clang/15.0.5/include/__clang_cce_defines.h:47:31: note: expanded from macro '__gm__'
#define __gm__ __attribute__((cce_global))
                              ^~~~~~~~~~
In file included from /home/data4t2/lelinfeng/phase4-workspaces/COEFF-LOCALITY-X/runner_candidate.asc:2:
/home/data4t2/lelinfeng/phase4-workspaces/COEFF-LOCALITY-X/runner_main.inc:163:21: warning: 'cce_global' attribute ignored when parsing type [-Wignored-attributes]
                   (GM_ADDR)deviceG, infoG, (GM_ADDR)deviceB, infoB,
                    ^~~~~~~
/usr/local/Ascend/ascend-toolkit/8.5.0.alpha002/compiler/tikcpp/tikcfw/impl/utils/kernel_utils_macros.h:18:17: note: expanded from macro 'GM_ADDR'
#define GM_ADDR __gm__ uint8_t*
                ^~~~~~
/usr/local/Ascend/ascend-toolkit/8.5.0.alpha002/aarch64-linux/ccec_compiler/lib/clang/15.0.5/include/__clang_cce_defines.h:47:31: note: expanded from macro '__gm__'
#define __gm__ __attribute__((cce_global))
                              ^~~~~~~~~~
In file included from /home/data4t2/lelinfeng/phase4-workspaces/COEFF-LOCALITY-X/runner_candidate.asc:2:
/home/data4t2/lelinfeng/phase4-workspaces/COEFF-LOCALITY-X/runner_main.inc:163:46: warning: 'cce_global' attribute ignored when parsing type [-Wignored-attributes]
                   (GM_ADDR)deviceG, infoG, (GM_ADDR)deviceB, infoB,
                                             ^~~~~~~
/usr/local/Ascend/ascend-toolkit/8.5.0.alpha002/compiler/tikcpp/tikcfw/impl/utils/kernel_utils_macros.h:18:17: note: expanded from macro 'GM_ADDR'
#define GM_ADDR __gm__ uint8_t*
                ^~~~~~
/usr/local/Ascend/ascend-toolkit/8.5.0.alpha002/aarch64-linux/ccec_compiler/lib/clang/15.0.5/include/__clang_cce_defines.h:47:31: note: expanded from macro '__gm__'
#define __gm__ __attribute__((cce_global))
                              ^~~~~~~~~~
In file included from /home/data4t2/lelinfeng/phase4-workspaces/COEFF-LOCALITY-X/runner_candidate.asc:2:
/home/data4t2/lelinfeng/phase4-workspaces/COEFF-LOCALITY-X/runner_main.inc:164:21: warning: 'cce_global' attribute ignored when parsing type [-Wignored-attributes]
                   (GM_ADDR)deviceOut, infoO, availableCoreNum, stream, kEpsilon);
                    ^~~~~~~
/usr/local/Ascend/ascend-toolkit/8.5.0.alpha002/compiler/tikcpp/tikcfw/impl/utils/kernel_utils_macros.h:18:17: note: expanded from macro 'GM_ADDR'
#define GM_ADDR __gm__ uint8_t*
                ^~~~~~
/usr/local/Ascend/ascend-toolkit/8.5.0.alpha002/aarch64-linux/ccec_compiler/lib/clang/15.0.5/include/__clang_cce_defines.h:47:31: note: expanded from macro '__gm__'
#define __gm__ __attribute__((cce_global))
                              ^~~~~~~~~~
5 warnings generated.
In file included from /home/data4t2/lelinfeng/phase4-workspaces/COEFF-LOCALITY-X/runner_candidate.asc:2:
/home/data4t2/lelinfeng/phase4-workspaces/COEFF-LOCALITY-X/runner_main.inc:162:21: warning: 'cce_global' attribute ignored when parsing type [-Wignored-attributes]
/usr/local/Ascend/ascend-toolkit/8.5.0.alpha002/compiler/tikcpp/tikcfw/impl/utils/kernel_utils_macros.h:18:17: note: expanded from macro 'GM_ADDR'
/usr/local/Ascend/ascend-toolkit/8.5.0.alpha002/aarch64-linux/ccec_compiler/lib/clang/15.0.5/include/__clang_cce_defines.h:47:31: note: expanded from macro '__gm__'
In file included from /home/data4t2/lelinfeng/phase4-workspaces/COEFF-LOCALITY-X/runner_candidate.asc:2:
/home/data4t2/lelinfeng/phase4-workspaces/COEFF-LOCALITY-X/runner_main.inc:162:46: warning: 'cce_global' attribute ignored when parsing type [-Wignored-attributes]
/usr/local/Ascend/ascend-toolkit/8.5.0.alpha002/compiler/tikcpp/tikcfw/impl/utils/kernel_utils_macros.h:18:17: note: expanded from macro 'GM_ADDR'
/usr/local/Ascend/ascend-toolkit/8.5.0.alpha002/aarch64-linux/ccec_compiler/lib/clang/15.0.5/include/__clang_cce_defines.h:47:31: note: expanded from macro '__gm__'
In file included from /home/data4t2/lelinfeng/phase4-workspaces/COEFF-LOCALITY-X/runner_candidate.asc:2:
/home/data4t2/lelinfeng/phase4-workspaces/COEFF-LOCALITY-X/runner_main.inc:163:21: warning: 'cce_global' attribute ignored when parsing type [-Wignored-attributes]
/usr/local/Ascend/ascend-toolkit/8.5.0.alpha002/compiler/tikcpp/tikcfw/impl/utils/kernel_utils_macros.h:18:17: note: expanded from macro 'GM_ADDR'
/usr/local/Ascend/ascend-toolkit/8.5.0.alpha002/aarch64-linux/ccec_compiler/lib/clang/15.0.5/include/__clang_cce_defines.h:47:31: note: expanded from macro '__gm__'
In file included from /home/data4t2/lelinfeng/phase4-workspaces/COEFF-LOCALITY-X/runner_candidate.asc:2:
/home/data4t2/lelinfeng/phase4-workspaces/COEFF-LOCALITY-X/runner_main.inc:163:46: warning: 'cce_global' attribute ignored when parsing type [-Wignored-attributes]
/usr/local/Ascend/ascend-toolkit/8.5.0.alpha002/compiler/tikcpp/tikcfw/impl/utils/kernel_utils_macros.h:18:17: note: expanded from macro 'GM_ADDR'
/usr/local/Ascend/ascend-toolkit/8.5.0.alpha002/aarch64-linux/ccec_compiler/lib/clang/15.0.5/include/__clang_cce_defines.h:47:31: note: expanded from macro '__gm__'
In file included from /home/data4t2/lelinfeng/phase4-workspaces/COEFF-LOCALITY-X/runner_candidate.asc:2:
/home/data4t2/lelinfeng/phase4-workspaces/COEFF-LOCALITY-X/runner_main.inc:164:21: warning: 'cce_global' attribute ignored when parsing type [-Wignored-attributes]
/usr/local/Ascend/ascend-toolkit/8.5.0.alpha002/compiler/tikcpp/tikcfw/impl/utils/kernel_utils_macros.h:18:17: note: expanded from macro 'GM_ADDR'
/usr/local/Ascend/ascend-toolkit/8.5.0.alpha002/aarch64-linux/ccec_compiler/lib/clang/15.0.5/include/__clang_cce_defines.h:47:31: note: expanded from macro '__gm__'
5 warnings generated.
Warning: please refer to the above warning message. 
Warning: please refer to the above warning message. 
Warning: please refer to the above warning message. 
Warning: please refer to the above warning message. 
Warning: please refer to the above warning message. 
Warning: please refer to the above warning message. 
Warning: please refer to the above warning message. 
Warning: please refer to the above warning message. 
Warning: please refer to the above warning message. 
Warning: please refer to the above warning message. 
Warning: please refer to the above warning message. 
Warning: please refer to the above warning message. 
Warning: please refer to the above warning message. 
Warning: please refer to the above warning message. 
Warning: please refer to the above warning message. 
[100%] Linking ASC executable clx_candidate_probe
[100%] Built target clx_candidate_probe
PROBE_RC=0
PROBE_SHA_clx_parent_probe=6169d2c3b6566f15e15df19d343479817e411084bedab01e577280fc155518cf
PROBE_SHA_clx_candidate_probe=c9a57b58aa58c77a8d62a88b5dab6e4ec0ee1dbff82d7cdfad8b9a4486daf7d0
=== COMPILE_DONE CMAKE_RC=0 BUILD_RC=0 ===
