[ 66%] Building CXX object CMakeFiles/route_runner.dir/direct_runner.cpp.o
[ 66%] Building ASC object CMakeFiles/route_runner.dir/exact_source_adapter.asc.o
/home/data4t2/lelinfeng/cann-staging-liveness-x/本地实验/STAGING-LIVENESS-X/V034/support/runner/exact_source_adapter.asc:15:37: error: explicit instantiation of 'add_rms_norm_bias_custom' does not refer to a function template, variable template, member function, member class, or static data member
template __global__ __vector__ void add_rms_norm_bias_custom<float>(
                                    ^
/home/data4t2/lelinfeng/cann-staging-liveness-x/本地实验/STAGING-LIVENESS-X/V034/src/submission.asc:3468:28: note: candidate template ignored: could not match 'void (unsigned int, void *, void *, uint8_t *, uint8_t *, uint8_t *, uint8_t *, uint8_t *, uint64_t, uint64_t, uint32_t, float, float)' (aka 'void (unsigned int, void *, void *, unsigned char *, unsigned char *, unsigned char *, unsigned char *, unsigned char *, unsigned long, unsigned long, unsigned int, float, float)') against 'void (uint8_t *, uint8_t *, uint8_t *, uint8_t *, uint8_t *, uint64_t, uint64_t, uint32_t, float, float)' (aka 'void (unsigned char *, unsigned char *, unsigned char *, unsigned char *, unsigned char *, unsigned long, unsigned long, unsigned int, float, float)')
__global__ __vector__ void add_rms_norm_bias_custom(
                           ^
/home/data4t2/lelinfeng/cann-staging-liveness-x/本地实验/STAGING-LIVENESS-X/V034/support/runner/exact_source_adapter.asc:18:37: error: explicit instantiation of 'add_rms_norm_bias_custom' does not refer to a function template, variable template, member function, member class, or static data member
template __global__ __vector__ void add_rms_norm_bias_custom<half>(
                                    ^
/home/data4t2/lelinfeng/cann-staging-liveness-x/本地实验/STAGING-LIVENESS-X/V034/src/submission.asc:3468:28: note: candidate template ignored: could not match 'void (unsigned int, void *, void *, uint8_t *, uint8_t *, uint8_t *, uint8_t *, uint8_t *, uint64_t, uint64_t, uint32_t, float, float)' (aka 'void (unsigned int, void *, void *, unsigned char *, unsigned char *, unsigned char *, unsigned char *, unsigned char *, unsigned long, unsigned long, unsigned int, float, float)') against 'void (uint8_t *, uint8_t *, uint8_t *, uint8_t *, uint8_t *, uint64_t, uint64_t, uint32_t, float, float)' (aka 'void (unsigned char *, unsigned char *, unsigned char *, unsigned char *, unsigned char *, unsigned long, unsigned long, unsigned int, float, float)')
__global__ __vector__ void add_rms_norm_bias_custom(
                           ^
/home/data4t2/lelinfeng/cann-staging-liveness-x/本地实验/STAGING-LIVENESS-X/V034/support/runner/exact_source_adapter.asc:21:37: error: explicit instantiation of 'add_rms_norm_bias_custom' does not refer to a function template, variable template, member function, member class, or static data member
template __global__ __vector__ void add_rms_norm_bias_custom<bfloat16_t>(
                                    ^
/home/data4t2/lelinfeng/cann-staging-liveness-x/本地实验/STAGING-LIVENESS-X/V034/src/submission.asc:3468:28: note: candidate template ignored: could not match 'void (unsigned int, void *, void *, uint8_t *, uint8_t *, uint8_t *, uint8_t *, uint8_t *, uint64_t, uint64_t, uint32_t, float, float)' (aka 'void (unsigned int, void *, void *, unsigned char *, unsigned char *, unsigned char *, unsigned char *, unsigned char *, unsigned long, unsigned long, unsigned int, float, float)') against 'void (uint8_t *, uint8_t *, uint8_t *, uint8_t *, uint8_t *, uint64_t, uint64_t, uint32_t, float, float)' (aka 'void (unsigned char *, unsigned char *, unsigned char *, unsigned char *, unsigned char *, unsigned long, unsigned long, unsigned int, float, float)')
__global__ __vector__ void add_rms_norm_bias_custom(
                           ^
[ERROR] ASCPLUGIN [pid:3720685, tid:3720685] [asc_ast_device_consumer.cpp:300] Unknown kernelInfo, mangledName: _Z24add_rms_norm_bias_customPhS_S_S_S_mmjff at /home/data4t2/lelinfeng/cann-staging-liveness-x/本地实验/STAGING-LIVENESS-X/V034/src/submission.asc:3468, col:28, please check log.
3 errors generated.
gmake[3]: *** [CMakeFiles/route_runner.dir/build.make:90: CMakeFiles/route_runner.dir/exact_source_adapter.asc.o] Error 1
gmake[2]: *** [CMakeFiles/Makefile2:83: CMakeFiles/route_runner.dir/all] Error 2
gmake[1]: *** [CMakeFiles/Makefile2:90: CMakeFiles/route_runner.dir/rule] Error 2
gmake: *** [Makefile:124: route_runner] Error 2
