[  2%] Creating directories for 'v034_exact_kernel_precompile'
[  4%] No download step for 'v034_exact_kernel_precompile'
[  6%] No update step for 'v034_exact_kernel_precompile'
[  8%] No patch step for 'v034_exact_kernel_precompile'
[ 11%] Performing configure step for 'v034_exact_kernel_precompile'
-- The C compiler identification is GNU 11.4.0
-- The CXX compiler identification is GNU 11.4.0
-- Detecting C compiler ABI info
-- Detecting C compiler ABI info - done
-- Check for working C compiler: /usr/bin/cc - skipped
-- Detecting C compile features
-- Detecting C compile features - done
-- Detecting CXX compiler ABI info
-- Detecting CXX compiler ABI info - done
-- Check for working CXX compiler: /usr/bin/c++ - skipped
-- Detecting CXX compile features
-- Detecting CXX compile features - done
-- Configuring done
-- Generating done
CMake Warning:
  Manually-specified variables were not used by the project:

    DYNAMIC_MODE
    INCLUDE_DIR


-- Build files have been written to: /home/data4t2/lelinfeng/cann-staging-liveness-x/本地实验/STAGING-LIVENESS-X/V034/support/runner/build/cann-template-hoststub-v034-20261007T181405Z/v034_exact_kernel_precompile-prefix/src/v034_exact_kernel_precompile-build
[ 13%] Performing build step for 'v034_exact_kernel_precompile'
[100%] Building CXX object CMakeFiles/precompile_obj.dir/home/data4t2/lelinfeng/cann-staging-liveness-x/本地实验/STAGING-LIVENESS-X/V034/support/runner/exact_source_kernel.cpp.o
In file included from /home/data4t2/lelinfeng/cann-staging-liveness-x/本地实验/STAGING-LIVENESS-X/V034/support/runner/exact_source_kernel.cpp:8:
In file included from /home/data4t2/lelinfeng/cann-staging-liveness-x/本地实验/STAGING-LIVENESS-X/V034/src/submission.asc:3:
In file included from /usr/local/Ascend/ascend-toolkit/8.5.0.alpha002/tools/tikcpp/tikcfw/kernel_operator.h:18:
In file included from /usr/local/Ascend/ascend-toolkit/8.5.0.alpha002/tools/tikcpp/tikcfw/impl/kernel_tpipe_impl.h:22:
In file included from /usr/local/Ascend/ascend-toolkit/8.5.0.alpha002/tools/tikcpp/tikcfw/interface/kernel_tpipe.h:17:
In file included from /usr/local/Ascend/ascend-toolkit/8.5.0.alpha002/tools/tikcpp/tikcfw/impl/kernel_tpipe_base.h:17:
In file included from /usr/local/Ascend/ascend-toolkit/8.5.0.alpha002/tools/tikcpp/tikcfw/impl/kernel_tensor_impl.h:17:
In file included from /usr/local/Ascend/ascend-toolkit/8.5.0.alpha002/tools/tikcpp/tikcfw/interface/kernel_tensor.h:18:
In file included from /usr/local/Ascend/ascend-toolkit/8.5.0.alpha002/tools/tikcpp/tikcfw/impl/kernel_utils.h:17:
In file included from /usr/local/Ascend/ascend-toolkit/8.5.0.alpha002/tools/tikcpp/tikcfw/impl/utils/kernel_utils_macros.h:33:
In file included from /usr/local/Ascend/ascend-toolkit/8.5.0.alpha002/tools/tikcpp/tikcfw/impl/kernel_log.h:23:
/usr/local/Ascend/ascend-toolkit/8.5.0.alpha002/tools/tikicpulib/lib/include/stub_def.h:36:9: warning: '__global__' macro redefined [-Wmacro-redefined]
#define __global__
        ^
/usr/local/Ascend/ascend-toolkit/8.5.0.alpha002/aarch64-linux/ccec_compiler/lib/clang/15.0.5/include/__clang_cce_defines.h:31:9: note: previous definition is here
#define __global__ __attribute__((cce_kernel))
        ^
In file included from /home/data4t2/lelinfeng/cann-staging-liveness-x/本地实验/STAGING-LIVENESS-X/V034/support/runner/exact_source_kernel.cpp:8:
In file included from /home/data4t2/lelinfeng/cann-staging-liveness-x/本地实验/STAGING-LIVENESS-X/V034/src/submission.asc:3:
In file included from /usr/local/Ascend/ascend-toolkit/8.5.0.alpha002/tools/tikcpp/tikcfw/kernel_operator.h:18:
In file included from /usr/local/Ascend/ascend-toolkit/8.5.0.alpha002/tools/tikcpp/tikcfw/impl/kernel_tpipe_impl.h:22:
In file included from /usr/local/Ascend/ascend-toolkit/8.5.0.alpha002/tools/tikcpp/tikcfw/interface/kernel_tpipe.h:17:
In file included from /usr/local/Ascend/ascend-toolkit/8.5.0.alpha002/tools/tikcpp/tikcfw/impl/kernel_tpipe_base.h:17:
In file included from /usr/local/Ascend/ascend-toolkit/8.5.0.alpha002/tools/tikcpp/tikcfw/impl/kernel_tensor_impl.h:17:
In file included from /usr/local/Ascend/ascend-toolkit/8.5.0.alpha002/tools/tikcpp/tikcfw/interface/kernel_tensor.h:18:
In file included from /usr/local/Ascend/ascend-toolkit/8.5.0.alpha002/tools/tikcpp/tikcfw/impl/kernel_utils.h:17:
In file included from /usr/local/Ascend/ascend-toolkit/8.5.0.alpha002/tools/tikcpp/tikcfw/impl/utils/kernel_utils_macros.h:33:
In file included from /usr/local/Ascend/ascend-toolkit/8.5.0.alpha002/tools/tikcpp/tikcfw/impl/kernel_log.h:23:
/usr/local/Ascend/ascend-toolkit/8.5.0.alpha002/tools/tikicpulib/lib/include/stub_def.h:42:9: warning: '__gm__' macro redefined [-Wmacro-redefined]
#define __gm__
        ^
/usr/local/Ascend/ascend-toolkit/8.5.0.alpha002/aarch64-linux/ccec_compiler/lib/clang/15.0.5/include/__clang_cce_defines.h:47:9: note: previous definition is here
#define __gm__ __attribute__((cce_global))
        ^
In file included from /home/data4t2/lelinfeng/cann-staging-liveness-x/本地实验/STAGING-LIVENESS-X/V034/support/runner/exact_source_kernel.cpp:8:
In file included from /home/data4t2/lelinfeng/cann-staging-liveness-x/本地实验/STAGING-LIVENESS-X/V034/src/submission.asc:3:
In file included from /usr/local/Ascend/ascend-toolkit/8.5.0.alpha002/tools/tikcpp/tikcfw/kernel_operator.h:18:
In file included from /usr/local/Ascend/ascend-toolkit/8.5.0.alpha002/tools/tikcpp/tikcfw/impl/kernel_tpipe_impl.h:22:
In file included from /usr/local/Ascend/ascend-toolkit/8.5.0.alpha002/tools/tikcpp/tikcfw/interface/kernel_tpipe.h:17:
In file included from /usr/local/Ascend/ascend-toolkit/8.5.0.alpha002/tools/tikcpp/tikcfw/impl/kernel_tpipe_base.h:17:
In file included from /usr/local/Ascend/ascend-toolkit/8.5.0.alpha002/tools/tikcpp/tikcfw/impl/kernel_tensor_impl.h:17:
In file included from /usr/local/Ascend/ascend-toolkit/8.5.0.alpha002/tools/tikcpp/tikcfw/interface/kernel_tensor.h:18:
In file included from /usr/local/Ascend/ascend-toolkit/8.5.0.alpha002/tools/tikcpp/tikcfw/impl/kernel_utils.h:17:
In file included from /usr/local/Ascend/ascend-toolkit/8.5.0.alpha002/tools/tikcpp/tikcfw/impl/utils/kernel_utils_macros.h:33:
In file included from /usr/local/Ascend/ascend-toolkit/8.5.0.alpha002/tools/tikcpp/tikcfw/impl/kernel_log.h:23:
/usr/local/Ascend/ascend-toolkit/8.5.0.alpha002/tools/tikicpulib/lib/include/stub_def.h:43:9: warning: '__cbuf__' macro redefined [-Wmacro-redefined]
#define __cbuf__
        ^
/usr/local/Ascend/ascend-toolkit/8.5.0.alpha002/aarch64-linux/ccec_compiler/lib/clang/15.0.5/include/__clang_cce_defines.h:52:9: note: previous definition is here
#define __cbuf__ __attribute__((cce_cube_buff))
        ^
In file included from /home/data4t2/lelinfeng/cann-staging-liveness-x/本地实验/STAGING-LIVENESS-X/V034/support/runner/exact_source_kernel.cpp:8:
In file included from /home/data4t2/lelinfeng/cann-staging-liveness-x/本地实验/STAGING-LIVENESS-X/V034/src/submission.asc:3:
In file included from /usr/local/Ascend/ascend-toolkit/8.5.0.alpha002/tools/tikcpp/tikcfw/kernel_operator.h:18:
In file included from /usr/local/Ascend/ascend-toolkit/8.5.0.alpha002/tools/tikcpp/tikcfw/impl/kernel_tpipe_impl.h:22:
In file included from /usr/local/Ascend/ascend-toolkit/8.5.0.alpha002/tools/tikcpp/tikcfw/interface/kernel_tpipe.h:17:
In file included from /usr/local/Ascend/ascend-toolkit/8.5.0.alpha002/tools/tikcpp/tikcfw/impl/kernel_tpipe_base.h:17:
In file included from /usr/local/Ascend/ascend-toolkit/8.5.0.alpha002/tools/tikcpp/tikcfw/impl/kernel_tensor_impl.h:17:
In file included from /usr/local/Ascend/ascend-toolkit/8.5.0.alpha002/tools/tikcpp/tikcfw/interface/kernel_tensor.h:18:
In file included from /usr/local/Ascend/ascend-toolkit/8.5.0.alpha002/tools/tikcpp/tikcfw/impl/kernel_utils.h:17:
In file included from /usr/local/Ascend/ascend-toolkit/8.5.0.alpha002/tools/tikcpp/tikcfw/impl/utils/kernel_utils_macros.h:33:
In file included from /usr/local/Ascend/ascend-toolkit/8.5.0.alpha002/tools/tikcpp/tikcfw/impl/kernel_log.h:23:
/usr/local/Ascend/ascend-toolkit/8.5.0.alpha002/tools/tikicpulib/lib/include/stub_def.h:44:9: warning: '__ubuf__' macro redefined [-Wmacro-redefined]
#define __ubuf__
        ^
/usr/local/Ascend/ascend-toolkit/8.5.0.alpha002/aarch64-linux/ccec_compiler/lib/clang/15.0.5/include/__clang_cce_defines.h:51:9: note: previous definition is here
#define __ubuf__ __attribute__((cce_unif_buff))
        ^
In file included from /home/data4t2/lelinfeng/cann-staging-liveness-x/本地实验/STAGING-LIVENESS-X/V034/support/runner/exact_source_kernel.cpp:8:
In file included from /home/data4t2/lelinfeng/cann-staging-liveness-x/本地实验/STAGING-LIVENESS-X/V034/src/submission.asc:3:
In file included from /usr/local/Ascend/ascend-toolkit/8.5.0.alpha002/tools/tikcpp/tikcfw/kernel_operator.h:18:
In file included from /usr/local/Ascend/ascend-toolkit/8.5.0.alpha002/tools/tikcpp/tikcfw/impl/kernel_tpipe_impl.h:22:
In file included from /usr/local/Ascend/ascend-toolkit/8.5.0.alpha002/tools/tikcpp/tikcfw/interface/kernel_tpipe.h:17:
In file included from /usr/local/Ascend/ascend-toolkit/8.5.0.alpha002/tools/tikcpp/tikcfw/impl/kernel_tpipe_base.h:17:
In file included from /usr/local/Ascend/ascend-toolkit/8.5.0.alpha002/tools/tikcpp/tikcfw/impl/kernel_tensor_impl.h:17:
In file included from /usr/local/Ascend/ascend-toolkit/8.5.0.alpha002/tools/tikcpp/tikcfw/interface/kernel_tensor.h:18:
In file included from /usr/local/Ascend/ascend-toolkit/8.5.0.alpha002/tools/tikcpp/tikcfw/impl/kernel_utils.h:17:
In file included from /usr/local/Ascend/ascend-toolkit/8.5.0.alpha002/tools/tikcpp/tikcfw/impl/utils/kernel_utils_macros.h:33:
In file included from /usr/local/Ascend/ascend-toolkit/8.5.0.alpha002/tools/tikcpp/tikcfw/impl/kernel_log.h:23:
/usr/local/Ascend/ascend-toolkit/8.5.0.alpha002/tools/tikicpulib/lib/include/stub_def.h:45:9: warning: '__cc__' macro redefined [-Wmacro-redefined]
#define __cc__
        ^
/usr/local/Ascend/ascend-toolkit/8.5.0.alpha002/aarch64-linux/ccec_compiler/lib/clang/15.0.5/include/__clang_cce_defines.h:50:9: note: previous definition is here
#define __cc__ __attribute__((cce_cube_c))
        ^
In file included from /home/data4t2/lelinfeng/cann-staging-liveness-x/本地实验/STAGING-LIVENESS-X/V034/support/runner/exact_source_kernel.cpp:8:
In file included from /home/data4t2/lelinfeng/cann-staging-liveness-x/本地实验/STAGING-LIVENESS-X/V034/src/submission.asc:3:
In file included from /usr/local/Ascend/ascend-toolkit/8.5.0.alpha002/tools/tikcpp/tikcfw/kernel_operator.h:18:
In file included from /usr/local/Ascend/ascend-toolkit/8.5.0.alpha002/tools/tikcpp/tikcfw/impl/kernel_tpipe_impl.h:22:
In file included from /usr/local/Ascend/ascend-toolkit/8.5.0.alpha002/tools/tikcpp/tikcfw/interface/kernel_tpipe.h:17:
In file included from /usr/local/Ascend/ascend-toolkit/8.5.0.alpha002/tools/tikcpp/tikcfw/impl/kernel_tpipe_base.h:17:
In file included from /usr/local/Ascend/ascend-toolkit/8.5.0.alpha002/tools/tikcpp/tikcfw/impl/kernel_tensor_impl.h:17:
In file included from /usr/local/Ascend/ascend-toolkit/8.5.0.alpha002/tools/tikcpp/tikcfw/interface/kernel_tensor.h:18:
In file included from /usr/local/Ascend/ascend-toolkit/8.5.0.alpha002/tools/tikcpp/tikcfw/impl/kernel_utils.h:17:
In file included from /usr/local/Ascend/ascend-toolkit/8.5.0.alpha002/tools/tikcpp/tikcfw/impl/utils/kernel_utils_macros.h:33:
In file included from /usr/local/Ascend/ascend-toolkit/8.5.0.alpha002/tools/tikcpp/tikcfw/impl/kernel_log.h:23:
/usr/local/Ascend/ascend-toolkit/8.5.0.alpha002/tools/tikicpulib/lib/include/stub_def.h:46:9: warning: '__ca__' macro redefined [-Wmacro-redefined]
#define __ca__
        ^
/usr/local/Ascend/ascend-toolkit/8.5.0.alpha002/aarch64-linux/ccec_compiler/lib/clang/15.0.5/include/__clang_cce_defines.h:48:9: note: previous definition is here
#define __ca__ __attribute__((cce_cube_a))
        ^
In file included from /home/data4t2/lelinfeng/cann-staging-liveness-x/本地实验/STAGING-LIVENESS-X/V034/support/runner/exact_source_kernel.cpp:8:
In file included from /home/data4t2/lelinfeng/cann-staging-liveness-x/本地实验/STAGING-LIVENESS-X/V034/src/submission.asc:3:
In file included from /usr/local/Ascend/ascend-toolkit/8.5.0.alpha002/tools/tikcpp/tikcfw/kernel_operator.h:18:
In file included from /usr/local/Ascend/ascend-toolkit/8.5.0.alpha002/tools/tikcpp/tikcfw/impl/kernel_tpipe_impl.h:22:
In file included from /usr/local/Ascend/ascend-toolkit/8.5.0.alpha002/tools/tikcpp/tikcfw/interface/kernel_tpipe.h:17:
In file included from /usr/local/Ascend/ascend-toolkit/8.5.0.alpha002/tools/tikcpp/tikcfw/impl/kernel_tpipe_base.h:17:
In file included from /usr/local/Ascend/ascend-toolkit/8.5.0.alpha002/tools/tikcpp/tikcfw/impl/kernel_tensor_impl.h:17:
In file included from /usr/local/Ascend/ascend-toolkit/8.5.0.alpha002/tools/tikcpp/tikcfw/interface/kernel_tensor.h:18:
In file included from /usr/local/Ascend/ascend-toolkit/8.5.0.alpha002/tools/tikcpp/tikcfw/impl/kernel_utils.h:17:
In file included from /usr/local/Ascend/ascend-toolkit/8.5.0.alpha002/tools/tikcpp/tikcfw/impl/utils/kernel_utils_macros.h:33:
In file included from /usr/local/Ascend/ascend-toolkit/8.5.0.alpha002/tools/tikcpp/tikcfw/impl/kernel_log.h:23:
/usr/local/Ascend/ascend-toolkit/8.5.0.alpha002/tools/tikicpulib/lib/include/stub_def.h:47:9: warning: '__cb__' macro redefined [-Wmacro-redefined]
#define __cb__
        ^
/usr/local/Ascend/ascend-toolkit/8.5.0.alpha002/aarch64-linux/ccec_compiler/lib/clang/15.0.5/include/__clang_cce_defines.h:49:9: note: previous definition is here
#define __cb__ __attribute__((cce_cube_b))
        ^
In file included from /home/data4t2/lelinfeng/cann-staging-liveness-x/本地实验/STAGING-LIVENESS-X/V034/support/runner/exact_source_kernel.cpp:8:
In file included from /home/data4t2/lelinfeng/cann-staging-liveness-x/本地实验/STAGING-LIVENESS-X/V034/src/submission.asc:3:
In file included from /usr/local/Ascend/ascend-toolkit/8.5.0.alpha002/tools/tikcpp/tikcfw/kernel_operator.h:18:
In file included from /usr/local/Ascend/ascend-toolkit/8.5.0.alpha002/tools/tikcpp/tikcfw/impl/kernel_tpipe_impl.h:22:
In file included from /usr/local/Ascend/ascend-toolkit/8.5.0.alpha002/tools/tikcpp/tikcfw/interface/kernel_tpipe.h:17:
In file included from /usr/local/Ascend/ascend-toolkit/8.5.0.alpha002/tools/tikcpp/tikcfw/impl/kernel_tpipe_base.h:17:
In file included from /usr/local/Ascend/ascend-toolkit/8.5.0.alpha002/tools/tikcpp/tikcfw/impl/kernel_tensor_impl.h:17:
In file included from /usr/local/Ascend/ascend-toolkit/8.5.0.alpha002/tools/tikcpp/tikcfw/interface/kernel_tensor.h:18:
In file included from /usr/local/Ascend/ascend-toolkit/8.5.0.alpha002/tools/tikcpp/tikcfw/impl/kernel_utils.h:17:
In file included from /usr/local/Ascend/ascend-toolkit/8.5.0.alpha002/tools/tikcpp/tikcfw/impl/utils/kernel_utils_macros.h:33:
In file included from /usr/local/Ascend/ascend-toolkit/8.5.0.alpha002/tools/tikcpp/tikcfw/impl/kernel_log.h:23:
/usr/local/Ascend/ascend-toolkit/8.5.0.alpha002/tools/tikicpulib/lib/include/stub_def.h:48:9: warning: '__fbuf__' macro redefined [-Wmacro-redefined]
#define __fbuf__
        ^
/usr/local/Ascend/ascend-toolkit/8.5.0.alpha002/aarch64-linux/ccec_compiler/lib/clang/15.0.5/include/__clang_cce_defines.h:53:9: note: previous definition is here
#define __fbuf__ __attribute__((cce_fixpipe_buff))
        ^
In file included from /home/data4t2/lelinfeng/cann-staging-liveness-x/本地实验/STAGING-LIVENESS-X/V034/support/runner/exact_source_kernel.cpp:8:
In file included from /home/data4t2/lelinfeng/cann-staging-liveness-x/本地实验/STAGING-LIVENESS-X/V034/src/submission.asc:3:
In file included from /usr/local/Ascend/ascend-toolkit/8.5.0.alpha002/tools/tikcpp/tikcfw/kernel_operator.h:18:
In file included from /usr/local/Ascend/ascend-toolkit/8.5.0.alpha002/tools/tikcpp/tikcfw/impl/kernel_tpipe_impl.h:22:
In file included from /usr/local/Ascend/ascend-toolkit/8.5.0.alpha002/tools/tikcpp/tikcfw/interface/kernel_tpipe.h:17:
In file included from /usr/local/Ascend/ascend-toolkit/8.5.0.alpha002/tools/tikcpp/tikcfw/impl/kernel_tpipe_base.h:17:
In file included from /usr/local/Ascend/ascend-toolkit/8.5.0.alpha002/tools/tikcpp/tikcfw/impl/kernel_tensor_impl.h:17:
In file included from /usr/local/Ascend/ascend-toolkit/8.5.0.alpha002/tools/tikcpp/tikcfw/interface/kernel_tensor.h:18:
In file included from /usr/local/Ascend/ascend-toolkit/8.5.0.alpha002/tools/tikcpp/tikcfw/impl/kernel_utils.h:17:
In file included from /usr/local/Ascend/ascend-toolkit/8.5.0.alpha002/tools/tikcpp/tikcfw/impl/utils/kernel_utils_macros.h:33:
In file included from /usr/local/Ascend/ascend-toolkit/8.5.0.alpha002/tools/tikcpp/tikcfw/impl/kernel_log.h:23:
/usr/local/Ascend/ascend-toolkit/8.5.0.alpha002/tools/tikicpulib/lib/include/stub_def.h:49:9: warning: '__sync_noalias__' macro redefined [-Wmacro-redefined]
#define __sync_noalias__
        ^
/usr/local/Ascend/ascend-toolkit/8.5.0.alpha002/aarch64-linux/ccec_compiler/lib/clang/15.0.5/include/__clang_cce_defines.h:12:9: note: previous definition is here
#define __sync_noalias__ __attribute__((sync_noalias))
        ^
In file included from /home/data4t2/lelinfeng/cann-staging-liveness-x/本地实验/STAGING-LIVENESS-X/V034/support/runner/exact_source_kernel.cpp:8:
In file included from /home/data4t2/lelinfeng/cann-staging-liveness-x/本地实验/STAGING-LIVENESS-X/V034/src/submission.asc:3:
In file included from /usr/local/Ascend/ascend-toolkit/8.5.0.alpha002/tools/tikcpp/tikcfw/kernel_operator.h:18:
In file included from /usr/local/Ascend/ascend-toolkit/8.5.0.alpha002/tools/tikcpp/tikcfw/impl/kernel_tpipe_impl.h:22:
In file included from /usr/local/Ascend/ascend-toolkit/8.5.0.alpha002/tools/tikcpp/tikcfw/interface/kernel_tpipe.h:17:
In file included from /usr/local/Ascend/ascend-toolkit/8.5.0.alpha002/tools/tikcpp/tikcfw/impl/kernel_tpipe_base.h:17:
In file included from /usr/local/Ascend/ascend-toolkit/8.5.0.alpha002/tools/tikcpp/tikcfw/impl/kernel_tensor_impl.h:17:
In file included from /usr/local/Ascend/ascend-toolkit/8.5.0.alpha002/tools/tikcpp/tikcfw/interface/kernel_tensor.h:18:
In file included from /usr/local/Ascend/ascend-toolkit/8.5.0.alpha002/tools/tikcpp/tikcfw/impl/kernel_utils.h:17:
In file included from /usr/local/Ascend/ascend-toolkit/8.5.0.alpha002/tools/tikcpp/tikcfw/impl/utils/kernel_utils_macros.h:33:
In file included from /usr/local/Ascend/ascend-toolkit/8.5.0.alpha002/tools/tikcpp/tikcfw/impl/kernel_log.h:23:
/usr/local/Ascend/ascend-toolkit/8.5.0.alpha002/tools/tikicpulib/lib/include/stub_def.h:50:9: warning: '__sync_alias__' macro redefined [-Wmacro-redefined]
#define __sync_alias__
        ^
/usr/local/Ascend/ascend-toolkit/8.5.0.alpha002/aarch64-linux/ccec_compiler/lib/clang/15.0.5/include/__clang_cce_defines.h:14:9: note: previous definition is here
#define __sync_alias__ __attribute__((sync_alias))
        ^
In file included from /home/data4t2/lelinfeng/cann-staging-liveness-x/本地实验/STAGING-LIVENESS-X/V034/support/runner/exact_source_kernel.cpp:8:
In file included from /home/data4t2/lelinfeng/cann-staging-liveness-x/本地实验/STAGING-LIVENESS-X/V034/src/submission.asc:3:
In file included from /usr/local/Ascend/ascend-toolkit/8.5.0.alpha002/tools/tikcpp/tikcfw/kernel_operator.h:18:
In file included from /usr/local/Ascend/ascend-toolkit/8.5.0.alpha002/tools/tikcpp/tikcfw/impl/kernel_tpipe_impl.h:22:
In file included from /usr/local/Ascend/ascend-toolkit/8.5.0.alpha002/tools/tikcpp/tikcfw/interface/kernel_tpipe.h:17:
In file included from /usr/local/Ascend/ascend-toolkit/8.5.0.alpha002/tools/tikcpp/tikcfw/impl/kernel_tpipe_base.h:17:
In file included from /usr/local/Ascend/ascend-toolkit/8.5.0.alpha002/tools/tikcpp/tikcfw/impl/kernel_tensor_impl.h:17:
In file included from /usr/local/Ascend/ascend-toolkit/8.5.0.alpha002/tools/tikcpp/tikcfw/interface/kernel_tensor.h:18:
In file included from /usr/local/Ascend/ascend-toolkit/8.5.0.alpha002/tools/tikcpp/tikcfw/impl/kernel_utils.h:17:
In file included from /usr/local/Ascend/ascend-toolkit/8.5.0.alpha002/tools/tikcpp/tikcfw/impl/utils/kernel_utils_macros.h:33:
In file included from /usr/local/Ascend/ascend-toolkit/8.5.0.alpha002/tools/tikcpp/tikcfw/impl/kernel_log.h:23:
/usr/local/Ascend/ascend-toolkit/8.5.0.alpha002/tools/tikicpulib/lib/include/stub_def.h:51:9: warning: '__check_sync_alias__' macro redefined [-Wmacro-redefined]
#define __check_sync_alias__
        ^
/usr/local/Ascend/ascend-toolkit/8.5.0.alpha002/aarch64-linux/ccec_compiler/lib/clang/15.0.5/include/__clang_cce_defines.h:16:9: note: previous definition is here
#define __check_sync_alias__ __attribute__((check_sync_alias))
        ^
In file included from /home/data4t2/lelinfeng/cann-staging-liveness-x/本地实验/STAGING-LIVENESS-X/V034/support/runner/exact_source_kernel.cpp:8:
In file included from /home/data4t2/lelinfeng/cann-staging-liveness-x/本地实验/STAGING-LIVENESS-X/V034/src/submission.asc:3:
In file included from /usr/local/Ascend/ascend-toolkit/8.5.0.alpha002/tools/tikcpp/tikcfw/kernel_operator.h:18:
In file included from /usr/local/Ascend/ascend-toolkit/8.5.0.alpha002/tools/tikcpp/tikcfw/impl/kernel_tpipe_impl.h:22:
In file included from /usr/local/Ascend/ascend-toolkit/8.5.0.alpha002/tools/tikcpp/tikcfw/interface/kernel_tpipe.h:17:
In file included from /usr/local/Ascend/ascend-toolkit/8.5.0.alpha002/tools/tikcpp/tikcfw/impl/kernel_tpipe_base.h:17:
In file included from /usr/local/Ascend/ascend-toolkit/8.5.0.alpha002/tools/tikcpp/tikcfw/impl/kernel_tensor_impl.h:17:
In file included from /usr/local/Ascend/ascend-toolkit/8.5.0.alpha002/tools/tikcpp/tikcfw/interface/kernel_tensor.h:18:
In file included from /usr/local/Ascend/ascend-toolkit/8.5.0.alpha002/tools/tikcpp/tikcfw/impl/kernel_utils.h:17:
In file included from /usr/local/Ascend/ascend-toolkit/8.5.0.alpha002/tools/tikcpp/tikcfw/impl/utils/kernel_utils_macros.h:33:
In file included from /usr/local/Ascend/ascend-toolkit/8.5.0.alpha002/tools/tikcpp/tikcfw/impl/kernel_log.h:23:
/usr/local/Ascend/ascend-toolkit/8.5.0.alpha002/tools/tikicpulib/lib/include/stub_def.h:52:9: warning: '__sync_out__' macro redefined [-Wmacro-redefined]
#define __sync_out__
        ^
/usr/local/Ascend/ascend-toolkit/8.5.0.alpha002/aarch64-linux/ccec_compiler/lib/clang/15.0.5/include/__clang_cce_defines.h:20:9: note: previous definition is here
#define __sync_out__ __attribute__((sync_out))
        ^
In file included from /home/data4t2/lelinfeng/cann-staging-liveness-x/本地实验/STAGING-LIVENESS-X/V034/support/runner/exact_source_kernel.cpp:8:
In file included from /home/data4t2/lelinfeng/cann-staging-liveness-x/本地实验/STAGING-LIVENESS-X/V034/src/submission.asc:3:
In file included from /usr/local/Ascend/ascend-toolkit/8.5.0.alpha002/tools/tikcpp/tikcfw/kernel_operator.h:18:
In file included from /usr/local/Ascend/ascend-toolkit/8.5.0.alpha002/tools/tikcpp/tikcfw/impl/kernel_tpipe_impl.h:22:
In file included from /usr/local/Ascend/ascend-toolkit/8.5.0.alpha002/tools/tikcpp/tikcfw/interface/kernel_tpipe.h:17:
In file included from /usr/local/Ascend/ascend-toolkit/8.5.0.alpha002/tools/tikcpp/tikcfw/impl/kernel_tpipe_base.h:17:
In file included from /usr/local/Ascend/ascend-toolkit/8.5.0.alpha002/tools/tikcpp/tikcfw/impl/kernel_tensor_impl.h:17:
In file included from /usr/local/Ascend/ascend-toolkit/8.5.0.alpha002/tools/tikcpp/tikcfw/interface/kernel_tensor.h:18:
In file included from /usr/local/Ascend/ascend-toolkit/8.5.0.alpha002/tools/tikcpp/tikcfw/impl/kernel_utils.h:17:
In file included from /usr/local/Ascend/ascend-toolkit/8.5.0.alpha002/tools/tikcpp/tikcfw/impl/utils/kernel_utils_macros.h:33:
In file included from /usr/local/Ascend/ascend-toolkit/8.5.0.alpha002/tools/tikcpp/tikcfw/impl/kernel_log.h:23:
/usr/local/Ascend/ascend-toolkit/8.5.0.alpha002/tools/tikicpulib/lib/include/stub_def.h:53:9: warning: '__sync_in__' macro redefined [-Wmacro-redefined]
#define __sync_in__
        ^
/usr/local/Ascend/ascend-toolkit/8.5.0.alpha002/aarch64-linux/ccec_compiler/lib/clang/15.0.5/include/__clang_cce_defines.h:18:9: note: previous definition is here
#define __sync_in__ __attribute__((sync_in))
        ^
In file included from /home/data4t2/lelinfeng/cann-staging-liveness-x/本地实验/STAGING-LIVENESS-X/V034/support/runner/exact_source_kernel.cpp:8:
In file included from /home/data4t2/lelinfeng/cann-staging-liveness-x/本地实验/STAGING-LIVENESS-X/V034/src/submission.asc:3:
In file included from /usr/local/Ascend/ascend-toolkit/8.5.0.alpha002/tools/tikcpp/tikcfw/kernel_operator.h:18:
In file included from /usr/local/Ascend/ascend-toolkit/8.5.0.alpha002/tools/tikcpp/tikcfw/impl/kernel_tpipe_impl.h:22:
In file included from /usr/local/Ascend/ascend-toolkit/8.5.0.alpha002/tools/tikcpp/tikcfw/interface/kernel_tpipe.h:17:
In file included from /usr/local/Ascend/ascend-toolkit/8.5.0.alpha002/tools/tikcpp/tikcfw/impl/kernel_tpipe_base.h:17:
In file included from /usr/local/Ascend/ascend-toolkit/8.5.0.alpha002/tools/tikcpp/tikcfw/impl/kernel_tensor_impl.h:17:
In file included from /usr/local/Ascend/ascend-toolkit/8.5.0.alpha002/tools/tikcpp/tikcfw/interface/kernel_tensor.h:18:
In file included from /usr/local/Ascend/ascend-toolkit/8.5.0.alpha002/tools/tikcpp/tikcfw/impl/kernel_utils.h:17:
In file included from /usr/local/Ascend/ascend-toolkit/8.5.0.alpha002/tools/tikcpp/tikcfw/impl/utils/kernel_utils_macros.h:33:
In file included from /usr/local/Ascend/ascend-toolkit/8.5.0.alpha002/tools/tikcpp/tikcfw/impl/kernel_log.h:23:
/usr/local/Ascend/ascend-toolkit/8.5.0.alpha002/tools/tikicpulib/lib/include/stub_def.h:54:9: warning: '__inout_pipe__' macro redefined [-Wmacro-redefined]
#define __inout_pipe__(...)
        ^
/usr/local/Ascend/ascend-toolkit/8.5.0.alpha002/aarch64-linux/ccec_compiler/lib/clang/15.0.5/include/__clang_cce_defines.h:26:9: note: previous definition is here
#define __inout_pipe__(...) __attribute__((inout_pipe(#__VA_ARGS__)))
        ^
In file included from /home/data4t2/lelinfeng/cann-staging-liveness-x/本地实验/STAGING-LIVENESS-X/V034/support/runner/exact_source_kernel.cpp:8:
In file included from /home/data4t2/lelinfeng/cann-staging-liveness-x/本地实验/STAGING-LIVENESS-X/V034/src/submission.asc:3:
In file included from /usr/local/Ascend/ascend-toolkit/8.5.0.alpha002/tools/tikcpp/tikcfw/kernel_operator.h:18:
In file included from /usr/local/Ascend/ascend-toolkit/8.5.0.alpha002/tools/tikcpp/tikcfw/impl/kernel_tpipe_impl.h:22:
In file included from /usr/local/Ascend/ascend-toolkit/8.5.0.alpha002/tools/tikcpp/tikcfw/interface/kernel_tpipe.h:17:
In file included from /usr/local/Ascend/ascend-toolkit/8.5.0.alpha002/tools/tikcpp/tikcfw/impl/kernel_tpipe_base.h:17:
In file included from /usr/local/Ascend/ascend-toolkit/8.5.0.alpha002/tools/tikcpp/tikcfw/impl/kernel_tensor_impl.h:17:
In file included from /usr/local/Ascend/ascend-toolkit/8.5.0.alpha002/tools/tikcpp/tikcfw/interface/kernel_tensor.h:18:
In file included from /usr/local/Ascend/ascend-toolkit/8.5.0.alpha002/tools/tikcpp/tikcfw/impl/kernel_utils.h:17:
In file included from /usr/local/Ascend/ascend-toolkit/8.5.0.alpha002/tools/tikcpp/tikcfw/impl/utils/kernel_utils_macros.h:33:
In file included from /usr/local/Ascend/ascend-toolkit/8.5.0.alpha002/tools/tikcpp/tikcfw/impl/kernel_log.h:23:
/usr/local/Ascend/ascend-toolkit/8.5.0.alpha002/tools/tikicpulib/lib/include/stub_def.h:55:9: warning: '__in_pipe__' macro redefined [-Wmacro-redefined]
#define __in_pipe__(...)
        ^
/usr/local/Ascend/ascend-toolkit/8.5.0.alpha002/aarch64-linux/ccec_compiler/lib/clang/15.0.5/include/__clang_cce_defines.h:22:9: note: previous definition is here
#define __in_pipe__(...) __attribute__((in_pipe(#__VA_ARGS__)))
        ^
In file included from /home/data4t2/lelinfeng/cann-staging-liveness-x/本地实验/STAGING-LIVENESS-X/V034/support/runner/exact_source_kernel.cpp:8:
In file included from /home/data4t2/lelinfeng/cann-staging-liveness-x/本地实验/STAGING-LIVENESS-X/V034/src/submission.asc:3:
In file included from /usr/local/Ascend/ascend-toolkit/8.5.0.alpha002/tools/tikcpp/tikcfw/kernel_operator.h:18:
In file included from /usr/local/Ascend/ascend-toolkit/8.5.0.alpha002/tools/tikcpp/tikcfw/impl/kernel_tpipe_impl.h:22:
In file included from /usr/local/Ascend/ascend-toolkit/8.5.0.alpha002/tools/tikcpp/tikcfw/interface/kernel_tpipe.h:17:
In file included from /usr/local/Ascend/ascend-toolkit/8.5.0.alpha002/tools/tikcpp/tikcfw/impl/kernel_tpipe_base.h:17:
In file included from /usr/local/Ascend/ascend-toolkit/8.5.0.alpha002/tools/tikcpp/tikcfw/impl/kernel_tensor_impl.h:17:
In file included from /usr/local/Ascend/ascend-toolkit/8.5.0.alpha002/tools/tikcpp/tikcfw/interface/kernel_tensor.h:18:
In file included from /usr/local/Ascend/ascend-toolkit/8.5.0.alpha002/tools/tikcpp/tikcfw/impl/kernel_utils.h:17:
In file included from /usr/local/Ascend/ascend-toolkit/8.5.0.alpha002/tools/tikcpp/tikcfw/impl/utils/kernel_utils_macros.h:33:
In file included from /usr/local/Ascend/ascend-toolkit/8.5.0.alpha002/tools/tikcpp/tikcfw/impl/kernel_log.h:23:
/usr/local/Ascend/ascend-toolkit/8.5.0.alpha002/tools/tikicpulib/lib/include/stub_def.h:56:9: warning: '__out_pipe__' macro redefined [-Wmacro-redefined]
#define __out_pipe__(...)
        ^
/usr/local/Ascend/ascend-toolkit/8.5.0.alpha002/aarch64-linux/ccec_compiler/lib/clang/15.0.5/include/__clang_cce_defines.h:24:9: note: previous definition is here
#define __out_pipe__(...) __attribute__((out_pipe(#__VA_ARGS__)))
        ^
In file included from /home/data4t2/lelinfeng/cann-staging-liveness-x/本地实验/STAGING-LIVENESS-X/V034/support/runner/exact_source_kernel.cpp:8:
In file included from /home/data4t2/lelinfeng/cann-staging-liveness-x/本地实验/STAGING-LIVENESS-X/V034/src/submission.asc:3:
In file included from /usr/local/Ascend/ascend-toolkit/8.5.0.alpha002/tools/tikcpp/tikcfw/kernel_operator.h:18:
In file included from /usr/local/Ascend/ascend-toolkit/8.5.0.alpha002/tools/tikcpp/tikcfw/impl/kernel_tpipe_impl.h:22:
In file included from /usr/local/Ascend/ascend-toolkit/8.5.0.alpha002/tools/tikcpp/tikcfw/interface/kernel_tpipe.h:17:
In file included from /usr/local/Ascend/ascend-toolkit/8.5.0.alpha002/tools/tikcpp/tikcfw/impl/kernel_tpipe_base.h:17:
In file included from /usr/local/Ascend/ascend-toolkit/8.5.0.alpha002/tools/tikcpp/tikcfw/impl/kernel_tensor_impl.h:17:
In file included from /usr/local/Ascend/ascend-toolkit/8.5.0.alpha002/tools/tikcpp/tikcfw/interface/kernel_tensor.h:18:
In file included from /usr/local/Ascend/ascend-toolkit/8.5.0.alpha002/tools/tikcpp/tikcfw/impl/kernel_utils.h:17:
In file included from /usr/local/Ascend/ascend-toolkit/8.5.0.alpha002/tools/tikcpp/tikcfw/impl/utils/kernel_utils_macros.h:33:
In file included from /usr/local/Ascend/ascend-toolkit/8.5.0.alpha002/tools/tikcpp/tikcfw/impl/kernel_log.h:23:
/usr/local/Ascend/ascend-toolkit/8.5.0.alpha002/tools/tikicpulib/lib/include/stub_def.h:57:9: warning: '__ssbuf__' macro redefined [-Wmacro-redefined]
#define __ssbuf__
        ^
/usr/local/Ascend/ascend-toolkit/8.5.0.alpha002/aarch64-linux/ccec_compiler/lib/clang/15.0.5/include/__clang_cce_defines.h:59:9: note: previous definition is here
#define __ssbuf__ __attribute__((cce_scalar_share_buff))
        ^
In file included from /home/data4t2/lelinfeng/cann-staging-liveness-x/本地实验/STAGING-LIVENESS-X/V034/support/runner/exact_source_kernel.cpp:8:
In file included from /home/data4t2/lelinfeng/cann-staging-liveness-x/本地实验/STAGING-LIVENESS-X/V034/src/submission.asc:3:
In file included from /usr/local/Ascend/ascend-toolkit/8.5.0.alpha002/tools/tikcpp/tikcfw/kernel_operator.h:18:
In file included from /usr/local/Ascend/ascend-toolkit/8.5.0.alpha002/tools/tikcpp/tikcfw/impl/kernel_tpipe_impl.h:22:
In file included from /usr/local/Ascend/ascend-toolkit/8.5.0.alpha002/tools/tikcpp/tikcfw/interface/kernel_tpipe.h:17:
In file included from /usr/local/Ascend/ascend-toolkit/8.5.0.alpha002/tools/tikcpp/tikcfw/impl/kernel_tpipe_base.h:17:
In file included from /usr/local/Ascend/ascend-toolkit/8.5.0.alpha002/tools/tikcpp/tikcfw/impl/kernel_tensor_impl.h:17:
In file included from /usr/local/Ascend/ascend-toolkit/8.5.0.alpha002/tools/tikcpp/tikcfw/interface/kernel_tensor.h:18:
In file included from /usr/local/Ascend/ascend-toolkit/8.5.0.alpha002/tools/tikcpp/tikcfw/impl/kernel_utils.h:17:
In file included from /usr/local/Ascend/ascend-toolkit/8.5.0.alpha002/tools/tikcpp/tikcfw/impl/utils/kernel_utils_macros.h:33:
In file included from /usr/local/Ascend/ascend-toolkit/8.5.0.alpha002/tools/tikcpp/tikcfw/impl/kernel_log.h:23:
/usr/local/Ascend/ascend-toolkit/8.5.0.alpha002/tools/tikicpulib/lib/include/stub_def.h:58:9: warning: '__simt_callee__' macro redefined [-Wmacro-redefined]
#define __simt_callee__
        ^
/usr/local/Ascend/ascend-toolkit/8.5.0.alpha002/aarch64-linux/ccec_compiler/lib/clang/15.0.5/include/__clang_cce_defines.h:32:9: note: previous definition is here
#define __simt_callee__ __attribute__((cce_simt_callable))
        ^
In file included from /home/data4t2/lelinfeng/cann-staging-liveness-x/本地实验/STAGING-LIVENESS-X/V034/support/runner/exact_source_kernel.cpp:8:
In file included from /home/data4t2/lelinfeng/cann-staging-liveness-x/本地实验/STAGING-LIVENESS-X/V034/src/submission.asc:3:
In file included from /usr/local/Ascend/ascend-toolkit/8.5.0.alpha002/tools/tikcpp/tikcfw/kernel_operator.h:18:
In file included from /usr/local/Ascend/ascend-toolkit/8.5.0.alpha002/tools/tikcpp/tikcfw/impl/kernel_tpipe_impl.h:22:
In file included from /usr/local/Ascend/ascend-toolkit/8.5.0.alpha002/tools/tikcpp/tikcfw/interface/kernel_tpipe.h:17:
In file included from /usr/local/Ascend/ascend-toolkit/8.5.0.alpha002/tools/tikcpp/tikcfw/impl/kernel_tpipe_base.h:17:
In file included from /usr/local/Ascend/ascend-toolkit/8.5.0.alpha002/tools/tikcpp/tikcfw/impl/kernel_tensor_impl.h:17:
In file included from /usr/local/Ascend/ascend-toolkit/8.5.0.alpha002/tools/tikcpp/tikcfw/interface/kernel_tensor.h:18:
In file included from /usr/local/Ascend/ascend-toolkit/8.5.0.alpha002/tools/tikcpp/tikcfw/impl/kernel_utils.h:17:
In file included from /usr/local/Ascend/ascend-toolkit/8.5.0.alpha002/tools/tikcpp/tikcfw/impl/utils/kernel_utils_macros.h:33:
In file included from /usr/local/Ascend/ascend-toolkit/8.5.0.alpha002/tools/tikcpp/tikcfw/impl/kernel_log.h:23:
/usr/local/Ascend/ascend-toolkit/8.5.0.alpha002/tools/tikicpulib/lib/include/stub_def.h:59:9: warning: '__simt_vf__' macro redefined [-Wmacro-redefined]
#define __simt_vf__
        ^
/usr/local/Ascend/ascend-toolkit/8.5.0.alpha002/aarch64-linux/ccec_compiler/lib/clang/15.0.5/include/__clang_cce_defines.h:33:9: note: previous definition is here
#define __simt_vf__ __attribute__((cce_simt_entry)) __attribute__((noinline))
        ^
In file included from /home/data4t2/lelinfeng/cann-staging-liveness-x/本地实验/STAGING-LIVENESS-X/V034/support/runner/exact_source_kernel.cpp:8:
In file included from /home/data4t2/lelinfeng/cann-staging-liveness-x/本地实验/STAGING-LIVENESS-X/V034/src/submission.asc:3:
In file included from /usr/local/Ascend/ascend-toolkit/8.5.0.alpha002/tools/tikcpp/tikcfw/kernel_operator.h:18:
In file included from /usr/local/Ascend/ascend-toolkit/8.5.0.alpha002/tools/tikcpp/tikcfw/impl/kernel_tpipe_impl.h:22:
In file included from /usr/local/Ascend/ascend-toolkit/8.5.0.alpha002/tools/tikcpp/tikcfw/interface/kernel_tpipe.h:17:
In file included from /usr/local/Ascend/ascend-toolkit/8.5.0.alpha002/tools/tikcpp/tikcfw/impl/kernel_tpipe_base.h:17:
In file included from /usr/local/Ascend/ascend-toolkit/8.5.0.alpha002/tools/tikcpp/tikcfw/impl/kernel_tensor_impl.h:17:
In file included from /usr/local/Ascend/ascend-toolkit/8.5.0.alpha002/tools/tikcpp/tikcfw/interface/kernel_tensor.h:18:
In file included from /usr/local/Ascend/ascend-toolkit/8.5.0.alpha002/tools/tikcpp/tikcfw/impl/kernel_utils.h:17:
In file included from /usr/local/Ascend/ascend-toolkit/8.5.0.alpha002/tools/tikcpp/tikcfw/impl/utils/kernel_utils_macros.h:33:
In file included from /usr/local/Ascend/ascend-toolkit/8.5.0.alpha002/tools/tikcpp/tikcfw/impl/kernel_log.h:23:
/usr/local/Ascend/ascend-toolkit/8.5.0.alpha002/tools/tikicpulib/lib/include/stub_def.h:60:9: warning: '__simd_callee__' macro redefined [-Wmacro-redefined]
#define __simd_callee__
        ^
/usr/local/Ascend/ascend-toolkit/8.5.0.alpha002/aarch64-linux/ccec_compiler/lib/clang/15.0.5/include/__clang_cce_defines.h:40:9: note: previous definition is here
#define __simd_callee__ __attribute__((cce_simd_callee))
        ^
In file included from /home/data4t2/lelinfeng/cann-staging-liveness-x/本地实验/STAGING-LIVENESS-X/V034/support/runner/exact_source_kernel.cpp:8:
In file included from /home/data4t2/lelinfeng/cann-staging-liveness-x/本地实验/STAGING-LIVENESS-X/V034/src/submission.asc:3:
In file included from /usr/local/Ascend/ascend-toolkit/8.5.0.alpha002/tools/tikcpp/tikcfw/kernel_operator.h:18:
In file included from /usr/local/Ascend/ascend-toolkit/8.5.0.alpha002/tools/tikcpp/tikcfw/impl/kernel_tpipe_impl.h:22:
In file included from /usr/local/Ascend/ascend-toolkit/8.5.0.alpha002/tools/tikcpp/tikcfw/interface/kernel_tpipe.h:17:
In file included from /usr/local/Ascend/ascend-toolkit/8.5.0.alpha002/tools/tikcpp/tikcfw/impl/kernel_tpipe_base.h:17:
In file included from /usr/local/Ascend/ascend-toolkit/8.5.0.alpha002/tools/tikcpp/tikcfw/impl/kernel_tensor_impl.h:17:
In file included from /usr/local/Ascend/ascend-toolkit/8.5.0.alpha002/tools/tikcpp/tikcfw/interface/kernel_tensor.h:18:
In file included from /usr/local/Ascend/ascend-toolkit/8.5.0.alpha002/tools/tikcpp/tikcfw/impl/kernel_utils.h:17:
In file included from /usr/local/Ascend/ascend-toolkit/8.5.0.alpha002/tools/tikcpp/tikcfw/impl/utils/kernel_utils_macros.h:33:
In file included from /usr/local/Ascend/ascend-toolkit/8.5.0.alpha002/tools/tikcpp/tikcfw/impl/kernel_log.h:23:
/usr/local/Ascend/ascend-toolkit/8.5.0.alpha002/tools/tikicpulib/lib/include/stub_def.h:61:9: warning: '__simd_vf__' macro redefined [-Wmacro-redefined]
#define __simd_vf__
        ^
/usr/local/Ascend/ascend-toolkit/8.5.0.alpha002/aarch64-linux/ccec_compiler/lib/clang/15.0.5/include/__clang_cce_defines.h:39:9: note: previous definition is here
#define __simd_vf__ __attribute__((cce_simd_vf))
        ^
In file included from /home/data4t2/lelinfeng/cann-staging-liveness-x/本地实验/STAGING-LIVENESS-X/V034/support/runner/exact_source_kernel.cpp:8:
In file included from /home/data4t2/lelinfeng/cann-staging-liveness-x/本地实验/STAGING-LIVENESS-X/V034/src/submission.asc:3:
In file included from /usr/local/Ascend/ascend-toolkit/8.5.0.alpha002/tools/tikcpp/tikcfw/kernel_operator.h:18:
In file included from /usr/local/Ascend/ascend-toolkit/8.5.0.alpha002/tools/tikcpp/tikcfw/impl/kernel_tpipe_impl.h:22:
In file included from /usr/local/Ascend/ascend-toolkit/8.5.0.alpha002/tools/tikcpp/tikcfw/interface/kernel_tpipe.h:17:
In file included from /usr/local/Ascend/ascend-toolkit/8.5.0.alpha002/tools/tikcpp/tikcfw/impl/kernel_tpipe_base.h:17:
In file included from /usr/local/Ascend/ascend-toolkit/8.5.0.alpha002/tools/tikcpp/tikcfw/impl/kernel_tensor_impl.h:17:
In file included from /usr/local/Ascend/ascend-toolkit/8.5.0.alpha002/tools/tikcpp/tikcfw/interface/kernel_tensor.h:18:
In file included from /usr/local/Ascend/ascend-toolkit/8.5.0.alpha002/tools/tikcpp/tikcfw/impl/kernel_utils.h:17:
In file included from /usr/local/Ascend/ascend-toolkit/8.5.0.alpha002/tools/tikcpp/tikcfw/impl/utils/kernel_utils_macros.h:33:
In file included from /usr/local/Ascend/ascend-toolkit/8.5.0.alpha002/tools/tikcpp/tikcfw/impl/kernel_log.h:23:
/usr/local/Ascend/ascend-toolkit/8.5.0.alpha002/tools/tikicpulib/lib/include/stub_def.h:62:9: warning: '__no_simd_vf_fusion__' macro redefined [-Wmacro-redefined]
#define __no_simd_vf_fusion__
        ^
/usr/local/Ascend/ascend-toolkit/8.5.0.alpha002/aarch64-linux/ccec_compiler/lib/clang/15.0.5/include/__clang_cce_defines.h:41:9: note: previous definition is here
#define __no_simd_vf_fusion__ __attribute__((no_simd_vf_fusion))
        ^
In file included from /home/data4t2/lelinfeng/cann-staging-liveness-x/本地实验/STAGING-LIVENESS-X/V034/support/runner/exact_source_kernel.cpp:8:
In file included from /home/data4t2/lelinfeng/cann-staging-liveness-x/本地实验/STAGING-LIVENESS-X/V034/src/submission.asc:3:
In file included from /usr/local/Ascend/ascend-toolkit/8.5.0.alpha002/tools/tikcpp/tikcfw/kernel_operator.h:18:
In file included from /usr/local/Ascend/ascend-toolkit/8.5.0.alpha002/tools/tikcpp/tikcfw/impl/kernel_tpipe_impl.h:22:
In file included from /usr/local/Ascend/ascend-toolkit/8.5.0.alpha002/tools/tikcpp/tikcfw/interface/kernel_tpipe.h:17:
In file included from /usr/local/Ascend/ascend-toolkit/8.5.0.alpha002/tools/tikcpp/tikcfw/impl/kernel_tpipe_base.h:17:
In file included from /usr/local/Ascend/ascend-toolkit/8.5.0.alpha002/tools/tikcpp/tikcfw/impl/kernel_tensor_impl.h:17:
In file included from /usr/local/Ascend/ascend-toolkit/8.5.0.alpha002/tools/tikcpp/tikcfw/interface/kernel_tensor.h:18:
In file included from /usr/local/Ascend/ascend-toolkit/8.5.0.alpha002/tools/tikcpp/tikcfw/impl/kernel_utils.h:17:
In file included from /usr/local/Ascend/ascend-toolkit/8.5.0.alpha002/tools/tikcpp/tikcfw/impl/utils/kernel_utils_macros.h:33:
In file included from /usr/local/Ascend/ascend-toolkit/8.5.0.alpha002/tools/tikcpp/tikcfw/impl/kernel_log.h:23:
/usr/local/Ascend/ascend-toolkit/8.5.0.alpha002/tools/tikicpulib/lib/include/stub_def.h:63:9: warning: 'LAUNCH_BOUND' macro redefined [-Wmacro-redefined]
#define LAUNCH_BOUND(x)
        ^
/usr/local/Ascend/ascend-toolkit/8.5.0.alpha002/aarch64-linux/ccec_compiler/lib/clang/15.0.5/include/__clang_cce_defines.h:37:9: note: previous definition is here
#define LAUNCH_BOUND(N) __attribute__((cce_launch_bounds(N)))
        ^
23 warnings generated.
[100%] Built target precompile_obj
[100%] Built target check_src_template
[ 15%] No install step for 'v034_exact_kernel_precompile'
[ 17%] Completed 'v034_exact_kernel_precompile'
[ 17%] Built target v034_exact_kernel_precompile
[ 20%] Creating directories for 'v034_exact_kernel_preprocess'
[ 22%] No download step for 'v034_exact_kernel_preprocess'
[ 24%] No update step for 'v034_exact_kernel_preprocess'
[ 26%] No patch step for 'v034_exact_kernel_preprocess'
[ 28%] Performing configure step for 'v034_exact_kernel_preprocess'
-- The C compiler identification is GNU 11.4.0
-- The CXX compiler identification is GNU 11.4.0
-- Detecting C compiler ABI info
-- Detecting C compiler ABI info - done
-- Check for working C compiler: /usr/bin/cc - skipped
-- Detecting C compile features
-- Detecting C compile features - done
-- Detecting CXX compiler ABI info
-- Detecting CXX compiler ABI info - done
-- Check for working CXX compiler: /usr/bin/c++ - skipped
-- Detecting CXX compile features
-- Detecting CXX compile features - done
CMake Error at /home/data4t2/lelinfeng/cann-staging-liveness-x/本地实验/STAGING-LIVENESS-X/V034/support/runner/build/cann-template-hoststub-v034-20261007T181405Z/auto_gen/v034_exact_kernel/template_config.cmake:1 (set_source_files_properties):
  Syntax error in cmake code at

    /home/data4t2/lelinfeng/cann-staging-liveness-x/本地实验/STAGING-LIVENESS-X/V034/support/runner/build/cann-template-hoststub-v034-20261007T181405Z/auto_gen/v034_exact_kernel/template_config.cmake:1

  when parsing string

    /home/data4t2/lelinfeng/cann-staging-liveness-x/\346\234\254\345\234\260\345\256\236\351\252\214/STAGING-LIVENESS-X/V034/support/runner/exact_source_kernel.cpp

  Invalid character escape '\3'.
Call Stack (most recent call first):
  CMakeLists.txt:15 (include)


-- Configuring incomplete, errors occurred!
See also "/home/data4t2/lelinfeng/cann-staging-liveness-x/本地实验/STAGING-LIVENESS-X/V034/support/runner/build/cann-template-hoststub-v034-20261007T181405Z/v034_exact_kernel_preprocess-prefix/src/v034_exact_kernel_preprocess-build/CMakeFiles/CMakeOutput.log".
gmake[3]: *** [CMakeFiles/v034_exact_kernel_preprocess.dir/build.make:91: v034_exact_kernel_preprocess-prefix/src/v034_exact_kernel_preprocess-stamp/v034_exact_kernel_preprocess-configure] Error 1
gmake[2]: *** [CMakeFiles/Makefile2:152: CMakeFiles/v034_exact_kernel_preprocess.dir/all] Error 2
gmake[1]: *** [CMakeFiles/Makefile2:344: CMakeFiles/route_runner.dir/rule] Error 2
gmake: *** [Makefile:286: route_runner] Error 2
BUILD_LINK_RC=2
