ROUTE=SYNC-BARRIER-ELISION-X
REVISION=V033
DIRECT_PARENT=R31B-V011
PARENT_SOURCE_SHA256=a8c19a1972207acc67e3fb0cd393cc70b0a4b183d1eaf5610edf80c2879b15e3
CANDIDATE_SOURCE_SHA256=77879e35234b1fb4df06a1bb0fa814253bef4d9432156f039623f32a4aaaf022
HOST=hwnput3
USER=lelinfeng
SOC=Ascend910B3
NPU_ARCH=dav-2201
DEVICE=3
CANN_PACKAGE=/usr/local/Ascend/ascend-toolkit/8.5.0.alpha002
BUILD_DIR=/tmp/sync-barrier-elision-v033.Tixm1Y
COMPILE_START=2026-10-07T19:36:03Z
-- CMAKE_ASC_COMPILER: /usr/local/Ascend/ascend-toolkit/latest/toolkit/tools/ccec_compiler/bin/bisheng
CMake Warning at /usr/local/Ascend/ascend-toolkit/8.5.0.alpha002/aarch64-linux/tikcpp/ascendc_kernel_cmake/ASC_CMake/CMakeDetermineASCCompiler.cmake:57 (message):
  CMAKE_INSTALL_PREFIX is not set.  Set to default value
  /home/data4t2/lelinfeng/cann-route-w4-3-sync-barrier-elision/本地实验/SYNC-BARRIER-ELISION-X/V033/out.
Call Stack (most recent call first):
  CMakeLists.txt:8 (project)


-- CMAKE_BUILD_TYPE: Release
-- CMAKE_INSTALL_PREFIX: /home/data4t2/lelinfeng/cann-route-w4-3-sync-barrier-elision/本地实验/SYNC-BARRIER-ELISION-X/V033/out
-- ASCEND_CANN_PACKAGE_PATH: /usr/local/Ascend/ascend-toolkit/8.5.0.alpha002
-- CMAKE_ASC_LLD_LINKER: /usr/local/Ascend/ascend-toolkit/8.5.0.alpha002/tools/ccec_compiler/bin/ld.lld
-- Configuring done
-- Generating done
-- Build files have been written to: /tmp/sync-barrier-elision-v033.Tixm1Y
CONFIGURE_RC=0
[ 50%] Building ASC object CMakeFiles/sync_barrier_elision_v033.dir/src/compile_adapter.asc.o
[100%] Linking ASC executable sync_barrier_elision_v033
[100%] Built target sync_barrier_elision_v033
COMPILE_RC=0
COMPILE_END=2026-10-07T19:36:19Z
