ROUTE=SYNC-BARRIER-ELISION-X
REVISION=V033
PARENT=R31B-V011
DEVICE=3
SHAPE=fp16-8x2048
WARMUPS=60
PAIRS=31
ORDER=alternating P,C then C,P
METHOD=ACL device event latency plus wall-clock diagnostics
HOST=hwnput3
USER=lelinfeng
START_UTC=2026-10-07T19:40:34Z
COMMAND=/tmp/sync-barrier-elision-v033.Tixm1Y/sync_barrier_elision_correctness 3 --local
LOG=本地实验/SYNC-BARRIER-ELISION-X/V033/logs/local-device3-20261007T194017Z-run1.log
CPLUS_INCLUDE_PATH=/usr/include/c++/11:/usr/include/aarch64-linux-gnu/c++/11:/usr/include/c++/11/backward

===== PRE-RUN DEVICE SNAPSHOT =====
+------------------------------------------------------------------------------------------------+
| npu-smi 25.0.rc1.1               Version: 25.0.rc1.1                                           |
+---------------------------+---------------+----------------------------------------------------+
| NPU   Name                | Health        | Power(W)    Temp(C)           Hugepages-Usage(page)|
| Chip                      | Bus-Id        | AICore(%)   Memory-Usage(MB)  HBM-Usage(MB)        |
+===========================+===============+====================================================+
| 0     910B3               | OK            | 92.9        36                0    / 0             |
| 0                         | 0000:C1:00.0  | 0           0    / 0          3429 / 65536         |
+===========================+===============+====================================================+
| 1     910B3               | OK            | 127.1       37                0    / 0             |
| 0                         | 0000:C2:00.0  | 12          0    / 0          9174 / 65536         |
+===========================+===============+====================================================+
| 2     910B3               | OK            | 100.8       39                0    / 0             |
| 0                         | 0000:81:00.0  | 1           0    / 0          7456 / 65536         |
+===========================+===============+====================================================+
| 3     910B3               | OK            | 93.3        37                0    / 0             |
| 0                         | 0000:82:00.0  | 0           0    / 0          3426 / 65536         |
+===========================+===============+====================================================+
| 4     910B3               | OK            | 93.2        44                0    / 0             |
| 0                         | 0000:01:00.0  | 0           0    / 0          59192/ 65536         |
+===========================+===============+====================================================+
| 5     910B3               | OK            | 95.1        42                0    / 0             |
| 0                         | 0000:02:00.0  | 0           0    / 0          60221/ 65536         |
+===========================+===============+====================================================+
| 6     910B3               | OK            | 99.1        45                0    / 0             |
| 0                         | 0000:41:00.0  | 0           0    / 0          60221/ 65536         |
+===========================+===============+====================================================+
| 7     910B3               | OK            | 120.1       43                0    / 0             |
| 0                         | 0000:42:00.0  | 0           0    / 0          24790/ 65536         |
+===========================+===============+====================================================+
+---------------------------+---------------+----------------------------------------------------+
| NPU     Chip              | Process id    | Process name             | Process memory(MB)      |
+===========================+===============+====================================================+
| No running processes found in NPU 0                                                            |
+===========================+===============+====================================================+
| 1       0                 | 3150467       | python                   | 5746                    |
+===========================+===============+====================================================+
| 2       0                 | 1935458       | python                   | 4088                    |
+===========================+===============+====================================================+
| No running processes found in NPU 3                                                            |
+===========================+===============+====================================================+
| 4       0                 | 2999855       | VLLMEngineCor            | 55666                   |
+===========================+===============+====================================================+
| 5       0                 | 89602         | VLLMWorker_TP            | 56700                   |
+===========================+===============+====================================================+
| 6       0                 | 91228         | VLLMWorker_TP            | 56701                   |
+===========================+===============+====================================================+
| 7       0                 | 439848        | python3                  | 21260                   |
+===========================+===============+====================================================+
PREFLIGHT=PASS_DEVICE3_NO_PROCESS_AICORE_0
LOCAL_SAMPLE case=fp16-8x2048 pair=01 order=P,C parent_device_us=28.5600 candidate_device_us=6.9800 parent_wall_us=168.3370 candidate_wall_us=88.0690 paired_delta_us=-21.5800
LOCAL_SAMPLE case=fp16-8x2048 pair=02 order=C,P parent_device_us=20.0200 candidate_device_us=7.1800 parent_wall_us=64.0680 candidate_wall_us=73.1790 paired_delta_us=-12.8400
LOCAL_SAMPLE case=fp16-8x2048 pair=03 order=P,C parent_device_us=6.8200 candidate_device_us=7.4800 parent_wall_us=70.6580 candidate_wall_us=66.3090 paired_delta_us=0.6600
LOCAL_SAMPLE case=fp16-8x2048 pair=04 order=C,P parent_device_us=5.5600 candidate_device_us=6.9400 parent_wall_us=64.6590 candidate_wall_us=64.3680 paired_delta_us=1.3800
LOCAL_SAMPLE case=fp16-8x2048 pair=05 order=P,C parent_device_us=5.0000 candidate_device_us=5.7800 parent_wall_us=65.2090 candidate_wall_us=64.3190 paired_delta_us=0.7800
LOCAL_SAMPLE case=fp16-8x2048 pair=06 order=C,P parent_device_us=7.3400 candidate_device_us=4.7600 parent_wall_us=64.6180 candidate_wall_us=73.6590 paired_delta_us=-2.5800
LOCAL_SAMPLE case=fp16-8x2048 pair=07 order=P,C parent_device_us=5.4400 candidate_device_us=5.3400 parent_wall_us=63.2890 candidate_wall_us=63.0080 paired_delta_us=-0.1000
LOCAL_SAMPLE case=fp16-8x2048 pair=08 order=C,P parent_device_us=6.5600 candidate_device_us=21.5600 parent_wall_us=64.8890 candidate_wall_us=70.6780 paired_delta_us=15.0000
LOCAL_SAMPLE case=fp16-8x2048 pair=09 order=P,C parent_device_us=35.9400 candidate_device_us=5.4000 parent_wall_us=90.0880 candidate_wall_us=64.9680 paired_delta_us=-30.5400
LOCAL_SAMPLE case=fp16-8x2048 pair=10 order=C,P parent_device_us=5.3200 candidate_device_us=14.8000 parent_wall_us=73.6690 candidate_wall_us=64.3790 paired_delta_us=9.4800
LOCAL_SAMPLE case=fp16-8x2048 pair=11 order=P,C parent_device_us=20.3600 candidate_device_us=5.9200 parent_wall_us=63.2280 candidate_wall_us=62.2890 paired_delta_us=-14.4400
LOCAL_SAMPLE case=fp16-8x2048 pair=12 order=C,P parent_device_us=6.6400 candidate_device_us=7.4400 parent_wall_us=62.1090 candidate_wall_us=67.5380 paired_delta_us=0.8000
LOCAL_SAMPLE case=fp16-8x2048 pair=13 order=P,C parent_device_us=23.5600 candidate_device_us=6.4800 parent_wall_us=71.8180 candidate_wall_us=63.8490 paired_delta_us=-17.0800
LOCAL_SAMPLE case=fp16-8x2048 pair=14 order=C,P parent_device_us=27.0000 candidate_device_us=25.8000 parent_wall_us=69.7180 candidate_wall_us=69.1090 paired_delta_us=-1.2000
LOCAL_SAMPLE case=fp16-8x2048 pair=15 order=P,C parent_device_us=8.0000 candidate_device_us=7.0400 parent_wall_us=63.7290 candidate_wall_us=59.7190 paired_delta_us=-0.9600
LOCAL_SAMPLE case=fp16-8x2048 pair=16 order=C,P parent_device_us=26.8600 candidate_device_us=6.5400 parent_wall_us=70.3490 candidate_wall_us=62.9090 paired_delta_us=-20.3200
LOCAL_SAMPLE case=fp16-8x2048 pair=17 order=P,C parent_device_us=26.3200 candidate_device_us=5.2400 parent_wall_us=68.5480 candidate_wall_us=72.0790 paired_delta_us=-21.0800
LOCAL_SAMPLE case=fp16-8x2048 pair=18 order=C,P parent_device_us=5.6600 candidate_device_us=4.6600 parent_wall_us=66.2290 candidate_wall_us=64.0390 paired_delta_us=-1.0000
LOCAL_SAMPLE case=fp16-8x2048 pair=19 order=P,C parent_device_us=5.8400 candidate_device_us=25.2400 parent_wall_us=62.6790 candidate_wall_us=71.2780 paired_delta_us=19.4000
LOCAL_SAMPLE case=fp16-8x2048 pair=20 order=C,P parent_device_us=5.8600 candidate_device_us=27.9200 parent_wall_us=64.3490 candidate_wall_us=73.6190 paired_delta_us=22.0600
LOCAL_SAMPLE case=fp16-8x2048 pair=21 order=P,C parent_device_us=17.6600 candidate_device_us=6.0600 parent_wall_us=61.1480 candidate_wall_us=61.9490 paired_delta_us=-11.6000
LOCAL_SAMPLE case=fp16-8x2048 pair=22 order=C,P parent_device_us=5.6000 candidate_device_us=20.8800 parent_wall_us=62.3190 candidate_wall_us=61.9980 paired_delta_us=15.2800
LOCAL_SAMPLE case=fp16-8x2048 pair=23 order=P,C parent_device_us=19.9200 candidate_device_us=7.0000 parent_wall_us=60.6380 candidate_wall_us=62.1790 paired_delta_us=-12.9200
LOCAL_SAMPLE case=fp16-8x2048 pair=24 order=C,P parent_device_us=25.5200 candidate_device_us=21.5800 parent_wall_us=71.8390 candidate_wall_us=71.5480 paired_delta_us=-3.9400
LOCAL_SAMPLE case=fp16-8x2048 pair=25 order=P,C parent_device_us=6.9400 candidate_device_us=5.8400 parent_wall_us=66.3390 candidate_wall_us=72.2590 paired_delta_us=-1.1000
LOCAL_SAMPLE case=fp16-8x2048 pair=26 order=C,P parent_device_us=19.4600 candidate_device_us=5.0200 parent_wall_us=70.1690 candidate_wall_us=73.7180 paired_delta_us=-14.4400
LOCAL_SAMPLE case=fp16-8x2048 pair=27 order=P,C parent_device_us=5.0800 candidate_device_us=7.4600 parent_wall_us=67.7790 candidate_wall_us=75.6180 paired_delta_us=2.3800
LOCAL_SAMPLE case=fp16-8x2048 pair=28 order=C,P parent_device_us=21.1600 candidate_device_us=7.0600 parent_wall_us=65.6090 candidate_wall_us=64.1590 paired_delta_us=-14.1000
LOCAL_SAMPLE case=fp16-8x2048 pair=29 order=P,C parent_device_us=29.4800 candidate_device_us=5.6600 parent_wall_us=79.9980 candidate_wall_us=63.6690 paired_delta_us=-23.8200
LOCAL_SAMPLE case=fp16-8x2048 pair=30 order=C,P parent_device_us=5.8400 candidate_device_us=18.4600 parent_wall_us=63.2790 candidate_wall_us=61.4990 paired_delta_us=12.6200
LOCAL_SAMPLE case=fp16-8x2048 pair=31 order=P,C parent_device_us=29.1200 candidate_device_us=33.5000 parent_wall_us=72.9790 candidate_wall_us=82.5980 paired_delta_us=4.3800
LOCAL_STATS case=fp16-8x2048 metric=device_us binary=PARENT_R31B_V011 n=31 median=8.0000 mean=15.1110 stdev=10.0847 cv=0.66738 min=5.0000 max=35.9400 mad=3.0000 p10=5.4400 p90=28.5600
LOCAL_STATS case=fp16-8x2048 metric=device_us binary=CANDIDATE_V033 n=31 median=7.0000 mean=11.1942 stdev=8.4079 cv=0.75109 min=4.6600 max=33.5000 mad=1.3400 p10=5.2400 p90=25.2400
LOCAL_STATS case=fp16-8x2048 metric=wall_us binary=PARENT_R31B_V011 n=31 median=65.6090 mean=70.7850 stdev=19.0859 cv=0.26963 min=60.6380 max=168.3370 mad=2.9390 p10=62.3190 p90=73.6690
LOCAL_STATS case=fp16-8x2048 metric=wall_us binary=CANDIDATE_V033 n=31 median=64.9680 mean=68.0825 stdev=6.5388 cv=0.09604 min=59.7190 max=88.0690 mad=3.0190 p10=61.9980 p90=73.7180
LOCAL_STATS case=fp16-8x2048 metric=paired_delta_us binary=CANDIDATE_MINUS_PARENT n=31 median=-1.1000 mean=-3.9168 stdev=13.3507 cv=-3.40859 min=-30.5400 max=22.0600 mad=11.7400 p10=-21.0800 p90=15.0000
LOCAL_RESULT route=SYNC-BARRIER-ELISION-X revision=V033 device=3 shape=8x2048 dtype=fp16 samples=31 parent_median_us=8.0000 candidate_median_us=7.0000 local_delta_us=-1.1000 local_score_percent=13.749999 candidate_minus_parent_percent=-13.749999
CORRECTNESS_SUMMARY result=PASS cases=5
RUNNER_RC=0
RUN_START_EPOCH=1791402035.483865060
RUN_END_EPOCH=1791402041.829370230

===== POST-RUN DEVICE SNAPSHOT =====
+------------------------------------------------------------------------------------------------+
| npu-smi 25.0.rc1.1               Version: 25.0.rc1.1                                           |
+---------------------------+---------------+----------------------------------------------------+
| NPU   Name                | Health        | Power(W)    Temp(C)           Hugepages-Usage(page)|
| Chip                      | Bus-Id        | AICore(%)   Memory-Usage(MB)  HBM-Usage(MB)        |
+===========================+===============+====================================================+
| 0     910B3               | OK            | 93.5        36                0    / 0             |
| 0                         | 0000:C1:00.0  | 0           0    / 0          3429 / 65536         |
+===========================+===============+====================================================+
| 1     910B3               | OK            | 104.7       38                0    / 0             |
| 0                         | 0000:C2:00.0  | 2           0    / 0          9174 / 65536         |
+===========================+===============+====================================================+
| 2     910B3               | OK            | 114.1       40                0    / 0             |
| 0                         | 0000:81:00.0  | 5           0    / 0          7456 / 65536         |
+===========================+===============+====================================================+
| 3     910B3               | OK            | 92.8        37                0    / 0             |
| 0                         | 0000:82:00.0  | 0           0    / 0          3428 / 65536         |
+===========================+===============+====================================================+
| 4     910B3               | OK            | 93.1        44                0    / 0             |
| 0                         | 0000:01:00.0  | 0           0    / 0          59192/ 65536         |
+===========================+===============+====================================================+
| 5     910B3               | OK            | 94.6        41                0    / 0             |
| 0                         | 0000:02:00.0  | 0           0    / 0          60222/ 65536         |
+===========================+===============+====================================================+
| 6     910B3               | OK            | 98.6        45                0    / 0             |
| 0                         | 0000:41:00.0  | 0           0    / 0          60222/ 65536         |
+===========================+===============+====================================================+
| 7     910B3               | OK            | 118.4       44                0    / 0             |
| 0                         | 0000:42:00.0  | 3           0    / 0          24791/ 65536         |
+===========================+===============+====================================================+
+---------------------------+---------------+----------------------------------------------------+
| NPU     Chip              | Process id    | Process name             | Process memory(MB)      |
+===========================+===============+====================================================+
| No running processes found in NPU 0                                                            |
+===========================+===============+====================================================+
| 1       0                 | 3150467       | python                   | 5746                    |
+===========================+===============+====================================================+
| 2       0                 | 1935458       | python                   | 4088                    |
+===========================+===============+====================================================+
| No running processes found in NPU 3                                                            |
+===========================+===============+====================================================+
| 4       0                 | 2999855       | VLLMEngineCor            | 55666                   |
+===========================+===============+====================================================+
| 5       0                 | 89602         | VLLMWorker_TP            | 56700                   |
+===========================+===============+====================================================+
| 6       0                 | 91228         | VLLMWorker_TP            | 56701                   |
+===========================+===============+====================================================+
| 7       0                 | 439848        | python3                  | 21260                   |
+===========================+===============+====================================================+
END_UTC=2026-10-07T19:40:42Z
