V040_CORRECTNESS_START_UTC=2026-10-07T17:19:33,955878208+00:00
HOST=hwnput3
DEVICE=4
PARENT=R31B-V011
DTYPE=FP32
SHAPES=128x3832,128x3840,128x3848
C15=EXCLUDED
PARENT_STAGED_SHA256=a8c19a1972207acc67e3fb0cd393cc70b0a4b183d1eaf5610edf80c2879b15e3  本地实验/R-W4-4/V040/partial-ranking/stage/parent.asc
CANDIDATE_SHA256=e06436370b797fe9d26c52354f328b1023e4dfee2192eac1880efe7f23d6c4ee  本地实验/R-W4-4/V040/submission.asc
RUN_BEGIN_UTC=2026-10-07T17:19:35,408204706+00:00
RUN_BEGIN side=parent width=3832 binary=本地实验/R-W4-4/V040/partial-ranking/stage/build-v040/clx_ref_parent_probe
RUN_END rc=0 side=parent width=3832 prefix=本地实验/R-W4-4/V040/partial-ranking/parent-correctness-r128-w3832-fp32
RUN_BEGIN_UTC=2026-10-07T17:19:43,334571459+00:00
RUN_BEGIN side=candidate width=3832 binary=本地实验/R-W4-4/V040/partial-ranking/stage/build-v040/clx_ref_candidate_probe
RUN_END rc=0 side=candidate width=3832 prefix=本地实验/R-W4-4/V040/partial-ranking/candidate-correctness-r128-w3832-fp32
RUN_BEGIN_UTC=2026-10-07T17:19:51,049665479+00:00
RUN_BEGIN side=parent width=3840 binary=本地实验/R-W4-4/V040/partial-ranking/stage/build-v040/clx_ref_parent_probe
RUN_END rc=0 side=parent width=3840 prefix=本地实验/R-W4-4/V040/partial-ranking/parent-correctness-r128-w3840-fp32
RUN_BEGIN_UTC=2026-10-07T17:19:57,394010356+00:00
RUN_BEGIN side=candidate width=3840 binary=本地实验/R-W4-4/V040/partial-ranking/stage/build-v040/clx_ref_candidate_probe
RUN_END rc=0 side=candidate width=3840 prefix=本地实验/R-W4-4/V040/partial-ranking/candidate-correctness-r128-w3840-fp32
RUN_BEGIN_UTC=2026-10-07T17:20:04,744315713+00:00
RUN_BEGIN side=parent width=3848 binary=本地实验/R-W4-4/V040/partial-ranking/stage/build-v040/clx_ref_parent_probe
RUN_END rc=0 side=parent width=3848 prefix=本地实验/R-W4-4/V040/partial-ranking/parent-correctness-r128-w3848-fp32
RUN_BEGIN_UTC=2026-10-07T17:20:11,709227294+00:00
RUN_BEGIN side=candidate width=3848 binary=本地实验/R-W4-4/V040/partial-ranking/stage/build-v040/clx_ref_candidate_probe
RUN_END rc=0 side=candidate width=3848 prefix=本地实验/R-W4-4/V040/partial-ranking/candidate-correctness-r128-w3848-fp32
V040_CORRECTNESS_END_UTC=2026-10-07T17:20:19,417147988+00:00
