ATTEMPT_03=REBUILD_WITH_EXISTING_REMOTE_SH_INCLUDE_ENV
	NPU ID                         : 4
	Chip Count                     : 1

	DDR Capacity(MB)               : 0
	DDR Usage Rate(%)              : 0
	DDR Hugepages Total(page)      : 0
	DDR Hugepages Usage Rate(%)    : 0
	HBM Capacity(MB)               : 65536
	HBM Usage Rate(%)              : 90
	Aicore Usage Rate(%)           : 55
	Aivector Usage Rate(%)         : 30
	Aicpu Usage Rate(%)            : 0
	Ctrlcpu Usage Rate(%)          : 5
	DDR Bandwidth Usage Rate(%)    : 0
	HBM Bandwidth Usage Rate(%)    : 66
	Chip ID                        : 0

DEVICE_ID=4 FREE_HBM_MB=6553
Consolidate compiler generated dependencies of target r12_parent_probe
[ 50%] Building ASC object CMakeFiles/r12_parent_probe.dir/parent_probe.asc.o
[100%] Linking ASC executable r12_parent_probe
[100%] Built target r12_parent_probe
COMPILE=PASS
