=== PHASE 1: same-binary ===
sb P 1x8192_fp32 rc=0
sb C 1x8192_fp32 rc=0
sb P 1x6144_fp32 rc=0
sb C 1x6144_fp32 rc=0
sb P 2x8192_fp32 rc=0
sb C 2x8192_fp32 rc=0
sb P 1x4096_fp32 rc=0
sb C 1x4096_fp32 rc=0
sb P 1x32768_fp32 rc=3
sb C 1x32768_fp32 rc=3
=== PHASE 2: interleaved P/C pairs x8 ===
pc1 P 1x8192_fp32 rc=0
pc1 C 1x8192_fp32 rc=0
pc2 C 1x8192_fp32 rc=0
pc2 P 1x8192_fp32 rc=0
pc3 P 1x8192_fp32 rc=0
pc3 C 1x8192_fp32 rc=0
pc4 C 1x8192_fp32 rc=0
pc4 P 1x8192_fp32 rc=0
pc5 P 1x8192_fp32 rc=0
pc5 C 1x8192_fp32 rc=0
pc6 C 1x8192_fp32 rc=0
pc6 P 1x8192_fp32 rc=0
pc7 P 1x8192_fp32 rc=0
pc7 C 1x8192_fp32 rc=0
pc8 C 1x8192_fp32 rc=0
pc8 P 1x8192_fp32 rc=0
pc1 P 1x6144_fp32 rc=0
pc1 C 1x6144_fp32 rc=0
pc2 C 1x6144_fp32 rc=0
pc2 P 1x6144_fp32 rc=0
pc3 P 1x6144_fp32 rc=0
pc3 C 1x6144_fp32 rc=0
pc4 C 1x6144_fp32 rc=0
pc4 P 1x6144_fp32 rc=0
pc5 P 1x6144_fp32 rc=0
pc5 C 1x6144_fp32 rc=0
pc6 C 1x6144_fp32 rc=0
pc6 P 1x6144_fp32 rc=0
pc7 P 1x6144_fp32 rc=0
pc7 C 1x6144_fp32 rc=0
pc8 C 1x6144_fp32 rc=0
pc8 P 1x6144_fp32 rc=0
pc1 P 2x8192_fp32 rc=0
pc1 C 2x8192_fp32 rc=0
pc2 C 2x8192_fp32 rc=0
pc2 P 2x8192_fp32 rc=0
pc3 P 2x8192_fp32 rc=0
pc3 C 2x8192_fp32 rc=0
pc4 C 2x8192_fp32 rc=0
pc4 P 2x8192_fp32 rc=0
pc5 P 2x8192_fp32 rc=0
pc5 C 2x8192_fp32 rc=0
pc6 C 2x8192_fp32 rc=0
pc6 P 2x8192_fp32 rc=0
pc7 P 2x8192_fp32 rc=0
pc7 C 2x8192_fp32 rc=0
pc8 C 2x8192_fp32 rc=0
pc8 P 2x8192_fp32 rc=0
pc1 P 1x4096_fp32 rc=0
pc1 C 1x4096_fp32 rc=0
pc2 C 1x4096_fp32 rc=0
pc2 P 1x4096_fp32 rc=0
pc3 P 1x4096_fp32 rc=0
pc3 C 1x4096_fp32 rc=0
pc4 C 1x4096_fp32 rc=0
pc4 P 1x4096_fp32 rc=0
pc5 P 1x4096_fp32 rc=0
pc5 C 1x4096_fp32 rc=0
pc6 C 1x4096_fp32 rc=0
pc6 P 1x4096_fp32 rc=0
pc7 P 1x4096_fp32 rc=0
pc7 C 1x4096_fp32 rc=0
pc8 C 1x4096_fp32 rc=0
pc8 P 1x4096_fp32 rc=0
pc1 P 1x32768_fp32 rc=3
pc1 C 1x32768_fp32 rc=3
pc2 C 1x32768_fp32 rc=3
pc2 P 1x32768_fp32 rc=3
pc3 P 1x32768_fp32 rc=3
pc3 C 1x32768_fp32 rc=3
pc4 C 1x32768_fp32 rc=3
pc4 P 1x32768_fp32 rc=3
pc5 P 1x32768_fp32 rc=3
pc5 C 1x32768_fp32 rc=3
pc6 C 1x32768_fp32 rc=3
pc6 P 1x32768_fp32 rc=3
pc7 P 1x32768_fp32 rc=3
pc7 C 1x32768_fp32 rc=3
pc8 C 1x32768_fp32 rc=3
pc8 P 1x32768_fp32 rc=3
=== DONE -> /home/data4t2/lelinfeng/phase4-workspaces/COEFF-LOCALITY-X/results-timing-v004b-d5 ===
