HOST=hwnput3
DEVICE=4	SHAPE=128x136	DTYPE=0(FP32)	WARMUP=45	SAMPLES=31	BATCH_N=64	PAIRS=6
RUN_START_UTC=2026-10-07T12:36:48.419740728Z
KIND=samebinary WIDTH=136 PAIR=0 SIDE=P BINARY=本地实验/R-W4-4/V030/partial-ranking/stage/build/clx_ref_parent_probe PREFIX=本地实验/R-W4-4/V030/partial-ranking/parent-samebinary-r128-w136-fp32-batch64
REF_HARNESS device=4 shape=128x136 dtype=0 warmup=45 samples=31 blocks=2 bad=0
RUN_EXIT_CODE=0
RUN_END_UTC=2026-10-07T12:36:56.336735989Z
RUN_START_UTC=2026-10-07T12:36:56.342164964Z
KIND=paired WIDTH=136 PAIR=1 SIDE=P BINARY=本地实验/R-W4-4/V030/partial-ranking/stage/build/clx_ref_parent_probe PREFIX=本地实验/R-W4-4/V030/partial-ranking/parent-paired-r128-w136-fp32-batch64-pair1
REF_HARNESS device=4 shape=128x136 dtype=0 warmup=45 samples=31 blocks=2 bad=0
RUN_EXIT_CODE=0
RUN_END_UTC=2026-10-07T12:37:04.283457335Z
RUN_START_UTC=2026-10-07T12:37:04.287332454Z
KIND=paired WIDTH=136 PAIR=1 SIDE=C BINARY=本地实验/R-W4-4/V030/partial-ranking/stage/build/clx_ref_candidate_probe PREFIX=本地实验/R-W4-4/V030/partial-ranking/candidate-paired-r128-w136-fp32-batch64-pair1
REF_HARNESS device=4 shape=128x136 dtype=0 warmup=45 samples=31 blocks=2 bad=0
RUN_EXIT_CODE=0
RUN_END_UTC=2026-10-07T12:37:12.213179202Z
RUN_START_UTC=2026-10-07T12:37:12.216458025Z
KIND=paired WIDTH=136 PAIR=2 SIDE=C BINARY=本地实验/R-W4-4/V030/partial-ranking/stage/build/clx_ref_candidate_probe PREFIX=本地实验/R-W4-4/V030/partial-ranking/candidate-paired-r128-w136-fp32-batch64-pair2
REF_HARNESS device=4 shape=128x136 dtype=0 warmup=45 samples=31 blocks=2 bad=0
RUN_EXIT_CODE=0
RUN_END_UTC=2026-10-07T12:37:18.786970597Z
RUN_START_UTC=2026-10-07T12:37:18.790841956Z
KIND=paired WIDTH=136 PAIR=2 SIDE=P BINARY=本地实验/R-W4-4/V030/partial-ranking/stage/build/clx_ref_parent_probe PREFIX=本地实验/R-W4-4/V030/partial-ranking/parent-paired-r128-w136-fp32-batch64-pair2
REF_HARNESS device=4 shape=128x136 dtype=0 warmup=45 samples=31 blocks=2 bad=0
RUN_EXIT_CODE=0
RUN_END_UTC=2026-10-07T12:37:25.353317323Z
RUN_START_UTC=2026-10-07T12:37:25.356764808Z
KIND=paired WIDTH=136 PAIR=3 SIDE=P BINARY=本地实验/R-W4-4/V030/partial-ranking/stage/build/clx_ref_parent_probe PREFIX=本地实验/R-W4-4/V030/partial-ranking/parent-paired-r128-w136-fp32-batch64-pair3
REF_HARNESS device=4 shape=128x136 dtype=0 warmup=45 samples=31 blocks=2 bad=0
RUN_EXIT_CODE=0
RUN_END_UTC=2026-10-07T12:37:32.652385370Z
RUN_START_UTC=2026-10-07T12:37:32.655365740Z
KIND=paired WIDTH=136 PAIR=3 SIDE=C BINARY=本地实验/R-W4-4/V030/partial-ranking/stage/build/clx_ref_candidate_probe PREFIX=本地实验/R-W4-4/V030/partial-ranking/candidate-paired-r128-w136-fp32-batch64-pair3
REF_HARNESS device=4 shape=128x136 dtype=0 warmup=45 samples=31 blocks=2 bad=0
RUN_EXIT_CODE=0
RUN_END_UTC=2026-10-07T12:37:39.791913730Z
RUN_START_UTC=2026-10-07T12:37:39.796480446Z
KIND=paired WIDTH=136 PAIR=4 SIDE=C BINARY=本地实验/R-W4-4/V030/partial-ranking/stage/build/clx_ref_candidate_probe PREFIX=本地实验/R-W4-4/V030/partial-ranking/candidate-paired-r128-w136-fp32-batch64-pair4
REF_HARNESS device=4 shape=128x136 dtype=0 warmup=45 samples=31 blocks=2 bad=0
RUN_EXIT_CODE=0
RUN_END_UTC=2026-10-07T12:37:46.578133201Z
RUN_START_UTC=2026-10-07T12:37:46.581439814Z
KIND=paired WIDTH=136 PAIR=4 SIDE=P BINARY=本地实验/R-W4-4/V030/partial-ranking/stage/build/clx_ref_parent_probe PREFIX=本地实验/R-W4-4/V030/partial-ranking/parent-paired-r128-w136-fp32-batch64-pair4
REF_HARNESS device=4 shape=128x136 dtype=0 warmup=45 samples=31 blocks=2 bad=0
RUN_EXIT_CODE=0
RUN_END_UTC=2026-10-07T12:37:53.541776862Z
RUN_START_UTC=2026-10-07T12:37:53.543938934Z
KIND=paired WIDTH=136 PAIR=5 SIDE=P BINARY=本地实验/R-W4-4/V030/partial-ranking/stage/build/clx_ref_parent_probe PREFIX=本地实验/R-W4-4/V030/partial-ranking/parent-paired-r128-w136-fp32-batch64-pair5
REF_HARNESS device=4 shape=128x136 dtype=0 warmup=45 samples=31 blocks=2 bad=0
RUN_EXIT_CODE=0
RUN_END_UTC=2026-10-07T12:37:59.889447873Z
RUN_START_UTC=2026-10-07T12:37:59.892932568Z
KIND=paired WIDTH=136 PAIR=5 SIDE=C BINARY=本地实验/R-W4-4/V030/partial-ranking/stage/build/clx_ref_candidate_probe PREFIX=本地实验/R-W4-4/V030/partial-ranking/candidate-paired-r128-w136-fp32-batch64-pair5
REF_HARNESS device=4 shape=128x136 dtype=0 warmup=45 samples=31 blocks=2 bad=0
RUN_EXIT_CODE=0
RUN_END_UTC=2026-10-07T12:38:06.437747649Z
RUN_START_UTC=2026-10-07T12:38:06.440647338Z
KIND=paired WIDTH=136 PAIR=6 SIDE=C BINARY=本地实验/R-W4-4/V030/partial-ranking/stage/build/clx_ref_candidate_probe PREFIX=本地实验/R-W4-4/V030/partial-ranking/candidate-paired-r128-w136-fp32-batch64-pair6
REF_HARNESS device=4 shape=128x136 dtype=0 warmup=45 samples=31 blocks=2 bad=0
RUN_EXIT_CODE=0
RUN_END_UTC=2026-10-07T12:38:13.760138700Z
RUN_START_UTC=2026-10-07T12:38:13.762332542Z
KIND=paired WIDTH=136 PAIR=6 SIDE=P BINARY=本地实验/R-W4-4/V030/partial-ranking/stage/build/clx_ref_parent_probe PREFIX=本地实验/R-W4-4/V030/partial-ranking/parent-paired-r128-w136-fp32-batch64-pair6
REF_HARNESS device=4 shape=128x136 dtype=0 warmup=45 samples=31 blocks=2 bad=0
RUN_EXIT_CODE=0
RUN_END_UTC=2026-10-07T12:38:20.088266024Z
SHAPE_RANKING_END_UTC=2026-10-07T12:38:20.090699609Z
