HOST=hwnput3
DEVICE=4	SHAPE=128x200	DTYPE=0(FP32)	WARMUP=45	SAMPLES=31	BATCH_N=64	PAIRS=6
RUN_START_UTC=2026-10-07T12:39:50.598775877Z
KIND=samebinary WIDTH=200 PAIR=0 SIDE=P BINARY=本地实验/R-W4-4/V030/partial-ranking/stage/build/clx_ref_parent_probe PREFIX=本地实验/R-W4-4/V030/partial-ranking/parent-samebinary-r128-w200-fp32-batch64
REF_HARNESS device=4 shape=128x200 dtype=0 warmup=45 samples=31 blocks=2 bad=0
RUN_EXIT_CODE=0
RUN_END_UTC=2026-10-07T12:39:57.148592530Z
RUN_START_UTC=2026-10-07T12:39:57.151593840Z
KIND=paired WIDTH=200 PAIR=1 SIDE=P BINARY=本地实验/R-W4-4/V030/partial-ranking/stage/build/clx_ref_parent_probe PREFIX=本地实验/R-W4-4/V030/partial-ranking/parent-paired-r128-w200-fp32-batch64-pair1
REF_HARNESS device=4 shape=128x200 dtype=0 warmup=45 samples=31 blocks=2 bad=0
RUN_EXIT_CODE=0
RUN_END_UTC=2026-10-07T12:40:03.890389201Z
RUN_START_UTC=2026-10-07T12:40:03.893676254Z
KIND=paired WIDTH=200 PAIR=1 SIDE=C BINARY=本地实验/R-W4-4/V030/partial-ranking/stage/build/clx_ref_candidate_probe PREFIX=本地实验/R-W4-4/V030/partial-ranking/candidate-paired-r128-w200-fp32-batch64-pair1
REF_HARNESS device=4 shape=128x200 dtype=0 warmup=45 samples=31 blocks=2 bad=0
RUN_EXIT_CODE=0
RUN_END_UTC=2026-10-07T12:40:10.836688777Z
RUN_START_UTC=2026-10-07T12:40:10.840070600Z
KIND=paired WIDTH=200 PAIR=2 SIDE=C BINARY=本地实验/R-W4-4/V030/partial-ranking/stage/build/clx_ref_candidate_probe PREFIX=本地实验/R-W4-4/V030/partial-ranking/candidate-paired-r128-w200-fp32-batch64-pair2
REF_HARNESS device=4 shape=128x200 dtype=0 warmup=45 samples=31 blocks=2 bad=0
RUN_EXIT_CODE=0
RUN_END_UTC=2026-10-07T12:40:17.180935958Z
RUN_START_UTC=2026-10-07T12:40:17.184595054Z
KIND=paired WIDTH=200 PAIR=2 SIDE=P BINARY=本地实验/R-W4-4/V030/partial-ranking/stage/build/clx_ref_parent_probe PREFIX=本地实验/R-W4-4/V030/partial-ranking/parent-paired-r128-w200-fp32-batch64-pair2
REF_HARNESS device=4 shape=128x200 dtype=0 warmup=45 samples=31 blocks=2 bad=0
RUN_EXIT_CODE=0
RUN_END_UTC=2026-10-07T12:40:24.504258351Z
RUN_START_UTC=2026-10-07T12:40:24.507826086Z
KIND=paired WIDTH=200 PAIR=3 SIDE=P BINARY=本地实验/R-W4-4/V030/partial-ranking/stage/build/clx_ref_parent_probe PREFIX=本地实验/R-W4-4/V030/partial-ranking/parent-paired-r128-w200-fp32-batch64-pair3
REF_HARNESS device=4 shape=128x200 dtype=0 warmup=45 samples=31 blocks=2 bad=0
RUN_EXIT_CODE=0
RUN_END_UTC=2026-10-07T12:40:31.260644460Z
RUN_START_UTC=2026-10-07T12:40:31.263471207Z
KIND=paired WIDTH=200 PAIR=3 SIDE=C BINARY=本地实验/R-W4-4/V030/partial-ranking/stage/build/clx_ref_candidate_probe PREFIX=本地实验/R-W4-4/V030/partial-ranking/candidate-paired-r128-w200-fp32-batch64-pair3
REF_HARNESS device=4 shape=128x200 dtype=0 warmup=45 samples=31 blocks=2 bad=0
RUN_EXIT_CODE=0
RUN_END_UTC=2026-10-07T12:40:39.200246961Z
RUN_START_UTC=2026-10-07T12:40:39.202595943Z
KIND=paired WIDTH=200 PAIR=4 SIDE=C BINARY=本地实验/R-W4-4/V030/partial-ranking/stage/build/clx_ref_candidate_probe PREFIX=本地实验/R-W4-4/V030/partial-ranking/candidate-paired-r128-w200-fp32-batch64-pair4
REF_HARNESS device=4 shape=128x200 dtype=0 warmup=45 samples=31 blocks=2 bad=0
RUN_EXIT_CODE=0
RUN_END_UTC=2026-10-07T12:40:47.335828907Z
RUN_START_UTC=2026-10-07T12:40:47.338899457Z
KIND=paired WIDTH=200 PAIR=4 SIDE=P BINARY=本地实验/R-W4-4/V030/partial-ranking/stage/build/clx_ref_parent_probe PREFIX=本地实验/R-W4-4/V030/partial-ranking/parent-paired-r128-w200-fp32-batch64-pair4
REF_HARNESS device=4 shape=128x200 dtype=0 warmup=45 samples=31 blocks=2 bad=0
RUN_EXIT_CODE=0
RUN_END_UTC=2026-10-07T12:40:55.149254745Z
RUN_START_UTC=2026-10-07T12:40:55.154546846Z
KIND=paired WIDTH=200 PAIR=5 SIDE=P BINARY=本地实验/R-W4-4/V030/partial-ranking/stage/build/clx_ref_parent_probe PREFIX=本地实验/R-W4-4/V030/partial-ranking/parent-paired-r128-w200-fp32-batch64-pair5
REF_HARNESS device=4 shape=128x200 dtype=0 warmup=45 samples=31 blocks=2 bad=0
RUN_EXIT_CODE=0
RUN_END_UTC=2026-10-07T12:41:01.892797985Z
RUN_START_UTC=2026-10-07T12:41:01.895841555Z
KIND=paired WIDTH=200 PAIR=5 SIDE=C BINARY=本地实验/R-W4-4/V030/partial-ranking/stage/build/clx_ref_candidate_probe PREFIX=本地实验/R-W4-4/V030/partial-ranking/candidate-paired-r128-w200-fp32-batch64-pair5
REF_HARNESS device=4 shape=128x200 dtype=0 warmup=45 samples=31 blocks=2 bad=0
RUN_EXIT_CODE=0
RUN_END_UTC=2026-10-07T12:41:09.050188490Z
RUN_START_UTC=2026-10-07T12:41:09.053457442Z
KIND=paired WIDTH=200 PAIR=6 SIDE=C BINARY=本地实验/R-W4-4/V030/partial-ranking/stage/build/clx_ref_candidate_probe PREFIX=本地实验/R-W4-4/V030/partial-ranking/candidate-paired-r128-w200-fp32-batch64-pair6
REF_HARNESS device=4 shape=128x200 dtype=0 warmup=45 samples=31 blocks=2 bad=0
RUN_EXIT_CODE=0
RUN_END_UTC=2026-10-07T12:41:15.596877868Z
RUN_START_UTC=2026-10-07T12:41:15.602342231Z
KIND=paired WIDTH=200 PAIR=6 SIDE=P BINARY=本地实验/R-W4-4/V030/partial-ranking/stage/build/clx_ref_parent_probe PREFIX=本地实验/R-W4-4/V030/partial-ranking/parent-paired-r128-w200-fp32-batch64-pair6
REF_HARNESS device=4 shape=128x200 dtype=0 warmup=45 samples=31 blocks=2 bad=0
RUN_EXIT_CODE=0
RUN_END_UTC=2026-10-07T12:41:22.570613365Z
SHAPE_RANKING_END_UTC=2026-10-07T12:41:22.572803696Z
