ROUTE=W4-R04 REVISION=V002 STAGE=compile DEVICE=3
DIRECT_PARENT=R31B-V011 ONLINE=PAUSED PUSH=NO
CONTEXT=before
2026-10-08T05:24:03Z
hwnput3
lelinfeng
 05:24:03 up 242 days, 17:00, 33 users,  load average: 48.58, 56.36, 58.01
	NPU ID                         : 3
	Chip Count                     : 1

	DDR Capacity(MB)               : 0
	DDR Usage Rate(%)              : 0
	DDR Hugepages Total(page)      : 0
	DDR Hugepages Usage Rate(%)    : 0
	HBM Capacity(MB)               : 65536
	HBM Usage Rate(%)              : 13
	Aicore Usage Rate(%)           : 18
	Aivector Usage Rate(%)         : 7
	Aicpu Usage Rate(%)            : 0
	Ctrlcpu Usage Rate(%)          : 2
	DDR Bandwidth Usage Rate(%)    : 0
	HBM Bandwidth Usage Rate(%)    : 4
	Chip ID                        : 0
FREE_HBM_MB=57016
	NPU ID                         : 3
	Chip Count                     : 1

	Process id:2532307 Process name:python            Process memory(MB):5758
	Chip ID                        : 0

R04_CONFIGURE_RC=0
BUILD_RC=0
BUILD_LOG=/home/data4t2/lelinfeng/cann/server_runs/W4-R04/V002/logs/server3-compile-20261008T052405Z-$.log
-- CMAKE_ASC_COMPILER: /usr/local/Ascend/ascend-toolkit/8.5.0.alpha002/compiler/ccec_compiler/bin/bisheng
CMake Warning at /usr/local/Ascend/ascend-toolkit/8.5.0.alpha002/aarch64-linux/tikcpp/ascendc_kernel_cmake/ASC_CMake/CMakeDetermineASCCompiler.cmake:57 (message):
  CMAKE_INSTALL_PREFIX is not set.  Set to default value
  /home/data4t2/lelinfeng/cann/server_runs/W4-R04/V002/out.
Call Stack (most recent call first):
  CMakeLists.txt:9 (project)


-- SOC_VERSION: Ascend910B3
-- CMAKE_BUILD_TYPE: Release
-- CMAKE_INSTALL_PREFIX: /home/data4t2/lelinfeng/cann/server_runs/W4-R04/V002/out
-- ASCEND_CANN_PACKAGE_PATH: /usr/local/Ascend/ascend-toolkit/8.5.0.alpha002
-- CMAKE_ASC_LLD_LINKER: /usr/local/Ascend/ascend-toolkit/8.5.0.alpha002/tools/ccec_compiler/bin/ld.lld
-- The CXX compiler identification is GNU 11.4.0
-- Detecting CXX compiler ABI info
-- Detecting CXX compiler ABI info - done
-- Check for working CXX compiler: /usr/bin/c++ - skipped
-- Detecting CXX compile features
-- Detecting CXX compile features - done
-- Configuring done
-- Generating done
-- Build files have been written to: /home/data4t2/lelinfeng/cann/server_runs/W4-R04/V002/build-server3-v002
[ 50%] Building ASC object CMakeFiles/r04_parent.dir/support/parent_entry.asc.o
[100%] Linking ASC shared library libr04_parent.so
[100%] Built target r04_parent
[ 50%] Building ASC object CMakeFiles/r04_candidate.dir/support/candidate_entry.asc.o
[100%] Linking ASC shared library libr04_candidate.so
[100%] Built target r04_candidate
Consolidate compiler generated dependencies of target r04_parent
[ 16%] Building ASC object CMakeFiles/r04_parent.dir/support/parent_entry.asc.o
[ 33%] Linking ASC shared library libr04_parent.so
[ 33%] Built target r04_parent
Consolidate compiler generated dependencies of target r04_candidate
[ 50%] Building ASC object CMakeFiles/r04_candidate.dir/support/candidate_entry.asc.o
[ 66%] Linking ASC shared library libr04_candidate.so
[ 66%] Built target r04_candidate
[ 83%] Building CXX object CMakeFiles/r04_probe.dir/support/probe.cpp.o
[100%] Linking CXX executable r04_probe
[100%] Built target r04_probe
CONTEXT=after
2026-10-08T05:25:16Z
hwnput3
lelinfeng
 05:25:16 up 242 days, 17:01, 33 users,  load average: 67.01, 61.61, 59.79
	NPU ID                         : 3
	Chip Count                     : 1

	DDR Capacity(MB)               : 0
	DDR Usage Rate(%)              : 0
	DDR Hugepages Total(page)      : 0
	DDR Hugepages Usage Rate(%)    : 0
	HBM Capacity(MB)               : 65536
	HBM Usage Rate(%)              : 13
	Aicore Usage Rate(%)           : 0
	Aivector Usage Rate(%)         : 0
	Aicpu Usage Rate(%)            : 0
	Ctrlcpu Usage Rate(%)          : 3
	DDR Bandwidth Usage Rate(%)    : 0
	HBM Bandwidth Usage Rate(%)    : 0
	Chip ID                        : 0
FREE_HBM_MB=57016
	NPU ID                         : 3
	Chip Count                     : 1

	Process id:2532307 Process name:python            Process memory(MB):5758
	Chip ID                        : 0

STAGE=compile EXIT_CODE=0 LOG=/home/data4t2/lelinfeng/cann/server_runs/W4-R04/V002/logs/compile-20261008T052403Z-3677186.log RAW=/home/data4t2/lelinfeng/cann/server_runs/W4-R04/V002/logs/compile-20261008T052403Z-3677186-raw.tsv
