ROUTE=W4-R04 REVISION=V002 STAGE=same-binary DEVICE=3
DIRECT_PARENT=R31B-V011 ONLINE=PAUSED PUSH=NO
CONTEXT=before
2026-10-08T05:31:22Z
hwnput3
lelinfeng
 05:31:22 up 242 days, 17:07, 33 users,  load average: 90.57, 66.16, 61.37
	NPU ID                         : 3
	Chip Count                     : 1

	DDR Capacity(MB)               : 0
	DDR Usage Rate(%)              : 0
	DDR Hugepages Total(page)      : 0
	DDR Hugepages Usage Rate(%)    : 0
	HBM Capacity(MB)               : 65536
	HBM Usage Rate(%)              : 13
	Aicore Usage Rate(%)           : 9
	Aivector Usage Rate(%)         : 17
	Aicpu Usage Rate(%)            : 0
	Ctrlcpu Usage Rate(%)          : 4
	DDR Bandwidth Usage Rate(%)    : 0
	HBM Bandwidth Usage Rate(%)    : 0
	Chip ID                        : 0
FREE_HBM_MB=57016
	NPU ID                         : 3
	Chip Count                     : 1

	Process id:2532307 Process name:python            Process memory(MB):5758
	Chip ID                        : 0

DEVICE id=3 available_vector_cores=40 mode=same-binary dtype=FP32 warmup_each=45 pair_blocks=4 pairs_per_block=11 variant_b=parent_same_library shape_scope=local_proxy_not_official_mapping
CORRECTNESS case=target-fp32-16x2048 parent_failures=0 parent_max_abs=7.15255737305e-07 candidate_failures=0 candidate_max_abs=7.15255737305e-07 pair_bitwise_mismatches=0 reference=CPU_FP64 atol=1e-5 rtol=1e-4 max_abs_limit=1e-2
LOCAL case=target-fp32-16x2048 samples_per_variant=44 parent_median_us=15.8599996939 candidate_median_us=16.4199993014 delta_median_pct=-4.86422397382 parent_mad_over_median=0.305800830263 candidate_mad_over_median=0.367235055165
CORRECTNESS case=target-fp32-16x2056 parent_failures=0 parent_max_abs=7.15255737305e-07 candidate_failures=0 candidate_max_abs=7.15255737305e-07 pair_bitwise_mismatches=0 reference=CPU_FP64 atol=1e-5 rtol=1e-4 max_abs_limit=1e-2
LOCAL case=target-fp32-16x2056 samples_per_variant=44 parent_median_us=17.0999998227 candidate_median_us=14.9499997497 delta_median_pct=-4.40679764623 parent_mad_over_median=0.345614028877 candidate_mad_over_median=0.480936449537
CORRECTNESS case=guard-off-fp32-12x8192 parent_failures=0 parent_max_abs=4.76837158203e-07 candidate_failures=0 candidate_max_abs=4.76837158203e-07 pair_bitwise_mismatches=0 reference=CPU_FP64 atol=1e-5 rtol=1e-4 max_abs_limit=1e-2
LOCAL case=guard-off-fp32-12x8192 samples_per_variant=44 parent_median_us=17.6999997348 candidate_median_us=18.3899998665 delta_median_pct=3.22904689372 parent_mad_over_median=0.261016941126 candidate_mad_over_median=0.206090292611
CONTEXT=after
2026-10-08T05:31:26Z
hwnput3
lelinfeng
 05:31:26 up 242 days, 17:07, 33 users,  load average: 86.20, 65.66, 61.23
	NPU ID                         : 3
	Chip Count                     : 1

	DDR Capacity(MB)               : 0
	DDR Usage Rate(%)              : 0
	DDR Hugepages Total(page)      : 0
	DDR Hugepages Usage Rate(%)    : 0
	HBM Capacity(MB)               : 65536
	HBM Usage Rate(%)              : 13
	Aicore Usage Rate(%)           : 1
	Aivector Usage Rate(%)         : 15
	Aicpu Usage Rate(%)            : 0
	Ctrlcpu Usage Rate(%)          : 9
	DDR Bandwidth Usage Rate(%)    : 0
	HBM Bandwidth Usage Rate(%)    : 6
	Chip ID                        : 0
FREE_HBM_MB=57016
	NPU ID                         : 3
	Chip Count                     : 1

	Process id:2532307 Process name:python            Process memory(MB):5758
	Chip ID                        : 0

STAGE=same-binary EXIT_CODE=0 LOG=/home/data4t2/lelinfeng/cann/server_runs/W4-R04/V002/logs/same-binary-20261008T053122Z-3760492.log RAW=/home/data4t2/lelinfeng/cann/server_runs/W4-R04/V002/logs/same-binary-20261008T053122Z-3760492-raw.tsv
