ROUTE=MODE-DISPATCH-CUTOFF-X
REVISION=V098
GATE=COMPILE
DIRECT_PARENT=exact R31B-V011
SINGLE_CHANGE=kSmallFp32BatchMaxWidth: 4096 -> 1000
COMPILE_START_TIMESTAMP=2026-10-08T18:54:37.046720173Z
ENV_RC=0
-- The CXX compiler identification is Clang 15.0.5
-- Detecting CXX compiler ABI info
-- Detecting CXX compiler ABI info - done
-- Check for working CXX compiler: /usr/local/Ascend/ascend-toolkit/8.5.0.alpha002/aarch64-linux/ccec_compiler/bin/bisheng - skipped
-- Detecting CXX compile features
-- Detecting CXX compile features - done
-- Configuring done
-- Generating done
-- Build files have been written to: /home/data4t2/lelinfeng/cann-r-w4-4/本地实验/R-W4-4/V098/build-cmake
CONFIGURE_RC=0
Built target device
[100%] Building CXX object CMakeFiles/submission.dir/src/adapter.cpp.o
[100%] Built target submission
BUILD_RC=0
COMPILE_END_TIMESTAMP=2026-10-08T18:54:48.452139266Z
