[INFO] Start profiling...
RUN mode=local device=2 cores=40 warmup_total=60 blocks=2 pairs=31 one_output_address=YES candidate_library_resident=YES raw_in_memory=YES
RESOURCE phase=before_local free_hbm_mib=60693.050781 total_hbm_mib=62420.000000
TIMING case=on-16x2048 rows=16 width=2048 blocks=16 guard=ON
TIMING case=on-16x2056 rows=16 width=2056 blocks=16 guard=ON
TIMING case=off-1x64 rows=1 width=64 blocks=1 guard=OFF
RESOURCE phase=after_local free_hbm_mib=60692.988281 total_hbm_mib=62420.000000
RUN_COMPLETE result=0 calls=552 samples=372 RUNNING_DEVICE_OPERATION=NONE
[INFO] Start export data in PROF_000001_20261009044004566_LRJNALIMKFPARDBC.
Fri 09 Oct 2026 04:40:08 [INFO] [MSVP] [1375066] msprof_common.py: Start analyzing data in "/home/data4t2/lelinfeng/server_runs/W4-R05/gamma-view-20261008/results/requal-20261009T0430Z/local-profile/PROF_000001_20261009044004566_LRJNALIMKFPARDBC/host" ...
Fri 09 Oct 2026 04:40:08 [INFO] [MSVP] [1375066] msprof_common.py: It may take few minutes, please be patient ...
Fri 09 Oct 2026 04:40:08 [INFO] [MSVP] [1375066] msprof_common.py: Analysis data in "/home/data4t2/lelinfeng/server_runs/W4-R05/gamma-view-20261008/results/requal-20261009T0430Z/local-profile/PROF_000001_20261009044004566_LRJNALIMKFPARDBC/host" finished.
Fri 09 Oct 2026 04:40:08 [INFO] [MSVP] [1375066] msprof_common.py: Start analyzing data in "/home/data4t2/lelinfeng/server_runs/W4-R05/gamma-view-20261008/results/requal-20261009T0430Z/local-profile/PROF_000001_20261009044004566_LRJNALIMKFPARDBC/device_2" ...
Fri 09 Oct 2026 04:40:08 [INFO] [MSVP] [1375066] msprof_common.py: It may take few minutes, please be patient ...
Fri 09 Oct 2026 04:40:09 [INFO] [MSVP] [1375066] msprof_common.py: Analysis data in "/home/data4t2/lelinfeng/server_runs/W4-R05/gamma-view-20261008/results/requal-20261009T0430Z/local-profile/PROF_000001_20261009044004566_LRJNALIMKFPARDBC/device_2" finished.
Fri 09 Oct 2026 04:40:09 [INFO] [MSVP] [1375066] msprof_export.py: All collected data will be exported, path is: /home/data4t2/lelinfeng/server_runs/W4-R05/gamma-view-20261008/results/requal-20261009T0430Z/local-profile/PROF_000001_20261009044004566_LRJNALIMKFPARDBC/device_2.
Fri 09 Oct 2026 04:40:09 [INFO] [MSVP] [1375066] msprof_export.py: There is no timeline data to export for "/home/data4t2/lelinfeng/server_runs/W4-R05/gamma-view-20261008/results/requal-20261009T0430Z/local-profile/PROF_000001_20261009044004566_LRJNALIMKFPARDBC/host"
Fri 09 Oct 2026 04:40:10 [INFO] [MSVP] [1375536] msprof_export.py: The data in "/home/data4t2/lelinfeng/server_runs/W4-R05/gamma-view-20261008/results/requal-20261009T0430Z/local-profile/PROF_000001_20261009044004566_LRJNALIMKFPARDBC/host" has been analyzed. Parsing phase will be skipped.
Fri 09 Oct 2026 04:40:10 [INFO] [MSVP] [1375536] msprof_export.py: The data in "/home/data4t2/lelinfeng/server_runs/W4-R05/gamma-view-20261008/results/requal-20261009T0430Z/local-profile/PROF_000001_20261009044004566_LRJNALIMKFPARDBC/device_2" has been analyzed. Parsing phase will be skipped.
Fri 09 Oct 2026 04:40:10 [INFO] [MSVP] [1375536] msprof_export.py: All collected data will be exported, path is: /home/data4t2/lelinfeng/server_runs/W4-R05/gamma-view-20261008/results/requal-20261009T0430Z/local-profile/PROF_000001_20261009044004566_LRJNALIMKFPARDBC/device_2.
Fri 09 Oct 2026 04:40:10 [INFO] [MSVP] [1375536] msprof_export.py: There is no summary data to export for "/home/data4t2/lelinfeng/server_runs/W4-R05/gamma-view-20261008/results/requal-20261009T0430Z/local-profile/PROF_000001_20261009044004566_LRJNALIMKFPARDBC/host"
Fri 09 Oct 2026 04:40:10 [INFO] [MSVP] [1375536] msprof_export.py: All collected data will be exported, path is: /home/data4t2/lelinfeng/server_runs/W4-R05/gamma-view-20261008/results/requal-20261009T0430Z/local-profile/PROF_000001_20261009044004566_LRJNALIMKFPARDBC/device_2.
Fri 09 Oct 2026 04:40:11 [INFO] [MSVP] [1375536] msprof_export.py: There is no summary data to export for "/home/data4t2/lelinfeng/server_runs/W4-R05/gamma-view-20261008/results/requal-20261009T0430Z/local-profile/PROF_000001_20261009044004566_LRJNALIMKFPARDBC/device_2"
Fri 09 Oct 2026 04:40:11 [INFO] [MSVP] [1375536] msprof_common.py: Start exporting summary output_file.
Fri 09 Oct 2026 04:40:11 [INFO] [MSVP] [1375536] msprof_common.py: End exporting summary output_file.The file is stored in the /home/data4t2/lelinfeng/server_runs/W4-R05/gamma-view-20261008/results/requal-20261009T0430Z/local-profile/PROF_000001_20261009044004566_LRJNALIMKFPARDBC/mindstudio_profiler_output path.
[INFO] Export all data in PROF_000001_20261009044004566_LRJNALIMKFPARDBC done.
[INFO] Start query data in PROF_000001_20261009044004566_LRJNALIMKFPARDBC.
Job Info	Device ID	Dir Name	Collection Time           	Model ID	Iteration Number	Top Time Iteration	Rank ID	

NA      	         	host    	2026-10-09 04:40:04.570027	N/A     	N/A             	N/A               	-1     	

NA      	2        	device_2	2026-10-09 04:40:05.045631	N/A     	N/A             	N/A               	-1     	

[INFO] Query all data in PROF_000001_20261009044004566_LRJNALIMKFPARDBC done.
[INFO] Profiling finished.
[INFO] Process profiling data complete. Data is saved in /home/data4t2/lelinfeng/server_runs/W4-R05/gamma-view-20261008/results/requal-20261009T0430Z/local-profile/PROF_000001_20261009044004566_LRJNALIMKFPARDBC
