[INFO] Start profiling...
RUN mode=parent device=2 cores=40 warmup_total=60 blocks=2 pairs=31 one_output_address=YES candidate_library_resident=YES raw_in_memory=YES
RESOURCE phase=before_reference free_hbm_mib=60693.359375 total_hbm_mib=62420.000000
CORRECTNESS case=on-16x2048 side=P reference=CPU_FP64 elements=32768 failures=0 max_abs=6.4683835532264311e-07 result=PASS
CORRECTNESS case=on-16x2056 side=P reference=CPU_FP64 elements=32896 failures=0 max_abs=6.8299999789189769e-07 result=PASS
CORRECTNESS case=off-1x64 side=P reference=CPU_FP64 elements=64 failures=0 max_abs=1.9249022242817659e-07 result=PASS
CORRECTNESS case=lower-16x129 side=P reference=CPU_FP64 elements=2064 failures=0 max_abs=3.7452134460380648e-07 result=PASS
CORRECTNESS case=upper-16x4096 side=P reference=CPU_FP64 elements=65536 failures=0 max_abs=7.0672450291908717e-07 result=PASS
CORRECTNESS case=resident-80x2056 side=P reference=CPU_FP64 elements=164480 failures=0 max_abs=7.2911460735625155e-07 result=PASS
RESOURCE phase=before_local free_hbm_mib=60693.050781 total_hbm_mib=62420.000000
TIMING case=on-16x2048 rows=16 width=2048 blocks=16 guard=ON
TIMING case=on-16x2056 rows=16 width=2056 blocks=16 guard=ON
TIMING case=off-1x64 rows=1 width=64 blocks=1 guard=OFF
RESOURCE phase=after_local free_hbm_mib=60693.050781 total_hbm_mib=62420.000000
RUN_COMPLETE result=0 calls=558 samples=372 RUNNING_DEVICE_OPERATION=NONE
[INFO] Start export data in PROF_000001_20261009043849468_NBNECAQDFEDFACNB.
Fri 09 Oct 2026 04:38:54 [INFO] [MSVP] [1362230] msprof_common.py: Start analyzing data in "/home/data4t2/lelinfeng/server_runs/W4-R05/gamma-view-20261008/results/requal-20261009T0430Z/parent-profile/PROF_000001_20261009043849468_NBNECAQDFEDFACNB/host" ...
Fri 09 Oct 2026 04:38:54 [INFO] [MSVP] [1362230] msprof_common.py: It may take few minutes, please be patient ...
Fri 09 Oct 2026 04:38:54 [INFO] [MSVP] [1362230] msprof_common.py: Analysis data in "/home/data4t2/lelinfeng/server_runs/W4-R05/gamma-view-20261008/results/requal-20261009T0430Z/parent-profile/PROF_000001_20261009043849468_NBNECAQDFEDFACNB/host" finished.
Fri 09 Oct 2026 04:38:54 [INFO] [MSVP] [1362230] msprof_common.py: Start analyzing data in "/home/data4t2/lelinfeng/server_runs/W4-R05/gamma-view-20261008/results/requal-20261009T0430Z/parent-profile/PROF_000001_20261009043849468_NBNECAQDFEDFACNB/device_2" ...
Fri 09 Oct 2026 04:38:54 [INFO] [MSVP] [1362230] msprof_common.py: It may take few minutes, please be patient ...
Fri 09 Oct 2026 04:38:55 [INFO] [MSVP] [1362230] msprof_common.py: Analysis data in "/home/data4t2/lelinfeng/server_runs/W4-R05/gamma-view-20261008/results/requal-20261009T0430Z/parent-profile/PROF_000001_20261009043849468_NBNECAQDFEDFACNB/device_2" finished.
Fri 09 Oct 2026 04:38:55 [INFO] [MSVP] [1362230] msprof_export.py: All collected data will be exported, path is: /home/data4t2/lelinfeng/server_runs/W4-R05/gamma-view-20261008/results/requal-20261009T0430Z/parent-profile/PROF_000001_20261009043849468_NBNECAQDFEDFACNB/device_2.
Fri 09 Oct 2026 04:38:55 [INFO] [MSVP] [1362230] msprof_export.py: There is no timeline data to export for "/home/data4t2/lelinfeng/server_runs/W4-R05/gamma-view-20261008/results/requal-20261009T0430Z/parent-profile/PROF_000001_20261009043849468_NBNECAQDFEDFACNB/host"
Fri 09 Oct 2026 04:38:56 [INFO] [MSVP] [1362573] msprof_export.py: The data in "/home/data4t2/lelinfeng/server_runs/W4-R05/gamma-view-20261008/results/requal-20261009T0430Z/parent-profile/PROF_000001_20261009043849468_NBNECAQDFEDFACNB/host" has been analyzed. Parsing phase will be skipped.
Fri 09 Oct 2026 04:38:56 [INFO] [MSVP] [1362573] msprof_export.py: The data in "/home/data4t2/lelinfeng/server_runs/W4-R05/gamma-view-20261008/results/requal-20261009T0430Z/parent-profile/PROF_000001_20261009043849468_NBNECAQDFEDFACNB/device_2" has been analyzed. Parsing phase will be skipped.
Fri 09 Oct 2026 04:38:56 [INFO] [MSVP] [1362573] msprof_export.py: All collected data will be exported, path is: /home/data4t2/lelinfeng/server_runs/W4-R05/gamma-view-20261008/results/requal-20261009T0430Z/parent-profile/PROF_000001_20261009043849468_NBNECAQDFEDFACNB/device_2.
Fri 09 Oct 2026 04:38:56 [INFO] [MSVP] [1362573] msprof_export.py: There is no summary data to export for "/home/data4t2/lelinfeng/server_runs/W4-R05/gamma-view-20261008/results/requal-20261009T0430Z/parent-profile/PROF_000001_20261009043849468_NBNECAQDFEDFACNB/host"
Fri 09 Oct 2026 04:38:57 [INFO] [MSVP] [1362573] msprof_export.py: All collected data will be exported, path is: /home/data4t2/lelinfeng/server_runs/W4-R05/gamma-view-20261008/results/requal-20261009T0430Z/parent-profile/PROF_000001_20261009043849468_NBNECAQDFEDFACNB/device_2.
Fri 09 Oct 2026 04:38:57 [INFO] [MSVP] [1362573] msprof_export.py: There is no summary data to export for "/home/data4t2/lelinfeng/server_runs/W4-R05/gamma-view-20261008/results/requal-20261009T0430Z/parent-profile/PROF_000001_20261009043849468_NBNECAQDFEDFACNB/device_2"
Fri 09 Oct 2026 04:38:57 [INFO] [MSVP] [1362573] msprof_common.py: Start exporting summary output_file.
Fri 09 Oct 2026 04:38:57 [INFO] [MSVP] [1362573] msprof_common.py: End exporting summary output_file.The file is stored in the /home/data4t2/lelinfeng/server_runs/W4-R05/gamma-view-20261008/results/requal-20261009T0430Z/parent-profile/PROF_000001_20261009043849468_NBNECAQDFEDFACNB/mindstudio_profiler_output path.
[INFO] Export all data in PROF_000001_20261009043849468_NBNECAQDFEDFACNB done.
[INFO] Start query data in PROF_000001_20261009043849468_NBNECAQDFEDFACNB.
Job Info	Device ID	Dir Name	Collection Time           	Model ID	Iteration Number	Top Time Iteration	Rank ID	

NA      	         	host    	2026-10-09 04:38:49.472548	N/A     	N/A             	N/A               	-1     	

NA      	2        	device_2	2026-10-09 04:38:49.909318	N/A     	N/A             	N/A               	-1     	

[INFO] Query all data in PROF_000001_20261009043849468_NBNECAQDFEDFACNB done.
[INFO] Profiling finished.
[INFO] Process profiling data complete. Data is saved in /home/data4t2/lelinfeng/server_runs/W4-R05/gamma-view-20261008/results/requal-20261009T0430Z/parent-profile/PROF_000001_20261009043849468_NBNECAQDFEDFACNB
