
=== COMPILEFIX-B R004 ===
a8c864bf5ce2b6834137a464e6e921e1362481da65691cbd5bfeccf5a0b800b5  kernel.asc
-- System processer: aarch64
-- CMAKE_ASC_COMPILER: /home/data4t2/lelinfeng/cann_game/.toolchains/cann-9.0/cann-9.0.0/bin/bisheng
-- ASCEND_CANN_PACKAGE_LINUX_PATH: /home/data4t2/lelinfeng/cann_game/.toolchains/cann-9.0/cann-9.0.0/aarch64-linux
-- CMAKE_ASC_LLD_LINKER: /home/data4t2/lelinfeng/cann_game/.toolchains/cann-9.0/cann-9.0.0/aarch64-linux/ccec_compiler/bin/ld.lld
-- The CXX compiler identification is GNU 11.4.0
-- Detecting CXX compiler ABI info
-- Detecting CXX compiler ABI info - done
-- Check for working CXX compiler: /usr/bin/c++ - skipped
-- Detecting CXX compile features
-- Detecting CXX compile features - done
-- Configuring done
-- Generating done
-- Build files have been written to: /home/data4t2/lelinfeng/cann/实验/FAST-BREADTH/lane-a/R004/V001/build-fix-b
CMAKE_STATUS=0
[ 50%] Building ASC object CMakeFiles/add_rms_norm_bias_custom.dir/main.asc.o
In file included from /home/data4t2/lelinfeng/cann/实验/FAST-BREADTH/lane-a/R004/V001/main.asc:35:
In file included from /home/data4t2/lelinfeng/cann/实验/FAST-BREADTH/lane-a/R004/V001/kernel.asc:3:
In file included from /home/data4t2/lelinfeng/cann_game/.toolchains/cann-9.0/cann-9.0.0/aarch64-linux/tikcpp/tikcfw/kernel_operator.h:22:
In file included from /home/data4t2/lelinfeng/cann_game/.toolchains/cann-9.0/cann-9.0.0/aarch64-linux/tikcpp/tikcfw/interface/kernel_tpipe.h:27:
In file included from /home/data4t2/lelinfeng/cann_game/.toolchains/cann-9.0/cann-9.0.0/aarch64-linux/tikcpp/tikcfw/interface/kernel_tensor.h:300:
In file included from /home/data4t2/lelinfeng/cann_game/.toolchains/cann-9.0/cann-9.0.0/aarch64-linux/tikcpp/tikcfw/interface/../../impl/basic_api/kernel_tensor_impl.h:27:
In file included from /home/data4t2/lelinfeng/cann_game/.toolchains/cann-9.0/cann-9.0.0/aarch64-linux/asc/impl/basic_api/kernel_operator_symbol_override_impl.h:34:
/home/data4t2/lelinfeng/cann_game/.toolchains/cann-9.0/cann-9.0.0/aarch64-linux/asc/impl/basic_api/dav_c220/kernel_operator_vec_binary_impl.h:70:14: error: the 1st parameter maybe need a type '__ubuf__ half *'
        vadd(dst, src0, src1, 1, DEFAULT_BLK_STRIDE, DEFAULT_BLK_STRIDE, DEFAULT_BLK_STRIDE,
             ^
/home/data4t2/lelinfeng/cann_game/.toolchains/cann-9.0/cann-9.0.0/aarch64-linux/asc/impl/basic_api/dav_c220/kernel_operator_vec_binary_impl.h:171:14: error: the 1st parameter maybe need a type '__ubuf__ half *'
        vmul(dst, src0, src1, 1, DEFAULT_BLK_STRIDE, DEFAULT_BLK_STRIDE, DEFAULT_BLK_STRIDE,
             ^
In file included from /home/data4t2/lelinfeng/cann/实验/FAST-BREADTH/lane-a/R004/V001/main.asc:35:
In file included from /home/data4t2/lelinfeng/cann/实验/FAST-BREADTH/lane-a/R004/V001/kernel.asc:3:
In file included from /home/data4t2/lelinfeng/cann_game/.toolchains/cann-9.0/cann-9.0.0/aarch64-linux/tikcpp/tikcfw/kernel_operator.h:25:
In file included from /home/data4t2/lelinfeng/cann_game/.toolchains/cann-9.0/cann-9.0.0/aarch64-linux/tikcpp/tikcfw/interface/kernel_operator_intf.h:42:
In file included from /home/data4t2/lelinfeng/cann_game/.toolchains/cann-9.0/cann-9.0.0/aarch64-linux/tikcpp/tikcfw/interface/kernel_operator_vec_reduce_intf.h:327:
In file included from /home/data4t2/lelinfeng/cann_game/.toolchains/cann-9.0/cann-9.0.0/aarch64-linux/tikcpp/tikcfw/interface/../../impl/basic_api/kernel_operator_vec_reduce_intf_impl.h:30:
/home/data4t2/lelinfeng/cann_game/.toolchains/cann-9.0/cann-9.0.0/aarch64-linux/asc/impl/basic_api/dav_c220/kernel_operator_vec_reduce_impl.h:160:15: error: the 1st parameter maybe need a type '__ubuf__ half *'
        vcadd(dst, src, 1, DEFAULT_REDUCE_DST_REP_STRIDE, DEFAULT_BLK_STRIDE, DEFAULT_REPEAT_STRIDE, 1);
              ^
3 errors generated.
gmake[2]: *** [CMakeFiles/add_rms_norm_bias_custom.dir/build.make:76: CMakeFiles/add_rms_norm_bias_custom.dir/main.asc.o] Error 1
gmake[1]: *** [CMakeFiles/Makefile2:83: CMakeFiles/add_rms_norm_bias_custom.dir/all] Error 2
gmake: *** [Makefile:91: all] Error 2
BUILD_STATUS=2
