hwnput3
lelinfeng
2026-09-19T07:56:39+00:00
Filesystem      Size  Used Avail Use% Mounted on
/dev/nvme1n1p1  3.5T  3.2T   82G  98% /home/data4t2
48K	/home/data4t2/lelinfeng/cann/AGENTS.md
4.0K	/home/data4t2/lelinfeng/cann/README.md
56M	/home/data4t2/lelinfeng/cann/fast
20K	/home/data4t2/lelinfeng/cann/scripts
724K	/home/data4t2/lelinfeng/cann/临时
130M	/home/data4t2/lelinfeng/cann/实验
396K	/home/data4t2/lelinfeng/cann/提交
72K	/home/data4t2/lelinfeng/cann/文档
300K	/home/data4t2/lelinfeng/cann/源码
196K	/home/data4t2/lelinfeng/cann/管理
64K	/home/data4t2/lelinfeng/cann/缓存
3.0M	/home/data4t2/lelinfeng/cann/调研
/home/data4t2/lelinfeng/cann_game/.toolchains/cann-9.0/cann-9.0.0/bin/bisheng
/home/data4t2/lelinfeng/cann_game/.toolchains/cann-9.0/cann-9.0.0/bin/ccec
+------------------------------------------------------------------------------------------------+
| npu-smi 25.0.rc1.1               Version: 25.0.rc1.1                                           |
+---------------------------+---------------+----------------------------------------------------+
| NPU   Name                | Health        | Power(W)    Temp(C)           Hugepages-Usage(page)|
| Chip                      | Bus-Id        | AICore(%)   Memory-Usage(MB)  HBM-Usage(MB)        |
+===========================+===============+====================================================+
| 0     910B3               | OK            | 151.5       36                0    / 0             |
| 0                         | 0000:C1:00.0  | 35          0    / 0          60259/ 65536         |
+===========================+===============+====================================================+
| 1     910B3               | OK            | 145.0       35                0    / 0             |
| 0                         | 0000:C2:00.0  | 35          0    / 0          60316/ 65536         |
+===========================+===============+====================================================+
| 2     910B3               | OK            | 141.6       38                0    / 0             |
| 0                         | 0000:81:00.0  | 35          0    / 0          60258/ 65536         |
+===========================+===============+====================================================+
| 3     910B3               | OK            | 149.2       37                0    / 0             |
| 0                         | 0000:82:00.0  | 35          0    / 0          60261/ 65536         |
+===========================+===============+====================================================+
| 4     910B3               | OK            | 199.0       56                0    / 0             |
| 0                         | 0000:01:00.0  | 65          0    / 0          59180/ 65536         |
+===========================+===============+====================================================+
| 5     910B3               | OK            | 90.7        30                0    / 0             |
| 0                         | 0000:02:00.0  | 0           0    / 0          60198/ 65536         |
+===========================+===============+====================================================+
| 6     910B3               | OK            | 90.6        33                0    / 0             |
| 0                         | 0000:41:00.0  | 0           0    / 0          60193/ 65536         |
+===========================+===============+====================================================+
| 7     910B3               | OK            | 120.0       34                0    / 0             |
| 0                         | 0000:42:00.0  | 13          0    / 0          65533/ 65536         |
+===========================+===============+====================================================+
+---------------------------+---------------+----------------------------------------------------+
| NPU     Chip              | Process id    | Process name             | Process memory(MB)      |
+===========================+===============+====================================================+
| 0       0                 | 3152124       | VLLMWorker_TP            | 56744                   |
+===========================+===============+====================================================+
| 1       0                 | 3154641       | VLLMWorker_TP            | 56744                   |
+===========================+===============+====================================================+
| 2       0                 | 3157283       | VLLMWorker_TP            | 56745                   |
+===========================+===============+====================================================+
| 3       0                 | 3159860       | VLLMWorker_TP            | 56745                   |
+===========================+===============+====================================================+
| 4       0                 | 2999855       | VLLMEngineCor            | 55664                   |
+===========================+===============+====================================================+
| 5       0                 | 1317804       | VLLMWorker_TP            | 56678                   |
+===========================+===============+====================================================+
| 6       0                 | 1320273       | VLLMWorker_TP            | 56679                   |
+===========================+===============+====================================================+
| 7       0                 | 3458196       | python                   | 61834                   |
+===========================+===============+====================================================+
               total        used        free      shared  buff/cache   available
Mem:           1.0Ti       128Gi       117Gi        50Gi       759Gi       821Gi
Swap:          8.0Gi       7.9Gi       104Mi
 07:56:41 up 223 days, 19:32, 38 users,  load average: 31.79, 30.48, 29.80
