CASE_BEGIN name=fp16-tail-d12288 dtype=fp16 rows=2 width=12288 device=4 warmup_each=45 pairs=21 samples_per_binary=21
SAMPLE case=fp16-tail-d12288 pair=01 order=P,C parent_device_us=7.140 candidate_device_us=6.060 parent_wall_us=210.484 candidate_wall_us=96.592 paired_device_delta_us=-1.080
SAMPLE case=fp16-tail-d12288 pair=02 order=C,P parent_device_us=195.500 candidate_device_us=20.400 parent_wall_us=250.674 candidate_wall_us=94.591 paired_device_delta_us=-175.100
SAMPLE case=fp16-tail-d12288 pair=03 order=P,C parent_device_us=5.720 candidate_device_us=5.540 parent_wall_us=79.012 candidate_wall_us=208.964 paired_device_delta_us=-0.180
SAMPLE case=fp16-tail-d12288 pair=04 order=C,P parent_device_us=8.200 candidate_device_us=7.300 parent_wall_us=201.944 candidate_wall_us=244.074 paired_device_delta_us=-0.900
SAMPLE case=fp16-tail-d12288 pair=05 order=P,C parent_device_us=67.780 candidate_device_us=18.560 parent_wall_us=129.082 candidate_wall_us=74.051 paired_device_delta_us=-49.220
SAMPLE case=fp16-tail-d12288 pair=06 order=C,P parent_device_us=7.640 candidate_device_us=7.300 parent_wall_us=224.964 candidate_wall_us=161.383 paired_device_delta_us=-0.340
SAMPLE case=fp16-tail-d12288 pair=07 order=P,C parent_device_us=6.140 candidate_device_us=5.940 parent_wall_us=78.272 candidate_wall_us=155.383 paired_device_delta_us=-0.200
SAMPLE case=fp16-tail-d12288 pair=08 order=C,P parent_device_us=7.200 candidate_device_us=7.260 parent_wall_us=79.871 candidate_wall_us=161.123 paired_device_delta_us=0.060
SAMPLE case=fp16-tail-d12288 pair=09 order=P,C parent_device_us=5.380 candidate_device_us=6.340 parent_wall_us=163.322 candidate_wall_us=221.594 paired_device_delta_us=0.960
SAMPLE case=fp16-tail-d12288 pair=10 order=C,P parent_device_us=7.840 candidate_device_us=6.680 parent_wall_us=242.534 candidate_wall_us=153.593 paired_device_delta_us=-1.160
SAMPLE case=fp16-tail-d12288 pair=11 order=P,C parent_device_us=6.120 candidate_device_us=5.660 parent_wall_us=81.532 candidate_wall_us=155.093 paired_device_delta_us=-0.460
SAMPLE case=fp16-tail-d12288 pair=12 order=C,P parent_device_us=6.240 candidate_device_us=5.800 parent_wall_us=77.621 candidate_wall_us=160.013 paired_device_delta_us=-0.440
SAMPLE case=fp16-tail-d12288 pair=13 order=P,C parent_device_us=6.320 candidate_device_us=6.000 parent_wall_us=161.083 candidate_wall_us=215.434 paired_device_delta_us=-0.320
SAMPLE case=fp16-tail-d12288 pair=14 order=C,P parent_device_us=5.900 candidate_device_us=5.820 parent_wall_us=92.502 candidate_wall_us=79.151 paired_device_delta_us=-0.080
SAMPLE case=fp16-tail-d12288 pair=15 order=P,C parent_device_us=6.300 candidate_device_us=5.420 parent_wall_us=74.231 candidate_wall_us=150.653 paired_device_delta_us=-0.880
SAMPLE case=fp16-tail-d12288 pair=16 order=C,P parent_device_us=6.080 candidate_device_us=5.820 parent_wall_us=190.063 candidate_wall_us=187.624 paired_device_delta_us=-0.260
SAMPLE case=fp16-tail-d12288 pair=17 order=P,C parent_device_us=6.300 candidate_device_us=6.080 parent_wall_us=198.974 candidate_wall_us=195.414 paired_device_delta_us=-0.220
SAMPLE case=fp16-tail-d12288 pair=18 order=C,P parent_device_us=5.660 candidate_device_us=6.400 parent_wall_us=160.303 candidate_wall_us=78.471 paired_device_delta_us=0.740
SAMPLE case=fp16-tail-d12288 pair=19 order=P,C parent_device_us=6.140 candidate_device_us=5.900 parent_wall_us=154.233 candidate_wall_us=204.634 paired_device_delta_us=-0.240
SAMPLE case=fp16-tail-d12288 pair=20 order=C,P parent_device_us=5.600 candidate_device_us=148.820 parent_wall_us=231.594 candidate_wall_us=206.574 paired_device_delta_us=143.220
SAMPLE case=fp16-tail-d12288 pair=21 order=P,C parent_device_us=5.980 candidate_device_us=5.600 parent_wall_us=177.334 candidate_wall_us=233.244 paired_device_delta_us=-0.380
PAIR_BLOCK case=fp16-tail-d12288 block=1 pairs=21 parent_median_us=6.240 candidate_median_us=6.060 paired_delta_median_us=-0.320
CORRECTNESS case=fp16-tail-d12288 binary=V011 result=PASS failures=0 max_abs=0.0009765625 max_rel=0.0015923567
CORRECTNESS case=fp16-tail-d12288 binary=V016 result=PASS failures=0 max_abs=0.0009765625 max_rel=0.0015923567
SUMMARY case=fp16-tail-d12288 metric=device_us binary=V011 n=21 median=6.240 mean=18.342 stdev=42.745 cv=2.33047 min=5.380 max=195.500 max_min=36.338 mad=0.520 p10=5.660 p90=8.200 spread=190.120 core_cv=0.07959
SUMMARY case=fp16-tail-d12288 metric=device_us binary=V016 n=21 median=6.060 mean=14.224 stdev=31.104 cv=2.18675 min=5.420 max=148.820 max_min=27.458 mad=0.400 p10=5.600 p90=18.560 spread=143.400 core_cv=0.07757
SUMMARY case=fp16-tail-d12288 metric=wall_us binary=V011 n=21 median=161.083 mean=155.220 stdev=61.825 cv=0.39831 min=74.231 max=250.674 max_min=3.377 mad=63.881 p10=78.272 p90=231.594 spread=176.443 core_cv=0.11729
SUMMARY case=fp16-tail-d12288 metric=wall_us binary=V016 n=21 median=161.123 mean=163.698 stdev=53.214 cv=0.32508 min=74.051 max=244.074 max_min=3.296 mad=45.451 p10=79.151 p90=221.594 spread=170.023 core_cv=0.07204
SUMMARY case=fp16-tail-d12288 metric=paired_device_delta_us binary=V016_minus_V011 n=21 median=-0.320 mean=-4.118 stdev=51.597 cv=-12.52934 min=-175.100 max=143.220 max_min=-0.818 mad=0.240 p10=-1.160 p90=0.740 spread=318.320 core_cv=0.00000
CASE_END name=fp16-tail-d12288 correctness=PASS
CASE_BEGIN name=fp16-wide-d32768 dtype=fp16 rows=2 width=32768 device=4 warmup_each=45 pairs=21 samples_per_binary=21
SAMPLE case=fp16-wide-d32768 pair=01 order=P,C parent_device_us=10.520 candidate_device_us=10.020 parent_wall_us=88.492 candidate_wall_us=101.232 paired_device_delta_us=-0.500
SAMPLE case=fp16-wide-d32768 pair=02 order=C,P parent_device_us=17.420 candidate_device_us=11.660 parent_wall_us=78.532 candidate_wall_us=79.071 paired_device_delta_us=-5.760
SAMPLE case=fp16-wide-d32768 pair=03 order=P,C parent_device_us=10.260 candidate_device_us=17.060 parent_wall_us=249.255 candidate_wall_us=80.991 paired_device_delta_us=6.800
SAMPLE case=fp16-wide-d32768 pair=04 order=C,P parent_device_us=11.400 candidate_device_us=11.380 parent_wall_us=251.834 candidate_wall_us=223.404 paired_device_delta_us=-0.020
SAMPLE case=fp16-wide-d32768 pair=05 order=P,C parent_device_us=9.680 candidate_device_us=8.960 parent_wall_us=142.133 candidate_wall_us=184.153 paired_device_delta_us=-0.720
SAMPLE case=fp16-wide-d32768 pair=06 order=C,P parent_device_us=12.940 candidate_device_us=10.920 parent_wall_us=208.594 candidate_wall_us=181.663 paired_device_delta_us=-2.020
SAMPLE case=fp16-wide-d32768 pair=07 order=P,C parent_device_us=9.920 candidate_device_us=8.940 parent_wall_us=231.684 candidate_wall_us=211.374 paired_device_delta_us=-0.980
SAMPLE case=fp16-wide-d32768 pair=08 order=C,P parent_device_us=105.800 candidate_device_us=11.140 parent_wall_us=162.313 candidate_wall_us=215.314 paired_device_delta_us=-94.660
SAMPLE case=fp16-wide-d32768 pair=09 order=P,C parent_device_us=9.720 candidate_device_us=9.760 parent_wall_us=101.922 candidate_wall_us=177.184 paired_device_delta_us=0.040
SAMPLE case=fp16-wide-d32768 pair=10 order=C,P parent_device_us=11.740 candidate_device_us=11.180 parent_wall_us=214.564 candidate_wall_us=228.454 paired_device_delta_us=-0.560
SAMPLE case=fp16-wide-d32768 pair=11 order=P,C parent_device_us=10.140 candidate_device_us=9.400 parent_wall_us=147.423 candidate_wall_us=201.923 paired_device_delta_us=-0.740
SAMPLE case=fp16-wide-d32768 pair=12 order=C,P parent_device_us=9.780 candidate_device_us=9.060 parent_wall_us=218.584 candidate_wall_us=194.763 paired_device_delta_us=-0.720
SAMPLE case=fp16-wide-d32768 pair=13 order=P,C parent_device_us=10.100 candidate_device_us=137.420 parent_wall_us=215.904 candidate_wall_us=185.554 paired_device_delta_us=127.320
SAMPLE case=fp16-wide-d32768 pair=14 order=C,P parent_device_us=9.780 candidate_device_us=9.680 parent_wall_us=131.252 candidate_wall_us=81.741 paired_device_delta_us=-0.100
SAMPLE case=fp16-wide-d32768 pair=15 order=P,C parent_device_us=159.320 candidate_device_us=9.020 parent_wall_us=205.964 candidate_wall_us=75.621 paired_device_delta_us=-150.300
SAMPLE case=fp16-wide-d32768 pair=16 order=C,P parent_device_us=10.100 candidate_device_us=9.300 parent_wall_us=189.513 candidate_wall_us=165.103 paired_device_delta_us=-0.800
SAMPLE case=fp16-wide-d32768 pair=17 order=P,C parent_device_us=10.040 candidate_device_us=9.000 parent_wall_us=141.452 candidate_wall_us=190.933 paired_device_delta_us=-1.040
SAMPLE case=fp16-wide-d32768 pair=18 order=C,P parent_device_us=10.260 candidate_device_us=9.700 parent_wall_us=194.693 candidate_wall_us=187.044 paired_device_delta_us=-0.560
SAMPLE case=fp16-wide-d32768 pair=19 order=P,C parent_device_us=10.080 candidate_device_us=9.460 parent_wall_us=192.334 candidate_wall_us=202.454 paired_device_delta_us=-0.620
SAMPLE case=fp16-wide-d32768 pair=20 order=C,P parent_device_us=10.260 candidate_device_us=9.800 parent_wall_us=192.493 candidate_wall_us=208.354 paired_device_delta_us=-0.460
SAMPLE case=fp16-wide-d32768 pair=21 order=P,C parent_device_us=10.220 candidate_device_us=9.360 parent_wall_us=192.734 candidate_wall_us=195.083 paired_device_delta_us=-0.860
PAIR_BLOCK case=fp16-wide-d32768 block=1 pairs=21 parent_median_us=10.220 candidate_median_us=9.700 paired_delta_median_us=-0.720
CORRECTNESS case=fp16-wide-d32768 binary=V011 result=PASS failures=0 max_abs=0.001953125 max_rel=0.010989011
CORRECTNESS case=fp16-wide-d32768 binary=V016 result=PASS failures=0 max_abs=0.001953125 max_rel=0.010989011
SUMMARY case=fp16-wide-d32768 metric=device_us binary=V011 n=21 median=10.220 mean=22.356 stdev=37.641 cv=1.68371 min=9.680 max=159.320 max_min=16.459 mad=0.300 p10=9.780 p90=17.420 spread=149.640 core_cv=0.05407
SUMMARY case=fp16-wide-d32768 metric=device_us binary=V016 n=21 median=9.700 mean=16.296 stdev=27.810 cv=1.70656 min=8.940 max=137.420 max_min=15.371 mad=0.680 p10=9.000 p90=11.660 spread=128.480 core_cv=0.08401
SUMMARY case=fp16-wide-d32768 metric=wall_us binary=V011 n=21 median=192.493 mean=178.651 stdev=50.133 cv=0.28062 min=78.532 max=251.834 max_min=3.207 mad=30.180 p10=101.922 p90=231.684 spread=173.302 core_cv=0.08158
SUMMARY case=fp16-wide-d32768 metric=wall_us binary=V016 n=21 median=187.044 mean=170.067 stdev=51.874 cv=0.30502 min=75.621 max=228.454 max_min=3.021 mad=21.310 p10=80.991 p90=215.314 spread=152.833 core_cv=0.08047
SUMMARY case=fp16-wide-d32768 metric=paired_device_delta_us binary=V016_minus_V011 n=21 median=-0.720 mean=-6.060 stdev=48.518 cv=-8.00626 min=-150.300 max=127.320 max_min=-0.847 mad=0.260 p10=-5.760 p90=0.040 spread=277.620 core_cv=0.00000
CASE_END name=fp16-wide-d32768 correctness=PASS
CASE_BEGIN name=bf16-tail-d12288 dtype=bf16 rows=2 width=12288 device=4 warmup_each=45 pairs=21 samples_per_binary=21
SAMPLE case=bf16-tail-d12288 pair=01 order=P,C parent_device_us=6.840 candidate_device_us=6.580 parent_wall_us=158.133 candidate_wall_us=124.592 paired_device_delta_us=-0.260
SAMPLE case=bf16-tail-d12288 pair=02 order=C,P parent_device_us=7.720 candidate_device_us=7.660 parent_wall_us=171.943 candidate_wall_us=127.592 paired_device_delta_us=-0.060
SAMPLE case=bf16-tail-d12288 pair=03 order=P,C parent_device_us=7.040 candidate_device_us=6.060 parent_wall_us=74.782 candidate_wall_us=118.722 paired_device_delta_us=-0.980
SAMPLE case=bf16-tail-d12288 pair=04 order=C,P parent_device_us=6.740 candidate_device_us=7.060 parent_wall_us=164.123 candidate_wall_us=146.403 paired_device_delta_us=0.320
SAMPLE case=bf16-tail-d12288 pair=05 order=P,C parent_device_us=6.500 candidate_device_us=6.540 parent_wall_us=74.041 candidate_wall_us=120.012 paired_device_delta_us=0.040
SAMPLE case=bf16-tail-d12288 pair=06 order=C,P parent_device_us=7.340 candidate_device_us=7.280 parent_wall_us=159.993 candidate_wall_us=171.383 paired_device_delta_us=-0.060
SAMPLE case=bf16-tail-d12288 pair=07 order=P,C parent_device_us=6.580 candidate_device_us=47.380 parent_wall_us=155.783 candidate_wall_us=91.612 paired_device_delta_us=40.800
SAMPLE case=bf16-tail-d12288 pair=08 order=C,P parent_device_us=7.300 candidate_device_us=15.520 parent_wall_us=216.644 candidate_wall_us=68.751 paired_device_delta_us=8.220
SAMPLE case=bf16-tail-d12288 pair=09 order=P,C parent_device_us=7.220 candidate_device_us=6.620 parent_wall_us=228.945 candidate_wall_us=207.253 paired_device_delta_us=-0.600
SAMPLE case=bf16-tail-d12288 pair=10 order=C,P parent_device_us=7.300 candidate_device_us=7.700 parent_wall_us=200.164 candidate_wall_us=191.513 paired_device_delta_us=0.400
SAMPLE case=bf16-tail-d12288 pair=11 order=P,C parent_device_us=6.680 candidate_device_us=6.520 parent_wall_us=236.714 candidate_wall_us=240.034 paired_device_delta_us=-0.160
SAMPLE case=bf16-tail-d12288 pair=12 order=C,P parent_device_us=6.780 candidate_device_us=6.400 parent_wall_us=207.914 candidate_wall_us=202.853 paired_device_delta_us=-0.380
SAMPLE case=bf16-tail-d12288 pair=13 order=P,C parent_device_us=6.680 candidate_device_us=6.340 parent_wall_us=196.124 candidate_wall_us=215.374 paired_device_delta_us=-0.340
SAMPLE case=bf16-tail-d12288 pair=14 order=C,P parent_device_us=7.060 candidate_device_us=6.080 parent_wall_us=149.932 candidate_wall_us=206.664 paired_device_delta_us=-0.980
SAMPLE case=bf16-tail-d12288 pair=15 order=P,C parent_device_us=18.920 candidate_device_us=6.880 parent_wall_us=77.211 candidate_wall_us=117.522 paired_device_delta_us=-12.040
SAMPLE case=bf16-tail-d12288 pair=16 order=C,P parent_device_us=6.840 candidate_device_us=6.480 parent_wall_us=190.383 candidate_wall_us=79.712 paired_device_delta_us=-0.360
SAMPLE case=bf16-tail-d12288 pair=17 order=P,C parent_device_us=6.760 candidate_device_us=6.680 parent_wall_us=200.253 candidate_wall_us=203.934 paired_device_delta_us=-0.080
SAMPLE case=bf16-tail-d12288 pair=18 order=C,P parent_device_us=6.400 candidate_device_us=6.400 parent_wall_us=177.683 candidate_wall_us=207.484 paired_device_delta_us=0.000
SAMPLE case=bf16-tail-d12288 pair=19 order=P,C parent_device_us=6.260 candidate_device_us=6.240 parent_wall_us=267.994 candidate_wall_us=198.574 paired_device_delta_us=-0.020
SAMPLE case=bf16-tail-d12288 pair=20 order=C,P parent_device_us=7.480 candidate_device_us=6.560 parent_wall_us=186.693 candidate_wall_us=252.375 paired_device_delta_us=-0.920
SAMPLE case=bf16-tail-d12288 pair=21 order=P,C parent_device_us=7.760 candidate_device_us=6.680 parent_wall_us=278.885 candidate_wall_us=249.734 paired_device_delta_us=-1.080
PAIR_BLOCK case=bf16-tail-d12288 block=1 pairs=21 parent_median_us=6.840 candidate_median_us=6.580 paired_delta_median_us=-0.160
CORRECTNESS case=bf16-tail-d12288 binary=V011 result=PASS failures=0 max_abs=0.0078125 max_rel=0.0073529412
CORRECTNESS case=bf16-tail-d12288 binary=V016 result=PASS failures=0 max_abs=0.0078125 max_rel=0.0073529412
SUMMARY case=bf16-tail-d12288 metric=device_us binary=V011 n=21 median=6.840 mean=7.533 stdev=2.642 cv=0.35064 min=6.260 max=18.920 max_min=3.022 mad=0.340 p10=6.500 p90=7.720 spread=12.660 core_cv=0.06086
SUMMARY case=bf16-tail-d12288 metric=device_us binary=V016 n=21 median=6.580 mean=9.031 stdev=9.007 cv=0.99726 min=6.060 max=47.380 max_min=7.818 mad=0.240 p10=6.240 p90=7.700 spread=41.320 core_cv=0.06948
SUMMARY case=bf16-tail-d12288 metric=wall_us binary=V011 n=21 median=186.693 mean=179.730 stdev=55.695 cv=0.30988 min=74.041 max=278.885 max_min=3.767 mad=28.560 p10=77.211 p90=236.714 spread=204.844 core_cv=0.11886
SUMMARY case=bf16-tail-d12288 metric=wall_us binary=V016 n=21 median=191.513 mean=168.671 stdev=56.818 cv=0.33686 min=68.751 max=252.375 max_min=3.671 mad=48.521 p10=91.612 p90=240.034 spread=183.624 core_cv=0.06364
SUMMARY case=bf16-tail-d12288 metric=paired_device_delta_us binary=V016_minus_V011 n=21 median=-0.160 mean=1.498 stdev=9.579 cv=6.39403 min=-12.040 max=40.800 max_min=-3.389 mad=0.220 p10=-0.980 p90=0.400 spread=52.840 core_cv=0.00000
CASE_END name=bf16-tail-d12288 correctness=PASS
CASE_BEGIN name=bf16-wide-d32768 dtype=bf16 rows=2 width=32768 device=4 warmup_each=45 pairs=21 samples_per_binary=21
SAMPLE case=bf16-wide-d32768 pair=01 order=P,C parent_device_us=146.320 candidate_device_us=13.900 parent_wall_us=217.484 candidate_wall_us=236.484 paired_device_delta_us=-132.420
SAMPLE case=bf16-wide-d32768 pair=02 order=C,P parent_device_us=14.200 candidate_device_us=14.000 parent_wall_us=274.545 candidate_wall_us=200.814 paired_device_delta_us=-0.200
SAMPLE case=bf16-wide-d32768 pair=03 order=P,C parent_device_us=129.480 candidate_device_us=13.960 parent_wall_us=198.504 candidate_wall_us=224.374 paired_device_delta_us=-115.520
SAMPLE case=bf16-wide-d32768 pair=04 order=C,P parent_device_us=13.460 candidate_device_us=13.840 parent_wall_us=97.012 candidate_wall_us=108.572 paired_device_delta_us=0.380
SAMPLE case=bf16-wide-d32768 pair=05 order=P,C parent_device_us=15.160 candidate_device_us=14.360 parent_wall_us=216.694 candidate_wall_us=228.294 paired_device_delta_us=-0.800
SAMPLE case=bf16-wide-d32768 pair=06 order=C,P parent_device_us=14.380 candidate_device_us=14.340 parent_wall_us=238.764 candidate_wall_us=229.174 paired_device_delta_us=-0.040
SAMPLE case=bf16-wide-d32768 pair=07 order=P,C parent_device_us=14.420 candidate_device_us=13.820 parent_wall_us=245.444 candidate_wall_us=263.384 paired_device_delta_us=-0.600
SAMPLE case=bf16-wide-d32768 pair=08 order=C,P parent_device_us=13.980 candidate_device_us=13.980 parent_wall_us=257.025 candidate_wall_us=247.975 paired_device_delta_us=0.000
SAMPLE case=bf16-wide-d32768 pair=09 order=P,C parent_device_us=14.360 candidate_device_us=14.360 parent_wall_us=251.204 candidate_wall_us=193.974 paired_device_delta_us=0.000
SAMPLE case=bf16-wide-d32768 pair=10 order=C,P parent_device_us=14.560 candidate_device_us=18.780 parent_wall_us=191.643 candidate_wall_us=85.452 paired_device_delta_us=4.220
SAMPLE case=bf16-wide-d32768 pair=11 order=P,C parent_device_us=14.120 candidate_device_us=14.200 parent_wall_us=266.495 candidate_wall_us=253.675 paired_device_delta_us=0.080
SAMPLE case=bf16-wide-d32768 pair=12 order=C,P parent_device_us=14.920 candidate_device_us=14.460 parent_wall_us=150.142 candidate_wall_us=243.624 paired_device_delta_us=-0.460
SAMPLE case=bf16-wide-d32768 pair=13 order=P,C parent_device_us=183.020 candidate_device_us=27.460 parent_wall_us=247.924 candidate_wall_us=86.712 paired_device_delta_us=-155.560
SAMPLE case=bf16-wide-d32768 pair=14 order=C,P parent_device_us=13.940 candidate_device_us=14.000 parent_wall_us=254.855 candidate_wall_us=230.824 paired_device_delta_us=0.060
SAMPLE case=bf16-wide-d32768 pair=15 order=P,C parent_device_us=14.300 candidate_device_us=14.280 parent_wall_us=287.065 candidate_wall_us=250.705 paired_device_delta_us=-0.020
SAMPLE case=bf16-wide-d32768 pair=16 order=C,P parent_device_us=13.720 candidate_device_us=13.820 parent_wall_us=255.074 candidate_wall_us=259.805 paired_device_delta_us=0.100
SAMPLE case=bf16-wide-d32768 pair=17 order=P,C parent_device_us=13.580 candidate_device_us=14.320 parent_wall_us=261.225 candidate_wall_us=260.935 paired_device_delta_us=0.740
SAMPLE case=bf16-wide-d32768 pair=18 order=C,P parent_device_us=13.540 candidate_device_us=14.000 parent_wall_us=260.205 candidate_wall_us=260.185 paired_device_delta_us=0.460
SAMPLE case=bf16-wide-d32768 pair=19 order=P,C parent_device_us=13.800 candidate_device_us=13.700 parent_wall_us=268.015 candidate_wall_us=229.454 paired_device_delta_us=-0.100
SAMPLE case=bf16-wide-d32768 pair=20 order=C,P parent_device_us=14.060 candidate_device_us=13.620 parent_wall_us=210.424 candidate_wall_us=198.784 paired_device_delta_us=-0.440
SAMPLE case=bf16-wide-d32768 pair=21 order=P,C parent_device_us=13.920 candidate_device_us=14.080 parent_wall_us=201.613 candidate_wall_us=212.434 paired_device_delta_us=0.160
PAIR_BLOCK case=bf16-wide-d32768 block=1 pairs=21 parent_median_us=14.200 candidate_median_us=14.000 paired_delta_median_us=-0.020
CORRECTNESS case=bf16-wide-d32768 binary=V011 result=PASS failures=0 max_abs=0.0078125 max_rel=0.01754386
CORRECTNESS case=bf16-wide-d32768 binary=V016 result=PASS failures=0 max_abs=0.0078125 max_rel=0.01754386
SUMMARY case=bf16-wide-d32768 metric=device_us binary=V011 n=21 median=14.200 mean=33.964 stdev=50.520 cv=1.48748 min=13.460 max=183.020 max_min=13.597 mad=0.360 p10=13.580 p90=129.480 spread=169.560 core_cv=0.03250
SUMMARY case=bf16-wide-d32768 metric=device_us binary=V016 n=21 median=14.000 mean=14.918 stdev=3.062 cv=0.20523 min=13.620 max=27.460 max_min=2.016 mad=0.200 p10=13.820 p90=14.460 spread=13.840 core_cv=0.01754
SUMMARY case=bf16-wide-d32768 metric=wall_us binary=V011 n=21 median=247.924 mean=231.017 stdev=45.274 cv=0.19598 min=97.012 max=287.065 max_min=2.959 mad=20.091 p10=191.643 p90=268.015 spread=190.053 core_cv=0.10543
SUMMARY case=bf16-wide-d32768 metric=wall_us binary=V016 n=21 median=229.454 mean=214.554 stdev=54.791 cv=0.25537 min=85.452 max=263.384 max_min=3.082 mad=24.221 p10=108.572 p90=260.185 spread=177.932 core_cv=0.09515
SUMMARY case=bf16-wide-d32768 metric=paired_device_delta_us binary=V016_minus_V011 n=21 median=-0.020 mean=-19.046 stdev=48.724 cv=-2.55829 min=-155.560 max=4.220 max_min=-0.027 mad=0.400 p10=-115.520 p90=0.460 spread=159.780 core_cv=0.00000
CASE_END name=bf16-wide-d32768 correctness=PASS
RUNNER_COMPLETE mode=PAIRED correctness=PASS cases=4 warmup_each=45 pairs_each=21 timing=DEVICE_EVENT_PRIMARY wall=DIAGNOSTIC
