Thu Oct  8 21:22:47 UTC 2026
REVISION=V067
DEVICE_MAPPING=physical3 via ASCEND_RT_VISIBLE_DEVICES=3, runner logical device=0
ASSIGNMENT=V067 exclusive route-local correctness/local candidate
CANDIDATE_SHA256=77629bd2ab28472f4f8215f2bea8ab5b6b07b41759ea989e7ea5fc3f2c2c427d
PARENT_SHA256=7c2569d9e3830c845f2b5dc4587a73a05a0bdf041168614cd55ad84204e063f9

--- npu-smi info ---
+------------------------------------------------------------------------------------------------+
| npu-smi 25.0.rc1.1               Version: 25.0.rc1.1                                           |
+---------------------------+---------------+----------------------------------------------------+
| NPU   Name                | Health        | Power(W)    Temp(C)           Hugepages-Usage(page)|
| Chip                      | Bus-Id        | AICore(%)   Memory-Usage(MB)  HBM-Usage(MB)        |
+===========================+===============+====================================================+
| 0     910B3               | OK            | 118.4       36                0    / 0             |
| 0                         | 0000:C1:00.0  | 1           0    / 0          10497/ 65536         |
+===========================+===============+====================================================+
| 1     910B3               | OK            | 100.0       34                0    / 0             |
| 0                         | 0000:C2:00.0  | 1           0    / 0          18382/ 65536         |
+===========================+===============+====================================================+
| 2     910B3               | OK            | 96.0        34                0    / 0             |
| 0                         | 0000:81:00.0  | 0           0    / 0          6435 / 65536         |
+===========================+===============+====================================================+
| 3     910B3               | OK            | 91.0        32                0    / 0             |
| 0                         | 0000:82:00.0  | 0           0    / 0          3430 / 65536         |
+===========================+===============+====================================================+
| 4     910B3               | OK            | 201.4       62                0    / 0             |
| 0                         | 0000:01:00.0  | 65          0    / 0          59192/ 65536         |
+===========================+===============+====================================================+
| 5     910B3               | OK            | 174.6       55                0    / 0             |
| 0                         | 0000:02:00.0  | 46          0    / 0          60221/ 65536         |
+===========================+===============+====================================================+
| 6     910B3               | OK            | 171.9       52                0    / 0             |
| 0                         | 0000:41:00.0  | 44          0    / 0          60222/ 65536         |
+===========================+===============+====================================================+
| 7     910B3               | OK            | 158.8       43                0    / 0             |
| 0                         | 0000:42:00.0  | 27          0    / 0          28954/ 65536         |
+===========================+===============+====================================================+
+---------------------------+---------------+----------------------------------------------------+
| NPU     Chip              | Process id    | Process name             | Process memory(MB)      |
+===========================+===============+====================================================+
| 0       0                 | 4183472       | python                   | 1416                    |
| 0       0                 | 251901        | python                   | 5754                    |
+===========================+===============+====================================================+
| 1       0                 | 4066169       | python                   | 14952                   |
+===========================+===============+====================================================+
| 2       0                 | 2055832       | python                   | 3066                    |
+===========================+===============+====================================================+
| No running processes found in NPU 3                                                            |
+===========================+===============+====================================================+
| 4       0                 | 2999855       | VLLMEngineCor            | 55666                   |
+===========================+===============+====================================================+
| 5       0                 | 89602         | VLLMWorker_TP            | 56700                   |
+===========================+===============+====================================================+
| 6       0                 | 91228         | VLLMWorker_TP            | 56701                   |
+===========================+===============+====================================================+
| 7       0                 | 439848        | python3                  | 21260                   |
| 7       0                 | 2055831       | python                   | 4084                    |
+===========================+===============+====================================================+

--- V067 process check ---
1205579 lelinfe+ Ss   bash            /bin/bash -lc stamp=$(date -u +%Y%m%dT%H%M%SZ) out="本地实验/ROW-SCALE-HOIST-X/V067/correctness/device-snapshot-before-${stamp}.log" {   date -u   echo 'REVISION=V067'   echo 'DEVICE_MAPPING=physical3 via ASCEND_RT_VISIBLE_DEVICES=3, runner logical device=0'   echo 'ASSIGNMENT=V067 exclusive route-local correctness/local candidate'   echo 'CANDIDATE_SHA256=77629bd2ab28472f4f8215f2bea8ab5b6b07b41759ea989e7ea5fc3f2c2c427d'   echo 'PARENT_SHA256=7c2569d9e3830c845f2b5dc4587a73a05a0bdf041168614cd55ad84204e063f9'   echo   echo '--- npu-smi info ---'   npu-smi info   echo   echo '--- V067 process check ---'   ps -eo pid,user,stat,comm,args | rg 'v067_(correctness|local)_(parent|candidate)|V067' || true } > "$out" 2>&1 printf 'SNAPSHOT_PATH=%s\n' "$out" rg -n 'NPU   Name|^\| 3 |No running processes found in NPU 3|Process id|ASSIGNMENT|REVISION' "$out" || true
1206114 lelinfe+ S    rg              rg v067_(correctness|local)_(parent|candidate)|V067
