ROUTE=SYNC-BARRIER-ELISION-X
REVISION=V016
DIRECT_PARENT=R31B-V011
HOST=hwnput3
CANDIDATE_SOURCE_SHA256=77ebff3586ee28911f3b3932d228f2cdb01f2281427b92f30a5e4204c8d47981
PARENT_SOURCE_SHA256=a8c19a1972207acc67e3fb0cd393cc70b0a4b183d1eaf5610edf80c2879b15e3
BUILD_DIR=/tmp/sync-barrier-elision-v016.bfwgSB
COMPILE_START=2026-10-07T13:02:24Z
-- CMAKE_ASC_COMPILER: /usr/local/Ascend/ascend-toolkit/8.5.0.alpha002/compiler/ccec_compiler/bin/bisheng
CMake Warning at /usr/local/Ascend/ascend-toolkit/8.5.0.alpha002/aarch64-linux/tikcpp/ascendc_kernel_cmake/ASC_CMake/CMakeDetermineASCCompiler.cmake:57 (message):
  CMAKE_INSTALL_PREFIX is not set.  Set to default value
  /home/data4t2/lelinfeng/cann-route-w4-3-sync-barrier-elision/本地实验/SYNC-BARRIER-ELISION-X/V016/out.
Call Stack (most recent call first):
  CMakeLists.txt:8 (project)


-- CMAKE_BUILD_TYPE: Release
-- CMAKE_INSTALL_PREFIX: /home/data4t2/lelinfeng/cann-route-w4-3-sync-barrier-elision/本地实验/SYNC-BARRIER-ELISION-X/V016/out
-- ASCEND_CANN_PACKAGE_PATH: /usr/local/Ascend/ascend-toolkit/8.5.0.alpha002
-- CMAKE_ASC_LLD_LINKER: /usr/local/Ascend/ascend-toolkit/8.5.0.alpha002/tools/ccec_compiler/bin/ld.lld
-- Configuring done
-- Generating done
-- Build files have been written to: /tmp/sync-barrier-elision-v016.bfwgSB
CONFIGURE_RC=0
[ 50%] Building ASC object CMakeFiles/sync_barrier_elision_v016.dir/src/compile_adapter.asc.o
[100%] Linking ASC executable sync_barrier_elision_v016
[100%] Built target sync_barrier_elision_v016
COMPILE_RC=0
COMPILE_END=2026-10-07T13:02:39Z
