ROUTE=SYNC-BARRIER-ELISION-X
REVISION=V016
DIRECT_PARENT=R31B-V011
HOST=hwnput3
DEVICE=3
CANDIDATE_SOURCE_SHA256=77ebff3586ee28911f3b3932d228f2cdb01f2281427b92f30a5e4204c8d47981
PARENT_SOURCE_SHA256=a8c19a1972207acc67e3fb0cd393cc70b0a4b183d1eaf5610edf80c2879b15e3
COMPILE=PASS
CORRECTNESS_START=2026-10-07T13:03:19Z
+------------------------------------------------------------------------------------------------+
| npu-smi 25.0.rc1.1               Version: 25.0.rc1.1                                           |
+---------------------------+---------------+----------------------------------------------------+
| NPU   Name                | Health        | Power(W)    Temp(C)           Hugepages-Usage(page)|
| Chip                      | Bus-Id        | AICore(%)   Memory-Usage(MB)  HBM-Usage(MB)        |
+===========================+===============+====================================================+
| 0     910B3               | OK            | 143.4       37                0    / 0             |
| 0                         | 0000:C1:00.0  | 32          0    / 0          60222/ 65536         |
+===========================+===============+====================================================+
| 1     910B3               | OK            | 138.0       37                0    / 0             |
| 0                         | 0000:C2:00.0  | 31          0    / 0          60275/ 65536         |
+===========================+===============+====================================================+
| 2     910B3               | OK            | 134.7       40                0    / 0             |
| 0                         | 0000:81:00.0  | 32          0    / 0          60215/ 65536         |
+===========================+===============+====================================================+
| 3     910B3               | OK            | 143.4       38                0    / 0             |
| 0                         | 0000:82:00.0  | 30          0    / 0          60219/ 65536         |
+===========================+===============+====================================================+
| 4     910B3               | OK            | 90.7        36                0    / 0             |
| 0                         | 0000:01:00.0  | 0           0    / 0          59192/ 65536         |
+===========================+===============+====================================================+
| 5     910B3               | OK            | 174.8       51                0    / 0             |
| 0                         | 0000:02:00.0  | 44          0    / 0          60223/ 65536         |
+===========================+===============+====================================================+
| 6     910B3               | OK            | 171.1       49                0    / 0             |
| 0                         | 0000:41:00.0  | 44          0    / 0          60222/ 65536         |
+===========================+===============+====================================================+
| 7     910B3               | OK            | 171.4       40                0    / 0             |
| 0                         | 0000:42:00.0  | 16          0    / 0          24790/ 65536         |
+===========================+===============+====================================================+
+---------------------------+---------------+----------------------------------------------------+
| NPU     Chip              | Process id    | Process name             | Process memory(MB)      |
+===========================+===============+====================================================+
| 0       0                 | 89395         | VLLMWorker_TP            | 56702                   |
+===========================+===============+====================================================+
| 1       0                 | 91055         | VLLMWorker_TP            | 56702                   |
+===========================+===============+====================================================+
| 2       0                 | 92813         | VLLMWorker_TP            | 56703                   |
+===========================+===============+====================================================+
| 3       0                 | 94498         | VLLMWorker_TP            | 56703                   |
+===========================+===============+====================================================+
| 4       0                 | 2999855       | VLLMEngineCor            | 55666                   |
+===========================+===============+====================================================+
| 5       0                 | 89602         | VLLMWorker_TP            | 56700                   |
+===========================+===============+====================================================+
| 6       0                 | 91228         | VLLMWorker_TP            | 56701                   |
+===========================+===============+====================================================+
| 7       0                 | 439848        | python3                  | 21260                   |
+===========================+===============+====================================================+
[ 50%] Building ASC object CMakeFiles/sync_barrier_elision_correctness.dir/support/correctness_runner.asc.o
[100%] Linking ASC executable sync_barrier_elision_correctness
[100%] Built target sync_barrier_elision_correctness
CORRECTNESS_RUNNER_BUILD_RC=0
CORRECTNESS device=3 dtype=fp16 rows=8 width=128 parent_candidate_bit_mismatch=0 result=PASS
CORRECTNESS device=3 dtype=fp16 rows=8 width=256 parent_candidate_bit_mismatch=0 result=PASS
CORRECTNESS device=3 dtype=fp16 rows=8 width=1024 parent_candidate_bit_mismatch=0 result=PASS
CORRECTNESS device=3 dtype=fp16 rows=8 width=2048 parent_candidate_bit_mismatch=0 result=PASS
CORRECTNESS device=3 dtype=fp16 rows=8 width=4096 parent_candidate_bit_mismatch=0 result=PASS
CORRECTNESS_SUMMARY result=PASS cases=5
CORRECTNESS_RUN_RC=0
+------------------------------------------------------------------------------------------------+
| npu-smi 25.0.rc1.1               Version: 25.0.rc1.1                                           |
+---------------------------+---------------+----------------------------------------------------+
| NPU   Name                | Health        | Power(W)    Temp(C)           Hugepages-Usage(page)|
| Chip                      | Bus-Id        | AICore(%)   Memory-Usage(MB)  HBM-Usage(MB)        |
+===========================+===============+====================================================+
| 0     910B3               | OK            | 132.7       36                0    / 0             |
| 0                         | 0000:C1:00.0  | 25          0    / 0          60223/ 65536         |
+===========================+===============+====================================================+
| 1     910B3               | OK            | 135.3       37                0    / 0             |
| 0                         | 0000:C2:00.0  | 32          0    / 0          60275/ 65536         |
+===========================+===============+====================================================+
| 2     910B3               | OK            | 131.8       39                0    / 0             |
| 0                         | 0000:81:00.0  | 30          0    / 0          60215/ 65536         |
+===========================+===============+====================================================+
| 3     910B3               | OK            | 139.6       38                0    / 0             |
| 0                         | 0000:82:00.0  | 33          0    / 0          60222/ 65536         |
+===========================+===============+====================================================+
| 4     910B3               | OK            | 91.0        36                0    / 0             |
| 0                         | 0000:01:00.0  | 0           0    / 0          59192/ 65536         |
+===========================+===============+====================================================+
| 5     910B3               | OK            | 164.8       51                0    / 0             |
| 0                         | 0000:02:00.0  | 43          0    / 0          60223/ 65536         |
+===========================+===============+====================================================+
| 6     910B3               | OK            | 172.0       49                0    / 0             |
| 0                         | 0000:41:00.0  | 43          0    / 0          60221/ 65536         |
+===========================+===============+====================================================+
| 7     910B3               | OK            | 119.9       40                0    / 0             |
| 0                         | 0000:42:00.0  | 0           0    / 0          24790/ 65536         |
+===========================+===============+====================================================+
+---------------------------+---------------+----------------------------------------------------+
| NPU     Chip              | Process id    | Process name             | Process memory(MB)      |
+===========================+===============+====================================================+
| 0       0                 | 89395         | VLLMWorker_TP            | 56702                   |
+===========================+===============+====================================================+
| 1       0                 | 91055         | VLLMWorker_TP            | 56702                   |
+===========================+===============+====================================================+
| 2       0                 | 92813         | VLLMWorker_TP            | 56703                   |
+===========================+===============+====================================================+
| 3       0                 | 94498         | VLLMWorker_TP            | 56703                   |
+===========================+===============+====================================================+
| 4       0                 | 2999855       | VLLMEngineCor            | 55666                   |
+===========================+===============+====================================================+
| 5       0                 | 89602         | VLLMWorker_TP            | 56700                   |
+===========================+===============+====================================================+
| 6       0                 | 91228         | VLLMWorker_TP            | 56701                   |
+===========================+===============+====================================================+
| 7       0                 | 439848        | python3                  | 21260                   |
+===========================+===============+====================================================+
 13:03:51 up 242 days, 39 min, 34 users,  load average: 58.19, 55.58, 53.56
CORRECTNESS_END=2026-10-07T13:03:51Z
RESULT_RC=0
