[  2%] Creating directories for 'v034_exact_kernel_precompile'
[  4%] No download step for 'v034_exact_kernel_precompile'
[  6%] No update step for 'v034_exact_kernel_precompile'
[  8%] No patch step for 'v034_exact_kernel_precompile'
[ 11%] Performing configure step for 'v034_exact_kernel_precompile'
-- The C compiler identification is GNU 11.4.0
-- The CXX compiler identification is GNU 11.4.0
-- Detecting C compiler ABI info
-- Detecting C compiler ABI info - done
-- Check for working C compiler: /usr/bin/cc - skipped
-- Detecting C compile features
-- Detecting C compile features - done
-- Detecting CXX compiler ABI info
-- Detecting CXX compiler ABI info - done
-- Check for working CXX compiler: /usr/bin/c++ - skipped
-- Detecting CXX compile features
-- Detecting CXX compile features - done
-- Configuring done
-- Generating done
CMake Warning:
  Manually-specified variables were not used by the project:

    DYNAMIC_MODE
    INCLUDE_DIR


-- Build files have been written to: /home/data4t2/lelinfeng/cann-staging-liveness-x/本地实验/STAGING-LIVENESS-X/V034/support/runner/build/cann-template-hoststub-v034-20261007T175532Z/v034_exact_kernel_precompile-prefix/src/v034_exact_kernel_precompile-build
[ 13%] Performing build step for 'v034_exact_kernel_precompile'
[100%] Building CXX object CMakeFiles/precompile_obj.dir/home/data4t2/lelinfeng/cann-staging-liveness-x/本地实验/STAGING-LIVENESS-X/V034/support/runner/exact_source_kernel.cpp.o
In file included from /home/data4t2/lelinfeng/cann-staging-liveness-x/本地实验/STAGING-LIVENESS-X/V034/support/runner/exact_source_kernel.cpp:8:
In file included from /home/data4t2/lelinfeng/cann-staging-liveness-x/本地实验/STAGING-LIVENESS-X/V034/src/submission.asc:3:
In file included from /usr/local/Ascend/ascend-toolkit/8.5.0.alpha002/tools/tikcpp/tikcfw/kernel_operator.h:18:
In file included from /usr/local/Ascend/ascend-toolkit/8.5.0.alpha002/tools/tikcpp/tikcfw/impl/kernel_tpipe_impl.h:22:
In file included from /usr/local/Ascend/ascend-toolkit/8.5.0.alpha002/tools/tikcpp/tikcfw/interface/kernel_tpipe.h:17:
In file included from /usr/local/Ascend/ascend-toolkit/8.5.0.alpha002/tools/tikcpp/tikcfw/impl/kernel_tpipe_base.h:17:
In file included from /usr/local/Ascend/ascend-toolkit/8.5.0.alpha002/tools/tikcpp/tikcfw/impl/kernel_tensor_impl.h:17:
In file included from /usr/local/Ascend/ascend-toolkit/8.5.0.alpha002/tools/tikcpp/tikcfw/interface/kernel_tensor.h:18:
In file included from /usr/local/Ascend/ascend-toolkit/8.5.0.alpha002/tools/tikcpp/tikcfw/impl/kernel_utils.h:17:
In file included from /usr/local/Ascend/ascend-toolkit/8.5.0.alpha002/tools/tikcpp/tikcfw/impl/utils/kernel_utils_macros.h:33:
/usr/local/Ascend/ascend-toolkit/8.5.0.alpha002/tools/tikcpp/tikcfw/impl/kernel_log.h:23:10: fatal error: 'stub_def.h' file not found
#include "stub_def.h"
         ^~~~~~~~~~~~
1 error generated.
gmake[6]: *** [CMakeFiles/precompile_obj.dir/build.make:76: CMakeFiles/precompile_obj.dir/home/data4t2/lelinfeng/cann-staging-liveness-x/本地实验/STAGING-LIVENESS-X/V034/support/runner/exact_source_kernel.cpp.o] Error 1
gmake[5]: *** [CMakeFiles/Makefile2:85: CMakeFiles/precompile_obj.dir/all] Error 2
gmake[4]: *** [Makefile:91: all] Error 2
gmake[3]: *** [CMakeFiles/v034_exact_kernel_precompile.dir/build.make:86: v034_exact_kernel_precompile-prefix/src/v034_exact_kernel_precompile-stamp/v034_exact_kernel_precompile-build] Error 2
gmake[2]: *** [CMakeFiles/Makefile2:126: CMakeFiles/v034_exact_kernel_precompile.dir/all] Error 2
gmake[1]: *** [CMakeFiles/Makefile2:344: CMakeFiles/route_runner.dir/rule] Error 2
gmake: *** [Makefile:286: route_runner] Error 2
BUILD_LINK_RC=2
