LOCAL_RUN=3
LOCAL_START_UTC=2026-10-08T19:24:12Z
DEVICE=3
SHAPE=128x256
DTYPE=bf16
METHOD=device-event; warmup=60; interleaved_parent_candidate_pairs=31
PARENT=exact_R31B_V011
LOCAL_SAMPLE case=bf16-128x256 pair=01 order=P,C parent_device_us=31.7400 candidate_device_us=19.0400 parent_gelem_s=1.032388 candidate_gelem_s=1.721008 parent_wall_us=108.7010 candidate_wall_us=82.3000 paired_delta_us=-12.7000
LOCAL_SAMPLE case=bf16-128x256 pair=02 order=C,P parent_device_us=16.4600 candidate_device_us=21.7200 parent_gelem_s=1.990766 candidate_gelem_s=1.508656 parent_wall_us=63.0400 candidate_wall_us=72.9110 paired_delta_us=5.2600
LOCAL_SAMPLE case=bf16-128x256 pair=03 order=P,C parent_device_us=23.8200 candidate_device_us=9.8800 parent_gelem_s=1.375651 candidate_gelem_s=3.316599 parent_wall_us=73.5110 candidate_wall_us=55.7110 paired_delta_us=-13.9400
LOCAL_SAMPLE case=bf16-128x256 pair=04 order=C,P parent_device_us=21.6000 candidate_device_us=20.7400 parent_gelem_s=1.517037 candidate_gelem_s=1.579942 parent_wall_us=61.2700 candidate_wall_us=64.2610 paired_delta_us=-0.8600
LOCAL_SAMPLE case=bf16-128x256 pair=05 order=P,C parent_device_us=14.5200 candidate_device_us=19.3800 parent_gelem_s=2.256749 candidate_gelem_s=1.690815 parent_wall_us=61.6410 candidate_wall_us=61.4310 paired_delta_us=4.8600
LOCAL_SAMPLE case=bf16-128x256 pair=06 order=C,P parent_device_us=17.4200 candidate_device_us=18.4200 parent_gelem_s=1.881056 candidate_gelem_s=1.778936 parent_wall_us=62.8910 candidate_wall_us=61.1800 paired_delta_us=1.0000
LOCAL_SAMPLE case=bf16-128x256 pair=07 order=P,C parent_device_us=28.7400 candidate_device_us=9.2200 parent_gelem_s=1.140153 candidate_gelem_s=3.554013 parent_wall_us=83.1910 candidate_wall_us=63.8110 paired_delta_us=-19.5200
LOCAL_SAMPLE case=bf16-128x256 pair=08 order=C,P parent_device_us=17.1000 candidate_device_us=9.1200 parent_gelem_s=1.916257 candidate_gelem_s=3.592983 parent_wall_us=69.4610 candidate_wall_us=61.6700 paired_delta_us=-7.9800
LOCAL_SAMPLE case=bf16-128x256 pair=09 order=P,C parent_device_us=8.4600 candidate_device_us=9.0800 parent_gelem_s=3.873286 candidate_gelem_s=3.608810 parent_wall_us=63.2610 candidate_wall_us=64.1310 paired_delta_us=0.6200
LOCAL_SAMPLE case=bf16-128x256 pair=10 order=C,P parent_device_us=16.5000 candidate_device_us=26.2000 parent_gelem_s=1.985939 candidate_gelem_s=1.250687 parent_wall_us=63.3010 candidate_wall_us=69.9800 paired_delta_us=9.7000
LOCAL_SAMPLE case=bf16-128x256 pair=11 order=P,C parent_device_us=14.5200 candidate_device_us=8.5200 parent_gelem_s=2.256749 candidate_gelem_s=3.846010 parent_wall_us=64.1510 candidate_wall_us=65.6500 paired_delta_us=-6.0000
LOCAL_SAMPLE case=bf16-128x256 pair=12 order=C,P parent_device_us=8.5400 candidate_device_us=16.9800 parent_gelem_s=3.837002 candidate_gelem_s=1.929800 parent_wall_us=62.2910 candidate_wall_us=62.2800 paired_delta_us=8.4400
LOCAL_SAMPLE case=bf16-128x256 pair=13 order=P,C parent_device_us=51.9200 candidate_device_us=21.7400 parent_gelem_s=0.631125 candidate_gelem_s=1.507268 parent_wall_us=124.0110 candidate_wall_us=68.3310 paired_delta_us=-30.1800
LOCAL_SAMPLE case=bf16-128x256 pair=14 order=C,P parent_device_us=8.5000 candidate_device_us=8.2200 parent_gelem_s=3.855059 candidate_gelem_s=3.986375 parent_wall_us=63.6600 candidate_wall_us=67.5910 paired_delta_us=-0.2800
LOCAL_SAMPLE case=bf16-128x256 pair=15 order=P,C parent_device_us=20.2800 candidate_device_us=8.5400 parent_gelem_s=1.615779 candidate_gelem_s=3.837002 parent_wall_us=61.6800 candidate_wall_us=67.5510 paired_delta_us=-11.7400
LOCAL_SAMPLE case=bf16-128x256 pair=16 order=C,P parent_device_us=20.4200 candidate_device_us=16.8400 parent_gelem_s=1.604701 candidate_gelem_s=1.945843 parent_wall_us=69.8810 candidate_wall_us=61.9810 paired_delta_us=-3.5800
LOCAL_SAMPLE case=bf16-128x256 pair=17 order=P,C parent_device_us=7.9400 candidate_device_us=8.4800 parent_gelem_s=4.126952 candidate_gelem_s=3.864151 parent_wall_us=54.5500 candidate_wall_us=62.8910 paired_delta_us=0.5400
LOCAL_SAMPLE case=bf16-128x256 pair=18 order=C,P parent_device_us=17.0200 candidate_device_us=8.0200 parent_gelem_s=1.925264 candidate_gelem_s=4.085786 parent_wall_us=61.5900 candidate_wall_us=64.7310 paired_delta_us=-9.0000
LOCAL_SAMPLE case=bf16-128x256 pair=19 order=P,C parent_device_us=18.3800 candidate_device_us=15.7200 parent_gelem_s=1.782807 candidate_gelem_s=2.084478 parent_wall_us=61.2910 candidate_wall_us=60.9410 paired_delta_us=-2.6600
LOCAL_SAMPLE case=bf16-128x256 pair=20 order=C,P parent_device_us=8.6400 candidate_device_us=15.6200 parent_gelem_s=3.792593 candidate_gelem_s=2.097823 parent_wall_us=63.8100 candidate_wall_us=64.3510 paired_delta_us=6.9800
LOCAL_SAMPLE case=bf16-128x256 pair=21 order=P,C parent_device_us=17.7200 candidate_device_us=16.2000 parent_gelem_s=1.849210 candidate_gelem_s=2.022716 parent_wall_us=61.3810 candidate_wall_us=74.6410 paired_delta_us=-1.5200
LOCAL_SAMPLE case=bf16-128x256 pair=22 order=C,P parent_device_us=22.9400 candidate_device_us=8.8600 parent_gelem_s=1.428422 candidate_gelem_s=3.698420 parent_wall_us=71.2000 candidate_wall_us=63.8300 paired_delta_us=-14.0800
LOCAL_SAMPLE case=bf16-128x256 pair=23 order=P,C parent_device_us=19.9600 candidate_device_us=8.3600 parent_gelem_s=1.641683 candidate_gelem_s=3.919617 parent_wall_us=61.7510 candidate_wall_us=60.9710 paired_delta_us=-11.6000
LOCAL_SAMPLE case=bf16-128x256 pair=24 order=C,P parent_device_us=46.1600 candidate_device_us=7.6000 parent_gelem_s=0.709879 candidate_gelem_s=4.311579 parent_wall_us=96.4910 candidate_wall_us=62.2700 paired_delta_us=-38.5600
LOCAL_SAMPLE case=bf16-128x256 pair=25 order=P,C parent_device_us=20.7600 candidate_device_us=9.2800 parent_gelem_s=1.578420 candidate_gelem_s=3.531035 parent_wall_us=65.6310 candidate_wall_us=61.4410 paired_delta_us=-11.4800
LOCAL_SAMPLE case=bf16-128x256 pair=26 order=C,P parent_device_us=9.1800 candidate_device_us=16.2000 parent_gelem_s=3.569499 candidate_gelem_s=2.022716 parent_wall_us=63.0500 candidate_wall_us=62.0010 paired_delta_us=7.0200
LOCAL_SAMPLE case=bf16-128x256 pair=27 order=P,C parent_device_us=13.4000 candidate_device_us=8.3600 parent_gelem_s=2.445373 candidate_gelem_s=3.919617 parent_wall_us=61.3010 candidate_wall_us=61.5010 paired_delta_us=-5.0400
LOCAL_SAMPLE case=bf16-128x256 pair=28 order=C,P parent_device_us=8.4000 candidate_device_us=7.6600 parent_gelem_s=3.900953 candidate_gelem_s=4.277807 parent_wall_us=65.9310 candidate_wall_us=63.3100 paired_delta_us=-0.7400
LOCAL_SAMPLE case=bf16-128x256 pair=29 order=P,C parent_device_us=9.2000 candidate_device_us=14.4200 parent_gelem_s=3.561739 candidate_gelem_s=2.272399 parent_wall_us=64.5110 candidate_wall_us=59.4600 paired_delta_us=5.2200
LOCAL_SAMPLE case=bf16-128x256 pair=30 order=C,P parent_device_us=8.2800 candidate_device_us=14.4400 parent_gelem_s=3.957488 candidate_gelem_s=2.269252 parent_wall_us=60.8710 candidate_wall_us=60.4000 paired_delta_us=6.1600
LOCAL_SAMPLE case=bf16-128x256 pair=31 order=P,C parent_device_us=15.0000 candidate_device_us=15.6600 parent_gelem_s=2.184533 candidate_gelem_s=2.092465 parent_wall_us=61.2700 candidate_wall_us=60.9100 paired_delta_us=0.6600
LOCAL_STATS case=bf16-128x256 metric=device_us binary=PARENT_R31B_V011 n=31 median=17.0200 mean=18.1781 stdev=10.3332 cv=0.56844 min=7.9400 max=51.9200 mad=4.5800 p10=8.4600 p90=28.7400
LOCAL_STATS case=bf16-128x256 metric=device_us binary=CANDIDATE_V076 n=31 median=14.4200 mean=13.5006 stdev=5.3418 cv=0.39567 min=7.6000 max=26.2000 mad=5.3000 p10=8.2200 p90=20.7400
LOCAL_STATS case=bf16-128x256 metric=wall_us binary=PARENT_R31B_V011 n=31 median=63.2610 mean=68.7281 stdev=14.9536 cv=0.21758 min=54.5500 max=124.0110 mad=1.9600 p10=61.2700 p90=83.1910
LOCAL_STATS case=bf16-128x256 metric=wall_us binary=CANDIDATE_V076 n=31 median=62.8910 mean=64.3361 stdev=5.1200 cv=0.07958 min=55.7110 max=82.3000 mad=1.7110 p10=60.9100 p90=69.9800
LOCAL_STATS case=bf16-128x256 metric=gelem_s binary=PARENT_R31B_V011 n=31 median=1.9253 mean=2.2976 stdev=1.0786 cv=0.46944 min=0.6311 max=4.1270 mad=0.4968 p10=1.1402 p90=3.8733
LOCAL_STATS case=bf16-128x256 metric=gelem_s binary=CANDIDATE_V076 n=31 median=2.2724 mean=2.8105 stdev=1.0364 cv=0.36875 min=1.2507 max=4.3116 mad=1.0217 p10=1.5799 p90=3.9864
LOCAL_STATS case=bf16-128x256 metric=paired_delta_us binary=CANDIDATE_MINUS_PARENT n=31 median=-1.5200 mean=-4.6774 stdev=11.0606 cv=-2.36468 min=-38.5600 max=9.7000 mad=6.7800 p10=-14.0800 p90=6.9800
LOCAL_RESULT route=SYNC-BARRIER-ELISION-X revision=V076 device=3 shape=128x256 dtype=bf16 samples=31 parent_median_us=17.0200 candidate_median_us=14.4200 parent_median_gelem_s=1.925264 candidate_median_gelem_s=2.272399 local_delta_us=-1.5200 local_score_percent=8.930672 candidate_minus_parent_percent=-8.930672
LOCAL_END_UTC=2026-10-08T19:24:17Z
