LOCAL_RUN=2
LOCAL_START_UTC=2026-10-08T19:23:47Z
DEVICE=3
SHAPE=128x256
DTYPE=bf16
METHOD=device-event; warmup=60; interleaved_parent_candidate_pairs=31
PARENT=exact_R31B_V011
LOCAL_SAMPLE case=bf16-128x256 pair=01 order=P,C parent_device_us=8.0800 candidate_device_us=18.3000 parent_gelem_s=4.055446 candidate_gelem_s=1.790601 parent_wall_us=104.0610 candidate_wall_us=87.1410 paired_delta_us=10.2200
LOCAL_SAMPLE case=bf16-128x256 pair=02 order=C,P parent_device_us=21.5600 candidate_device_us=21.5400 parent_gelem_s=1.519852 candidate_gelem_s=1.521263 parent_wall_us=75.4010 candidate_wall_us=86.0700 paired_delta_us=-0.0200
LOCAL_SAMPLE case=bf16-128x256 pair=03 order=P,C parent_device_us=20.2800 candidate_device_us=19.1000 parent_gelem_s=1.615779 candidate_gelem_s=1.715602 parent_wall_us=75.3910 candidate_wall_us=71.9910 paired_delta_us=-1.1800
LOCAL_SAMPLE case=bf16-128x256 pair=04 order=C,P parent_device_us=7.2400 candidate_device_us=22.7400 parent_gelem_s=4.525967 candidate_gelem_s=1.440985 parent_wall_us=72.8710 candidate_wall_us=73.2810 paired_delta_us=15.5000
LOCAL_SAMPLE case=bf16-128x256 pair=05 order=P,C parent_device_us=7.0200 candidate_device_us=6.9400 parent_gelem_s=4.667806 candidate_gelem_s=4.721614 parent_wall_us=76.6000 candidate_wall_us=77.3010 paired_delta_us=-0.0800
LOCAL_SAMPLE case=bf16-128x256 pair=06 order=C,P parent_device_us=30.3800 candidate_device_us=24.3600 parent_gelem_s=1.078604 candidate_gelem_s=1.345156 parent_wall_us=83.3210 candidate_wall_us=72.1610 paired_delta_us=-6.0200
LOCAL_SAMPLE case=bf16-128x256 pair=07 order=P,C parent_device_us=12.2600 candidate_device_us=17.1400 parent_gelem_s=2.672757 candidate_gelem_s=1.911785 parent_wall_us=72.8610 candidate_wall_us=74.8110 paired_delta_us=4.8800
LOCAL_SAMPLE case=bf16-128x256 pair=08 order=C,P parent_device_us=19.2400 candidate_device_us=9.1600 parent_gelem_s=1.703119 candidate_gelem_s=3.577293 parent_wall_us=72.3800 candidate_wall_us=73.3300 paired_delta_us=-10.0800
LOCAL_SAMPLE case=bf16-128x256 pair=09 order=P,C parent_device_us=19.1400 candidate_device_us=17.5800 parent_gelem_s=1.712017 candidate_gelem_s=1.863936 parent_wall_us=74.1310 candidate_wall_us=100.9810 paired_delta_us=-1.5600
LOCAL_SAMPLE case=bf16-128x256 pair=10 order=C,P parent_device_us=19.5600 candidate_device_us=6.8200 parent_gelem_s=1.675256 candidate_gelem_s=4.804692 parent_wall_us=71.3810 candidate_wall_us=77.2010 paired_delta_us=-12.7400
LOCAL_SAMPLE case=bf16-128x256 pair=11 order=P,C parent_device_us=18.9400 candidate_device_us=8.7800 parent_gelem_s=1.730095 candidate_gelem_s=3.732119 parent_wall_us=72.5810 candidate_wall_us=74.1310 paired_delta_us=-10.1600
LOCAL_SAMPLE case=bf16-128x256 pair=12 order=C,P parent_device_us=7.9000 candidate_device_us=8.6000 parent_gelem_s=4.147848 candidate_gelem_s=3.810232 parent_wall_us=63.4310 candidate_wall_us=73.1200 paired_delta_us=0.7000
LOCAL_SAMPLE case=bf16-128x256 pair=13 order=P,C parent_device_us=18.2800 candidate_device_us=8.6800 parent_gelem_s=1.792560 candidate_gelem_s=3.775115 parent_wall_us=71.1110 candidate_wall_us=74.3110 paired_delta_us=-9.6000
LOCAL_SAMPLE case=bf16-128x256 pair=14 order=C,P parent_device_us=21.9600 candidate_device_us=7.3400 parent_gelem_s=1.492168 candidate_gelem_s=4.464305 parent_wall_us=72.2600 candidate_wall_us=72.0000 paired_delta_us=-14.6200
LOCAL_SAMPLE case=bf16-128x256 pair=15 order=P,C parent_device_us=7.7400 candidate_device_us=23.5000 parent_gelem_s=4.233592 candidate_gelem_s=1.394383 parent_wall_us=72.0710 candidate_wall_us=70.9610 paired_delta_us=15.7600
LOCAL_SAMPLE case=bf16-128x256 pair=16 order=C,P parent_device_us=8.7400 candidate_device_us=8.8800 parent_gelem_s=3.749199 candidate_gelem_s=3.690090 parent_wall_us=71.6800 candidate_wall_us=71.8610 paired_delta_us=0.1400
LOCAL_SAMPLE case=bf16-128x256 pair=17 order=P,C parent_device_us=17.0000 candidate_device_us=7.9400 parent_gelem_s=1.927529 candidate_gelem_s=4.126952 parent_wall_us=71.2000 candidate_wall_us=71.8510 paired_delta_us=-9.0600
LOCAL_SAMPLE case=bf16-128x256 pair=18 order=C,P parent_device_us=26.2000 candidate_device_us=6.9600 parent_gelem_s=1.250687 candidate_gelem_s=4.708046 parent_wall_us=82.7610 candidate_wall_us=72.6510 paired_delta_us=-19.2400
LOCAL_SAMPLE case=bf16-128x256 pair=19 order=P,C parent_device_us=21.3400 candidate_device_us=17.8200 parent_gelem_s=1.535520 candidate_gelem_s=1.838833 parent_wall_us=73.3910 candidate_wall_us=71.3200 paired_delta_us=-3.5200
LOCAL_SAMPLE case=bf16-128x256 pair=20 order=C,P parent_device_us=18.4200 candidate_device_us=17.3400 parent_gelem_s=1.778936 candidate_gelem_s=1.889735 parent_wall_us=74.0910 candidate_wall_us=72.1700 paired_delta_us=-1.0800
LOCAL_SAMPLE case=bf16-128x256 pair=21 order=P,C parent_device_us=8.6400 candidate_device_us=8.3800 parent_gelem_s=3.792593 candidate_gelem_s=3.910263 parent_wall_us=74.7210 candidate_wall_us=63.6610 paired_delta_us=-0.2600
LOCAL_SAMPLE case=bf16-128x256 pair=22 order=C,P parent_device_us=15.5000 candidate_device_us=17.1000 parent_gelem_s=2.114065 candidate_gelem_s=1.916257 parent_wall_us=72.8100 candidate_wall_us=72.9810 paired_delta_us=1.6000
LOCAL_SAMPLE case=bf16-128x256 pair=23 order=P,C parent_device_us=24.0800 candidate_device_us=22.1800 parent_gelem_s=1.360797 candidate_gelem_s=1.477367 parent_wall_us=70.9610 candidate_wall_us=70.7710 paired_delta_us=-1.9000
LOCAL_SAMPLE case=bf16-128x256 pair=24 order=C,P parent_device_us=19.3000 candidate_device_us=20.0800 parent_gelem_s=1.697824 candidate_gelem_s=1.631872 parent_wall_us=71.6210 candidate_wall_us=71.5410 paired_delta_us=0.7800
LOCAL_SAMPLE case=bf16-128x256 pair=25 order=P,C parent_device_us=7.6800 candidate_device_us=17.7200 parent_gelem_s=4.266667 candidate_gelem_s=1.849210 parent_wall_us=74.4300 candidate_wall_us=71.1310 paired_delta_us=10.0400
LOCAL_SAMPLE case=bf16-128x256 pair=26 order=C,P parent_device_us=7.8200 candidate_device_us=19.1000 parent_gelem_s=4.190281 candidate_gelem_s=1.715602 parent_wall_us=70.4910 candidate_wall_us=70.6710 paired_delta_us=11.2800
LOCAL_SAMPLE case=bf16-128x256 pair=27 order=P,C parent_device_us=16.7400 candidate_device_us=18.1200 parent_gelem_s=1.957467 candidate_gelem_s=1.808389 parent_wall_us=70.3010 candidate_wall_us=68.3000 paired_delta_us=1.3800
LOCAL_SAMPLE case=bf16-128x256 pair=28 order=C,P parent_device_us=8.8400 candidate_device_us=17.2600 parent_gelem_s=3.706787 candidate_gelem_s=1.898494 parent_wall_us=73.8110 candidate_wall_us=72.1910 paired_delta_us=8.4200
LOCAL_SAMPLE case=bf16-128x256 pair=29 order=P,C parent_device_us=19.3400 candidate_device_us=26.4000 parent_gelem_s=1.694312 candidate_gelem_s=1.241212 parent_wall_us=71.8010 candidate_wall_us=82.7110 paired_delta_us=7.0600
LOCAL_SAMPLE case=bf16-128x256 pair=30 order=C,P parent_device_us=12.2600 candidate_device_us=15.6200 parent_gelem_s=2.672757 candidate_gelem_s=2.097823 parent_wall_us=80.8510 candidate_wall_us=64.6800 paired_delta_us=3.3600
LOCAL_SAMPLE case=bf16-128x256 pair=31 order=P,C parent_device_us=7.8400 candidate_device_us=9.6000 parent_gelem_s=4.179592 candidate_gelem_s=3.413333 parent_wall_us=76.5210 candidate_wall_us=70.1210 paired_delta_us=1.7600
LOCAL_STATS case=bf16-128x256 metric=device_us binary=PARENT_R31B_V011 n=31 median=17.0000 mean=15.4619 stdev=6.5822 cv=0.42570 min=7.0200 max=30.3800 mad=4.7400 p10=7.7400 p90=21.9600
LOCAL_STATS case=bf16-128x256 metric=device_us binary=CANDIDATE_V076 n=31 median=17.2600 mean=15.1961 stdev=6.1483 cv=0.40460 min=6.8200 max=26.4000 mad=5.4800 p10=7.3400 p90=22.7400
LOCAL_STATS case=bf16-128x256 metric=wall_us binary=PARENT_R31B_V011 n=31 median=72.8610 mean=74.5579 stdev=6.6432 cv=0.08910 min=63.4310 max=104.0610 mad=1.5690 p10=70.9610 p90=80.8510
LOCAL_STATS case=bf16-128x256 metric=wall_us binary=CANDIDATE_V076 n=31 median=72.1700 mean=74.1098 stdev=6.9979 cv=0.09443 min=63.6610 max=100.9810 mad=1.2090 p10=70.1210 p90=82.7110
LOCAL_STATS case=bf16-128x256 metric=gelem_s binary=PARENT_R31B_V011 n=31 median=1.9275 mean=2.5967 stdev=1.2163 cv=0.46840 min=1.0786 max=4.6678 mad=0.5667 p10=1.4922 p90=4.2336
LOCAL_STATS case=bf16-128x256 metric=gelem_s binary=CANDIDATE_V076 n=31 median=1.8985 mean=2.6156 stdev=1.2187 cv=0.46593 min=1.2412 max=4.8047 mad=0.4575 p10=1.4410 p90=4.4643
LOCAL_STATS case=bf16-128x256 metric=paired_delta_us binary=CANDIDATE_MINUS_PARENT n=31 median=-0.0200 mean=-0.2658 stdev=8.4972 cv=-31.96756 min=-19.2400 max=15.7600 mad=4.9000 p10=-10.1600 p90=10.2200
LOCAL_RESULT route=SYNC-BARRIER-ELISION-X revision=V076 device=3 shape=128x256 dtype=bf16 samples=31 parent_median_us=17.0000 candidate_median_us=17.2600 parent_median_gelem_s=1.927529 candidate_median_gelem_s=1.898494 local_delta_us=-0.0200 local_score_percent=0.117653 candidate_minus_parent_percent=-0.117653
LOCAL_END_UTC=2026-10-08T19:23:51Z
