REVISION=V077
STAGE=COMPILE
COMPILE_START_UTC=2026-10-08T19:30:19Z
BUILD_DIR=/tmp/sync-v077-build.39804
-- CMAKE_ASC_COMPILER: /usr/local/Ascend/ascend-toolkit/8.5.0.alpha002/compiler/ccec_compiler/bin/bisheng
CMake Warning at /usr/local/Ascend/ascend-toolkit/8.5.0.alpha002/aarch64-linux/tikcpp/ascendc_kernel_cmake/ASC_CMake/CMakeDetermineASCCompiler.cmake:57 (message):
  CMAKE_INSTALL_PREFIX is not set.  Set to default value
  /home/data4t2/lelinfeng/cann-route-w4-3-sync-barrier-elision/本地实验/SYNC-BARRIER-ELISION-X/V077/out.
Call Stack (most recent call first):
  CMakeLists.txt:8 (project)


-- CMAKE_BUILD_TYPE: Release
-- CMAKE_INSTALL_PREFIX: /home/data4t2/lelinfeng/cann-route-w4-3-sync-barrier-elision/本地实验/SYNC-BARRIER-ELISION-X/V077/out
-- ASCEND_CANN_PACKAGE_PATH: /usr/local/Ascend/ascend-toolkit/8.5.0.alpha002
-- CMAKE_ASC_LLD_LINKER: /usr/local/Ascend/ascend-toolkit/8.5.0.alpha002/tools/ccec_compiler/bin/ld.lld
-- Configuring done
-- Generating done
-- Build files have been written to: /tmp/sync-v077-build.39804
[ 50%] Building ASC object CMakeFiles/sync_barrier_elision_v077.dir/src/compile_adapter.asc.o
[100%] Linking ASC executable sync_barrier_elision_v077
[100%] Built target sync_barrier_elision_v077
[ 50%] Building ASC object CMakeFiles/sync_barrier_elision_correctness.dir/support/correctness_runner.asc.o
[100%] Linking ASC executable sync_barrier_elision_correctness
[100%] Built target sync_barrier_elision_correctness
COMPILE_END_UTC=2026-10-08T19:30:59Z
