REVISION=V109
DEVICE=3
PARENT=exact R31B-V011
PARENT_SHA256=a8c19a1972207acc67e3fb0cd393cc70b0a4b183d1eaf5610edf80c2879b15e3
CANDIDATE_CUTOFF=928
DTYPE=FP32
SHAPES=128x924,128x928,128x932
C15=EXCLUDED_KNOWN_PARENT_FAILURE
CORRECTNESS_START_UTC=2026-10-08T23:41:13.536279336Z
RUN_BEGIN_UTC=2026-10-08T23:41:13.538559027Z
RUN role=parent shape=128x924 device=3 dtype=FP32 prefix=本地实验/R-W4-4/V109/partial-ranking/correctness/device3/parent-128x924
RUN_RESULT role=parent shape=128x924 rc=0
RUN_BEGIN_UTC=2026-10-08T23:41:20.274098673Z
RUN role=candidate shape=128x924 device=3 dtype=FP32 prefix=本地实验/R-W4-4/V109/partial-ranking/correctness/device3/candidate-128x924
RUN_RESULT role=candidate shape=128x924 rc=0
RUN_BEGIN_UTC=2026-10-08T23:41:27.609658935Z
RUN role=parent shape=128x928 device=3 dtype=FP32 prefix=本地实验/R-W4-4/V109/partial-ranking/correctness/device3/parent-128x928
RUN_RESULT role=parent shape=128x928 rc=0
RUN_BEGIN_UTC=2026-10-08T23:41:34.167869271Z
RUN role=candidate shape=128x928 device=3 dtype=FP32 prefix=本地实验/R-W4-4/V109/partial-ranking/correctness/device3/candidate-128x928
RUN_RESULT role=candidate shape=128x928 rc=0
RUN_BEGIN_UTC=2026-10-08T23:41:42.099583189Z
RUN role=parent shape=128x932 device=3 dtype=FP32 prefix=本地实验/R-W4-4/V109/partial-ranking/correctness/device3/parent-128x932
RUN_RESULT role=parent shape=128x932 rc=0
RUN_BEGIN_UTC=2026-10-08T23:41:49.799445002Z
RUN role=candidate shape=128x932 device=3 dtype=FP32 prefix=本地实验/R-W4-4/V109/partial-ranking/correctness/device3/candidate-128x932
RUN_RESULT role=candidate shape=128x932 rc=0
CORRECTNESS_END_UTC=2026-10-08T23:41:58.685950218Z
